Java HotSpot(TM) 64-Bit Server VM (25.144-b01) for bsd-amd64 JRE (1.8.0_144-b01), built on Jul 21 2017 22:07:42 by "java_re" with gcc 4.2.1 (Based on Apple Inc. build 5658) (LLVM build 2336.11.00)
Memory: 4k page, physical 8388608k(495728k free)

/proc/meminfo:

CommandLine flags: -XX:+ExplicitGCInvokesConcurrent -XX:GCLogFileSize=104857600 -XX:InitialHeapSize=268435456 -XX:InitiatingHeapOccupancyPercent=35 -XX:+ManagementServer -XX:MaxGCPauseMillis=20 -XX:MaxHeapSize=1073741824 -XX:NumberOfGCLogFiles=10 -XX:+PrintGC -XX:+PrintGCDateStamps -XX:+PrintGCDetails -XX:+PrintGCTimeStamps -XX:+UseCompressedClassPointers -XX:+UseCompressedOops -XX:+UseG1GC -XX:+UseGCLogFileRotation 
2020-04-13T15:43:37.525+0800: 0.495: [GC pause (G1 Evacuation Pause) (young), 0.0044568 secs]
   [Parallel Time: 3.5 ms, GC Workers: 4]
      [GC Worker Start (ms): Min: 494.6, Avg: 494.6, Max: 494.6, Diff: 0.0]
      [Ext Root Scanning (ms): Min: 0.2, Avg: 0.4, Max: 0.9, Diff: 0.7, Sum: 1.7]
      [Update RS (ms): Min: 0.0, Avg: 0.0, Max: 0.0, Diff: 0.0, Sum: 0.0]
         [Processed Buffers: Min: 0, Avg: 0.0, Max: 0, Diff: 0, Sum: 0]
      [Scan RS (ms): Min: 0.0, Avg: 0.0, Max: 0.0, Diff: 0.0, Sum: 0.0]
      [Code Root Scanning (ms): Min: 0.0, Avg: 0.1, Max: 0.3, Diff: 0.3, Sum: 0.4]
      [Object Copy (ms): Min: 1.9, Avg: 2.3, Max: 2.6, Diff: 0.8, Sum: 9.1]
      [Termination (ms): Min: 0.0, Avg: 0.5, Max: 0.8, Diff: 0.8, Sum: 2.0]
         [Termination Attempts: Min: 1, Avg: 1.2, Max: 2, Diff: 1, Sum: 5]
      [GC Worker Other (ms): Min: 0.0, Avg: 0.0, Max: 0.0, Diff: 0.0, Sum: 0.0]
      [GC Worker Total (ms): Min: 3.2, Avg: 3.3, Max: 3.4, Diff: 0.2, Sum: 13.3]
      [GC Worker End (ms): Min: 497.8, Avg: 497.9, Max: 498.0, Diff: 0.2]
   [Code Root Fixup: 0.1 ms]
   [Code Root Purge: 0.0 ms]
   [Clear CT: 0.0 ms]
   [Other: 0.8 ms]
      [Choose CSet: 0.0 ms]
      [Ref Proc: 0.7 ms]
      [Ref Enq: 0.0 ms]
      [Redirty Cards: 0.0 ms]
      [Humongous Register: 0.0 ms]
      [Humongous Reclaim: 0.0 ms]
      [Free CSet: 0.0 ms]
   [Eden: 12.0M(12.0M)->0.0B(10.0M) Survivors: 0.0B->2048.0K Heap: 12.0M(256.0M)->2811.5K(256.0M)]
 [Times: user=0.02 sys=0.00, real=0.01 secs] 
2020-04-13T15:43:37.725+0800: 0.694: [GC pause (G1 Evacuation Pause) (young), 0.0043275 secs]
   [Parallel Time: 3.2 ms, GC Workers: 4]
      [GC Worker Start (ms): Min: 694.4, Avg: 694.4, Max: 694.4, Diff: 0.1]
      [Ext Root Scanning (ms): Min: 0.2, Avg: 0.8, Max: 2.7, Diff: 2.5, Sum: 3.4]
      [Update RS (ms): Min: 0.0, Avg: 0.0, Max: 0.1, Diff: 0.1, Sum: 0.1]
         [Processed Buffers: Min: 0, Avg: 0.5, Max: 1, Diff: 1, Sum: 2]
      [Scan RS (ms): Min: 0.0, Avg: 0.0, Max: 0.0, Diff: 0.0, Sum: 0.0]
      [Code Root Scanning (ms): Min: 0.0, Avg: 0.1, Max: 0.4, Diff: 0.4, Sum: 0.5]
      [Object Copy (ms): Min: 0.5, Avg: 1.7, Max: 2.3, Diff: 1.8, Sum: 6.9]
      [Termination (ms): Min: 0.0, Avg: 0.4, Max: 0.5, Diff: 0.5, Sum: 1.6]
         [Termination Attempts: Min: 1, Avg: 4.2, Max: 7, Diff: 6, Sum: 17]
      [GC Worker Other (ms): Min: 0.0, Avg: 0.0, Max: 0.0, Diff: 0.0, Sum: 0.0]
      [GC Worker Total (ms): Min: 3.1, Avg: 3.1, Max: 3.2, Diff: 0.1, Sum: 12.6]
      [GC Worker End (ms): Min: 697.5, Avg: 697.5, Max: 697.5, Diff: 0.0]
   [Code Root Fixup: 0.1 ms]
   [Code Root Purge: 0.0 ms]
   [Clear CT: 0.0 ms]
   [Other: 1.0 ms]
      [Choose CSet: 0.0 ms]
      [Ref Proc: 0.8 ms]
      [Ref Enq: 0.0 ms]
      [Redirty Cards: 0.0 ms]
      [Humongous Register: 0.0 ms]
      [Humongous Reclaim: 0.0 ms]
      [Free CSet: 0.0 ms]
   [Eden: 10.0M(10.0M)->0.0B(10.0M) Survivors: 2048.0K->2048.0K Heap: 12.7M(256.0M)->6437.0K(256.0M)]
 [Times: user=0.01 sys=0.00, real=0.00 secs] 
2020-04-13T15:43:37.914+0800: 0.883: [GC pause (G1 Evacuation Pause) (young), 0.0032820 secs]
   [Parallel Time: 2.7 ms, GC Workers: 4]
      [GC Worker Start (ms): Min: 883.4, Avg: 883.4, Max: 883.4, Diff: 0.0]
      [Ext Root Scanning (ms): Min: 0.1, Avg: 0.8, Max: 2.7, Diff: 2.5, Sum: 3.3]
      [Update RS (ms): Min: 0.0, Avg: 0.3, Max: 0.5, Diff: 0.5, Sum: 1.2]
         [Processed Buffers: Min: 0, Avg: 2.2, Max: 5, Diff: 5, Sum: 9]
      [Scan RS (ms): Min: 0.0, Avg: 0.0, Max: 0.1, Diff: 0.1, Sum: 0.2]
      [Code Root Scanning (ms): Min: 0.0, Avg: 0.0, Max: 0.2, Diff: 0.2, Sum: 0.2]
      [Object Copy (ms): Min: 0.0, Avg: 0.3, Max: 0.4, Diff: 0.4, Sum: 1.0]
      [Termination (ms): Min: 0.0, Avg: 1.2, Max: 1.6, Diff: 1.6, Sum: 4.8]
         [Termination Attempts: Min: 1, Avg: 1.5, Max: 2, Diff: 1, Sum: 6]
      [GC Worker Other (ms): Min: 0.0, Avg: 0.0, Max: 0.0, Diff: 0.0, Sum: 0.0]
      [GC Worker Total (ms): Min: 2.7, Avg: 2.7, Max: 2.7, Diff: 0.0, Sum: 10.7]
      [GC Worker End (ms): Min: 886.1, Avg: 886.1, Max: 886.1, Diff: 0.0]
   [Code Root Fixup: 0.0 ms]
   [Code Root Purge: 0.0 ms]
   [Clear CT: 0.0 ms]
   [Other: 0.5 ms]
      [Choose CSet: 0.0 ms]
      [Ref Proc: 0.4 ms]
      [Ref Enq: 0.0 ms]
      [Redirty Cards: 0.0 ms]
      [Humongous Register: 0.0 ms]
      [Humongous Reclaim: 0.0 ms]
      [Free CSet: 0.0 ms]
   [Eden: 10.0M(10.0M)->0.0B(10.0M) Survivors: 2048.0K->2048.0K Heap: 16.3M(256.0M)->6379.3K(256.0M)]
 [Times: user=0.01 sys=0.00, real=0.00 secs] 
2020-04-13T15:43:38.099+0800: 1.068: [GC pause (G1 Evacuation Pause) (young), 0.0052018 secs]
   [Parallel Time: 4.2 ms, GC Workers: 4]
      [GC Worker Start (ms): Min: 1068.4, Avg: 1069.3, Max: 1071.9, Diff: 3.5]
      [Ext Root Scanning (ms): Min: 0.0, Avg: 1.6, Max: 3.4, Diff: 3.4, Sum: 6.2]
      [Update RS (ms): Min: 0.0, Avg: 0.1, Max: 0.4, Diff: 0.4, Sum: 0.4]
         [Processed Buffers: Min: 0, Avg: 1.8, Max: 7, Diff: 7, Sum: 7]
      [Scan RS (ms): Min: 0.0, Avg: 0.0, Max: 0.0, Diff: 0.0, Sum: 0.0]
      [Code Root Scanning (ms): Min: 0.0, Avg: 0.1, Max: 0.3, Diff: 0.3, Sum: 0.3]
      [Object Copy (ms): Min: 0.0, Avg: 0.6, Max: 1.3, Diff: 1.3, Sum: 2.5]
      [Termination (ms): Min: 0.0, Avg: 0.3, Max: 0.7, Diff: 0.7, Sum: 1.2]
         [Termination Attempts: Min: 1, Avg: 1.0, Max: 1, Diff: 0, Sum: 4]
      [GC Worker Other (ms): Min: 0.0, Avg: 0.0, Max: 0.0, Diff: 0.0, Sum: 0.0]
      [GC Worker Total (ms): Min: 0.0, Avg: 2.7, Max: 3.6, Diff: 3.6, Sum: 10.6]
      [GC Worker End (ms): Min: 1071.9, Avg: 1072.0, Max: 1072.1, Diff: 0.2]
   [Code Root Fixup: 0.0 ms]
   [Code Root Purge: 0.0 ms]
   [Clear CT: 0.0 ms]
   [Other: 0.9 ms]
      [Choose CSet: 0.0 ms]
      [Ref Proc: 0.6 ms]
      [Ref Enq: 0.0 ms]
      [Redirty Cards: 0.0 ms]
      [Humongous Register: 0.2 ms]
      [Humongous Reclaim: 0.0 ms]
      [Free CSet: 0.0 ms]
   [Eden: 10.0M(10.0M)->0.0B(10.0M) Survivors: 2048.0K->2048.0K Heap: 16.2M(256.0M)->6871.0K(256.0M)]
 [Times: user=0.01 sys=0.00, real=0.01 secs] 
2020-04-13T15:43:38.330+0800: 1.299: [GC pause (G1 Evacuation Pause) (young), 0.0048920 secs]
   [Parallel Time: 2.9 ms, GC Workers: 4]
      [GC Worker Start (ms): Min: 1299.1, Avg: 1299.8, Max: 1301.6, Diff: 2.5]
      [Ext Root Scanning (ms): Min: 0.0, Avg: 0.5, Max: 0.7, Diff: 0.7, Sum: 2.0]
      [Update RS (ms): Min: 0.0, Avg: 0.4, Max: 0.8, Diff: 0.8, Sum: 1.7]
         [Processed Buffers: Min: 0, Avg: 2.0, Max: 4, Diff: 4, Sum: 8]
      [Scan RS (ms): Min: 0.0, Avg: 0.0, Max: 0.0, Diff: 0.0, Sum: 0.0]
      [Code Root Scanning (ms): Min: 0.0, Avg: 0.0, Max: 0.1, Diff: 0.1, Sum: 0.1]
      [Object Copy (ms): Min: 0.3, Avg: 1.2, Max: 1.7, Diff: 1.4, Sum: 4.8]
      [Termination (ms): Min: 0.0, Avg: 0.0, Max: 0.0, Diff: 0.0, Sum: 0.0]
         [Termination Attempts: Min: 1, Avg: 1.0, Max: 1, Diff: 0, Sum: 4]
      [GC Worker Other (ms): Min: 0.0, Avg: 0.0, Max: 0.1, Diff: 0.0, Sum: 0.1]
      [GC Worker Total (ms): Min: 0.3, Avg: 2.2, Max: 2.8, Diff: 2.5, Sum: 8.6]
      [GC Worker End (ms): Min: 1301.9, Avg: 1301.9, Max: 1301.9, Diff: 0.0]
   [Code Root Fixup: 0.0 ms]
   [Code Root Purge: 0.0 ms]
   [Clear CT: 0.1 ms]
   [Other: 1.9 ms]
      [Choose CSet: 0.0 ms]
      [Ref Proc: 1.7 ms]
      [Ref Enq: 0.0 ms]
      [Redirty Cards: 0.1 ms]
      [Humongous Register: 0.0 ms]
      [Humongous Reclaim: 0.0 ms]
      [Free CSet: 0.0 ms]
   [Eden: 10.0M(10.0M)->0.0B(14.0M) Survivors: 2048.0K->2048.0K Heap: 16.7M(256.0M)->8113.0K(256.0M)]
 [Times: user=0.01 sys=0.01, real=0.00 secs] 
2020-04-13T15:43:38.597+0800: 1.566: [GC pause (G1 Evacuation Pause) (young), 0.0055541 secs]
   [Parallel Time: 3.4 ms, GC Workers: 4]
      [GC Worker Start (ms): Min: 1566.1, Avg: 1566.2, Max: 1566.3, Diff: 0.1]
      [Ext Root Scanning (ms): Min: 0.2, Avg: 0.7, Max: 1.8, Diff: 1.6, Sum: 2.9]
      [Update RS (ms): Min: 0.0, Avg: 0.1, Max: 0.3, Diff: 0.3, Sum: 0.4]
         [Processed Buffers: Min: 0, Avg: 1.8, Max: 3, Diff: 3, Sum: 7]
      [Scan RS (ms): Min: 0.0, Avg: 0.0, Max: 0.0, Diff: 0.0, Sum: 0.0]
      [Code Root Scanning (ms): Min: 0.0, Avg: 0.0, Max: 0.1, Diff: 0.1, Sum: 0.1]
      [Object Copy (ms): Min: 1.5, Avg: 2.4, Max: 2.7, Diff: 1.2, Sum: 9.5]
      [Termination (ms): Min: 0.0, Avg: 0.1, Max: 0.1, Diff: 0.1, Sum: 0.3]
         [Termination Attempts: Min: 1, Avg: 1.0, Max: 1, Diff: 0, Sum: 4]
      [GC Worker Other (ms): Min: 0.0, Avg: 0.0, Max: 0.0, Diff: 0.0, Sum: 0.1]
      [GC Worker Total (ms): Min: 3.3, Avg: 3.3, Max: 3.4, Diff: 0.1, Sum: 13.3]
      [GC Worker End (ms): Min: 1569.5, Avg: 1569.5, Max: 1569.5, Diff: 0.0]
   [Code Root Fixup: 0.1 ms]
   [Code Root Purge: 0.0 ms]
   [Clear CT: 0.1 ms]
   [Other: 2.0 ms]
      [Choose CSet: 0.0 ms]
      [Ref Proc: 1.9 ms]
      [Ref Enq: 0.0 ms]
      [Redirty Cards: 0.0 ms]
      [Humongous Register: 0.0 ms]
      [Humongous Reclaim: 0.0 ms]
      [Free CSet: 0.0 ms]
   [Eden: 14.0M(14.0M)->0.0B(45.0M) Survivors: 2048.0K->2048.0K Heap: 21.9M(256.0M)->10.4M(256.0M)]
 [Times: user=0.00 sys=0.01, real=0.01 secs] 
2020-04-13T15:43:38.826+0800: 1.795: [GC pause (G1 Humongous Allocation) (young) (initial-mark), 0.0040400 secs]
   [Parallel Time: 3.0 ms, GC Workers: 4]
      [GC Worker Start (ms): Min: 1795.2, Avg: 1795.2, Max: 1795.2, Diff: 0.0]
      [Ext Root Scanning (ms): Min: 0.6, Avg: 0.6, Max: 0.7, Diff: 0.1, Sum: 2.5]
      [Update RS (ms): Min: 0.1, Avg: 0.2, Max: 0.2, Diff: 0.1, Sum: 0.6]
         [Processed Buffers: Min: 1, Avg: 2.5, Max: 5, Diff: 4, Sum: 10]
      [Scan RS (ms): Min: 0.0, Avg: 0.0, Max: 0.0, Diff: 0.0, Sum: 0.0]
      [Code Root Scanning (ms): Min: 0.0, Avg: 0.1, Max: 0.1, Diff: 0.1, Sum: 0.2]
      [Object Copy (ms): Min: 1.3, Avg: 1.5, Max: 2.1, Diff: 0.8, Sum: 6.0]
      [Termination (ms): Min: 0.0, Avg: 0.6, Max: 0.8, Diff: 0.8, Sum: 2.4]
         [Termination Attempts: Min: 1, Avg: 1.0, Max: 1, Diff: 0, Sum: 4]
      [GC Worker Other (ms): Min: 0.0, Avg: 0.0, Max: 0.0, Diff: 0.0, Sum: 0.0]
      [GC Worker Total (ms): Min: 2.9, Avg: 3.0, Max: 3.0, Diff: 0.1, Sum: 11.8]
      [GC Worker End (ms): Min: 1798.1, Avg: 1798.1, Max: 1798.2, Diff: 0.1]
   [Code Root Fixup: 0.0 ms]
   [Code Root Purge: 0.0 ms]
   [Clear CT: 0.1 ms]
   [Other: 0.8 ms]
      [Choose CSet: 0.0 ms]
      [Ref Proc: 0.7 ms]
      [Ref Enq: 0.0 ms]
      [Redirty Cards: 0.0 ms]
      [Humongous Register: 0.0 ms]
      [Humongous Reclaim: 0.0 ms]
      [Free CSet: 0.0 ms]
   [Eden: 13.0M(45.0M)->0.0B(58.0M) Survivors: 2048.0K->4096.0K Heap: 23.4M(256.0M)->11.8M(256.0M)]
 [Times: user=0.01 sys=0.00, real=0.01 secs] 
2020-04-13T15:43:38.830+0800: 1.799: [GC concurrent-root-region-scan-start]
2020-04-13T15:43:38.834+0800: 1.804: [GC concurrent-root-region-scan-end, 0.0044542 secs]
2020-04-13T15:43:38.834+0800: 1.804: [GC concurrent-mark-start]
2020-04-13T15:43:38.842+0800: 1.811: [GC concurrent-mark-end, 0.0072813 secs]
2020-04-13T15:43:38.915+0800: 1.885: [GC remark 2020-04-13T15:43:38.915+0800: 1.885: [Finalize Marking, 0.0006903 secs] 2020-04-13T15:43:38.916+0800: 1.885: [GC ref-proc, 0.0001280 secs] 2020-04-13T15:43:38.916+0800: 1.885: [Unloading, 0.0022290 secs], 0.0032415 secs]
 [Times: user=0.01 sys=0.00, real=0.00 secs] 
2020-04-13T15:43:38.919+0800: 1.888: [GC cleanup 140M->134M(256M), 0.0002703 secs]
 [Times: user=0.00 sys=0.00, real=0.00 secs] 
2020-04-13T15:43:38.919+0800: 1.888: [GC concurrent-cleanup-start]
2020-04-13T15:43:38.919+0800: 1.888: [GC concurrent-cleanup-end, 0.0000088 secs]
2020-04-13T15:43:44.778+0800: 7.747: [GC pause (G1 Evacuation Pause) (young), 0.0147621 secs]
   [Parallel Time: 11.2 ms, GC Workers: 4]
      [GC Worker Start (ms): Min: 7747.2, Avg: 7747.2, Max: 7747.3, Diff: 0.1]
      [Ext Root Scanning (ms): Min: 1.0, Avg: 1.4, Max: 2.7, Diff: 1.7, Sum: 5.8]
      [Update RS (ms): Min: 0.0, Avg: 0.5, Max: 1.5, Diff: 1.5, Sum: 1.9]
         [Processed Buffers: Min: 0, Avg: 3.2, Max: 9, Diff: 9, Sum: 13]
      [Scan RS (ms): Min: 0.0, Avg: 0.0, Max: 0.0, Diff: 0.0, Sum: 0.0]
      [Code Root Scanning (ms): Min: 0.0, Avg: 0.6, Max: 1.6, Diff: 1.6, Sum: 2.5]
      [Object Copy (ms): Min: 7.7, Avg: 8.0, Max: 8.3, Diff: 0.6, Sum: 32.0]
      [Termination (ms): Min: 0.0, Avg: 0.5, Max: 0.6, Diff: 0.6, Sum: 1.8]
         [Termination Attempts: Min: 1, Avg: 1.0, Max: 1, Diff: 0, Sum: 4]
      [GC Worker Other (ms): Min: 0.0, Avg: 0.0, Max: 0.0, Diff: 0.0, Sum: 0.0]
      [GC Worker Total (ms): Min: 10.9, Avg: 11.0, Max: 11.1, Diff: 0.1, Sum: 44.1]
      [GC Worker End (ms): Min: 7758.2, Avg: 7758.3, Max: 7758.3, Diff: 0.1]
   [Code Root Fixup: 0.2 ms]
   [Code Root Purge: 0.1 ms]
   [Clear CT: 0.1 ms]
   [Other: 3.2 ms]
      [Choose CSet: 0.0 ms]
      [Ref Proc: 3.0 ms]
      [Ref Enq: 0.0 ms]
      [Redirty Cards: 0.0 ms]
      [Humongous Register: 0.0 ms]
      [Humongous Reclaim: 0.0 ms]
      [Free CSet: 0.1 ms]
   [Eden: 58.0M(58.0M)->0.0B(44.0M) Survivors: 4096.0K->8192.0K Heap: 192.4M(256.0M)->141.2M(256.0M)]
 [Times: user=0.03 sys=0.00, real=0.02 secs] 
2020-04-13T15:52:07.945+0800: 510.908: [GC pause (G1 Evacuation Pause) (young), 0.0294300 secs]
   [Parallel Time: 27.0 ms, GC Workers: 4]
      [GC Worker Start (ms): Min: 510908.5, Avg: 510908.8, Max: 510909.2, Diff: 0.7]
      [Ext Root Scanning (ms): Min: 1.5, Avg: 4.8, Max: 14.0, Diff: 12.5, Sum: 19.1]
      [Update RS (ms): Min: 0.0, Avg: 6.4, Max: 10.4, Diff: 10.4, Sum: 25.8]
         [Processed Buffers: Min: 0, Avg: 3.5, Max: 10, Diff: 10, Sum: 14]
      [Scan RS (ms): Min: 0.0, Avg: 0.0, Max: 0.0, Diff: 0.0, Sum: 0.1]
      [Code Root Scanning (ms): Min: 0.0, Avg: 1.7, Max: 3.8, Diff: 3.8, Sum: 6.7]
      [Object Copy (ms): Min: 12.5, Avg: 13.5, Max: 14.4, Diff: 1.8, Sum: 54.0]
      [Termination (ms): Min: 0.0, Avg: 0.3, Max: 0.4, Diff: 0.4, Sum: 1.0]
         [Termination Attempts: Min: 1, Avg: 1.0, Max: 1, Diff: 0, Sum: 4]
      [GC Worker Other (ms): Min: 0.0, Avg: 0.0, Max: 0.1, Diff: 0.0, Sum: 0.1]
      [GC Worker Total (ms): Min: 26.3, Avg: 26.7, Max: 27.0, Diff: 0.7, Sum: 106.8]
      [GC Worker End (ms): Min: 510935.4, Avg: 510935.5, Max: 510935.5, Diff: 0.1]
   [Code Root Fixup: 0.3 ms]
   [Code Root Purge: 0.0 ms]
   [Clear CT: 0.1 ms]
   [Other: 2.0 ms]
      [Choose CSet: 0.0 ms]
      [Ref Proc: 1.2 ms]
      [Ref Enq: 0.0 ms]
      [Redirty Cards: 0.0 ms]
      [Humongous Register: 0.3 ms]
      [Humongous Reclaim: 0.0 ms]
      [Free CSet: 0.2 ms]
   [Eden: 44.0M(44.0M)->0.0B(6144.0K) Survivors: 8192.0K->7168.0K Heap: 185.2M(256.0M)->141.2M(256.0M)]
 [Times: user=0.04 sys=0.03, real=0.04 secs] 
2020-04-13T15:52:08.309+0800: 511.272: [GC pause (G1 Evacuation Pause) (young) (initial-mark), 0.0122553 secs]
   [Parallel Time: 11.3 ms, GC Workers: 4]
      [GC Worker Start (ms): Min: 511271.8, Avg: 511271.8, Max: 511271.8, Diff: 0.0]
      [Ext Root Scanning (ms): Min: 1.6, Avg: 1.8, Max: 2.0, Diff: 0.4, Sum: 7.3]
      [Update RS (ms): Min: 0.6, Avg: 1.3, Max: 3.0, Diff: 2.4, Sum: 5.0]
         [Processed Buffers: Min: 1, Avg: 2.2, Max: 3, Diff: 2, Sum: 9]
      [Scan RS (ms): Min: 0.0, Avg: 0.0, Max: 0.0, Diff: 0.0, Sum: 0.0]
      [Code Root Scanning (ms): Min: 0.0, Avg: 0.3, Max: 0.6, Diff: 0.6, Sum: 1.2]
      [Object Copy (ms): Min: 6.6, Avg: 7.8, Max: 8.4, Diff: 1.8, Sum: 31.3]
      [Termination (ms): Min: 0.0, Avg: 0.0, Max: 0.0, Diff: 0.0, Sum: 0.0]
         [Termination Attempts: Min: 1, Avg: 1.0, Max: 1, Diff: 0, Sum: 4]
      [GC Worker Other (ms): Min: 0.0, Avg: 0.0, Max: 0.0, Diff: 0.0, Sum: 0.0]
      [GC Worker Total (ms): Min: 11.2, Avg: 11.2, Max: 11.2, Diff: 0.0, Sum: 44.9]
      [GC Worker End (ms): Min: 511283.0, Avg: 511283.0, Max: 511283.0, Diff: 0.0]
   [Code Root Fixup: 0.3 ms]
   [Code Root Purge: 0.0 ms]
   [Clear CT: 0.2 ms]
   [Other: 0.4 ms]
      [Choose CSet: 0.0 ms]
      [Ref Proc: 0.1 ms]
      [Ref Enq: 0.0 ms]
      [Redirty Cards: 0.1 ms]
      [Humongous Register: 0.0 ms]
      [Humongous Reclaim: 0.0 ms]
      [Free CSet: 0.1 ms]
   [Eden: 6144.0K(6144.0K)->0.0B(45.0M) Survivors: 7168.0K->2048.0K Heap: 147.2M(256.0M)->141.5M(256.0M)]
 [Times: user=0.03 sys=0.01, real=0.02 secs] 
2020-04-13T15:52:08.322+0800: 511.284: [GC concurrent-root-region-scan-start]
2020-04-13T15:52:08.323+0800: 511.286: [GC concurrent-root-region-scan-end, 0.0017629 secs]
2020-04-13T15:52:08.323+0800: 511.286: [GC concurrent-mark-start]
2020-04-13T15:52:08.345+0800: 511.307: [GC concurrent-mark-end, 0.0213079 secs]
2020-04-13T15:52:08.345+0800: 511.308: [GC remark 2020-04-13T15:52:08.345+0800: 511.308: [Finalize Marking, 0.0073423 secs] 2020-04-13T15:52:08.353+0800: 511.315: [GC ref-proc, 0.0000707 secs] 2020-04-13T15:52:08.353+0800: 511.315: [Unloading, 0.0207031 secs], 0.0295107 secs]
 [Times: user=0.04 sys=0.04, real=0.03 secs] 
2020-04-13T15:52:08.375+0800: 511.338: [GC cleanup 142M->140M(256M), 0.0003257 secs]
 [Times: user=0.00 sys=0.00, real=0.00 secs] 
2020-04-13T15:52:08.375+0800: 511.338: [GC concurrent-cleanup-start]
2020-04-13T15:52:08.375+0800: 511.338: [GC concurrent-cleanup-end, 0.0000105 secs]
2020-04-13T15:52:08.849+0800: 511.812: [GC pause (G1 Evacuation Pause) (young), 0.0067689 secs]
   [Parallel Time: 5.4 ms, GC Workers: 4]
      [GC Worker Start (ms): Min: 511811.6, Avg: 511812.7, Max: 511814.6, Diff: 3.0]
      [Ext Root Scanning (ms): Min: 0.0, Avg: 0.3, Max: 0.6, Diff: 0.6, Sum: 1.1]
      [Update RS (ms): Min: 0.0, Avg: 1.3, Max: 2.1, Diff: 2.1, Sum: 5.1]
         [Processed Buffers: Min: 0, Avg: 8.2, Max: 20, Diff: 20, Sum: 33]
      [Scan RS (ms): Min: 1.1, Avg: 1.5, Max: 2.2, Diff: 1.0, Sum: 6.1]
      [Code Root Scanning (ms): Min: 0.0, Avg: 0.0, Max: 0.0, Diff: 0.0, Sum: 0.0]
      [Object Copy (ms): Min: 0.8, Avg: 1.2, Max: 1.4, Diff: 0.6, Sum: 4.6]
      [Termination (ms): Min: 0.0, Avg: 0.0, Max: 0.0, Diff: 0.0, Sum: 0.0]
         [Termination Attempts: Min: 1, Avg: 4.2, Max: 9, Diff: 8, Sum: 17]
      [GC Worker Other (ms): Min: 0.0, Avg: 0.0, Max: 0.0, Diff: 0.0, Sum: 0.1]
      [GC Worker Total (ms): Min: 2.4, Avg: 4.3, Max: 5.4, Diff: 3.0, Sum: 17.1]
      [GC Worker End (ms): Min: 511817.0, Avg: 511817.0, Max: 511817.0, Diff: 0.0]
   [Code Root Fixup: 0.0 ms]
   [Code Root Purge: 0.0 ms]
   [Clear CT: 0.0 ms]
   [Other: 1.3 ms]
      [Choose CSet: 0.0 ms]
      [Ref Proc: 1.1 ms]
      [Ref Enq: 0.0 ms]
      [Redirty Cards: 0.0 ms]
      [Humongous Register: 0.0 ms]
      [Humongous Reclaim: 0.0 ms]
      [Free CSet: 0.0 ms]
   [Eden: 10.0M(10.0M)->0.0B(10.0M) Survivors: 2048.0K->2048.0K Heap: 149.5M(256.0M)->139.1M(256.0M)]
 [Times: user=0.01 sys=0.00, real=0.01 secs] 
2020-04-13T15:52:09.305+0800: 512.267: [GC pause (G1 Evacuation Pause) (young), 0.0047702 secs]
   [Parallel Time: 3.9 ms, GC Workers: 4]
      [GC Worker Start (ms): Min: 512267.4, Avg: 512267.5, Max: 512267.5, Diff: 0.0]
      [Ext Root Scanning (ms): Min: 0.3, Avg: 0.3, Max: 0.5, Diff: 0.2, Sum: 1.4]
      [Update RS (ms): Min: 0.7, Avg: 0.9, Max: 1.3, Diff: 0.6, Sum: 3.6]
         [Processed Buffers: Min: 2, Avg: 6.8, Max: 21, Diff: 19, Sum: 27]
      [Scan RS (ms): Min: 0.0, Avg: 0.0, Max: 0.0, Diff: 0.0, Sum: 0.0]
      [Code Root Scanning (ms): Min: 0.0, Avg: 0.0, Max: 0.0, Diff: 0.0, Sum: 0.0]
      [Object Copy (ms): Min: 1.4, Avg: 1.9, Max: 2.4, Diff: 1.0, Sum: 7.6]
      [Termination (ms): Min: 0.0, Avg: 0.6, Max: 0.8, Diff: 0.8, Sum: 2.3]
         [Termination Attempts: Min: 1, Avg: 1.0, Max: 1, Diff: 0, Sum: 4]
      [GC Worker Other (ms): Min: 0.0, Avg: 0.0, Max: 0.0, Diff: 0.0, Sum: 0.0]
      [GC Worker Total (ms): Min: 3.6, Avg: 3.7, Max: 3.9, Diff: 0.3, Sum: 14.9]
      [GC Worker End (ms): Min: 512271.0, Avg: 512271.2, Max: 512271.3, Diff: 0.3]
   [Code Root Fixup: 0.0 ms]
   [Code Root Purge: 0.0 ms]
   [Clear CT: 0.0 ms]
   [Other: 0.7 ms]
      [Choose CSet: 0.0 ms]
      [Ref Proc: 0.6 ms]
      [Ref Enq: 0.0 ms]
      [Redirty Cards: 0.0 ms]
      [Humongous Register: 0.0 ms]
      [Humongous Reclaim: 0.0 ms]
      [Free CSet: 0.0 ms]
   [Eden: 10.0M(10.0M)->0.0B(43.0M) Survivors: 2048.0K->2048.0K Heap: 149.1M(256.0M)->139.0M(256.0M)]
 [Times: user=0.01 sys=0.00, real=0.01 secs] 
2020-04-13T15:52:10.890+0800: 513.853: [GC pause (G1 Evacuation Pause) (young) (initial-mark), 0.0044482 secs]
   [Parallel Time: 4.1 ms, GC Workers: 4]
      [GC Worker Start (ms): Min: 513852.6, Avg: 513852.6, Max: 513852.6, Diff: 0.0]
      [Ext Root Scanning (ms): Min: 0.5, Avg: 0.5, Max: 0.6, Diff: 0.1, Sum: 2.1]
      [Update RS (ms): Min: 0.8, Avg: 0.9, Max: 1.1, Diff: 0.2, Sum: 3.7]
         [Processed Buffers: Min: 2, Avg: 6.5, Max: 18, Diff: 16, Sum: 26]
      [Scan RS (ms): Min: 0.0, Avg: 0.0, Max: 0.0, Diff: 0.0, Sum: 0.0]
      [Code Root Scanning (ms): Min: 0.0, Avg: 0.0, Max: 0.0, Diff: 0.0, Sum: 0.0]
      [Object Copy (ms): Min: 2.4, Avg: 2.6, Max: 2.7, Diff: 0.2, Sum: 10.4]
      [Termination (ms): Min: 0.0, Avg: 0.0, Max: 0.0, Diff: 0.0, Sum: 0.0]
         [Termination Attempts: Min: 1, Avg: 1.0, Max: 1, Diff: 0, Sum: 4]
      [GC Worker Other (ms): Min: 0.0, Avg: 0.0, Max: 0.0, Diff: 0.0, Sum: 0.0]
      [GC Worker Total (ms): Min: 4.0, Avg: 4.1, Max: 4.1, Diff: 0.0, Sum: 16.2]
      [GC Worker End (ms): Min: 513856.7, Avg: 513856.7, Max: 513856.7, Diff: 0.0]
   [Code Root Fixup: 0.0 ms]
   [Code Root Purge: 0.0 ms]
   [Clear CT: 0.0 ms]
   [Other: 0.2 ms]
      [Choose CSet: 0.0 ms]
      [Ref Proc: 0.1 ms]
      [Ref Enq: 0.0 ms]
      [Redirty Cards: 0.0 ms]
      [Humongous Register: 0.0 ms]
      [Humongous Reclaim: 0.0 ms]
      [Free CSet: 0.0 ms]
   [Eden: 43.0M(43.0M)->0.0B(63.0M) Survivors: 2048.0K->4096.0K Heap: 182.0M(256.0M)->140.7M(256.0M)]
 [Times: user=0.02 sys=0.00, real=0.00 secs] 
2020-04-13T15:52:10.894+0800: 513.857: [GC concurrent-root-region-scan-start]
2020-04-13T15:52:10.899+0800: 513.862: [GC concurrent-root-region-scan-end, 0.0048643 secs]
2020-04-13T15:52:10.899+0800: 513.862: [GC concurrent-mark-start]
2020-04-13T15:52:10.919+0800: 513.882: [GC concurrent-mark-end, 0.0199748 secs]
2020-04-13T15:52:10.920+0800: 513.882: [GC remark 2020-04-13T15:52:10.920+0800: 513.882: [Finalize Marking, 0.0002528 secs] 2020-04-13T15:52:10.920+0800: 513.882: [GC ref-proc, 0.0000888 secs] 2020-04-13T15:52:10.920+0800: 513.883: [Unloading, 0.0038734 secs], 0.0058393 secs]
 [Times: user=0.02 sys=0.00, real=0.00 secs] 
2020-04-13T15:52:10.926+0800: 513.888: [GC cleanup 141M->141M(256M), 0.0002332 secs]
 [Times: user=0.00 sys=0.00, real=0.00 secs] 
2020-04-13T15:52:13.273+0800: 516.235: [GC pause (G1 Evacuation Pause) (young), 0.0076401 secs]
   [Parallel Time: 7.1 ms, GC Workers: 4]
      [GC Worker Start (ms): Min: 516235.3, Avg: 516235.3, Max: 516235.3, Diff: 0.0]
      [Ext Root Scanning (ms): Min: 0.3, Avg: 0.3, Max: 0.5, Diff: 0.2, Sum: 1.3]
      [Update RS (ms): Min: 0.8, Avg: 1.0, Max: 1.1, Diff: 0.3, Sum: 3.8]
         [Processed Buffers: Min: 2, Avg: 6.8, Max: 13, Diff: 11, Sum: 27]
      [Scan RS (ms): Min: 0.0, Avg: 0.0, Max: 0.0, Diff: 0.0, Sum: 0.0]
      [Code Root Scanning (ms): Min: 0.0, Avg: 0.0, Max: 0.0, Diff: 0.0, Sum: 0.0]
      [Object Copy (ms): Min: 5.7, Avg: 5.8, Max: 5.9, Diff: 0.2, Sum: 23.1]
      [Termination (ms): Min: 0.0, Avg: 0.0, Max: 0.0, Diff: 0.0, Sum: 0.0]
         [Termination Attempts: Min: 1, Avg: 1.0, Max: 1, Diff: 0, Sum: 4]
      [GC Worker Other (ms): Min: 0.0, Avg: 0.0, Max: 0.0, Diff: 0.0, Sum: 0.0]
      [GC Worker Total (ms): Min: 7.0, Avg: 7.1, Max: 7.1, Diff: 0.0, Sum: 28.3]
      [GC Worker End (ms): Min: 516242.4, Avg: 516242.4, Max: 516242.4, Diff: 0.0]
   [Code Root Fixup: 0.0 ms]
   [Code Root Purge: 0.0 ms]
   [Clear CT: 0.1 ms]
   [Other: 0.4 ms]
      [Choose CSet: 0.0 ms]
      [Ref Proc: 0.1 ms]
      [Ref Enq: 0.0 ms]
      [Redirty Cards: 0.1 ms]
      [Humongous Register: 0.0 ms]
      [Humongous Reclaim: 0.0 ms]
      [Free CSet: 0.1 ms]
   [Eden: 63.0M(63.0M)->0.0B(83.0M) Survivors: 4096.0K->4096.0K Heap: 203.7M(256.0M)->141.3M(256.0M)]
 [Times: user=0.02 sys=0.00, real=0.01 secs] 
2020-04-13T15:52:15.471+0800: 518.433: [GC pause (G1 Evacuation Pause) (young), 0.0074700 secs]
   [Parallel Time: 6.6 ms, GC Workers: 4]
      [GC Worker Start (ms): Min: 518433.2, Avg: 518433.2, Max: 518433.3, Diff: 0.2]
      [Ext Root Scanning (ms): Min: 0.2, Avg: 0.3, Max: 0.5, Diff: 0.3, Sum: 1.2]
      [Update RS (ms): Min: 0.8, Avg: 0.9, Max: 1.1, Diff: 0.2, Sum: 3.8]
         [Processed Buffers: Min: 3, Avg: 5.8, Max: 9, Diff: 6, Sum: 23]
      [Scan RS (ms): Min: 0.0, Avg: 0.0, Max: 0.0, Diff: 0.0, Sum: 0.1]
      [Code Root Scanning (ms): Min: 0.0, Avg: 0.0, Max: 0.0, Diff: 0.0, Sum: 0.0]
      [Object Copy (ms): Min: 5.2, Avg: 5.3, Max: 5.3, Diff: 0.1, Sum: 21.1]
      [Termination (ms): Min: 0.0, Avg: 0.0, Max: 0.0, Diff: 0.0, Sum: 0.0]
         [Termination Attempts: Min: 1, Avg: 1.0, Max: 1, Diff: 0, Sum: 4]
      [GC Worker Other (ms): Min: 0.0, Avg: 0.0, Max: 0.0, Diff: 0.0, Sum: 0.1]
      [GC Worker Total (ms): Min: 6.4, Avg: 6.6, Max: 6.6, Diff: 0.2, Sum: 26.2]
      [GC Worker End (ms): Min: 518439.8, Avg: 518439.8, Max: 518439.8, Diff: 0.0]
   [Code Root Fixup: 0.0 ms]
   [Code Root Purge: 0.0 ms]
   [Clear CT: 0.1 ms]
   [Other: 0.8 ms]
      [Choose CSet: 0.0 ms]
      [Ref Proc: 0.6 ms]
      [Ref Enq: 0.0 ms]
      [Redirty Cards: 0.0 ms]
      [Humongous Register: 0.0 ms]
      [Humongous Reclaim: 0.0 ms]
      [Free CSet: 0.1 ms]
   [Eden: 83.0M(83.0M)->0.0B(81.0M) Survivors: 4096.0K->5120.0K Heap: 224.3M(256.0M)->142.5M(256.0M)]
 [Times: user=0.03 sys=0.01, real=0.00 secs] 
2020-04-13T15:52:17.242+0800: 520.205: [GC pause (G1 Evacuation Pause) (young) (initial-mark), 0.0076573 secs]
   [Parallel Time: 6.9 ms, GC Workers: 4]
      [GC Worker Start (ms): Min: 520204.9, Avg: 520205.0, Max: 520205.0, Diff: 0.0]
      [Ext Root Scanning (ms): Min: 0.5, Avg: 0.5, Max: 0.6, Diff: 0.1, Sum: 2.1]
      [Update RS (ms): Min: 0.8, Avg: 0.9, Max: 1.1, Diff: 0.3, Sum: 3.6]
         [Processed Buffers: Min: 2, Avg: 5.5, Max: 15, Diff: 13, Sum: 22]
      [Scan RS (ms): Min: 0.0, Avg: 0.0, Max: 0.0, Diff: 0.0, Sum: 0.0]
      [Code Root Scanning (ms): Min: 0.0, Avg: 0.0, Max: 0.0, Diff: 0.0, Sum: 0.0]
      [Object Copy (ms): Min: 5.2, Avg: 5.3, Max: 5.5, Diff: 0.3, Sum: 21.4]
      [Termination (ms): Min: 0.0, Avg: 0.0, Max: 0.0, Diff: 0.0, Sum: 0.0]
         [Termination Attempts: Min: 1, Avg: 1.0, Max: 1, Diff: 0, Sum: 4]
      [GC Worker Other (ms): Min: 0.0, Avg: 0.0, Max: 0.0, Diff: 0.0, Sum: 0.0]
      [GC Worker Total (ms): Min: 6.8, Avg: 6.8, Max: 6.8, Diff: 0.0, Sum: 27.2]
      [GC Worker End (ms): Min: 520211.8, Avg: 520211.8, Max: 520211.8, Diff: 0.0]
   [Code Root Fixup: 0.0 ms]
   [Code Root Purge: 0.0 ms]
   [Clear CT: 0.2 ms]
   [Other: 0.5 ms]
      [Choose CSet: 0.0 ms]
      [Ref Proc: 0.3 ms]
      [Ref Enq: 0.0 ms]
      [Redirty Cards: 0.1 ms]
      [Humongous Register: 0.0 ms]
      [Humongous Reclaim: 0.0 ms]
      [Free CSet: 0.0 ms]
   [Eden: 81.0M(81.0M)->0.0B(79.0M) Survivors: 5120.0K->6144.0K Heap: 223.5M(256.0M)->143.0M(256.0M)]
 [Times: user=0.02 sys=0.00, real=0.01 secs] 
2020-04-13T15:52:17.250+0800: 520.213: [GC concurrent-root-region-scan-start]
2020-04-13T15:52:17.261+0800: 520.223: [GC concurrent-root-region-scan-end, 0.0105785 secs]
2020-04-13T15:52:17.261+0800: 520.223: [GC concurrent-mark-start]
2020-04-13T15:52:17.277+0800: 520.239: [GC concurrent-mark-end, 0.0160594 secs]
2020-04-13T15:52:17.277+0800: 520.240: [GC remark 2020-04-13T15:52:17.277+0800: 520.240: [Finalize Marking, 0.0001089 secs] 2020-04-13T15:52:17.277+0800: 520.240: [GC ref-proc, 0.0000519 secs] 2020-04-13T15:52:17.277+0800: 520.240: [Unloading, 0.0039028 secs], 0.0051855 secs]
 [Times: user=0.02 sys=0.00, real=0.01 secs] 
2020-04-13T15:52:17.282+0800: 520.245: [GC cleanup 144M->144M(256M), 0.0003093 secs]
 [Times: user=0.00 sys=0.00, real=0.00 secs] 
2020-04-13T15:52:19.137+0800: 522.099: [GC pause (G1 Evacuation Pause) (young), 0.0088047 secs]
   [Parallel Time: 8.1 ms, GC Workers: 4]
      [GC Worker Start (ms): Min: 522099.2, Avg: 522099.2, Max: 522099.2, Diff: 0.0]
      [Ext Root Scanning (ms): Min: 0.3, Avg: 0.3, Max: 0.5, Diff: 0.2, Sum: 1.4]
      [Update RS (ms): Min: 1.1, Avg: 1.7, Max: 3.5, Diff: 2.4, Sum: 7.0]
         [Processed Buffers: Min: 1, Avg: 5.0, Max: 13, Diff: 12, Sum: 20]
      [Scan RS (ms): Min: 0.0, Avg: 0.0, Max: 0.0, Diff: 0.0, Sum: 0.0]
      [Code Root Scanning (ms): Min: 0.0, Avg: 0.0, Max: 0.0, Diff: 0.0, Sum: 0.0]
      [Object Copy (ms): Min: 3.4, Avg: 5.3, Max: 6.3, Diff: 3.0, Sum: 21.4]
      [Termination (ms): Min: 0.0, Avg: 0.4, Max: 0.5, Diff: 0.5, Sum: 1.6]
         [Termination Attempts: Min: 1, Avg: 1.0, Max: 1, Diff: 0, Sum: 4]
      [GC Worker Other (ms): Min: 0.0, Avg: 0.0, Max: 0.0, Diff: 0.0, Sum: 0.0]
      [GC Worker Total (ms): Min: 7.8, Avg: 7.9, Max: 7.9, Diff: 0.1, Sum: 31.4]
      [GC Worker End (ms): Min: 522107.0, Avg: 522107.1, Max: 522107.1, Diff: 0.1]
   [Code Root Fixup: 0.0 ms]
   [Code Root Purge: 0.0 ms]
   [Clear CT: 0.0 ms]
   [Other: 0.6 ms]
      [Choose CSet: 0.0 ms]
      [Ref Proc: 0.5 ms]
      [Ref Enq: 0.0 ms]
      [Redirty Cards: 0.0 ms]
      [Humongous Register: 0.0 ms]
      [Humongous Reclaim: 0.0 ms]
      [Free CSet: 0.0 ms]
   [Eden: 79.0M(79.0M)->0.0B(79.0M) Survivors: 6144.0K->6144.0K Heap: 222.0M(256.0M)->143.0M(256.0M)]
 [Times: user=0.03 sys=0.00, real=0.02 secs] 
2020-04-13T15:52:20.982+0800: 523.944: [GC pause (G1 Evacuation Pause) (young), 0.0111539 secs]
   [Parallel Time: 10.2 ms, GC Workers: 4]
      [GC Worker Start (ms): Min: 523944.4, Avg: 523946.3, Max: 523951.2, Diff: 6.8]
      [Ext Root Scanning (ms): Min: 0.0, Avg: 0.4, Max: 0.7, Diff: 0.7, Sum: 1.5]
      [Update RS (ms): Min: 0.0, Avg: 2.0, Max: 3.2, Diff: 3.2, Sum: 8.2]
         [Processed Buffers: Min: 0, Avg: 6.2, Max: 19, Diff: 19, Sum: 25]
      [Scan RS (ms): Min: 0.0, Avg: 0.0, Max: 0.0, Diff: 0.0, Sum: 0.0]
      [Code Root Scanning (ms): Min: 0.0, Avg: 0.0, Max: 0.0, Diff: 0.0, Sum: 0.1]
      [Object Copy (ms): Min: 3.3, Avg: 5.8, Max: 6.9, Diff: 3.6, Sum: 23.2]
      [Termination (ms): Min: 0.0, Avg: 0.0, Max: 0.0, Diff: 0.0, Sum: 0.0]
         [Termination Attempts: Min: 1, Avg: 1.0, Max: 1, Diff: 0, Sum: 4]
      [GC Worker Other (ms): Min: 0.0, Avg: 0.0, Max: 0.0, Diff: 0.0, Sum: 0.0]
      [GC Worker Total (ms): Min: 3.3, Avg: 8.3, Max: 10.1, Diff: 6.8, Sum: 33.0]
      [GC Worker End (ms): Min: 523954.5, Avg: 523954.5, Max: 523954.5, Diff: 0.0]
   [Code Root Fixup: 0.0 ms]
   [Code Root Purge: 0.0 ms]
   [Clear CT: 0.1 ms]
   [Other: 0.9 ms]
      [Choose CSet: 0.0 ms]
      [Ref Proc: 0.6 ms]
      [Ref Enq: 0.0 ms]
      [Redirty Cards: 0.0 ms]
      [Humongous Register: 0.0 ms]
      [Humongous Reclaim: 0.0 ms]
      [Free CSet: 0.0 ms]
   [Eden: 79.0M(79.0M)->0.0B(77.0M) Survivors: 6144.0K->7168.0K Heap: 222.0M(256.0M)->144.0M(256.0M)]
 [Times: user=0.03 sys=0.00, real=0.01 secs] 
2020-04-13T15:52:22.883+0800: 525.846: [GC pause (G1 Evacuation Pause) (young) (initial-mark), 0.0090874 secs]
   [Parallel Time: 8.1 ms, GC Workers: 4]
      [GC Worker Start (ms): Min: 525845.7, Avg: 525845.9, Max: 525846.4, Diff: 0.7]
      [Ext Root Scanning (ms): Min: 0.0, Avg: 0.5, Max: 0.7, Diff: 0.7, Sum: 2.1]
      [Update RS (ms): Min: 0.8, Avg: 0.9, Max: 1.1, Diff: 0.2, Sum: 3.8]
         [Processed Buffers: Min: 2, Avg: 4.5, Max: 12, Diff: 10, Sum: 18]
      [Scan RS (ms): Min: 0.0, Avg: 0.0, Max: 0.0, Diff: 0.0, Sum: 0.0]
      [Code Root Scanning (ms): Min: 0.0, Avg: 0.0, Max: 0.1, Diff: 0.1, Sum: 0.1]
      [Object Copy (ms): Min: 6.2, Avg: 6.3, Max: 6.4, Diff: 0.2, Sum: 25.3]
      [Termination (ms): Min: 0.0, Avg: 0.0, Max: 0.0, Diff: 0.0, Sum: 0.0]
         [Termination Attempts: Min: 1, Avg: 1.0, Max: 1, Diff: 0, Sum: 4]
      [GC Worker Other (ms): Min: 0.0, Avg: 0.0, Max: 0.0, Diff: 0.0, Sum: 0.1]
      [GC Worker Total (ms): Min: 7.3, Avg: 7.8, Max: 8.0, Diff: 0.7, Sum: 31.3]
      [GC Worker End (ms): Min: 525853.7, Avg: 525853.7, Max: 525853.7, Diff: 0.0]
   [Code Root Fixup: 0.1 ms]
   [Code Root Purge: 0.0 ms]
   [Clear CT: 0.1 ms]
   [Other: 0.9 ms]
      [Choose CSet: 0.0 ms]
      [Ref Proc: 0.7 ms]
      [Ref Enq: 0.0 ms]
      [Redirty Cards: 0.1 ms]
      [Humongous Register: 0.0 ms]
      [Humongous Reclaim: 0.0 ms]
      [Free CSet: 0.0 ms]
   [Eden: 77.0M(77.0M)->0.0B(79.0M) Survivors: 7168.0K->6144.0K Heap: 221.0M(256.0M)->143.5M(256.0M)]
 [Times: user=0.03 sys=0.00, real=0.01 secs] 
2020-04-13T15:52:22.892+0800: 525.855: [GC concurrent-root-region-scan-start]
2020-04-13T15:52:22.900+0800: 525.863: [GC concurrent-root-region-scan-end, 0.0079033 secs]
2020-04-13T15:52:22.900+0800: 525.863: [GC concurrent-mark-start]
2020-04-13T15:52:22.916+0800: 525.878: [GC concurrent-mark-end, 0.0156108 secs]
2020-04-13T15:52:22.916+0800: 525.879: [GC remark 2020-04-13T15:52:22.916+0800: 525.879: [Finalize Marking, 0.0000970 secs] 2020-04-13T15:52:22.916+0800: 525.879: [GC ref-proc, 0.0000499 secs] 2020-04-13T15:52:22.916+0800: 525.879: [Unloading, 0.0038667 secs], 0.0050941 secs]
 [Times: user=0.02 sys=0.00, real=0.01 secs] 
2020-04-13T15:52:22.921+0800: 525.884: [GC cleanup 144M->144M(256M), 0.0004084 secs]
 [Times: user=0.00 sys=0.00, real=0.00 secs] 
2020-04-13T15:52:24.799+0800: 527.761: [GC pause (G1 Evacuation Pause) (young), 0.0098242 secs]
   [Parallel Time: 8.8 ms, GC Workers: 4]
      [GC Worker Start (ms): Min: 527761.3, Avg: 527761.3, Max: 527761.3, Diff: 0.0]
      [Ext Root Scanning (ms): Min: 0.3, Avg: 0.3, Max: 0.5, Diff: 0.2, Sum: 1.3]
      [Update RS (ms): Min: 0.8, Avg: 0.9, Max: 1.1, Diff: 0.3, Sum: 3.5]
         [Processed Buffers: Min: 2, Avg: 5.0, Max: 8, Diff: 6, Sum: 20]
      [Scan RS (ms): Min: 0.0, Avg: 0.0, Max: 0.0, Diff: 0.0, Sum: 0.0]
      [Code Root Scanning (ms): Min: 0.0, Avg: 0.0, Max: 0.0, Diff: 0.0, Sum: 0.0]
      [Object Copy (ms): Min: 7.1, Avg: 7.5, Max: 7.6, Diff: 0.5, Sum: 29.8]
      [Termination (ms): Min: 0.0, Avg: 0.0, Max: 0.0, Diff: 0.0, Sum: 0.0]
         [Termination Attempts: Min: 1, Avg: 1.0, Max: 1, Diff: 0, Sum: 4]
      [GC Worker Other (ms): Min: 0.0, Avg: 0.0, Max: 0.0, Diff: 0.0, Sum: 0.0]
      [GC Worker Total (ms): Min: 8.7, Avg: 8.7, Max: 8.7, Diff: 0.0, Sum: 34.7]
      [GC Worker End (ms): Min: 527770.0, Avg: 527770.0, Max: 527770.0, Diff: 0.0]
   [Code Root Fixup: 0.1 ms]
   [Code Root Purge: 0.0 ms]
   [Clear CT: 0.1 ms]
   [Other: 0.9 ms]
      [Choose CSet: 0.0 ms]
      [Ref Proc: 0.7 ms]
      [Ref Enq: 0.0 ms]
      [Redirty Cards: 0.1 ms]
      [Humongous Register: 0.0 ms]
      [Humongous Reclaim: 0.0 ms]
      [Free CSet: 0.0 ms]
   [Eden: 79.0M(79.0M)->0.0B(77.0M) Survivors: 6144.0K->7168.0K Heap: 222.5M(256.0M)->144.0M(256.0M)]
 [Times: user=0.04 sys=0.00, real=0.01 secs] 
2020-04-13T15:52:26.648+0800: 529.611: [GC pause (G1 Evacuation Pause) (young), 0.0088414 secs]
   [Parallel Time: 8.5 ms, GC Workers: 4]
      [GC Worker Start (ms): Min: 529610.9, Avg: 529610.9, Max: 529610.9, Diff: 0.0]
      [Ext Root Scanning (ms): Min: 0.3, Avg: 0.4, Max: 0.5, Diff: 0.2, Sum: 1.4]
      [Update RS (ms): Min: 0.6, Avg: 0.9, Max: 1.2, Diff: 0.5, Sum: 3.5]
         [Processed Buffers: Min: 2, Avg: 5.0, Max: 13, Diff: 11, Sum: 20]
      [Scan RS (ms): Min: 0.0, Avg: 0.0, Max: 0.0, Diff: 0.0, Sum: 0.0]
      [Code Root Scanning (ms): Min: 0.0, Avg: 0.0, Max: 0.0, Diff: 0.0, Sum: 0.0]
      [Object Copy (ms): Min: 6.8, Avg: 7.0, Max: 7.1, Diff: 0.3, Sum: 28.1]
      [Termination (ms): Min: 0.0, Avg: 0.0, Max: 0.0, Diff: 0.0, Sum: 0.0]
         [Termination Attempts: Min: 1, Avg: 1.0, Max: 1, Diff: 0, Sum: 4]
      [GC Worker Other (ms): Min: 0.0, Avg: 0.0, Max: 0.0, Diff: 0.0, Sum: 0.0]
      [GC Worker Total (ms): Min: 8.3, Avg: 8.3, Max: 8.3, Diff: 0.0, Sum: 33.1]
      [GC Worker End (ms): Min: 529619.2, Avg: 529619.2, Max: 529619.2, Diff: 0.0]
   [Code Root Fixup: 0.0 ms]
   [Code Root Purge: 0.0 ms]
   [Clear CT: 0.1 ms]
   [Other: 0.2 ms]
      [Choose CSet: 0.0 ms]
      [Ref Proc: 0.1 ms]
      [Ref Enq: 0.0 ms]
      [Redirty Cards: 0.0 ms]
      [Humongous Register: 0.0 ms]
      [Humongous Reclaim: 0.0 ms]
      [Free CSet: 0.0 ms]
   [Eden: 77.0M(77.0M)->0.0B(79.0M) Survivors: 7168.0K->6144.0K Heap: 221.0M(256.0M)->143.5M(256.0M)]
 [Times: user=0.03 sys=0.00, real=0.01 secs] 
2020-04-13T15:52:28.459+0800: 531.422: [GC pause (G1 Evacuation Pause) (young) (initial-mark), 0.0113941 secs]
   [Parallel Time: 10.6 ms, GC Workers: 4]
      [GC Worker Start (ms): Min: 531421.7, Avg: 531421.7, Max: 531421.7, Diff: 0.0]
      [Ext Root Scanning (ms): Min: 0.5, Avg: 0.5, Max: 0.5, Diff: 0.0, Sum: 2.0]
      [Update RS (ms): Min: 0.8, Avg: 0.9, Max: 1.0, Diff: 0.1, Sum: 3.5]
         [Processed Buffers: Min: 2, Avg: 5.0, Max: 10, Diff: 8, Sum: 20]
      [Scan RS (ms): Min: 0.0, Avg: 0.0, Max: 0.0, Diff: 0.0, Sum: 0.0]
      [Code Root Scanning (ms): Min: 0.0, Avg: 0.0, Max: 0.0, Diff: 0.0, Sum: 0.1]
      [Object Copy (ms): Min: 8.9, Avg: 8.9, Max: 8.9, Diff: 0.1, Sum: 35.6]
      [Termination (ms): Min: 0.0, Avg: 0.0, Max: 0.0, Diff: 0.0, Sum: 0.0]
         [Termination Attempts: Min: 1, Avg: 1.0, Max: 1, Diff: 0, Sum: 4]
      [GC Worker Other (ms): Min: 0.0, Avg: 0.0, Max: 0.0, Diff: 0.0, Sum: 0.1]
      [GC Worker Total (ms): Min: 10.3, Avg: 10.3, Max: 10.4, Diff: 0.0, Sum: 41.4]
      [GC Worker End (ms): Min: 531432.1, Avg: 531432.1, Max: 531432.1, Diff: 0.0]
   [Code Root Fixup: 0.1 ms]
   [Code Root Purge: 0.0 ms]
   [Clear CT: 0.0 ms]
   [Other: 0.7 ms]
      [Choose CSet: 0.0 ms]
      [Ref Proc: 0.5 ms]
      [Ref Enq: 0.0 ms]
      [Redirty Cards: 0.0 ms]
      [Humongous Register: 0.0 ms]
      [Humongous Reclaim: 0.0 ms]
      [Free CSet: 0.0 ms]
   [Eden: 79.0M(79.0M)->0.0B(77.0M) Survivors: 6144.0K->7168.0K Heap: 222.5M(256.0M)->144.0M(256.0M)]
 [Times: user=0.03 sys=0.00, real=0.02 secs] 
2020-04-13T15:52:28.471+0800: 531.433: [GC concurrent-root-region-scan-start]
2020-04-13T15:52:28.480+0800: 531.442: [GC concurrent-root-region-scan-end, 0.0088061 secs]
2020-04-13T15:52:28.480+0800: 531.442: [GC concurrent-mark-start]
2020-04-13T15:52:28.494+0800: 531.456: [GC concurrent-mark-end, 0.0140090 secs]
2020-04-13T15:52:28.494+0800: 531.456: [GC remark 2020-04-13T15:52:28.494+0800: 531.456: [Finalize Marking, 0.0001180 secs] 2020-04-13T15:52:28.494+0800: 531.456: [GC ref-proc, 0.0000500 secs] 2020-04-13T15:52:28.494+0800: 531.456: [Unloading, 0.0050937 secs], 0.0064179 secs]
 [Times: user=0.01 sys=0.00, real=0.01 secs] 
2020-04-13T15:52:28.500+0800: 531.463: [GC cleanup 145M->145M(256M), 0.0005680 secs]
 [Times: user=0.00 sys=0.00, real=0.00 secs] 
2020-04-13T15:52:30.108+0800: 533.071: [GC pause (G1 Evacuation Pause) (young), 0.0090173 secs]
   [Parallel Time: 8.6 ms, GC Workers: 4]
      [GC Worker Start (ms): Min: 533070.9, Avg: 533070.9, Max: 533070.9, Diff: 0.1]
      [Ext Root Scanning (ms): Min: 0.3, Avg: 0.3, Max: 0.5, Diff: 0.2, Sum: 1.3]
      [Update RS (ms): Min: 0.8, Avg: 0.9, Max: 0.9, Diff: 0.1, Sum: 3.5]
         [Processed Buffers: Min: 3, Avg: 5.2, Max: 9, Diff: 6, Sum: 21]
      [Scan RS (ms): Min: 0.0, Avg: 0.0, Max: 0.0, Diff: 0.0, Sum: 0.0]
      [Code Root Scanning (ms): Min: 0.0, Avg: 0.0, Max: 0.0, Diff: 0.0, Sum: 0.1]
      [Object Copy (ms): Min: 7.2, Avg: 7.3, Max: 7.3, Diff: 0.1, Sum: 29.1]
      [Termination (ms): Min: 0.0, Avg: 0.0, Max: 0.0, Diff: 0.0, Sum: 0.0]
         [Termination Attempts: Min: 1, Avg: 1.0, Max: 1, Diff: 0, Sum: 4]
      [GC Worker Other (ms): Min: 0.0, Avg: 0.0, Max: 0.0, Diff: 0.0, Sum: 0.0]
      [GC Worker Total (ms): Min: 8.5, Avg: 8.5, Max: 8.5, Diff: 0.1, Sum: 34.0]
      [GC Worker End (ms): Min: 533079.4, Avg: 533079.4, Max: 533079.4, Diff: 0.0]
   [Code Root Fixup: 0.0 ms]
   [Code Root Purge: 0.0 ms]
   [Clear CT: 0.1 ms]
   [Other: 0.3 ms]
      [Choose CSet: 0.0 ms]
      [Ref Proc: 0.1 ms]
      [Ref Enq: 0.0 ms]
      [Redirty Cards: 0.0 ms]
      [Humongous Register: 0.0 ms]
      [Humongous Reclaim: 0.0 ms]
      [Free CSet: 0.0 ms]
   [Eden: 77.0M(77.0M)->0.0B(77.0M) Survivors: 7168.0K->7168.0K Heap: 221.0M(256.0M)->144.7M(256.0M)]
 [Times: user=0.03 sys=0.00, real=0.01 secs] 
2020-04-13T15:52:31.809+0800: 534.772: [GC pause (G1 Evacuation Pause) (young), 0.0101414 secs]
   [Parallel Time: 9.7 ms, GC Workers: 4]
      [GC Worker Start (ms): Min: 534771.6, Avg: 534771.6, Max: 534771.6, Diff: 0.0]
      [Ext Root Scanning (ms): Min: 0.3, Avg: 0.3, Max: 0.5, Diff: 0.2, Sum: 1.3]
      [Update RS (ms): Min: 1.1, Avg: 1.8, Max: 3.5, Diff: 2.3, Sum: 7.2]
         [Processed Buffers: Min: 1, Avg: 5.8, Max: 16, Diff: 15, Sum: 23]
      [Scan RS (ms): Min: 0.0, Avg: 0.0, Max: 0.0, Diff: 0.0, Sum: 0.0]
      [Code Root Scanning (ms): Min: 0.0, Avg: 0.0, Max: 0.0, Diff: 0.0, Sum: 0.0]
      [Object Copy (ms): Min: 5.3, Avg: 7.1, Max: 8.0, Diff: 2.7, Sum: 28.2]
      [Termination (ms): Min: 0.0, Avg: 0.4, Max: 0.6, Diff: 0.6, Sum: 1.6]
         [Termination Attempts: Min: 1, Avg: 1.0, Max: 1, Diff: 0, Sum: 4]
      [GC Worker Other (ms): Min: 0.0, Avg: 0.0, Max: 0.0, Diff: 0.0, Sum: 0.0]
      [GC Worker Total (ms): Min: 9.6, Avg: 9.6, Max: 9.7, Diff: 0.1, Sum: 38.5]
      [GC Worker End (ms): Min: 534781.2, Avg: 534781.2, Max: 534781.3, Diff: 0.1]
   [Code Root Fixup: 0.1 ms]
   [Code Root Purge: 0.0 ms]
   [Clear CT: 0.1 ms]
   [Other: 0.3 ms]
      [Choose CSet: 0.0 ms]
      [Ref Proc: 0.1 ms]
      [Ref Enq: 0.0 ms]
      [Redirty Cards: 0.1 ms]
      [Humongous Register: 0.0 ms]
      [Humongous Reclaim: 0.0 ms]
      [Free CSet: 0.0 ms]
   [Eden: 77.0M(77.0M)->0.0B(78.0M) Survivors: 7168.0K->6144.0K Heap: 221.7M(256.0M)->144.2M(256.0M)]
 [Times: user=0.03 sys=0.00, real=0.01 secs] 
2020-04-13T15:52:33.631+0800: 536.594: [GC pause (G1 Evacuation Pause) (young) (initial-mark), 0.0138642 secs]
   [Parallel Time: 12.8 ms, GC Workers: 4]
      [GC Worker Start (ms): Min: 536593.6, Avg: 536593.8, Max: 536594.2, Diff: 0.6]
      [Ext Root Scanning (ms): Min: 0.0, Avg: 0.7, Max: 1.7, Diff: 1.7, Sum: 2.9]
      [Update RS (ms): Min: 1.3, Avg: 2.9, Max: 6.4, Diff: 5.1, Sum: 11.7]
         [Processed Buffers: Min: 2, Avg: 6.0, Max: 13, Diff: 11, Sum: 24]
      [Scan RS (ms): Min: 0.0, Avg: 0.0, Max: 0.0, Diff: 0.0, Sum: 0.0]
      [Code Root Scanning (ms): Min: 0.0, Avg: 0.0, Max: 0.0, Diff: 0.0, Sum: 0.1]
      [Object Copy (ms): Min: 5.1, Avg: 8.4, Max: 10.0, Diff: 4.9, Sum: 33.5]
      [Termination (ms): Min: 0.0, Avg: 0.5, Max: 0.6, Diff: 0.6, Sum: 1.9]
         [Termination Attempts: Min: 1, Avg: 1.0, Max: 1, Diff: 0, Sum: 4]
      [GC Worker Other (ms): Min: 0.0, Avg: 0.0, Max: 0.0, Diff: 0.0, Sum: 0.0]
      [GC Worker Total (ms): Min: 12.1, Avg: 12.6, Max: 12.7, Diff: 0.6, Sum: 50.2]
      [GC Worker End (ms): Min: 536606.3, Avg: 536606.3, Max: 536606.3, Diff: 0.0]
   [Code Root Fixup: 0.0 ms]
   [Code Root Purge: 0.0 ms]
   [Clear CT: 0.1 ms]
   [Other: 1.0 ms]
      [Choose CSet: 0.0 ms]
      [Ref Proc: 0.8 ms]
      [Ref Enq: 0.0 ms]
      [Redirty Cards: 0.0 ms]
      [Humongous Register: 0.0 ms]
      [Humongous Reclaim: 0.0 ms]
      [Free CSet: 0.0 ms]
   [Eden: 78.0M(78.0M)->0.0B(76.0M) Survivors: 6144.0K->7168.0K Heap: 222.2M(256.0M)->144.7M(256.0M)]
 [Times: user=0.04 sys=0.00, real=0.01 secs] 
2020-04-13T15:52:33.645+0800: 536.608: [GC concurrent-root-region-scan-start]
2020-04-13T15:52:33.662+0800: 536.624: [GC concurrent-root-region-scan-end, 0.0166573 secs]
2020-04-13T15:52:33.662+0800: 536.624: [GC concurrent-mark-start]
2020-04-13T15:52:33.682+0800: 536.644: [GC concurrent-mark-end, 0.0198239 secs]
2020-04-13T15:52:33.682+0800: 536.644: [GC remark 2020-04-13T15:52:33.682+0800: 536.644: [Finalize Marking, 0.0000963 secs] 2020-04-13T15:52:33.682+0800: 536.644: [GC ref-proc, 0.0000517 secs] 2020-04-13T15:52:33.682+0800: 536.644: [Unloading, 0.0056538 secs], 0.0069975 secs]
 [Times: user=0.02 sys=0.00, real=0.00 secs] 
2020-04-13T15:52:33.689+0800: 536.651: [GC cleanup 146M->146M(256M), 0.0003089 secs]
 [Times: user=0.00 sys=0.00, real=0.00 secs] 
2020-04-13T15:52:35.295+0800: 538.257: [GC pause (G1 Evacuation Pause) (young), 0.0094598 secs]
   [Parallel Time: 9.1 ms, GC Workers: 4]
      [GC Worker Start (ms): Min: 538257.1, Avg: 538257.1, Max: 538257.2, Diff: 0.0]
      [Ext Root Scanning (ms): Min: 0.3, Avg: 0.3, Max: 0.5, Diff: 0.2, Sum: 1.4]
      [Update RS (ms): Min: 1.1, Avg: 1.1, Max: 1.2, Diff: 0.2, Sum: 4.5]
         [Processed Buffers: Min: 2, Avg: 6.5, Max: 16, Diff: 14, Sum: 26]
      [Scan RS (ms): Min: 0.0, Avg: 0.0, Max: 0.0, Diff: 0.0, Sum: 0.1]
      [Code Root Scanning (ms): Min: 0.0, Avg: 0.0, Max: 0.0, Diff: 0.0, Sum: 0.1]
      [Object Copy (ms): Min: 7.5, Avg: 7.5, Max: 7.6, Diff: 0.2, Sum: 30.2]
      [Termination (ms): Min: 0.0, Avg: 0.0, Max: 0.0, Diff: 0.0, Sum: 0.0]
         [Termination Attempts: Min: 1, Avg: 1.0, Max: 1, Diff: 0, Sum: 4]
      [GC Worker Other (ms): Min: 0.0, Avg: 0.0, Max: 0.0, Diff: 0.0, Sum: 0.0]
      [GC Worker Total (ms): Min: 9.0, Avg: 9.0, Max: 9.1, Diff: 0.0, Sum: 36.1]
      [GC Worker End (ms): Min: 538266.2, Avg: 538266.2, Max: 538266.2, Diff: 0.0]
   [Code Root Fixup: 0.1 ms]
   [Code Root Purge: 0.0 ms]
   [Clear CT: 0.1 ms]
   [Other: 0.2 ms]
      [Choose CSet: 0.0 ms]
      [Ref Proc: 0.1 ms]
      [Ref Enq: 0.0 ms]
      [Redirty Cards: 0.0 ms]
      [Humongous Register: 0.0 ms]
      [Humongous Reclaim: 0.0 ms]
      [Free CSet: 0.0 ms]
   [Eden: 76.0M(76.0M)->0.0B(76.0M) Survivors: 7168.0K->7168.0K Heap: 220.7M(256.0M)->145.2M(256.0M)]
 [Times: user=0.03 sys=0.00, real=0.01 secs] 
2020-04-13T15:52:36.959+0800: 539.921: [GC pause (G1 Evacuation Pause) (young), 0.0093820 secs]
   [Parallel Time: 9.0 ms, GC Workers: 4]
      [GC Worker Start (ms): Min: 539921.3, Avg: 539921.3, Max: 539921.3, Diff: 0.0]
      [Ext Root Scanning (ms): Min: 0.3, Avg: 0.3, Max: 0.5, Diff: 0.2, Sum: 1.4]
      [Update RS (ms): Min: 1.0, Avg: 1.1, Max: 1.1, Diff: 0.1, Sum: 4.4]
         [Processed Buffers: Min: 3, Avg: 6.0, Max: 10, Diff: 7, Sum: 24]
      [Scan RS (ms): Min: 0.0, Avg: 0.0, Max: 0.0, Diff: 0.0, Sum: 0.0]
      [Code Root Scanning (ms): Min: 0.0, Avg: 0.0, Max: 0.0, Diff: 0.0, Sum: 0.1]
      [Object Copy (ms): Min: 7.4, Avg: 7.4, Max: 7.5, Diff: 0.1, Sum: 29.7]
      [Termination (ms): Min: 0.0, Avg: 0.0, Max: 0.0, Diff: 0.0, Sum: 0.0]
         [Termination Attempts: Min: 1, Avg: 1.0, Max: 1, Diff: 0, Sum: 4]
      [GC Worker Other (ms): Min: 0.0, Avg: 0.0, Max: 0.0, Diff: 0.0, Sum: 0.0]
      [GC Worker Total (ms): Min: 8.9, Avg: 8.9, Max: 8.9, Diff: 0.0, Sum: 35.6]
      [GC Worker End (ms): Min: 539930.2, Avg: 539930.2, Max: 539930.2, Diff: 0.0]
   [Code Root Fixup: 0.1 ms]
   [Code Root Purge: 0.0 ms]
   [Clear CT: 0.1 ms]
   [Other: 0.3 ms]
      [Choose CSet: 0.0 ms]
      [Ref Proc: 0.1 ms]
      [Ref Enq: 0.0 ms]
      [Redirty Cards: 0.0 ms]
      [Humongous Register: 0.0 ms]
      [Humongous Reclaim: 0.0 ms]
      [Free CSet: 0.0 ms]
   [Eden: 76.0M(76.0M)->0.0B(78.0M) Survivors: 7168.0K->6144.0K Heap: 221.2M(256.0M)->144.6M(256.0M)]
 [Times: user=0.03 sys=0.00, real=0.01 secs] 
2020-04-13T15:52:38.906+0800: 541.868: [GC pause (G1 Evacuation Pause) (young) (initial-mark), 0.0135827 secs]
   [Parallel Time: 12.8 ms, GC Workers: 4]
      [GC Worker Start (ms): Min: 541868.1, Avg: 541868.3, Max: 541868.8, Diff: 0.7]
      [Ext Root Scanning (ms): Min: 0.5, Avg: 1.8, Max: 5.4, Diff: 4.9, Sum: 7.4]
      [Update RS (ms): Min: 0.0, Avg: 3.3, Max: 4.8, Diff: 4.8, Sum: 13.0]
         [Processed Buffers: Min: 0, Avg: 6.0, Max: 14, Diff: 14, Sum: 24]
      [Scan RS (ms): Min: 0.0, Avg: 0.0, Max: 0.0, Diff: 0.0, Sum: 0.0]
      [Code Root Scanning (ms): Min: 0.0, Avg: 0.0, Max: 0.0, Diff: 0.0, Sum: 0.0]
      [Object Copy (ms): Min: 6.6, Avg: 7.4, Max: 8.1, Diff: 1.5, Sum: 29.8]
      [Termination (ms): Min: 0.0, Avg: 0.0, Max: 0.0, Diff: 0.0, Sum: 0.0]
         [Termination Attempts: Min: 1, Avg: 1.0, Max: 1, Diff: 0, Sum: 4]
      [GC Worker Other (ms): Min: 0.0, Avg: 0.0, Max: 0.1, Diff: 0.1, Sum: 0.1]
      [GC Worker Total (ms): Min: 12.1, Avg: 12.6, Max: 12.8, Diff: 0.7, Sum: 50.3]
      [GC Worker End (ms): Min: 541880.8, Avg: 541880.8, Max: 541880.8, Diff: 0.0]
   [Code Root Fixup: 0.0 ms]
   [Code Root Purge: 0.0 ms]
   [Clear CT: 0.1 ms]
   [Other: 0.6 ms]
      [Choose CSet: 0.0 ms]
      [Ref Proc: 0.4 ms]
      [Ref Enq: 0.0 ms]
      [Redirty Cards: 0.0 ms]
      [Humongous Register: 0.0 ms]
      [Humongous Reclaim: 0.0 ms]
      [Free CSet: 0.0 ms]
   [Eden: 78.0M(78.0M)->0.0B(77.0M) Survivors: 6144.0K->6144.0K Heap: 222.6M(256.0M)->145.2M(256.0M)]
 [Times: user=0.04 sys=0.00, real=0.01 secs] 
2020-04-13T15:52:38.919+0800: 541.882: [GC concurrent-root-region-scan-start]
2020-04-13T15:52:38.928+0800: 541.890: [GC concurrent-root-region-scan-end, 0.0086152 secs]
2020-04-13T15:52:38.928+0800: 541.890: [GC concurrent-mark-start]
2020-04-13T15:52:38.949+0800: 541.911: [GC concurrent-mark-end, 0.0209241 secs]
2020-04-13T15:52:38.949+0800: 541.911: [GC remark 2020-04-13T15:52:38.949+0800: 541.911: [Finalize Marking, 0.0001114 secs] 2020-04-13T15:52:38.949+0800: 541.912: [GC ref-proc, 0.0000525 secs] 2020-04-13T15:52:38.949+0800: 541.912: [Unloading, 0.0041964 secs], 0.0054845 secs]
 [Times: user=0.01 sys=0.00, real=0.01 secs] 
2020-04-13T15:52:38.955+0800: 541.917: [GC cleanup 146M->146M(256M), 0.0002685 secs]
 [Times: user=0.00 sys=0.00, real=0.00 secs] 
2020-04-13T15:52:40.878+0800: 543.840: [GC pause (G1 Evacuation Pause) (young), 0.0093005 secs]
   [Parallel Time: 8.5 ms, GC Workers: 4]
      [GC Worker Start (ms): Min: 543839.9, Avg: 543840.0, Max: 543840.0, Diff: 0.0]
      [Ext Root Scanning (ms): Min: 0.4, Avg: 0.5, Max: 0.8, Diff: 0.4, Sum: 2.2]
      [Update RS (ms): Min: 1.4, Avg: 1.6, Max: 1.6, Diff: 0.3, Sum: 6.3]
         [Processed Buffers: Min: 5, Avg: 9.2, Max: 16, Diff: 11, Sum: 37]
      [Scan RS (ms): Min: 0.0, Avg: 0.0, Max: 0.0, Diff: 0.0, Sum: 0.0]
      [Code Root Scanning (ms): Min: 0.0, Avg: 0.0, Max: 0.0, Diff: 0.0, Sum: 0.1]
      [Object Copy (ms): Min: 6.3, Avg: 6.3, Max: 6.4, Diff: 0.1, Sum: 25.4]
      [Termination (ms): Min: 0.0, Avg: 0.0, Max: 0.0, Diff: 0.0, Sum: 0.0]
         [Termination Attempts: Min: 1, Avg: 1.0, Max: 1, Diff: 0, Sum: 4]
      [GC Worker Other (ms): Min: 0.0, Avg: 0.0, Max: 0.0, Diff: 0.0, Sum: 0.0]
      [GC Worker Total (ms): Min: 8.5, Avg: 8.5, Max: 8.5, Diff: 0.0, Sum: 34.0]
      [GC Worker End (ms): Min: 543848.5, Avg: 543848.5, Max: 543848.5, Diff: 0.0]
   [Code Root Fixup: 0.0 ms]
   [Code Root Purge: 0.0 ms]
   [Clear CT: 0.1 ms]
   [Other: 0.7 ms]
      [Choose CSet: 0.0 ms]
      [Ref Proc: 0.4 ms]
      [Ref Enq: 0.0 ms]
      [Redirty Cards: 0.1 ms]
      [Humongous Register: 0.0 ms]
      [Humongous Reclaim: 0.0 ms]
      [Free CSet: 0.0 ms]
   [Eden: 77.0M(77.0M)->0.0B(77.0M) Survivors: 6144.0K->5120.0K Heap: 222.2M(256.0M)->146.2M(256.0M)]
 [Times: user=0.03 sys=0.01, real=0.01 secs] 
2020-04-13T15:52:43.009+0800: 545.971: [GC pause (G1 Evacuation Pause) (young), 0.0108227 secs]
   [Parallel Time: 9.8 ms, GC Workers: 4]
      [GC Worker Start (ms): Min: 545971.3, Avg: 545971.3, Max: 545971.3, Diff: 0.0]
      [Ext Root Scanning (ms): Min: 0.3, Avg: 0.3, Max: 0.5, Diff: 0.2, Sum: 1.4]
      [Update RS (ms): Min: 2.0, Avg: 2.1, Max: 2.2, Diff: 0.2, Sum: 8.5]
         [Processed Buffers: Min: 5, Avg: 7.8, Max: 16, Diff: 11, Sum: 31]
      [Scan RS (ms): Min: 0.1, Avg: 0.2, Max: 0.2, Diff: 0.1, Sum: 0.6]
      [Code Root Scanning (ms): Min: 0.0, Avg: 0.0, Max: 0.0, Diff: 0.0, Sum: 0.1]
      [Object Copy (ms): Min: 6.2, Avg: 6.5, Max: 7.0, Diff: 0.8, Sum: 26.1]
      [Termination (ms): Min: 0.0, Avg: 0.6, Max: 0.9, Diff: 0.9, Sum: 2.3]
         [Termination Attempts: Min: 1, Avg: 1.0, Max: 1, Diff: 0, Sum: 4]
      [GC Worker Other (ms): Min: 0.0, Avg: 0.0, Max: 0.0, Diff: 0.0, Sum: 0.0]
      [GC Worker Total (ms): Min: 9.7, Avg: 9.8, Max: 9.8, Diff: 0.1, Sum: 39.1]
      [GC Worker End (ms): Min: 545981.0, Avg: 545981.1, Max: 545981.1, Diff: 0.1]
   [Code Root Fixup: 0.0 ms]
   [Code Root Purge: 0.0 ms]
   [Clear CT: 0.1 ms]
   [Other: 0.9 ms]
      [Choose CSet: 0.0 ms]
      [Ref Proc: 0.7 ms]
      [Ref Enq: 0.0 ms]
      [Redirty Cards: 0.0 ms]
      [Humongous Register: 0.0 ms]
      [Humongous Reclaim: 0.0 ms]
      [Free CSet: 0.0 ms]
   [Eden: 77.0M(77.0M)->0.0B(78.0M) Survivors: 5120.0K->4096.0K Heap: 223.2M(256.0M)->146.4M(256.0M)]
 [Times: user=0.03 sys=0.00, real=0.02 secs] 
2020-04-13T15:52:45.143+0800: 548.106: [GC pause (G1 Evacuation Pause) (young) (initial-mark), 0.0090497 secs]
   [Parallel Time: 8.5 ms, GC Workers: 4]
      [GC Worker Start (ms): Min: 548105.6, Avg: 548105.6, Max: 548105.6, Diff: 0.1]
      [Ext Root Scanning (ms): Min: 0.5, Avg: 0.5, Max: 0.6, Diff: 0.1, Sum: 2.2]
      [Update RS (ms): Min: 1.9, Avg: 2.0, Max: 2.1, Diff: 0.2, Sum: 7.9]
         [Processed Buffers: Min: 4, Avg: 8.0, Max: 15, Diff: 11, Sum: 32]
      [Scan RS (ms): Min: 0.4, Avg: 0.5, Max: 0.5, Diff: 0.2, Sum: 1.8]
      [Code Root Scanning (ms): Min: 0.0, Avg: 0.0, Max: 0.0, Diff: 0.0, Sum: 0.1]
      [Object Copy (ms): Min: 4.8, Avg: 5.0, Max: 5.4, Diff: 0.6, Sum: 20.0]
      [Termination (ms): Min: 0.0, Avg: 0.5, Max: 0.6, Diff: 0.6, Sum: 1.9]
         [Termination Attempts: Min: 1, Avg: 1.0, Max: 1, Diff: 0, Sum: 4]
      [GC Worker Other (ms): Min: 0.0, Avg: 0.0, Max: 0.0, Diff: 0.0, Sum: 0.0]
      [GC Worker Total (ms): Min: 8.4, Avg: 8.5, Max: 8.5, Diff: 0.1, Sum: 33.8]
      [GC Worker End (ms): Min: 548114.0, Avg: 548114.1, Max: 548114.1, Diff: 0.1]
   [Code Root Fixup: 0.0 ms]
   [Code Root Purge: 0.0 ms]
   [Clear CT: 0.0 ms]
   [Other: 0.4 ms]
      [Choose CSet: 0.0 ms]
      [Ref Proc: 0.3 ms]
      [Ref Enq: 0.0 ms]
      [Redirty Cards: 0.1 ms]
      [Humongous Register: 0.0 ms]
      [Humongous Reclaim: 0.0 ms]
      [Free CSet: 0.0 ms]
   [Eden: 78.0M(78.0M)->0.0B(75.0M) Survivors: 4096.0K->5120.0K Heap: 224.4M(256.0M)->147.7M(256.0M)]
 [Times: user=0.03 sys=0.00, real=0.01 secs] 
2020-04-13T15:52:45.153+0800: 548.115: [GC concurrent-root-region-scan-start]
2020-04-13T15:52:45.164+0800: 548.126: [GC concurrent-root-region-scan-end, 0.0114874 secs]
2020-04-13T15:52:45.164+0800: 548.126: [GC concurrent-mark-start]
2020-04-13T15:52:45.182+0800: 548.144: [GC concurrent-mark-end, 0.0176002 secs]
2020-04-13T15:52:45.182+0800: 548.144: [GC remark 2020-04-13T15:52:45.182+0800: 548.144: [Finalize Marking, 0.0000954 secs] 2020-04-13T15:52:45.182+0800: 548.144: [GC ref-proc, 0.0000507 secs] 2020-04-13T15:52:45.182+0800: 548.144: [Unloading, 0.0035627 secs], 0.0047844 secs]
 [Times: user=0.02 sys=0.00, real=0.00 secs] 
2020-04-13T15:52:45.187+0800: 548.149: [GC cleanup 149M->149M(256M), 0.0002940 secs]
 [Times: user=0.00 sys=0.00, real=0.00 secs] 
2020-04-13T15:52:47.063+0800: 550.025: [GC pause (G1 Evacuation Pause) (young), 0.0066773 secs]
   [Parallel Time: 6.3 ms, GC Workers: 4]
      [GC Worker Start (ms): Min: 550025.3, Avg: 550025.3, Max: 550025.4, Diff: 0.0]
      [Ext Root Scanning (ms): Min: 0.3, Avg: 0.3, Max: 0.6, Diff: 0.3, Sum: 1.4]
      [Update RS (ms): Min: 1.3, Avg: 1.4, Max: 1.5, Diff: 0.2, Sum: 5.6]
         [Processed Buffers: Min: 4, Avg: 7.8, Max: 11, Diff: 7, Sum: 31]
      [Scan RS (ms): Min: 0.1, Avg: 0.2, Max: 0.2, Diff: 0.1, Sum: 0.6]
      [Code Root Scanning (ms): Min: 0.0, Avg: 0.0, Max: 0.0, Diff: 0.0, Sum: 0.1]
      [Object Copy (ms): Min: 4.3, Avg: 4.3, Max: 4.3, Diff: 0.0, Sum: 17.1]
      [Termination (ms): Min: 0.0, Avg: 0.0, Max: 0.0, Diff: 0.0, Sum: 0.0]
         [Termination Attempts: Min: 1, Avg: 1.0, Max: 1, Diff: 0, Sum: 4]
      [GC Worker Other (ms): Min: 0.0, Avg: 0.0, Max: 0.0, Diff: 0.0, Sum: 0.0]
      [GC Worker Total (ms): Min: 6.2, Avg: 6.2, Max: 6.2, Diff: 0.0, Sum: 24.7]
      [GC Worker End (ms): Min: 550031.5, Avg: 550031.5, Max: 550031.5, Diff: 0.0]
   [Code Root Fixup: 0.0 ms]
   [Code Root Purge: 0.0 ms]
   [Clear CT: 0.1 ms]
   [Other: 0.3 ms]
      [Choose CSet: 0.0 ms]
      [Ref Proc: 0.1 ms]
      [Ref Enq: 0.0 ms]
      [Redirty Cards: 0.0 ms]
      [Humongous Register: 0.0 ms]
      [Humongous Reclaim: 0.0 ms]
      [Free CSet: 0.0 ms]
   [Eden: 75.0M(75.0M)->0.0B(77.0M) Survivors: 5120.0K->4096.0K Heap: 222.7M(256.0M)->147.7M(256.0M)]
 [Times: user=0.02 sys=0.00, real=0.01 secs] 
2020-04-13T15:52:49.140+0800: 552.102: [GC pause (G1 Evacuation Pause) (young), 0.0080506 secs]
   [Parallel Time: 6.9 ms, GC Workers: 4]
      [GC Worker Start (ms): Min: 552101.7, Avg: 552101.8, Max: 552101.8, Diff: 0.0]
      [Ext Root Scanning (ms): Min: 0.3, Avg: 0.3, Max: 0.5, Diff: 0.2, Sum: 1.3]
      [Update RS (ms): Min: 1.7, Avg: 1.8, Max: 1.9, Diff: 0.2, Sum: 7.2]
         [Processed Buffers: Min: 5, Avg: 7.2, Max: 11, Diff: 6, Sum: 29]
      [Scan RS (ms): Min: 0.0, Avg: 0.0, Max: 0.1, Diff: 0.1, Sum: 0.1]
      [Code Root Scanning (ms): Min: 0.0, Avg: 0.0, Max: 0.0, Diff: 0.0, Sum: 0.1]
      [Object Copy (ms): Min: 4.0, Avg: 4.1, Max: 4.4, Diff: 0.4, Sum: 16.5]
      [Termination (ms): Min: 0.0, Avg: 0.4, Max: 0.6, Diff: 0.6, Sum: 1.8]
         [Termination Attempts: Min: 1, Avg: 1.0, Max: 1, Diff: 0, Sum: 4]
      [GC Worker Other (ms): Min: 0.0, Avg: 0.0, Max: 0.0, Diff: 0.0, Sum: 0.0]
      [GC Worker Total (ms): Min: 6.7, Avg: 6.8, Max: 6.8, Diff: 0.1, Sum: 27.1]
      [GC Worker End (ms): Min: 552108.5, Avg: 552108.5, Max: 552108.6, Diff: 0.1]
   [Code Root Fixup: 0.0 ms]
   [Code Root Purge: 0.0 ms]
   [Clear CT: 0.0 ms]
   [Other: 1.1 ms]
      [Choose CSet: 0.0 ms]
      [Ref Proc: 0.9 ms]
      [Ref Enq: 0.0 ms]
      [Redirty Cards: 0.1 ms]
      [Humongous Register: 0.0 ms]
      [Humongous Reclaim: 0.0 ms]
      [Free CSet: 0.0 ms]
   [Eden: 77.0M(77.0M)->0.0B(76.0M) Survivors: 4096.0K->4096.0K Heap: 224.7M(256.0M)->147.8M(256.0M)]
 [Times: user=0.02 sys=0.00, real=0.00 secs] 
2020-04-13T15:52:50.973+0800: 553.935: [GC pause (G1 Evacuation Pause) (young) (initial-mark), 0.0093460 secs]
   [Parallel Time: 8.5 ms, GC Workers: 4]
      [GC Worker Start (ms): Min: 553935.5, Avg: 553935.6, Max: 553935.6, Diff: 0.0]
      [Ext Root Scanning (ms): Min: 0.5, Avg: 0.5, Max: 0.5, Diff: 0.0, Sum: 2.0]
      [Update RS (ms): Min: 2.4, Avg: 3.8, Max: 7.9, Diff: 5.5, Sum: 15.3]
         [Processed Buffers: Min: 2, Avg: 8.0, Max: 15, Diff: 13, Sum: 32]
      [Scan RS (ms): Min: 0.0, Avg: 0.0, Max: 0.0, Diff: 0.0, Sum: 0.1]
      [Code Root Scanning (ms): Min: 0.0, Avg: 0.0, Max: 0.0, Diff: 0.0, Sum: 0.0]
      [Object Copy (ms): Min: 0.0, Avg: 3.7, Max: 5.0, Diff: 4.9, Sum: 14.7]
      [Termination (ms): Min: 0.0, Avg: 0.4, Max: 0.6, Diff: 0.6, Sum: 1.7]
         [Termination Attempts: Min: 1, Avg: 6.2, Max: 12, Diff: 11, Sum: 25]
      [GC Worker Other (ms): Min: 0.0, Avg: 0.0, Max: 0.0, Diff: 0.0, Sum: 0.0]
      [GC Worker Total (ms): Min: 8.4, Avg: 8.5, Max: 8.5, Diff: 0.1, Sum: 33.9]
      [GC Worker End (ms): Min: 553944.0, Avg: 553944.0, Max: 553944.0, Diff: 0.0]
   [Code Root Fixup: 0.0 ms]
   [Code Root Purge: 0.0 ms]
   [Clear CT: 0.1 ms]
   [Other: 0.7 ms]
      [Choose CSet: 0.0 ms]
      [Ref Proc: 0.6 ms]
      [Ref Enq: 0.0 ms]
      [Redirty Cards: 0.0 ms]
      [Humongous Register: 0.0 ms]
      [Humongous Reclaim: 0.0 ms]
      [Free CSet: 0.0 ms]
   [Eden: 76.0M(76.0M)->0.0B(76.0M) Survivors: 4096.0K->4096.0K Heap: 223.8M(256.0M)->148.6M(256.0M)]
 [Times: user=0.03 sys=0.00, real=0.01 secs] 
2020-04-13T15:52:50.983+0800: 553.945: [GC concurrent-root-region-scan-start]
2020-04-13T15:52:50.987+0800: 553.949: [GC concurrent-root-region-scan-end, 0.0045350 secs]
2020-04-13T15:52:50.987+0800: 553.949: [GC concurrent-mark-start]
2020-04-13T15:52:51.005+0800: 553.967: [GC concurrent-mark-end, 0.0177541 secs]
2020-04-13T15:52:51.005+0800: 553.967: [GC remark 2020-04-13T15:52:51.005+0800: 553.967: [Finalize Marking, 0.0001000 secs] 2020-04-13T15:52:51.005+0800: 553.968: [GC ref-proc, 0.0000509 secs] 2020-04-13T15:52:51.005+0800: 553.968: [Unloading, 0.0107899 secs], 0.0121582 secs]
 [Times: user=0.02 sys=0.00, real=0.01 secs] 
2020-04-13T15:52:51.018+0800: 553.980: [GC cleanup 150M->150M(256M), 0.0006200 secs]
 [Times: user=0.00 sys=0.00, real=0.00 secs] 
2020-04-13T15:52:52.867+0800: 555.829: [GC pause (G1 Evacuation Pause) (young), 0.0076185 secs]
   [Parallel Time: 6.7 ms, GC Workers: 4]
      [GC Worker Start (ms): Min: 555829.5, Avg: 555829.5, Max: 555829.5, Diff: 0.0]
      [Ext Root Scanning (ms): Min: 0.4, Avg: 0.4, Max: 0.5, Diff: 0.1, Sum: 1.7]
      [Update RS (ms): Min: 1.4, Avg: 1.5, Max: 1.5, Diff: 0.1, Sum: 5.8]
         [Processed Buffers: Min: 4, Avg: 7.8, Max: 11, Diff: 7, Sum: 31]
      [Scan RS (ms): Min: 0.1, Avg: 0.1, Max: 0.1, Diff: 0.0, Sum: 0.4]
      [Code Root Scanning (ms): Min: 0.0, Avg: 0.0, Max: 0.0, Diff: 0.0, Sum: 0.0]
      [Object Copy (ms): Min: 4.4, Avg: 4.5, Max: 4.6, Diff: 0.2, Sum: 18.0]
      [Termination (ms): Min: 0.0, Avg: 0.1, Max: 0.2, Diff: 0.2, Sum: 0.5]
         [Termination Attempts: Min: 1, Avg: 1.0, Max: 1, Diff: 0, Sum: 4]
      [GC Worker Other (ms): Min: 0.0, Avg: 0.0, Max: 0.0, Diff: 0.0, Sum: 0.0]
      [GC Worker Total (ms): Min: 6.6, Avg: 6.6, Max: 6.6, Diff: 0.1, Sum: 26.4]
      [GC Worker End (ms): Min: 555836.1, Avg: 555836.1, Max: 555836.2, Diff: 0.1]
   [Code Root Fixup: 0.0 ms]
   [Code Root Purge: 0.0 ms]
   [Clear CT: 0.1 ms]
   [Other: 0.8 ms]
      [Choose CSet: 0.0 ms]
      [Ref Proc: 0.6 ms]
      [Ref Enq: 0.0 ms]
      [Redirty Cards: 0.0 ms]
      [Humongous Register: 0.0 ms]
      [Humongous Reclaim: 0.0 ms]
      [Free CSet: 0.0 ms]
   [Eden: 76.0M(76.0M)->0.0B(77.0M) Survivors: 4096.0K->3072.0K Heap: 224.6M(256.0M)->147.7M(256.0M)]
 [Times: user=0.02 sys=0.00, real=0.01 secs] 
2020-04-13T15:52:54.910+0800: 557.872: [GC pause (G1 Evacuation Pause) (young), 0.0060308 secs]
   [Parallel Time: 5.0 ms, GC Workers: 4]
      [GC Worker Start (ms): Min: 557871.8, Avg: 557871.8, Max: 557871.9, Diff: 0.0]
      [Ext Root Scanning (ms): Min: 0.3, Avg: 0.3, Max: 0.5, Diff: 0.2, Sum: 1.4]
      [Update RS (ms): Min: 1.2, Avg: 1.6, Max: 1.8, Diff: 0.6, Sum: 6.4]
         [Processed Buffers: Min: 5, Avg: 8.8, Max: 14, Diff: 9, Sum: 35]
      [Scan RS (ms): Min: 0.1, Avg: 0.1, Max: 0.1, Diff: 0.1, Sum: 0.4]
      [Code Root Scanning (ms): Min: 0.0, Avg: 0.0, Max: 0.0, Diff: 0.0, Sum: 0.0]
      [Object Copy (ms): Min: 2.7, Avg: 2.9, Max: 3.4, Diff: 0.7, Sum: 11.6]
      [Termination (ms): Min: 0.0, Avg: 0.0, Max: 0.0, Diff: 0.0, Sum: 0.0]
         [Termination Attempts: Min: 1, Avg: 1.0, Max: 1, Diff: 0, Sum: 4]
      [GC Worker Other (ms): Min: 0.0, Avg: 0.0, Max: 0.0, Diff: 0.0, Sum: 0.0]
      [GC Worker Total (ms): Min: 4.9, Avg: 5.0, Max: 5.0, Diff: 0.0, Sum: 19.9]
      [GC Worker End (ms): Min: 557876.8, Avg: 557876.8, Max: 557876.8, Diff: 0.0]
   [Code Root Fixup: 0.1 ms]
   [Code Root Purge: 0.0 ms]
   [Clear CT: 0.1 ms]
   [Other: 0.9 ms]
      [Choose CSet: 0.0 ms]
      [Ref Proc: 0.7 ms]
      [Ref Enq: 0.0 ms]
      [Redirty Cards: 0.0 ms]
      [Humongous Register: 0.0 ms]
      [Humongous Reclaim: 0.0 ms]
      [Free CSet: 0.0 ms]
   [Eden: 77.0M(77.0M)->0.0B(75.0M) Survivors: 3072.0K->4096.0K Heap: 224.7M(256.0M)->149.2M(256.0M)]
 [Times: user=0.02 sys=0.00, real=0.00 secs] 
2020-04-13T15:52:56.816+0800: 559.778: [GC pause (G1 Evacuation Pause) (young) (initial-mark), 0.0059157 secs]
   [Parallel Time: 5.5 ms, GC Workers: 4]
      [GC Worker Start (ms): Min: 559778.4, Avg: 559778.4, Max: 559778.4, Diff: 0.0]
      [Ext Root Scanning (ms): Min: 0.5, Avg: 0.5, Max: 0.5, Diff: 0.0, Sum: 2.0]
      [Update RS (ms): Min: 2.1, Avg: 2.4, Max: 2.9, Diff: 0.8, Sum: 9.5]
         [Processed Buffers: Min: 3, Avg: 8.2, Max: 19, Diff: 16, Sum: 33]
      [Scan RS (ms): Min: 0.0, Avg: 0.0, Max: 0.0, Diff: 0.0, Sum: 0.0]
      [Code Root Scanning (ms): Min: 0.0, Avg: 0.0, Max: 0.0, Diff: 0.0, Sum: 0.0]
      [Object Copy (ms): Min: 2.0, Avg: 2.6, Max: 2.9, Diff: 0.9, Sum: 10.3]
      [Termination (ms): Min: 0.0, Avg: 0.0, Max: 0.0, Diff: 0.0, Sum: 0.0]
         [Termination Attempts: Min: 1, Avg: 1.0, Max: 1, Diff: 0, Sum: 4]
      [GC Worker Other (ms): Min: 0.0, Avg: 0.0, Max: 0.0, Diff: 0.0, Sum: 0.0]
      [GC Worker Total (ms): Min: 5.4, Avg: 5.5, Max: 5.5, Diff: 0.0, Sum: 21.8]
      [GC Worker End (ms): Min: 559783.8, Avg: 559783.8, Max: 559783.8, Diff: 0.0]
   [Code Root Fixup: 0.0 ms]
   [Code Root Purge: 0.0 ms]
   [Clear CT: 0.1 ms]
   [Other: 0.3 ms]
      [Choose CSet: 0.0 ms]
      [Ref Proc: 0.1 ms]
      [Ref Enq: 0.0 ms]
      [Redirty Cards: 0.0 ms]
      [Humongous Register: 0.0 ms]
      [Humongous Reclaim: 0.0 ms]
      [Free CSet: 0.0 ms]
   [Eden: 75.0M(75.0M)->0.0B(77.0M) Survivors: 4096.0K->3072.0K Heap: 224.2M(256.0M)->148.1M(256.0M)]
 [Times: user=0.02 sys=0.00, real=0.01 secs] 
2020-04-13T15:52:56.822+0800: 559.784: [GC concurrent-root-region-scan-start]
2020-04-13T15:52:56.827+0800: 559.789: [GC concurrent-root-region-scan-end, 0.0043618 secs]
2020-04-13T15:52:56.827+0800: 559.789: [GC concurrent-mark-start]
2020-04-13T15:52:56.846+0800: 559.808: [GC concurrent-mark-end, 0.0196028 secs]
2020-04-13T15:52:56.847+0800: 559.809: [GC remark 2020-04-13T15:52:56.847+0800: 559.809: [Finalize Marking, 0.0017871 secs] 2020-04-13T15:52:56.848+0800: 559.810: [GC ref-proc, 0.0000746 secs] 2020-04-13T15:52:56.848+0800: 559.810: [Unloading, 0.0041458 secs], 0.0073330 secs]
 [Times: user=0.01 sys=0.00, real=0.01 secs] 
2020-04-13T15:52:56.854+0800: 559.816: [GC cleanup 149M->149M(256M), 0.0002703 secs]
 [Times: user=0.00 sys=0.00, real=0.00 secs] 
2020-04-13T15:52:58.743+0800: 561.705: [GC pause (G1 Evacuation Pause) (young), 0.0061272 secs]
   [Parallel Time: 5.3 ms, GC Workers: 4]
      [GC Worker Start (ms): Min: 561704.6, Avg: 561704.6, Max: 561704.6, Diff: 0.0]
      [Ext Root Scanning (ms): Min: 0.3, Avg: 0.3, Max: 0.5, Diff: 0.2, Sum: 1.3]
      [Update RS (ms): Min: 1.3, Avg: 1.4, Max: 1.5, Diff: 0.2, Sum: 5.7]
         [Processed Buffers: Min: 4, Avg: 7.8, Max: 12, Diff: 8, Sum: 31]
      [Scan RS (ms): Min: 0.2, Avg: 0.3, Max: 0.3, Diff: 0.2, Sum: 1.0]
      [Code Root Scanning (ms): Min: 0.0, Avg: 0.0, Max: 0.0, Diff: 0.0, Sum: 0.0]
      [Object Copy (ms): Min: 3.0, Avg: 3.0, Max: 3.1, Diff: 0.1, Sum: 12.2]
      [Termination (ms): Min: 0.0, Avg: 0.1, Max: 0.2, Diff: 0.2, Sum: 0.5]
         [Termination Attempts: Min: 1, Avg: 1.2, Max: 2, Diff: 1, Sum: 5]
      [GC Worker Other (ms): Min: 0.0, Avg: 0.0, Max: 0.0, Diff: 0.0, Sum: 0.0]
      [GC Worker Total (ms): Min: 5.2, Avg: 5.2, Max: 5.2, Diff: 0.0, Sum: 20.8]
      [GC Worker End (ms): Min: 561709.8, Avg: 561709.8, Max: 561709.8, Diff: 0.0]
   [Code Root Fixup: 0.1 ms]
   [Code Root Purge: 0.0 ms]
   [Clear CT: 0.1 ms]
   [Other: 0.7 ms]
      [Choose CSet: 0.0 ms]
      [Ref Proc: 0.6 ms]
      [Ref Enq: 0.0 ms]
      [Redirty Cards: 0.1 ms]
      [Humongous Register: 0.0 ms]
      [Humongous Reclaim: 0.0 ms]
      [Free CSet: 0.0 ms]
   [Eden: 77.0M(77.0M)->0.0B(75.0M) Survivors: 3072.0K->4096.0K Heap: 225.1M(256.0M)->149.1M(256.0M)]
 [Times: user=0.02 sys=0.00, real=0.00 secs] 
2020-04-13T15:53:00.625+0800: 563.587: [GC pause (G1 Evacuation Pause) (young), 0.0061039 secs]
   [Parallel Time: 5.1 ms, GC Workers: 4]
      [GC Worker Start (ms): Min: 563586.7, Avg: 563586.7, Max: 563586.8, Diff: 0.1]
      [Ext Root Scanning (ms): Min: 0.2, Avg: 0.3, Max: 0.5, Diff: 0.2, Sum: 1.3]
      [Update RS (ms): Min: 1.6, Avg: 1.6, Max: 1.7, Diff: 0.2, Sum: 6.4]
         [Processed Buffers: Min: 5, Avg: 8.5, Max: 12, Diff: 7, Sum: 34]
      [Scan RS (ms): Min: 0.0, Avg: 0.4, Max: 1.1, Diff: 1.1, Sum: 1.6]
      [Code Root Scanning (ms): Min: 0.0, Avg: 0.0, Max: 0.0, Diff: 0.0, Sum: 0.0]
      [Object Copy (ms): Min: 2.0, Avg: 2.6, Max: 2.9, Diff: 0.9, Sum: 10.3]
      [Termination (ms): Min: 0.0, Avg: 0.0, Max: 0.0, Diff: 0.0, Sum: 0.0]
         [Termination Attempts: Min: 1, Avg: 1.0, Max: 1, Diff: 0, Sum: 4]
      [GC Worker Other (ms): Min: 0.0, Avg: 0.1, Max: 0.1, Diff: 0.1, Sum: 0.3]
      [GC Worker Total (ms): Min: 4.9, Avg: 5.0, Max: 5.0, Diff: 0.1, Sum: 19.9]
      [GC Worker End (ms): Min: 563591.7, Avg: 563591.7, Max: 563591.8, Diff: 0.1]
   [Code Root Fixup: 0.0 ms]
   [Code Root Purge: 0.0 ms]
   [Clear CT: 0.1 ms]
   [Other: 0.9 ms]
      [Choose CSet: 0.0 ms]
      [Ref Proc: 0.7 ms]
      [Ref Enq: 0.0 ms]
      [Redirty Cards: 0.1 ms]
      [Humongous Register: 0.0 ms]
      [Humongous Reclaim: 0.0 ms]
      [Free CSet: 0.0 ms]
   [Eden: 75.0M(75.0M)->0.0B(77.0M) Survivors: 4096.0K->3072.0K Heap: 224.1M(256.0M)->148.2M(256.0M)]
 [Times: user=0.02 sys=0.00, real=0.01 secs] 
2020-04-13T15:53:02.508+0800: 565.469: [GC pause (G1 Evacuation Pause) (young) (initial-mark), 0.0134194 secs]
   [Parallel Time: 12.4 ms, GC Workers: 4]
      [GC Worker Start (ms): Min: 565469.6, Avg: 565469.8, Max: 565470.5, Diff: 0.9]
      [Ext Root Scanning (ms): Min: 0.5, Avg: 0.8, Max: 0.9, Diff: 0.4, Sum: 3.1]
      [Update RS (ms): Min: 1.8, Avg: 2.2, Max: 2.4, Diff: 0.6, Sum: 8.9]
         [Processed Buffers: Min: 3, Avg: 8.8, Max: 16, Diff: 13, Sum: 35]
      [Scan RS (ms): Min: 0.1, Avg: 0.2, Max: 0.4, Diff: 0.3, Sum: 0.9]
      [Code Root Scanning (ms): Min: 0.0, Avg: 0.0, Max: 0.0, Diff: 0.0, Sum: 0.0]
      [Object Copy (ms): Min: 4.7, Avg: 5.3, Max: 6.0, Diff: 1.3, Sum: 21.3]
      [Termination (ms): Min: 0.0, Avg: 2.1, Max: 4.3, Diff: 4.3, Sum: 8.6]
         [Termination Attempts: Min: 1, Avg: 1.0, Max: 1, Diff: 0, Sum: 4]
      [GC Worker Other (ms): Min: 0.0, Avg: 0.0, Max: 0.0, Diff: 0.0, Sum: 0.0]
      [GC Worker Total (ms): Min: 8.6, Avg: 10.7, Max: 12.4, Diff: 3.8, Sum: 42.9]
      [GC Worker End (ms): Min: 565479.1, Avg: 565480.5, Max: 565482.0, Diff: 2.9]
   [Code Root Fixup: 0.0 ms]
   [Code Root Purge: 0.0 ms]
   [Clear CT: 0.0 ms]
   [Other: 0.9 ms]
      [Choose CSet: 0.0 ms]
      [Ref Proc: 0.7 ms]
      [Ref Enq: 0.0 ms]
      [Redirty Cards: 0.0 ms]
      [Humongous Register: 0.0 ms]
      [Humongous Reclaim: 0.0 ms]
      [Free CSet: 0.0 ms]
   [Eden: 77.0M(77.0M)->0.0B(74.0M) Survivors: 3072.0K->4096.0K Heap: 225.2M(256.0M)->149.5M(256.0M)]
 [Times: user=0.03 sys=0.00, real=0.02 secs] 
2020-04-13T15:53:02.521+0800: 565.483: [GC concurrent-root-region-scan-start]
2020-04-13T15:53:02.525+0800: 565.487: [GC concurrent-root-region-scan-end, 0.0041167 secs]
2020-04-13T15:53:02.525+0800: 565.487: [GC concurrent-mark-start]
2020-04-13T15:53:02.545+0800: 565.507: [GC concurrent-mark-end, 0.0194869 secs]
2020-04-13T15:53:02.545+0800: 565.507: [GC remark 2020-04-13T15:53:02.545+0800: 565.507: [Finalize Marking, 0.0006286 secs] 2020-04-13T15:53:02.545+0800: 565.507: [GC ref-proc, 0.0000502 secs] 2020-04-13T15:53:02.546+0800: 565.507: [Unloading, 0.0230219 secs], 0.0328115 secs]
 [Times: user=0.03 sys=0.01, real=0.03 secs] 
2020-04-13T15:53:02.579+0800: 565.541: [GC cleanup 151M->151M(256M), 0.0003596 secs]
 [Times: user=0.00 sys=0.00, real=0.00 secs] 
2020-04-13T15:53:04.563+0800: 567.525: [GC pause (G1 Evacuation Pause) (young), 0.0054227 secs]
   [Parallel Time: 5.0 ms, GC Workers: 4]
      [GC Worker Start (ms): Min: 567525.0, Avg: 567525.0, Max: 567525.2, Diff: 0.2]
      [Ext Root Scanning (ms): Min: 0.2, Avg: 0.4, Max: 0.5, Diff: 0.3, Sum: 1.5]
      [Update RS (ms): Min: 1.3, Avg: 1.4, Max: 1.5, Diff: 0.1, Sum: 5.5]
         [Processed Buffers: Min: 5, Avg: 8.0, Max: 13, Diff: 8, Sum: 32]
      [Scan RS (ms): Min: 0.2, Avg: 0.3, Max: 0.4, Diff: 0.2, Sum: 1.1]
      [Code Root Scanning (ms): Min: 0.0, Avg: 0.0, Max: 0.0, Diff: 0.0, Sum: 0.0]
      [Object Copy (ms): Min: 2.5, Avg: 2.6, Max: 2.8, Diff: 0.2, Sum: 10.5]
      [Termination (ms): Min: 0.0, Avg: 0.3, Max: 0.4, Diff: 0.4, Sum: 1.0]
         [Termination Attempts: Min: 1, Avg: 1.0, Max: 1, Diff: 0, Sum: 4]
      [GC Worker Other (ms): Min: 0.0, Avg: 0.0, Max: 0.0, Diff: 0.0, Sum: 0.0]
      [GC Worker Total (ms): Min: 4.7, Avg: 4.9, Max: 5.0, Diff: 0.3, Sum: 19.7]
      [GC Worker End (ms): Min: 567529.9, Avg: 567530.0, Max: 567530.0, Diff: 0.1]
   [Code Root Fixup: 0.0 ms]
   [Code Root Purge: 0.0 ms]
   [Clear CT: 0.1 ms]
   [Other: 0.3 ms]
      [Choose CSet: 0.0 ms]
      [Ref Proc: 0.1 ms]
      [Ref Enq: 0.0 ms]
      [Redirty Cards: 0.0 ms]
      [Humongous Register: 0.0 ms]
      [Humongous Reclaim: 0.0 ms]
      [Free CSet: 0.0 ms]
   [Eden: 74.0M(74.0M)->0.0B(76.0M) Survivors: 4096.0K->3072.0K Heap: 223.5M(256.0M)->149.2M(256.0M)]
 [Times: user=0.02 sys=0.00, real=0.00 secs] 
2020-04-13T15:53:06.468+0800: 569.430: [GC pause (G1 Evacuation Pause) (young), 0.0064097 secs]
   [Parallel Time: 5.7 ms, GC Workers: 4]
      [GC Worker Start (ms): Min: 569429.7, Avg: 569429.8, Max: 569430.0, Diff: 0.3]
      [Ext Root Scanning (ms): Min: 0.1, Avg: 0.3, Max: 0.5, Diff: 0.4, Sum: 1.3]
      [Update RS (ms): Min: 1.4, Avg: 1.6, Max: 1.7, Diff: 0.2, Sum: 6.2]
         [Processed Buffers: Min: 5, Avg: 8.0, Max: 13, Diff: 8, Sum: 32]
      [Scan RS (ms): Min: 0.1, Avg: 0.2, Max: 0.3, Diff: 0.2, Sum: 0.8]
      [Code Root Scanning (ms): Min: 0.0, Avg: 0.0, Max: 0.0, Diff: 0.0, Sum: 0.0]
      [Object Copy (ms): Min: 2.7, Avg: 2.9, Max: 3.3, Diff: 0.6, Sum: 11.7]
      [Termination (ms): Min: 0.0, Avg: 0.5, Max: 0.7, Diff: 0.7, Sum: 1.9]
         [Termination Attempts: Min: 1, Avg: 1.0, Max: 1, Diff: 0, Sum: 4]
      [GC Worker Other (ms): Min: 0.0, Avg: 0.0, Max: 0.0, Diff: 0.0, Sum: 0.0]
      [GC Worker Total (ms): Min: 5.3, Avg: 5.5, Max: 5.6, Diff: 0.3, Sum: 22.0]
      [GC Worker End (ms): Min: 569435.2, Avg: 569435.3, Max: 569435.4, Diff: 0.2]
   [Code Root Fixup: 0.0 ms]
   [Code Root Purge: 0.0 ms]
   [Clear CT: 0.0 ms]
   [Other: 0.7 ms]
      [Choose CSet: 0.0 ms]
      [Ref Proc: 0.4 ms]
      [Ref Enq: 0.0 ms]
      [Redirty Cards: 0.0 ms]
      [Humongous Register: 0.0 ms]
      [Humongous Reclaim: 0.0 ms]
      [Free CSet: 0.0 ms]
   [Eden: 76.0M(76.0M)->0.0B(74.0M) Survivors: 3072.0K->4096.0K Heap: 225.2M(256.0M)->149.9M(256.0M)]
 [Times: user=0.02 sys=0.00, real=0.01 secs] 
2020-04-13T15:53:08.552+0800: 571.514: [GC pause (G1 Evacuation Pause) (young) (initial-mark), 0.0049051 secs]
   [Parallel Time: 4.5 ms, GC Workers: 4]
      [GC Worker Start (ms): Min: 571513.6, Avg: 571513.7, Max: 571513.7, Diff: 0.0]
      [Ext Root Scanning (ms): Min: 0.5, Avg: 0.5, Max: 0.5, Diff: 0.0, Sum: 2.0]
      [Update RS (ms): Min: 1.6, Avg: 1.7, Max: 1.8, Diff: 0.1, Sum: 6.8]
         [Processed Buffers: Min: 5, Avg: 8.2, Max: 15, Diff: 10, Sum: 33]
      [Scan RS (ms): Min: 0.0, Avg: 0.1, Max: 0.1, Diff: 0.1, Sum: 0.4]
      [Code Root Scanning (ms): Min: 0.0, Avg: 0.0, Max: 0.0, Diff: 0.0, Sum: 0.0]
      [Object Copy (ms): Min: 2.1, Avg: 2.1, Max: 2.2, Diff: 0.1, Sum: 8.5]
      [Termination (ms): Min: 0.0, Avg: 0.0, Max: 0.0, Diff: 0.0, Sum: 0.0]
         [Termination Attempts: Min: 1, Avg: 1.0, Max: 1, Diff: 0, Sum: 4]
      [GC Worker Other (ms): Min: 0.0, Avg: 0.0, Max: 0.0, Diff: 0.0, Sum: 0.1]
      [GC Worker Total (ms): Min: 4.4, Avg: 4.5, Max: 4.5, Diff: 0.0, Sum: 17.8]
      [GC Worker End (ms): Min: 571518.1, Avg: 571518.1, Max: 571518.1, Diff: 0.0]
   [Code Root Fixup: 0.0 ms]
   [Code Root Purge: 0.0 ms]
   [Clear CT: 0.1 ms]
   [Other: 0.3 ms]
      [Choose CSet: 0.0 ms]
      [Ref Proc: 0.1 ms]
      [Ref Enq: 0.0 ms]
      [Redirty Cards: 0.1 ms]
      [Humongous Register: 0.0 ms]
      [Humongous Reclaim: 0.0 ms]
      [Free CSet: 0.0 ms]
   [Eden: 74.0M(74.0M)->0.0B(78.0M) Survivors: 4096.0K->2048.0K Heap: 223.9M(256.0M)->148.7M(256.0M)]
 [Times: user=0.02 sys=0.00, real=0.00 secs] 
2020-04-13T15:53:08.557+0800: 571.519: [GC concurrent-root-region-scan-start]
2020-04-13T15:53:08.560+0800: 571.522: [GC concurrent-root-region-scan-end, 0.0036548 secs]
2020-04-13T15:53:08.560+0800: 571.522: [GC concurrent-mark-start]
2020-04-13T15:53:08.586+0800: 571.548: [GC concurrent-mark-end, 0.0254390 secs]
2020-04-13T15:53:08.586+0800: 571.548: [GC remark 2020-04-13T15:53:08.586+0800: 571.548: [Finalize Marking, 0.0003852 secs] 2020-04-13T15:53:08.586+0800: 571.548: [GC ref-proc, 0.0000539 secs] 2020-04-13T15:53:08.587+0800: 571.548: [Unloading, 0.0037510 secs], 0.0053765 secs]
 [Times: user=0.01 sys=0.01, real=0.01 secs] 
2020-04-13T15:53:08.592+0800: 571.553: [GC cleanup 150M->150M(256M), 0.0003873 secs]
 [Times: user=0.00 sys=0.00, real=0.00 secs] 
2020-04-13T15:53:10.528+0800: 573.490: [GC pause (G1 Evacuation Pause) (young), 0.0121850 secs]
   [Parallel Time: 11.5 ms, GC Workers: 4]
      [GC Worker Start (ms): Min: 573489.9, Avg: 573492.7, Max: 573501.1, Diff: 11.2]
      [Ext Root Scanning (ms): Min: 0.0, Avg: 1.8, Max: 5.1, Diff: 5.1, Sum: 7.0]
      [Update RS (ms): Min: 0.0, Avg: 3.2, Max: 6.8, Diff: 6.8, Sum: 12.8]
         [Processed Buffers: Min: 0, Avg: 10.0, Max: 23, Diff: 23, Sum: 40]
      [Scan RS (ms): Min: 0.0, Avg: 0.0, Max: 0.0, Diff: 0.0, Sum: 0.0]
      [Code Root Scanning (ms): Min: 0.0, Avg: 0.0, Max: 0.0, Diff: 0.0, Sum: 0.0]
      [Object Copy (ms): Min: 0.0, Avg: 3.1, Max: 4.7, Diff: 4.7, Sum: 12.2]
      [Termination (ms): Min: 0.0, Avg: 0.6, Max: 0.8, Diff: 0.8, Sum: 2.3]
         [Termination Attempts: Min: 1, Avg: 1.0, Max: 1, Diff: 0, Sum: 4]
      [GC Worker Other (ms): Min: 0.0, Avg: 0.0, Max: 0.0, Diff: 0.0, Sum: 0.0]
      [GC Worker Total (ms): Min: 0.0, Avg: 8.6, Max: 11.5, Diff: 11.5, Sum: 34.4]
      [GC Worker End (ms): Min: 573501.2, Avg: 573501.3, Max: 573501.4, Diff: 0.2]
   [Code Root Fixup: 0.0 ms]
   [Code Root Purge: 0.0 ms]
   [Clear CT: 0.1 ms]
   [Other: 0.6 ms]
      [Choose CSet: 0.0 ms]
      [Ref Proc: 0.4 ms]
      [Ref Enq: 0.0 ms]
      [Redirty Cards: 0.0 ms]
      [Humongous Register: 0.0 ms]
      [Humongous Reclaim: 0.0 ms]
      [Free CSet: 0.0 ms]
   [Eden: 78.0M(78.0M)->0.0B(76.0M) Survivors: 2048.0K->3072.0K Heap: 226.7M(256.0M)->149.2M(256.0M)]
 [Times: user=0.02 sys=0.00, real=0.02 secs] 
2020-04-13T15:53:12.517+0800: 575.479: [GC pause (G1 Evacuation Pause) (young), 0.0048666 secs]
   [Parallel Time: 4.5 ms, GC Workers: 4]
      [GC Worker Start (ms): Min: 575478.8, Avg: 575478.9, Max: 575479.0, Diff: 0.2]
      [Ext Root Scanning (ms): Min: 0.2, Avg: 0.4, Max: 0.5, Diff: 0.3, Sum: 1.5]
      [Update RS (ms): Min: 1.8, Avg: 2.0, Max: 2.7, Diff: 0.9, Sum: 8.0]
         [Processed Buffers: Min: 3, Avg: 9.0, Max: 13, Diff: 10, Sum: 36]
      [Scan RS (ms): Min: 0.0, Avg: 0.2, Max: 0.3, Diff: 0.3, Sum: 0.7]
      [Code Root Scanning (ms): Min: 0.0, Avg: 0.0, Max: 0.0, Diff: 0.0, Sum: 0.0]
      [Object Copy (ms): Min: 1.4, Avg: 1.9, Max: 2.1, Diff: 0.7, Sum: 7.6]
      [Termination (ms): Min: 0.0, Avg: 0.0, Max: 0.0, Diff: 0.0, Sum: 0.0]
         [Termination Attempts: Min: 1, Avg: 1.0, Max: 1, Diff: 0, Sum: 4]
      [GC Worker Other (ms): Min: 0.0, Avg: 0.0, Max: 0.0, Diff: 0.0, Sum: 0.0]
      [GC Worker Total (ms): Min: 4.3, Avg: 4.5, Max: 4.5, Diff: 0.2, Sum: 17.8]
      [GC Worker End (ms): Min: 575483.3, Avg: 575483.3, Max: 575483.3, Diff: 0.0]
   [Code Root Fixup: 0.0 ms]
   [Code Root Purge: 0.0 ms]
   [Clear CT: 0.1 ms]
   [Other: 0.2 ms]
      [Choose CSet: 0.0 ms]
      [Ref Proc: 0.1 ms]
      [Ref Enq: 0.0 ms]
      [Redirty Cards: 0.0 ms]
      [Humongous Register: 0.0 ms]
      [Humongous Reclaim: 0.0 ms]
      [Free CSet: 0.0 ms]
   [Eden: 76.0M(76.0M)->0.0B(75.0M) Survivors: 3072.0K->3072.0K Heap: 225.2M(256.0M)->149.4M(256.0M)]
 [Times: user=0.02 sys=0.00, real=0.01 secs] 
2020-04-13T15:53:14.367+0800: 577.329: [GC pause (G1 Evacuation Pause) (young) (initial-mark), 0.0058576 secs]
   [Parallel Time: 4.8 ms, GC Workers: 4]
      [GC Worker Start (ms): Min: 577328.7, Avg: 577328.7, Max: 577328.7, Diff: 0.1]
      [Ext Root Scanning (ms): Min: 0.4, Avg: 0.6, Max: 0.8, Diff: 0.3, Sum: 2.6]
      [Update RS (ms): Min: 1.3, Avg: 1.6, Max: 1.9, Diff: 0.6, Sum: 6.4]
         [Processed Buffers: Min: 4, Avg: 8.2, Max: 17, Diff: 13, Sum: 33]
      [Scan RS (ms): Min: 0.2, Avg: 0.4, Max: 0.4, Diff: 0.2, Sum: 1.4]
      [Code Root Scanning (ms): Min: 0.0, Avg: 0.0, Max: 0.0, Diff: 0.0, Sum: 0.0]
      [Object Copy (ms): Min: 2.0, Avg: 2.1, Max: 2.4, Diff: 0.4, Sum: 8.3]
      [Termination (ms): Min: 0.0, Avg: 0.0, Max: 0.0, Diff: 0.0, Sum: 0.0]
         [Termination Attempts: Min: 1, Avg: 1.0, Max: 1, Diff: 0, Sum: 4]
      [GC Worker Other (ms): Min: 0.0, Avg: 0.1, Max: 0.3, Diff: 0.3, Sum: 0.3]
      [GC Worker Total (ms): Min: 4.7, Avg: 4.8, Max: 4.8, Diff: 0.1, Sum: 19.0]
      [GC Worker End (ms): Min: 577333.5, Avg: 577333.5, Max: 577333.5, Diff: 0.0]
   [Code Root Fixup: 0.0 ms]
   [Code Root Purge: 0.0 ms]
   [Clear CT: 0.0 ms]
   [Other: 0.9 ms]
      [Choose CSet: 0.0 ms]
      [Ref Proc: 0.7 ms]
      [Ref Enq: 0.0 ms]
      [Redirty Cards: 0.1 ms]
      [Humongous Register: 0.0 ms]
      [Humongous Reclaim: 0.0 ms]
      [Free CSet: 0.0 ms]
   [Eden: 75.0M(75.0M)->0.0B(77.0M) Survivors: 3072.0K->2048.0K Heap: 224.4M(256.0M)->148.8M(256.0M)]
 [Times: user=0.02 sys=0.00, real=0.01 secs] 
2020-04-13T15:53:14.373+0800: 577.335: [GC concurrent-root-region-scan-start]
2020-04-13T15:53:14.377+0800: 577.338: [GC concurrent-root-region-scan-end, 0.0037595 secs]
2020-04-13T15:53:14.377+0800: 577.338: [GC concurrent-mark-start]
2020-04-13T15:53:14.394+0800: 577.356: [GC concurrent-mark-end, 0.0175531 secs]
2020-04-13T15:53:14.394+0800: 577.356: [GC remark 2020-04-13T15:53:14.394+0800: 577.356: [Finalize Marking, 0.0001547 secs] 2020-04-13T15:53:14.394+0800: 577.356: [GC ref-proc, 0.0000586 secs] 2020-04-13T15:53:14.395+0800: 577.356: [Unloading, 0.0034926 secs], 0.0057449 secs]
 [Times: user=0.01 sys=0.00, real=0.01 secs] 
2020-04-13T15:53:14.401+0800: 577.362: [GC cleanup 150M->150M(256M), 0.0008245 secs]
 [Times: user=0.01 sys=0.00, real=0.00 secs] 
2020-04-13T15:53:16.442+0800: 579.404: [GC pause (G1 Evacuation Pause) (young), 0.0042842 secs]
   [Parallel Time: 4.0 ms, GC Workers: 4]
      [GC Worker Start (ms): Min: 579404.2, Avg: 579404.2, Max: 579404.2, Diff: 0.0]
      [Ext Root Scanning (ms): Min: 0.3, Avg: 0.3, Max: 0.5, Diff: 0.2, Sum: 1.4]
      [Update RS (ms): Min: 1.2, Avg: 1.4, Max: 1.7, Diff: 0.4, Sum: 5.7]
         [Processed Buffers: Min: 6, Avg: 7.8, Max: 10, Diff: 4, Sum: 31]
      [Scan RS (ms): Min: 0.1, Avg: 0.3, Max: 0.4, Diff: 0.3, Sum: 1.2]
      [Code Root Scanning (ms): Min: 0.0, Avg: 0.0, Max: 0.0, Diff: 0.0, Sum: 0.0]
      [Object Copy (ms): Min: 1.9, Avg: 1.9, Max: 1.9, Diff: 0.0, Sum: 7.5]
      [Termination (ms): Min: 0.0, Avg: 0.0, Max: 0.0, Diff: 0.0, Sum: 0.0]
         [Termination Attempts: Min: 1, Avg: 1.0, Max: 1, Diff: 0, Sum: 4]
      [GC Worker Other (ms): Min: 0.0, Avg: 0.0, Max: 0.0, Diff: 0.0, Sum: 0.0]
      [GC Worker Total (ms): Min: 3.9, Avg: 3.9, Max: 4.0, Diff: 0.0, Sum: 15.8]
      [GC Worker End (ms): Min: 579408.2, Avg: 579408.2, Max: 579408.2, Diff: 0.0]
   [Code Root Fixup: 0.0 ms]
   [Code Root Purge: 0.0 ms]
   [Clear CT: 0.1 ms]
   [Other: 0.2 ms]
      [Choose CSet: 0.0 ms]
      [Ref Proc: 0.1 ms]
      [Ref Enq: 0.0 ms]
      [Redirty Cards: 0.1 ms]
      [Humongous Register: 0.0 ms]
      [Humongous Reclaim: 0.0 ms]
      [Free CSet: 0.0 ms]
   [Eden: 77.0M(77.0M)->0.0B(75.0M) Survivors: 2048.0K->3072.0K Heap: 225.8M(256.0M)->150.2M(256.0M)]
 [Times: user=0.02 sys=0.00, real=0.00 secs] 
2020-04-13T15:53:18.242+0800: 581.204: [GC pause (G1 Evacuation Pause) (young), 0.0124702 secs]
   [Parallel Time: 11.3 ms, GC Workers: 4]
      [GC Worker Start (ms): Min: 581204.2, Avg: 581204.3, Max: 581204.3, Diff: 0.0]
      [Ext Root Scanning (ms): Min: 0.3, Avg: 0.4, Max: 0.5, Diff: 0.1, Sum: 1.6]
      [Update RS (ms): Min: 0.0, Avg: 5.3, Max: 9.8, Diff: 9.8, Sum: 21.2]
         [Processed Buffers: Min: 0, Avg: 7.8, Max: 18, Diff: 18, Sum: 31]
      [Scan RS (ms): Min: 0.0, Avg: 0.2, Max: 0.3, Diff: 0.3, Sum: 0.7]
      [Code Root Scanning (ms): Min: 0.0, Avg: 0.0, Max: 0.0, Diff: 0.0, Sum: 0.0]
      [Object Copy (ms): Min: 0.4, Avg: 4.9, Max: 10.6, Diff: 10.1, Sum: 19.5]
      [Termination (ms): Min: 0.0, Avg: 0.3, Max: 0.4, Diff: 0.4, Sum: 1.1]
         [Termination Attempts: Min: 1, Avg: 1.0, Max: 1, Diff: 0, Sum: 4]
      [GC Worker Other (ms): Min: 0.0, Avg: 0.0, Max: 0.0, Diff: 0.0, Sum: 0.0]
      [GC Worker Total (ms): Min: 11.0, Avg: 11.0, Max: 11.1, Diff: 0.2, Sum: 44.2]
      [GC Worker End (ms): Min: 581215.2, Avg: 581215.3, Max: 581215.4, Diff: 0.2]
   [Code Root Fixup: 0.0 ms]
   [Code Root Purge: 0.0 ms]
   [Clear CT: 0.0 ms]
   [Other: 1.1 ms]
      [Choose CSet: 0.0 ms]
      [Ref Proc: 1.0 ms]
      [Ref Enq: 0.0 ms]
      [Redirty Cards: 0.0 ms]
      [Humongous Register: 0.0 ms]
      [Humongous Reclaim: 0.0 ms]
      [Free CSet: 0.0 ms]
   [Eden: 75.0M(75.0M)->0.0B(77.0M) Survivors: 3072.0K->2048.0K Heap: 225.2M(256.0M)->149.2M(256.0M)]
 [Times: user=0.03 sys=0.00, real=0.01 secs] 
2020-04-13T15:53:20.213+0800: 583.175: [GC pause (G1 Evacuation Pause) (young) (initial-mark), 0.0048446 secs]
   [Parallel Time: 4.5 ms, GC Workers: 4]
      [GC Worker Start (ms): Min: 583174.6, Avg: 583174.6, Max: 583174.6, Diff: 0.0]
      [Ext Root Scanning (ms): Min: 0.6, Avg: 0.7, Max: 0.7, Diff: 0.1, Sum: 2.6]
      [Update RS (ms): Min: 1.5, Avg: 1.5, Max: 1.7, Diff: 0.2, Sum: 6.1]
         [Processed Buffers: Min: 4, Avg: 7.5, Max: 11, Diff: 7, Sum: 30]
      [Scan RS (ms): Min: 0.2, Avg: 0.4, Max: 0.5, Diff: 0.3, Sum: 1.5]
      [Code Root Scanning (ms): Min: 0.0, Avg: 0.0, Max: 0.0, Diff: 0.0, Sum: 0.0]
      [Object Copy (ms): Min: 1.8, Avg: 1.8, Max: 1.9, Diff: 0.1, Sum: 7.2]
      [Termination (ms): Min: 0.0, Avg: 0.0, Max: 0.0, Diff: 0.0, Sum: 0.0]
         [Termination Attempts: Min: 1, Avg: 1.5, Max: 2, Diff: 1, Sum: 6]
      [GC Worker Other (ms): Min: 0.0, Avg: 0.0, Max: 0.0, Diff: 0.0, Sum: 0.0]
      [GC Worker Total (ms): Min: 4.4, Avg: 4.4, Max: 4.4, Diff: 0.0, Sum: 17.5]
      [GC Worker End (ms): Min: 583179.0, Avg: 583179.0, Max: 583179.0, Diff: 0.0]
   [Code Root Fixup: 0.0 ms]
   [Code Root Purge: 0.0 ms]
   [Clear CT: 0.1 ms]
   [Other: 0.3 ms]
      [Choose CSet: 0.0 ms]
      [Ref Proc: 0.1 ms]
      [Ref Enq: 0.0 ms]
      [Redirty Cards: 0.0 ms]
      [Humongous Register: 0.0 ms]
      [Humongous Reclaim: 0.0 ms]
      [Free CSet: 0.0 ms]
   [Eden: 77.0M(77.0M)->0.0B(75.0M) Survivors: 2048.0K->3072.0K Heap: 226.2M(256.0M)->150.4M(256.0M)]
 [Times: user=0.01 sys=0.00, real=0.00 secs] 
2020-04-13T15:53:20.218+0800: 583.180: [GC concurrent-root-region-scan-start]
2020-04-13T15:53:20.222+0800: 583.183: [GC concurrent-root-region-scan-end, 0.0039114 secs]
2020-04-13T15:53:20.222+0800: 583.183: [GC concurrent-mark-start]
2020-04-13T15:53:20.238+0800: 583.200: [GC concurrent-mark-end, 0.0166107 secs]
2020-04-13T15:53:20.239+0800: 583.200: [GC remark 2020-04-13T15:53:20.239+0800: 583.200: [Finalize Marking, 0.0009451 secs] 2020-04-13T15:53:20.240+0800: 583.201: [GC ref-proc, 0.0000580 secs] 2020-04-13T15:53:20.240+0800: 583.201: [Unloading, 0.0043397 secs], 0.0066329 secs]
 [Times: user=0.01 sys=0.00, real=0.01 secs] 
2020-04-13T15:53:20.245+0800: 583.207: [GC cleanup 151M->151M(256M), 0.0003183 secs]
 [Times: user=0.00 sys=0.00, real=0.00 secs] 
2020-04-13T15:53:22.097+0800: 585.058: [GC pause (G1 Evacuation Pause) (young), 0.0065555 secs]
   [Parallel Time: 5.5 ms, GC Workers: 4]
      [GC Worker Start (ms): Min: 585058.3, Avg: 585058.4, Max: 585058.4, Diff: 0.0]
      [Ext Root Scanning (ms): Min: 0.3, Avg: 0.3, Max: 0.5, Diff: 0.2, Sum: 1.3]
      [Update RS (ms): Min: 1.3, Avg: 2.4, Max: 4.9, Diff: 3.6, Sum: 9.6]
         [Processed Buffers: Min: 4, Avg: 7.8, Max: 11, Diff: 7, Sum: 31]
      [Scan RS (ms): Min: 0.0, Avg: 0.3, Max: 0.5, Diff: 0.5, Sum: 1.0]
      [Code Root Scanning (ms): Min: 0.0, Avg: 0.0, Max: 0.0, Diff: 0.0, Sum: 0.0]
      [Object Copy (ms): Min: 0.1, Avg: 1.8, Max: 2.4, Diff: 2.3, Sum: 7.1]
      [Termination (ms): Min: 0.0, Avg: 0.6, Max: 0.8, Diff: 0.8, Sum: 2.3]
         [Termination Attempts: Min: 1, Avg: 1.0, Max: 1, Diff: 0, Sum: 4]
      [GC Worker Other (ms): Min: 0.0, Avg: 0.0, Max: 0.0, Diff: 0.0, Sum: 0.1]
      [GC Worker Total (ms): Min: 5.2, Avg: 5.4, Max: 5.4, Diff: 0.2, Sum: 21.4]
      [GC Worker End (ms): Min: 585063.6, Avg: 585063.7, Max: 585063.8, Diff: 0.2]
   [Code Root Fixup: 0.0 ms]
   [Code Root Purge: 0.0 ms]
   [Clear CT: 0.0 ms]
   [Other: 1.0 ms]
      [Choose CSet: 0.0 ms]
      [Ref Proc: 0.8 ms]
      [Ref Enq: 0.0 ms]
      [Redirty Cards: 0.0 ms]
      [Humongous Register: 0.0 ms]
      [Humongous Reclaim: 0.0 ms]
      [Free CSet: 0.0 ms]
   [Eden: 75.0M(75.0M)->0.0B(77.0M) Survivors: 3072.0K->2048.0K Heap: 225.4M(256.0M)->149.3M(256.0M)]
 [Times: user=0.01 sys=0.00, real=0.01 secs] 
2020-04-13T15:53:24.028+0800: 586.989: [GC pause (G1 Evacuation Pause) (young), 0.0072168 secs]
   [Parallel Time: 6.3 ms, GC Workers: 4]
      [GC Worker Start (ms): Min: 586989.5, Avg: 586989.5, Max: 586989.5, Diff: 0.0]
      [Ext Root Scanning (ms): Min: 0.3, Avg: 0.5, Max: 1.2, Diff: 0.9, Sum: 2.1]
      [Update RS (ms): Min: 1.1, Avg: 2.6, Max: 5.8, Diff: 4.7, Sum: 10.3]
         [Processed Buffers: Min: 2, Avg: 8.0, Max: 18, Diff: 16, Sum: 32]
      [Scan RS (ms): Min: 0.0, Avg: 0.6, Max: 0.9, Diff: 0.9, Sum: 2.5]
      [Code Root Scanning (ms): Min: 0.0, Avg: 0.0, Max: 0.0, Diff: 0.0, Sum: 0.0]
      [Object Copy (ms): Min: 0.1, Avg: 2.2, Max: 3.1, Diff: 3.0, Sum: 9.0]
      [Termination (ms): Min: 0.0, Avg: 0.3, Max: 0.4, Diff: 0.4, Sum: 1.1]
         [Termination Attempts: Min: 1, Avg: 2.5, Max: 4, Diff: 3, Sum: 10]
      [GC Worker Other (ms): Min: 0.0, Avg: 0.0, Max: 0.0, Diff: 0.0, Sum: 0.1]
      [GC Worker Total (ms): Min: 6.2, Avg: 6.3, Max: 6.3, Diff: 0.0, Sum: 25.0]
      [GC Worker End (ms): Min: 586995.8, Avg: 586995.8, Max: 586995.8, Diff: 0.0]
   [Code Root Fixup: 0.0 ms]
   [Code Root Purge: 0.0 ms]
   [Clear CT: 0.1 ms]
   [Other: 0.8 ms]
      [Choose CSet: 0.0 ms]
      [Ref Proc: 0.6 ms]
      [Ref Enq: 0.0 ms]
      [Redirty Cards: 0.1 ms]
      [Humongous Register: 0.0 ms]
      [Humongous Reclaim: 0.0 ms]
      [Free CSet: 0.0 ms]
   [Eden: 77.0M(77.0M)->0.0B(75.0M) Survivors: 2048.0K->3072.0K Heap: 226.3M(256.0M)->150.1M(256.0M)]
 [Times: user=0.02 sys=0.00, real=0.01 secs] 
2020-04-13T15:53:26.014+0800: 588.976: [GC pause (G1 Evacuation Pause) (young) (initial-mark), 0.0055179 secs]
   [Parallel Time: 5.1 ms, GC Workers: 4]
      [GC Worker Start (ms): Min: 588976.0, Avg: 588976.0, Max: 588976.0, Diff: 0.0]
      [Ext Root Scanning (ms): Min: 0.5, Avg: 0.5, Max: 0.5, Diff: 0.0, Sum: 2.0]
      [Update RS (ms): Min: 1.2, Avg: 1.3, Max: 1.4, Diff: 0.3, Sum: 5.1]
         [Processed Buffers: Min: 4, Avg: 8.8, Max: 19, Diff: 15, Sum: 35]
      [Scan RS (ms): Min: 0.5, Avg: 0.8, Max: 0.9, Diff: 0.4, Sum: 3.0]
      [Code Root Scanning (ms): Min: 0.0, Avg: 0.0, Max: 0.0, Diff: 0.0, Sum: 0.0]
      [Object Copy (ms): Min: 2.0, Avg: 2.1, Max: 2.5, Diff: 0.6, Sum: 8.6]
      [Termination (ms): Min: 0.0, Avg: 0.4, Max: 0.5, Diff: 0.5, Sum: 1.6]
         [Termination Attempts: Min: 1, Avg: 1.0, Max: 1, Diff: 0, Sum: 4]
      [GC Worker Other (ms): Min: 0.0, Avg: 0.0, Max: 0.0, Diff: 0.0, Sum: 0.0]
      [GC Worker Total (ms): Min: 5.1, Avg: 5.1, Max: 5.1, Diff: 0.0, Sum: 20.3]
      [GC Worker End (ms): Min: 588981.1, Avg: 588981.1, Max: 588981.1, Diff: 0.0]
   [Code Root Fixup: 0.0 ms]
   [Code Root Purge: 0.0 ms]
   [Clear CT: 0.0 ms]
   [Other: 0.3 ms]
      [Choose CSet: 0.0 ms]
      [Ref Proc: 0.1 ms]
      [Ref Enq: 0.0 ms]
      [Redirty Cards: 0.1 ms]
      [Humongous Register: 0.0 ms]
      [Humongous Reclaim: 0.0 ms]
      [Free CSet: 0.0 ms]
   [Eden: 75.0M(75.0M)->0.0B(74.0M) Survivors: 3072.0K->3072.0K Heap: 225.1M(256.0M)->150.3M(256.0M)]
 [Times: user=0.02 sys=0.00, real=0.01 secs] 
2020-04-13T15:53:26.020+0800: 588.982: [GC concurrent-root-region-scan-start]
2020-04-13T15:53:26.039+0800: 589.001: [GC concurrent-root-region-scan-end, 0.0192864 secs]
2020-04-13T15:53:26.039+0800: 589.001: [GC concurrent-mark-start]
2020-04-13T15:53:26.060+0800: 589.022: [GC concurrent-mark-end, 0.0211765 secs]
2020-04-13T15:53:26.061+0800: 589.022: [GC remark 2020-04-13T15:53:26.061+0800: 589.022: [Finalize Marking, 0.0007028 secs] 2020-04-13T15:53:26.061+0800: 589.023: [GC ref-proc, 0.0000774 secs] 2020-04-13T15:53:26.062+0800: 589.023: [Unloading, 0.0076893 secs], 0.0096781 secs]
 [Times: user=0.02 sys=0.00, real=0.01 secs] 
2020-04-13T15:53:26.071+0800: 589.032: [GC cleanup 151M->151M(256M), 0.0016163 secs]
 [Times: user=0.00 sys=0.00, real=0.00 secs] 
2020-04-13T15:53:27.844+0800: 590.805: [GC pause (G1 Evacuation Pause) (young), 0.0048305 secs]
   [Parallel Time: 4.5 ms, GC Workers: 4]
      [GC Worker Start (ms): Min: 590805.3, Avg: 590805.3, Max: 590805.3, Diff: 0.0]
      [Ext Root Scanning (ms): Min: 0.3, Avg: 0.3, Max: 0.5, Diff: 0.2, Sum: 1.4]
      [Update RS (ms): Min: 1.1, Avg: 1.3, Max: 1.6, Diff: 0.4, Sum: 5.3]
         [Processed Buffers: Min: 4, Avg: 6.5, Max: 9, Diff: 5, Sum: 26]
      [Scan RS (ms): Min: 0.3, Avg: 0.4, Max: 0.5, Diff: 0.2, Sum: 1.8]
      [Code Root Scanning (ms): Min: 0.0, Avg: 0.0, Max: 0.0, Diff: 0.0, Sum: 0.0]
      [Object Copy (ms): Min: 2.2, Avg: 2.3, Max: 2.3, Diff: 0.1, Sum: 9.0]
      [Termination (ms): Min: 0.0, Avg: 0.0, Max: 0.0, Diff: 0.0, Sum: 0.1]
         [Termination Attempts: Min: 1, Avg: 1.0, Max: 1, Diff: 0, Sum: 4]
      [GC Worker Other (ms): Min: 0.0, Avg: 0.0, Max: 0.0, Diff: 0.0, Sum: 0.0]
      [GC Worker Total (ms): Min: 4.4, Avg: 4.4, Max: 4.4, Diff: 0.0, Sum: 17.7]
      [GC Worker End (ms): Min: 590809.7, Avg: 590809.7, Max: 590809.7, Diff: 0.0]
   [Code Root Fixup: 0.0 ms]
   [Code Root Purge: 0.0 ms]
   [Clear CT: 0.0 ms]
   [Other: 0.3 ms]
      [Choose CSet: 0.0 ms]
      [Ref Proc: 0.1 ms]
      [Ref Enq: 0.0 ms]
      [Redirty Cards: 0.1 ms]
      [Humongous Register: 0.0 ms]
      [Humongous Reclaim: 0.0 ms]
      [Free CSet: 0.0 ms]
   [Eden: 74.0M(74.0M)->0.0B(10.0M) Survivors: 3072.0K->2048.0K Heap: 224.3M(256.0M)->149.7M(256.0M)]
 [Times: user=0.02 sys=0.00, real=0.00 secs] 
2020-04-13T15:53:28.072+0800: 591.034: [GC pause (G1 Evacuation Pause) (mixed), 0.0042900 secs]
   [Parallel Time: 4.0 ms, GC Workers: 4]
      [GC Worker Start (ms): Min: 591033.9, Avg: 591033.9, Max: 591033.9, Diff: 0.0]
      [Ext Root Scanning (ms): Min: 0.3, Avg: 0.3, Max: 0.5, Diff: 0.2, Sum: 1.3]
      [Update RS (ms): Min: 1.2, Avg: 1.3, Max: 1.3, Diff: 0.1, Sum: 5.1]
         [Processed Buffers: Min: 4, Avg: 6.2, Max: 12, Diff: 8, Sum: 25]
      [Scan RS (ms): Min: 0.6, Avg: 0.7, Max: 0.7, Diff: 0.1, Sum: 2.8]
      [Code Root Scanning (ms): Min: 0.0, Avg: 0.0, Max: 0.0, Diff: 0.0, Sum: 0.0]
      [Object Copy (ms): Min: 1.6, Avg: 1.6, Max: 1.6, Diff: 0.1, Sum: 6.4]
      [Termination (ms): Min: 0.0, Avg: 0.0, Max: 0.0, Diff: 0.0, Sum: 0.0]
         [Termination Attempts: Min: 1, Avg: 1.0, Max: 1, Diff: 0, Sum: 4]
      [GC Worker Other (ms): Min: 0.0, Avg: 0.0, Max: 0.0, Diff: 0.0, Sum: 0.1]
      [GC Worker Total (ms): Min: 3.9, Avg: 3.9, Max: 3.9, Diff: 0.0, Sum: 15.7]
      [GC Worker End (ms): Min: 591037.8, Avg: 591037.8, Max: 591037.8, Diff: 0.0]
   [Code Root Fixup: 0.0 ms]
   [Code Root Purge: 0.0 ms]
   [Clear CT: 0.0 ms]
   [Other: 0.2 ms]
      [Choose CSet: 0.0 ms]
      [Ref Proc: 0.1 ms]
      [Ref Enq: 0.0 ms]
      [Redirty Cards: 0.1 ms]
      [Humongous Register: 0.0 ms]
      [Humongous Reclaim: 0.0 ms]
      [Free CSet: 0.0 ms]
   [Eden: 10.0M(10.0M)->0.0B(77.0M) Survivors: 2048.0K->2048.0K Heap: 159.7M(256.0M)->149.0M(256.0M)]
 [Times: user=0.01 sys=0.00, real=0.00 secs] 
2020-04-13T15:53:29.797+0800: 592.759: [GC pause (G1 Evacuation Pause) (young), 0.0052135 secs]
   [Parallel Time: 4.7 ms, GC Workers: 4]
      [GC Worker Start (ms): Min: 592759.2, Avg: 592759.3, Max: 592759.4, Diff: 0.1]
      [Ext Root Scanning (ms): Min: 0.4, Avg: 0.5, Max: 0.5, Diff: 0.2, Sum: 1.9]
      [Update RS (ms): Min: 0.0, Avg: 1.5, Max: 2.2, Diff: 2.2, Sum: 6.2]
         [Processed Buffers: Min: 0, Avg: 7.0, Max: 10, Diff: 10, Sum: 28]
      [Scan RS (ms): Min: 0.0, Avg: 0.3, Max: 0.5, Diff: 0.5, Sum: 1.1]
      [Code Root Scanning (ms): Min: 0.0, Avg: 0.0, Max: 0.0, Diff: 0.0, Sum: 0.0]
      [Object Copy (ms): Min: 1.7, Avg: 2.3, Max: 4.2, Diff: 2.5, Sum: 9.3]
      [Termination (ms): Min: 0.0, Avg: 0.0, Max: 0.0, Diff: 0.0, Sum: 0.0]
         [Termination Attempts: Min: 1, Avg: 1.0, Max: 1, Diff: 0, Sum: 4]
      [GC Worker Other (ms): Min: 0.0, Avg: 0.0, Max: 0.0, Diff: 0.0, Sum: 0.0]
      [GC Worker Total (ms): Min: 4.5, Avg: 4.6, Max: 4.7, Diff: 0.1, Sum: 18.6]
      [GC Worker End (ms): Min: 592763.9, Avg: 592763.9, Max: 592763.9, Diff: 0.0]
   [Code Root Fixup: 0.0 ms]
   [Code Root Purge: 0.0 ms]
   [Clear CT: 0.0 ms]
   [Other: 0.4 ms]
      [Choose CSet: 0.0 ms]
      [Ref Proc: 0.1 ms]
      [Ref Enq: 0.0 ms]
      [Redirty Cards: 0.1 ms]
      [Humongous Register: 0.0 ms]
      [Humongous Reclaim: 0.0 ms]
      [Free CSet: 0.0 ms]
   [Eden: 77.0M(77.0M)->0.0B(77.0M) Survivors: 2048.0K->2048.0K Heap: 226.0M(256.0M)->148.9M(256.0M)]
 [Times: user=0.01 sys=0.00, real=0.01 secs] 
2020-04-13T15:53:31.545+0800: 594.506: [GC pause (G1 Evacuation Pause) (young) (initial-mark), 0.0083519 secs]
   [Parallel Time: 7.8 ms, GC Workers: 4]
      [GC Worker Start (ms): Min: 594506.2, Avg: 594506.2, Max: 594506.3, Diff: 0.0]
      [Ext Root Scanning (ms): Min: 1.1, Avg: 1.1, Max: 1.2, Diff: 0.1, Sum: 4.6]
      [Update RS (ms): Min: 3.2, Avg: 3.5, Max: 3.9, Diff: 0.7, Sum: 14.1]
         [Processed Buffers: Min: 0, Avg: 7.8, Max: 14, Diff: 14, Sum: 31]
      [Scan RS (ms): Min: 0.0, Avg: 0.3, Max: 0.6, Diff: 0.6, Sum: 1.2]
      [Code Root Scanning (ms): Min: 0.0, Avg: 0.0, Max: 0.0, Diff: 0.0, Sum: 0.0]
      [Object Copy (ms): Min: 2.1, Avg: 2.3, Max: 2.7, Diff: 0.6, Sum: 9.2]
      [Termination (ms): Min: 0.0, Avg: 0.4, Max: 0.6, Diff: 0.6, Sum: 1.6]
         [Termination Attempts: Min: 1, Avg: 1.0, Max: 1, Diff: 0, Sum: 4]
      [GC Worker Other (ms): Min: 0.0, Avg: 0.0, Max: 0.0, Diff: 0.0, Sum: 0.0]
      [GC Worker Total (ms): Min: 7.7, Avg: 7.7, Max: 7.7, Diff: 0.1, Sum: 30.7]
      [GC Worker End (ms): Min: 594513.9, Avg: 594513.9, Max: 594514.0, Diff: 0.0]
   [Code Root Fixup: 0.0 ms]
   [Code Root Purge: 0.0 ms]
   [Clear CT: 0.0 ms]
   [Other: 0.5 ms]
      [Choose CSet: 0.0 ms]
      [Ref Proc: 0.3 ms]
      [Ref Enq: 0.0 ms]
      [Redirty Cards: 0.1 ms]
      [Humongous Register: 0.0 ms]
      [Humongous Reclaim: 0.0 ms]
      [Free CSet: 0.0 ms]
   [Eden: 77.0M(77.0M)->0.0B(77.0M) Survivors: 2048.0K->2048.0K Heap: 225.9M(256.0M)->149.2M(256.0M)]
 [Times: user=0.02 sys=0.00, real=0.01 secs] 
2020-04-13T15:53:31.553+0800: 594.515: [GC concurrent-root-region-scan-start]
2020-04-13T15:53:31.557+0800: 594.518: [GC concurrent-root-region-scan-end, 0.0033947 secs]
2020-04-13T15:53:31.557+0800: 594.518: [GC concurrent-mark-start]
2020-04-13T15:53:31.576+0800: 594.537: [GC concurrent-mark-end, 0.0193051 secs]
2020-04-13T15:53:31.576+0800: 594.538: [GC remark 2020-04-13T15:53:31.576+0800: 594.538: [Finalize Marking, 0.0008081 secs] 2020-04-13T15:53:31.577+0800: 594.538: [GC ref-proc, 0.0000565 secs] 2020-04-13T15:53:31.577+0800: 594.538: [Unloading, 0.0059529 secs], 0.0080852 secs]
 [Times: user=0.02 sys=0.00, real=0.01 secs] 
2020-04-13T15:53:31.584+0800: 594.546: [GC cleanup 150M->150M(256M), 0.0003086 secs]
 [Times: user=0.00 sys=0.00, real=0.00 secs] 
2020-04-13T15:53:33.263+0800: 596.224: [GC pause (G1 Evacuation Pause) (young), 0.0044543 secs]
   [Parallel Time: 3.7 ms, GC Workers: 4]
      [GC Worker Start (ms): Min: 596224.2, Avg: 596224.2, Max: 596224.2, Diff: 0.0]
      [Ext Root Scanning (ms): Min: 0.3, Avg: 0.3, Max: 0.5, Diff: 0.2, Sum: 1.3]
      [Update RS (ms): Min: 1.3, Avg: 1.3, Max: 1.4, Diff: 0.2, Sum: 5.4]
         [Processed Buffers: Min: 4, Avg: 7.5, Max: 17, Diff: 13, Sum: 30]
      [Scan RS (ms): Min: 0.3, Avg: 0.5, Max: 0.6, Diff: 0.3, Sum: 1.9]
      [Code Root Scanning (ms): Min: 0.0, Avg: 0.0, Max: 0.0, Diff: 0.0, Sum: 0.0]
      [Object Copy (ms): Min: 1.5, Avg: 1.5, Max: 1.6, Diff: 0.1, Sum: 6.2]
      [Termination (ms): Min: 0.0, Avg: 0.0, Max: 0.0, Diff: 0.0, Sum: 0.0]
         [Termination Attempts: Min: 1, Avg: 1.0, Max: 1, Diff: 0, Sum: 4]
      [GC Worker Other (ms): Min: 0.0, Avg: 0.0, Max: 0.0, Diff: 0.0, Sum: 0.0]
      [GC Worker Total (ms): Min: 3.7, Avg: 3.7, Max: 3.7, Diff: 0.0, Sum: 14.8]
      [GC Worker End (ms): Min: 596227.9, Avg: 596227.9, Max: 596227.9, Diff: 0.0]
   [Code Root Fixup: 0.0 ms]
   [Code Root Purge: 0.0 ms]
   [Clear CT: 0.0 ms]
   [Other: 0.6 ms]
      [Choose CSet: 0.0 ms]
      [Ref Proc: 0.5 ms]
      [Ref Enq: 0.0 ms]
      [Redirty Cards: 0.1 ms]
      [Humongous Register: 0.0 ms]
      [Humongous Reclaim: 0.0 ms]
      [Free CSet: 0.0 ms]
   [Eden: 77.0M(77.0M)->0.0B(77.0M) Survivors: 2048.0K->2048.0K Heap: 226.2M(256.0M)->149.4M(256.0M)]
 [Times: user=0.02 sys=0.00, real=0.00 secs] 
2020-04-13T15:53:34.962+0800: 597.924: [GC pause (G1 Evacuation Pause) (young), 0.0046335 secs]
   [Parallel Time: 4.3 ms, GC Workers: 4]
      [GC Worker Start (ms): Min: 597924.1, Avg: 597924.1, Max: 597924.1, Diff: 0.0]
      [Ext Root Scanning (ms): Min: 0.3, Avg: 0.3, Max: 0.5, Diff: 0.2, Sum: 1.3]
      [Update RS (ms): Min: 1.4, Avg: 1.9, Max: 2.7, Diff: 1.2, Sum: 7.5]
         [Processed Buffers: Min: 3, Avg: 7.8, Max: 17, Diff: 14, Sum: 31]
      [Scan RS (ms): Min: 0.0, Avg: 0.4, Max: 0.6, Diff: 0.6, Sum: 1.5]
      [Code Root Scanning (ms): Min: 0.0, Avg: 0.0, Max: 0.0, Diff: 0.0, Sum: 0.0]
      [Object Copy (ms): Min: 1.1, Avg: 1.5, Max: 1.7, Diff: 0.5, Sum: 6.1]
      [Termination (ms): Min: 0.0, Avg: 0.0, Max: 0.0, Diff: 0.0, Sum: 0.0]
         [Termination Attempts: Min: 1, Avg: 1.2, Max: 2, Diff: 1, Sum: 5]
      [GC Worker Other (ms): Min: 0.0, Avg: 0.0, Max: 0.0, Diff: 0.0, Sum: 0.0]
      [GC Worker Total (ms): Min: 4.1, Avg: 4.1, Max: 4.1, Diff: 0.0, Sum: 16.4]
      [GC Worker End (ms): Min: 597928.2, Avg: 597928.2, Max: 597928.2, Diff: 0.0]
   [Code Root Fixup: 0.0 ms]
   [Code Root Purge: 0.0 ms]
   [Clear CT: 0.0 ms]
   [Other: 0.3 ms]
      [Choose CSet: 0.0 ms]
      [Ref Proc: 0.1 ms]
      [Ref Enq: 0.0 ms]
      [Redirty Cards: 0.0 ms]
      [Humongous Register: 0.0 ms]
      [Humongous Reclaim: 0.0 ms]
      [Free CSet: 0.0 ms]
   [Eden: 77.0M(77.0M)->0.0B(77.0M) Survivors: 2048.0K->2048.0K Heap: 226.4M(256.0M)->149.2M(256.0M)]
 [Times: user=0.01 sys=0.00, real=0.00 secs] 
2020-04-13T15:53:36.720+0800: 599.682: [GC pause (G1 Evacuation Pause) (young) (initial-mark), 0.0044064 secs]
   [Parallel Time: 4.1 ms, GC Workers: 4]
      [GC Worker Start (ms): Min: 599681.8, Avg: 599681.8, Max: 599681.8, Diff: 0.0]
      [Ext Root Scanning (ms): Min: 0.5, Avg: 0.5, Max: 0.5, Diff: 0.0, Sum: 2.0]
      [Update RS (ms): Min: 1.5, Avg: 1.6, Max: 1.9, Diff: 0.3, Sum: 6.5]
         [Processed Buffers: Min: 5, Avg: 7.8, Max: 15, Diff: 10, Sum: 31]
      [Scan RS (ms): Min: 0.2, Avg: 0.3, Max: 0.4, Diff: 0.3, Sum: 1.4]
      [Code Root Scanning (ms): Min: 0.0, Avg: 0.0, Max: 0.0, Diff: 0.0, Sum: 0.0]
      [Object Copy (ms): Min: 1.5, Avg: 1.5, Max: 1.6, Diff: 0.1, Sum: 6.1]
      [Termination (ms): Min: 0.0, Avg: 0.0, Max: 0.0, Diff: 0.0, Sum: 0.0]
         [Termination Attempts: Min: 1, Avg: 1.0, Max: 1, Diff: 0, Sum: 4]
      [GC Worker Other (ms): Min: 0.0, Avg: 0.0, Max: 0.0, Diff: 0.0, Sum: 0.1]
      [GC Worker Total (ms): Min: 4.0, Avg: 4.0, Max: 4.0, Diff: 0.0, Sum: 16.1]
      [GC Worker End (ms): Min: 599685.8, Avg: 599685.8, Max: 599685.8, Diff: 0.0]
   [Code Root Fixup: 0.0 ms]
   [Code Root Purge: 0.0 ms]
   [Clear CT: 0.1 ms]
   [Other: 0.2 ms]
      [Choose CSet: 0.0 ms]
      [Ref Proc: 0.1 ms]
      [Ref Enq: 0.0 ms]
      [Redirty Cards: 0.1 ms]
      [Humongous Register: 0.0 ms]
      [Humongous Reclaim: 0.0 ms]
      [Free CSet: 0.0 ms]
   [Eden: 77.0M(77.0M)->0.0B(77.0M) Survivors: 2048.0K->2048.0K Heap: 226.2M(256.0M)->149.7M(256.0M)]
 [Times: user=0.01 sys=0.00, real=0.00 secs] 
2020-04-13T15:53:36.725+0800: 599.686: [GC concurrent-root-region-scan-start]
2020-04-13T15:53:36.728+0800: 599.690: [GC concurrent-root-region-scan-end, 0.0035670 secs]
2020-04-13T15:53:36.728+0800: 599.690: [GC concurrent-mark-start]
2020-04-13T15:53:36.749+0800: 599.711: [GC concurrent-mark-end, 0.0206962 secs]
2020-04-13T15:53:36.749+0800: 599.711: [GC remark 2020-04-13T15:53:36.749+0800: 599.711: [Finalize Marking, 0.0008147 secs] 2020-04-13T15:53:36.750+0800: 599.712: [GC ref-proc, 0.0000630 secs] 2020-04-13T15:53:36.750+0800: 599.712: [Unloading, 0.0037639 secs], 0.0057619 secs]
 [Times: user=0.01 sys=0.00, real=0.01 secs] 
2020-04-13T15:53:36.755+0800: 599.717: [GC cleanup 151M->151M(256M), 0.0003505 secs]
 [Times: user=0.01 sys=0.00, real=0.00 secs] 
2020-04-13T15:53:38.482+0800: 601.444: [GC pause (G1 Evacuation Pause) (young), 0.0039570 secs]
   [Parallel Time: 3.6 ms, GC Workers: 4]
      [GC Worker Start (ms): Min: 601444.0, Avg: 601444.0, Max: 601444.0, Diff: 0.0]
      [Ext Root Scanning (ms): Min: 0.3, Avg: 0.3, Max: 0.5, Diff: 0.2, Sum: 1.3]
      [Update RS (ms): Min: 1.3, Avg: 1.5, Max: 1.7, Diff: 0.4, Sum: 6.0]
         [Processed Buffers: Min: 5, Avg: 7.5, Max: 11, Diff: 6, Sum: 30]
      [Scan RS (ms): Min: 0.1, Avg: 0.3, Max: 0.4, Diff: 0.3, Sum: 1.2]
      [Code Root Scanning (ms): Min: 0.0, Avg: 0.0, Max: 0.0, Diff: 0.0, Sum: 0.0]
      [Object Copy (ms): Min: 1.4, Avg: 1.5, Max: 1.5, Diff: 0.1, Sum: 5.9]
      [Termination (ms): Min: 0.0, Avg: 0.0, Max: 0.0, Diff: 0.0, Sum: 0.0]
         [Termination Attempts: Min: 1, Avg: 1.0, Max: 1, Diff: 0, Sum: 4]
      [GC Worker Other (ms): Min: 0.0, Avg: 0.0, Max: 0.0, Diff: 0.0, Sum: 0.0]
      [GC Worker Total (ms): Min: 3.6, Avg: 3.6, Max: 3.6, Diff: 0.0, Sum: 14.4]
      [GC Worker End (ms): Min: 601447.6, Avg: 601447.6, Max: 601447.6, Diff: 0.0]
   [Code Root Fixup: 0.0 ms]
   [Code Root Purge: 0.0 ms]
   [Clear CT: 0.1 ms]
   [Other: 0.2 ms]
      [Choose CSet: 0.0 ms]
      [Ref Proc: 0.1 ms]
      [Ref Enq: 0.0 ms]
      [Redirty Cards: 0.1 ms]
      [Humongous Register: 0.0 ms]
      [Humongous Reclaim: 0.0 ms]
      [Free CSet: 0.0 ms]
   [Eden: 77.0M(77.0M)->0.0B(77.0M) Survivors: 2048.0K->2048.0K Heap: 226.7M(256.0M)->149.1M(256.0M)]
 [Times: user=0.01 sys=0.00, real=0.00 secs] 
2020-04-13T15:53:40.276+0800: 603.238: [GC pause (G1 Evacuation Pause) (young), 0.0050879 secs]
   [Parallel Time: 4.4 ms, GC Workers: 4]
      [GC Worker Start (ms): Min: 603237.8, Avg: 603237.8, Max: 603237.8, Diff: 0.0]
      [Ext Root Scanning (ms): Min: 0.3, Avg: 0.4, Max: 0.5, Diff: 0.2, Sum: 1.4]
      [Update RS (ms): Min: 1.5, Avg: 1.7, Max: 1.9, Diff: 0.4, Sum: 7.0]
         [Processed Buffers: Min: 5, Avg: 9.8, Max: 16, Diff: 11, Sum: 39]
      [Scan RS (ms): Min: 0.2, Avg: 0.7, Max: 1.6, Diff: 1.3, Sum: 2.6]
      [Code Root Scanning (ms): Min: 0.0, Avg: 0.0, Max: 0.0, Diff: 0.0, Sum: 0.0]
      [Object Copy (ms): Min: 0.6, Avg: 1.5, Max: 2.0, Diff: 1.4, Sum: 6.1]
      [Termination (ms): Min: 0.0, Avg: 0.0, Max: 0.0, Diff: 0.0, Sum: 0.0]
         [Termination Attempts: Min: 1, Avg: 1.0, Max: 1, Diff: 0, Sum: 4]
      [GC Worker Other (ms): Min: 0.0, Avg: 0.0, Max: 0.0, Diff: 0.0, Sum: 0.1]
      [GC Worker Total (ms): Min: 4.3, Avg: 4.3, Max: 4.3, Diff: 0.0, Sum: 17.2]
      [GC Worker End (ms): Min: 603242.1, Avg: 603242.1, Max: 603242.1, Diff: 0.0]
   [Code Root Fixup: 0.0 ms]
   [Code Root Purge: 0.0 ms]
   [Clear CT: 0.1 ms]
   [Other: 0.6 ms]
      [Choose CSet: 0.0 ms]
      [Ref Proc: 0.5 ms]
      [Ref Enq: 0.0 ms]
      [Redirty Cards: 0.1 ms]
      [Humongous Register: 0.0 ms]
      [Humongous Reclaim: 0.0 ms]
      [Free CSet: 0.0 ms]
   [Eden: 77.0M(77.0M)->0.0B(76.0M) Survivors: 2048.0K->2048.0K Heap: 226.1M(256.0M)->149.9M(256.0M)]
 [Times: user=0.02 sys=0.00, real=0.01 secs] 
2020-04-13T15:53:42.084+0800: 605.045: [GC pause (G1 Evacuation Pause) (young) (initial-mark), 0.0071491 secs]
   [Parallel Time: 6.5 ms, GC Workers: 4]
      [GC Worker Start (ms): Min: 605045.2, Avg: 605045.2, Max: 605045.2, Diff: 0.0]
      [Ext Root Scanning (ms): Min: 0.5, Avg: 0.8, Max: 1.6, Diff: 1.1, Sum: 3.1]
      [Update RS (ms): Min: 2.0, Avg: 2.6, Max: 4.4, Diff: 2.4, Sum: 10.5]
         [Processed Buffers: Min: 3, Avg: 9.2, Max: 13, Diff: 10, Sum: 37]
      [Scan RS (ms): Min: 0.0, Avg: 0.2, Max: 0.3, Diff: 0.3, Sum: 0.6]
      [Code Root Scanning (ms): Min: 0.0, Avg: 0.0, Max: 0.0, Diff: 0.0, Sum: 0.0]
      [Object Copy (ms): Min: 0.1, Avg: 2.4, Max: 3.5, Diff: 3.4, Sum: 9.4]
      [Termination (ms): Min: 0.0, Avg: 0.4, Max: 0.6, Diff: 0.6, Sum: 1.5]
         [Termination Attempts: Min: 1, Avg: 1.0, Max: 1, Diff: 0, Sum: 4]
      [GC Worker Other (ms): Min: 0.0, Avg: 0.0, Max: 0.0, Diff: 0.0, Sum: 0.0]
      [GC Worker Total (ms): Min: 6.3, Avg: 6.3, Max: 6.4, Diff: 0.1, Sum: 25.2]
      [GC Worker End (ms): Min: 605051.5, Avg: 605051.5, Max: 605051.6, Diff: 0.1]
   [Code Root Fixup: 0.0 ms]
   [Code Root Purge: 0.0 ms]
   [Clear CT: 0.1 ms]
   [Other: 0.6 ms]
      [Choose CSet: 0.0 ms]
      [Ref Proc: 0.4 ms]
      [Ref Enq: 0.0 ms]
      [Redirty Cards: 0.1 ms]
      [Humongous Register: 0.0 ms]
      [Humongous Reclaim: 0.0 ms]
      [Free CSet: 0.0 ms]
   [Eden: 76.0M(76.0M)->0.0B(76.0M) Survivors: 2048.0K->2048.0K Heap: 225.9M(256.0M)->149.5M(256.0M)]
 [Times: user=0.02 sys=0.00, real=0.01 secs] 
2020-04-13T15:53:42.091+0800: 605.052: [GC concurrent-root-region-scan-start]
2020-04-13T15:53:42.094+0800: 605.056: [GC concurrent-root-region-scan-end, 0.0033285 secs]
2020-04-13T15:53:42.094+0800: 605.056: [GC concurrent-mark-start]
2020-04-13T15:53:42.112+0800: 605.074: [GC concurrent-mark-end, 0.0179361 secs]
2020-04-13T15:53:42.112+0800: 605.074: [GC remark 2020-04-13T15:53:42.112+0800: 605.074: [Finalize Marking, 0.0001429 secs] 2020-04-13T15:53:42.113+0800: 605.074: [GC ref-proc, 0.0000548 secs] 2020-04-13T15:53:42.113+0800: 605.074: [Unloading, 0.0038820 secs], 0.0054660 secs]
 [Times: user=0.02 sys=0.00, real=0.00 secs] 
2020-04-13T15:53:42.118+0800: 605.079: [GC cleanup 150M->150M(256M), 0.0002550 secs]
 [Times: user=0.00 sys=0.00, real=0.00 secs] 
2020-04-13T15:53:43.801+0800: 606.763: [GC pause (G1 Evacuation Pause) (young), 0.0040680 secs]
   [Parallel Time: 3.7 ms, GC Workers: 4]
      [GC Worker Start (ms): Min: 606762.9, Avg: 606762.9, Max: 606762.9, Diff: 0.0]
      [Ext Root Scanning (ms): Min: 0.3, Avg: 0.3, Max: 0.5, Diff: 0.3, Sum: 1.3]
      [Update RS (ms): Min: 1.6, Avg: 1.6, Max: 1.7, Diff: 0.1, Sum: 6.4]
         [Processed Buffers: Min: 5, Avg: 8.0, Max: 11, Diff: 6, Sum: 32]
      [Scan RS (ms): Min: 0.1, Avg: 0.3, Max: 0.4, Diff: 0.3, Sum: 1.3]
      [Code Root Scanning (ms): Min: 0.0, Avg: 0.0, Max: 0.0, Diff: 0.0, Sum: 0.0]
      [Object Copy (ms): Min: 1.4, Avg: 1.4, Max: 1.4, Diff: 0.1, Sum: 5.7]
      [Termination (ms): Min: 0.0, Avg: 0.0, Max: 0.0, Diff: 0.0, Sum: 0.0]
         [Termination Attempts: Min: 1, Avg: 1.0, Max: 1, Diff: 0, Sum: 4]
      [GC Worker Other (ms): Min: 0.0, Avg: 0.0, Max: 0.0, Diff: 0.0, Sum: 0.0]
      [GC Worker Total (ms): Min: 3.7, Avg: 3.7, Max: 3.7, Diff: 0.0, Sum: 14.8]
      [GC Worker End (ms): Min: 606766.6, Avg: 606766.6, Max: 606766.6, Diff: 0.0]
   [Code Root Fixup: 0.0 ms]
   [Code Root Purge: 0.0 ms]
   [Clear CT: 0.0 ms]
   [Other: 0.3 ms]
      [Choose CSet: 0.0 ms]
      [Ref Proc: 0.1 ms]
      [Ref Enq: 0.0 ms]
      [Redirty Cards: 0.1 ms]
      [Humongous Register: 0.0 ms]
      [Humongous Reclaim: 0.0 ms]
      [Free CSet: 0.0 ms]
   [Eden: 76.0M(76.0M)->0.0B(10.0M) Survivors: 2048.0K->2048.0K Heap: 225.5M(256.0M)->149.9M(256.0M)]
 [Times: user=0.02 sys=0.00, real=0.00 secs] 
2020-04-13T15:53:44.013+0800: 606.974: [GC pause (G1 Evacuation Pause) (mixed), 0.0080381 secs]
   [Parallel Time: 7.2 ms, GC Workers: 4]
      [GC Worker Start (ms): Min: 606974.3, Avg: 606974.3, Max: 606974.3, Diff: 0.0]
      [Ext Root Scanning (ms): Min: 0.3, Avg: 0.3, Max: 0.5, Diff: 0.2, Sum: 1.4]
      [Update RS (ms): Min: 2.1, Avg: 2.3, Max: 3.0, Diff: 1.0, Sum: 9.3]
         [Processed Buffers: Min: 2, Avg: 7.2, Max: 15, Diff: 13, Sum: 29]
      [Scan RS (ms): Min: 0.0, Avg: 1.5, Max: 4.1, Diff: 4.1, Sum: 5.9]
      [Code Root Scanning (ms): Min: 0.0, Avg: 0.0, Max: 0.0, Diff: 0.0, Sum: 0.0]
      [Object Copy (ms): Min: 0.0, Avg: 2.0, Max: 2.7, Diff: 2.7, Sum: 7.9]
      [Termination (ms): Min: 0.0, Avg: 0.5, Max: 0.8, Diff: 0.8, Sum: 1.9]
         [Termination Attempts: Min: 1, Avg: 1.2, Max: 2, Diff: 1, Sum: 5]
      [GC Worker Other (ms): Min: 0.0, Avg: 0.0, Max: 0.0, Diff: 0.0, Sum: 0.1]
      [GC Worker Total (ms): Min: 6.5, Avg: 6.6, Max: 6.8, Diff: 0.2, Sum: 26.5]
      [GC Worker End (ms): Min: 606980.8, Avg: 606980.9, Max: 606981.0, Diff: 0.2]
   [Code Root Fixup: 0.0 ms]
   [Code Root Purge: 0.0 ms]
   [Clear CT: 0.0 ms]
   [Other: 0.8 ms]
      [Choose CSet: 0.0 ms]
      [Ref Proc: 0.6 ms]
      [Ref Enq: 0.0 ms]
      [Redirty Cards: 0.0 ms]
      [Humongous Register: 0.0 ms]
      [Humongous Reclaim: 0.0 ms]
      [Free CSet: 0.0 ms]
   [Eden: 10.0M(10.0M)->0.0B(77.0M) Survivors: 2048.0K->2048.0K Heap: 159.9M(256.0M)->148.7M(256.0M)]
 [Times: user=0.02 sys=0.00, real=0.01 secs] 
2020-04-13T15:53:45.767+0800: 608.728: [GC pause (G1 Evacuation Pause) (young), 0.0050717 secs]
   [Parallel Time: 4.6 ms, GC Workers: 4]
      [GC Worker Start (ms): Min: 608728.1, Avg: 608728.1, Max: 608728.2, Diff: 0.1]
      [Ext Root Scanning (ms): Min: 0.3, Avg: 0.8, Max: 1.8, Diff: 1.5, Sum: 3.2]
      [Update RS (ms): Min: 1.2, Avg: 2.2, Max: 2.6, Diff: 1.4, Sum: 8.8]
         [Processed Buffers: Min: 7, Avg: 10.2, Max: 18, Diff: 11, Sum: 41]
      [Scan RS (ms): Min: 0.0, Avg: 0.0, Max: 0.0, Diff: 0.0, Sum: 0.0]
      [Code Root Scanning (ms): Min: 0.0, Avg: 0.0, Max: 0.0, Diff: 0.0, Sum: 0.0]
      [Object Copy (ms): Min: 1.4, Avg: 1.4, Max: 1.4, Diff: 0.0, Sum: 5.6]
      [Termination (ms): Min: 0.0, Avg: 0.0, Max: 0.0, Diff: 0.0, Sum: 0.0]
         [Termination Attempts: Min: 1, Avg: 1.0, Max: 1, Diff: 0, Sum: 4]
      [GC Worker Other (ms): Min: 0.0, Avg: 0.0, Max: 0.0, Diff: 0.0, Sum: 0.0]
      [GC Worker Total (ms): Min: 4.4, Avg: 4.4, Max: 4.5, Diff: 0.1, Sum: 17.7]
      [GC Worker End (ms): Min: 608732.5, Avg: 608732.5, Max: 608732.5, Diff: 0.0]
   [Code Root Fixup: 0.1 ms]
   [Code Root Purge: 0.0 ms]
   [Clear CT: 0.0 ms]
   [Other: 0.4 ms]
      [Choose CSet: 0.0 ms]
      [Ref Proc: 0.2 ms]
      [Ref Enq: 0.0 ms]
      [Redirty Cards: 0.1 ms]
      [Humongous Register: 0.0 ms]
      [Humongous Reclaim: 0.0 ms]
      [Free CSet: 0.0 ms]
   [Eden: 77.0M(77.0M)->0.0B(77.0M) Survivors: 2048.0K->2048.0K Heap: 225.7M(256.0M)->149.0M(256.0M)]
 [Times: user=0.02 sys=0.00, real=0.01 secs] 
2020-04-13T15:53:47.610+0800: 610.571: [GC pause (G1 Evacuation Pause) (young) (initial-mark), 0.0052354 secs]
   [Parallel Time: 4.8 ms, GC Workers: 4]
      [GC Worker Start (ms): Min: 610571.5, Avg: 610571.9, Max: 610572.4, Diff: 1.0]
      [Ext Root Scanning (ms): Min: 0.0, Avg: 0.7, Max: 1.4, Diff: 1.3, Sum: 2.9]
      [Update RS (ms): Min: 1.5, Avg: 1.7, Max: 1.8, Diff: 0.3, Sum: 6.8]
         [Processed Buffers: Min: 4, Avg: 8.5, Max: 13, Diff: 9, Sum: 34]
      [Scan RS (ms): Min: 0.2, Avg: 0.3, Max: 0.4, Diff: 0.3, Sum: 1.3]
      [Code Root Scanning (ms): Min: 0.0, Avg: 0.0, Max: 0.0, Diff: 0.0, Sum: 0.0]
      [Object Copy (ms): Min: 1.5, Avg: 1.5, Max: 1.6, Diff: 0.1, Sum: 6.1]
      [Termination (ms): Min: 0.0, Avg: 0.0, Max: 0.0, Diff: 0.0, Sum: 0.0]
         [Termination Attempts: Min: 1, Avg: 1.0, Max: 1, Diff: 0, Sum: 4]
      [GC Worker Other (ms): Min: 0.0, Avg: 0.0, Max: 0.0, Diff: 0.0, Sum: 0.1]
      [GC Worker Total (ms): Min: 3.8, Avg: 4.3, Max: 4.8, Diff: 1.0, Sum: 17.2]
      [GC Worker End (ms): Min: 610576.2, Avg: 610576.2, Max: 610576.3, Diff: 0.0]
   [Code Root Fixup: 0.0 ms]
   [Code Root Purge: 0.0 ms]
   [Clear CT: 0.1 ms]
   [Other: 0.3 ms]
      [Choose CSet: 0.0 ms]
      [Ref Proc: 0.1 ms]
      [Ref Enq: 0.0 ms]
      [Redirty Cards: 0.1 ms]
      [Humongous Register: 0.0 ms]
      [Humongous Reclaim: 0.0 ms]
      [Free CSet: 0.0 ms]
   [Eden: 77.0M(77.0M)->0.0B(79.0M) Survivors: 2048.0K->1024.0K Heap: 226.0M(256.0M)->148.6M(256.0M)]
 [Times: user=0.02 sys=0.00, real=0.00 secs] 
2020-04-13T15:53:47.615+0800: 610.577: [GC concurrent-root-region-scan-start]
2020-04-13T15:53:47.618+0800: 610.580: [GC concurrent-root-region-scan-end, 0.0028897 secs]
2020-04-13T15:53:47.618+0800: 610.580: [GC concurrent-mark-start]
2020-04-13T15:53:47.636+0800: 610.598: [GC concurrent-mark-end, 0.0179609 secs]
2020-04-13T15:53:47.636+0800: 610.598: [GC remark 2020-04-13T15:53:47.636+0800: 610.598: [Finalize Marking, 0.0001320 secs] 2020-04-13T15:53:47.637+0800: 610.598: [GC ref-proc, 0.0000548 secs] 2020-04-13T15:53:47.637+0800: 610.598: [Unloading, 0.0037711 secs], 0.0056162 secs]
 [Times: user=0.01 sys=0.00, real=0.01 secs] 
2020-04-13T15:53:47.643+0800: 610.604: [GC cleanup 150M->150M(256M), 0.0003353 secs]
 [Times: user=0.00 sys=0.00, real=0.00 secs] 
2020-04-13T15:53:49.900+0800: 612.861: [GC pause (G1 Evacuation Pause) (young), 0.0115590 secs]
   [Parallel Time: 10.7 ms, GC Workers: 4]
      [GC Worker Start (ms): Min: 612861.3, Avg: 612862.7, Max: 612866.6, Diff: 5.3]
      [Ext Root Scanning (ms): Min: 0.0, Avg: 0.3, Max: 0.5, Diff: 0.5, Sum: 1.3]
      [Update RS (ms): Min: 0.0, Avg: 2.7, Max: 3.7, Diff: 3.7, Sum: 10.7]
         [Processed Buffers: Min: 0, Avg: 8.8, Max: 21, Diff: 21, Sum: 35]
      [Scan RS (ms): Min: 0.0, Avg: 0.4, Max: 0.6, Diff: 0.6, Sum: 1.7]
      [Code Root Scanning (ms): Min: 0.0, Avg: 0.0, Max: 0.0, Diff: 0.0, Sum: 0.0]
      [Object Copy (ms): Min: 1.9, Avg: 2.7, Max: 3.4, Diff: 1.5, Sum: 10.6]
      [Termination (ms): Min: 0.0, Avg: 1.2, Max: 3.4, Diff: 3.4, Sum: 4.8]
         [Termination Attempts: Min: 1, Avg: 1.0, Max: 1, Diff: 0, Sum: 4]
      [GC Worker Other (ms): Min: 0.0, Avg: 0.0, Max: 0.0, Diff: 0.0, Sum: 0.0]
      [GC Worker Total (ms): Min: 5.3, Avg: 7.3, Max: 7.9, Diff: 2.6, Sum: 29.1]
      [GC Worker End (ms): Min: 612869.2, Avg: 612869.9, Max: 612872.0, Diff: 2.8]
   [Code Root Fixup: 0.0 ms]
   [Code Root Purge: 0.0 ms]
   [Clear CT: 0.1 ms]
   [Other: 0.7 ms]
      [Choose CSet: 0.0 ms]
      [Ref Proc: 0.3 ms]
      [Ref Enq: 0.0 ms]
      [Redirty Cards: 0.1 ms]
      [Humongous Register: 0.0 ms]
      [Humongous Reclaim: 0.0 ms]
      [Free CSet: 0.0 ms]
   [Eden: 79.0M(79.0M)->0.0B(77.0M) Survivors: 1024.0K->2048.0K Heap: 227.6M(256.0M)->149.0M(256.0M)]
 [Times: user=0.02 sys=0.00, real=0.01 secs] 
2020-04-13T15:53:52.451+0800: 615.412: [GC pause (G1 Evacuation Pause) (young), 0.0050950 secs]
   [Parallel Time: 3.7 ms, GC Workers: 4]
      [GC Worker Start (ms): Min: 615411.8, Avg: 615411.9, Max: 615411.9, Diff: 0.0]
      [Ext Root Scanning (ms): Min: 0.3, Avg: 0.3, Max: 0.5, Diff: 0.2, Sum: 1.4]
      [Update RS (ms): Min: 1.4, Avg: 1.5, Max: 1.9, Diff: 0.5, Sum: 6.1]
         [Processed Buffers: Min: 4, Avg: 7.8, Max: 15, Diff: 11, Sum: 31]
      [Scan RS (ms): Min: 0.1, Avg: 0.5, Max: 0.6, Diff: 0.5, Sum: 1.9]
      [Code Root Scanning (ms): Min: 0.0, Avg: 0.0, Max: 0.0, Diff: 0.0, Sum: 0.0]
      [Object Copy (ms): Min: 1.3, Avg: 1.3, Max: 1.4, Diff: 0.1, Sum: 5.2]
      [Termination (ms): Min: 0.0, Avg: 0.0, Max: 0.0, Diff: 0.0, Sum: 0.0]
         [Termination Attempts: Min: 1, Avg: 1.0, Max: 1, Diff: 0, Sum: 4]
      [GC Worker Other (ms): Min: 0.0, Avg: 0.0, Max: 0.0, Diff: 0.0, Sum: 0.0]
      [GC Worker Total (ms): Min: 3.7, Avg: 3.7, Max: 3.7, Diff: 0.0, Sum: 14.7]
      [GC Worker End (ms): Min: 615415.5, Avg: 615415.5, Max: 615415.5, Diff: 0.0]
   [Code Root Fixup: 0.0 ms]
   [Code Root Purge: 0.0 ms]
   [Clear CT: 0.0 ms]
   [Other: 1.3 ms]
      [Choose CSet: 0.0 ms]
      [Ref Proc: 1.1 ms]
      [Ref Enq: 0.0 ms]
      [Redirty Cards: 0.0 ms]
      [Humongous Register: 0.0 ms]
      [Humongous Reclaim: 0.0 ms]
      [Free CSet: 0.0 ms]
   [Eden: 77.0M(77.0M)->0.0B(77.0M) Survivors: 2048.0K->2048.0K Heap: 226.0M(256.0M)->148.9M(256.0M)]
 [Times: user=0.01 sys=0.00, real=0.00 secs] 
2020-04-13T15:53:54.820+0800: 617.781: [GC pause (G1 Evacuation Pause) (young) (initial-mark), 0.0080700 secs]
   [Parallel Time: 7.1 ms, GC Workers: 4]
      [GC Worker Start (ms): Min: 617781.0, Avg: 617781.1, Max: 617781.1, Diff: 0.0]
      [Ext Root Scanning (ms): Min: 0.5, Avg: 0.5, Max: 0.5, Diff: 0.1, Sum: 2.0]
      [Update RS (ms): Min: 1.5, Avg: 1.6, Max: 1.8, Diff: 0.3, Sum: 6.3]
         [Processed Buffers: Min: 5, Avg: 7.8, Max: 14, Diff: 9, Sum: 31]
      [Scan RS (ms): Min: 0.3, Avg: 1.2, Max: 3.3, Diff: 3.0, Sum: 5.0]
      [Code Root Scanning (ms): Min: 0.0, Avg: 0.0, Max: 0.0, Diff: 0.0, Sum: 0.0]
      [Object Copy (ms): Min: 0.1, Avg: 1.6, Max: 2.2, Diff: 2.1, Sum: 6.6]
      [Termination (ms): Min: 0.0, Avg: 1.3, Max: 2.2, Diff: 2.2, Sum: 5.2]
         [Termination Attempts: Min: 1, Avg: 1.2, Max: 2, Diff: 1, Sum: 5]
      [GC Worker Other (ms): Min: 0.0, Avg: 0.0, Max: 0.0, Diff: 0.0, Sum: 0.0]
      [GC Worker Total (ms): Min: 5.5, Avg: 6.3, Max: 7.1, Diff: 1.6, Sum: 25.2]
      [GC Worker End (ms): Min: 617786.5, Avg: 617787.3, Max: 617788.1, Diff: 1.6]
   [Code Root Fixup: 0.0 ms]
   [Code Root Purge: 0.0 ms]
   [Clear CT: 0.1 ms]
   [Other: 0.8 ms]
      [Choose CSet: 0.0 ms]
      [Ref Proc: 0.6 ms]
      [Ref Enq: 0.0 ms]
      [Redirty Cards: 0.1 ms]
      [Humongous Register: 0.0 ms]
      [Humongous Reclaim: 0.0 ms]
      [Free CSet: 0.0 ms]
   [Eden: 77.0M(77.0M)->0.0B(77.0M) Survivors: 2048.0K->2048.0K Heap: 225.9M(256.0M)->149.4M(256.0M)]
 [Times: user=0.02 sys=0.00, real=0.00 secs] 
2020-04-13T15:53:54.828+0800: 617.789: [GC concurrent-root-region-scan-start]
2020-04-13T15:53:54.833+0800: 617.794: [GC concurrent-root-region-scan-end, 0.0045708 secs]
2020-04-13T15:53:54.833+0800: 617.794: [GC concurrent-mark-start]
2020-04-13T15:53:54.855+0800: 617.817: [GC concurrent-mark-end, 0.0229197 secs]
2020-04-13T15:53:54.856+0800: 617.817: [GC remark 2020-04-13T15:53:54.856+0800: 617.817: [Finalize Marking, 0.0008722 secs] 2020-04-13T15:53:54.857+0800: 617.818: [GC ref-proc, 0.0000752 secs] 2020-04-13T15:53:54.857+0800: 617.818: [Unloading, 0.0088559 secs], 0.0112773 secs]
 [Times: user=0.02 sys=0.01, real=0.01 secs] 
2020-04-13T15:53:54.867+0800: 617.828: [GC cleanup 150M->150M(256M), 0.0002635 secs]
 [Times: user=0.00 sys=0.00, real=0.00 secs] 
2020-04-13T15:53:57.378+0800: 620.339: [GC pause (G1 Evacuation Pause) (young), 0.0097487 secs]
   [Parallel Time: 8.7 ms, GC Workers: 4]
      [GC Worker Start (ms): Min: 620339.4, Avg: 620340.1, Max: 620342.1, Diff: 2.7]
      [Ext Root Scanning (ms): Min: 0.0, Avg: 0.3, Max: 0.5, Diff: 0.5, Sum: 1.3]
      [Update RS (ms): Min: 0.1, Avg: 2.2, Max: 3.9, Diff: 3.7, Sum: 8.9]
         [Processed Buffers: Min: 5, Avg: 8.0, Max: 14, Diff: 9, Sum: 32]
      [Scan RS (ms): Min: 0.0, Avg: 0.4, Max: 0.5, Diff: 0.5, Sum: 1.4]
      [Code Root Scanning (ms): Min: 0.0, Avg: 0.0, Max: 0.0, Diff: 0.0, Sum: 0.0]
      [Object Copy (ms): Min: 2.6, Avg: 3.4, Max: 4.0, Diff: 1.4, Sum: 13.7]
      [Termination (ms): Min: 0.0, Avg: 1.0, Max: 1.8, Diff: 1.8, Sum: 4.2]
         [Termination Attempts: Min: 1, Avg: 1.2, Max: 2, Diff: 1, Sum: 5]
      [GC Worker Other (ms): Min: 0.0, Avg: 0.0, Max: 0.0, Diff: 0.0, Sum: 0.0]
      [GC Worker Total (ms): Min: 6.0, Avg: 7.4, Max: 8.6, Diff: 2.6, Sum: 29.5]
      [GC Worker End (ms): Min: 620346.8, Avg: 620347.5, Max: 620348.1, Diff: 1.3]
   [Code Root Fixup: 0.0 ms]
   [Code Root Purge: 0.0 ms]
   [Clear CT: 0.1 ms]
   [Other: 0.9 ms]
      [Choose CSet: 0.0 ms]
      [Ref Proc: 0.7 ms]
      [Ref Enq: 0.0 ms]
      [Redirty Cards: 0.1 ms]
      [Humongous Register: 0.0 ms]
      [Humongous Reclaim: 0.0 ms]
      [Free CSet: 0.0 ms]
   [Eden: 77.0M(77.0M)->0.0B(77.0M) Survivors: 2048.0K->2048.0K Heap: 226.4M(256.0M)->149.0M(256.0M)]
 [Times: user=0.03 sys=0.00, real=0.01 secs] 
2020-04-13T15:53:59.960+0800: 622.921: [GC pause (G1 Evacuation Pause) (young), 0.0046901 secs]
   [Parallel Time: 3.8 ms, GC Workers: 4]
      [GC Worker Start (ms): Min: 622921.1, Avg: 622921.1, Max: 622921.1, Diff: 0.0]
      [Ext Root Scanning (ms): Min: 0.3, Avg: 0.3, Max: 0.5, Diff: 0.2, Sum: 1.4]
      [Update RS (ms): Min: 1.3, Avg: 1.5, Max: 1.7, Diff: 0.4, Sum: 5.9]
         [Processed Buffers: Min: 5, Avg: 7.5, Max: 11, Diff: 6, Sum: 30]
      [Scan RS (ms): Min: 0.3, Avg: 0.5, Max: 0.6, Diff: 0.3, Sum: 2.2]
      [Code Root Scanning (ms): Min: 0.0, Avg: 0.0, Max: 0.0, Diff: 0.0, Sum: 0.0]
      [Object Copy (ms): Min: 1.3, Avg: 1.3, Max: 1.4, Diff: 0.1, Sum: 5.4]
      [Termination (ms): Min: 0.0, Avg: 0.0, Max: 0.0, Diff: 0.0, Sum: 0.0]
         [Termination Attempts: Min: 1, Avg: 1.2, Max: 2, Diff: 1, Sum: 5]
      [GC Worker Other (ms): Min: 0.0, Avg: 0.0, Max: 0.0, Diff: 0.0, Sum: 0.0]
      [GC Worker Total (ms): Min: 3.7, Avg: 3.7, Max: 3.7, Diff: 0.0, Sum: 15.0]
      [GC Worker End (ms): Min: 622924.8, Avg: 622924.8, Max: 622924.8, Diff: 0.0]
   [Code Root Fixup: 0.0 ms]
   [Code Root Purge: 0.0 ms]
   [Clear CT: 0.0 ms]
   [Other: 0.8 ms]
      [Choose CSet: 0.0 ms]
      [Ref Proc: 0.7 ms]
      [Ref Enq: 0.0 ms]
      [Redirty Cards: 0.0 ms]
      [Humongous Register: 0.0 ms]
      [Humongous Reclaim: 0.0 ms]
      [Free CSet: 0.0 ms]
   [Eden: 77.0M(77.0M)->0.0B(77.0M) Survivors: 2048.0K->2048.0K Heap: 226.0M(256.0M)->149.7M(256.0M)]
 [Times: user=0.01 sys=0.01, real=0.01 secs] 
2020-04-13T15:54:02.345+0800: 625.306: [GC pause (G1 Evacuation Pause) (young) (initial-mark), 0.0053545 secs]
   [Parallel Time: 4.9 ms, GC Workers: 4]
      [GC Worker Start (ms): Min: 625306.4, Avg: 625306.4, Max: 625306.4, Diff: 0.0]
      [Ext Root Scanning (ms): Min: 0.5, Avg: 0.5, Max: 0.6, Diff: 0.1, Sum: 2.2]
      [Update RS (ms): Min: 1.5, Avg: 1.6, Max: 1.8, Diff: 0.3, Sum: 6.3]
         [Processed Buffers: Min: 4, Avg: 7.8, Max: 17, Diff: 13, Sum: 31]
      [Scan RS (ms): Min: 0.3, Avg: 0.9, Max: 2.1, Diff: 1.8, Sum: 3.5]
      [Code Root Scanning (ms): Min: 0.0, Avg: 0.0, Max: 0.1, Diff: 0.1, Sum: 0.1]
      [Object Copy (ms): Min: 0.7, Avg: 1.8, Max: 2.2, Diff: 1.5, Sum: 7.3]
      [Termination (ms): Min: 0.0, Avg: 0.0, Max: 0.0, Diff: 0.0, Sum: 0.0]
         [Termination Attempts: Min: 1, Avg: 1.0, Max: 1, Diff: 0, Sum: 4]
      [GC Worker Other (ms): Min: 0.0, Avg: 0.0, Max: 0.1, Diff: 0.1, Sum: 0.1]
      [GC Worker Total (ms): Min: 4.8, Avg: 4.8, Max: 4.9, Diff: 0.1, Sum: 19.4]
      [GC Worker End (ms): Min: 625311.2, Avg: 625311.3, Max: 625311.3, Diff: 0.1]
   [Code Root Fixup: 0.1 ms]
   [Code Root Purge: 0.0 ms]
   [Clear CT: 0.1 ms]
   [Other: 0.3 ms]
      [Choose CSet: 0.0 ms]
      [Ref Proc: 0.1 ms]
      [Ref Enq: 0.0 ms]
      [Redirty Cards: 0.0 ms]
      [Humongous Register: 0.0 ms]
      [Humongous Reclaim: 0.0 ms]
      [Free CSet: 0.0 ms]
   [Eden: 77.0M(77.0M)->0.0B(76.0M) Survivors: 2048.0K->2048.0K Heap: 226.7M(256.0M)->149.2M(256.0M)]
 [Times: user=0.01 sys=0.00, real=0.01 secs] 
2020-04-13T15:54:02.351+0800: 625.312: [GC concurrent-root-region-scan-start]
2020-04-13T15:54:02.354+0800: 625.315: [GC concurrent-root-region-scan-end, 0.0031075 secs]
2020-04-13T15:54:02.354+0800: 625.315: [GC concurrent-mark-start]
2020-04-13T15:54:02.372+0800: 625.333: [GC concurrent-mark-end, 0.0181000 secs]
2020-04-13T15:54:02.372+0800: 625.333: [GC remark 2020-04-13T15:54:02.372+0800: 625.333: [Finalize Marking, 0.0033283 secs] 2020-04-13T15:54:02.375+0800: 625.337: [GC ref-proc, 0.0000791 secs] 2020-04-13T15:54:02.376+0800: 625.337: [Unloading, 0.0051050 secs], 0.0099442 secs]
 [Times: user=0.01 sys=0.00, real=0.01 secs] 
2020-04-13T15:54:02.382+0800: 625.344: [GC cleanup 150M->150M(256M), 0.0003910 secs]
 [Times: user=0.00 sys=0.00, real=0.00 secs] 
2020-04-13T15:54:04.391+0800: 627.352: [GC pause (G1 Evacuation Pause) (young), 0.0066292 secs]
   [Parallel Time: 5.6 ms, GC Workers: 4]
      [GC Worker Start (ms): Min: 627351.7, Avg: 627353.0, Max: 627357.0, Diff: 5.3]
      [Ext Root Scanning (ms): Min: 0.0, Avg: 0.3, Max: 0.5, Diff: 0.5, Sum: 1.3]
      [Update RS (ms): Min: 0.0, Avg: 1.5, Max: 2.2, Diff: 2.2, Sum: 6.1]
         [Processed Buffers: Min: 0, Avg: 8.5, Max: 18, Diff: 18, Sum: 34]
      [Scan RS (ms): Min: 0.0, Avg: 0.4, Max: 0.6, Diff: 0.6, Sum: 1.6]
      [Code Root Scanning (ms): Min: 0.0, Avg: 0.0, Max: 0.0, Diff: 0.0, Sum: 0.0]
      [Object Copy (ms): Min: 0.0, Avg: 1.3, Max: 1.8, Diff: 1.8, Sum: 5.2]
      [Termination (ms): Min: 0.0, Avg: 0.6, Max: 0.7, Diff: 0.7, Sum: 2.2]
         [Termination Attempts: Min: 1, Avg: 1.0, Max: 1, Diff: 0, Sum: 4]
      [GC Worker Other (ms): Min: 0.0, Avg: 0.0, Max: 0.0, Diff: 0.0, Sum: 0.0]
      [GC Worker Total (ms): Min: 0.0, Avg: 4.1, Max: 5.5, Diff: 5.5, Sum: 16.5]
      [GC Worker End (ms): Min: 627357.0, Avg: 627357.2, Max: 627357.2, Diff: 0.2]
   [Code Root Fixup: 0.0 ms]
   [Code Root Purge: 0.0 ms]
   [Clear CT: 0.1 ms]
   [Other: 0.9 ms]
      [Choose CSet: 0.0 ms]
      [Ref Proc: 0.7 ms]
      [Ref Enq: 0.0 ms]
      [Redirty Cards: 0.1 ms]
      [Humongous Register: 0.0 ms]
      [Humongous Reclaim: 0.0 ms]
      [Free CSet: 0.0 ms]
   [Eden: 76.0M(76.0M)->0.0B(10.0M) Survivors: 2048.0K->2048.0K Heap: 225.2M(256.0M)->149.3M(256.0M)]
 [Times: user=0.02 sys=0.00, real=0.00 secs] 
2020-04-13T15:54:04.754+0800: 627.715: [GC pause (G1 Evacuation Pause) (mixed), 0.0069141 secs]
   [Parallel Time: 6.5 ms, GC Workers: 4]
      [GC Worker Start (ms): Min: 627715.5, Avg: 627715.6, Max: 627715.7, Diff: 0.1]
      [Ext Root Scanning (ms): Min: 0.2, Avg: 0.3, Max: 0.4, Diff: 0.2, Sum: 1.3]
      [Update RS (ms): Min: 2.1, Avg: 2.1, Max: 2.1, Diff: 0.0, Sum: 8.5]
         [Processed Buffers: Min: 4, Avg: 7.5, Max: 12, Diff: 8, Sum: 30]
      [Scan RS (ms): Min: 0.6, Avg: 0.6, Max: 0.6, Diff: 0.1, Sum: 2.4]
      [Code Root Scanning (ms): Min: 0.0, Avg: 0.0, Max: 0.0, Diff: 0.0, Sum: 0.0]
      [Object Copy (ms): Min: 1.7, Avg: 2.0, Max: 2.3, Diff: 0.6, Sum: 8.1]
      [Termination (ms): Min: 0.0, Avg: 0.6, Max: 1.7, Diff: 1.7, Sum: 2.2]
         [Termination Attempts: Min: 1, Avg: 1.0, Max: 1, Diff: 0, Sum: 4]
      [GC Worker Other (ms): Min: 0.0, Avg: 0.0, Max: 0.0, Diff: 0.0, Sum: 0.0]
      [GC Worker Total (ms): Min: 5.2, Avg: 5.6, Max: 6.5, Diff: 1.2, Sum: 22.5]
      [GC Worker End (ms): Min: 627720.9, Avg: 627721.2, Max: 627722.0, Diff: 1.1]
   [Code Root Fixup: 0.0 ms]
   [Code Root Purge: 0.0 ms]
   [Clear CT: 0.1 ms]
   [Other: 0.3 ms]
      [Choose CSet: 0.0 ms]
      [Ref Proc: 0.1 ms]
      [Ref Enq: 0.0 ms]
      [Redirty Cards: 0.0 ms]
      [Humongous Register: 0.0 ms]
      [Humongous Reclaim: 0.0 ms]
      [Free CSet: 0.0 ms]
   [Eden: 10.0M(10.0M)->0.0B(79.0M) Survivors: 2048.0K->1024.0K Heap: 159.3M(256.0M)->148.2M(256.0M)]
 [Times: user=0.02 sys=0.00, real=0.01 secs] 
2020-04-13T15:54:07.155+0800: 630.116: [GC pause (G1 Evacuation Pause) (young), 0.0040381 secs]
   [Parallel Time: 3.6 ms, GC Workers: 4]
      [GC Worker Start (ms): Min: 630115.7, Avg: 630115.7, Max: 630115.8, Diff: 0.0]
      [Ext Root Scanning (ms): Min: 0.3, Avg: 0.3, Max: 0.5, Diff: 0.3, Sum: 1.4]
      [Update RS (ms): Min: 1.3, Avg: 1.5, Max: 1.7, Diff: 0.4, Sum: 6.0]
         [Processed Buffers: Min: 4, Avg: 7.8, Max: 15, Diff: 11, Sum: 31]
      [Scan RS (ms): Min: 0.4, Avg: 0.5, Max: 0.7, Diff: 0.3, Sum: 2.1]
      [Code Root Scanning (ms): Min: 0.0, Avg: 0.0, Max: 0.0, Diff: 0.0, Sum: 0.0]
      [Object Copy (ms): Min: 1.2, Avg: 1.2, Max: 1.3, Diff: 0.1, Sum: 4.9]
      [Termination (ms): Min: 0.0, Avg: 0.0, Max: 0.0, Diff: 0.0, Sum: 0.0]
         [Termination Attempts: Min: 1, Avg: 1.0, Max: 1, Diff: 0, Sum: 4]
      [GC Worker Other (ms): Min: 0.0, Avg: 0.0, Max: 0.0, Diff: 0.0, Sum: 0.0]
      [GC Worker Total (ms): Min: 3.6, Avg: 3.6, Max: 3.6, Diff: 0.0, Sum: 14.4]
      [GC Worker End (ms): Min: 630119.3, Avg: 630119.3, Max: 630119.3, Diff: 0.0]
   [Code Root Fixup: 0.0 ms]
   [Code Root Purge: 0.0 ms]
   [Clear CT: 0.0 ms]
   [Other: 0.3 ms]
      [Choose CSet: 0.0 ms]
      [Ref Proc: 0.1 ms]
      [Ref Enq: 0.0 ms]
      [Redirty Cards: 0.0 ms]
      [Humongous Register: 0.0 ms]
      [Humongous Reclaim: 0.0 ms]
      [Free CSet: 0.0 ms]
   [Eden: 79.0M(79.0M)->0.0B(77.0M) Survivors: 1024.0K->2048.0K Heap: 227.2M(256.0M)->148.5M(256.0M)]
 [Times: user=0.01 sys=0.00, real=0.00 secs] 
2020-04-13T15:54:09.150+0800: 632.111: [GC pause (G1 Evacuation Pause) (young) (initial-mark), 0.0096512 secs]
   [Parallel Time: 5.8 ms, GC Workers: 4]
      [GC Worker Start (ms): Min: 632111.5, Avg: 632111.6, Max: 632112.1, Diff: 0.6]
      [Ext Root Scanning (ms): Min: 0.0, Avg: 0.5, Max: 0.7, Diff: 0.7, Sum: 2.0]
      [Update RS (ms): Min: 2.0, Avg: 2.4, Max: 3.0, Diff: 1.0, Sum: 9.4]
         [Processed Buffers: Min: 1, Avg: 8.8, Max: 16, Diff: 15, Sum: 35]
      [Scan RS (ms): Min: 0.0, Avg: 0.3, Max: 0.5, Diff: 0.5, Sum: 1.2]
      [Code Root Scanning (ms): Min: 0.0, Avg: 0.0, Max: 0.0, Diff: 0.0, Sum: 0.0]
      [Object Copy (ms): Min: 1.1, Avg: 1.6, Max: 2.2, Diff: 1.1, Sum: 6.6]
      [Termination (ms): Min: 0.0, Avg: 0.6, Max: 0.8, Diff: 0.8, Sum: 2.2]
         [Termination Attempts: Min: 1, Avg: 1.0, Max: 1, Diff: 0, Sum: 4]
      [GC Worker Other (ms): Min: 0.0, Avg: 0.0, Max: 0.0, Diff: 0.0, Sum: 0.0]
      [GC Worker Total (ms): Min: 4.9, Avg: 5.4, Max: 5.6, Diff: 0.7, Sum: 21.4]
      [GC Worker End (ms): Min: 632116.8, Avg: 632117.0, Max: 632117.1, Diff: 0.3]
   [Code Root Fixup: 0.0 ms]
   [Code Root Purge: 0.0 ms]
   [Clear CT: 0.1 ms]
   [Other: 3.8 ms]
      [Choose CSet: 0.0 ms]
      [Ref Proc: 3.5 ms]
      [Ref Enq: 0.0 ms]
      [Redirty Cards: 0.1 ms]
      [Humongous Register: 0.0 ms]
      [Humongous Reclaim: 0.0 ms]
      [Free CSet: 0.0 ms]
   [Eden: 77.0M(77.0M)->0.0B(77.0M) Survivors: 2048.0K->2048.0K Heap: 225.5M(256.0M)->148.8M(256.0M)]
 [Times: user=0.02 sys=0.00, real=0.01 secs] 
2020-04-13T15:54:09.160+0800: 632.121: [GC concurrent-root-region-scan-start]
2020-04-13T15:54:09.165+0800: 632.126: [GC concurrent-root-region-scan-end, 0.0046850 secs]
2020-04-13T15:54:09.165+0800: 632.126: [GC concurrent-mark-start]
2020-04-13T15:54:09.185+0800: 632.146: [GC concurrent-mark-end, 0.0202559 secs]
2020-04-13T15:54:09.185+0800: 632.146: [GC remark 2020-04-13T15:54:09.185+0800: 632.146: [Finalize Marking, 0.0001320 secs] 2020-04-13T15:54:09.185+0800: 632.146: [GC ref-proc, 0.0000560 secs] 2020-04-13T15:54:09.185+0800: 632.147: [Unloading, 0.0059504 secs], 0.0103962 secs]
 [Times: user=0.02 sys=0.00, real=0.01 secs] 
2020-04-13T15:54:09.196+0800: 632.157: [GC cleanup 150M->150M(256M), 0.0003473 secs]
 [Times: user=0.00 sys=0.00, real=0.00 secs] 
2020-04-13T15:54:11.293+0800: 634.254: [GC pause (G1 Evacuation Pause) (young), 0.0064279 secs]
   [Parallel Time: 4.2 ms, GC Workers: 4]
      [GC Worker Start (ms): Min: 634254.3, Avg: 634254.3, Max: 634254.3, Diff: 0.0]
      [Ext Root Scanning (ms): Min: 0.3, Avg: 0.3, Max: 0.5, Diff: 0.2, Sum: 1.3]
      [Update RS (ms): Min: 1.4, Avg: 1.4, Max: 1.4, Diff: 0.1, Sum: 5.6]
         [Processed Buffers: Min: 4, Avg: 7.8, Max: 12, Diff: 8, Sum: 31]
      [Scan RS (ms): Min: 0.6, Avg: 1.1, Max: 2.2, Diff: 1.7, Sum: 4.2]
      [Code Root Scanning (ms): Min: 0.0, Avg: 0.0, Max: 0.0, Diff: 0.0, Sum: 0.0]
      [Object Copy (ms): Min: 0.2, Avg: 1.3, Max: 1.7, Diff: 1.5, Sum: 5.1]
      [Termination (ms): Min: 0.0, Avg: 0.0, Max: 0.0, Diff: 0.0, Sum: 0.0]
         [Termination Attempts: Min: 1, Avg: 1.2, Max: 2, Diff: 1, Sum: 5]
      [GC Worker Other (ms): Min: 0.0, Avg: 0.0, Max: 0.1, Diff: 0.0, Sum: 0.1]
      [GC Worker Total (ms): Min: 4.1, Avg: 4.1, Max: 4.1, Diff: 0.1, Sum: 16.4]
      [GC Worker End (ms): Min: 634258.4, Avg: 634258.4, Max: 634258.4, Diff: 0.0]
   [Code Root Fixup: 0.0 ms]
   [Code Root Purge: 0.0 ms]
   [Clear CT: 0.1 ms]
   [Other: 2.1 ms]
      [Choose CSet: 0.0 ms]
      [Ref Proc: 1.3 ms]
      [Ref Enq: 0.0 ms]
      [Redirty Cards: 0.6 ms]
      [Humongous Register: 0.0 ms]
      [Humongous Reclaim: 0.0 ms]
      [Free CSet: 0.0 ms]
   [Eden: 77.0M(77.0M)->0.0B(77.0M) Survivors: 2048.0K->2048.0K Heap: 225.8M(256.0M)->148.6M(256.0M)]
 [Times: user=0.01 sys=0.00, real=0.01 secs] 
2020-04-13T15:54:13.257+0800: 636.218: [GC pause (G1 Evacuation Pause) (young), 0.0058654 secs]
   [Parallel Time: 4.8 ms, GC Workers: 4]
      [GC Worker Start (ms): Min: 636218.3, Avg: 636218.3, Max: 636218.3, Diff: 0.0]
      [Ext Root Scanning (ms): Min: 0.4, Avg: 1.5, Max: 4.5, Diff: 4.1, Sum: 5.9]
      [Update RS (ms): Min: 0.0, Avg: 1.4, Max: 2.1, Diff: 2.1, Sum: 5.7]
         [Processed Buffers: Min: 0, Avg: 8.2, Max: 19, Diff: 19, Sum: 33]
      [Scan RS (ms): Min: 0.0, Avg: 0.4, Max: 0.6, Diff: 0.6, Sum: 1.5]
      [Code Root Scanning (ms): Min: 0.0, Avg: 0.0, Max: 0.0, Diff: 0.0, Sum: 0.0]
      [Object Copy (ms): Min: 0.0, Avg: 1.1, Max: 1.4, Diff: 1.4, Sum: 4.3]
      [Termination (ms): Min: 0.0, Avg: 0.3, Max: 0.4, Diff: 0.4, Sum: 1.0]
         [Termination Attempts: Min: 1, Avg: 1.0, Max: 1, Diff: 0, Sum: 4]
      [GC Worker Other (ms): Min: 0.0, Avg: 0.0, Max: 0.0, Diff: 0.0, Sum: 0.0]
      [GC Worker Total (ms): Min: 4.5, Avg: 4.6, Max: 4.7, Diff: 0.2, Sum: 18.5]
      [GC Worker End (ms): Min: 636222.8, Avg: 636222.9, Max: 636223.0, Diff: 0.2]
   [Code Root Fixup: 0.0 ms]
   [Code Root Purge: 0.0 ms]
   [Clear CT: 0.0 ms]
   [Other: 1.0 ms]
      [Choose CSet: 0.0 ms]
      [Ref Proc: 0.8 ms]
      [Ref Enq: 0.0 ms]
      [Redirty Cards: 0.1 ms]
      [Humongous Register: 0.0 ms]
      [Humongous Reclaim: 0.0 ms]
      [Free CSet: 0.0 ms]
   [Eden: 77.0M(77.0M)->0.0B(77.0M) Survivors: 2048.0K->2048.0K Heap: 225.6M(256.0M)->148.8M(256.0M)]
 [Times: user=0.01 sys=0.00, real=0.01 secs] 
2020-04-13T15:54:15.219+0800: 638.180: [GC pause (G1 Evacuation Pause) (young) (initial-mark), 0.0046370 secs]
   [Parallel Time: 4.2 ms, GC Workers: 4]
      [GC Worker Start (ms): Min: 638179.8, Avg: 638179.8, Max: 638179.8, Diff: 0.0]
      [Ext Root Scanning (ms): Min: 0.9, Avg: 0.9, Max: 0.9, Diff: 0.0, Sum: 3.6]
      [Update RS (ms): Min: 1.6, Avg: 1.7, Max: 1.9, Diff: 0.3, Sum: 6.8]
         [Processed Buffers: Min: 4, Avg: 7.5, Max: 13, Diff: 9, Sum: 30]
      [Scan RS (ms): Min: 0.1, Avg: 0.3, Max: 0.4, Diff: 0.3, Sum: 1.2]
      [Code Root Scanning (ms): Min: 0.0, Avg: 0.0, Max: 0.0, Diff: 0.0, Sum: 0.0]
      [Object Copy (ms): Min: 1.1, Avg: 1.2, Max: 1.3, Diff: 0.1, Sum: 4.8]
      [Termination (ms): Min: 0.0, Avg: 0.0, Max: 0.0, Diff: 0.0, Sum: 0.0]
         [Termination Attempts: Min: 1, Avg: 1.0, Max: 1, Diff: 0, Sum: 4]
      [GC Worker Other (ms): Min: 0.0, Avg: 0.0, Max: 0.0, Diff: 0.0, Sum: 0.0]
      [GC Worker Total (ms): Min: 4.1, Avg: 4.1, Max: 4.1, Diff: 0.0, Sum: 16.4]
      [GC Worker End (ms): Min: 638183.9, Avg: 638183.9, Max: 638183.9, Diff: 0.0]
   [Code Root Fixup: 0.0 ms]
   [Code Root Purge: 0.0 ms]
   [Clear CT: 0.1 ms]
   [Other: 0.4 ms]
      [Choose CSet: 0.0 ms]
      [Ref Proc: 0.2 ms]
      [Ref Enq: 0.0 ms]
      [Redirty Cards: 0.0 ms]
      [Humongous Register: 0.0 ms]
      [Humongous Reclaim: 0.0 ms]
      [Free CSet: 0.0 ms]
   [Eden: 77.0M(77.0M)->0.0B(77.0M) Survivors: 2048.0K->2048.0K Heap: 225.8M(256.0M)->149.4M(256.0M)]
 [Times: user=0.02 sys=0.00, real=0.01 secs] 
2020-04-13T15:54:15.224+0800: 638.184: [GC concurrent-root-region-scan-start]
2020-04-13T15:54:15.226+0800: 638.187: [GC concurrent-root-region-scan-end, 0.0028582 secs]
2020-04-13T15:54:15.226+0800: 638.187: [GC concurrent-mark-start]
2020-04-13T15:54:15.245+0800: 638.206: [GC concurrent-mark-end, 0.0190573 secs]
2020-04-13T15:54:15.246+0800: 638.207: [GC remark 2020-04-13T15:54:15.246+0800: 638.207: [Finalize Marking, 0.0008348 secs] 2020-04-13T15:54:15.247+0800: 638.207: [GC ref-proc, 0.0000533 secs] 2020-04-13T15:54:15.247+0800: 638.208: [Unloading, 0.0037251 secs], 0.0057568 secs]
 [Times: user=0.02 sys=0.00, real=0.01 secs] 
2020-04-13T15:54:15.252+0800: 638.213: [GC cleanup 150M->150M(256M), 0.0004292 secs]
 [Times: user=0.00 sys=0.00, real=0.00 secs] 
2020-04-13T15:54:17.434+0800: 640.395: [GC pause (G1 Evacuation Pause) (young), 0.0200078 secs]
   [Parallel Time: 18.9 ms, GC Workers: 4]
      [GC Worker Start (ms): Min: 640395.0, Avg: 640397.2, Max: 640403.8, Diff: 8.8]
      [Ext Root Scanning (ms): Min: 0.0, Avg: 0.4, Max: 0.5, Diff: 0.5, Sum: 1.4]
      [Update RS (ms): Min: 0.0, Avg: 3.6, Max: 5.4, Diff: 5.4, Sum: 14.3]
         [Processed Buffers: Min: 0, Avg: 8.0, Max: 16, Diff: 16, Sum: 32]
      [Scan RS (ms): Min: 0.0, Avg: 0.4, Max: 0.7, Diff: 0.7, Sum: 1.4]
      [Code Root Scanning (ms): Min: 0.0, Avg: 0.0, Max: 0.0, Diff: 0.0, Sum: 0.0]
      [Object Copy (ms): Min: 0.0, Avg: 1.9, Max: 2.6, Diff: 2.6, Sum: 7.4]
      [Termination (ms): Min: 0.0, Avg: 5.5, Max: 10.6, Diff: 10.6, Sum: 21.8]
         [Termination Attempts: Min: 1, Avg: 1.0, Max: 1, Diff: 0, Sum: 4]
      [GC Worker Other (ms): Min: 0.0, Avg: 0.0, Max: 0.0, Diff: 0.0, Sum: 0.1]
      [GC Worker Total (ms): Min: 0.0, Avg: 11.6, Max: 18.8, Diff: 18.8, Sum: 46.5]
      [GC Worker End (ms): Min: 640403.8, Avg: 640408.9, Max: 640413.8, Diff: 10.0]
   [Code Root Fixup: 0.1 ms]
   [Code Root Purge: 0.0 ms]
   [Clear CT: 0.0 ms]
   [Other: 1.0 ms]
      [Choose CSet: 0.0 ms]
      [Ref Proc: 0.8 ms]
      [Ref Enq: 0.0 ms]
      [Redirty Cards: 0.0 ms]
      [Humongous Register: 0.0 ms]
      [Humongous Reclaim: 0.0 ms]
      [Free CSet: 0.0 ms]
   [Eden: 77.0M(77.0M)->0.0B(77.0M) Survivors: 2048.0K->2048.0K Heap: 226.4M(256.0M)->148.8M(256.0M)]
 [Times: user=0.02 sys=0.01, real=0.02 secs] 
2020-04-13T15:54:20.414+0800: 643.375: [GC pause (G1 Evacuation Pause) (young), 0.0039946 secs]
   [Parallel Time: 3.7 ms, GC Workers: 4]
      [GC Worker Start (ms): Min: 643375.5, Avg: 643375.5, Max: 643375.5, Diff: 0.1]
      [Ext Root Scanning (ms): Min: 0.3, Avg: 0.3, Max: 0.5, Diff: 0.2, Sum: 1.3]
      [Update RS (ms): Min: 1.4, Avg: 1.6, Max: 1.7, Diff: 0.3, Sum: 6.2]
         [Processed Buffers: Min: 5, Avg: 7.8, Max: 13, Diff: 8, Sum: 31]
      [Scan RS (ms): Min: 0.3, Avg: 0.4, Max: 0.4, Diff: 0.2, Sum: 1.5]
      [Code Root Scanning (ms): Min: 0.0, Avg: 0.0, Max: 0.0, Diff: 0.0, Sum: 0.0]
      [Object Copy (ms): Min: 1.2, Avg: 1.3, Max: 1.3, Diff: 0.0, Sum: 5.1]
      [Termination (ms): Min: 0.0, Avg: 0.0, Max: 0.0, Diff: 0.0, Sum: 0.0]
         [Termination Attempts: Min: 1, Avg: 1.0, Max: 1, Diff: 0, Sum: 4]
      [GC Worker Other (ms): Min: 0.0, Avg: 0.0, Max: 0.0, Diff: 0.0, Sum: 0.1]
      [GC Worker Total (ms): Min: 3.5, Avg: 3.6, Max: 3.6, Diff: 0.0, Sum: 14.2]
      [GC Worker End (ms): Min: 643379.0, Avg: 643379.0, Max: 643379.1, Diff: 0.0]
   [Code Root Fixup: 0.0 ms]
   [Code Root Purge: 0.0 ms]
   [Clear CT: 0.0 ms]
   [Other: 0.3 ms]
      [Choose CSet: 0.0 ms]
      [Ref Proc: 0.1 ms]
      [Ref Enq: 0.0 ms]
      [Redirty Cards: 0.1 ms]
      [Humongous Register: 0.0 ms]
      [Humongous Reclaim: 0.0 ms]
      [Free CSet: 0.0 ms]
   [Eden: 77.0M(77.0M)->0.0B(77.0M) Survivors: 2048.0K->2048.0K Heap: 225.8M(256.0M)->149.5M(256.0M)]
 [Times: user=0.01 sys=0.00, real=0.00 secs] 
2020-04-13T15:54:22.551+0800: 645.512: [GC pause (G1 Evacuation Pause) (young) (initial-mark), 0.0044066 secs]
   [Parallel Time: 4.0 ms, GC Workers: 4]
      [GC Worker Start (ms): Min: 645511.7, Avg: 645511.7, Max: 645511.7, Diff: 0.0]
      [Ext Root Scanning (ms): Min: 0.5, Avg: 0.6, Max: 0.9, Diff: 0.4, Sum: 2.5]
      [Update RS (ms): Min: 1.3, Avg: 1.6, Max: 1.9, Diff: 0.6, Sum: 6.6]
         [Processed Buffers: Min: 5, Avg: 7.8, Max: 15, Diff: 10, Sum: 31]
      [Scan RS (ms): Min: 0.2, Avg: 0.4, Max: 0.5, Diff: 0.3, Sum: 1.6]
      [Code Root Scanning (ms): Min: 0.0, Avg: 0.0, Max: 0.0, Diff: 0.0, Sum: 0.0]
      [Object Copy (ms): Min: 1.3, Avg: 1.3, Max: 1.3, Diff: 0.0, Sum: 5.2]
      [Termination (ms): Min: 0.0, Avg: 0.0, Max: 0.0, Diff: 0.0, Sum: 0.0]
         [Termination Attempts: Min: 1, Avg: 1.0, Max: 1, Diff: 0, Sum: 4]
      [GC Worker Other (ms): Min: 0.0, Avg: 0.0, Max: 0.0, Diff: 0.0, Sum: 0.0]
      [GC Worker Total (ms): Min: 4.0, Avg: 4.0, Max: 4.0, Diff: 0.0, Sum: 15.9]
      [GC Worker End (ms): Min: 645515.7, Avg: 645515.7, Max: 645515.7, Diff: 0.0]
   [Code Root Fixup: 0.0 ms]
   [Code Root Purge: 0.0 ms]
   [Clear CT: 0.0 ms]
   [Other: 0.3 ms]
      [Choose CSet: 0.0 ms]
      [Ref Proc: 0.1 ms]
      [Ref Enq: 0.0 ms]
      [Redirty Cards: 0.1 ms]
      [Humongous Register: 0.0 ms]
      [Humongous Reclaim: 0.0 ms]
      [Free CSet: 0.0 ms]
   [Eden: 77.0M(77.0M)->0.0B(79.0M) Survivors: 2048.0K->1024.0K Heap: 226.5M(256.0M)->148.8M(256.0M)]
 [Times: user=0.02 sys=0.00, real=0.00 secs] 
2020-04-13T15:54:22.555+0800: 645.516: [GC concurrent-root-region-scan-start]
2020-04-13T15:54:22.558+0800: 645.519: [GC concurrent-root-region-scan-end, 0.0029630 secs]
2020-04-13T15:54:22.558+0800: 645.519: [GC concurrent-mark-start]
2020-04-13T15:54:22.576+0800: 645.537: [GC concurrent-mark-end, 0.0175443 secs]
2020-04-13T15:54:22.576+0800: 645.537: [GC remark 2020-04-13T15:54:22.576+0800: 645.537: [Finalize Marking, 0.0000946 secs] 2020-04-13T15:54:22.576+0800: 645.537: [GC ref-proc, 0.0000521 secs] 2020-04-13T15:54:22.576+0800: 645.537: [Unloading, 0.0033709 secs], 0.0048581 secs]
 [Times: user=0.01 sys=0.00, real=0.01 secs] 
2020-04-13T15:54:22.581+0800: 645.542: [GC cleanup 150M->150M(256M), 0.0003580 secs]
 [Times: user=0.00 sys=0.00, real=0.00 secs] 
2020-04-13T15:54:24.981+0800: 647.942: [GC pause (G1 Evacuation Pause) (young), 0.0156120 secs]
   [Parallel Time: 9.3 ms, GC Workers: 4]
      [GC Worker Start (ms): Min: 647941.7, Avg: 647942.4, Max: 647944.4, Diff: 2.6]
      [Ext Root Scanning (ms): Min: 0.0, Avg: 0.3, Max: 0.5, Diff: 0.5, Sum: 1.2]
      [Update RS (ms): Min: 0.0, Avg: 1.6, Max: 2.4, Diff: 2.4, Sum: 6.4]
         [Processed Buffers: Min: 0, Avg: 7.8, Max: 12, Diff: 12, Sum: 31]
      [Scan RS (ms): Min: 0.9, Avg: 3.0, Max: 6.0, Diff: 5.0, Sum: 11.9]
      [Code Root Scanning (ms): Min: 0.0, Avg: 0.0, Max: 0.0, Diff: 0.0, Sum: 0.0]
      [Object Copy (ms): Min: 0.0, Avg: 1.7, Max: 3.2, Diff: 3.2, Sum: 7.0]
      [Termination (ms): Min: 0.0, Avg: 1.6, Max: 2.4, Diff: 2.4, Sum: 6.3]
         [Termination Attempts: Min: 1, Avg: 1.2, Max: 2, Diff: 1, Sum: 5]
      [GC Worker Other (ms): Min: 0.0, Avg: 0.0, Max: 0.0, Diff: 0.0, Sum: 0.0]
      [GC Worker Total (ms): Min: 6.6, Avg: 8.2, Max: 9.3, Diff: 2.6, Sum: 32.9]
      [GC Worker End (ms): Min: 647950.2, Avg: 647950.6, Max: 647951.0, Diff: 0.8]
   [Code Root Fixup: 0.0 ms]
   [Code Root Purge: 0.0 ms]
   [Clear CT: 0.1 ms]
   [Other: 6.2 ms]
      [Choose CSet: 0.0 ms]
      [Ref Proc: 6.0 ms]
      [Ref Enq: 0.0 ms]
      [Redirty Cards: 0.0 ms]
      [Humongous Register: 0.0 ms]
      [Humongous Reclaim: 0.0 ms]
      [Free CSet: 0.0 ms]
   [Eden: 79.0M(79.0M)->0.0B(77.0M) Survivors: 1024.0K->2048.0K Heap: 227.8M(256.0M)->149.5M(256.0M)]
 [Times: user=0.02 sys=0.00, real=0.01 secs] 
2020-04-13T15:54:27.437+0800: 650.398: [GC pause (G1 Evacuation Pause) (young), 0.0054070 secs]
   [Parallel Time: 5.0 ms, GC Workers: 4]
      [GC Worker Start (ms): Min: 650397.8, Avg: 650397.8, Max: 650397.8, Diff: 0.0]
      [Ext Root Scanning (ms): Min: 0.3, Avg: 0.4, Max: 0.5, Diff: 0.2, Sum: 1.4]
      [Update RS (ms): Min: 1.5, Avg: 1.8, Max: 2.2, Diff: 0.6, Sum: 7.0]
         [Processed Buffers: Min: 6, Avg: 9.0, Max: 11, Diff: 5, Sum: 36]
      [Scan RS (ms): Min: 0.2, Avg: 1.1, Max: 2.9, Diff: 2.7, Sum: 4.4]
      [Code Root Scanning (ms): Min: 0.0, Avg: 0.0, Max: 0.0, Diff: 0.0, Sum: 0.0]
      [Object Copy (ms): Min: 0.0, Avg: 1.3, Max: 1.8, Diff: 1.8, Sum: 5.2]
      [Termination (ms): Min: 0.0, Avg: 0.4, Max: 0.6, Diff: 0.6, Sum: 1.7]
         [Termination Attempts: Min: 1, Avg: 9.5, Max: 19, Diff: 18, Sum: 38]
      [GC Worker Other (ms): Min: 0.0, Avg: 0.0, Max: 0.0, Diff: 0.0, Sum: 0.0]
      [GC Worker Total (ms): Min: 4.9, Avg: 4.9, Max: 5.0, Diff: 0.0, Sum: 19.8]
      [GC Worker End (ms): Min: 650402.8, Avg: 650402.8, Max: 650402.8, Diff: 0.0]
   [Code Root Fixup: 0.0 ms]
   [Code Root Purge: 0.0 ms]
   [Clear CT: 0.1 ms]
   [Other: 0.3 ms]
      [Choose CSet: 0.0 ms]
      [Ref Proc: 0.1 ms]
      [Ref Enq: 0.0 ms]
      [Redirty Cards: 0.0 ms]
      [Humongous Register: 0.0 ms]
      [Humongous Reclaim: 0.0 ms]
      [Free CSet: 0.0 ms]
   [Eden: 77.0M(77.0M)->0.0B(78.0M) Survivors: 2048.0K->1024.0K Heap: 226.5M(256.0M)->149.0M(256.0M)]
 [Times: user=0.02 sys=0.00, real=0.01 secs] 
2020-04-13T15:54:29.676+0800: 652.637: [GC pause (G1 Evacuation Pause) (young) (initial-mark), 0.0087817 secs]
   [Parallel Time: 7.1 ms, GC Workers: 4]
      [GC Worker Start (ms): Min: 652636.7, Avg: 652637.6, Max: 652638.5, Diff: 1.8]
      [Ext Root Scanning (ms): Min: 0.0, Avg: 2.3, Max: 5.1, Diff: 5.1, Sum: 9.1]
      [Update RS (ms): Min: 0.0, Avg: 2.5, Max: 3.7, Diff: 3.7, Sum: 10.2]
         [Processed Buffers: Min: 0, Avg: 8.5, Max: 12, Diff: 12, Sum: 34]
      [Scan RS (ms): Min: 0.0, Avg: 0.1, Max: 0.2, Diff: 0.2, Sum: 0.5]
      [Code Root Scanning (ms): Min: 0.0, Avg: 0.0, Max: 0.0, Diff: 0.0, Sum: 0.0]
      [Object Copy (ms): Min: 0.2, Avg: 1.1, Max: 1.6, Diff: 1.3, Sum: 4.6]
      [Termination (ms): Min: 0.0, Avg: 0.0, Max: 0.0, Diff: 0.0, Sum: 0.0]
         [Termination Attempts: Min: 1, Avg: 1.0, Max: 1, Diff: 0, Sum: 4]
      [GC Worker Other (ms): Min: 0.0, Avg: 0.0, Max: 0.0, Diff: 0.0, Sum: 0.1]
      [GC Worker Total (ms): Min: 5.3, Avg: 6.1, Max: 7.0, Diff: 1.8, Sum: 24.5]
      [GC Worker End (ms): Min: 652643.7, Avg: 652643.7, Max: 652643.7, Diff: 0.0]
   [Code Root Fixup: 0.0 ms]
   [Code Root Purge: 0.0 ms]
   [Clear CT: 0.1 ms]
   [Other: 1.5 ms]
      [Choose CSet: 0.0 ms]
      [Ref Proc: 1.3 ms]
      [Ref Enq: 0.0 ms]
      [Redirty Cards: 0.1 ms]
      [Humongous Register: 0.0 ms]
      [Humongous Reclaim: 0.0 ms]
      [Free CSet: 0.0 ms]
   [Eden: 78.0M(78.0M)->0.0B(76.0M) Survivors: 1024.0K->2048.0K Heap: 227.0M(256.0M)->149.5M(256.0M)]
 [Times: user=0.02 sys=0.00, real=0.01 secs] 
2020-04-13T15:54:29.685+0800: 652.646: [GC concurrent-root-region-scan-start]
2020-04-13T15:54:29.689+0800: 652.649: [GC concurrent-root-region-scan-end, 0.0039140 secs]
2020-04-13T15:54:29.689+0800: 652.649: [GC concurrent-mark-start]
2020-04-13T15:54:29.716+0800: 652.677: [GC concurrent-mark-end, 0.0272983 secs]
2020-04-13T15:54:29.716+0800: 652.677: [GC remark 2020-04-13T15:54:29.716+0800: 652.677: [Finalize Marking, 0.0006120 secs] 2020-04-13T15:54:29.717+0800: 652.678: [GC ref-proc, 0.0001186 secs] 2020-04-13T15:54:29.717+0800: 652.678: [Unloading, 0.0046049 secs], 0.0067373 secs]
 [Times: user=0.01 sys=0.00, real=0.01 secs] 
2020-04-13T15:54:29.723+0800: 652.684: [GC cleanup 150M->150M(256M), 0.0004231 secs]
 [Times: user=0.00 sys=0.00, real=0.00 secs] 
2020-04-13T15:54:31.920+0800: 654.881: [GC pause (G1 Evacuation Pause) (young), 0.0055107 secs]
   [Parallel Time: 4.6 ms, GC Workers: 4]
      [GC Worker Start (ms): Min: 654881.1, Avg: 654881.4, Max: 654882.3, Diff: 1.2]
      [Ext Root Scanning (ms): Min: 0.0, Avg: 0.3, Max: 0.5, Diff: 0.5, Sum: 1.3]
      [Update RS (ms): Min: 1.4, Avg: 2.1, Max: 2.5, Diff: 1.0, Sum: 8.3]
         [Processed Buffers: Min: 5, Avg: 8.0, Max: 11, Diff: 6, Sum: 32]
      [Scan RS (ms): Min: 0.1, Avg: 0.3, Max: 0.4, Diff: 0.3, Sum: 1.2]
      [Code Root Scanning (ms): Min: 0.0, Avg: 0.0, Max: 0.0, Diff: 0.0, Sum: 0.0]
      [Object Copy (ms): Min: 1.5, Avg: 1.5, Max: 1.6, Diff: 0.1, Sum: 6.1]
      [Termination (ms): Min: 0.0, Avg: 0.0, Max: 0.0, Diff: 0.0, Sum: 0.0]
         [Termination Attempts: Min: 1, Avg: 1.0, Max: 1, Diff: 0, Sum: 4]
      [GC Worker Other (ms): Min: 0.0, Avg: 0.0, Max: 0.0, Diff: 0.0, Sum: 0.0]
      [GC Worker Total (ms): Min: 3.3, Avg: 4.2, Max: 4.5, Diff: 1.2, Sum: 16.9]
      [GC Worker End (ms): Min: 654885.7, Avg: 654885.7, Max: 654885.7, Diff: 0.0]
   [Code Root Fixup: 0.1 ms]
   [Code Root Purge: 0.0 ms]
   [Clear CT: 0.0 ms]
   [Other: 0.8 ms]
      [Choose CSet: 0.0 ms]
      [Ref Proc: 0.7 ms]
      [Ref Enq: 0.0 ms]
      [Redirty Cards: 0.1 ms]
      [Humongous Register: 0.0 ms]
      [Humongous Reclaim: 0.0 ms]
      [Free CSet: 0.0 ms]
   [Eden: 76.0M(76.0M)->0.0B(10.0M) Survivors: 2048.0K->2048.0K Heap: 225.5M(256.0M)->149.6M(256.0M)]
 [Times: user=0.02 sys=0.00, real=0.00 secs] 
2020-04-13T15:54:32.164+0800: 655.125: [GC pause (G1 Evacuation Pause) (mixed), 0.0068642 secs]
   [Parallel Time: 5.9 ms, GC Workers: 4]
      [GC Worker Start (ms): Min: 655125.0, Avg: 655125.0, Max: 655125.0, Diff: 0.0]
      [Ext Root Scanning (ms): Min: 0.3, Avg: 0.3, Max: 0.4, Diff: 0.2, Sum: 1.3]
      [Update RS (ms): Min: 1.2, Avg: 1.3, Max: 1.4, Diff: 0.2, Sum: 5.1]
         [Processed Buffers: Min: 5, Avg: 6.5, Max: 8, Diff: 3, Sum: 26]
      [Scan RS (ms): Min: 0.8, Avg: 1.1, Max: 1.8, Diff: 1.0, Sum: 4.5]
      [Code Root Scanning (ms): Min: 0.0, Avg: 0.0, Max: 0.0, Diff: 0.0, Sum: 0.0]
      [Object Copy (ms): Min: 2.4, Avg: 3.1, Max: 3.4, Diff: 0.9, Sum: 12.4]
      [Termination (ms): Min: 0.0, Avg: 0.0, Max: 0.0, Diff: 0.0, Sum: 0.1]
         [Termination Attempts: Min: 1, Avg: 1.0, Max: 1, Diff: 0, Sum: 4]
      [GC Worker Other (ms): Min: 0.0, Avg: 0.0, Max: 0.0, Diff: 0.0, Sum: 0.0]
      [GC Worker Total (ms): Min: 5.8, Avg: 5.8, Max: 5.8, Diff: 0.0, Sum: 23.3]
      [GC Worker End (ms): Min: 655130.8, Avg: 655130.8, Max: 655130.8, Diff: 0.0]
   [Code Root Fixup: 0.0 ms]
   [Code Root Purge: 0.0 ms]
   [Clear CT: 0.1 ms]
   [Other: 0.9 ms]
      [Choose CSet: 0.0 ms]
      [Ref Proc: 0.7 ms]
      [Ref Enq: 0.0 ms]
      [Redirty Cards: 0.1 ms]
      [Humongous Register: 0.0 ms]
      [Humongous Reclaim: 0.0 ms]
      [Free CSet: 0.0 ms]
   [Eden: 10.0M(10.0M)->0.0B(79.0M) Survivors: 2048.0K->1024.0K Heap: 159.6M(256.0M)->148.5M(256.0M)]
 [Times: user=0.02 sys=0.00, real=0.01 secs] 
2020-04-13T15:54:34.346+0800: 657.307: [GC pause (G1 Evacuation Pause) (young), 0.0053698 secs]
   [Parallel Time: 4.4 ms, GC Workers: 4]
      [GC Worker Start (ms): Min: 657306.7, Avg: 657306.7, Max: 657306.7, Diff: 0.1]
      [Ext Root Scanning (ms): Min: 0.2, Avg: 0.3, Max: 0.5, Diff: 0.2, Sum: 1.3]
      [Update RS (ms): Min: 1.5, Avg: 1.7, Max: 2.1, Diff: 0.6, Sum: 7.0]
         [Processed Buffers: Min: 4, Avg: 7.8, Max: 11, Diff: 7, Sum: 31]
      [Scan RS (ms): Min: 0.4, Avg: 0.8, Max: 1.1, Diff: 0.7, Sum: 3.1]
      [Code Root Scanning (ms): Min: 0.0, Avg: 0.0, Max: 0.0, Diff: 0.0, Sum: 0.0]
      [Object Copy (ms): Min: 1.3, Avg: 1.5, Max: 1.6, Diff: 0.3, Sum: 6.0]
      [Termination (ms): Min: 0.0, Avg: 0.0, Max: 0.0, Diff: 0.0, Sum: 0.0]
         [Termination Attempts: Min: 1, Avg: 1.0, Max: 1, Diff: 0, Sum: 4]
      [GC Worker Other (ms): Min: 0.0, Avg: 0.0, Max: 0.0, Diff: 0.0, Sum: 0.1]
      [GC Worker Total (ms): Min: 4.3, Avg: 4.3, Max: 4.4, Diff: 0.1, Sum: 17.4]
      [GC Worker End (ms): Min: 657311.0, Avg: 657311.0, Max: 657311.0, Diff: 0.0]
   [Code Root Fixup: 0.0 ms]
   [Code Root Purge: 0.0 ms]
   [Clear CT: 0.1 ms]
   [Other: 0.9 ms]
      [Choose CSet: 0.0 ms]
      [Ref Proc: 0.7 ms]
      [Ref Enq: 0.0 ms]
      [Redirty Cards: 0.0 ms]
      [Humongous Register: 0.0 ms]
      [Humongous Reclaim: 0.0 ms]
      [Free CSet: 0.0 ms]
   [Eden: 79.0M(79.0M)->0.0B(77.0M) Survivors: 1024.0K->2048.0K Heap: 227.5M(256.0M)->148.9M(256.0M)]
 [Times: user=0.01 sys=0.00, real=0.01 secs] 
2020-04-13T15:54:36.337+0800: 659.298: [GC pause (G1 Evacuation Pause) (young) (initial-mark), 0.0065617 secs]
   [Parallel Time: 5.2 ms, GC Workers: 4]
      [GC Worker Start (ms): Min: 659298.0, Avg: 659298.0, Max: 659298.0, Diff: 0.0]
      [Ext Root Scanning (ms): Min: 0.5, Avg: 1.2, Max: 3.3, Diff: 2.9, Sum: 4.9]
      [Update RS (ms): Min: 0.0, Avg: 1.8, Max: 2.4, Diff: 2.4, Sum: 7.0]
         [Processed Buffers: Min: 0, Avg: 8.0, Max: 12, Diff: 12, Sum: 32]
      [Scan RS (ms): Min: 0.0, Avg: 0.4, Max: 0.5, Diff: 0.5, Sum: 1.4]
      [Code Root Scanning (ms): Min: 0.0, Avg: 0.0, Max: 0.0, Diff: 0.0, Sum: 0.0]
      [Object Copy (ms): Min: 1.7, Avg: 1.8, Max: 1.8, Diff: 0.1, Sum: 7.1]
      [Termination (ms): Min: 0.0, Avg: 0.0, Max: 0.0, Diff: 0.0, Sum: 0.0]
         [Termination Attempts: Min: 1, Avg: 1.0, Max: 1, Diff: 0, Sum: 4]
      [GC Worker Other (ms): Min: 0.0, Avg: 0.0, Max: 0.0, Diff: 0.0, Sum: 0.0]
      [GC Worker Total (ms): Min: 5.1, Avg: 5.1, Max: 5.1, Diff: 0.0, Sum: 20.5]
      [GC Worker End (ms): Min: 659303.1, Avg: 659303.1, Max: 659303.1, Diff: 0.0]
   [Code Root Fixup: 0.0 ms]
   [Code Root Purge: 0.0 ms]
   [Clear CT: 0.0 ms]
   [Other: 1.2 ms]
      [Choose CSet: 0.0 ms]
      [Ref Proc: 1.0 ms]
      [Ref Enq: 0.0 ms]
      [Redirty Cards: 0.0 ms]
      [Humongous Register: 0.0 ms]
      [Humongous Reclaim: 0.0 ms]
      [Free CSet: 0.0 ms]
   [Eden: 77.0M(77.0M)->0.0B(77.0M) Survivors: 2048.0K->2048.0K Heap: 225.9M(256.0M)->149.4M(256.0M)]
 [Times: user=0.02 sys=0.00, real=0.01 secs] 
2020-04-13T15:54:36.344+0800: 659.305: [GC concurrent-root-region-scan-start]
2020-04-13T15:54:36.347+0800: 659.308: [GC concurrent-root-region-scan-end, 0.0028704 secs]
2020-04-13T15:54:36.347+0800: 659.308: [GC concurrent-mark-start]
2020-04-13T15:54:36.372+0800: 659.332: [GC concurrent-mark-end, 0.0249824 secs]
2020-04-13T15:54:36.372+0800: 659.333: [GC remark 2020-04-13T15:54:36.372+0800: 659.333: [Finalize Marking, 0.0000991 secs] 2020-04-13T15:54:36.372+0800: 659.333: [GC ref-proc, 0.0000527 secs] 2020-04-13T15:54:36.372+0800: 659.333: [Unloading, 0.0039913 secs], 0.0056532 secs]
 [Times: user=0.01 sys=0.00, real=0.00 secs] 
2020-04-13T15:54:36.378+0800: 659.338: [GC cleanup 150M->150M(256M), 0.0003292 secs]
 [Times: user=0.00 sys=0.00, real=0.00 secs] 
2020-04-13T15:54:39.206+0800: 662.167: [GC pause (G1 Evacuation Pause) (young), 0.0208503 secs]
   [Parallel Time: 14.7 ms, GC Workers: 4]
      [GC Worker Start (ms): Min: 662166.7, Avg: 662169.6, Max: 662177.9, Diff: 11.2]
      [Ext Root Scanning (ms): Min: 0.0, Avg: 0.4, Max: 0.7, Diff: 0.6, Sum: 1.7]
      [Update RS (ms): Min: 0.0, Avg: 4.5, Max: 6.2, Diff: 6.2, Sum: 18.0]
         [Processed Buffers: Min: 0, Avg: 8.5, Max: 16, Diff: 16, Sum: 34]
      [Scan RS (ms): Min: 0.0, Avg: 0.5, Max: 0.8, Diff: 0.8, Sum: 2.0]
      [Code Root Scanning (ms): Min: 0.0, Avg: 0.0, Max: 0.1, Diff: 0.1, Sum: 0.1]
      [Object Copy (ms): Min: 0.0, Avg: 1.8, Max: 2.7, Diff: 2.7, Sum: 7.4]
      [Termination (ms): Min: 0.0, Avg: 2.8, Max: 4.9, Diff: 4.9, Sum: 11.2]
         [Termination Attempts: Min: 1, Avg: 1.0, Max: 1, Diff: 0, Sum: 4]
      [GC Worker Other (ms): Min: 0.0, Avg: 0.0, Max: 0.1, Diff: 0.0, Sum: 0.1]
      [GC Worker Total (ms): Min: 0.1, Avg: 10.1, Max: 14.6, Diff: 14.5, Sum: 40.4]
      [GC Worker End (ms): Min: 662178.0, Avg: 662179.7, Max: 662181.3, Diff: 3.3]
   [Code Root Fixup: 0.0 ms]
   [Code Root Purge: 0.0 ms]
   [Clear CT: 0.1 ms]
   [Other: 6.0 ms]
      [Choose CSet: 0.0 ms]
      [Ref Proc: 5.8 ms]
      [Ref Enq: 0.0 ms]
      [Redirty Cards: 0.1 ms]
      [Humongous Register: 0.0 ms]
      [Humongous Reclaim: 0.0 ms]
      [Free CSet: 0.0 ms]
   [Eden: 77.0M(77.0M)->0.0B(77.0M) Survivors: 2048.0K->2048.0K Heap: 226.4M(256.0M)->149.1M(256.0M)]
 [Times: user=0.02 sys=0.00, real=0.02 secs] 
2020-04-13T15:54:41.999+0800: 664.960: [GC pause (G1 Evacuation Pause) (young), 0.0046236 secs]
   [Parallel Time: 4.3 ms, GC Workers: 4]
      [GC Worker Start (ms): Min: 664959.9, Avg: 664959.9, Max: 664959.9, Diff: 0.0]
      [Ext Root Scanning (ms): Min: 0.4, Avg: 1.0, Max: 2.3, Diff: 1.9, Sum: 3.9]
      [Update RS (ms): Min: 0.0, Avg: 1.4, Max: 2.2, Diff: 2.1, Sum: 5.7]
         [Processed Buffers: Min: 3, Avg: 8.8, Max: 15, Diff: 12, Sum: 35]
      [Scan RS (ms): Min: 0.2, Avg: 0.4, Max: 0.5, Diff: 0.3, Sum: 1.5]
      [Code Root Scanning (ms): Min: 0.0, Avg: 0.0, Max: 0.0, Diff: 0.0, Sum: 0.0]
      [Object Copy (ms): Min: 1.3, Avg: 1.4, Max: 1.4, Diff: 0.1, Sum: 5.6]
      [Termination (ms): Min: 0.0, Avg: 0.0, Max: 0.0, Diff: 0.0, Sum: 0.0]
         [Termination Attempts: Min: 1, Avg: 1.0, Max: 1, Diff: 0, Sum: 4]
      [GC Worker Other (ms): Min: 0.0, Avg: 0.0, Max: 0.0, Diff: 0.0, Sum: 0.1]
      [GC Worker Total (ms): Min: 4.2, Avg: 4.2, Max: 4.2, Diff: 0.1, Sum: 16.8]
      [GC Worker End (ms): Min: 664964.1, Avg: 664964.1, Max: 664964.1, Diff: 0.0]
   [Code Root Fixup: 0.0 ms]
   [Code Root Purge: 0.0 ms]
   [Clear CT: 0.0 ms]
   [Other: 0.3 ms]
      [Choose CSet: 0.0 ms]
      [Ref Proc: 0.1 ms]
      [Ref Enq: 0.0 ms]
      [Redirty Cards: 0.1 ms]
      [Humongous Register: 0.0 ms]
      [Humongous Reclaim: 0.0 ms]
      [Free CSet: 0.0 ms]
   [Eden: 77.0M(77.0M)->0.0B(77.0M) Survivors: 2048.0K->2048.0K Heap: 226.1M(256.0M)->149.5M(256.0M)]
 [Times: user=0.01 sys=0.00, real=0.01 secs] 
2020-04-13T15:54:44.322+0800: 667.283: [GC pause (G1 Evacuation Pause) (young) (initial-mark), 0.0054834 secs]
   [Parallel Time: 4.6 ms, GC Workers: 4]
      [GC Worker Start (ms): Min: 667282.6, Avg: 667282.6, Max: 667282.6, Diff: 0.0]
      [Ext Root Scanning (ms): Min: 0.5, Avg: 0.5, Max: 0.6, Diff: 0.1, Sum: 2.1]
      [Update RS (ms): Min: 1.7, Avg: 1.8, Max: 1.9, Diff: 0.1, Sum: 7.1]
         [Processed Buffers: Min: 5, Avg: 8.2, Max: 15, Diff: 10, Sum: 33]
      [Scan RS (ms): Min: 0.3, Avg: 0.3, Max: 0.4, Diff: 0.1, Sum: 1.2]
      [Code Root Scanning (ms): Min: 0.0, Avg: 0.0, Max: 0.0, Diff: 0.0, Sum: 0.0]
      [Object Copy (ms): Min: 1.4, Avg: 1.6, Max: 1.8, Diff: 0.3, Sum: 6.3]
      [Termination (ms): Min: 0.0, Avg: 0.2, Max: 0.4, Diff: 0.4, Sum: 0.8]
         [Termination Attempts: Min: 1, Avg: 1.0, Max: 1, Diff: 0, Sum: 4]
      [GC Worker Other (ms): Min: 0.0, Avg: 0.0, Max: 0.0, Diff: 0.0, Sum: 0.0]
      [GC Worker Total (ms): Min: 4.4, Avg: 4.4, Max: 4.5, Diff: 0.1, Sum: 17.7]
      [GC Worker End (ms): Min: 667287.0, Avg: 667287.0, Max: 667287.1, Diff: 0.2]
   [Code Root Fixup: 0.0 ms]
   [Code Root Purge: 0.0 ms]
   [Clear CT: 0.0 ms]
   [Other: 0.8 ms]
      [Choose CSet: 0.0 ms]
      [Ref Proc: 0.6 ms]
      [Ref Enq: 0.0 ms]
      [Redirty Cards: 0.1 ms]
      [Humongous Register: 0.0 ms]
      [Humongous Reclaim: 0.0 ms]
      [Free CSet: 0.0 ms]
   [Eden: 77.0M(77.0M)->0.0B(78.0M) Survivors: 2048.0K->1024.0K Heap: 226.5M(256.0M)->149.0M(256.0M)]
 [Times: user=0.02 sys=0.00, real=0.00 secs] 
2020-04-13T15:54:44.328+0800: 667.288: [GC concurrent-root-region-scan-start]
2020-04-13T15:54:44.332+0800: 667.293: [GC concurrent-root-region-scan-end, 0.0044762 secs]
2020-04-13T15:54:44.332+0800: 667.293: [GC concurrent-mark-start]
2020-04-13T15:54:44.361+0800: 667.322: [GC concurrent-mark-end, 0.0290228 secs]
2020-04-13T15:54:44.361+0800: 667.322: [GC remark 2020-04-13T15:54:44.361+0800: 667.322: [Finalize Marking, 0.0010330 secs] 2020-04-13T15:54:44.362+0800: 667.323: [GC ref-proc, 0.0000918 secs] 2020-04-13T15:54:44.363+0800: 667.323: [Unloading, 0.0044976 secs], 0.0071594 secs]
 [Times: user=0.02 sys=0.00, real=0.00 secs] 
2020-04-13T15:54:44.369+0800: 667.329: [GC cleanup 150M->150M(256M), 0.0005963 secs]
 [Times: user=0.00 sys=0.00, real=0.00 secs] 
2020-04-13T15:54:46.851+0800: 669.811: [GC pause (G1 Evacuation Pause) (young), 0.0039274 secs]
   [Parallel Time: 3.6 ms, GC Workers: 4]
      [GC Worker Start (ms): Min: 669811.5, Avg: 669811.5, Max: 669811.5, Diff: 0.0]
      [Ext Root Scanning (ms): Min: 0.3, Avg: 0.3, Max: 0.5, Diff: 0.2, Sum: 1.3]
      [Update RS (ms): Min: 1.5, Avg: 1.7, Max: 1.9, Diff: 0.4, Sum: 6.7]
         [Processed Buffers: Min: 4, Avg: 8.5, Max: 18, Diff: 14, Sum: 34]
      [Scan RS (ms): Min: 0.1, Avg: 0.3, Max: 0.4, Diff: 0.3, Sum: 1.2]
      [Code Root Scanning (ms): Min: 0.0, Avg: 0.0, Max: 0.0, Diff: 0.0, Sum: 0.0]
      [Object Copy (ms): Min: 1.2, Avg: 1.3, Max: 1.3, Diff: 0.1, Sum: 5.0]
      [Termination (ms): Min: 0.0, Avg: 0.0, Max: 0.0, Diff: 0.0, Sum: 0.0]
         [Termination Attempts: Min: 1, Avg: 1.0, Max: 1, Diff: 0, Sum: 4]
      [GC Worker Other (ms): Min: 0.0, Avg: 0.0, Max: 0.0, Diff: 0.0, Sum: 0.1]
      [GC Worker Total (ms): Min: 3.6, Avg: 3.6, Max: 3.6, Diff: 0.0, Sum: 14.3]
      [GC Worker End (ms): Min: 669815.1, Avg: 669815.1, Max: 669815.1, Diff: 0.0]
   [Code Root Fixup: 0.0 ms]
   [Code Root Purge: 0.0 ms]
   [Clear CT: 0.0 ms]
   [Other: 0.2 ms]
      [Choose CSet: 0.0 ms]
      [Ref Proc: 0.1 ms]
      [Ref Enq: 0.0 ms]
      [Redirty Cards: 0.1 ms]
      [Humongous Register: 0.0 ms]
      [Humongous Reclaim: 0.0 ms]
      [Free CSet: 0.0 ms]
   [Eden: 78.0M(78.0M)->0.0B(10.0M) Survivors: 1024.0K->2048.0K Heap: 227.0M(256.0M)->149.8M(256.0M)]
 [Times: user=0.01 sys=0.00, real=0.01 secs] 
2020-04-13T15:54:47.079+0800: 670.040: [GC pause (G1 Evacuation Pause) (mixed), 0.0048005 secs]
   [Parallel Time: 4.3 ms, GC Workers: 4]
      [GC Worker Start (ms): Min: 670040.0, Avg: 670040.3, Max: 670040.9, Diff: 1.0]
      [Ext Root Scanning (ms): Min: 0.0, Avg: 0.4, Max: 0.7, Diff: 0.7, Sum: 1.7]
      [Update RS (ms): Min: 1.5, Avg: 1.6, Max: 1.7, Diff: 0.2, Sum: 6.6]
         [Processed Buffers: Min: 5, Avg: 7.0, Max: 11, Diff: 6, Sum: 28]
      [Scan RS (ms): Min: 0.5, Avg: 0.6, Max: 0.6, Diff: 0.1, Sum: 2.2]
      [Code Root Scanning (ms): Min: 0.0, Avg: 0.0, Max: 0.0, Diff: 0.0, Sum: 0.0]
      [Object Copy (ms): Min: 1.2, Avg: 1.3, Max: 1.3, Diff: 0.1, Sum: 5.1]
      [Termination (ms): Min: 0.0, Avg: 0.0, Max: 0.0, Diff: 0.0, Sum: 0.0]
         [Termination Attempts: Min: 1, Avg: 1.0, Max: 1, Diff: 0, Sum: 4]
      [GC Worker Other (ms): Min: 0.0, Avg: 0.0, Max: 0.0, Diff: 0.0, Sum: 0.0]
      [GC Worker Total (ms): Min: 3.3, Avg: 3.9, Max: 4.3, Diff: 1.0, Sum: 15.7]
      [GC Worker End (ms): Min: 670044.3, Avg: 670044.3, Max: 670044.3, Diff: 0.0]
   [Code Root Fixup: 0.0 ms]
   [Code Root Purge: 0.0 ms]
   [Clear CT: 0.1 ms]
   [Other: 0.4 ms]
      [Choose CSet: 0.0 ms]
      [Ref Proc: 0.2 ms]
      [Ref Enq: 0.0 ms]
      [Redirty Cards: 0.1 ms]
      [Humongous Register: 0.0 ms]
      [Humongous Reclaim: 0.0 ms]
      [Free CSet: 0.0 ms]
   [Eden: 10.0M(10.0M)->0.0B(79.0M) Survivors: 2048.0K->1024.0K Heap: 159.8M(256.0M)->148.2M(256.0M)]
 [Times: user=0.02 sys=0.00, real=0.01 secs] 
2020-04-13T15:54:49.650+0800: 672.611: [GC pause (G1 Evacuation Pause) (young), 0.0039114 secs]
   [Parallel Time: 3.5 ms, GC Workers: 4]
      [GC Worker Start (ms): Min: 672610.8, Avg: 672610.8, Max: 672610.8, Diff: 0.0]
      [Ext Root Scanning (ms): Min: 0.3, Avg: 0.3, Max: 0.5, Diff: 0.2, Sum: 1.3]
      [Update RS (ms): Min: 1.8, Avg: 1.9, Max: 2.0, Diff: 0.2, Sum: 7.6]
         [Processed Buffers: Min: 7, Avg: 9.8, Max: 13, Diff: 6, Sum: 39]
      [Scan RS (ms): Min: 0.0, Avg: 0.0, Max: 0.0, Diff: 0.0, Sum: 0.0]
      [Code Root Scanning (ms): Min: 0.0, Avg: 0.1, Max: 0.2, Diff: 0.2, Sum: 0.2]
      [Object Copy (ms): Min: 1.1, Avg: 1.2, Max: 1.3, Diff: 0.2, Sum: 4.8]
      [Termination (ms): Min: 0.0, Avg: 0.0, Max: 0.0, Diff: 0.0, Sum: 0.0]
         [Termination Attempts: Min: 1, Avg: 1.0, Max: 1, Diff: 0, Sum: 4]
      [GC Worker Other (ms): Min: 0.0, Avg: 0.0, Max: 0.0, Diff: 0.0, Sum: 0.0]
      [GC Worker Total (ms): Min: 3.5, Avg: 3.5, Max: 3.5, Diff: 0.0, Sum: 14.1]
      [GC Worker End (ms): Min: 672614.3, Avg: 672614.3, Max: 672614.3, Diff: 0.0]
   [Code Root Fixup: 0.0 ms]
   [Code Root Purge: 0.0 ms]
   [Clear CT: 0.1 ms]
   [Other: 0.3 ms]
      [Choose CSet: 0.0 ms]
      [Ref Proc: 0.1 ms]
      [Ref Enq: 0.0 ms]
      [Redirty Cards: 0.1 ms]
      [Humongous Register: 0.0 ms]
      [Humongous Reclaim: 0.0 ms]
      [Free CSet: 0.0 ms]
   [Eden: 79.0M(79.0M)->0.0B(77.0M) Survivors: 1024.0K->2048.0K Heap: 227.2M(256.0M)->148.5M(256.0M)]
 [Times: user=0.01 sys=0.00, real=0.00 secs] 
2020-04-13T15:54:51.557+0800: 674.518: [GC pause (G1 Evacuation Pause) (young) (initial-mark), 0.0071597 secs]
   [Parallel Time: 6.4 ms, GC Workers: 4]
      [GC Worker Start (ms): Min: 674517.9, Avg: 674518.2, Max: 674518.6, Diff: 0.8]
      [Ext Root Scanning (ms): Min: 0.9, Avg: 1.8, Max: 4.1, Diff: 3.1, Sum: 7.2]
      [Update RS (ms): Min: 0.0, Avg: 2.6, Max: 3.5, Diff: 3.5, Sum: 10.4]
         [Processed Buffers: Min: 0, Avg: 9.0, Max: 19, Diff: 19, Sum: 36]
      [Scan RS (ms): Min: 0.0, Avg: 0.0, Max: 0.1, Diff: 0.1, Sum: 0.1]
      [Code Root Scanning (ms): Min: 0.0, Avg: 0.0, Max: 0.0, Diff: 0.0, Sum: 0.0]
      [Object Copy (ms): Min: 1.5, Avg: 1.6, Max: 1.7, Diff: 0.2, Sum: 6.3]
      [Termination (ms): Min: 0.0, Avg: 0.0, Max: 0.0, Diff: 0.0, Sum: 0.0]
         [Termination Attempts: Min: 1, Avg: 1.0, Max: 1, Diff: 0, Sum: 4]
      [GC Worker Other (ms): Min: 0.0, Avg: 0.0, Max: 0.0, Diff: 0.0, Sum: 0.0]
      [GC Worker Total (ms): Min: 5.6, Avg: 6.0, Max: 6.3, Diff: 0.8, Sum: 24.1]
      [GC Worker End (ms): Min: 674524.2, Avg: 674524.2, Max: 674524.2, Diff: 0.0]
   [Code Root Fixup: 0.1 ms]
   [Code Root Purge: 0.0 ms]
   [Clear CT: 0.0 ms]
   [Other: 0.6 ms]
      [Choose CSet: 0.0 ms]
      [Ref Proc: 0.4 ms]
      [Ref Enq: 0.0 ms]
      [Redirty Cards: 0.0 ms]
      [Humongous Register: 0.0 ms]
      [Humongous Reclaim: 0.0 ms]
      [Free CSet: 0.0 ms]
   [Eden: 77.0M(77.0M)->0.0B(77.0M) Survivors: 2048.0K->2048.0K Heap: 225.5M(256.0M)->148.7M(256.0M)]
 [Times: user=0.02 sys=0.00, real=0.01 secs] 
2020-04-13T15:54:51.565+0800: 674.525: [GC concurrent-root-region-scan-start]
2020-04-13T15:54:51.568+0800: 674.529: [GC concurrent-root-region-scan-end, 0.0034576 secs]
2020-04-13T15:54:51.568+0800: 674.529: [GC concurrent-mark-start]
2020-04-13T15:54:51.592+0800: 674.553: [GC concurrent-mark-end, 0.0243446 secs]
2020-04-13T15:54:51.593+0800: 674.553: [GC remark 2020-04-13T15:54:51.593+0800: 674.553: [Finalize Marking, 0.0121866 secs] 2020-04-13T15:54:51.605+0800: 674.566: [GC ref-proc, 0.0000855 secs] 2020-04-13T15:54:51.605+0800: 674.566: [Unloading, 0.0051813 secs], 0.0192539 secs]
 [Times: user=0.02 sys=0.01, real=0.02 secs] 
2020-04-13T15:54:51.614+0800: 674.574: [GC cleanup 150M->150M(256M), 0.0002740 secs]
 [Times: user=0.00 sys=0.00, real=0.00 secs] 
2020-04-13T15:54:54.674+0800: 677.635: [GC pause (G1 Evacuation Pause) (young), 0.0040121 secs]
   [Parallel Time: 3.6 ms, GC Workers: 4]
      [GC Worker Start (ms): Min: 677634.6, Avg: 677634.6, Max: 677634.6, Diff: 0.0]
      [Ext Root Scanning (ms): Min: 0.3, Avg: 0.3, Max: 0.5, Diff: 0.2, Sum: 1.4]
      [Update RS (ms): Min: 1.7, Avg: 1.7, Max: 1.7, Diff: 0.1, Sum: 6.8]
         [Processed Buffers: Min: 5, Avg: 9.0, Max: 14, Diff: 9, Sum: 36]
      [Scan RS (ms): Min: 0.1, Avg: 0.2, Max: 0.3, Diff: 0.1, Sum: 0.8]
      [Code Root Scanning (ms): Min: 0.0, Avg: 0.0, Max: 0.0, Diff: 0.0, Sum: 0.0]
      [Object Copy (ms): Min: 1.3, Avg: 1.4, Max: 1.4, Diff: 0.1, Sum: 5.4]
      [Termination (ms): Min: 0.0, Avg: 0.0, Max: 0.0, Diff: 0.0, Sum: 0.0]
         [Termination Attempts: Min: 1, Avg: 1.0, Max: 1, Diff: 0, Sum: 4]
      [GC Worker Other (ms): Min: 0.0, Avg: 0.0, Max: 0.0, Diff: 0.0, Sum: 0.0]
      [GC Worker Total (ms): Min: 3.6, Avg: 3.6, Max: 3.6, Diff: 0.0, Sum: 14.4]
      [GC Worker End (ms): Min: 677638.2, Avg: 677638.2, Max: 677638.2, Diff: 0.0]
   [Code Root Fixup: 0.0 ms]
   [Code Root Purge: 0.0 ms]
   [Clear CT: 0.1 ms]
   [Other: 0.3 ms]
      [Choose CSet: 0.0 ms]
      [Ref Proc: 0.1 ms]
      [Ref Enq: 0.0 ms]
      [Redirty Cards: 0.1 ms]
      [Humongous Register: 0.0 ms]
      [Humongous Reclaim: 0.0 ms]
      [Free CSet: 0.0 ms]
   [Eden: 77.0M(77.0M)->0.0B(79.0M) Survivors: 2048.0K->1024.0K Heap: 225.7M(256.0M)->148.5M(256.0M)]
 [Times: user=0.02 sys=0.00, real=0.00 secs] 
2020-04-13T15:54:57.191+0800: 680.152: [GC pause (G1 Evacuation Pause) (young), 0.0038377 secs]
   [Parallel Time: 3.5 ms, GC Workers: 4]
      [GC Worker Start (ms): Min: 680151.7, Avg: 680151.8, Max: 680151.8, Diff: 0.1]
      [Ext Root Scanning (ms): Min: 0.2, Avg: 0.3, Max: 0.5, Diff: 0.3, Sum: 1.3]
      [Update RS (ms): Min: 1.8, Avg: 1.9, Max: 2.0, Diff: 0.2, Sum: 7.5]
         [Processed Buffers: Min: 6, Avg: 9.2, Max: 13, Diff: 7, Sum: 37]
      [Scan RS (ms): Min: 0.0, Avg: 0.0, Max: 0.1, Diff: 0.1, Sum: 0.2]
      [Code Root Scanning (ms): Min: 0.0, Avg: 0.0, Max: 0.0, Diff: 0.0, Sum: 0.0]
      [Object Copy (ms): Min: 1.2, Avg: 1.2, Max: 1.2, Diff: 0.1, Sum: 4.7]
      [Termination (ms): Min: 0.0, Avg: 0.0, Max: 0.0, Diff: 0.0, Sum: 0.0]
         [Termination Attempts: Min: 1, Avg: 1.0, Max: 1, Diff: 0, Sum: 4]
      [GC Worker Other (ms): Min: 0.0, Avg: 0.0, Max: 0.0, Diff: 0.0, Sum: 0.0]
      [GC Worker Total (ms): Min: 3.4, Avg: 3.4, Max: 3.5, Diff: 0.1, Sum: 13.8]
      [GC Worker End (ms): Min: 680155.2, Avg: 680155.2, Max: 680155.2, Diff: 0.0]
   [Code Root Fixup: 0.0 ms]
   [Code Root Purge: 0.0 ms]
   [Clear CT: 0.0 ms]
   [Other: 0.3 ms]
      [Choose CSet: 0.0 ms]
      [Ref Proc: 0.1 ms]
      [Ref Enq: 0.0 ms]
      [Redirty Cards: 0.0 ms]
      [Humongous Register: 0.0 ms]
      [Humongous Reclaim: 0.0 ms]
      [Free CSet: 0.0 ms]
   [Eden: 79.0M(79.0M)->0.0B(77.0M) Survivors: 1024.0K->2048.0K Heap: 227.5M(256.0M)->149.0M(256.0M)]
 [Times: user=0.02 sys=0.00, real=0.00 secs] 
2020-04-13T15:54:59.320+0800: 682.280: [GC pause (G1 Evacuation Pause) (young) (initial-mark), 0.0047576 secs]
   [Parallel Time: 4.4 ms, GC Workers: 4]
      [GC Worker Start (ms): Min: 682280.2, Avg: 682280.3, Max: 682280.3, Diff: 0.2]
      [Ext Root Scanning (ms): Min: 0.4, Avg: 0.5, Max: 0.6, Diff: 0.2, Sum: 2.0]
      [Update RS (ms): Min: 2.3, Avg: 2.6, Max: 3.6, Diff: 1.4, Sum: 10.4]
         [Processed Buffers: Min: 1, Avg: 9.8, Max: 15, Diff: 14, Sum: 39]
      [Scan RS (ms): Min: 0.0, Avg: 0.0, Max: 0.1, Diff: 0.1, Sum: 0.1]
      [Code Root Scanning (ms): Min: 0.0, Avg: 0.0, Max: 0.0, Diff: 0.0, Sum: 0.0]
      [Object Copy (ms): Min: 0.0, Avg: 1.0, Max: 1.4, Diff: 1.4, Sum: 4.2]
      [Termination (ms): Min: 0.0, Avg: 0.0, Max: 0.0, Diff: 0.0, Sum: 0.1]
         [Termination Attempts: Min: 1, Avg: 1.0, Max: 1, Diff: 0, Sum: 4]
      [GC Worker Other (ms): Min: 0.0, Avg: 0.0, Max: 0.0, Diff: 0.0, Sum: 0.0]
      [GC Worker Total (ms): Min: 4.2, Avg: 4.2, Max: 4.3, Diff: 0.1, Sum: 16.9]
      [GC Worker End (ms): Min: 682284.5, Avg: 682284.5, Max: 682284.5, Diff: 0.0]
   [Code Root Fixup: 0.0 ms]
   [Code Root Purge: 0.0 ms]
   [Clear CT: 0.1 ms]
   [Other: 0.2 ms]
      [Choose CSet: 0.0 ms]
      [Ref Proc: 0.1 ms]
      [Ref Enq: 0.0 ms]
      [Redirty Cards: 0.1 ms]
      [Humongous Register: 0.0 ms]
      [Humongous Reclaim: 0.0 ms]
      [Free CSet: 0.0 ms]
   [Eden: 77.0M(77.0M)->0.0B(79.0M) Survivors: 2048.0K->1024.0K Heap: 226.0M(256.0M)->148.5M(256.0M)]
 [Times: user=0.01 sys=0.00, real=0.00 secs] 
2020-04-13T15:54:59.325+0800: 682.285: [GC concurrent-root-region-scan-start]
2020-04-13T15:54:59.327+0800: 682.288: [GC concurrent-root-region-scan-end, 0.0026245 secs]
2020-04-13T15:54:59.327+0800: 682.288: [GC concurrent-mark-start]
2020-04-13T15:54:59.352+0800: 682.313: [GC concurrent-mark-end, 0.0250736 secs]
2020-04-13T15:54:59.352+0800: 682.313: [GC remark 2020-04-13T15:54:59.352+0800: 682.313: [Finalize Marking, 0.0000975 secs] 2020-04-13T15:54:59.353+0800: 682.313: [GC ref-proc, 0.0000530 secs] 2020-04-13T15:54:59.353+0800: 682.313: [Unloading, 0.0033238 secs], 0.0046098 secs]
 [Times: user=0.01 sys=0.00, real=0.00 secs] 
2020-04-13T15:54:59.357+0800: 682.318: [GC cleanup 150M->150M(256M), 0.0002734 secs]
 [Times: user=0.00 sys=0.00, real=0.00 secs] 
2020-04-13T15:55:01.748+0800: 684.709: [GC pause (G1 Evacuation Pause) (young), 0.0066306 secs]
   [Parallel Time: 6.1 ms, GC Workers: 4]
      [GC Worker Start (ms): Min: 684708.7, Avg: 684708.8, Max: 684708.8, Diff: 0.1]
      [Ext Root Scanning (ms): Min: 0.6, Avg: 1.2, Max: 2.2, Diff: 1.6, Sum: 4.8]
      [Update RS (ms): Min: 1.4, Avg: 2.5, Max: 3.7, Diff: 2.3, Sum: 10.2]
         [Processed Buffers: Min: 3, Avg: 8.8, Max: 14, Diff: 11, Sum: 35]
      [Scan RS (ms): Min: 0.0, Avg: 0.1, Max: 0.2, Diff: 0.2, Sum: 0.3]
      [Code Root Scanning (ms): Min: 0.0, Avg: 0.0, Max: 0.0, Diff: 0.0, Sum: 0.0]
      [Object Copy (ms): Min: 1.1, Avg: 1.7, Max: 2.1, Diff: 1.0, Sum: 6.8]
      [Termination (ms): Min: 0.0, Avg: 0.5, Max: 0.7, Diff: 0.7, Sum: 1.9]
         [Termination Attempts: Min: 1, Avg: 1.0, Max: 1, Diff: 0, Sum: 4]
      [GC Worker Other (ms): Min: 0.0, Avg: 0.0, Max: 0.0, Diff: 0.0, Sum: 0.0]
      [GC Worker Total (ms): Min: 5.9, Avg: 6.0, Max: 6.1, Diff: 0.1, Sum: 24.0]
      [GC Worker End (ms): Min: 684714.7, Avg: 684714.8, Max: 684714.8, Diff: 0.1]
   [Code Root Fixup: 0.0 ms]
   [Code Root Purge: 0.0 ms]
   [Clear CT: 0.0 ms]
   [Other: 0.4 ms]
      [Choose CSet: 0.0 ms]
      [Ref Proc: 0.2 ms]
      [Ref Enq: 0.0 ms]
      [Redirty Cards: 0.1 ms]
      [Humongous Register: 0.0 ms]
      [Humongous Reclaim: 0.0 ms]
      [Free CSet: 0.0 ms]
   [Eden: 79.0M(79.0M)->0.0B(77.0M) Survivors: 1024.0K->2048.0K Heap: 227.5M(256.0M)->148.9M(256.0M)]
 [Times: user=0.02 sys=0.00, real=0.01 secs] 
2020-04-13T15:55:03.777+0800: 686.737: [GC pause (G1 Evacuation Pause) (young), 0.0055061 secs]
   [Parallel Time: 5.1 ms, GC Workers: 4]
      [GC Worker Start (ms): Min: 686737.4, Avg: 686737.4, Max: 686737.4, Diff: 0.0]
      [Ext Root Scanning (ms): Min: 0.3, Avg: 0.3, Max: 0.5, Diff: 0.2, Sum: 1.3]
      [Update RS (ms): Min: 1.6, Avg: 1.9, Max: 2.2, Diff: 0.6, Sum: 7.4]
         [Processed Buffers: Min: 4, Avg: 8.5, Max: 19, Diff: 15, Sum: 34]
      [Scan RS (ms): Min: 0.4, Avg: 1.1, Max: 2.8, Diff: 2.4, Sum: 4.3]
      [Code Root Scanning (ms): Min: 0.0, Avg: 0.0, Max: 0.0, Diff: 0.0, Sum: 0.0]
      [Object Copy (ms): Min: 0.0, Avg: 1.4, Max: 1.9, Diff: 1.9, Sum: 5.5]
      [Termination (ms): Min: 0.0, Avg: 0.4, Max: 0.6, Diff: 0.6, Sum: 1.7]
         [Termination Attempts: Min: 1, Avg: 1.8, Max: 3, Diff: 2, Sum: 7]
      [GC Worker Other (ms): Min: 0.0, Avg: 0.0, Max: 0.0, Diff: 0.0, Sum: 0.0]
      [GC Worker Total (ms): Min: 5.1, Avg: 5.1, Max: 5.1, Diff: 0.0, Sum: 20.3]
      [GC Worker End (ms): Min: 686742.5, Avg: 686742.5, Max: 686742.5, Diff: 0.0]
   [Code Root Fixup: 0.0 ms]
   [Code Root Purge: 0.0 ms]
   [Clear CT: 0.1 ms]
   [Other: 0.3 ms]
      [Choose CSet: 0.0 ms]
      [Ref Proc: 0.1 ms]
      [Ref Enq: 0.0 ms]
      [Redirty Cards: 0.1 ms]
      [Humongous Register: 0.0 ms]
      [Humongous Reclaim: 0.0 ms]
      [Free CSet: 0.0 ms]
   [Eden: 77.0M(77.0M)->0.0B(77.0M) Survivors: 2048.0K->2048.0K Heap: 225.9M(256.0M)->149.1M(256.0M)]
 [Times: user=0.02 sys=0.00, real=0.01 secs] 
2020-04-13T15:55:06.051+0800: 689.011: [GC pause (G1 Evacuation Pause) (young) (initial-mark), 0.0095939 secs]
   [Parallel Time: 9.2 ms, GC Workers: 4]
      [GC Worker Start (ms): Min: 689011.2, Avg: 689011.2, Max: 689011.2, Diff: 0.0]
      [Ext Root Scanning (ms): Min: 0.5, Avg: 0.5, Max: 0.5, Diff: 0.0, Sum: 2.1]
      [Update RS (ms): Min: 2.7, Avg: 4.6, Max: 6.3, Diff: 3.6, Sum: 18.3]
         [Processed Buffers: Min: 1, Avg: 8.2, Max: 12, Diff: 11, Sum: 33]
      [Scan RS (ms): Min: 0.0, Avg: 1.0, Max: 3.2, Diff: 3.2, Sum: 3.9]
      [Code Root Scanning (ms): Min: 0.0, Avg: 0.0, Max: 0.0, Diff: 0.0, Sum: 0.0]
      [Object Copy (ms): Min: 0.8, Avg: 1.6, Max: 3.6, Diff: 2.8, Sum: 6.3]
      [Termination (ms): Min: 0.0, Avg: 0.7, Max: 1.7, Diff: 1.7, Sum: 2.8]
         [Termination Attempts: Min: 1, Avg: 1.0, Max: 1, Diff: 0, Sum: 4]
      [GC Worker Other (ms): Min: 0.0, Avg: 0.0, Max: 0.0, Diff: 0.0, Sum: 0.1]
      [GC Worker Total (ms): Min: 8.0, Avg: 8.3, Max: 9.2, Diff: 1.2, Sum: 33.4]
      [GC Worker End (ms): Min: 689019.2, Avg: 689019.6, Max: 689020.4, Diff: 1.2]
   [Code Root Fixup: 0.0 ms]
   [Code Root Purge: 0.0 ms]
   [Clear CT: 0.1 ms]
   [Other: 0.3 ms]
      [Choose CSet: 0.0 ms]
      [Ref Proc: 0.1 ms]
      [Ref Enq: 0.0 ms]
      [Redirty Cards: 0.0 ms]
      [Humongous Register: 0.0 ms]
      [Humongous Reclaim: 0.0 ms]
      [Free CSet: 0.0 ms]
   [Eden: 77.0M(77.0M)->0.0B(77.0M) Survivors: 2048.0K->2048.0K Heap: 226.1M(256.0M)->149.0M(256.0M)]
 [Times: user=0.02 sys=0.00, real=0.01 secs] 
2020-04-13T15:55:06.061+0800: 689.021: [GC concurrent-root-region-scan-start]
2020-04-13T15:55:06.064+0800: 689.024: [GC concurrent-root-region-scan-end, 0.0031157 secs]
2020-04-13T15:55:06.064+0800: 689.024: [GC concurrent-mark-start]
2020-04-13T15:55:06.080+0800: 689.041: [GC concurrent-mark-end, 0.0167194 secs]
2020-04-13T15:55:06.080+0800: 689.041: [GC remark 2020-04-13T15:55:06.081+0800: 689.041: [Finalize Marking, 0.0000965 secs] 2020-04-13T15:55:06.081+0800: 689.041: [GC ref-proc, 0.0000544 secs] 2020-04-13T15:55:06.081+0800: 689.041: [Unloading, 0.0032433 secs], 0.0045105 secs]
 [Times: user=0.01 sys=0.00, real=0.00 secs] 
2020-04-13T15:55:06.085+0800: 689.045: [GC cleanup 150M->150M(256M), 0.0003611 secs]
 [Times: user=0.00 sys=0.00, real=0.00 secs] 
2020-04-13T15:55:08.437+0800: 691.398: [GC pause (G1 Evacuation Pause) (young), 0.0059848 secs]
   [Parallel Time: 5.0 ms, GC Workers: 4]
      [GC Worker Start (ms): Min: 691397.7, Avg: 691397.7, Max: 691397.8, Diff: 0.0]
      [Ext Root Scanning (ms): Min: 0.3, Avg: 0.3, Max: 0.5, Diff: 0.3, Sum: 1.4]
      [Update RS (ms): Min: 1.3, Avg: 1.5, Max: 1.8, Diff: 0.4, Sum: 6.2]
         [Processed Buffers: Min: 5, Avg: 8.5, Max: 12, Diff: 7, Sum: 34]
      [Scan RS (ms): Min: 0.4, Avg: 0.5, Max: 0.9, Diff: 0.6, Sum: 2.2]
      [Code Root Scanning (ms): Min: 0.0, Avg: 0.0, Max: 0.0, Diff: 0.0, Sum: 0.0]
      [Object Copy (ms): Min: 1.6, Avg: 2.2, Max: 2.6, Diff: 1.0, Sum: 8.7]
      [Termination (ms): Min: 0.0, Avg: 0.3, Max: 0.4, Diff: 0.4, Sum: 1.1]
         [Termination Attempts: Min: 1, Avg: 1.2, Max: 2, Diff: 1, Sum: 5]
      [GC Worker Other (ms): Min: 0.0, Avg: 0.0, Max: 0.0, Diff: 0.0, Sum: 0.0]
      [GC Worker Total (ms): Min: 4.8, Avg: 4.9, Max: 4.9, Diff: 0.1, Sum: 19.5]
      [GC Worker End (ms): Min: 691402.6, Avg: 691402.6, Max: 691402.7, Diff: 0.1]
   [Code Root Fixup: 0.0 ms]
   [Code Root Purge: 0.0 ms]
   [Clear CT: 0.1 ms]
   [Other: 0.9 ms]
      [Choose CSet: 0.0 ms]
      [Ref Proc: 0.7 ms]
      [Ref Enq: 0.0 ms]
      [Redirty Cards: 0.0 ms]
      [Humongous Register: 0.0 ms]
      [Humongous Reclaim: 0.0 ms]
      [Free CSet: 0.0 ms]
   [Eden: 77.0M(77.0M)->0.0B(77.0M) Survivors: 2048.0K->2048.0K Heap: 226.0M(256.0M)->149.2M(256.0M)]
 [Times: user=0.01 sys=0.00, real=0.01 secs] 
2020-04-13T15:55:10.654+0800: 693.614: [GC pause (G1 Evacuation Pause) (young), 0.0047315 secs]
   [Parallel Time: 3.7 ms, GC Workers: 4]
      [GC Worker Start (ms): Min: 693614.1, Avg: 693614.1, Max: 693614.1, Diff: 0.0]
      [Ext Root Scanning (ms): Min: 0.3, Avg: 0.3, Max: 0.5, Diff: 0.2, Sum: 1.3]
      [Update RS (ms): Min: 1.6, Avg: 1.7, Max: 1.9, Diff: 0.3, Sum: 6.8]
         [Processed Buffers: Min: 5, Avg: 9.5, Max: 22, Diff: 17, Sum: 38]
      [Scan RS (ms): Min: 0.1, Avg: 0.3, Max: 0.4, Diff: 0.3, Sum: 1.2]
      [Code Root Scanning (ms): Min: 0.0, Avg: 0.0, Max: 0.0, Diff: 0.0, Sum: 0.0]
      [Object Copy (ms): Min: 1.3, Avg: 1.4, Max: 1.4, Diff: 0.1, Sum: 5.4]
      [Termination (ms): Min: 0.0, Avg: 0.0, Max: 0.0, Diff: 0.0, Sum: 0.0]
         [Termination Attempts: Min: 1, Avg: 1.0, Max: 1, Diff: 0, Sum: 4]
      [GC Worker Other (ms): Min: 0.0, Avg: 0.0, Max: 0.0, Diff: 0.0, Sum: 0.0]
      [GC Worker Total (ms): Min: 3.7, Avg: 3.7, Max: 3.7, Diff: 0.0, Sum: 14.8]
      [GC Worker End (ms): Min: 693617.8, Avg: 693617.8, Max: 693617.8, Diff: 0.0]
   [Code Root Fixup: 0.0 ms]
   [Code Root Purge: 0.0 ms]
   [Clear CT: 0.0 ms]
   [Other: 0.9 ms]
      [Choose CSet: 0.0 ms]
      [Ref Proc: 0.6 ms]
      [Ref Enq: 0.0 ms]
      [Redirty Cards: 0.1 ms]
      [Humongous Register: 0.0 ms]
      [Humongous Reclaim: 0.0 ms]
      [Free CSet: 0.0 ms]
   [Eden: 77.0M(77.0M)->0.0B(77.0M) Survivors: 2048.0K->2048.0K Heap: 226.2M(256.0M)->149.5M(256.0M)]
 [Times: user=0.01 sys=0.00, real=0.00 secs] 
2020-04-13T15:55:12.562+0800: 695.522: [GC pause (G1 Evacuation Pause) (young) (initial-mark), 0.0045382 secs]
   [Parallel Time: 3.8 ms, GC Workers: 4]
      [GC Worker Start (ms): Min: 695522.6, Avg: 695522.6, Max: 695522.6, Diff: 0.0]
      [Ext Root Scanning (ms): Min: 0.5, Avg: 0.5, Max: 0.5, Diff: 0.0, Sum: 2.1]
      [Update RS (ms): Min: 1.6, Avg: 1.7, Max: 1.9, Diff: 0.3, Sum: 6.9]
         [Processed Buffers: Min: 5, Avg: 8.5, Max: 12, Diff: 7, Sum: 34]
      [Scan RS (ms): Min: 0.0, Avg: 0.3, Max: 0.4, Diff: 0.4, Sum: 1.1]
      [Code Root Scanning (ms): Min: 0.0, Avg: 0.0, Max: 0.0, Diff: 0.0, Sum: 0.0]
      [Object Copy (ms): Min: 1.2, Avg: 1.3, Max: 1.3, Diff: 0.1, Sum: 5.0]
      [Termination (ms): Min: 0.0, Avg: 0.0, Max: 0.0, Diff: 0.0, Sum: 0.0]
         [Termination Attempts: Min: 1, Avg: 1.0, Max: 1, Diff: 0, Sum: 4]
      [GC Worker Other (ms): Min: 0.0, Avg: 0.0, Max: 0.0, Diff: 0.0, Sum: 0.1]
      [GC Worker Total (ms): Min: 3.8, Avg: 3.8, Max: 3.8, Diff: 0.0, Sum: 15.1]
      [GC Worker End (ms): Min: 695526.3, Avg: 695526.4, Max: 695526.4, Diff: 0.0]
   [Code Root Fixup: 0.1 ms]
   [Code Root Purge: 0.0 ms]
   [Clear CT: 0.1 ms]
   [Other: 0.6 ms]
      [Choose CSet: 0.0 ms]
      [Ref Proc: 0.3 ms]
      [Ref Enq: 0.0 ms]
      [Redirty Cards: 0.1 ms]
      [Humongous Register: 0.0 ms]
      [Humongous Reclaim: 0.0 ms]
      [Free CSet: 0.0 ms]
   [Eden: 77.0M(77.0M)->0.0B(78.0M) Survivors: 2048.0K->1024.0K Heap: 226.5M(256.0M)->149.0M(256.0M)]
 [Times: user=0.01 sys=0.00, real=0.00 secs] 
2020-04-13T15:55:12.567+0800: 695.527: [GC concurrent-root-region-scan-start]
2020-04-13T15:55:12.574+0800: 695.534: [GC concurrent-root-region-scan-end, 0.0065485 secs]
2020-04-13T15:55:12.574+0800: 695.534: [GC concurrent-mark-start]
2020-04-13T15:55:12.600+0800: 695.560: [GC concurrent-mark-end, 0.0258287 secs]
2020-04-13T15:55:12.600+0800: 695.560: [GC remark 2020-04-13T15:55:12.600+0800: 695.560: [Finalize Marking, 0.0001159 secs] 2020-04-13T15:55:12.600+0800: 695.561: [GC ref-proc, 0.0000556 secs] 2020-04-13T15:55:12.600+0800: 695.561: [Unloading, 0.0038906 secs], 0.0053560 secs]
 [Times: user=0.01 sys=0.00, real=0.00 secs] 
2020-04-13T15:55:12.606+0800: 695.566: [GC cleanup 150M->150M(256M), 0.0002900 secs]
 [Times: user=0.00 sys=0.00, real=0.00 secs] 
2020-04-13T15:55:14.611+0800: 697.571: [GC pause (G1 Evacuation Pause) (young), 0.0051937 secs]
   [Parallel Time: 4.1 ms, GC Workers: 4]
      [GC Worker Start (ms): Min: 697571.5, Avg: 697571.7, Max: 697572.3, Diff: 0.8]
      [Ext Root Scanning (ms): Min: 0.0, Avg: 0.5, Max: 1.1, Diff: 1.1, Sum: 2.0]
      [Update RS (ms): Min: 1.4, Avg: 1.8, Max: 2.2, Diff: 0.7, Sum: 7.2]
         [Processed Buffers: Min: 5, Avg: 8.5, Max: 12, Diff: 7, Sum: 34]
      [Scan RS (ms): Min: 0.1, Avg: 0.2, Max: 0.3, Diff: 0.2, Sum: 0.9]
      [Code Root Scanning (ms): Min: 0.0, Avg: 0.0, Max: 0.0, Diff: 0.0, Sum: 0.0]
      [Object Copy (ms): Min: 1.3, Avg: 1.3, Max: 1.3, Diff: 0.0, Sum: 5.2]
      [Termination (ms): Min: 0.0, Avg: 0.0, Max: 0.0, Diff: 0.0, Sum: 0.0]
         [Termination Attempts: Min: 1, Avg: 1.0, Max: 1, Diff: 0, Sum: 4]
      [GC Worker Other (ms): Min: 0.0, Avg: 0.0, Max: 0.0, Diff: 0.0, Sum: 0.0]
      [GC Worker Total (ms): Min: 3.3, Avg: 3.8, Max: 4.0, Diff: 0.8, Sum: 15.4]
      [GC Worker End (ms): Min: 697575.6, Avg: 697575.6, Max: 697575.6, Diff: 0.0]
   [Code Root Fixup: 0.0 ms]
   [Code Root Purge: 0.0 ms]
   [Clear CT: 0.1 ms]
   [Other: 1.0 ms]
      [Choose CSet: 0.0 ms]
      [Ref Proc: 0.8 ms]
      [Ref Enq: 0.0 ms]
      [Redirty Cards: 0.0 ms]
      [Humongous Register: 0.0 ms]
      [Humongous Reclaim: 0.0 ms]
      [Free CSet: 0.0 ms]
   [Eden: 78.0M(78.0M)->0.0B(10.0M) Survivors: 1024.0K->2048.0K Heap: 227.0M(256.0M)->149.7M(256.0M)]
 [Times: user=0.01 sys=0.00, real=0.00 secs] 
2020-04-13T15:55:14.862+0800: 697.822: [GC pause (G1 Evacuation Pause) (mixed), 0.0061342 secs]
   [Parallel Time: 5.7 ms, GC Workers: 4]
      [GC Worker Start (ms): Min: 697822.4, Avg: 697822.5, Max: 697822.5, Diff: 0.0]
      [Ext Root Scanning (ms): Min: 0.3, Avg: 0.3, Max: 0.4, Diff: 0.2, Sum: 1.3]
      [Update RS (ms): Min: 1.6, Avg: 1.8, Max: 1.8, Diff: 0.2, Sum: 7.0]
         [Processed Buffers: Min: 6, Avg: 8.5, Max: 11, Diff: 5, Sum: 34]
      [Scan RS (ms): Min: 0.5, Avg: 0.9, Max: 2.0, Diff: 1.6, Sum: 3.6]
      [Code Root Scanning (ms): Min: 0.0, Avg: 0.0, Max: 0.0, Diff: 0.0, Sum: 0.0]
      [Object Copy (ms): Min: 0.9, Avg: 2.1, Max: 2.8, Diff: 1.9, Sum: 8.4]
      [Termination (ms): Min: 0.0, Avg: 0.5, Max: 0.9, Diff: 0.9, Sum: 1.9]
         [Termination Attempts: Min: 1, Avg: 1.0, Max: 1, Diff: 0, Sum: 4]
      [GC Worker Other (ms): Min: 0.0, Avg: 0.0, Max: 0.0, Diff: 0.0, Sum: 0.0]
      [GC Worker Total (ms): Min: 5.5, Avg: 5.6, Max: 5.6, Diff: 0.1, Sum: 22.3]
      [GC Worker End (ms): Min: 697828.0, Avg: 697828.0, Max: 697828.1, Diff: 0.1]
   [Code Root Fixup: 0.0 ms]
   [Code Root Purge: 0.0 ms]
   [Clear CT: 0.1 ms]
   [Other: 0.4 ms]
      [Choose CSet: 0.0 ms]
      [Ref Proc: 0.1 ms]
      [Ref Enq: 0.0 ms]
      [Redirty Cards: 0.2 ms]
      [Humongous Register: 0.0 ms]
      [Humongous Reclaim: 0.0 ms]
      [Free CSet: 0.0 ms]
   [Eden: 10.0M(10.0M)->0.0B(77.0M) Survivors: 2048.0K->2048.0K Heap: 159.7M(256.0M)->148.5M(256.0M)]
 [Times: user=0.02 sys=0.00, real=0.00 secs] 
2020-04-13T15:55:16.781+0800: 699.741: [GC pause (G1 Evacuation Pause) (young), 0.0043874 secs]
   [Parallel Time: 4.0 ms, GC Workers: 4]
      [GC Worker Start (ms): Min: 699741.2, Avg: 699741.2, Max: 699741.2, Diff: 0.0]
      [Ext Root Scanning (ms): Min: 0.3, Avg: 0.3, Max: 0.5, Diff: 0.2, Sum: 1.3]
      [Update RS (ms): Min: 2.0, Avg: 2.4, Max: 3.3, Diff: 1.3, Sum: 9.6]
         [Processed Buffers: Min: 5, Avg: 10.0, Max: 18, Diff: 13, Sum: 40]
      [Scan RS (ms): Min: 0.0, Avg: 0.0, Max: 0.0, Diff: 0.0, Sum: 0.0]
      [Code Root Scanning (ms): Min: 0.0, Avg: 0.0, Max: 0.0, Diff: 0.0, Sum: 0.0]
      [Object Copy (ms): Min: 0.3, Avg: 1.2, Max: 1.5, Diff: 1.2, Sum: 4.8]
      [Termination (ms): Min: 0.0, Avg: 0.0, Max: 0.0, Diff: 0.0, Sum: 0.0]
         [Termination Attempts: Min: 1, Avg: 1.0, Max: 1, Diff: 0, Sum: 4]
      [GC Worker Other (ms): Min: 0.0, Avg: 0.0, Max: 0.0, Diff: 0.0, Sum: 0.1]
      [GC Worker Total (ms): Min: 3.9, Avg: 4.0, Max: 4.0, Diff: 0.0, Sum: 15.9]
      [GC Worker End (ms): Min: 699745.1, Avg: 699745.2, Max: 699745.2, Diff: 0.0]
   [Code Root Fixup: 0.0 ms]
   [Code Root Purge: 0.0 ms]
   [Clear CT: 0.0 ms]
   [Other: 0.3 ms]
      [Choose CSet: 0.0 ms]
      [Ref Proc: 0.1 ms]
      [Ref Enq: 0.0 ms]
      [Redirty Cards: 0.1 ms]
      [Humongous Register: 0.0 ms]
      [Humongous Reclaim: 0.0 ms]
      [Free CSet: 0.0 ms]
   [Eden: 77.0M(77.0M)->0.0B(77.0M) Survivors: 2048.0K->2048.0K Heap: 225.5M(256.0M)->148.5M(256.0M)]
 [Times: user=0.02 sys=0.00, real=0.00 secs] 
2020-04-13T15:55:18.579+0800: 701.539: [GC pause (G1 Evacuation Pause) (young) (initial-mark), 0.0052956 secs]
   [Parallel Time: 4.9 ms, GC Workers: 4]
      [GC Worker Start (ms): Min: 701539.3, Avg: 701539.3, Max: 701539.4, Diff: 0.0]
      [Ext Root Scanning (ms): Min: 0.5, Avg: 0.5, Max: 0.5, Diff: 0.1, Sum: 2.0]
      [Update RS (ms): Min: 2.0, Avg: 2.1, Max: 2.3, Diff: 0.2, Sum: 8.5]
         [Processed Buffers: Min: 6, Avg: 8.5, Max: 15, Diff: 9, Sum: 34]
      [Scan RS (ms): Min: 0.0, Avg: 0.1, Max: 0.1, Diff: 0.1, Sum: 0.4]
      [Code Root Scanning (ms): Min: 0.0, Avg: 0.0, Max: 0.0, Diff: 0.0, Sum: 0.0]
      [Object Copy (ms): Min: 1.6, Avg: 1.7, Max: 1.9, Diff: 0.2, Sum: 6.8]
      [Termination (ms): Min: 0.0, Avg: 0.3, Max: 0.4, Diff: 0.4, Sum: 1.2]
         [Termination Attempts: Min: 1, Avg: 1.0, Max: 1, Diff: 0, Sum: 4]
      [GC Worker Other (ms): Min: 0.0, Avg: 0.0, Max: 0.0, Diff: 0.0, Sum: 0.0]
      [GC Worker Total (ms): Min: 4.6, Avg: 4.7, Max: 4.8, Diff: 0.2, Sum: 18.9]
      [GC Worker End (ms): Min: 701543.9, Avg: 701544.1, Max: 701544.1, Diff: 0.2]
   [Code Root Fixup: 0.0 ms]
   [Code Root Purge: 0.0 ms]
   [Clear CT: 0.1 ms]
   [Other: 0.3 ms]
      [Choose CSet: 0.0 ms]
      [Ref Proc: 0.1 ms]
      [Ref Enq: 0.0 ms]
      [Redirty Cards: 0.1 ms]
      [Humongous Register: 0.0 ms]
      [Humongous Reclaim: 0.0 ms]
      [Free CSet: 0.0 ms]
   [Eden: 77.0M(77.0M)->0.0B(77.0M) Survivors: 2048.0K->2048.0K Heap: 225.5M(256.0M)->148.7M(256.0M)]
 [Times: user=0.02 sys=0.00, real=0.01 secs] 
2020-04-13T15:55:18.585+0800: 701.545: [GC concurrent-root-region-scan-start]
2020-04-13T15:55:18.588+0800: 701.548: [GC concurrent-root-region-scan-end, 0.0034960 secs]
2020-04-13T15:55:18.588+0800: 701.548: [GC concurrent-mark-start]
2020-04-13T15:55:18.616+0800: 701.576: [GC concurrent-mark-end, 0.0282028 secs]
2020-04-13T15:55:18.616+0800: 701.577: [GC remark 2020-04-13T15:55:18.616+0800: 701.577: [Finalize Marking, 0.0001243 secs] 2020-04-13T15:55:18.617+0800: 701.577: [GC ref-proc, 0.0000544 secs] 2020-04-13T15:55:18.617+0800: 701.577: [Unloading, 0.0039852 secs], 0.0052975 secs]
 [Times: user=0.01 sys=0.00, real=0.01 secs] 
2020-04-13T15:55:18.622+0800: 701.582: [GC cleanup 150M->150M(256M), 0.0005350 secs]
 [Times: user=0.00 sys=0.00, real=0.00 secs] 
2020-04-13T15:55:20.892+0800: 703.852: [GC pause (G1 Evacuation Pause) (young), 0.0049195 secs]
   [Parallel Time: 4.5 ms, GC Workers: 4]
      [GC Worker Start (ms): Min: 703852.0, Avg: 703852.1, Max: 703852.1, Diff: 0.0]
      [Ext Root Scanning (ms): Min: 0.3, Avg: 0.3, Max: 0.5, Diff: 0.2, Sum: 1.3]
      [Update RS (ms): Min: 1.7, Avg: 2.5, Max: 4.2, Diff: 2.5, Sum: 9.8]
         [Processed Buffers: Min: 0, Avg: 8.2, Max: 12, Diff: 12, Sum: 33]
      [Scan RS (ms): Min: 0.0, Avg: 0.2, Max: 0.4, Diff: 0.4, Sum: 0.9]
      [Code Root Scanning (ms): Min: 0.0, Avg: 0.0, Max: 0.0, Diff: 0.0, Sum: 0.0]
      [Object Copy (ms): Min: 0.0, Avg: 1.1, Max: 1.5, Diff: 1.5, Sum: 4.3]
      [Termination (ms): Min: 0.0, Avg: 0.4, Max: 0.5, Diff: 0.5, Sum: 1.6]
         [Termination Attempts: Min: 1, Avg: 7.8, Max: 12, Diff: 11, Sum: 31]
      [GC Worker Other (ms): Min: 0.0, Avg: 0.0, Max: 0.0, Diff: 0.0, Sum: 0.0]
      [GC Worker Total (ms): Min: 4.5, Avg: 4.5, Max: 4.5, Diff: 0.0, Sum: 18.0]
      [GC Worker End (ms): Min: 703856.6, Avg: 703856.6, Max: 703856.6, Diff: 0.0]
   [Code Root Fixup: 0.0 ms]
   [Code Root Purge: 0.0 ms]
   [Clear CT: 0.0 ms]
   [Other: 0.3 ms]
      [Choose CSet: 0.0 ms]
      [Ref Proc: 0.1 ms]
      [Ref Enq: 0.0 ms]
      [Redirty Cards: 0.1 ms]
      [Humongous Register: 0.0 ms]
      [Humongous Reclaim: 0.0 ms]
      [Free CSet: 0.0 ms]
   [Eden: 77.0M(77.0M)->0.0B(77.0M) Survivors: 2048.0K->2048.0K Heap: 225.7M(256.0M)->149.0M(256.0M)]
 [Times: user=0.01 sys=0.00, real=0.00 secs] 
2020-04-13T15:55:22.683+0800: 705.643: [GC pause (G1 Evacuation Pause) (young), 0.0054993 secs]
   [Parallel Time: 4.7 ms, GC Workers: 4]
      [GC Worker Start (ms): Min: 705643.2, Avg: 705643.9, Max: 705645.3, Diff: 2.1]
      [Ext Root Scanning (ms): Min: 0.0, Avg: 0.7, Max: 1.1, Diff: 1.1, Sum: 2.7]
      [Update RS (ms): Min: 0.9, Avg: 1.5, Max: 1.7, Diff: 0.8, Sum: 6.0]
         [Processed Buffers: Min: 3, Avg: 7.5, Max: 15, Diff: 12, Sum: 30]
      [Scan RS (ms): Min: 0.3, Avg: 0.5, Max: 0.6, Diff: 0.3, Sum: 1.9]
      [Code Root Scanning (ms): Min: 0.0, Avg: 0.0, Max: 0.0, Diff: 0.0, Sum: 0.0]
      [Object Copy (ms): Min: 1.3, Avg: 1.3, Max: 1.3, Diff: 0.1, Sum: 5.2]
      [Termination (ms): Min: 0.0, Avg: 0.0, Max: 0.0, Diff: 0.0, Sum: 0.0]
         [Termination Attempts: Min: 1, Avg: 1.0, Max: 1, Diff: 0, Sum: 4]
      [GC Worker Other (ms): Min: 0.0, Avg: 0.0, Max: 0.0, Diff: 0.0, Sum: 0.0]
      [GC Worker Total (ms): Min: 2.5, Avg: 3.9, Max: 4.6, Diff: 2.1, Sum: 15.8]
      [GC Worker End (ms): Min: 705647.8, Avg: 705647.8, Max: 705647.8, Diff: 0.0]
   [Code Root Fixup: 0.0 ms]
   [Code Root Purge: 0.0 ms]
   [Clear CT: 0.0 ms]
   [Other: 0.8 ms]
      [Choose CSet: 0.0 ms]
      [Ref Proc: 0.6 ms]
      [Ref Enq: 0.0 ms]
      [Redirty Cards: 0.1 ms]
      [Humongous Register: 0.0 ms]
      [Humongous Reclaim: 0.0 ms]
      [Free CSet: 0.0 ms]
   [Eden: 77.0M(77.0M)->0.0B(79.0M) Survivors: 2048.0K->1024.0K Heap: 226.0M(256.0M)->148.4M(256.0M)]
 [Times: user=0.02 sys=0.00, real=0.00 secs] 
2020-04-13T15:55:24.521+0800: 707.481: [GC pause (G1 Evacuation Pause) (young) (initial-mark), 0.0091494 secs]
   [Parallel Time: 7.2 ms, GC Workers: 4]
      [GC Worker Start (ms): Min: 707481.1, Avg: 707481.4, Max: 707481.6, Diff: 0.6]
      [Ext Root Scanning (ms): Min: 0.0, Avg: 2.5, Max: 5.8, Diff: 5.8, Sum: 10.0]
      [Update RS (ms): Min: 0.0, Avg: 2.2, Max: 4.5, Diff: 4.5, Sum: 8.8]
         [Processed Buffers: Min: 0, Avg: 8.5, Max: 17, Diff: 17, Sum: 34]
      [Scan RS (ms): Min: 0.0, Avg: 0.3, Max: 0.6, Diff: 0.6, Sum: 1.2]
      [Code Root Scanning (ms): Min: 0.0, Avg: 0.0, Max: 0.0, Diff: 0.0, Sum: 0.0]
      [Object Copy (ms): Min: 0.6, Avg: 1.6, Max: 2.1, Diff: 1.6, Sum: 6.5]
      [Termination (ms): Min: 0.0, Avg: 0.0, Max: 0.0, Diff: 0.0, Sum: 0.0]
         [Termination Attempts: Min: 1, Avg: 1.0, Max: 1, Diff: 0, Sum: 4]
      [GC Worker Other (ms): Min: 0.0, Avg: 0.1, Max: 0.2, Diff: 0.2, Sum: 0.3]
      [GC Worker Total (ms): Min: 6.4, Avg: 6.7, Max: 7.0, Diff: 0.6, Sum: 26.8]
      [GC Worker End (ms): Min: 707488.1, Avg: 707488.1, Max: 707488.1, Diff: 0.0]
   [Code Root Fixup: 0.0 ms]
   [Code Root Purge: 0.0 ms]
   [Clear CT: 0.1 ms]
   [Other: 1.8 ms]
      [Choose CSet: 0.0 ms]
      [Ref Proc: 1.6 ms]
      [Ref Enq: 0.0 ms]
      [Redirty Cards: 0.1 ms]
      [Humongous Register: 0.0 ms]
      [Humongous Reclaim: 0.0 ms]
      [Free CSet: 0.0 ms]
   [Eden: 79.0M(79.0M)->0.0B(77.0M) Survivors: 1024.0K->2048.0K Heap: 227.4M(256.0M)->149.1M(256.0M)]
 [Times: user=0.02 sys=0.00, real=0.01 secs] 
2020-04-13T15:55:24.530+0800: 707.490: [GC concurrent-root-region-scan-start]
2020-04-13T15:55:24.534+0800: 707.494: [GC concurrent-root-region-scan-end, 0.0038688 secs]
2020-04-13T15:55:24.534+0800: 707.494: [GC concurrent-mark-start]
2020-04-13T15:55:24.567+0800: 707.527: [GC concurrent-mark-end, 0.0327500 secs]
2020-04-13T15:55:24.567+0800: 707.527: [GC remark 2020-04-13T15:55:24.567+0800: 707.528: [Finalize Marking, 0.0052553 secs] 2020-04-13T15:55:24.573+0800: 707.533: [GC ref-proc, 0.0000943 secs] 2020-04-13T15:55:24.573+0800: 707.533: [Unloading, 0.0138254 secs], 0.0208747 secs]
 [Times: user=0.02 sys=0.00, real=0.02 secs] 
2020-04-13T15:55:24.589+0800: 707.549: [GC cleanup 150M->150M(256M), 0.0022973 secs]
 [Times: user=0.00 sys=0.00, real=0.01 secs] 
2020-04-13T15:55:27.004+0800: 709.964: [GC pause (G1 Evacuation Pause) (young), 0.0084963 secs]
   [Parallel Time: 7.1 ms, GC Workers: 4]
      [GC Worker Start (ms): Min: 709963.9, Avg: 709965.4, Max: 709968.8, Diff: 4.9]
      [Ext Root Scanning (ms): Min: 0.0, Avg: 0.3, Max: 0.6, Diff: 0.6, Sum: 1.2]
      [Update RS (ms): Min: 0.0, Avg: 1.9, Max: 2.9, Diff: 2.9, Sum: 7.6]
         [Processed Buffers: Min: 0, Avg: 8.5, Max: 18, Diff: 18, Sum: 34]
      [Scan RS (ms): Min: 0.0, Avg: 0.6, Max: 1.2, Diff: 1.2, Sum: 2.3]
      [Code Root Scanning (ms): Min: 0.0, Avg: 0.0, Max: 0.0, Diff: 0.0, Sum: 0.0]
      [Object Copy (ms): Min: 2.0, Avg: 2.6, Max: 2.9, Diff: 0.9, Sum: 10.3]
      [Termination (ms): Min: 0.0, Avg: 0.1, Max: 0.1, Diff: 0.1, Sum: 0.3]
         [Termination Attempts: Min: 1, Avg: 1.0, Max: 1, Diff: 0, Sum: 4]
      [GC Worker Other (ms): Min: 0.0, Avg: 0.0, Max: 0.0, Diff: 0.0, Sum: 0.1]
      [GC Worker Total (ms): Min: 2.1, Avg: 5.4, Max: 7.0, Diff: 4.9, Sum: 21.8]
      [GC Worker End (ms): Min: 709970.9, Avg: 709970.9, Max: 709970.9, Diff: 0.1]
   [Code Root Fixup: 0.0 ms]
   [Code Root Purge: 0.0 ms]
   [Clear CT: 0.0 ms]
   [Other: 1.3 ms]
      [Choose CSet: 0.0 ms]
      [Ref Proc: 1.1 ms]
      [Ref Enq: 0.0 ms]
      [Redirty Cards: 0.0 ms]
      [Humongous Register: 0.0 ms]
      [Humongous Reclaim: 0.0 ms]
      [Free CSet: 0.1 ms]
   [Eden: 77.0M(77.0M)->0.0B(77.0M) Survivors: 2048.0K->2048.0K Heap: 226.1M(256.0M)->148.8M(256.0M)]
 [Times: user=0.01 sys=0.00, real=0.01 secs] 
2020-04-13T15:55:28.714+0800: 711.674: [GC pause (G1 Evacuation Pause) (young), 0.0039517 secs]
   [Parallel Time: 3.6 ms, GC Workers: 4]
      [GC Worker Start (ms): Min: 711674.1, Avg: 711674.1, Max: 711674.1, Diff: 0.0]
      [Ext Root Scanning (ms): Min: 0.3, Avg: 0.3, Max: 0.5, Diff: 0.2, Sum: 1.3]
      [Update RS (ms): Min: 1.4, Avg: 1.6, Max: 1.8, Diff: 0.4, Sum: 6.2]
         [Processed Buffers: Min: 5, Avg: 8.5, Max: 18, Diff: 13, Sum: 34]
      [Scan RS (ms): Min: 0.3, Avg: 0.5, Max: 0.5, Diff: 0.2, Sum: 1.8]
      [Code Root Scanning (ms): Min: 0.0, Avg: 0.0, Max: 0.0, Diff: 0.0, Sum: 0.0]
      [Object Copy (ms): Min: 1.2, Avg: 1.2, Max: 1.3, Diff: 0.1, Sum: 4.9]
      [Termination (ms): Min: 0.0, Avg: 0.0, Max: 0.0, Diff: 0.0, Sum: 0.0]
         [Termination Attempts: Min: 1, Avg: 1.0, Max: 1, Diff: 0, Sum: 4]
      [GC Worker Other (ms): Min: 0.0, Avg: 0.0, Max: 0.0, Diff: 0.0, Sum: 0.0]
      [GC Worker Total (ms): Min: 3.5, Avg: 3.6, Max: 3.6, Diff: 0.0, Sum: 14.2]
      [GC Worker End (ms): Min: 711677.7, Avg: 711677.7, Max: 711677.7, Diff: 0.0]
   [Code Root Fixup: 0.0 ms]
   [Code Root Purge: 0.0 ms]
   [Clear CT: 0.0 ms]
   [Other: 0.3 ms]
      [Choose CSet: 0.0 ms]
      [Ref Proc: 0.1 ms]
      [Ref Enq: 0.0 ms]
      [Redirty Cards: 0.0 ms]
      [Humongous Register: 0.0 ms]
      [Humongous Reclaim: 0.0 ms]
      [Free CSet: 0.0 ms]
   [Eden: 77.0M(77.0M)->0.0B(77.0M) Survivors: 2048.0K->2048.0K Heap: 225.8M(256.0M)->149.3M(256.0M)]
 [Times: user=0.01 sys=0.00, real=0.00 secs] 
2020-04-13T15:55:30.770+0800: 713.730: [GC pause (G1 Evacuation Pause) (young) (initial-mark), 0.0054042 secs]
   [Parallel Time: 4.9 ms, GC Workers: 4]
      [GC Worker Start (ms): Min: 713730.0, Avg: 713730.1, Max: 713730.5, Diff: 0.6]
      [Ext Root Scanning (ms): Min: 0.3, Avg: 0.8, Max: 1.2, Diff: 0.9, Sum: 3.1]
      [Update RS (ms): Min: 1.7, Avg: 1.9, Max: 2.0, Diff: 0.4, Sum: 7.5]
         [Processed Buffers: Min: 3, Avg: 8.2, Max: 18, Diff: 15, Sum: 33]
      [Scan RS (ms): Min: 0.5, Avg: 0.6, Max: 0.8, Diff: 0.3, Sum: 2.4]
      [Code Root Scanning (ms): Min: 0.0, Avg: 0.0, Max: 0.0, Diff: 0.0, Sum: 0.0]
      [Object Copy (ms): Min: 1.3, Avg: 1.4, Max: 1.5, Diff: 0.1, Sum: 5.5]
      [Termination (ms): Min: 0.0, Avg: 0.0, Max: 0.0, Diff: 0.0, Sum: 0.0]
         [Termination Attempts: Min: 1, Avg: 1.0, Max: 1, Diff: 0, Sum: 4]
      [GC Worker Other (ms): Min: 0.0, Avg: 0.0, Max: 0.0, Diff: 0.0, Sum: 0.0]
      [GC Worker Total (ms): Min: 4.2, Avg: 4.6, Max: 4.8, Diff: 0.6, Sum: 18.6]
      [GC Worker End (ms): Min: 713734.8, Avg: 713734.8, Max: 713734.8, Diff: 0.0]
   [Code Root Fixup: 0.0 ms]
   [Code Root Purge: 0.0 ms]
   [Clear CT: 0.0 ms]
   [Other: 0.5 ms]
      [Choose CSet: 0.0 ms]
      [Ref Proc: 0.3 ms]
      [Ref Enq: 0.0 ms]
      [Redirty Cards: 0.1 ms]
      [Humongous Register: 0.0 ms]
      [Humongous Reclaim: 0.0 ms]
      [Free CSet: 0.0 ms]
   [Eden: 77.0M(77.0M)->0.0B(77.0M) Survivors: 2048.0K->2048.0K Heap: 226.3M(256.0M)->148.9M(256.0M)]
 [Times: user=0.01 sys=0.00, real=0.00 secs] 
2020-04-13T15:55:30.775+0800: 713.735: [GC concurrent-root-region-scan-start]
2020-04-13T15:55:30.778+0800: 713.738: [GC concurrent-root-region-scan-end, 0.0027749 secs]
2020-04-13T15:55:30.778+0800: 713.738: [GC concurrent-mark-start]
2020-04-13T15:55:30.801+0800: 713.761: [GC concurrent-mark-end, 0.0231393 secs]
2020-04-13T15:55:30.802+0800: 713.762: [GC remark 2020-04-13T15:55:30.802+0800: 713.762: [Finalize Marking, 0.0010011 secs] 2020-04-13T15:55:30.803+0800: 713.763: [GC ref-proc, 0.0000553 secs] 2020-04-13T15:55:30.803+0800: 713.763: [Unloading, 0.0056270 secs], 0.0082377 secs]
 [Times: user=0.01 sys=0.00, real=0.01 secs] 
2020-04-13T15:55:30.810+0800: 713.770: [GC cleanup 150M->150M(256M), 0.0017207 secs]
 [Times: user=0.00 sys=0.00, real=0.00 secs] 
2020-04-13T15:55:32.968+0800: 715.928: [GC pause (G1 Evacuation Pause) (young), 0.0135248 secs]
   [Parallel Time: 11.6 ms, GC Workers: 4]
      [GC Worker Start (ms): Min: 715927.6, Avg: 715929.7, Max: 715935.7, Diff: 8.0]
      [Ext Root Scanning (ms): Min: 0.0, Avg: 0.4, Max: 0.6, Diff: 0.6, Sum: 1.8]
      [Update RS (ms): Min: 0.0, Avg: 3.2, Max: 5.2, Diff: 5.2, Sum: 13.0]
         [Processed Buffers: Min: 0, Avg: 8.5, Max: 18, Diff: 18, Sum: 34]
      [Scan RS (ms): Min: 0.0, Avg: 0.3, Max: 0.8, Diff: 0.8, Sum: 1.2]
      [Code Root Scanning (ms): Min: 0.0, Avg: 0.0, Max: 0.0, Diff: 0.0, Sum: 0.0]
      [Object Copy (ms): Min: 0.0, Avg: 1.6, Max: 2.4, Diff: 2.4, Sum: 6.6]
      [Termination (ms): Min: 0.0, Avg: 2.2, Max: 4.1, Diff: 4.1, Sum: 8.7]
         [Termination Attempts: Min: 1, Avg: 1.0, Max: 1, Diff: 0, Sum: 4]
      [GC Worker Other (ms): Min: 0.0, Avg: 0.0, Max: 0.0, Diff: 0.0, Sum: 0.0]
      [GC Worker Total (ms): Min: 0.0, Avg: 7.8, Max: 11.6, Diff: 11.5, Sum: 31.2]
      [GC Worker End (ms): Min: 715935.7, Avg: 715937.5, Max: 715939.2, Diff: 3.5]
   [Code Root Fixup: 0.0 ms]
   [Code Root Purge: 0.0 ms]
   [Clear CT: 0.6 ms]
   [Other: 1.3 ms]
      [Choose CSet: 0.0 ms]
      [Ref Proc: 0.8 ms]
      [Ref Enq: 0.0 ms]
      [Redirty Cards: 0.3 ms]
      [Humongous Register: 0.0 ms]
      [Humongous Reclaim: 0.0 ms]
      [Free CSet: 0.0 ms]
   [Eden: 77.0M(77.0M)->0.0B(79.0M) Survivors: 2048.0K->1024.0K Heap: 225.9M(256.0M)->148.9M(256.0M)]
 [Times: user=0.02 sys=0.00, real=0.02 secs] 
2020-04-13T15:55:35.514+0800: 718.474: [GC pause (G1 Evacuation Pause) (young), 0.0121166 secs]
   [Parallel Time: 11.6 ms, GC Workers: 4]
      [GC Worker Start (ms): Min: 718474.4, Avg: 718474.4, Max: 718474.4, Diff: 0.0]
      [Ext Root Scanning (ms): Min: 0.3, Avg: 0.4, Max: 0.5, Diff: 0.2, Sum: 1.5]
      [Update RS (ms): Min: 7.3, Avg: 8.0, Max: 9.7, Diff: 2.4, Sum: 31.8]
         [Processed Buffers: Min: 1, Avg: 8.8, Max: 21, Diff: 20, Sum: 35]
      [Scan RS (ms): Min: 0.0, Avg: 0.4, Max: 0.7, Diff: 0.7, Sum: 1.8]
      [Code Root Scanning (ms): Min: 0.0, Avg: 0.0, Max: 0.0, Diff: 0.0, Sum: 0.0]
      [Object Copy (ms): Min: 0.6, Avg: 2.3, Max: 3.2, Diff: 2.5, Sum: 9.0]
      [Termination (ms): Min: 0.0, Avg: 0.4, Max: 0.6, Diff: 0.6, Sum: 1.7]
         [Termination Attempts: Min: 1, Avg: 1.0, Max: 1, Diff: 0, Sum: 4]
      [GC Worker Other (ms): Min: 0.0, Avg: 0.0, Max: 0.0, Diff: 0.0, Sum: 0.0]
      [GC Worker Total (ms): Min: 11.4, Avg: 11.4, Max: 11.5, Diff: 0.1, Sum: 45.8]
      [GC Worker End (ms): Min: 718485.8, Avg: 718485.8, Max: 718485.9, Diff: 0.1]
   [Code Root Fixup: 0.0 ms]
   [Code Root Purge: 0.0 ms]
   [Clear CT: 0.0 ms]
   [Other: 0.4 ms]
      [Choose CSet: 0.0 ms]
      [Ref Proc: 0.2 ms]
      [Ref Enq: 0.0 ms]
      [Redirty Cards: 0.1 ms]
      [Humongous Register: 0.0 ms]
      [Humongous Reclaim: 0.0 ms]
      [Free CSet: 0.0 ms]
   [Eden: 79.0M(79.0M)->0.0B(77.0M) Survivors: 1024.0K->2048.0K Heap: 227.9M(256.0M)->149.5M(256.0M)]
 [Times: user=0.03 sys=0.00, real=0.02 secs] 
2020-04-13T15:55:37.604+0800: 720.564: [GC pause (G1 Evacuation Pause) (young) (initial-mark), 0.0043996 secs]
   [Parallel Time: 4.0 ms, GC Workers: 4]
      [GC Worker Start (ms): Min: 720563.7, Avg: 720563.7, Max: 720563.8, Diff: 0.1]
      [Ext Root Scanning (ms): Min: 0.5, Avg: 0.5, Max: 0.6, Diff: 0.1, Sum: 2.2]
      [Update RS (ms): Min: 1.5, Avg: 1.6, Max: 1.7, Diff: 0.2, Sum: 6.3]
         [Processed Buffers: Min: 5, Avg: 7.5, Max: 9, Diff: 4, Sum: 30]
      [Scan RS (ms): Min: 0.6, Avg: 0.6, Max: 0.7, Diff: 0.1, Sum: 2.4]
      [Code Root Scanning (ms): Min: 0.0, Avg: 0.0, Max: 0.0, Diff: 0.0, Sum: 0.0]
      [Object Copy (ms): Min: 1.2, Avg: 1.2, Max: 1.3, Diff: 0.1, Sum: 4.9]
      [Termination (ms): Min: 0.0, Avg: 0.0, Max: 0.0, Diff: 0.0, Sum: 0.0]
         [Termination Attempts: Min: 1, Avg: 1.0, Max: 1, Diff: 0, Sum: 4]
      [GC Worker Other (ms): Min: 0.0, Avg: 0.0, Max: 0.0, Diff: 0.0, Sum: 0.0]
      [GC Worker Total (ms): Min: 3.9, Avg: 4.0, Max: 4.0, Diff: 0.1, Sum: 15.8]
      [GC Worker End (ms): Min: 720567.7, Avg: 720567.7, Max: 720567.7, Diff: 0.0]
   [Code Root Fixup: 0.0 ms]
   [Code Root Purge: 0.0 ms]
   [Clear CT: 0.0 ms]
   [Other: 0.3 ms]
      [Choose CSet: 0.0 ms]
      [Ref Proc: 0.1 ms]
      [Ref Enq: 0.0 ms]
      [Redirty Cards: 0.1 ms]
      [Humongous Register: 0.0 ms]
      [Humongous Reclaim: 0.0 ms]
      [Free CSet: 0.0 ms]
   [Eden: 77.0M(77.0M)->0.0B(78.0M) Survivors: 2048.0K->1024.0K Heap: 226.5M(256.0M)->149.0M(256.0M)]
 [Times: user=0.01 sys=0.00, real=0.00 secs] 
2020-04-13T15:55:37.608+0800: 720.568: [GC concurrent-root-region-scan-start]
2020-04-13T15:55:37.613+0800: 720.573: [GC concurrent-root-region-scan-end, 0.0049328 secs]
2020-04-13T15:55:37.613+0800: 720.573: [GC concurrent-mark-start]
2020-04-13T15:55:37.632+0800: 720.592: [GC concurrent-mark-end, 0.0191248 secs]
2020-04-13T15:55:37.632+0800: 720.592: [GC remark 2020-04-13T15:55:37.632+0800: 720.592: [Finalize Marking, 0.0001422 secs] 2020-04-13T15:55:37.633+0800: 720.593: [GC ref-proc, 0.0000544 secs] 2020-04-13T15:55:37.633+0800: 720.593: [Unloading, 0.0032989 secs], 0.0046689 secs]
 [Times: user=0.02 sys=0.00, real=0.00 secs] 
2020-04-13T15:55:37.637+0800: 720.597: [GC cleanup 150M->150M(256M), 0.0002987 secs]
 [Times: user=0.00 sys=0.00, real=0.00 secs] 
2020-04-13T15:55:39.501+0800: 722.461: [GC pause (G1 Evacuation Pause) (young), 0.0039780 secs]
   [Parallel Time: 3.6 ms, GC Workers: 4]
      [GC Worker Start (ms): Min: 722460.7, Avg: 722460.8, Max: 722460.8, Diff: 0.0]
      [Ext Root Scanning (ms): Min: 0.3, Avg: 0.3, Max: 0.5, Diff: 0.2, Sum: 1.3]
      [Update RS (ms): Min: 1.2, Avg: 1.4, Max: 1.6, Diff: 0.3, Sum: 5.7]
         [Processed Buffers: Min: 4, Avg: 8.2, Max: 12, Diff: 8, Sum: 33]
      [Scan RS (ms): Min: 0.5, Avg: 0.6, Max: 0.7, Diff: 0.2, Sum: 2.4]
      [Code Root Scanning (ms): Min: 0.0, Avg: 0.0, Max: 0.0, Diff: 0.0, Sum: 0.0]
      [Object Copy (ms): Min: 1.2, Avg: 1.2, Max: 1.2, Diff: 0.1, Sum: 4.8]
      [Termination (ms): Min: 0.0, Avg: 0.0, Max: 0.0, Diff: 0.0, Sum: 0.0]
         [Termination Attempts: Min: 1, Avg: 1.0, Max: 1, Diff: 0, Sum: 4]
      [GC Worker Other (ms): Min: 0.0, Avg: 0.0, Max: 0.0, Diff: 0.0, Sum: 0.0]
      [GC Worker Total (ms): Min: 3.5, Avg: 3.6, Max: 3.6, Diff: 0.0, Sum: 14.3]
      [GC Worker End (ms): Min: 722464.3, Avg: 722464.3, Max: 722464.3, Diff: 0.0]
   [Code Root Fixup: 0.0 ms]
   [Code Root Purge: 0.0 ms]
   [Clear CT: 0.1 ms]
   [Other: 0.3 ms]
      [Choose CSet: 0.0 ms]
      [Ref Proc: 0.1 ms]
      [Ref Enq: 0.0 ms]
      [Redirty Cards: 0.0 ms]
      [Humongous Register: 0.0 ms]
      [Humongous Reclaim: 0.0 ms]
      [Free CSet: 0.0 ms]
   [Eden: 78.0M(78.0M)->0.0B(10.0M) Survivors: 1024.0K->2048.0K Heap: 227.0M(256.0M)->149.6M(256.0M)]
 [Times: user=0.01 sys=0.00, real=0.00 secs] 
2020-04-13T15:55:39.749+0800: 722.709: [GC pause (G1 Evacuation Pause) (mixed), 0.0045274 secs]
   [Parallel Time: 4.0 ms, GC Workers: 4]
      [GC Worker Start (ms): Min: 722709.4, Avg: 722709.6, Max: 722710.1, Diff: 0.7]
      [Ext Root Scanning (ms): Min: 0.0, Avg: 0.3, Max: 0.5, Diff: 0.4, Sum: 1.3]
      [Update RS (ms): Min: 1.3, Avg: 1.4, Max: 1.5, Diff: 0.2, Sum: 5.5]
         [Processed Buffers: Min: 4, Avg: 7.5, Max: 11, Diff: 7, Sum: 30]
      [Scan RS (ms): Min: 0.8, Avg: 0.8, Max: 0.9, Diff: 0.1, Sum: 3.3]
      [Code Root Scanning (ms): Min: 0.0, Avg: 0.0, Max: 0.0, Diff: 0.0, Sum: 0.0]
      [Object Copy (ms): Min: 1.2, Avg: 1.3, Max: 1.3, Diff: 0.1, Sum: 5.0]
      [Termination (ms): Min: 0.0, Avg: 0.0, Max: 0.0, Diff: 0.0, Sum: 0.0]
         [Termination Attempts: Min: 1, Avg: 1.0, Max: 1, Diff: 0, Sum: 4]
      [GC Worker Other (ms): Min: 0.0, Avg: 0.0, Max: 0.0, Diff: 0.0, Sum: 0.0]
      [GC Worker Total (ms): Min: 3.3, Avg: 3.8, Max: 4.0, Diff: 0.7, Sum: 15.2]
      [GC Worker End (ms): Min: 722713.4, Avg: 722713.4, Max: 722713.4, Diff: 0.0]
   [Code Root Fixup: 0.1 ms]
   [Code Root Purge: 0.0 ms]
   [Clear CT: 0.0 ms]
   [Other: 0.4 ms]
      [Choose CSet: 0.0 ms]
      [Ref Proc: 0.2 ms]
      [Ref Enq: 0.0 ms]
      [Redirty Cards: 0.1 ms]
      [Humongous Register: 0.0 ms]
      [Humongous Reclaim: 0.0 ms]
      [Free CSet: 0.0 ms]
   [Eden: 10.0M(10.0M)->0.0B(79.0M) Survivors: 2048.0K->1024.0K Heap: 159.6M(256.0M)->148.1M(256.0M)]
 [Times: user=0.02 sys=0.00, real=0.01 secs] 
2020-04-13T15:55:41.832+0800: 724.791: [GC pause (G1 Evacuation Pause) (young), 0.0062125 secs]
   [Parallel Time: 5.5 ms, GC Workers: 4]
      [GC Worker Start (ms): Min: 724791.5, Avg: 724791.6, Max: 724791.6, Diff: 0.0]
      [Ext Root Scanning (ms): Min: 0.3, Avg: 0.3, Max: 0.5, Diff: 0.2, Sum: 1.3]
      [Update RS (ms): Min: 1.8, Avg: 2.6, Max: 4.9, Diff: 3.1, Sum: 10.4]
         [Processed Buffers: Min: 3, Avg: 8.5, Max: 17, Diff: 14, Sum: 34]
      [Scan RS (ms): Min: 0.0, Avg: 0.4, Max: 0.7, Diff: 0.7, Sum: 1.6]
      [Code Root Scanning (ms): Min: 0.0, Avg: 0.0, Max: 0.0, Diff: 0.0, Sum: 0.0]
      [Object Copy (ms): Min: 0.0, Avg: 1.5, Max: 2.0, Diff: 2.0, Sum: 5.9]
      [Termination (ms): Min: 0.0, Avg: 0.5, Max: 0.7, Diff: 0.7, Sum: 2.0]
         [Termination Attempts: Min: 1, Avg: 1.2, Max: 2, Diff: 1, Sum: 5]
      [GC Worker Other (ms): Min: 0.0, Avg: 0.0, Max: 0.0, Diff: 0.0, Sum: 0.0]
      [GC Worker Total (ms): Min: 5.2, Avg: 5.3, Max: 5.4, Diff: 0.2, Sum: 21.2]
      [GC Worker End (ms): Min: 724796.8, Avg: 724796.9, Max: 724797.0, Diff: 0.2]
   [Code Root Fixup: 0.0 ms]
   [Code Root Purge: 0.0 ms]
   [Clear CT: 0.1 ms]
   [Other: 0.7 ms]
      [Choose CSet: 0.0 ms]
      [Ref Proc: 0.5 ms]
      [Ref Enq: 0.0 ms]
      [Redirty Cards: 0.0 ms]
      [Humongous Register: 0.0 ms]
      [Humongous Reclaim: 0.0 ms]
      [Free CSet: 0.0 ms]
   [Eden: 79.0M(79.0M)->0.0B(77.0M) Survivors: 1024.0K->2048.0K Heap: 227.1M(256.0M)->148.6M(256.0M)]
 [Times: user=0.02 sys=0.00, real=0.00 secs] 
2020-04-13T15:55:44.597+0800: 727.557: [GC pause (G1 Evacuation Pause) (young) (initial-mark), 0.0070608 secs]
   [Parallel Time: 6.4 ms, GC Workers: 4]
      [GC Worker Start (ms): Min: 727556.8, Avg: 727557.0, Max: 727557.6, Diff: 0.8]
      [Ext Root Scanning (ms): Min: 0.0, Avg: 0.7, Max: 1.1, Diff: 1.1, Sum: 2.9]
      [Update RS (ms): Min: 1.4, Avg: 1.7, Max: 2.0, Diff: 0.6, Sum: 6.7]
         [Processed Buffers: Min: 5, Avg: 8.0, Max: 12, Diff: 7, Sum: 32]
      [Scan RS (ms): Min: 0.7, Avg: 1.8, Max: 3.6, Diff: 3.0, Sum: 7.1]
      [Code Root Scanning (ms): Min: 0.0, Avg: 0.0, Max: 0.0, Diff: 0.0, Sum: 0.0]
      [Object Copy (ms): Min: 0.0, Avg: 1.3, Max: 2.1, Diff: 2.0, Sum: 5.3]
      [Termination (ms): Min: 0.0, Avg: 0.5, Max: 0.7, Diff: 0.7, Sum: 2.1]
         [Termination Attempts: Min: 1, Avg: 1.2, Max: 2, Diff: 1, Sum: 5]
      [GC Worker Other (ms): Min: 0.0, Avg: 0.0, Max: 0.0, Diff: 0.0, Sum: 0.1]
      [GC Worker Total (ms): Min: 5.5, Avg: 6.0, Max: 6.2, Diff: 0.8, Sum: 24.1]
      [GC Worker End (ms): Min: 727563.0, Avg: 727563.1, Max: 727563.1, Diff: 0.2]
   [Code Root Fixup: 0.0 ms]
   [Code Root Purge: 0.0 ms]
   [Clear CT: 0.1 ms]
   [Other: 0.6 ms]
      [Choose CSet: 0.0 ms]
      [Ref Proc: 0.4 ms]
      [Ref Enq: 0.0 ms]
      [Redirty Cards: 0.1 ms]
      [Humongous Register: 0.0 ms]
      [Humongous Reclaim: 0.0 ms]
      [Free CSet: 0.0 ms]
   [Eden: 77.0M(77.0M)->0.0B(77.0M) Survivors: 2048.0K->2048.0K Heap: 225.6M(256.0M)->148.4M(256.0M)]
 [Times: user=0.02 sys=0.00, real=0.01 secs] 
2020-04-13T15:55:44.609+0800: 727.569: [GC concurrent-root-region-scan-start]
2020-04-13T15:55:44.613+0800: 727.573: [GC concurrent-root-region-scan-end, 0.0034710 secs]
2020-04-13T15:55:44.613+0800: 727.573: [GC concurrent-mark-start]
2020-04-13T15:55:44.639+0800: 727.599: [GC concurrent-mark-end, 0.0260353 secs]
2020-04-13T15:55:44.639+0800: 727.599: [GC remark 2020-04-13T15:55:44.639+0800: 727.599: [Finalize Marking, 0.0008146 secs] 2020-04-13T15:55:44.640+0800: 727.600: [GC ref-proc, 0.0000582 secs] 2020-04-13T15:55:44.640+0800: 727.600: [Unloading, 0.0041362 secs], 0.0063480 secs]
 [Times: user=0.01 sys=0.00, real=0.01 secs] 
2020-04-13T15:55:44.646+0800: 727.605: [GC cleanup 149M->149M(256M), 0.0003194 secs]
 [Times: user=0.00 sys=0.01, real=0.00 secs] 
2020-04-13T15:55:46.984+0800: 729.944: [GC pause (G1 Evacuation Pause) (young), 0.0072057 secs]
   [Parallel Time: 6.0 ms, GC Workers: 4]
      [GC Worker Start (ms): Min: 729944.1, Avg: 729944.1, Max: 729944.1, Diff: 0.0]
      [Ext Root Scanning (ms): Min: 0.3, Avg: 0.4, Max: 0.6, Diff: 0.4, Sum: 1.4]
      [Update RS (ms): Min: 1.1, Avg: 1.4, Max: 1.6, Diff: 0.5, Sum: 5.6]
         [Processed Buffers: Min: 5, Avg: 9.5, Max: 17, Diff: 12, Sum: 38]
      [Scan RS (ms): Min: 0.4, Avg: 0.5, Max: 0.6, Diff: 0.2, Sum: 2.2]
      [Code Root Scanning (ms): Min: 0.0, Avg: 0.0, Max: 0.0, Diff: 0.0, Sum: 0.0]
      [Object Copy (ms): Min: 1.8, Avg: 2.4, Max: 3.4, Diff: 1.7, Sum: 9.5]
      [Termination (ms): Min: 0.0, Avg: 1.1, Max: 1.7, Diff: 1.7, Sum: 4.5]
         [Termination Attempts: Min: 1, Avg: 1.0, Max: 1, Diff: 0, Sum: 4]
      [GC Worker Other (ms): Min: 0.0, Avg: 0.0, Max: 0.0, Diff: 0.0, Sum: 0.0]
      [GC Worker Total (ms): Min: 5.8, Avg: 5.8, Max: 5.9, Diff: 0.2, Sum: 23.3]
      [GC Worker End (ms): Min: 729949.8, Avg: 729949.9, Max: 729950.0, Diff: 0.2]
   [Code Root Fixup: 0.0 ms]
   [Code Root Purge: 0.0 ms]
   [Clear CT: 0.1 ms]
   [Other: 1.2 ms]
      [Choose CSet: 0.0 ms]
      [Ref Proc: 1.0 ms]
      [Ref Enq: 0.0 ms]
      [Redirty Cards: 0.0 ms]
      [Humongous Register: 0.0 ms]
      [Humongous Reclaim: 0.0 ms]
      [Free CSet: 0.0 ms]
   [Eden: 77.0M(77.0M)->0.0B(77.0M) Survivors: 2048.0K->2048.0K Heap: 225.4M(256.0M)->148.5M(256.0M)]
 [Times: user=0.02 sys=0.00, real=0.01 secs] 
2020-04-13T15:55:49.528+0800: 732.488: [GC pause (G1 Evacuation Pause) (young), 0.0051906 secs]
   [Parallel Time: 4.3 ms, GC Workers: 4]
      [GC Worker Start (ms): Min: 732487.6, Avg: 732487.6, Max: 732487.6, Diff: 0.0]
      [Ext Root Scanning (ms): Min: 0.3, Avg: 0.3, Max: 0.5, Diff: 0.2, Sum: 1.4]
      [Update RS (ms): Min: 2.0, Avg: 2.1, Max: 2.4, Diff: 0.4, Sum: 8.4]
         [Processed Buffers: Min: 4, Avg: 8.2, Max: 14, Diff: 10, Sum: 33]
      [Scan RS (ms): Min: 0.1, Avg: 0.4, Max: 0.6, Diff: 0.5, Sum: 1.7]
      [Code Root Scanning (ms): Min: 0.0, Avg: 0.0, Max: 0.0, Diff: 0.0, Sum: 0.0]
      [Object Copy (ms): Min: 1.3, Avg: 1.3, Max: 1.4, Diff: 0.1, Sum: 5.3]
      [Termination (ms): Min: 0.0, Avg: 0.0, Max: 0.0, Diff: 0.0, Sum: 0.0]
         [Termination Attempts: Min: 1, Avg: 1.0, Max: 1, Diff: 0, Sum: 4]
      [GC Worker Other (ms): Min: 0.0, Avg: 0.0, Max: 0.0, Diff: 0.0, Sum: 0.1]
      [GC Worker Total (ms): Min: 4.2, Avg: 4.2, Max: 4.2, Diff: 0.0, Sum: 16.8]
      [GC Worker End (ms): Min: 732491.8, Avg: 732491.8, Max: 732491.8, Diff: 0.0]
   [Code Root Fixup: 0.0 ms]
   [Code Root Purge: 0.0 ms]
   [Clear CT: 0.0 ms]
   [Other: 0.8 ms]
      [Choose CSet: 0.0 ms]
      [Ref Proc: 0.6 ms]
      [Ref Enq: 0.0 ms]
      [Redirty Cards: 0.1 ms]
      [Humongous Register: 0.0 ms]
      [Humongous Reclaim: 0.0 ms]
      [Free CSet: 0.0 ms]
   [Eden: 77.0M(77.0M)->0.0B(77.0M) Survivors: 2048.0K->2048.0K Heap: 225.5M(256.0M)->148.8M(256.0M)]
 [Times: user=0.02 sys=0.00, real=0.01 secs] 
2020-04-13T15:55:52.722+0800: 735.681: [GC pause (G1 Evacuation Pause) (young) (initial-mark), 0.0076898 secs]
   [Parallel Time: 5.7 ms, GC Workers: 4]
      [GC Worker Start (ms): Min: 735681.4, Avg: 735681.6, Max: 735682.0, Diff: 0.7]
      [Ext Root Scanning (ms): Min: 0.0, Avg: 0.5, Max: 0.7, Diff: 0.6, Sum: 1.9]
      [Update RS (ms): Min: 1.9, Avg: 2.1, Max: 2.4, Diff: 0.5, Sum: 8.5]
         [Processed Buffers: Min: 0, Avg: 8.2, Max: 19, Diff: 19, Sum: 33]
      [Scan RS (ms): Min: 0.4, Avg: 1.2, Max: 3.0, Diff: 2.6, Sum: 4.9]
      [Code Root Scanning (ms): Min: 0.0, Avg: 0.0, Max: 0.0, Diff: 0.0, Sum: 0.0]
      [Object Copy (ms): Min: 0.0, Avg: 1.5, Max: 2.1, Diff: 2.1, Sum: 5.9]
      [Termination (ms): Min: 0.0, Avg: 0.2, Max: 0.3, Diff: 0.3, Sum: 0.7]
         [Termination Attempts: Min: 1, Avg: 1.2, Max: 2, Diff: 1, Sum: 5]
      [GC Worker Other (ms): Min: 0.0, Avg: 0.0, Max: 0.0, Diff: 0.0, Sum: 0.0]
      [GC Worker Total (ms): Min: 4.9, Avg: 5.5, Max: 5.7, Diff: 0.7, Sum: 21.9]
      [GC Worker End (ms): Min: 735687.0, Avg: 735687.0, Max: 735687.1, Diff: 0.1]
   [Code Root Fixup: 0.1 ms]
   [Code Root Purge: 0.0 ms]
   [Clear CT: 0.1 ms]
   [Other: 1.9 ms]
      [Choose CSet: 0.0 ms]
      [Ref Proc: 1.3 ms]
      [Ref Enq: 0.0 ms]
      [Redirty Cards: 0.4 ms]
      [Humongous Register: 0.0 ms]
      [Humongous Reclaim: 0.0 ms]
      [Free CSet: 0.0 ms]
   [Eden: 77.0M(77.0M)->0.0B(77.0M) Survivors: 2048.0K->2048.0K Heap: 225.8M(256.0M)->148.8M(256.0M)]
 [Times: user=0.02 sys=0.00, real=0.01 secs] 
2020-04-13T15:55:52.730+0800: 735.689: [GC concurrent-root-region-scan-start]
2020-04-13T15:55:52.734+0800: 735.693: [GC concurrent-root-region-scan-end, 0.0038512 secs]
2020-04-13T15:55:52.734+0800: 735.693: [GC concurrent-mark-start]
2020-04-13T15:55:52.761+0800: 735.721: [GC concurrent-mark-end, 0.0277748 secs]
2020-04-13T15:55:52.762+0800: 735.721: [GC remark 2020-04-13T15:55:52.762+0800: 735.721: [Finalize Marking, 0.0107186 secs] 2020-04-13T15:55:52.772+0800: 735.732: [GC ref-proc, 0.0000938 secs] 2020-04-13T15:55:52.773+0800: 735.732: [Unloading, 0.0130288 secs], 0.0253139 secs]
 [Times: user=0.02 sys=0.00, real=0.02 secs] 
2020-04-13T15:55:52.787+0800: 735.747: [GC cleanup 150M->150M(256M), 0.0003376 secs]
 [Times: user=0.00 sys=0.00, real=0.00 secs] 
2020-04-13T15:55:54.911+0800: 737.871: [GC pause (G1 Evacuation Pause) (young), 0.0063529 secs]
   [Parallel Time: 5.5 ms, GC Workers: 4]
      [GC Worker Start (ms): Min: 737871.1, Avg: 737871.4, Max: 737872.0, Diff: 0.9]
      [Ext Root Scanning (ms): Min: 0.0, Avg: 0.3, Max: 0.5, Diff: 0.5, Sum: 1.2]
      [Update RS (ms): Min: 1.5, Avg: 2.6, Max: 5.1, Diff: 3.6, Sum: 10.5]
         [Processed Buffers: Min: 1, Avg: 8.5, Max: 21, Diff: 20, Sum: 34]
      [Scan RS (ms): Min: 0.0, Avg: 0.8, Max: 1.0, Diff: 1.0, Sum: 3.0]
      [Code Root Scanning (ms): Min: 0.0, Avg: 0.0, Max: 0.0, Diff: 0.0, Sum: 0.0]
      [Object Copy (ms): Min: 0.0, Avg: 1.3, Max: 1.7, Diff: 1.7, Sum: 5.2]
      [Termination (ms): Min: 0.0, Avg: 0.3, Max: 0.4, Diff: 0.4, Sum: 1.1]
         [Termination Attempts: Min: 1, Avg: 4.5, Max: 6, Diff: 5, Sum: 18]
      [GC Worker Other (ms): Min: 0.0, Avg: 0.0, Max: 0.0, Diff: 0.0, Sum: 0.0]
      [GC Worker Total (ms): Min: 4.6, Avg: 5.3, Max: 5.5, Diff: 0.9, Sum: 21.1]
      [GC Worker End (ms): Min: 737876.6, Avg: 737876.6, Max: 737876.6, Diff: 0.0]
   [Code Root Fixup: 0.0 ms]
   [Code Root Purge: 0.0 ms]
   [Clear CT: 0.0 ms]
   [Other: 0.7 ms]
      [Choose CSet: 0.0 ms]
      [Ref Proc: 0.6 ms]
      [Ref Enq: 0.0 ms]
      [Redirty Cards: 0.0 ms]
      [Humongous Register: 0.0 ms]
      [Humongous Reclaim: 0.0 ms]
      [Free CSet: 0.0 ms]
   [Eden: 77.0M(77.0M)->0.0B(77.0M) Survivors: 2048.0K->2048.0K Heap: 225.8M(256.0M)->149.1M(256.0M)]
 [Times: user=0.02 sys=0.00, real=0.00 secs] 
2020-04-13T15:55:57.488+0800: 740.448: [GC pause (G1 Evacuation Pause) (young), 0.0047826 secs]
   [Parallel Time: 4.4 ms, GC Workers: 4]
      [GC Worker Start (ms): Min: 740448.0, Avg: 740448.0, Max: 740448.0, Diff: 0.0]
      [Ext Root Scanning (ms): Min: 0.3, Avg: 0.5, Max: 1.0, Diff: 0.7, Sum: 1.8]
      [Update RS (ms): Min: 1.3, Avg: 1.7, Max: 1.9, Diff: 0.6, Sum: 6.7]
         [Processed Buffers: Min: 2, Avg: 7.5, Max: 11, Diff: 9, Sum: 30]
      [Scan RS (ms): Min: 0.7, Avg: 0.9, Max: 1.0, Diff: 0.3, Sum: 3.5]
      [Code Root Scanning (ms): Min: 0.0, Avg: 0.0, Max: 0.0, Diff: 0.0, Sum: 0.0]
      [Object Copy (ms): Min: 1.3, Avg: 1.3, Max: 1.3, Diff: 0.1, Sum: 5.1]
      [Termination (ms): Min: 0.0, Avg: 0.0, Max: 0.0, Diff: 0.0, Sum: 0.0]
         [Termination Attempts: Min: 1, Avg: 1.0, Max: 1, Diff: 0, Sum: 4]
      [GC Worker Other (ms): Min: 0.0, Avg: 0.0, Max: 0.0, Diff: 0.0, Sum: 0.1]
      [GC Worker Total (ms): Min: 4.3, Avg: 4.3, Max: 4.3, Diff: 0.0, Sum: 17.2]
      [GC Worker End (ms): Min: 740452.3, Avg: 740452.3, Max: 740452.3, Diff: 0.0]
   [Code Root Fixup: 0.0 ms]
   [Code Root Purge: 0.0 ms]
   [Clear CT: 0.0 ms]
   [Other: 0.3 ms]
      [Choose CSet: 0.0 ms]
      [Ref Proc: 0.1 ms]
      [Ref Enq: 0.0 ms]
      [Redirty Cards: 0.0 ms]
      [Humongous Register: 0.0 ms]
      [Humongous Reclaim: 0.0 ms]
      [Free CSet: 0.0 ms]
   [Eden: 77.0M(77.0M)->0.0B(79.0M) Survivors: 2048.0K->1024.0K Heap: 226.1M(256.0M)->148.6M(256.0M)]
 [Times: user=0.02 sys=0.00, real=0.01 secs] 
2020-04-13T15:55:59.617+0800: 742.577: [GC pause (G1 Evacuation Pause) (young) (initial-mark), 0.0053738 secs]
   [Parallel Time: 5.0 ms, GC Workers: 4]
      [GC Worker Start (ms): Min: 742576.7, Avg: 742576.7, Max: 742576.8, Diff: 0.0]
      [Ext Root Scanning (ms): Min: 0.5, Avg: 0.5, Max: 0.5, Diff: 0.0, Sum: 2.1]
      [Update RS (ms): Min: 1.1, Avg: 1.3, Max: 1.4, Diff: 0.3, Sum: 5.1]
         [Processed Buffers: Min: 4, Avg: 7.5, Max: 14, Diff: 10, Sum: 30]
      [Scan RS (ms): Min: 0.8, Avg: 0.9, Max: 1.0, Diff: 0.2, Sum: 3.6]
      [Code Root Scanning (ms): Min: 0.0, Avg: 0.0, Max: 0.0, Diff: 0.0, Sum: 0.0]
      [Object Copy (ms): Min: 1.7, Avg: 1.9, Max: 2.2, Diff: 0.5, Sum: 7.5]
      [Termination (ms): Min: 0.0, Avg: 0.4, Max: 0.6, Diff: 0.6, Sum: 1.6]
         [Termination Attempts: Min: 1, Avg: 2.2, Max: 4, Diff: 3, Sum: 9]
      [GC Worker Other (ms): Min: 0.0, Avg: 0.0, Max: 0.0, Diff: 0.0, Sum: 0.0]
      [GC Worker Total (ms): Min: 4.9, Avg: 5.0, Max: 5.0, Diff: 0.1, Sum: 19.8]
      [GC Worker End (ms): Min: 742581.7, Avg: 742581.7, Max: 742581.8, Diff: 0.1]
   [Code Root Fixup: 0.0 ms]
   [Code Root Purge: 0.0 ms]
   [Clear CT: 0.1 ms]
   [Other: 0.2 ms]
      [Choose CSet: 0.0 ms]
      [Ref Proc: 0.1 ms]
      [Ref Enq: 0.0 ms]
      [Redirty Cards: 0.1 ms]
      [Humongous Register: 0.0 ms]
      [Humongous Reclaim: 0.0 ms]
      [Free CSet: 0.0 ms]
   [Eden: 79.0M(79.0M)->0.0B(77.0M) Survivors: 1024.0K->2048.0K Heap: 227.6M(256.0M)->149.0M(256.0M)]
 [Times: user=0.02 sys=0.00, real=0.01 secs] 
2020-04-13T15:55:59.623+0800: 742.582: [GC concurrent-root-region-scan-start]
2020-04-13T15:55:59.626+0800: 742.585: [GC concurrent-root-region-scan-end, 0.0031911 secs]
2020-04-13T15:55:59.626+0800: 742.585: [GC concurrent-mark-start]
2020-04-13T15:55:59.645+0800: 742.604: [GC concurrent-mark-end, 0.0188566 secs]
2020-04-13T15:55:59.645+0800: 742.604: [GC remark 2020-04-13T15:55:59.645+0800: 742.604: [Finalize Marking, 0.0000962 secs] 2020-04-13T15:55:59.645+0800: 742.605: [GC ref-proc, 0.0000547 secs] 2020-04-13T15:55:59.645+0800: 742.605: [Unloading, 0.0031663 secs], 0.0045157 secs]
 [Times: user=0.01 sys=0.00, real=0.00 secs] 
2020-04-13T15:55:59.650+0800: 742.609: [GC cleanup 150M->150M(256M), 0.0003240 secs]
 [Times: user=0.00 sys=0.00, real=0.00 secs] 
2020-04-13T15:56:01.404+0800: 744.364: [GC pause (G1 Evacuation Pause) (young), 0.0056305 secs]
   [Parallel Time: 5.1 ms, GC Workers: 4]
      [GC Worker Start (ms): Min: 744364.1, Avg: 744364.1, Max: 744364.2, Diff: 0.0]
      [Ext Root Scanning (ms): Min: 0.3, Avg: 0.3, Max: 0.5, Diff: 0.2, Sum: 1.3]
      [Update RS (ms): Min: 1.8, Avg: 2.1, Max: 2.4, Diff: 0.6, Sum: 8.5]
         [Processed Buffers: Min: 4, Avg: 7.5, Max: 14, Diff: 10, Sum: 30]
      [Scan RS (ms): Min: 0.6, Avg: 0.8, Max: 1.1, Diff: 0.5, Sum: 3.4]
      [Code Root Scanning (ms): Min: 0.0, Avg: 0.0, Max: 0.0, Diff: 0.0, Sum: 0.0]
      [Object Copy (ms): Min: 1.5, Avg: 1.6, Max: 1.7, Diff: 0.1, Sum: 6.5]
      [Termination (ms): Min: 0.0, Avg: 0.0, Max: 0.0, Diff: 0.0, Sum: 0.1]
         [Termination Attempts: Min: 1, Avg: 1.0, Max: 1, Diff: 0, Sum: 4]
      [GC Worker Other (ms): Min: 0.0, Avg: 0.0, Max: 0.0, Diff: 0.0, Sum: 0.1]
      [GC Worker Total (ms): Min: 5.0, Avg: 5.0, Max: 5.0, Diff: 0.0, Sum: 19.9]
      [GC Worker End (ms): Min: 744369.1, Avg: 744369.1, Max: 744369.1, Diff: 0.0]
   [Code Root Fixup: 0.0 ms]
   [Code Root Purge: 0.0 ms]
   [Clear CT: 0.0 ms]
   [Other: 0.5 ms]
      [Choose CSet: 0.0 ms]
      [Ref Proc: 0.3 ms]
      [Ref Enq: 0.0 ms]
      [Redirty Cards: 0.1 ms]
      [Humongous Register: 0.0 ms]
      [Humongous Reclaim: 0.0 ms]
      [Free CSet: 0.0 ms]
   [Eden: 77.0M(77.0M)->0.0B(77.0M) Survivors: 2048.0K->2048.0K Heap: 226.0M(256.0M)->149.4M(256.0M)]
 [Times: user=0.02 sys=0.00, real=0.01 secs] 
2020-04-13T15:56:03.780+0800: 746.739: [GC pause (G1 Evacuation Pause) (young), 0.0076231 secs]
   [Parallel Time: 7.3 ms, GC Workers: 4]
      [GC Worker Start (ms): Min: 746739.2, Avg: 746739.2, Max: 746739.2, Diff: 0.0]
      [Ext Root Scanning (ms): Min: 0.3, Avg: 0.3, Max: 0.5, Diff: 0.2, Sum: 1.4]
      [Update RS (ms): Min: 2.2, Avg: 3.3, Max: 6.2, Diff: 4.0, Sum: 13.2]
         [Processed Buffers: Min: 5, Avg: 7.0, Max: 10, Diff: 5, Sum: 28]
      [Scan RS (ms): Min: 0.0, Avg: 0.9, Max: 1.2, Diff: 1.2, Sum: 3.6]
      [Code Root Scanning (ms): Min: 0.0, Avg: 0.0, Max: 0.0, Diff: 0.0, Sum: 0.0]
      [Object Copy (ms): Min: 0.1, Avg: 1.4, Max: 1.9, Diff: 1.8, Sum: 5.5]
      [Termination (ms): Min: 0.0, Avg: 1.0, Max: 1.6, Diff: 1.6, Sum: 3.9]
         [Termination Attempts: Min: 1, Avg: 1.2, Max: 2, Diff: 1, Sum: 5]
      [GC Worker Other (ms): Min: 0.0, Avg: 0.0, Max: 0.0, Diff: 0.0, Sum: 0.0]
      [GC Worker Total (ms): Min: 6.6, Avg: 6.9, Max: 7.2, Diff: 0.6, Sum: 27.6]
      [GC Worker End (ms): Min: 746745.8, Avg: 746746.1, Max: 746746.4, Diff: 0.6]
   [Code Root Fixup: 0.0 ms]
   [Code Root Purge: 0.0 ms]
   [Clear CT: 0.0 ms]
   [Other: 0.3 ms]
      [Choose CSet: 0.0 ms]
      [Ref Proc: 0.1 ms]
      [Ref Enq: 0.0 ms]
      [Redirty Cards: 0.1 ms]
      [Humongous Register: 0.0 ms]
      [Humongous Reclaim: 0.0 ms]
      [Free CSet: 0.0 ms]
   [Eden: 77.0M(77.0M)->0.0B(77.0M) Survivors: 2048.0K->2048.0K Heap: 226.4M(256.0M)->149.1M(256.0M)]
 [Times: user=0.02 sys=0.00, real=0.00 secs] 
2020-04-13T15:56:05.637+0800: 748.596: [GC pause (G1 Evacuation Pause) (young) (initial-mark), 0.0059157 secs]
   [Parallel Time: 5.2 ms, GC Workers: 4]
      [GC Worker Start (ms): Min: 748596.3, Avg: 748596.3, Max: 748596.3, Diff: 0.0]
      [Ext Root Scanning (ms): Min: 0.5, Avg: 0.5, Max: 0.5, Diff: 0.0, Sum: 2.1]
      [Update RS (ms): Min: 1.0, Avg: 1.1, Max: 1.2, Diff: 0.2, Sum: 4.4]
         [Processed Buffers: Min: 3, Avg: 7.0, Max: 12, Diff: 9, Sum: 28]
      [Scan RS (ms): Min: 1.2, Avg: 1.8, Max: 3.4, Diff: 2.2, Sum: 7.3]
      [Code Root Scanning (ms): Min: 0.0, Avg: 0.0, Max: 0.0, Diff: 0.0, Sum: 0.0]
      [Object Copy (ms): Min: 0.0, Avg: 1.4, Max: 1.9, Diff: 1.9, Sum: 5.6]
      [Termination (ms): Min: 0.0, Avg: 0.3, Max: 0.4, Diff: 0.4, Sum: 1.1]
         [Termination Attempts: Min: 1, Avg: 3.2, Max: 5, Diff: 4, Sum: 13]
      [GC Worker Other (ms): Min: 0.0, Avg: 0.0, Max: 0.0, Diff: 0.0, Sum: 0.0]
      [GC Worker Total (ms): Min: 5.1, Avg: 5.1, Max: 5.2, Diff: 0.0, Sum: 20.6]
      [GC Worker End (ms): Min: 748601.4, Avg: 748601.4, Max: 748601.4, Diff: 0.0]
   [Code Root Fixup: 0.0 ms]
   [Code Root Purge: 0.0 ms]
   [Clear CT: 0.0 ms]
   [Other: 0.6 ms]
      [Choose CSet: 0.0 ms]
      [Ref Proc: 0.4 ms]
      [Ref Enq: 0.0 ms]
      [Redirty Cards: 0.1 ms]
      [Humongous Register: 0.0 ms]
      [Humongous Reclaim: 0.0 ms]
      [Free CSet: 0.0 ms]
   [Eden: 77.0M(77.0M)->0.0B(76.0M) Survivors: 2048.0K->2048.0K Heap: 226.1M(256.0M)->149.2M(256.0M)]
 [Times: user=0.01 sys=0.00, real=0.01 secs] 
2020-04-13T15:56:05.643+0800: 748.602: [GC concurrent-root-region-scan-start]
2020-04-13T15:56:05.646+0800: 748.606: [GC concurrent-root-region-scan-end, 0.0036484 secs]
2020-04-13T15:56:05.646+0800: 748.606: [GC concurrent-mark-start]
2020-04-13T15:56:05.666+0800: 748.625: [GC concurrent-mark-end, 0.0193444 secs]
2020-04-13T15:56:05.666+0800: 748.625: [GC remark 2020-04-13T15:56:05.666+0800: 748.625: [Finalize Marking, 0.0001015 secs] 2020-04-13T15:56:05.666+0800: 748.626: [GC ref-proc, 0.0000523 secs] 2020-04-13T15:56:05.666+0800: 748.626: [Unloading, 0.0032411 secs], 0.0046670 secs]
 [Times: user=0.02 sys=0.00, real=0.01 secs] 
2020-04-13T15:56:05.671+0800: 748.630: [GC cleanup 150M->150M(256M), 0.0003237 secs]
 [Times: user=0.00 sys=0.00, real=0.00 secs] 
2020-04-13T15:56:07.425+0800: 750.384: [GC pause (G1 Evacuation Pause) (young), 0.0045729 secs]
   [Parallel Time: 4.1 ms, GC Workers: 4]
      [GC Worker Start (ms): Min: 750384.4, Avg: 750384.4, Max: 750384.5, Diff: 0.1]
      [Ext Root Scanning (ms): Min: 0.3, Avg: 0.4, Max: 0.5, Diff: 0.2, Sum: 1.4]
      [Update RS (ms): Min: 1.1, Avg: 1.2, Max: 1.4, Diff: 0.2, Sum: 4.9]
         [Processed Buffers: Min: 4, Avg: 8.2, Max: 17, Diff: 13, Sum: 33]
      [Scan RS (ms): Min: 1.1, Avg: 1.4, Max: 1.8, Diff: 0.7, Sum: 5.5]
      [Code Root Scanning (ms): Min: 0.0, Avg: 0.0, Max: 0.0, Diff: 0.0, Sum: 0.0]
      [Object Copy (ms): Min: 0.6, Avg: 1.1, Max: 1.4, Diff: 0.8, Sum: 4.6]
      [Termination (ms): Min: 0.0, Avg: 0.0, Max: 0.0, Diff: 0.0, Sum: 0.0]
         [Termination Attempts: Min: 1, Avg: 1.0, Max: 1, Diff: 0, Sum: 4]
      [GC Worker Other (ms): Min: 0.0, Avg: 0.0, Max: 0.0, Diff: 0.0, Sum: 0.1]
      [GC Worker Total (ms): Min: 4.0, Avg: 4.1, Max: 4.1, Diff: 0.1, Sum: 16.4]
      [GC Worker End (ms): Min: 750388.5, Avg: 750388.5, Max: 750388.5, Diff: 0.0]
   [Code Root Fixup: 0.1 ms]
   [Code Root Purge: 0.0 ms]
   [Clear CT: 0.1 ms]
   [Other: 0.3 ms]
      [Choose CSet: 0.0 ms]
      [Ref Proc: 0.1 ms]
      [Ref Enq: 0.0 ms]
      [Redirty Cards: 0.1 ms]
      [Humongous Register: 0.0 ms]
      [Humongous Reclaim: 0.0 ms]
      [Free CSet: 0.0 ms]
   [Eden: 76.0M(76.0M)->0.0B(10.0M) Survivors: 2048.0K->2048.0K Heap: 225.2M(256.0M)->149.5M(256.0M)]
 [Times: user=0.01 sys=0.00, real=0.01 secs] 
2020-04-13T15:56:07.666+0800: 750.625: [GC pause (G1 Evacuation Pause) (mixed), 0.0054456 secs]
   [Parallel Time: 4.6 ms, GC Workers: 4]
      [GC Worker Start (ms): Min: 750625.1, Avg: 750625.1, Max: 750625.1, Diff: 0.0]
      [Ext Root Scanning (ms): Min: 0.3, Avg: 0.3, Max: 0.4, Diff: 0.2, Sum: 1.3]
      [Update RS (ms): Min: 0.9, Avg: 1.0, Max: 1.1, Diff: 0.2, Sum: 4.1]
         [Processed Buffers: Min: 3, Avg: 5.8, Max: 12, Diff: 9, Sum: 23]
      [Scan RS (ms): Min: 1.1, Avg: 1.2, Max: 1.3, Diff: 0.1, Sum: 4.7]
      [Code Root Scanning (ms): Min: 0.0, Avg: 0.0, Max: 0.0, Diff: 0.0, Sum: 0.1]
      [Object Copy (ms): Min: 1.3, Avg: 1.4, Max: 1.9, Diff: 0.6, Sum: 5.8]
      [Termination (ms): Min: 0.0, Avg: 0.5, Max: 0.7, Diff: 0.7, Sum: 2.0]
         [Termination Attempts: Min: 1, Avg: 1.0, Max: 1, Diff: 0, Sum: 4]
      [GC Worker Other (ms): Min: 0.0, Avg: 0.0, Max: 0.0, Diff: 0.0, Sum: 0.0]
      [GC Worker Total (ms): Min: 4.4, Avg: 4.5, Max: 4.5, Diff: 0.1, Sum: 17.9]
      [GC Worker End (ms): Min: 750629.5, Avg: 750629.6, Max: 750629.6, Diff: 0.1]
   [Code Root Fixup: 0.1 ms]
   [Code Root Purge: 0.0 ms]
   [Clear CT: 0.0 ms]
   [Other: 0.8 ms]
      [Choose CSet: 0.0 ms]
      [Ref Proc: 0.6 ms]
      [Ref Enq: 0.0 ms]
      [Redirty Cards: 0.1 ms]
      [Humongous Register: 0.0 ms]
      [Humongous Reclaim: 0.0 ms]
      [Free CSet: 0.0 ms]
   [Eden: 10.0M(10.0M)->0.0B(79.0M) Survivors: 2048.0K->1024.0K Heap: 159.5M(256.0M)->148.1M(256.0M)]
 [Times: user=0.02 sys=0.00, real=0.01 secs] 
2020-04-13T15:56:09.397+0800: 752.357: [GC pause (G1 Evacuation Pause) (young), 0.0060924 secs]
   [Parallel Time: 5.1 ms, GC Workers: 4]
      [GC Worker Start (ms): Min: 752356.7, Avg: 752356.7, Max: 752356.7, Diff: 0.0]
      [Ext Root Scanning (ms): Min: 0.2, Avg: 0.3, Max: 0.5, Diff: 0.2, Sum: 1.3]
      [Update RS (ms): Min: 1.3, Avg: 1.3, Max: 1.4, Diff: 0.2, Sum: 5.3]
         [Processed Buffers: Min: 4, Avg: 8.0, Max: 13, Diff: 9, Sum: 32]
      [Scan RS (ms): Min: 0.7, Avg: 0.8, Max: 1.0, Diff: 0.2, Sum: 3.3]
      [Code Root Scanning (ms): Min: 0.0, Avg: 0.0, Max: 0.0, Diff: 0.0, Sum: 0.0]
      [Object Copy (ms): Min: 2.0, Avg: 2.2, Max: 2.5, Diff: 0.6, Sum: 8.9]
      [Termination (ms): Min: 0.0, Avg: 0.3, Max: 0.6, Diff: 0.6, Sum: 1.2]
         [Termination Attempts: Min: 1, Avg: 1.0, Max: 1, Diff: 0, Sum: 4]
      [GC Worker Other (ms): Min: 0.0, Avg: 0.0, Max: 0.0, Diff: 0.0, Sum: 0.1]
      [GC Worker Total (ms): Min: 5.0, Avg: 5.0, Max: 5.1, Diff: 0.1, Sum: 20.1]
      [GC Worker End (ms): Min: 752361.7, Avg: 752361.7, Max: 752361.8, Diff: 0.1]
   [Code Root Fixup: 0.0 ms]
   [Code Root Purge: 0.0 ms]
   [Clear CT: 0.1 ms]
   [Other: 0.9 ms]
      [Choose CSet: 0.0 ms]
      [Ref Proc: 0.7 ms]
      [Ref Enq: 0.0 ms]
      [Redirty Cards: 0.1 ms]
      [Humongous Register: 0.0 ms]
      [Humongous Reclaim: 0.0 ms]
      [Free CSet: 0.0 ms]
   [Eden: 79.0M(79.0M)->0.0B(77.0M) Survivors: 1024.0K->2048.0K Heap: 227.1M(256.0M)->148.4M(256.0M)]
 [Times: user=0.02 sys=0.00, real=0.01 secs] 
2020-04-13T15:56:11.127+0800: 754.086: [GC pause (G1 Evacuation Pause) (young) (initial-mark), 0.0114850 secs]
   [Parallel Time: 10.4 ms, GC Workers: 4]
      [GC Worker Start (ms): Min: 754086.4, Avg: 754086.4, Max: 754086.5, Diff: 0.1]
      [Ext Root Scanning (ms): Min: 0.4, Avg: 0.5, Max: 0.6, Diff: 0.1, Sum: 2.1]
      [Update RS (ms): Min: 1.4, Avg: 1.5, Max: 1.6, Diff: 0.2, Sum: 6.1]
         [Processed Buffers: Min: 4, Avg: 8.0, Max: 17, Diff: 13, Sum: 32]
      [Scan RS (ms): Min: 0.7, Avg: 2.4, Max: 6.9, Diff: 6.2, Sum: 9.4]
      [Code Root Scanning (ms): Min: 0.0, Avg: 0.0, Max: 0.0, Diff: 0.0, Sum: 0.0]
      [Object Copy (ms): Min: 0.1, Avg: 4.2, Max: 5.6, Diff: 5.5, Sum: 16.9]
      [Termination (ms): Min: 0.0, Avg: 0.9, Max: 1.9, Diff: 1.9, Sum: 3.7]
         [Termination Attempts: Min: 1, Avg: 1.5, Max: 2, Diff: 1, Sum: 6]
      [GC Worker Other (ms): Min: 0.0, Avg: 0.0, Max: 0.0, Diff: 0.0, Sum: 0.1]
      [GC Worker Total (ms): Min: 9.1, Avg: 9.5, Max: 10.4, Diff: 1.3, Sum: 38.2]
      [GC Worker End (ms): Min: 754095.5, Avg: 754096.0, Max: 754096.7, Diff: 1.2]
   [Code Root Fixup: 0.0 ms]
   [Code Root Purge: 0.0 ms]
   [Clear CT: 0.0 ms]
   [Other: 1.0 ms]
      [Choose CSet: 0.0 ms]
      [Ref Proc: 0.7 ms]
      [Ref Enq: 0.0 ms]
      [Redirty Cards: 0.1 ms]
      [Humongous Register: 0.0 ms]
      [Humongous Reclaim: 0.0 ms]
      [Free CSet: 0.0 ms]
   [Eden: 77.0M(77.0M)->0.0B(77.0M) Survivors: 2048.0K->2048.0K Heap: 225.4M(256.0M)->148.8M(256.0M)]
 [Times: user=0.02 sys=0.00, real=0.01 secs] 
2020-04-13T15:56:11.138+0800: 754.098: [GC concurrent-root-region-scan-start]
2020-04-13T15:56:11.142+0800: 754.102: [GC concurrent-root-region-scan-end, 0.0041466 secs]
2020-04-13T15:56:11.142+0800: 754.102: [GC concurrent-mark-start]
2020-04-13T15:56:11.176+0800: 754.136: [GC concurrent-mark-end, 0.0336144 secs]
2020-04-13T15:56:11.176+0800: 754.136: [GC remark 2020-04-13T15:56:11.176+0800: 754.136: [Finalize Marking, 0.0001419 secs] 2020-04-13T15:56:11.176+0800: 754.136: [GC ref-proc, 0.0000560 secs] 2020-04-13T15:56:11.177+0800: 754.136: [Unloading, 0.0035121 secs], 0.0051431 secs]
 [Times: user=0.02 sys=0.00, real=0.01 secs] 
2020-04-13T15:56:11.182+0800: 754.141: [GC cleanup 150M->150M(256M), 0.0003494 secs]
 [Times: user=0.00 sys=0.00, real=0.00 secs] 
2020-04-13T15:56:14.445+0800: 757.404: [GC pause (G1 Evacuation Pause) (young), 0.0076156 secs]
   [Parallel Time: 6.2 ms, GC Workers: 4]
      [GC Worker Start (ms): Min: 757404.3, Avg: 757405.3, Max: 757408.1, Diff: 3.8]
      [Ext Root Scanning (ms): Min: 0.0, Avg: 0.3, Max: 0.5, Diff: 0.5, Sum: 1.3]
      [Update RS (ms): Min: 0.0, Avg: 1.5, Max: 2.4, Diff: 2.4, Sum: 6.2]
         [Processed Buffers: Min: 0, Avg: 8.2, Max: 15, Diff: 15, Sum: 33]
      [Scan RS (ms): Min: 0.0, Avg: 0.7, Max: 1.1, Diff: 1.1, Sum: 2.6]
      [Code Root Scanning (ms): Min: 0.0, Avg: 0.0, Max: 0.0, Diff: 0.0, Sum: 0.0]
      [Object Copy (ms): Min: 2.0, Avg: 2.4, Max: 2.8, Diff: 0.8, Sum: 9.6]
      [Termination (ms): Min: 0.0, Avg: 0.3, Max: 0.4, Diff: 0.4, Sum: 1.1]
         [Termination Attempts: Min: 1, Avg: 1.0, Max: 1, Diff: 0, Sum: 4]
      [GC Worker Other (ms): Min: 0.0, Avg: 0.0, Max: 0.0, Diff: 0.0, Sum: 0.0]
      [GC Worker Total (ms): Min: 2.4, Avg: 5.2, Max: 6.2, Diff: 3.8, Sum: 20.8]
      [GC Worker End (ms): Min: 757410.4, Avg: 757410.5, Max: 757410.5, Diff: 0.1]
   [Code Root Fixup: 0.0 ms]
   [Code Root Purge: 0.0 ms]
   [Clear CT: 0.2 ms]
   [Other: 1.1 ms]
      [Choose CSet: 0.0 ms]
      [Ref Proc: 0.9 ms]
      [Ref Enq: 0.0 ms]
      [Redirty Cards: 0.1 ms]
      [Humongous Register: 0.0 ms]
      [Humongous Reclaim: 0.0 ms]
      [Free CSet: 0.0 ms]
   [Eden: 77.0M(77.0M)->0.0B(79.0M) Survivors: 2048.0K->1024.0K Heap: 225.8M(256.0M)->148.3M(256.0M)]
 [Times: user=0.01 sys=0.00, real=0.01 secs] 
2020-04-13T15:56:16.642+0800: 759.601: [GC pause (G1 Evacuation Pause) (young), 0.0040827 secs]
   [Parallel Time: 3.6 ms, GC Workers: 4]
      [GC Worker Start (ms): Min: 759601.2, Avg: 759601.2, Max: 759601.2, Diff: 0.0]
      [Ext Root Scanning (ms): Min: 0.3, Avg: 0.3, Max: 0.5, Diff: 0.2, Sum: 1.3]
      [Update RS (ms): Min: 1.5, Avg: 1.5, Max: 1.5, Diff: 0.1, Sum: 6.0]
         [Processed Buffers: Min: 5, Avg: 7.5, Max: 9, Diff: 4, Sum: 30]
      [Scan RS (ms): Min: 0.4, Avg: 0.5, Max: 0.6, Diff: 0.2, Sum: 2.1]
      [Code Root Scanning (ms): Min: 0.0, Avg: 0.0, Max: 0.0, Diff: 0.0, Sum: 0.0]
      [Object Copy (ms): Min: 1.2, Avg: 1.2, Max: 1.2, Diff: 0.0, Sum: 4.8]
      [Termination (ms): Min: 0.0, Avg: 0.0, Max: 0.0, Diff: 0.0, Sum: 0.0]
         [Termination Attempts: Min: 1, Avg: 1.0, Max: 1, Diff: 0, Sum: 4]
      [GC Worker Other (ms): Min: 0.0, Avg: 0.0, Max: 0.0, Diff: 0.0, Sum: 0.0]
      [GC Worker Total (ms): Min: 3.6, Avg: 3.6, Max: 3.6, Diff: 0.0, Sum: 14.3]
      [GC Worker End (ms): Min: 759604.8, Avg: 759604.8, Max: 759604.8, Diff: 0.0]
   [Code Root Fixup: 0.0 ms]
   [Code Root Purge: 0.0 ms]
   [Clear CT: 0.1 ms]
   [Other: 0.3 ms]
      [Choose CSet: 0.0 ms]
      [Ref Proc: 0.1 ms]
      [Ref Enq: 0.0 ms]
      [Redirty Cards: 0.1 ms]
      [Humongous Register: 0.0 ms]
      [Humongous Reclaim: 0.0 ms]
      [Free CSet: 0.0 ms]
   [Eden: 79.0M(79.0M)->0.0B(77.0M) Survivors: 1024.0K->2048.0K Heap: 227.3M(256.0M)->148.9M(256.0M)]
 [Times: user=0.02 sys=0.00, real=0.00 secs] 
2020-04-13T15:56:18.688+0800: 761.647: [GC pause (G1 Evacuation Pause) (young) (initial-mark), 0.0047932 secs]
   [Parallel Time: 4.4 ms, GC Workers: 4]
      [GC Worker Start (ms): Min: 761647.5, Avg: 761647.5, Max: 761647.5, Diff: 0.1]
      [Ext Root Scanning (ms): Min: 0.5, Avg: 0.5, Max: 0.6, Diff: 0.1, Sum: 2.1]
      [Update RS (ms): Min: 1.9, Avg: 2.0, Max: 2.2, Diff: 0.3, Sum: 8.1]
         [Processed Buffers: Min: 6, Avg: 8.0, Max: 10, Diff: 4, Sum: 32]
      [Scan RS (ms): Min: 0.3, Avg: 0.5, Max: 0.6, Diff: 0.3, Sum: 1.9]
      [Code Root Scanning (ms): Min: 0.0, Avg: 0.0, Max: 0.0, Diff: 0.0, Sum: 0.0]
      [Object Copy (ms): Min: 1.2, Avg: 1.3, Max: 1.4, Diff: 0.2, Sum: 5.2]
      [Termination (ms): Min: 0.0, Avg: 0.0, Max: 0.0, Diff: 0.0, Sum: 0.0]
         [Termination Attempts: Min: 1, Avg: 1.0, Max: 1, Diff: 0, Sum: 4]
      [GC Worker Other (ms): Min: 0.0, Avg: 0.0, Max: 0.0, Diff: 0.0, Sum: 0.0]
      [GC Worker Total (ms): Min: 4.3, Avg: 4.4, Max: 4.4, Diff: 0.1, Sum: 17.4]
      [GC Worker End (ms): Min: 761651.8, Avg: 761651.8, Max: 761651.8, Diff: 0.0]
   [Code Root Fixup: 0.0 ms]
   [Code Root Purge: 0.0 ms]
   [Clear CT: 0.1 ms]
   [Other: 0.3 ms]
      [Choose CSet: 0.0 ms]
      [Ref Proc: 0.1 ms]
      [Ref Enq: 0.0 ms]
      [Redirty Cards: 0.0 ms]
      [Humongous Register: 0.0 ms]
      [Humongous Reclaim: 0.0 ms]
      [Free CSet: 0.0 ms]
   [Eden: 77.0M(77.0M)->0.0B(79.0M) Survivors: 2048.0K->1024.0K Heap: 225.9M(256.0M)->148.4M(256.0M)]
 [Times: user=0.01 sys=0.00, real=0.01 secs] 
2020-04-13T15:56:18.693+0800: 761.652: [GC concurrent-root-region-scan-start]
2020-04-13T15:56:18.696+0800: 761.655: [GC concurrent-root-region-scan-end, 0.0031684 secs]
2020-04-13T15:56:18.696+0800: 761.655: [GC concurrent-mark-start]
2020-04-13T15:56:18.717+0800: 761.677: [GC concurrent-mark-end, 0.0213002 secs]
2020-04-13T15:56:18.719+0800: 761.678: [GC remark 2020-04-13T15:56:18.719+0800: 761.678: [Finalize Marking, 0.0010865 secs] 2020-04-13T15:56:18.720+0800: 761.679: [GC ref-proc, 0.0000567 secs] 2020-04-13T15:56:18.720+0800: 761.679: [Unloading, 0.0051087 secs], 0.0074755 secs]
 [Times: user=0.01 sys=0.00, real=0.01 secs] 
2020-04-13T15:56:18.726+0800: 761.686: [GC cleanup 149M->149M(256M), 0.0002976 secs]
 [Times: user=0.00 sys=0.00, real=0.00 secs] 
2020-04-13T15:56:20.870+0800: 763.829: [GC pause (G1 Evacuation Pause) (young), 0.0066321 secs]
   [Parallel Time: 5.8 ms, GC Workers: 4]
      [GC Worker Start (ms): Min: 763829.2, Avg: 763829.3, Max: 763829.5, Diff: 0.3]
      [Ext Root Scanning (ms): Min: 0.4, Avg: 0.4, Max: 0.5, Diff: 0.1, Sum: 1.7]
      [Update RS (ms): Min: 1.4, Avg: 1.8, Max: 2.1, Diff: 0.6, Sum: 7.1]
         [Processed Buffers: Min: 3, Avg: 8.5, Max: 17, Diff: 14, Sum: 34]
      [Scan RS (ms): Min: 0.4, Avg: 0.7, Max: 1.2, Diff: 0.8, Sum: 2.9]
      [Code Root Scanning (ms): Min: 0.0, Avg: 0.0, Max: 0.0, Diff: 0.0, Sum: 0.0]
      [Object Copy (ms): Min: 1.7, Avg: 2.0, Max: 2.5, Diff: 0.8, Sum: 8.2]
      [Termination (ms): Min: 0.0, Avg: 0.5, Max: 0.7, Diff: 0.7, Sum: 2.2]
         [Termination Attempts: Min: 1, Avg: 1.2, Max: 2, Diff: 1, Sum: 5]
      [GC Worker Other (ms): Min: 0.0, Avg: 0.0, Max: 0.0, Diff: 0.0, Sum: 0.1]
      [GC Worker Total (ms): Min: 5.2, Avg: 5.5, Max: 5.7, Diff: 0.5, Sum: 22.1]
      [GC Worker End (ms): Min: 763834.7, Avg: 763834.8, Max: 763834.9, Diff: 0.2]
   [Code Root Fixup: 0.0 ms]
   [Code Root Purge: 0.0 ms]
   [Clear CT: 0.0 ms]
   [Other: 0.8 ms]
      [Choose CSet: 0.0 ms]
      [Ref Proc: 0.6 ms]
      [Ref Enq: 0.0 ms]
      [Redirty Cards: 0.1 ms]
      [Humongous Register: 0.0 ms]
      [Humongous Reclaim: 0.0 ms]
      [Free CSet: 0.0 ms]
   [Eden: 79.0M(79.0M)->0.0B(77.0M) Survivors: 1024.0K->2048.0K Heap: 227.4M(256.0M)->148.9M(256.0M)]
 [Times: user=0.01 sys=0.00, real=0.00 secs] 
2020-04-13T15:56:22.771+0800: 765.730: [GC pause (G1 Evacuation Pause) (young), 0.0117944 secs]
   [Parallel Time: 10.6 ms, GC Workers: 4]
      [GC Worker Start (ms): Min: 765730.2, Avg: 765731.1, Max: 765732.6, Diff: 2.4]
      [Ext Root Scanning (ms): Min: 0.0, Avg: 3.4, Max: 9.4, Diff: 9.4, Sum: 13.6]
      [Update RS (ms): Min: 0.0, Avg: 3.1, Max: 4.2, Diff: 4.2, Sum: 12.6]
         [Processed Buffers: Min: 0, Avg: 9.0, Max: 18, Diff: 18, Sum: 36]
      [Scan RS (ms): Min: 0.0, Avg: 0.8, Max: 1.1, Diff: 1.1, Sum: 3.1]
      [Code Root Scanning (ms): Min: 0.0, Avg: 0.0, Max: 0.0, Diff: 0.0, Sum: 0.0]
      [Object Copy (ms): Min: 0.0, Avg: 1.3, Max: 1.8, Diff: 1.8, Sum: 5.3]
      [Termination (ms): Min: 0.0, Avg: 0.9, Max: 1.2, Diff: 1.2, Sum: 3.4]
         [Termination Attempts: Min: 1, Avg: 1.0, Max: 1, Diff: 0, Sum: 4]
      [GC Worker Other (ms): Min: 0.0, Avg: 0.0, Max: 0.0, Diff: 0.0, Sum: 0.0]
      [GC Worker Total (ms): Min: 8.1, Avg: 9.5, Max: 10.5, Diff: 2.4, Sum: 38.0]
      [GC Worker End (ms): Min: 765740.2, Avg: 765740.6, Max: 765740.7, Diff: 0.5]
   [Code Root Fixup: 0.0 ms]
   [Code Root Purge: 0.0 ms]
   [Clear CT: 0.0 ms]
   [Other: 1.1 ms]
      [Choose CSet: 0.0 ms]
      [Ref Proc: 0.8 ms]
      [Ref Enq: 0.0 ms]
      [Redirty Cards: 0.1 ms]
      [Humongous Register: 0.0 ms]
      [Humongous Reclaim: 0.0 ms]
      [Free CSet: 0.0 ms]
   [Eden: 77.0M(77.0M)->0.0B(77.0M) Survivors: 2048.0K->2048.0K Heap: 225.9M(256.0M)->148.8M(256.0M)]
 [Times: user=0.02 sys=0.00, real=0.01 secs] 
2020-04-13T15:56:24.577+0800: 767.536: [GC pause (G1 Evacuation Pause) (young) (initial-mark), 0.0054907 secs]
   [Parallel Time: 5.1 ms, GC Workers: 4]
      [GC Worker Start (ms): Min: 767536.0, Avg: 767536.1, Max: 767536.3, Diff: 0.3]
      [Ext Root Scanning (ms): Min: 0.5, Avg: 0.7, Max: 1.0, Diff: 0.5, Sum: 2.9]
      [Update RS (ms): Min: 1.3, Avg: 1.5, Max: 1.6, Diff: 0.4, Sum: 5.9]
         [Processed Buffers: Min: 4, Avg: 8.5, Max: 20, Diff: 16, Sum: 34]
      [Scan RS (ms): Min: 0.6, Avg: 0.7, Max: 0.7, Diff: 0.1, Sum: 2.6]
      [Code Root Scanning (ms): Min: 0.0, Avg: 0.0, Max: 0.0, Diff: 0.0, Sum: 0.0]
      [Object Copy (ms): Min: 1.5, Avg: 1.7, Max: 2.1, Diff: 0.5, Sum: 6.6]
      [Termination (ms): Min: 0.0, Avg: 0.4, Max: 0.5, Diff: 0.5, Sum: 1.6]
         [Termination Attempts: Min: 1, Avg: 1.2, Max: 2, Diff: 1, Sum: 5]
      [GC Worker Other (ms): Min: 0.0, Avg: 0.0, Max: 0.0, Diff: 0.0, Sum: 0.0]
      [GC Worker Total (ms): Min: 4.7, Avg: 4.9, Max: 5.0, Diff: 0.3, Sum: 19.8]
      [GC Worker End (ms): Min: 767541.1, Avg: 767541.1, Max: 767541.1, Diff: 0.0]
   [Code Root Fixup: 0.0 ms]
   [Code Root Purge: 0.0 ms]
   [Clear CT: 0.1 ms]
   [Other: 0.3 ms]
      [Choose CSet: 0.0 ms]
      [Ref Proc: 0.1 ms]
      [Ref Enq: 0.0 ms]
      [Redirty Cards: 0.0 ms]
      [Humongous Register: 0.0 ms]
      [Humongous Reclaim: 0.0 ms]
      [Free CSet: 0.0 ms]
   [Eden: 77.0M(77.0M)->0.0B(77.0M) Survivors: 2048.0K->2048.0K Heap: 225.8M(256.0M)->148.9M(256.0M)]
 [Times: user=0.02 sys=0.00, real=0.01 secs] 
2020-04-13T15:56:24.582+0800: 767.542: [GC concurrent-root-region-scan-start]
2020-04-13T15:56:24.585+0800: 767.545: [GC concurrent-root-region-scan-end, 0.0030656 secs]
2020-04-13T15:56:24.585+0800: 767.545: [GC concurrent-mark-start]
2020-04-13T15:56:24.606+0800: 767.566: [GC concurrent-mark-end, 0.0211077 secs]
2020-04-13T15:56:24.607+0800: 767.566: [GC remark 2020-04-13T15:56:24.607+0800: 767.566: [Finalize Marking, 0.0001105 secs] 2020-04-13T15:56:24.607+0800: 767.566: [GC ref-proc, 0.0000548 secs] 2020-04-13T15:56:24.607+0800: 767.566: [Unloading, 0.0034949 secs], 0.0048105 secs]
 [Times: user=0.01 sys=0.00, real=0.01 secs] 
2020-04-13T15:56:24.612+0800: 767.571: [GC cleanup 150M->150M(256M), 0.0003288 secs]
 [Times: user=0.00 sys=0.00, real=0.00 secs] 
2020-04-13T15:56:26.392+0800: 769.351: [GC pause (G1 Evacuation Pause) (young), 0.0100486 secs]
   [Parallel Time: 8.3 ms, GC Workers: 4]
      [GC Worker Start (ms): Min: 769351.3, Avg: 769351.4, Max: 769351.4, Diff: 0.0]
      [Ext Root Scanning (ms): Min: 0.3, Avg: 0.3, Max: 0.5, Diff: 0.2, Sum: 1.4]
      [Update RS (ms): Min: 1.3, Avg: 2.5, Max: 5.2, Diff: 3.9, Sum: 9.9]
         [Processed Buffers: Min: 3, Avg: 8.5, Max: 16, Diff: 13, Sum: 34]
      [Scan RS (ms): Min: 0.0, Avg: 1.5, Max: 2.6, Diff: 2.6, Sum: 6.0]
      [Code Root Scanning (ms): Min: 0.0, Avg: 0.0, Max: 0.0, Diff: 0.0, Sum: 0.0]
      [Object Copy (ms): Min: 2.1, Avg: 3.5, Max: 4.5, Diff: 2.3, Sum: 14.2]
      [Termination (ms): Min: 0.0, Avg: 0.3, Max: 0.7, Diff: 0.7, Sum: 1.3]
         [Termination Attempts: Min: 1, Avg: 1.0, Max: 1, Diff: 0, Sum: 4]
      [GC Worker Other (ms): Min: 0.0, Avg: 0.0, Max: 0.1, Diff: 0.1, Sum: 0.1]
      [GC Worker Total (ms): Min: 8.1, Avg: 8.2, Max: 8.3, Diff: 0.1, Sum: 32.8]
      [GC Worker End (ms): Min: 769359.5, Avg: 769359.6, Max: 769359.6, Diff: 0.1]
   [Code Root Fixup: 0.0 ms]
   [Code Root Purge: 0.0 ms]
   [Clear CT: 0.1 ms]
   [Other: 1.7 ms]
      [Choose CSet: 0.0 ms]
      [Ref Proc: 1.5 ms]
      [Ref Enq: 0.0 ms]
      [Redirty Cards: 0.1 ms]
      [Humongous Register: 0.0 ms]
      [Humongous Reclaim: 0.0 ms]
      [Free CSet: 0.0 ms]
   [Eden: 77.0M(77.0M)->0.0B(77.0M) Survivors: 2048.0K->2048.0K Heap: 225.9M(256.0M)->149.2M(256.0M)]
 [Times: user=0.02 sys=0.00, real=0.01 secs] 
2020-04-13T15:56:30.718+0800: 773.677: [GC pause (G1 Evacuation Pause) (young), 0.0092151 secs]
   [Parallel Time: 8.6 ms, GC Workers: 4]
      [GC Worker Start (ms): Min: 773677.3, Avg: 773677.4, Max: 773677.8, Diff: 0.5]
      [Ext Root Scanning (ms): Min: 0.5, Avg: 0.7, Max: 0.9, Diff: 0.5, Sum: 2.9]
      [Update RS (ms): Min: 3.1, Avg: 4.0, Max: 5.7, Diff: 2.6, Sum: 15.9]
         [Processed Buffers: Min: 2, Avg: 8.2, Max: 17, Diff: 15, Sum: 33]
      [Scan RS (ms): Min: 0.0, Avg: 1.1, Max: 1.5, Diff: 1.5, Sum: 4.2]
      [Code Root Scanning (ms): Min: 0.0, Avg: 0.0, Max: 0.0, Diff: 0.0, Sum: 0.0]
      [Object Copy (ms): Min: 1.9, Avg: 2.6, Max: 3.0, Diff: 1.1, Sum: 10.4]
      [Termination (ms): Min: 0.0, Avg: 0.0, Max: 0.0, Diff: 0.0, Sum: 0.0]
         [Termination Attempts: Min: 1, Avg: 1.0, Max: 1, Diff: 0, Sum: 4]
      [GC Worker Other (ms): Min: 0.0, Avg: 0.0, Max: 0.1, Diff: 0.1, Sum: 0.1]
      [GC Worker Total (ms): Min: 8.0, Avg: 8.4, Max: 8.5, Diff: 0.5, Sum: 33.5]
      [GC Worker End (ms): Min: 773685.8, Avg: 773685.8, Max: 773685.8, Diff: 0.0]
   [Code Root Fixup: 0.0 ms]
   [Code Root Purge: 0.0 ms]
   [Clear CT: 0.1 ms]
   [Other: 0.5 ms]
      [Choose CSet: 0.0 ms]
      [Ref Proc: 0.2 ms]
      [Ref Enq: 0.0 ms]
      [Redirty Cards: 0.1 ms]
      [Humongous Register: 0.0 ms]
      [Humongous Reclaim: 0.0 ms]
      [Free CSet: 0.0 ms]
   [Eden: 77.0M(77.0M)->0.0B(77.0M) Survivors: 2048.0K->2048.0K Heap: 226.2M(256.0M)->149.0M(256.0M)]
 [Times: user=0.02 sys=0.00, real=0.01 secs] 
2020-04-13T15:56:36.188+0800: 779.147: [GC pause (G1 Evacuation Pause) (young) (initial-mark), 0.0058822 secs]
   [Parallel Time: 5.4 ms, GC Workers: 4]
      [GC Worker Start (ms): Min: 779147.1, Avg: 779147.2, Max: 779147.6, Diff: 0.5]
      [Ext Root Scanning (ms): Min: 0.4, Avg: 0.6, Max: 0.7, Diff: 0.3, Sum: 2.3]
      [Update RS (ms): Min: 1.3, Avg: 1.5, Max: 1.6, Diff: 0.3, Sum: 5.9]
         [Processed Buffers: Min: 3, Avg: 8.8, Max: 17, Diff: 14, Sum: 35]
      [Scan RS (ms): Min: 1.0, Avg: 1.4, Max: 2.1, Diff: 1.1, Sum: 5.7]
      [Code Root Scanning (ms): Min: 0.0, Avg: 0.0, Max: 0.0, Diff: 0.0, Sum: 0.0]
      [Object Copy (ms): Min: 1.0, Avg: 1.7, Max: 2.2, Diff: 1.1, Sum: 6.9]
      [Termination (ms): Min: 0.0, Avg: 0.0, Max: 0.0, Diff: 0.0, Sum: 0.0]
         [Termination Attempts: Min: 1, Avg: 1.5, Max: 2, Diff: 1, Sum: 6]
      [GC Worker Other (ms): Min: 0.0, Avg: 0.0, Max: 0.0, Diff: 0.0, Sum: 0.0]
      [GC Worker Total (ms): Min: 4.8, Avg: 5.2, Max: 5.3, Diff: 0.5, Sum: 20.8]
      [GC Worker End (ms): Min: 779152.4, Avg: 779152.4, Max: 779152.4, Diff: 0.0]
   [Code Root Fixup: 0.0 ms]
   [Code Root Purge: 0.0 ms]
   [Clear CT: 0.1 ms]
   [Other: 0.4 ms]
      [Choose CSet: 0.0 ms]
      [Ref Proc: 0.2 ms]
      [Ref Enq: 0.0 ms]
      [Redirty Cards: 0.0 ms]
      [Humongous Register: 0.0 ms]
      [Humongous Reclaim: 0.0 ms]
      [Free CSet: 0.0 ms]
   [Eden: 77.0M(77.0M)->0.0B(76.0M) Survivors: 2048.0K->2048.0K Heap: 226.0M(256.0M)->149.3M(256.0M)]
 [Times: user=0.02 sys=0.00, real=0.01 secs] 
2020-04-13T15:56:36.194+0800: 779.153: [GC concurrent-root-region-scan-start]
2020-04-13T15:56:36.197+0800: 779.157: [GC concurrent-root-region-scan-end, 0.0035783 secs]
2020-04-13T15:56:36.197+0800: 779.157: [GC concurrent-mark-start]
2020-04-13T15:56:36.236+0800: 779.195: [GC concurrent-mark-end, 0.0389233 secs]
2020-04-13T15:56:36.236+0800: 779.196: [GC remark 2020-04-13T15:56:36.237+0800: 779.196: [Finalize Marking, 0.0118786 secs] 2020-04-13T15:56:36.248+0800: 779.208: [GC ref-proc, 0.0000997 secs] 2020-04-13T15:56:36.249+0800: 779.208: [Unloading, 0.0074805 secs], 0.0212131 secs]
 [Times: user=0.02 sys=0.01, real=0.02 secs] 
2020-04-13T15:56:36.258+0800: 779.217: [GC cleanup 150M->150M(256M), 0.0006365 secs]
 [Times: user=0.00 sys=0.00, real=0.00 secs] 
2020-04-13T15:56:39.109+0800: 782.068: [GC pause (G1 Evacuation Pause) (young), 0.0069827 secs]
   [Parallel Time: 6.1 ms, GC Workers: 4]
      [GC Worker Start (ms): Min: 782068.2, Avg: 782068.2, Max: 782068.2, Diff: 0.0]
      [Ext Root Scanning (ms): Min: 0.3, Avg: 0.4, Max: 0.5, Diff: 0.2, Sum: 1.4]
      [Update RS (ms): Min: 1.5, Avg: 1.7, Max: 1.8, Diff: 0.3, Sum: 6.7]
         [Processed Buffers: Min: 1, Avg: 9.2, Max: 26, Diff: 25, Sum: 37]
      [Scan RS (ms): Min: 0.7, Avg: 0.9, Max: 1.1, Diff: 0.4, Sum: 3.6]
      [Code Root Scanning (ms): Min: 0.0, Avg: 0.0, Max: 0.0, Diff: 0.0, Sum: 0.0]
      [Object Copy (ms): Min: 1.6, Avg: 1.8, Max: 2.3, Diff: 0.7, Sum: 7.2]
      [Termination (ms): Min: 0.0, Avg: 1.1, Max: 1.4, Diff: 1.4, Sum: 4.2]
         [Termination Attempts: Min: 1, Avg: 1.0, Max: 1, Diff: 0, Sum: 4]
      [GC Worker Other (ms): Min: 0.0, Avg: 0.0, Max: 0.0, Diff: 0.0, Sum: 0.0]
      [GC Worker Total (ms): Min: 5.2, Avg: 5.8, Max: 6.0, Diff: 0.8, Sum: 23.2]
      [GC Worker End (ms): Min: 782073.4, Avg: 782074.0, Max: 782074.2, Diff: 0.8]
   [Code Root Fixup: 0.0 ms]
   [Code Root Purge: 0.0 ms]
   [Clear CT: 0.0 ms]
   [Other: 0.9 ms]
      [Choose CSet: 0.0 ms]
      [Ref Proc: 0.6 ms]
      [Ref Enq: 0.0 ms]
      [Redirty Cards: 0.1 ms]
      [Humongous Register: 0.0 ms]
      [Humongous Reclaim: 0.0 ms]
      [Free CSet: 0.0 ms]
   [Eden: 76.0M(76.0M)->0.0B(11.0M) Survivors: 2048.0K->1024.0K Heap: 225.3M(256.0M)->148.9M(256.0M)]
 [Times: user=0.02 sys=0.00, real=0.01 secs] 
2020-04-13T15:56:39.384+0800: 782.343: [GC pause (G1 Evacuation Pause) (mixed), 0.0042287 secs]
   [Parallel Time: 3.9 ms, GC Workers: 4]
      [GC Worker Start (ms): Min: 782343.5, Avg: 782343.5, Max: 782343.5, Diff: 0.0]
      [Ext Root Scanning (ms): Min: 0.3, Avg: 0.3, Max: 0.4, Diff: 0.2, Sum: 1.3]
      [Update RS (ms): Min: 1.1, Avg: 1.2, Max: 1.3, Diff: 0.2, Sum: 4.7]
         [Processed Buffers: Min: 4, Avg: 6.5, Max: 10, Diff: 6, Sum: 26]
      [Scan RS (ms): Min: 1.1, Avg: 1.1, Max: 1.2, Diff: 0.1, Sum: 4.5]
      [Code Root Scanning (ms): Min: 0.0, Avg: 0.0, Max: 0.0, Diff: 0.0, Sum: 0.0]
      [Object Copy (ms): Min: 1.2, Avg: 1.2, Max: 1.2, Diff: 0.0, Sum: 4.7]
      [Termination (ms): Min: 0.0, Avg: 0.0, Max: 0.0, Diff: 0.0, Sum: 0.0]
         [Termination Attempts: Min: 1, Avg: 1.0, Max: 1, Diff: 0, Sum: 4]
      [GC Worker Other (ms): Min: 0.0, Avg: 0.0, Max: 0.0, Diff: 0.0, Sum: 0.0]
      [GC Worker Total (ms): Min: 3.8, Avg: 3.8, Max: 3.8, Diff: 0.0, Sum: 15.3]
      [GC Worker End (ms): Min: 782347.3, Avg: 782347.3, Max: 782347.3, Diff: 0.0]
   [Code Root Fixup: 0.0 ms]
   [Code Root Purge: 0.0 ms]
   [Clear CT: 0.0 ms]
   [Other: 0.3 ms]
      [Choose CSet: 0.0 ms]
      [Ref Proc: 0.1 ms]
      [Ref Enq: 0.0 ms]
      [Redirty Cards: 0.0 ms]
      [Humongous Register: 0.0 ms]
      [Humongous Reclaim: 0.0 ms]
      [Free CSet: 0.0 ms]
   [Eden: 11.0M(11.0M)->0.0B(77.0M) Survivors: 1024.0K->2048.0K Heap: 159.9M(256.0M)->148.7M(256.0M)]
 [Times: user=0.02 sys=0.00, real=0.00 secs] 
2020-04-13T15:56:41.651+0800: 784.610: [GC pause (G1 Evacuation Pause) (young), 0.0047502 secs]
   [Parallel Time: 3.7 ms, GC Workers: 4]
      [GC Worker Start (ms): Min: 784610.4, Avg: 784610.4, Max: 784610.5, Diff: 0.0]
      [Ext Root Scanning (ms): Min: 0.3, Avg: 0.3, Max: 0.5, Diff: 0.2, Sum: 1.4]
      [Update RS (ms): Min: 1.2, Avg: 1.4, Max: 1.6, Diff: 0.3, Sum: 5.8]
         [Processed Buffers: Min: 5, Avg: 8.0, Max: 12, Diff: 7, Sum: 32]
      [Scan RS (ms): Min: 0.6, Avg: 0.7, Max: 0.8, Diff: 0.2, Sum: 2.7]
      [Code Root Scanning (ms): Min: 0.0, Avg: 0.0, Max: 0.0, Diff: 0.0, Sum: 0.0]
      [Object Copy (ms): Min: 1.1, Avg: 1.2, Max: 1.2, Diff: 0.1, Sum: 4.8]
      [Termination (ms): Min: 0.0, Avg: 0.0, Max: 0.0, Diff: 0.0, Sum: 0.0]
         [Termination Attempts: Min: 1, Avg: 1.0, Max: 1, Diff: 0, Sum: 4]
      [GC Worker Other (ms): Min: 0.0, Avg: 0.0, Max: 0.0, Diff: 0.0, Sum: 0.0]
      [GC Worker Total (ms): Min: 3.7, Avg: 3.7, Max: 3.7, Diff: 0.0, Sum: 14.7]
      [GC Worker End (ms): Min: 784614.1, Avg: 784614.1, Max: 784614.1, Diff: 0.0]
   [Code Root Fixup: 0.0 ms]
   [Code Root Purge: 0.0 ms]
   [Clear CT: 0.0 ms]
   [Other: 0.9 ms]
      [Choose CSet: 0.0 ms]
      [Ref Proc: 0.7 ms]
      [Ref Enq: 0.0 ms]
      [Redirty Cards: 0.1 ms]
      [Humongous Register: 0.0 ms]
      [Humongous Reclaim: 0.0 ms]
      [Free CSet: 0.0 ms]
   [Eden: 77.0M(77.0M)->0.0B(79.0M) Survivors: 2048.0K->1024.0K Heap: 225.7M(256.0M)->148.2M(256.0M)]
 [Times: user=0.02 sys=0.00, real=0.00 secs] 
2020-04-13T15:56:43.869+0800: 786.828: [GC pause (G1 Evacuation Pause) (young) (initial-mark), 0.0065863 secs]
   [Parallel Time: 5.9 ms, GC Workers: 4]
      [GC Worker Start (ms): Min: 786828.0, Avg: 786828.0, Max: 786828.0, Diff: 0.0]
      [Ext Root Scanning (ms): Min: 0.5, Avg: 0.5, Max: 0.6, Diff: 0.1, Sum: 2.1]
      [Update RS (ms): Min: 1.7, Avg: 1.9, Max: 2.0, Diff: 0.4, Sum: 7.5]
         [Processed Buffers: Min: 4, Avg: 8.2, Max: 17, Diff: 13, Sum: 33]
      [Scan RS (ms): Min: 0.5, Avg: 0.6, Max: 0.8, Diff: 0.3, Sum: 2.6]
      [Code Root Scanning (ms): Min: 0.0, Avg: 0.0, Max: 0.0, Diff: 0.0, Sum: 0.0]
      [Object Copy (ms): Min: 2.0, Avg: 2.2, Max: 2.6, Diff: 0.6, Sum: 8.8]
      [Termination (ms): Min: 0.0, Avg: 0.5, Max: 0.7, Diff: 0.7, Sum: 2.1]
         [Termination Attempts: Min: 1, Avg: 1.0, Max: 1, Diff: 0, Sum: 4]
      [GC Worker Other (ms): Min: 0.0, Avg: 0.0, Max: 0.0, Diff: 0.0, Sum: 0.0]
      [GC Worker Total (ms): Min: 5.7, Avg: 5.8, Max: 5.8, Diff: 0.1, Sum: 23.1]
      [GC Worker End (ms): Min: 786833.7, Avg: 786833.8, Max: 786833.9, Diff: 0.2]
   [Code Root Fixup: 0.0 ms]
   [Code Root Purge: 0.0 ms]
   [Clear CT: 0.1 ms]
   [Other: 0.6 ms]
      [Choose CSet: 0.0 ms]
      [Ref Proc: 0.4 ms]
      [Ref Enq: 0.0 ms]
      [Redirty Cards: 0.1 ms]
      [Humongous Register: 0.0 ms]
      [Humongous Reclaim: 0.0 ms]
      [Free CSet: 0.0 ms]
   [Eden: 79.0M(79.0M)->0.0B(77.0M) Survivors: 1024.0K->2048.0K Heap: 227.2M(256.0M)->148.5M(256.0M)]
 [Times: user=0.02 sys=0.00, real=0.01 secs] 
2020-04-13T15:56:43.876+0800: 786.835: [GC concurrent-root-region-scan-start]
2020-04-13T15:56:43.879+0800: 786.838: [GC concurrent-root-region-scan-end, 0.0033155 secs]
2020-04-13T15:56:43.879+0800: 786.838: [GC concurrent-mark-start]
2020-04-13T15:56:43.904+0800: 786.863: [GC concurrent-mark-end, 0.0248814 secs]
2020-04-13T15:56:43.904+0800: 786.863: [GC remark 2020-04-13T15:56:43.904+0800: 786.863: [Finalize Marking, 0.0003326 secs] 2020-04-13T15:56:43.904+0800: 786.863: [GC ref-proc, 0.0000664 secs] 2020-04-13T15:56:43.904+0800: 786.863: [Unloading, 0.0032847 secs], 0.0048819 secs]
 [Times: user=0.01 sys=0.00, real=0.00 secs] 
2020-04-13T15:56:43.909+0800: 786.868: [GC cleanup 149M->149M(256M), 0.0004489 secs]
 [Times: user=0.00 sys=0.00, real=0.01 secs] 
2020-04-13T15:56:45.813+0800: 788.772: [GC pause (G1 Evacuation Pause) (young), 0.0210878 secs]
   [Parallel Time: 19.9 ms, GC Workers: 4]
      [GC Worker Start (ms): Min: 788771.7, Avg: 788776.2, Max: 788789.5, Diff: 17.8]
      [Ext Root Scanning (ms): Min: 0.0, Avg: 0.3, Max: 0.5, Diff: 0.5, Sum: 1.3]
      [Update RS (ms): Min: 0.1, Avg: 5.4, Max: 10.5, Diff: 10.4, Sum: 21.4]
         [Processed Buffers: Min: 0, Avg: 8.2, Max: 20, Diff: 20, Sum: 33]
      [Scan RS (ms): Min: 0.0, Avg: 6.3, Max: 13.7, Diff: 13.7, Sum: 25.0]
      [Code Root Scanning (ms): Min: 0.0, Avg: 0.0, Max: 0.0, Diff: 0.0, Sum: 0.0]
      [Object Copy (ms): Min: 0.1, Avg: 2.9, Max: 7.7, Diff: 7.6, Sum: 11.4]
      [Termination (ms): Min: 0.0, Avg: 0.3, Max: 0.4, Diff: 0.4, Sum: 1.1]
         [Termination Attempts: Min: 1, Avg: 1.2, Max: 2, Diff: 1, Sum: 5]
      [GC Worker Other (ms): Min: 0.0, Avg: 0.0, Max: 0.1, Diff: 0.1, Sum: 0.1]
      [GC Worker Total (ms): Min: 1.7, Avg: 15.1, Max: 19.6, Diff: 17.8, Sum: 60.3]
      [GC Worker End (ms): Min: 788791.2, Avg: 788791.3, Max: 788791.3, Diff: 0.1]
   [Code Root Fixup: 0.0 ms]
   [Code Root Purge: 0.0 ms]
   [Clear CT: 0.1 ms]
   [Other: 1.0 ms]
      [Choose CSet: 0.0 ms]
      [Ref Proc: 0.8 ms]
      [Ref Enq: 0.0 ms]
      [Redirty Cards: 0.0 ms]
      [Humongous Register: 0.0 ms]
      [Humongous Reclaim: 0.0 ms]
      [Free CSet: 0.0 ms]
   [Eden: 77.0M(77.0M)->0.0B(77.0M) Survivors: 2048.0K->2048.0K Heap: 225.5M(256.0M)->148.9M(256.0M)]
 [Times: user=0.04 sys=0.01, real=0.02 secs] 
2020-04-13T15:56:47.679+0800: 790.638: [GC pause (G1 Evacuation Pause) (young), 0.0072046 secs]
   [Parallel Time: 6.5 ms, GC Workers: 4]
      [GC Worker Start (ms): Min: 790638.4, Avg: 790640.0, Max: 790644.7, Diff: 6.3]
      [Ext Root Scanning (ms): Min: 0.0, Avg: 0.4, Max: 0.6, Diff: 0.6, Sum: 1.7]
      [Update RS (ms): Min: 0.0, Avg: 2.2, Max: 2.9, Diff: 2.9, Sum: 8.6]
         [Processed Buffers: Min: 0, Avg: 7.8, Max: 18, Diff: 18, Sum: 31]
      [Scan RS (ms): Min: 0.0, Avg: 0.6, Max: 0.8, Diff: 0.8, Sum: 2.4]
      [Code Root Scanning (ms): Min: 0.0, Avg: 0.0, Max: 0.0, Diff: 0.0, Sum: 0.0]
      [Object Copy (ms): Min: 0.0, Avg: 1.1, Max: 1.5, Diff: 1.5, Sum: 4.5]
      [Termination (ms): Min: 0.0, Avg: 0.5, Max: 0.6, Diff: 0.6, Sum: 1.8]
         [Termination Attempts: Min: 1, Avg: 1.2, Max: 2, Diff: 1, Sum: 5]
      [GC Worker Other (ms): Min: 0.0, Avg: 0.0, Max: 0.0, Diff: 0.0, Sum: 0.0]
      [GC Worker Total (ms): Min: 0.0, Avg: 4.8, Max: 6.4, Diff: 6.4, Sum: 19.1]
      [GC Worker End (ms): Min: 790644.7, Avg: 790644.8, Max: 790644.8, Diff: 0.1]
   [Code Root Fixup: 0.0 ms]
   [Code Root Purge: 0.0 ms]
   [Clear CT: 0.1 ms]
   [Other: 0.6 ms]
      [Choose CSet: 0.0 ms]
      [Ref Proc: 0.5 ms]
      [Ref Enq: 0.0 ms]
      [Redirty Cards: 0.1 ms]
      [Humongous Register: 0.0 ms]
      [Humongous Reclaim: 0.0 ms]
      [Free CSet: 0.0 ms]
   [Eden: 77.0M(77.0M)->0.0B(79.0M) Survivors: 2048.0K->1024.0K Heap: 225.9M(256.0M)->148.2M(256.0M)]
 [Times: user=0.02 sys=0.00, real=0.01 secs] 
2020-04-13T15:56:50.335+0800: 793.294: [GC pause (G1 Evacuation Pause) (young) (initial-mark), 0.0086574 secs]
   [Parallel Time: 7.9 ms, GC Workers: 4]
      [GC Worker Start (ms): Min: 793293.9, Avg: 793293.9, Max: 793293.9, Diff: 0.0]
      [Ext Root Scanning (ms): Min: 0.5, Avg: 0.5, Max: 0.6, Diff: 0.0, Sum: 2.2]
      [Update RS (ms): Min: 1.6, Avg: 2.0, Max: 3.3, Diff: 1.7, Sum: 8.2]
         [Processed Buffers: Min: 2, Avg: 7.8, Max: 18, Diff: 16, Sum: 31]
      [Scan RS (ms): Min: 0.6, Avg: 2.2, Max: 3.8, Diff: 3.2, Sum: 8.8]
      [Code Root Scanning (ms): Min: 0.0, Avg: 0.0, Max: 0.0, Diff: 0.0, Sum: 0.0]
      [Object Copy (ms): Min: 1.4, Avg: 2.7, Max: 3.4, Diff: 2.0, Sum: 10.7]
      [Termination (ms): Min: 0.0, Avg: 0.4, Max: 0.5, Diff: 0.5, Sum: 1.6]
         [Termination Attempts: Min: 1, Avg: 1.0, Max: 1, Diff: 0, Sum: 4]
      [GC Worker Other (ms): Min: 0.0, Avg: 0.0, Max: 0.0, Diff: 0.0, Sum: 0.1]
      [GC Worker Total (ms): Min: 7.9, Avg: 7.9, Max: 7.9, Diff: 0.0, Sum: 31.5]
      [GC Worker End (ms): Min: 793301.7, Avg: 793301.8, Max: 793301.8, Diff: 0.0]
   [Code Root Fixup: 0.1 ms]
   [Code Root Purge: 0.0 ms]
   [Clear CT: 0.0 ms]
   [Other: 0.6 ms]
      [Choose CSet: 0.0 ms]
      [Ref Proc: 0.4 ms]
      [Ref Enq: 0.0 ms]
      [Redirty Cards: 0.1 ms]
      [Humongous Register: 0.0 ms]
      [Humongous Reclaim: 0.0 ms]
      [Free CSet: 0.0 ms]
   [Eden: 79.0M(79.0M)->0.0B(77.0M) Survivors: 1024.0K->2048.0K Heap: 227.2M(256.0M)->148.8M(256.0M)]
 [Times: user=0.02 sys=0.00, real=0.01 secs] 
2020-04-13T15:56:50.344+0800: 793.303: [GC concurrent-root-region-scan-start]
2020-04-13T15:56:50.347+0800: 793.306: [GC concurrent-root-region-scan-end, 0.0030194 secs]
2020-04-13T15:56:50.347+0800: 793.306: [GC concurrent-mark-start]
2020-04-13T15:56:50.365+0800: 793.324: [GC concurrent-mark-end, 0.0186451 secs]
2020-04-13T15:56:50.365+0800: 793.324: [GC remark 2020-04-13T15:56:50.366+0800: 793.324: [Finalize Marking, 0.0001328 secs] 2020-04-13T15:56:50.366+0800: 793.325: [GC ref-proc, 0.0000680 secs] 2020-04-13T15:56:50.366+0800: 793.325: [Unloading, 0.0066667 secs], 0.0104720 secs]
 [Times: user=0.01 sys=0.00, real=0.01 secs] 
2020-04-13T15:56:50.376+0800: 793.335: [GC cleanup 150M->150M(256M), 0.0006149 secs]
 [Times: user=0.00 sys=0.00, real=0.00 secs] 
2020-04-13T15:56:52.259+0800: 795.218: [GC pause (G1 Evacuation Pause) (young), 0.0051990 secs]
   [Parallel Time: 4.8 ms, GC Workers: 4]
      [GC Worker Start (ms): Min: 795218.0, Avg: 795218.0, Max: 795218.0, Diff: 0.0]
      [Ext Root Scanning (ms): Min: 0.3, Avg: 0.4, Max: 0.5, Diff: 0.2, Sum: 1.4]
      [Update RS (ms): Min: 1.0, Avg: 1.1, Max: 1.2, Diff: 0.3, Sum: 4.4]
         [Processed Buffers: Min: 3, Avg: 8.0, Max: 16, Diff: 13, Sum: 32]
      [Scan RS (ms): Min: 1.2, Avg: 1.4, Max: 1.6, Diff: 0.4, Sum: 5.5]
      [Code Root Scanning (ms): Min: 0.0, Avg: 0.0, Max: 0.0, Diff: 0.0, Sum: 0.0]
      [Object Copy (ms): Min: 1.3, Avg: 1.7, Max: 1.9, Diff: 0.6, Sum: 6.8]
      [Termination (ms): Min: 0.0, Avg: 0.1, Max: 0.2, Diff: 0.2, Sum: 0.5]
         [Termination Attempts: Min: 1, Avg: 1.8, Max: 3, Diff: 2, Sum: 7]
      [GC Worker Other (ms): Min: 0.0, Avg: 0.1, Max: 0.3, Diff: 0.3, Sum: 0.4]
      [GC Worker Total (ms): Min: 4.8, Avg: 4.8, Max: 4.8, Diff: 0.0, Sum: 19.1]
      [GC Worker End (ms): Min: 795222.8, Avg: 795222.8, Max: 795222.8, Diff: 0.0]
   [Code Root Fixup: 0.0 ms]
   [Code Root Purge: 0.0 ms]
   [Clear CT: 0.1 ms]
   [Other: 0.2 ms]
      [Choose CSet: 0.0 ms]
      [Ref Proc: 0.1 ms]
      [Ref Enq: 0.0 ms]
      [Redirty Cards: 0.0 ms]
      [Humongous Register: 0.0 ms]
      [Humongous Reclaim: 0.0 ms]
      [Free CSet: 0.0 ms]
   [Eden: 77.0M(77.0M)->0.0B(77.0M) Survivors: 2048.0K->2048.0K Heap: 225.8M(256.0M)->148.7M(256.0M)]
 [Times: user=0.02 sys=0.00, real=0.01 secs] 
2020-04-13T15:56:54.290+0800: 797.249: [GC pause (G1 Evacuation Pause) (young), 0.0119270 secs]
   [Parallel Time: 9.7 ms, GC Workers: 4]
      [GC Worker Start (ms): Min: 797249.2, Avg: 797249.3, Max: 797249.4, Diff: 0.2]
      [Ext Root Scanning (ms): Min: 0.2, Avg: 0.4, Max: 0.5, Diff: 0.3, Sum: 1.5]
      [Update RS (ms): Min: 0.9, Avg: 1.2, Max: 1.4, Diff: 0.5, Sum: 4.7]
         [Processed Buffers: Min: 4, Avg: 7.0, Max: 13, Diff: 9, Sum: 28]
      [Scan RS (ms): Min: 0.9, Avg: 1.0, Max: 1.1, Diff: 0.2, Sum: 3.9]
      [Code Root Scanning (ms): Min: 0.0, Avg: 0.0, Max: 0.0, Diff: 0.0, Sum: 0.0]
      [Object Copy (ms): Min: 2.9, Avg: 3.2, Max: 3.4, Diff: 0.5, Sum: 12.8]
      [Termination (ms): Min: 0.0, Avg: 1.4, Max: 2.8, Diff: 2.8, Sum: 5.6]
         [Termination Attempts: Min: 1, Avg: 1.0, Max: 1, Diff: 0, Sum: 4]
      [GC Worker Other (ms): Min: 0.0, Avg: 0.0, Max: 0.0, Diff: 0.0, Sum: 0.1]
      [GC Worker Total (ms): Min: 6.1, Avg: 7.1, Max: 8.2, Diff: 2.1, Sum: 28.5]
      [GC Worker End (ms): Min: 797255.3, Avg: 797256.4, Max: 797257.6, Diff: 2.2]
   [Code Root Fixup: 0.1 ms]
   [Code Root Purge: 0.0 ms]
   [Clear CT: 0.1 ms]
   [Other: 2.0 ms]
      [Choose CSet: 0.0 ms]
      [Ref Proc: 1.8 ms]
      [Ref Enq: 0.0 ms]
      [Redirty Cards: 0.1 ms]
      [Humongous Register: 0.0 ms]
      [Humongous Reclaim: 0.0 ms]
      [Free CSet: 0.0 ms]
   [Eden: 77.0M(77.0M)->0.0B(77.0M) Survivors: 2048.0K->2048.0K Heap: 225.7M(256.0M)->149.0M(256.0M)]
 [Times: user=0.02 sys=0.00, real=0.01 secs] 
2020-04-13T15:56:57.169+0800: 800.128: [GC pause (G1 Evacuation Pause) (young) (initial-mark), 0.0081322 secs]
   [Parallel Time: 7.1 ms, GC Workers: 4]
      [GC Worker Start (ms): Min: 800128.0, Avg: 800128.1, Max: 800128.6, Diff: 0.6]
      [Ext Root Scanning (ms): Min: 0.0, Avg: 0.5, Max: 0.9, Diff: 0.9, Sum: 2.1]
      [Update RS (ms): Min: 2.1, Avg: 3.3, Max: 6.2, Diff: 4.0, Sum: 13.4]
         [Processed Buffers: Min: 0, Avg: 7.2, Max: 14, Diff: 14, Sum: 29]
      [Scan RS (ms): Min: 0.0, Avg: 0.8, Max: 1.1, Diff: 1.1, Sum: 3.3]
      [Code Root Scanning (ms): Min: 0.0, Avg: 0.0, Max: 0.0, Diff: 0.0, Sum: 0.0]
      [Object Copy (ms): Min: 0.0, Avg: 1.5, Max: 2.1, Diff: 2.1, Sum: 6.2]
      [Termination (ms): Min: 0.0, Avg: 0.5, Max: 0.8, Diff: 0.8, Sum: 2.2]
         [Termination Attempts: Min: 1, Avg: 1.2, Max: 2, Diff: 1, Sum: 5]
      [GC Worker Other (ms): Min: 0.0, Avg: 0.0, Max: 0.0, Diff: 0.0, Sum: 0.0]
      [GC Worker Total (ms): Min: 6.5, Avg: 6.8, Max: 7.1, Diff: 0.6, Sum: 27.1]
      [GC Worker End (ms): Min: 800134.8, Avg: 800134.9, Max: 800135.1, Diff: 0.3]
   [Code Root Fixup: 0.0 ms]
   [Code Root Purge: 0.0 ms]
   [Clear CT: 0.1 ms]
   [Other: 0.9 ms]
      [Choose CSet: 0.0 ms]
      [Ref Proc: 0.6 ms]
      [Ref Enq: 0.0 ms]
      [Redirty Cards: 0.1 ms]
      [Humongous Register: 0.0 ms]
      [Humongous Reclaim: 0.0 ms]
      [Free CSet: 0.0 ms]
   [Eden: 77.0M(77.0M)->0.0B(77.0M) Survivors: 2048.0K->2048.0K Heap: 226.0M(256.0M)->148.9M(256.0M)]
 [Times: user=0.02 sys=0.01, real=0.01 secs] 
2020-04-13T15:56:57.177+0800: 800.136: [GC concurrent-root-region-scan-start]
2020-04-13T15:56:57.180+0800: 800.139: [GC concurrent-root-region-scan-end, 0.0028460 secs]
2020-04-13T15:56:57.180+0800: 800.139: [GC concurrent-mark-start]
2020-04-13T15:56:57.205+0800: 800.164: [GC concurrent-mark-end, 0.0252998 secs]
2020-04-13T15:56:57.206+0800: 800.165: [GC remark 2020-04-13T15:56:57.206+0800: 800.165: [Finalize Marking, 0.0036703 secs] 2020-04-13T15:56:57.209+0800: 800.168: [GC ref-proc, 0.0000757 secs] 2020-04-13T15:56:57.209+0800: 800.168: [Unloading, 0.0050654 secs], 0.0107954 secs]
 [Times: user=0.01 sys=0.00, real=0.01 secs] 
2020-04-13T15:56:57.217+0800: 800.176: [GC cleanup 150M->150M(256M), 0.0003496 secs]
 [Times: user=0.00 sys=0.00, real=0.00 secs] 
2020-04-13T15:56:59.476+0800: 802.435: [GC pause (G1 Evacuation Pause) (young), 0.0046369 secs]
   [Parallel Time: 3.9 ms, GC Workers: 4]
      [GC Worker Start (ms): Min: 802435.4, Avg: 802435.4, Max: 802435.4, Diff: 0.0]
      [Ext Root Scanning (ms): Min: 0.3, Avg: 0.4, Max: 0.5, Diff: 0.2, Sum: 1.4]
      [Update RS (ms): Min: 1.0, Avg: 1.1, Max: 1.3, Diff: 0.3, Sum: 4.5]
         [Processed Buffers: Min: 3, Avg: 7.5, Max: 13, Diff: 10, Sum: 30]
      [Scan RS (ms): Min: 0.8, Avg: 1.0, Max: 1.1, Diff: 0.3, Sum: 3.8]
      [Code Root Scanning (ms): Min: 0.0, Avg: 0.0, Max: 0.0, Diff: 0.0, Sum: 0.0]
      [Object Copy (ms): Min: 1.3, Avg: 1.3, Max: 1.4, Diff: 0.1, Sum: 5.3]
      [Termination (ms): Min: 0.0, Avg: 0.0, Max: 0.0, Diff: 0.0, Sum: 0.0]
         [Termination Attempts: Min: 1, Avg: 1.0, Max: 1, Diff: 0, Sum: 4]
      [GC Worker Other (ms): Min: 0.0, Avg: 0.0, Max: 0.0, Diff: 0.0, Sum: 0.0]
      [GC Worker Total (ms): Min: 3.8, Avg: 3.8, Max: 3.8, Diff: 0.0, Sum: 15.0]
      [GC Worker End (ms): Min: 802439.1, Avg: 802439.1, Max: 802439.1, Diff: 0.0]
   [Code Root Fixup: 0.0 ms]
   [Code Root Purge: 0.0 ms]
   [Clear CT: 0.1 ms]
   [Other: 0.7 ms]
      [Choose CSet: 0.0 ms]
      [Ref Proc: 0.5 ms]
      [Ref Enq: 0.0 ms]
      [Redirty Cards: 0.1 ms]
      [Humongous Register: 0.0 ms]
      [Humongous Reclaim: 0.0 ms]
      [Free CSet: 0.0 ms]
   [Eden: 77.0M(77.0M)->0.0B(77.0M) Survivors: 2048.0K->2048.0K Heap: 225.9M(256.0M)->149.1M(256.0M)]
 [Times: user=0.02 sys=0.00, real=0.01 secs] 
2020-04-13T15:57:01.963+0800: 804.922: [GC pause (G1 Evacuation Pause) (young), 0.0040834 secs]
   [Parallel Time: 3.7 ms, GC Workers: 4]
      [GC Worker Start (ms): Min: 804921.6, Avg: 804921.6, Max: 804921.6, Diff: 0.0]
      [Ext Root Scanning (ms): Min: 0.3, Avg: 0.3, Max: 0.5, Diff: 0.2, Sum: 1.4]
      [Update RS (ms): Min: 0.9, Avg: 1.1, Max: 1.2, Diff: 0.3, Sum: 4.5]
         [Processed Buffers: Min: 3, Avg: 7.2, Max: 19, Diff: 16, Sum: 29]
      [Scan RS (ms): Min: 0.8, Avg: 1.0, Max: 1.0, Diff: 0.2, Sum: 3.8]
      [Code Root Scanning (ms): Min: 0.0, Avg: 0.0, Max: 0.0, Diff: 0.0, Sum: 0.0]
      [Object Copy (ms): Min: 1.2, Avg: 1.2, Max: 1.3, Diff: 0.1, Sum: 4.9]
      [Termination (ms): Min: 0.0, Avg: 0.0, Max: 0.0, Diff: 0.0, Sum: 0.0]
         [Termination Attempts: Min: 1, Avg: 1.0, Max: 1, Diff: 0, Sum: 4]
      [GC Worker Other (ms): Min: 0.0, Avg: 0.0, Max: 0.0, Diff: 0.0, Sum: 0.0]
      [GC Worker Total (ms): Min: 3.6, Avg: 3.7, Max: 3.7, Diff: 0.0, Sum: 14.7]
      [GC Worker End (ms): Min: 804925.3, Avg: 804925.3, Max: 804925.3, Diff: 0.0]
   [Code Root Fixup: 0.0 ms]
   [Code Root Purge: 0.0 ms]
   [Clear CT: 0.0 ms]
   [Other: 0.3 ms]
      [Choose CSet: 0.0 ms]
      [Ref Proc: 0.1 ms]
      [Ref Enq: 0.0 ms]
      [Redirty Cards: 0.0 ms]
      [Humongous Register: 0.0 ms]
      [Humongous Reclaim: 0.0 ms]
      [Free CSet: 0.0 ms]
   [Eden: 77.0M(77.0M)->0.0B(79.0M) Survivors: 2048.0K->1024.0K Heap: 226.1M(256.0M)->148.9M(256.0M)]
 [Times: user=0.02 sys=0.01, real=0.00 secs] 
2020-04-13T15:57:04.174+0800: 807.133: [GC pause (G1 Evacuation Pause) (young) (initial-mark), 0.0063890 secs]
   [Parallel Time: 5.5 ms, GC Workers: 4]
      [GC Worker Start (ms): Min: 807133.1, Avg: 807133.4, Max: 807133.9, Diff: 0.8]
      [Ext Root Scanning (ms): Min: 0.0, Avg: 0.9, Max: 1.6, Diff: 1.5, Sum: 3.4]
      [Update RS (ms): Min: 0.8, Avg: 2.3, Max: 4.5, Diff: 3.7, Sum: 9.4]
         [Processed Buffers: Min: 1, Avg: 6.8, Max: 16, Diff: 15, Sum: 27]
      [Scan RS (ms): Min: 0.0, Avg: 0.7, Max: 1.1, Diff: 1.1, Sum: 2.9]
      [Code Root Scanning (ms): Min: 0.0, Avg: 0.0, Max: 0.0, Diff: 0.0, Sum: 0.0]
      [Object Copy (ms): Min: 0.0, Avg: 1.1, Max: 1.5, Diff: 1.5, Sum: 4.5]
      [Termination (ms): Min: 0.0, Avg: 0.0, Max: 0.0, Diff: 0.0, Sum: 0.1]
         [Termination Attempts: Min: 1, Avg: 6.0, Max: 9, Diff: 8, Sum: 24]
      [GC Worker Other (ms): Min: 0.0, Avg: 0.0, Max: 0.0, Diff: 0.0, Sum: 0.1]
      [GC Worker Total (ms): Min: 4.6, Avg: 5.1, Max: 5.4, Diff: 0.8, Sum: 20.3]
      [GC Worker End (ms): Min: 807138.4, Avg: 807138.4, Max: 807138.4, Diff: 0.0]
   [Code Root Fixup: 0.1 ms]
   [Code Root Purge: 0.0 ms]
   [Clear CT: 0.1 ms]
   [Other: 0.8 ms]
      [Choose CSet: 0.0 ms]
      [Ref Proc: 0.6 ms]
      [Ref Enq: 0.0 ms]
      [Redirty Cards: 0.1 ms]
      [Humongous Register: 0.0 ms]
      [Humongous Reclaim: 0.0 ms]
      [Free CSet: 0.0 ms]
   [Eden: 79.0M(79.0M)->0.0B(77.0M) Survivors: 1024.0K->2048.0K Heap: 227.9M(256.0M)->149.3M(256.0M)]
 [Times: user=0.02 sys=0.00, real=0.01 secs] 
2020-04-13T15:57:04.181+0800: 807.139: [GC concurrent-root-region-scan-start]
2020-04-13T15:57:04.184+0800: 807.143: [GC concurrent-root-region-scan-end, 0.0034146 secs]
2020-04-13T15:57:04.184+0800: 807.143: [GC concurrent-mark-start]
2020-04-13T15:57:04.235+0800: 807.194: [GC concurrent-mark-end, 0.0511579 secs]
2020-04-13T15:57:04.235+0800: 807.194: [GC remark 2020-04-13T15:57:04.235+0800: 807.194: [Finalize Marking, 0.0001090 secs] 2020-04-13T15:57:04.236+0800: 807.194: [GC ref-proc, 0.0000535 secs] 2020-04-13T15:57:04.236+0800: 807.194: [Unloading, 0.0046435 secs], 0.0066628 secs]
 [Times: user=0.01 sys=0.00, real=0.01 secs] 
2020-04-13T15:57:04.242+0800: 807.201: [GC cleanup 151M->151M(256M), 0.0002624 secs]
 [Times: user=0.00 sys=0.00, real=0.00 secs] 
2020-04-13T15:57:06.511+0800: 809.470: [GC pause (G1 Evacuation Pause) (young), 0.0053394 secs]
   [Parallel Time: 4.6 ms, GC Workers: 4]
      [GC Worker Start (ms): Min: 809470.2, Avg: 809470.2, Max: 809470.3, Diff: 0.2]
      [Ext Root Scanning (ms): Min: 0.4, Avg: 0.5, Max: 0.6, Diff: 0.2, Sum: 2.0]
      [Update RS (ms): Min: 0.8, Avg: 1.1, Max: 1.4, Diff: 0.6, Sum: 4.6]
         [Processed Buffers: Min: 3, Avg: 7.2, Max: 14, Diff: 11, Sum: 29]
      [Scan RS (ms): Min: 0.8, Avg: 1.0, Max: 1.1, Diff: 0.3, Sum: 3.9]
      [Code Root Scanning (ms): Min: 0.0, Avg: 0.0, Max: 0.0, Diff: 0.0, Sum: 0.0]
      [Object Copy (ms): Min: 1.5, Avg: 1.8, Max: 2.3, Diff: 0.8, Sum: 7.1]
      [Termination (ms): Min: 0.0, Avg: 0.1, Max: 0.2, Diff: 0.2, Sum: 0.5]
         [Termination Attempts: Min: 1, Avg: 1.0, Max: 1, Diff: 0, Sum: 4]
      [GC Worker Other (ms): Min: 0.0, Avg: 0.0, Max: 0.0, Diff: 0.0, Sum: 0.0]
      [GC Worker Total (ms): Min: 4.4, Avg: 4.5, Max: 4.6, Diff: 0.2, Sum: 18.2]
      [GC Worker End (ms): Min: 809474.7, Avg: 809474.7, Max: 809474.8, Diff: 0.0]
   [Code Root Fixup: 0.0 ms]
   [Code Root Purge: 0.0 ms]
   [Clear CT: 0.1 ms]
   [Other: 0.6 ms]
      [Choose CSet: 0.0 ms]
      [Ref Proc: 0.2 ms]
      [Ref Enq: 0.0 ms]
      [Redirty Cards: 0.2 ms]
      [Humongous Register: 0.0 ms]
      [Humongous Reclaim: 0.0 ms]
      [Free CSet: 0.0 ms]
   [Eden: 77.0M(77.0M)->0.0B(76.0M) Survivors: 2048.0K->2048.0K Heap: 226.3M(256.0M)->149.4M(256.0M)]
 [Times: user=0.01 sys=0.00, real=0.00 secs] 
2020-04-13T15:57:08.377+0800: 811.335: [GC pause (G1 Evacuation Pause) (young), 0.0055784 secs]
   [Parallel Time: 5.2 ms, GC Workers: 4]
      [GC Worker Start (ms): Min: 811335.3, Avg: 811335.3, Max: 811335.3, Diff: 0.0]
      [Ext Root Scanning (ms): Min: 0.3, Avg: 0.4, Max: 0.5, Diff: 0.2, Sum: 1.4]
      [Update RS (ms): Min: 1.2, Avg: 1.2, Max: 1.4, Diff: 0.2, Sum: 4.9]
         [Processed Buffers: Min: 4, Avg: 6.5, Max: 12, Diff: 8, Sum: 26]
      [Scan RS (ms): Min: 1.0, Avg: 1.7, Max: 3.5, Diff: 2.5, Sum: 6.6]
      [Code Root Scanning (ms): Min: 0.0, Avg: 0.0, Max: 0.0, Diff: 0.0, Sum: 0.0]
      [Object Copy (ms): Min: 0.0, Avg: 1.3, Max: 1.7, Diff: 1.7, Sum: 5.1]
      [Termination (ms): Min: 0.0, Avg: 0.5, Max: 0.8, Diff: 0.8, Sum: 2.2]
         [Termination Attempts: Min: 1, Avg: 1.2, Max: 2, Diff: 1, Sum: 5]
      [GC Worker Other (ms): Min: 0.0, Avg: 0.0, Max: 0.0, Diff: 0.0, Sum: 0.0]
      [GC Worker Total (ms): Min: 5.0, Avg: 5.1, Max: 5.1, Diff: 0.1, Sum: 20.3]
      [GC Worker End (ms): Min: 811340.3, Avg: 811340.4, Max: 811340.5, Diff: 0.1]
   [Code Root Fixup: 0.0 ms]
   [Code Root Purge: 0.0 ms]
   [Clear CT: 0.1 ms]
   [Other: 0.3 ms]
      [Choose CSet: 0.0 ms]
      [Ref Proc: 0.1 ms]
      [Ref Enq: 0.0 ms]
      [Redirty Cards: 0.1 ms]
      [Humongous Register: 0.0 ms]
      [Humongous Reclaim: 0.0 ms]
      [Free CSet: 0.0 ms]
   [Eden: 76.0M(76.0M)->0.0B(78.0M) Survivors: 2048.0K->1024.0K Heap: 225.4M(256.0M)->149.0M(256.0M)]
 [Times: user=0.02 sys=0.00, real=0.01 secs] 
2020-04-13T15:57:10.207+0800: 813.165: [GC pause (G1 Evacuation Pause) (young) (initial-mark), 0.0053561 secs]
   [Parallel Time: 4.8 ms, GC Workers: 4]
      [GC Worker Start (ms): Min: 813165.5, Avg: 813165.5, Max: 813165.5, Diff: 0.0]
      [Ext Root Scanning (ms): Min: 0.5, Avg: 0.5, Max: 0.5, Diff: 0.0, Sum: 2.1]
      [Update RS (ms): Min: 1.1, Avg: 1.3, Max: 1.4, Diff: 0.3, Sum: 5.1]
         [Processed Buffers: Min: 4, Avg: 8.5, Max: 14, Diff: 10, Sum: 34]
      [Scan RS (ms): Min: 0.8, Avg: 1.0, Max: 1.2, Diff: 0.3, Sum: 4.1]
      [Code Root Scanning (ms): Min: 0.0, Avg: 0.0, Max: 0.0, Diff: 0.0, Sum: 0.0]
      [Object Copy (ms): Min: 1.9, Avg: 1.9, Max: 2.0, Diff: 0.1, Sum: 7.8]
      [Termination (ms): Min: 0.0, Avg: 0.0, Max: 0.0, Diff: 0.0, Sum: 0.0]
         [Termination Attempts: Min: 1, Avg: 1.5, Max: 2, Diff: 1, Sum: 6]
      [GC Worker Other (ms): Min: 0.0, Avg: 0.0, Max: 0.0, Diff: 0.0, Sum: 0.1]
      [GC Worker Total (ms): Min: 4.8, Avg: 4.8, Max: 4.8, Diff: 0.0, Sum: 19.1]
      [GC Worker End (ms): Min: 813170.3, Avg: 813170.3, Max: 813170.3, Diff: 0.0]
   [Code Root Fixup: 0.0 ms]
   [Code Root Purge: 0.0 ms]
   [Clear CT: 0.1 ms]
   [Other: 0.4 ms]
      [Choose CSet: 0.0 ms]
      [Ref Proc: 0.2 ms]
      [Ref Enq: 0.0 ms]
      [Redirty Cards: 0.0 ms]
      [Humongous Register: 0.0 ms]
      [Humongous Reclaim: 0.0 ms]
      [Free CSet: 0.0 ms]
   [Eden: 78.0M(78.0M)->0.0B(76.0M) Survivors: 1024.0K->2048.0K Heap: 227.0M(256.0M)->149.7M(256.0M)]
 [Times: user=0.01 sys=0.00, real=0.01 secs] 
2020-04-13T15:57:10.212+0800: 813.171: [GC concurrent-root-region-scan-start]
2020-04-13T15:57:10.215+0800: 813.174: [GC concurrent-root-region-scan-end, 0.0031182 secs]
2020-04-13T15:57:10.215+0800: 813.174: [GC concurrent-mark-start]
2020-04-13T15:57:10.234+0800: 813.193: [GC concurrent-mark-end, 0.0189203 secs]
2020-04-13T15:57:10.234+0800: 813.193: [GC remark 2020-04-13T15:57:10.234+0800: 813.193: [Finalize Marking, 0.0006336 secs] 2020-04-13T15:57:10.235+0800: 813.194: [GC ref-proc, 0.0000535 secs] 2020-04-13T15:57:10.235+0800: 813.194: [Unloading, 0.0035129 secs], 0.0053451 secs]
 [Times: user=0.02 sys=0.00, real=0.01 secs] 
2020-04-13T15:57:10.240+0800: 813.199: [GC cleanup 151M->151M(256M), 0.0002839 secs]
 [Times: user=0.00 sys=0.00, real=0.00 secs] 
2020-04-13T15:57:12.111+0800: 815.069: [GC pause (G1 Evacuation Pause) (young), 0.0045119 secs]
   [Parallel Time: 4.0 ms, GC Workers: 4]
      [GC Worker Start (ms): Min: 815069.3, Avg: 815069.5, Max: 815069.9, Diff: 0.5]
      [Ext Root Scanning (ms): Min: 0.0, Avg: 0.4, Max: 0.6, Diff: 0.6, Sum: 1.7]
      [Update RS (ms): Min: 1.1, Avg: 1.2, Max: 1.4, Diff: 0.3, Sum: 4.9]
         [Processed Buffers: Min: 4, Avg: 8.2, Max: 10, Diff: 6, Sum: 33]
      [Scan RS (ms): Min: 0.7, Avg: 0.9, Max: 1.1, Diff: 0.4, Sum: 3.5]
      [Code Root Scanning (ms): Min: 0.0, Avg: 0.0, Max: 0.0, Diff: 0.0, Sum: 0.0]
      [Object Copy (ms): Min: 1.2, Avg: 1.2, Max: 1.3, Diff: 0.1, Sum: 4.9]
      [Termination (ms): Min: 0.0, Avg: 0.0, Max: 0.0, Diff: 0.0, Sum: 0.0]
         [Termination Attempts: Min: 1, Avg: 1.0, Max: 1, Diff: 0, Sum: 4]
      [GC Worker Other (ms): Min: 0.0, Avg: 0.0, Max: 0.0, Diff: 0.0, Sum: 0.0]
      [GC Worker Total (ms): Min: 3.4, Avg: 3.8, Max: 3.9, Diff: 0.5, Sum: 15.1]
      [GC Worker End (ms): Min: 815073.2, Avg: 815073.2, Max: 815073.2, Diff: 0.0]
   [Code Root Fixup: 0.0 ms]
   [Code Root Purge: 0.0 ms]
   [Clear CT: 0.0 ms]
   [Other: 0.5 ms]
      [Choose CSet: 0.0 ms]
      [Ref Proc: 0.2 ms]
      [Ref Enq: 0.0 ms]
      [Redirty Cards: 0.1 ms]
      [Humongous Register: 0.1 ms]
      [Humongous Reclaim: 0.0 ms]
      [Free CSet: 0.0 ms]
   [Eden: 76.0M(76.0M)->0.0B(11.0M) Survivors: 2048.0K->1024.0K Heap: 225.7M(256.0M)->149.2M(256.0M)]
 [Times: user=0.02 sys=0.00, real=0.00 secs] 
2020-04-13T15:57:12.391+0800: 815.350: [GC pause (G1 Evacuation Pause) (mixed), 0.0045073 secs]
   [Parallel Time: 4.0 ms, GC Workers: 4]
      [GC Worker Start (ms): Min: 815350.0, Avg: 815350.0, Max: 815350.0, Diff: 0.0]
      [Ext Root Scanning (ms): Min: 0.4, Avg: 0.5, Max: 0.5, Diff: 0.1, Sum: 1.9]
      [Update RS (ms): Min: 1.1, Avg: 1.1, Max: 1.2, Diff: 0.1, Sum: 4.4]
         [Processed Buffers: Min: 4, Avg: 6.2, Max: 12, Diff: 8, Sum: 25]
      [Scan RS (ms): Min: 1.0, Avg: 1.1, Max: 1.2, Diff: 0.1, Sum: 4.5]
      [Code Root Scanning (ms): Min: 0.0, Avg: 0.0, Max: 0.0, Diff: 0.0, Sum: 0.0]
      [Object Copy (ms): Min: 1.2, Avg: 1.2, Max: 1.3, Diff: 0.1, Sum: 5.0]
      [Termination (ms): Min: 0.0, Avg: 0.0, Max: 0.0, Diff: 0.0, Sum: 0.0]
         [Termination Attempts: Min: 1, Avg: 1.0, Max: 1, Diff: 0, Sum: 4]
      [GC Worker Other (ms): Min: 0.0, Avg: 0.0, Max: 0.0, Diff: 0.0, Sum: 0.0]
      [GC Worker Total (ms): Min: 3.9, Avg: 3.9, Max: 3.9, Diff: 0.0, Sum: 15.7]
      [GC Worker End (ms): Min: 815353.9, Avg: 815353.9, Max: 815353.9, Diff: 0.0]
   [Code Root Fixup: 0.0 ms]
   [Code Root Purge: 0.0 ms]
   [Clear CT: 0.0 ms]
   [Other: 0.5 ms]
      [Choose CSet: 0.0 ms]
      [Ref Proc: 0.3 ms]
      [Ref Enq: 0.0 ms]
      [Redirty Cards: 0.0 ms]
      [Humongous Register: 0.0 ms]
      [Humongous Reclaim: 0.0 ms]
      [Free CSet: 0.0 ms]
   [Eden: 11.0M(11.0M)->0.0B(77.0M) Survivors: 1024.0K->2048.0K Heap: 160.2M(256.0M)->148.7M(256.0M)]
 [Times: user=0.02 sys=0.00, real=0.00 secs] 
2020-04-13T15:57:14.488+0800: 817.447: [GC pause (G1 Evacuation Pause) (young), 0.0044796 secs]
   [Parallel Time: 4.1 ms, GC Workers: 4]
      [GC Worker Start (ms): Min: 817446.6, Avg: 817446.6, Max: 817446.7, Diff: 0.0]
      [Ext Root Scanning (ms): Min: 0.3, Avg: 0.3, Max: 0.5, Diff: 0.2, Sum: 1.4]
      [Update RS (ms): Min: 1.3, Avg: 1.5, Max: 1.6, Diff: 0.3, Sum: 5.8]
         [Processed Buffers: Min: 5, Avg: 7.8, Max: 11, Diff: 6, Sum: 31]
      [Scan RS (ms): Min: 0.6, Avg: 0.9, Max: 1.5, Diff: 0.8, Sum: 3.7]
      [Code Root Scanning (ms): Min: 0.0, Avg: 0.0, Max: 0.0, Diff: 0.0, Sum: 0.0]
      [Object Copy (ms): Min: 0.8, Avg: 1.3, Max: 1.5, Diff: 0.7, Sum: 5.3]
      [Termination (ms): Min: 0.0, Avg: 0.0, Max: 0.0, Diff: 0.0, Sum: 0.0]
         [Termination Attempts: Min: 1, Avg: 1.0, Max: 1, Diff: 0, Sum: 4]
      [GC Worker Other (ms): Min: 0.0, Avg: 0.0, Max: 0.0, Diff: 0.0, Sum: 0.1]
      [GC Worker Total (ms): Min: 4.1, Avg: 4.1, Max: 4.1, Diff: 0.0, Sum: 16.2]
      [GC Worker End (ms): Min: 817450.7, Avg: 817450.7, Max: 817450.7, Diff: 0.0]
   [Code Root Fixup: 0.0 ms]
   [Code Root Purge: 0.0 ms]
   [Clear CT: 0.0 ms]
   [Other: 0.3 ms]
      [Choose CSet: 0.0 ms]
      [Ref Proc: 0.1 ms]
      [Ref Enq: 0.0 ms]
      [Redirty Cards: 0.1 ms]
      [Humongous Register: 0.0 ms]
      [Humongous Reclaim: 0.0 ms]
      [Free CSet: 0.0 ms]
   [Eden: 77.0M(77.0M)->0.0B(77.0M) Survivors: 2048.0K->2048.0K Heap: 225.7M(256.0M)->148.8M(256.0M)]
 [Times: user=0.02 sys=0.00, real=0.01 secs] 
2020-04-13T15:57:16.358+0800: 819.317: [GC pause (G1 Evacuation Pause) (young) (initial-mark), 0.0048333 secs]
   [Parallel Time: 4.5 ms, GC Workers: 4]
      [GC Worker Start (ms): Min: 819316.7, Avg: 819316.7, Max: 819316.8, Diff: 0.0]
      [Ext Root Scanning (ms): Min: 0.5, Avg: 0.5, Max: 0.5, Diff: 0.0, Sum: 2.1]
      [Update RS (ms): Min: 1.4, Avg: 1.6, Max: 1.7, Diff: 0.3, Sum: 6.2]
         [Processed Buffers: Min: 6, Avg: 8.5, Max: 13, Diff: 7, Sum: 34]
      [Scan RS (ms): Min: 0.3, Avg: 0.6, Max: 0.7, Diff: 0.3, Sum: 2.3]
      [Code Root Scanning (ms): Min: 0.0, Avg: 0.0, Max: 0.0, Diff: 0.0, Sum: 0.0]
      [Object Copy (ms): Min: 1.7, Avg: 1.7, Max: 1.8, Diff: 0.1, Sum: 6.8]
      [Termination (ms): Min: 0.0, Avg: 0.1, Max: 0.1, Diff: 0.1, Sum: 0.2]
         [Termination Attempts: Min: 1, Avg: 1.0, Max: 1, Diff: 0, Sum: 4]
      [GC Worker Other (ms): Min: 0.0, Avg: 0.0, Max: 0.0, Diff: 0.0, Sum: 0.0]
      [GC Worker Total (ms): Min: 4.4, Avg: 4.4, Max: 4.4, Diff: 0.0, Sum: 17.7]
      [GC Worker End (ms): Min: 819321.1, Avg: 819321.2, Max: 819321.2, Diff: 0.0]
   [Code Root Fixup: 0.0 ms]
   [Code Root Purge: 0.0 ms]
   [Clear CT: 0.0 ms]
   [Other: 0.3 ms]
      [Choose CSet: 0.0 ms]
      [Ref Proc: 0.1 ms]
      [Ref Enq: 0.0 ms]
      [Redirty Cards: 0.1 ms]
      [Humongous Register: 0.0 ms]
      [Humongous Reclaim: 0.0 ms]
      [Free CSet: 0.0 ms]
   [Eden: 77.0M(77.0M)->0.0B(77.0M) Survivors: 2048.0K->2048.0K Heap: 225.8M(256.0M)->148.6M(256.0M)]
 [Times: user=0.02 sys=0.00, real=0.01 secs] 
2020-04-13T15:57:16.363+0800: 819.322: [GC concurrent-root-region-scan-start]
2020-04-13T15:57:16.366+0800: 819.325: [GC concurrent-root-region-scan-end, 0.0029786 secs]
2020-04-13T15:57:16.366+0800: 819.325: [GC concurrent-mark-start]
2020-04-13T15:57:16.385+0800: 819.344: [GC concurrent-mark-end, 0.0191414 secs]
2020-04-13T15:57:16.385+0800: 819.344: [GC remark 2020-04-13T15:57:16.386+0800: 819.344: [Finalize Marking, 0.0001716 secs] 2020-04-13T15:57:16.386+0800: 819.344: [GC ref-proc, 0.0000574 secs] 2020-04-13T15:57:16.386+0800: 819.344: [Unloading, 0.0033324 secs], 0.0049702 secs]
 [Times: user=0.01 sys=0.00, real=0.01 secs] 
2020-04-13T15:57:16.391+0800: 819.349: [GC cleanup 150M->150M(256M), 0.0004822 secs]
 [Times: user=0.00 sys=0.00, real=0.00 secs] 
2020-04-13T15:57:19.428+0800: 822.387: [GC pause (G1 Evacuation Pause) (young), 0.0115223 secs]
   [Parallel Time: 4.9 ms, GC Workers: 4]
      [GC Worker Start (ms): Min: 822386.8, Avg: 822386.8, Max: 822386.8, Diff: 0.0]
      [Ext Root Scanning (ms): Min: 0.3, Avg: 0.4, Max: 0.8, Diff: 0.5, Sum: 1.6]
      [Update RS (ms): Min: 1.1, Avg: 1.5, Max: 2.1, Diff: 1.0, Sum: 6.2]
         [Processed Buffers: Min: 5, Avg: 9.5, Max: 16, Diff: 11, Sum: 38]
      [Scan RS (ms): Min: 0.3, Avg: 1.2, Max: 2.9, Diff: 2.6, Sum: 4.9]
      [Code Root Scanning (ms): Min: 0.0, Avg: 0.0, Max: 0.0, Diff: 0.0, Sum: 0.0]
      [Object Copy (ms): Min: 0.0, Avg: 1.4, Max: 2.0, Diff: 1.9, Sum: 5.8]
      [Termination (ms): Min: 0.0, Avg: 0.1, Max: 0.2, Diff: 0.2, Sum: 0.6]
         [Termination Attempts: Min: 1, Avg: 1.5, Max: 2, Diff: 1, Sum: 6]
      [GC Worker Other (ms): Min: 0.0, Avg: 0.0, Max: 0.0, Diff: 0.0, Sum: 0.0]
      [GC Worker Total (ms): Min: 4.7, Avg: 4.8, Max: 4.8, Diff: 0.1, Sum: 19.1]
      [GC Worker End (ms): Min: 822391.6, Avg: 822391.6, Max: 822391.6, Diff: 0.0]
   [Code Root Fixup: 0.1 ms]
   [Code Root Purge: 0.0 ms]
   [Clear CT: 0.1 ms]
   [Other: 6.4 ms]
      [Choose CSet: 0.0 ms]
      [Ref Proc: 6.0 ms]
      [Ref Enq: 0.0 ms]
      [Redirty Cards: 0.2 ms]
      [Humongous Register: 0.0 ms]
      [Humongous Reclaim: 0.0 ms]
      [Free CSet: 0.0 ms]
   [Eden: 77.0M(77.0M)->0.0B(77.0M) Survivors: 2048.0K->2048.0K Heap: 225.6M(256.0M)->148.9M(256.0M)]
 [Times: user=0.01 sys=0.00, real=0.02 secs] 
2020-04-13T15:57:21.539+0800: 824.497: [GC pause (G1 Evacuation Pause) (young), 0.0050671 secs]
   [Parallel Time: 4.7 ms, GC Workers: 4]
      [GC Worker Start (ms): Min: 824497.3, Avg: 824497.3, Max: 824497.3, Diff: 0.0]
      [Ext Root Scanning (ms): Min: 0.3, Avg: 0.4, Max: 0.5, Diff: 0.2, Sum: 1.4]
      [Update RS (ms): Min: 1.4, Avg: 1.6, Max: 1.8, Diff: 0.3, Sum: 6.3]
         [Processed Buffers: Min: 5, Avg: 9.8, Max: 20, Diff: 15, Sum: 39]
      [Scan RS (ms): Min: 0.4, Avg: 0.5, Max: 0.6, Diff: 0.2, Sum: 1.9]
      [Code Root Scanning (ms): Min: 0.0, Avg: 0.0, Max: 0.0, Diff: 0.0, Sum: 0.0]
      [Object Copy (ms): Min: 2.2, Avg: 2.2, Max: 2.2, Diff: 0.0, Sum: 8.8]
      [Termination (ms): Min: 0.0, Avg: 0.0, Max: 0.0, Diff: 0.0, Sum: 0.0]
         [Termination Attempts: Min: 1, Avg: 1.0, Max: 1, Diff: 0, Sum: 4]
      [GC Worker Other (ms): Min: 0.0, Avg: 0.0, Max: 0.0, Diff: 0.0, Sum: 0.1]
      [GC Worker Total (ms): Min: 4.6, Avg: 4.6, Max: 4.6, Diff: 0.0, Sum: 18.5]
      [GC Worker End (ms): Min: 824502.0, Avg: 824502.0, Max: 824502.0, Diff: 0.0]
   [Code Root Fixup: 0.0 ms]
   [Code Root Purge: 0.0 ms]
   [Clear CT: 0.0 ms]
   [Other: 0.3 ms]
      [Choose CSet: 0.0 ms]
      [Ref Proc: 0.1 ms]
      [Ref Enq: 0.0 ms]
      [Redirty Cards: 0.1 ms]
      [Humongous Register: 0.0 ms]
      [Humongous Reclaim: 0.0 ms]
      [Free CSet: 0.0 ms]
   [Eden: 77.0M(77.0M)->0.0B(77.0M) Survivors: 2048.0K->2048.0K Heap: 225.9M(256.0M)->149.2M(256.0M)]
 [Times: user=0.01 sys=0.00, real=0.01 secs] 
2020-04-13T15:57:24.138+0800: 827.096: [GC pause (G1 Evacuation Pause) (young) (initial-mark), 0.0051751 secs]
   [Parallel Time: 4.8 ms, GC Workers: 4]
      [GC Worker Start (ms): Min: 827096.5, Avg: 827096.5, Max: 827096.6, Diff: 0.0]
      [Ext Root Scanning (ms): Min: 0.5, Avg: 0.5, Max: 0.5, Diff: 0.0, Sum: 2.0]
      [Update RS (ms): Min: 1.6, Avg: 1.7, Max: 1.9, Diff: 0.3, Sum: 6.9]
         [Processed Buffers: Min: 6, Avg: 8.5, Max: 15, Diff: 9, Sum: 34]
      [Scan RS (ms): Min: 0.2, Avg: 0.3, Max: 0.4, Diff: 0.2, Sum: 1.2]
      [Code Root Scanning (ms): Min: 0.0, Avg: 0.0, Max: 0.0, Diff: 0.0, Sum: 0.0]
      [Object Copy (ms): Min: 1.6, Avg: 1.7, Max: 2.0, Diff: 0.4, Sum: 7.0]
      [Termination (ms): Min: 0.0, Avg: 0.4, Max: 0.6, Diff: 0.6, Sum: 1.5]
         [Termination Attempts: Min: 1, Avg: 1.0, Max: 1, Diff: 0, Sum: 4]
      [GC Worker Other (ms): Min: 0.0, Avg: 0.0, Max: 0.0, Diff: 0.0, Sum: 0.1]
      [GC Worker Total (ms): Min: 4.6, Avg: 4.7, Max: 4.8, Diff: 0.2, Sum: 18.7]
      [GC Worker End (ms): Min: 827101.1, Avg: 827101.2, Max: 827101.3, Diff: 0.2]
   [Code Root Fixup: 0.0 ms]
   [Code Root Purge: 0.0 ms]
   [Clear CT: 0.1 ms]
   [Other: 0.3 ms]
      [Choose CSet: 0.0 ms]
      [Ref Proc: 0.1 ms]
      [Ref Enq: 0.0 ms]
      [Redirty Cards: 0.0 ms]
      [Humongous Register: 0.0 ms]
      [Humongous Reclaim: 0.0 ms]
      [Free CSet: 0.0 ms]
   [Eden: 77.0M(77.0M)->0.0B(79.0M) Survivors: 2048.0K->1024.0K Heap: 226.2M(256.0M)->148.6M(256.0M)]
 [Times: user=0.02 sys=0.00, real=0.01 secs] 
2020-04-13T15:57:24.143+0800: 827.102: [GC concurrent-root-region-scan-start]
2020-04-13T15:57:24.147+0800: 827.105: [GC concurrent-root-region-scan-end, 0.0035425 secs]
2020-04-13T15:57:24.147+0800: 827.105: [GC concurrent-mark-start]
2020-04-13T15:57:24.167+0800: 827.125: [GC concurrent-mark-end, 0.0198915 secs]
2020-04-13T15:57:24.167+0800: 827.125: [GC remark 2020-04-13T15:57:24.167+0800: 827.125: [Finalize Marking, 0.0001192 secs] 2020-04-13T15:57:24.167+0800: 827.126: [GC ref-proc, 0.0000536 secs] 2020-04-13T15:57:24.167+0800: 827.126: [Unloading, 0.0051300 secs], 0.0065724 secs]
 [Times: user=0.01 sys=0.00, real=0.01 secs] 
2020-04-13T15:57:24.174+0800: 827.132: [GC cleanup 150M->150M(256M), 0.0004049 secs]
 [Times: user=0.00 sys=0.00, real=0.00 secs] 
2020-04-13T15:57:26.990+0800: 829.948: [GC pause (G1 Evacuation Pause) (young), 0.0047577 secs]
   [Parallel Time: 4.4 ms, GC Workers: 4]
      [GC Worker Start (ms): Min: 829948.4, Avg: 829948.4, Max: 829948.5, Diff: 0.0]
      [Ext Root Scanning (ms): Min: 0.3, Avg: 0.4, Max: 0.5, Diff: 0.2, Sum: 1.7]
      [Update RS (ms): Min: 1.9, Avg: 2.0, Max: 2.1, Diff: 0.2, Sum: 8.0]
         [Processed Buffers: Min: 5, Avg: 9.5, Max: 13, Diff: 8, Sum: 38]
      [Scan RS (ms): Min: 0.0, Avg: 0.1, Max: 0.2, Diff: 0.2, Sum: 0.5]
      [Code Root Scanning (ms): Min: 0.0, Avg: 0.0, Max: 0.0, Diff: 0.0, Sum: 0.0]
      [Object Copy (ms): Min: 1.4, Avg: 1.4, Max: 1.6, Diff: 0.2, Sum: 5.8]
      [Termination (ms): Min: 0.0, Avg: 0.3, Max: 0.4, Diff: 0.4, Sum: 1.1]
         [Termination Attempts: Min: 1, Avg: 1.0, Max: 1, Diff: 0, Sum: 4]
      [GC Worker Other (ms): Min: 0.0, Avg: 0.0, Max: 0.0, Diff: 0.0, Sum: 0.0]
      [GC Worker Total (ms): Min: 4.1, Avg: 4.3, Max: 4.3, Diff: 0.2, Sum: 17.1]
      [GC Worker End (ms): Min: 829952.6, Avg: 829952.7, Max: 829952.8, Diff: 0.1]
   [Code Root Fixup: 0.0 ms]
   [Code Root Purge: 0.0 ms]
   [Clear CT: 0.1 ms]
   [Other: 0.3 ms]
      [Choose CSet: 0.0 ms]
      [Ref Proc: 0.1 ms]
      [Ref Enq: 0.0 ms]
      [Redirty Cards: 0.1 ms]
      [Humongous Register: 0.0 ms]
      [Humongous Reclaim: 0.0 ms]
      [Free CSet: 0.0 ms]
   [Eden: 79.0M(79.0M)->0.0B(77.0M) Survivors: 1024.0K->2048.0K Heap: 227.6M(256.0M)->149.3M(256.0M)]
 [Times: user=0.02 sys=0.00, real=0.00 secs] 
2020-04-13T15:57:28.964+0800: 831.923: [GC pause (G1 Evacuation Pause) (young), 0.0041193 secs]
   [Parallel Time: 3.8 ms, GC Workers: 4]
      [GC Worker Start (ms): Min: 831922.9, Avg: 831922.9, Max: 831923.0, Diff: 0.0]
      [Ext Root Scanning (ms): Min: 0.3, Avg: 0.4, Max: 0.5, Diff: 0.2, Sum: 1.4]
      [Update RS (ms): Min: 1.7, Avg: 1.8, Max: 2.0, Diff: 0.3, Sum: 7.3]
         [Processed Buffers: Min: 6, Avg: 9.2, Max: 13, Diff: 7, Sum: 37]
      [Scan RS (ms): Min: 0.0, Avg: 0.2, Max: 0.2, Diff: 0.2, Sum: 0.6]
      [Code Root Scanning (ms): Min: 0.0, Avg: 0.0, Max: 0.0, Diff: 0.0, Sum: 0.0]
      [Object Copy (ms): Min: 1.3, Avg: 1.4, Max: 1.4, Diff: 0.1, Sum: 5.5]
      [Termination (ms): Min: 0.0, Avg: 0.0, Max: 0.0, Diff: 0.0, Sum: 0.0]
         [Termination Attempts: Min: 1, Avg: 1.0, Max: 1, Diff: 0, Sum: 4]
      [GC Worker Other (ms): Min: 0.0, Avg: 0.0, Max: 0.0, Diff: 0.0, Sum: 0.1]
      [GC Worker Total (ms): Min: 3.7, Avg: 3.7, Max: 3.7, Diff: 0.0, Sum: 14.9]
      [GC Worker End (ms): Min: 831926.6, Avg: 831926.7, Max: 831926.7, Diff: 0.0]
   [Code Root Fixup: 0.0 ms]
   [Code Root Purge: 0.0 ms]
   [Clear CT: 0.0 ms]
   [Other: 0.3 ms]
      [Choose CSet: 0.0 ms]
      [Ref Proc: 0.1 ms]
      [Ref Enq: 0.0 ms]
      [Redirty Cards: 0.1 ms]
      [Humongous Register: 0.0 ms]
      [Humongous Reclaim: 0.0 ms]
      [Free CSet: 0.0 ms]
   [Eden: 77.0M(77.0M)->0.0B(79.0M) Survivors: 2048.0K->1024.0K Heap: 226.3M(256.0M)->148.7M(256.0M)]
 [Times: user=0.01 sys=0.00, real=0.00 secs] 
2020-04-13T15:57:30.866+0800: 833.824: [GC pause (G1 Evacuation Pause) (young) (initial-mark), 0.0055512 secs]
   [Parallel Time: 4.6 ms, GC Workers: 4]
      [GC Worker Start (ms): Min: 833824.5, Avg: 833824.5, Max: 833824.6, Diff: 0.0]
      [Ext Root Scanning (ms): Min: 0.5, Avg: 0.5, Max: 0.5, Diff: 0.0, Sum: 2.1]
      [Update RS (ms): Min: 2.2, Avg: 2.4, Max: 2.9, Diff: 0.6, Sum: 9.7]
         [Processed Buffers: Min: 1, Avg: 10.0, Max: 18, Diff: 17, Sum: 40]
      [Scan RS (ms): Min: 0.0, Avg: 0.0, Max: 0.1, Diff: 0.1, Sum: 0.1]
      [Code Root Scanning (ms): Min: 0.0, Avg: 0.0, Max: 0.0, Diff: 0.0, Sum: 0.0]
      [Object Copy (ms): Min: 0.9, Avg: 1.3, Max: 1.5, Diff: 0.6, Sum: 5.2]
      [Termination (ms): Min: 0.0, Avg: 0.1, Max: 0.3, Diff: 0.3, Sum: 0.5]
         [Termination Attempts: Min: 1, Avg: 1.0, Max: 1, Diff: 0, Sum: 4]
      [GC Worker Other (ms): Min: 0.0, Avg: 0.0, Max: 0.0, Diff: 0.0, Sum: 0.0]
      [GC Worker Total (ms): Min: 4.3, Avg: 4.4, Max: 4.5, Diff: 0.2, Sum: 17.6]
      [GC Worker End (ms): Min: 833828.9, Avg: 833828.9, Max: 833829.1, Diff: 0.2]
   [Code Root Fixup: 0.0 ms]
   [Code Root Purge: 0.0 ms]
   [Clear CT: 0.1 ms]
   [Other: 0.8 ms]
      [Choose CSet: 0.0 ms]
      [Ref Proc: 0.7 ms]
      [Ref Enq: 0.0 ms]
      [Redirty Cards: 0.1 ms]
      [Humongous Register: 0.0 ms]
      [Humongous Reclaim: 0.0 ms]
      [Free CSet: 0.0 ms]
   [Eden: 79.0M(79.0M)->0.0B(77.0M) Survivors: 1024.0K->2048.0K Heap: 227.7M(256.0M)->149.3M(256.0M)]
 [Times: user=0.02 sys=0.00, real=0.01 secs] 
2020-04-13T15:57:30.872+0800: 833.830: [GC concurrent-root-region-scan-start]
2020-04-13T15:57:30.875+0800: 833.834: [GC concurrent-root-region-scan-end, 0.0035648 secs]
2020-04-13T15:57:30.875+0800: 833.834: [GC concurrent-mark-start]
2020-04-13T15:57:30.895+0800: 833.854: [GC concurrent-mark-end, 0.0198117 secs]
2020-04-13T15:57:30.895+0800: 833.854: [GC remark 2020-04-13T15:57:30.895+0800: 833.854: [Finalize Marking, 0.0000985 secs] 2020-04-13T15:57:30.895+0800: 833.854: [GC ref-proc, 0.0000535 secs] 2020-04-13T15:57:30.895+0800: 833.854: [Unloading, 0.0032759 secs], 0.0045669 secs]
 [Times: user=0.02 sys=0.00, real=0.01 secs] 
2020-04-13T15:57:30.900+0800: 833.858: [GC cleanup 150M->150M(256M), 0.0002622 secs]
 [Times: user=0.00 sys=0.00, real=0.00 secs] 
2020-04-13T15:57:32.791+0800: 835.750: [GC pause (G1 Evacuation Pause) (young), 0.0048616 secs]
   [Parallel Time: 3.9 ms, GC Workers: 4]
      [GC Worker Start (ms): Min: 835749.6, Avg: 835749.7, Max: 835750.0, Diff: 0.4]
      [Ext Root Scanning (ms): Min: 0.0, Avg: 0.3, Max: 0.5, Diff: 0.5, Sum: 1.3]
      [Update RS (ms): Min: 1.7, Avg: 1.8, Max: 1.9, Diff: 0.2, Sum: 7.1]
         [Processed Buffers: Min: 6, Avg: 9.0, Max: 11, Diff: 5, Sum: 36]
      [Scan RS (ms): Min: 0.0, Avg: 0.1, Max: 0.2, Diff: 0.2, Sum: 0.4]
      [Code Root Scanning (ms): Min: 0.0, Avg: 0.0, Max: 0.0, Diff: 0.0, Sum: 0.0]
      [Object Copy (ms): Min: 1.4, Avg: 1.5, Max: 1.6, Diff: 0.2, Sum: 6.0]
      [Termination (ms): Min: 0.0, Avg: 0.0, Max: 0.0, Diff: 0.0, Sum: 0.0]
         [Termination Attempts: Min: 1, Avg: 1.0, Max: 1, Diff: 0, Sum: 4]
      [GC Worker Other (ms): Min: 0.0, Avg: 0.0, Max: 0.0, Diff: 0.0, Sum: 0.0]
      [GC Worker Total (ms): Min: 3.4, Avg: 3.7, Max: 3.8, Diff: 0.4, Sum: 14.8]
      [GC Worker End (ms): Min: 835753.4, Avg: 835753.4, Max: 835753.4, Diff: 0.0]
   [Code Root Fixup: 0.0 ms]
   [Code Root Purge: 0.0 ms]
   [Clear CT: 0.0 ms]
   [Other: 0.9 ms]
      [Choose CSet: 0.0 ms]
      [Ref Proc: 0.7 ms]
      [Ref Enq: 0.0 ms]
      [Redirty Cards: 0.1 ms]
      [Humongous Register: 0.0 ms]
      [Humongous Reclaim: 0.0 ms]
      [Free CSet: 0.0 ms]
   [Eden: 77.0M(77.0M)->0.0B(78.0M) Survivors: 2048.0K->1024.0K Heap: 226.3M(256.0M)->148.9M(256.0M)]
 [Times: user=0.01 sys=0.00, real=0.00 secs] 
2020-04-13T15:57:34.697+0800: 837.655: [GC pause (G1 Evacuation Pause) (young), 0.0083381 secs]
   [Parallel Time: 7.3 ms, GC Workers: 4]
      [GC Worker Start (ms): Min: 837655.1, Avg: 837655.1, Max: 837655.2, Diff: 0.1]
      [Ext Root Scanning (ms): Min: 0.5, Avg: 0.9, Max: 1.6, Diff: 1.1, Sum: 3.4]
      [Update RS (ms): Min: 3.1, Avg: 3.2, Max: 3.3, Diff: 0.2, Sum: 12.6]
         [Processed Buffers: Min: 5, Avg: 9.5, Max: 17, Diff: 12, Sum: 38]
      [Scan RS (ms): Min: 0.0, Avg: 0.1, Max: 0.1, Diff: 0.1, Sum: 0.3]
      [Code Root Scanning (ms): Min: 0.0, Avg: 0.0, Max: 0.0, Diff: 0.0, Sum: 0.0]
      [Object Copy (ms): Min: 2.4, Avg: 2.5, Max: 2.7, Diff: 0.3, Sum: 10.1]
      [Termination (ms): Min: 0.0, Avg: 0.4, Max: 0.7, Diff: 0.7, Sum: 1.7]
         [Termination Attempts: Min: 1, Avg: 1.0, Max: 1, Diff: 0, Sum: 4]
      [GC Worker Other (ms): Min: 0.0, Avg: 0.0, Max: 0.0, Diff: 0.0, Sum: 0.1]
      [GC Worker Total (ms): Min: 7.0, Avg: 7.1, Max: 7.2, Diff: 0.3, Sum: 28.3]
      [GC Worker End (ms): Min: 837662.1, Avg: 837662.2, Max: 837662.3, Diff: 0.2]
   [Code Root Fixup: 0.0 ms]
   [Code Root Purge: 0.0 ms]
   [Clear CT: 0.1 ms]
   [Other: 1.0 ms]
      [Choose CSet: 0.0 ms]
      [Ref Proc: 0.7 ms]
      [Ref Enq: 0.0 ms]
      [Redirty Cards: 0.1 ms]
      [Humongous Register: 0.0 ms]
      [Humongous Reclaim: 0.0 ms]
      [Free CSet: 0.0 ms]
   [Eden: 78.0M(78.0M)->0.0B(78.0M) Survivors: 1024.0K->1024.0K Heap: 226.9M(256.0M)->149.1M(256.0M)]
 [Times: user=0.02 sys=0.00, real=0.01 secs] 
2020-04-13T15:57:36.530+0800: 839.488: [GC pause (G1 Evacuation Pause) (young) (initial-mark), 0.0068982 secs]
   [Parallel Time: 6.2 ms, GC Workers: 4]
      [GC Worker Start (ms): Min: 839488.0, Avg: 839488.1, Max: 839488.4, Diff: 0.4]
      [Ext Root Scanning (ms): Min: 1.5, Avg: 2.0, Max: 3.0, Diff: 1.5, Sum: 8.1]
      [Update RS (ms): Min: 0.6, Avg: 2.3, Max: 3.1, Diff: 2.5, Sum: 9.1]
         [Processed Buffers: Min: 7, Avg: 8.8, Max: 11, Diff: 4, Sum: 35]
      [Scan RS (ms): Min: 0.0, Avg: 0.1, Max: 0.2, Diff: 0.2, Sum: 0.5]
      [Code Root Scanning (ms): Min: 0.0, Avg: 0.0, Max: 0.0, Diff: 0.0, Sum: 0.0]
      [Object Copy (ms): Min: 1.3, Avg: 1.6, Max: 2.2, Diff: 0.8, Sum: 6.3]
      [Termination (ms): Min: 0.0, Avg: 0.0, Max: 0.0, Diff: 0.0, Sum: 0.0]
         [Termination Attempts: Min: 1, Avg: 1.0, Max: 1, Diff: 0, Sum: 4]
      [GC Worker Other (ms): Min: 0.0, Avg: 0.0, Max: 0.0, Diff: 0.0, Sum: 0.0]
      [GC Worker Total (ms): Min: 5.7, Avg: 6.0, Max: 6.1, Diff: 0.4, Sum: 24.0]
      [GC Worker End (ms): Min: 839494.1, Avg: 839494.1, Max: 839494.1, Diff: 0.0]
   [Code Root Fixup: 0.0 ms]
   [Code Root Purge: 0.0 ms]
   [Clear CT: 0.1 ms]
   [Other: 0.6 ms]
      [Choose CSet: 0.0 ms]
      [Ref Proc: 0.4 ms]
      [Ref Enq: 0.0 ms]
      [Redirty Cards: 0.1 ms]
      [Humongous Register: 0.0 ms]
      [Humongous Reclaim: 0.0 ms]
      [Free CSet: 0.0 ms]
   [Eden: 78.0M(78.0M)->0.0B(76.0M) Survivors: 1024.0K->2048.0K Heap: 227.1M(256.0M)->149.7M(256.0M)]
 [Times: user=0.02 sys=0.00, real=0.00 secs] 
2020-04-13T15:57:36.537+0800: 839.495: [GC concurrent-root-region-scan-start]
2020-04-13T15:57:36.540+0800: 839.498: [GC concurrent-root-region-scan-end, 0.0033062 secs]
2020-04-13T15:57:36.540+0800: 839.498: [GC concurrent-mark-start]
2020-04-13T15:57:36.559+0800: 839.517: [GC concurrent-mark-end, 0.0188600 secs]
2020-04-13T15:57:36.559+0800: 839.517: [GC remark 2020-04-13T15:57:36.559+0800: 839.517: [Finalize Marking, 0.0001195 secs] 2020-04-13T15:57:36.559+0800: 839.517: [GC ref-proc, 0.0000547 secs] 2020-04-13T15:57:36.559+0800: 839.517: [Unloading, 0.0057138 secs], 0.0072944 secs]
 [Times: user=0.01 sys=0.00, real=0.01 secs] 
2020-04-13T15:57:36.566+0800: 839.525: [GC cleanup 151M->151M(256M), 0.0005599 secs]
 [Times: user=0.00 sys=0.00, real=0.00 secs] 
2020-04-13T15:57:38.416+0800: 841.374: [GC pause (G1 Evacuation Pause) (young), 0.0040527 secs]
   [Parallel Time: 3.6 ms, GC Workers: 4]
      [GC Worker Start (ms): Min: 841374.1, Avg: 841374.1, Max: 841374.2, Diff: 0.0]
      [Ext Root Scanning (ms): Min: 0.3, Avg: 0.4, Max: 0.5, Diff: 0.2, Sum: 1.4]
      [Update RS (ms): Min: 1.4, Avg: 1.5, Max: 1.8, Diff: 0.4, Sum: 6.2]
         [Processed Buffers: Min: 5, Avg: 8.2, Max: 16, Diff: 11, Sum: 33]
      [Scan RS (ms): Min: 0.2, Avg: 0.5, Max: 0.6, Diff: 0.3, Sum: 1.8]
      [Code Root Scanning (ms): Min: 0.0, Avg: 0.0, Max: 0.0, Diff: 0.0, Sum: 0.0]
      [Object Copy (ms): Min: 1.2, Avg: 1.2, Max: 1.3, Diff: 0.1, Sum: 4.9]
      [Termination (ms): Min: 0.0, Avg: 0.0, Max: 0.0, Diff: 0.0, Sum: 0.0]
         [Termination Attempts: Min: 1, Avg: 1.0, Max: 1, Diff: 0, Sum: 4]
      [GC Worker Other (ms): Min: 0.0, Avg: 0.0, Max: 0.0, Diff: 0.0, Sum: 0.0]
      [GC Worker Total (ms): Min: 3.6, Avg: 3.6, Max: 3.6, Diff: 0.0, Sum: 14.4]
      [GC Worker End (ms): Min: 841377.7, Avg: 841377.7, Max: 841377.7, Diff: 0.0]
   [Code Root Fixup: 0.0 ms]
   [Code Root Purge: 0.0 ms]
   [Clear CT: 0.0 ms]
   [Other: 0.3 ms]
      [Choose CSet: 0.0 ms]
      [Ref Proc: 0.2 ms]
      [Ref Enq: 0.0 ms]
      [Redirty Cards: 0.1 ms]
      [Humongous Register: 0.0 ms]
      [Humongous Reclaim: 0.0 ms]
      [Free CSet: 0.0 ms]
   [Eden: 76.0M(76.0M)->0.0B(11.0M) Survivors: 2048.0K->1024.0K Heap: 225.7M(256.0M)->149.1M(256.0M)]
 [Times: user=0.02 sys=0.00, real=0.01 secs] 
2020-04-13T15:57:38.679+0800: 841.637: [GC pause (G1 Evacuation Pause) (mixed), 0.0051970 secs]
   [Parallel Time: 4.8 ms, GC Workers: 4]
      [GC Worker Start (ms): Min: 841637.4, Avg: 841637.4, Max: 841637.4, Diff: 0.0]
      [Ext Root Scanning (ms): Min: 0.3, Avg: 0.3, Max: 0.4, Diff: 0.1, Sum: 1.4]
      [Update RS (ms): Min: 1.5, Avg: 2.2, Max: 4.0, Diff: 2.4, Sum: 8.8]
         [Processed Buffers: Min: 4, Avg: 7.0, Max: 11, Diff: 7, Sum: 28]
      [Scan RS (ms): Min: 0.0, Avg: 0.8, Max: 1.2, Diff: 1.2, Sum: 3.4]
      [Code Root Scanning (ms): Min: 0.0, Avg: 0.0, Max: 0.0, Diff: 0.0, Sum: 0.0]
      [Object Copy (ms): Min: 0.4, Avg: 1.3, Max: 1.6, Diff: 1.2, Sum: 5.1]
      [Termination (ms): Min: 0.0, Avg: 0.0, Max: 0.0, Diff: 0.0, Sum: 0.0]
         [Termination Attempts: Min: 1, Avg: 1.0, Max: 1, Diff: 0, Sum: 4]
      [GC Worker Other (ms): Min: 0.0, Avg: 0.0, Max: 0.1, Diff: 0.1, Sum: 0.1]
      [GC Worker Total (ms): Min: 4.7, Avg: 4.7, Max: 4.7, Diff: 0.1, Sum: 18.8]
      [GC Worker End (ms): Min: 841642.1, Avg: 841642.1, Max: 841642.1, Diff: 0.1]
   [Code Root Fixup: 0.0 ms]
   [Code Root Purge: 0.0 ms]
   [Clear CT: 0.0 ms]
   [Other: 0.3 ms]
      [Choose CSet: 0.0 ms]
      [Ref Proc: 0.1 ms]
      [Ref Enq: 0.0 ms]
      [Redirty Cards: 0.1 ms]
      [Humongous Register: 0.0 ms]
      [Humongous Reclaim: 0.0 ms]
      [Free CSet: 0.0 ms]
   [Eden: 11.0M(11.0M)->0.0B(77.0M) Survivors: 1024.0K->2048.0K Heap: 160.1M(256.0M)->148.5M(256.0M)]
 [Times: user=0.01 sys=0.00, real=0.01 secs] 
2020-04-13T15:57:40.561+0800: 843.520: [GC pause (G1 Evacuation Pause) (young), 0.0065136 secs]
   [Parallel Time: 4.8 ms, GC Workers: 4]
      [GC Worker Start (ms): Min: 843519.7, Avg: 843519.7, Max: 843519.7, Diff: 0.0]
      [Ext Root Scanning (ms): Min: 0.6, Avg: 0.7, Max: 1.0, Diff: 0.4, Sum: 2.8]
      [Update RS (ms): Min: 0.4, Avg: 1.5, Max: 2.0, Diff: 1.6, Sum: 6.0]
         [Processed Buffers: Min: 2, Avg: 8.8, Max: 16, Diff: 14, Sum: 35]
      [Scan RS (ms): Min: 0.3, Avg: 0.4, Max: 0.5, Diff: 0.2, Sum: 1.7]
      [Code Root Scanning (ms): Min: 0.0, Avg: 0.0, Max: 0.0, Diff: 0.0, Sum: 0.0]
      [Object Copy (ms): Min: 1.4, Avg: 1.9, Max: 3.3, Diff: 1.9, Sum: 7.7]
      [Termination (ms): Min: 0.0, Avg: 0.1, Max: 0.2, Diff: 0.2, Sum: 0.5]
         [Termination Attempts: Min: 1, Avg: 1.0, Max: 1, Diff: 0, Sum: 4]
      [GC Worker Other (ms): Min: 0.0, Avg: 0.0, Max: 0.0, Diff: 0.0, Sum: 0.0]
      [GC Worker Total (ms): Min: 4.7, Avg: 4.7, Max: 4.7, Diff: 0.0, Sum: 18.8]
      [GC Worker End (ms): Min: 843524.4, Avg: 843524.4, Max: 843524.4, Diff: 0.1]
   [Code Root Fixup: 0.0 ms]
   [Code Root Purge: 0.0 ms]
   [Clear CT: 0.1 ms]
   [Other: 1.5 ms]
      [Choose CSet: 0.0 ms]
      [Ref Proc: 1.3 ms]
      [Ref Enq: 0.0 ms]
      [Redirty Cards: 0.1 ms]
      [Humongous Register: 0.0 ms]
      [Humongous Reclaim: 0.0 ms]
      [Free CSet: 0.0 ms]
   [Eden: 77.0M(77.0M)->0.0B(79.0M) Survivors: 2048.0K->1024.0K Heap: 225.5M(256.0M)->148.3M(256.0M)]
 [Times: user=0.02 sys=0.00, real=0.00 secs] 
2020-04-13T15:57:42.492+0800: 845.450: [GC pause (G1 Evacuation Pause) (young) (initial-mark), 0.0046432 secs]
   [Parallel Time: 4.2 ms, GC Workers: 4]
      [GC Worker Start (ms): Min: 845450.4, Avg: 845450.5, Max: 845450.6, Diff: 0.2]
      [Ext Root Scanning (ms): Min: 0.6, Avg: 0.8, Max: 0.9, Diff: 0.2, Sum: 3.1]
      [Update RS (ms): Min: 1.8, Avg: 1.9, Max: 2.0, Diff: 0.2, Sum: 7.4]
         [Processed Buffers: Min: 5, Avg: 8.5, Max: 15, Diff: 10, Sum: 34]
      [Scan RS (ms): Min: 0.1, Avg: 0.3, Max: 0.4, Diff: 0.3, Sum: 1.2]
      [Code Root Scanning (ms): Min: 0.0, Avg: 0.0, Max: 0.0, Diff: 0.0, Sum: 0.0]
      [Object Copy (ms): Min: 1.1, Avg: 1.2, Max: 1.2, Diff: 0.1, Sum: 4.7]
      [Termination (ms): Min: 0.0, Avg: 0.0, Max: 0.0, Diff: 0.0, Sum: 0.0]
         [Termination Attempts: Min: 1, Avg: 1.0, Max: 1, Diff: 0, Sum: 4]
      [GC Worker Other (ms): Min: 0.0, Avg: 0.0, Max: 0.0, Diff: 0.0, Sum: 0.0]
      [GC Worker Total (ms): Min: 4.0, Avg: 4.1, Max: 4.2, Diff: 0.2, Sum: 16.4]
      [GC Worker End (ms): Min: 845454.6, Avg: 845454.6, Max: 845454.6, Diff: 0.0]
   [Code Root Fixup: 0.0 ms]
   [Code Root Purge: 0.0 ms]
   [Clear CT: 0.1 ms]
   [Other: 0.3 ms]
      [Choose CSet: 0.0 ms]
      [Ref Proc: 0.1 ms]
      [Ref Enq: 0.0 ms]
      [Redirty Cards: 0.0 ms]
      [Humongous Register: 0.0 ms]
      [Humongous Reclaim: 0.0 ms]
      [Free CSet: 0.0 ms]
   [Eden: 79.0M(79.0M)->0.0B(77.0M) Survivors: 1024.0K->2048.0K Heap: 227.3M(256.0M)->148.8M(256.0M)]
 [Times: user=0.02 sys=0.00, real=0.00 secs] 
2020-04-13T15:57:42.497+0800: 845.455: [GC concurrent-root-region-scan-start]
2020-04-13T15:57:42.500+0800: 845.458: [GC concurrent-root-region-scan-end, 0.0027730 secs]
2020-04-13T15:57:42.500+0800: 845.458: [GC concurrent-mark-start]
2020-04-13T15:57:42.521+0800: 845.479: [GC concurrent-mark-end, 0.0215617 secs]
2020-04-13T15:57:42.521+0800: 845.480: [GC remark 2020-04-13T15:57:42.521+0800: 845.480: [Finalize Marking, 0.0001285 secs] 2020-04-13T15:57:42.521+0800: 845.480: [GC ref-proc, 0.0000534 secs] 2020-04-13T15:57:42.522+0800: 845.480: [Unloading, 0.0039206 secs], 0.0052367 secs]
 [Times: user=0.01 sys=0.01, real=0.00 secs] 
2020-04-13T15:57:42.527+0800: 845.485: [GC cleanup 150M->150M(256M), 0.0002920 secs]
 [Times: user=0.00 sys=0.00, real=0.00 secs] 
2020-04-13T15:57:44.201+0800: 847.159: [GC pause (G1 Evacuation Pause) (young), 0.0041178 secs]
   [Parallel Time: 3.8 ms, GC Workers: 4]
      [GC Worker Start (ms): Min: 847159.4, Avg: 847159.4, Max: 847159.4, Diff: 0.0]
      [Ext Root Scanning (ms): Min: 0.3, Avg: 0.4, Max: 0.5, Diff: 0.2, Sum: 1.4]
      [Update RS (ms): Min: 1.8, Avg: 1.9, Max: 1.9, Diff: 0.1, Sum: 7.4]
         [Processed Buffers: Min: 5, Avg: 7.8, Max: 11, Diff: 6, Sum: 31]
      [Scan RS (ms): Min: 0.1, Avg: 0.2, Max: 0.3, Diff: 0.2, Sum: 0.8]
      [Code Root Scanning (ms): Min: 0.0, Avg: 0.0, Max: 0.0, Diff: 0.0, Sum: 0.0]
      [Object Copy (ms): Min: 1.2, Avg: 1.3, Max: 1.3, Diff: 0.1, Sum: 5.1]
      [Termination (ms): Min: 0.0, Avg: 0.0, Max: 0.0, Diff: 0.0, Sum: 0.0]
         [Termination Attempts: Min: 1, Avg: 1.0, Max: 1, Diff: 0, Sum: 4]
      [GC Worker Other (ms): Min: 0.0, Avg: 0.0, Max: 0.0, Diff: 0.0, Sum: 0.0]
      [GC Worker Total (ms): Min: 3.7, Avg: 3.7, Max: 3.7, Diff: 0.0, Sum: 14.9]
      [GC Worker End (ms): Min: 847163.1, Avg: 847163.1, Max: 847163.1, Diff: 0.0]
   [Code Root Fixup: 0.0 ms]
   [Code Root Purge: 0.0 ms]
   [Clear CT: 0.0 ms]
   [Other: 0.3 ms]
      [Choose CSet: 0.0 ms]
      [Ref Proc: 0.1 ms]
      [Ref Enq: 0.0 ms]
      [Redirty Cards: 0.0 ms]
      [Humongous Register: 0.0 ms]
      [Humongous Reclaim: 0.0 ms]
      [Free CSet: 0.0 ms]
   [Eden: 77.0M(77.0M)->0.0B(79.0M) Survivors: 2048.0K->1024.0K Heap: 225.8M(256.0M)->148.4M(256.0M)]
 [Times: user=0.01 sys=0.00, real=0.00 secs] 
2020-04-13T15:57:45.991+0800: 848.949: [GC pause (G1 Evacuation Pause) (young), 0.0041590 secs]
   [Parallel Time: 3.8 ms, GC Workers: 4]
      [GC Worker Start (ms): Min: 848949.0, Avg: 848949.0, Max: 848949.0, Diff: 0.0]
      [Ext Root Scanning (ms): Min: 0.4, Avg: 0.4, Max: 0.5, Diff: 0.1, Sum: 1.8]
      [Update RS (ms): Min: 1.4, Avg: 1.8, Max: 2.1, Diff: 0.6, Sum: 7.2]
         [Processed Buffers: Min: 5, Avg: 9.0, Max: 18, Diff: 13, Sum: 36]
      [Scan RS (ms): Min: 0.0, Avg: 0.2, Max: 0.3, Diff: 0.3, Sum: 0.8]
      [Code Root Scanning (ms): Min: 0.0, Avg: 0.0, Max: 0.0, Diff: 0.0, Sum: 0.0]
      [Object Copy (ms): Min: 1.2, Avg: 1.3, Max: 1.7, Diff: 0.5, Sum: 5.3]
      [Termination (ms): Min: 0.0, Avg: 0.0, Max: 0.0, Diff: 0.0, Sum: 0.0]
         [Termination Attempts: Min: 1, Avg: 1.0, Max: 1, Diff: 0, Sum: 4]
      [GC Worker Other (ms): Min: 0.0, Avg: 0.0, Max: 0.0, Diff: 0.0, Sum: 0.0]
      [GC Worker Total (ms): Min: 3.8, Avg: 3.8, Max: 3.8, Diff: 0.0, Sum: 15.1]
      [GC Worker End (ms): Min: 848952.8, Avg: 848952.8, Max: 848952.8, Diff: 0.0]
   [Code Root Fixup: 0.0 ms]
   [Code Root Purge: 0.0 ms]
   [Clear CT: 0.0 ms]
   [Other: 0.3 ms]
      [Choose CSet: 0.0 ms]
      [Ref Proc: 0.1 ms]
      [Ref Enq: 0.0 ms]
      [Redirty Cards: 0.1 ms]
      [Humongous Register: 0.0 ms]
      [Humongous Reclaim: 0.0 ms]
      [Free CSet: 0.0 ms]
   [Eden: 79.0M(79.0M)->0.0B(77.0M) Survivors: 1024.0K->2048.0K Heap: 227.4M(256.0M)->149.1M(256.0M)]
 [Times: user=0.01 sys=0.00, real=0.00 secs] 
2020-04-13T15:57:47.720+0800: 850.678: [GC pause (G1 Evacuation Pause) (young) (initial-mark), 0.0045269 secs]
   [Parallel Time: 4.2 ms, GC Workers: 4]
      [GC Worker Start (ms): Min: 850678.4, Avg: 850678.4, Max: 850678.4, Diff: 0.0]
      [Ext Root Scanning (ms): Min: 0.5, Avg: 0.5, Max: 0.5, Diff: 0.0, Sum: 2.1]
      [Update RS (ms): Min: 2.1, Avg: 2.3, Max: 2.8, Diff: 0.7, Sum: 9.1]
         [Processed Buffers: Min: 3, Avg: 8.5, Max: 14, Diff: 11, Sum: 34]
      [Scan RS (ms): Min: 0.0, Avg: 0.1, Max: 0.2, Diff: 0.2, Sum: 0.5]
      [Code Root Scanning (ms): Min: 0.0, Avg: 0.0, Max: 0.0, Diff: 0.0, Sum: 0.0]
      [Object Copy (ms): Min: 0.8, Avg: 1.2, Max: 1.3, Diff: 0.5, Sum: 4.7]
      [Termination (ms): Min: 0.0, Avg: 0.0, Max: 0.0, Diff: 0.0, Sum: 0.0]
         [Termination Attempts: Min: 1, Avg: 1.0, Max: 1, Diff: 0, Sum: 4]
      [GC Worker Other (ms): Min: 0.0, Avg: 0.0, Max: 0.0, Diff: 0.0, Sum: 0.0]
      [GC Worker Total (ms): Min: 4.1, Avg: 4.1, Max: 4.1, Diff: 0.0, Sum: 16.5]
      [GC Worker End (ms): Min: 850682.5, Avg: 850682.5, Max: 850682.5, Diff: 0.0]
   [Code Root Fixup: 0.0 ms]
   [Code Root Purge: 0.0 ms]
   [Clear CT: 0.0 ms]
   [Other: 0.3 ms]
      [Choose CSet: 0.0 ms]
      [Ref Proc: 0.1 ms]
      [Ref Enq: 0.0 ms]
      [Redirty Cards: 0.0 ms]
      [Humongous Register: 0.0 ms]
      [Humongous Reclaim: 0.0 ms]
      [Free CSet: 0.0 ms]
   [Eden: 77.0M(77.0M)->0.0B(79.0M) Survivors: 2048.0K->1024.0K Heap: 226.1M(256.0M)->148.6M(256.0M)]
 [Times: user=0.02 sys=0.00, real=0.00 secs] 
2020-04-13T15:57:47.725+0800: 850.683: [GC concurrent-root-region-scan-start]
2020-04-13T15:57:47.728+0800: 850.686: [GC concurrent-root-region-scan-end, 0.0027502 secs]
2020-04-13T15:57:47.728+0800: 850.686: [GC concurrent-mark-start]
2020-04-13T15:57:47.747+0800: 850.705: [GC concurrent-mark-end, 0.0196559 secs]
2020-04-13T15:57:47.747+0800: 850.706: [GC remark 2020-04-13T15:57:47.747+0800: 850.706: [Finalize Marking, 0.0001155 secs] 2020-04-13T15:57:47.748+0800: 850.706: [GC ref-proc, 0.0000551 secs] 2020-04-13T15:57:47.748+0800: 850.706: [Unloading, 0.0038357 secs], 0.0052391 secs]
 [Times: user=0.02 sys=0.00, real=0.01 secs] 
2020-04-13T15:57:47.753+0800: 850.711: [GC cleanup 150M->150M(256M), 0.0002778 secs]
 [Times: user=0.00 sys=0.00, real=0.00 secs] 
2020-04-13T15:57:49.450+0800: 852.408: [GC pause (G1 Evacuation Pause) (young), 0.0042711 secs]
   [Parallel Time: 3.9 ms, GC Workers: 4]
      [GC Worker Start (ms): Min: 852408.4, Avg: 852408.5, Max: 852408.5, Diff: 0.0]
      [Ext Root Scanning (ms): Min: 0.3, Avg: 0.3, Max: 0.5, Diff: 0.3, Sum: 1.3]
      [Update RS (ms): Min: 2.1, Avg: 2.3, Max: 2.3, Diff: 0.2, Sum: 9.0]
         [Processed Buffers: Min: 6, Avg: 9.8, Max: 13, Diff: 7, Sum: 39]
      [Scan RS (ms): Min: 0.0, Avg: 0.0, Max: 0.0, Diff: 0.0, Sum: 0.0]
      [Code Root Scanning (ms): Min: 0.0, Avg: 0.0, Max: 0.0, Diff: 0.0, Sum: 0.0]
      [Object Copy (ms): Min: 1.2, Avg: 1.2, Max: 1.3, Diff: 0.1, Sum: 5.0]
      [Termination (ms): Min: 0.0, Avg: 0.0, Max: 0.0, Diff: 0.0, Sum: 0.0]
         [Termination Attempts: Min: 1, Avg: 1.0, Max: 1, Diff: 0, Sum: 4]
      [GC Worker Other (ms): Min: 0.0, Avg: 0.0, Max: 0.0, Diff: 0.0, Sum: 0.1]
      [GC Worker Total (ms): Min: 3.9, Avg: 3.9, Max: 3.9, Diff: 0.0, Sum: 15.4]
      [GC Worker End (ms): Min: 852412.3, Avg: 852412.3, Max: 852412.3, Diff: 0.0]
   [Code Root Fixup: 0.0 ms]
   [Code Root Purge: 0.0 ms]
   [Clear CT: 0.1 ms]
   [Other: 0.3 ms]
      [Choose CSet: 0.0 ms]
      [Ref Proc: 0.1 ms]
      [Ref Enq: 0.0 ms]
      [Redirty Cards: 0.1 ms]
      [Humongous Register: 0.0 ms]
      [Humongous Reclaim: 0.0 ms]
      [Free CSet: 0.0 ms]
   [Eden: 79.0M(79.0M)->0.0B(77.0M) Survivors: 1024.0K->2048.0K Heap: 227.6M(256.0M)->149.1M(256.0M)]
 [Times: user=0.01 sys=0.00, real=0.00 secs] 
2020-04-13T15:57:51.245+0800: 854.204: [GC pause (G1 Evacuation Pause) (young), 0.0043382 secs]
   [Parallel Time: 3.6 ms, GC Workers: 4]
      [GC Worker Start (ms): Min: 854203.6, Avg: 854203.6, Max: 854203.6, Diff: 0.0]
      [Ext Root Scanning (ms): Min: 0.3, Avg: 0.3, Max: 0.5, Diff: 0.2, Sum: 1.4]
      [Update RS (ms): Min: 1.3, Avg: 1.5, Max: 1.7, Diff: 0.3, Sum: 6.0]
         [Processed Buffers: Min: 5, Avg: 8.0, Max: 14, Diff: 9, Sum: 32]
      [Scan RS (ms): Min: 0.4, Avg: 0.5, Max: 0.6, Diff: 0.2, Sum: 2.0]
      [Code Root Scanning (ms): Min: 0.0, Avg: 0.0, Max: 0.0, Diff: 0.0, Sum: 0.0]
      [Object Copy (ms): Min: 1.2, Avg: 1.2, Max: 1.2, Diff: 0.1, Sum: 4.8]
      [Termination (ms): Min: 0.0, Avg: 0.0, Max: 0.0, Diff: 0.0, Sum: 0.0]
         [Termination Attempts: Min: 1, Avg: 1.0, Max: 1, Diff: 0, Sum: 4]
      [GC Worker Other (ms): Min: 0.0, Avg: 0.0, Max: 0.0, Diff: 0.0, Sum: 0.0]
      [GC Worker Total (ms): Min: 3.6, Avg: 3.6, Max: 3.6, Diff: 0.0, Sum: 14.3]
      [GC Worker End (ms): Min: 854207.1, Avg: 854207.2, Max: 854207.2, Diff: 0.0]
   [Code Root Fixup: 0.0 ms]
   [Code Root Purge: 0.0 ms]
   [Clear CT: 0.0 ms]
   [Other: 0.7 ms]
      [Choose CSet: 0.0 ms]
      [Ref Proc: 0.1 ms]
      [Ref Enq: 0.0 ms]
      [Redirty Cards: 0.4 ms]
      [Humongous Register: 0.0 ms]
      [Humongous Reclaim: 0.0 ms]
      [Free CSet: 0.0 ms]
   [Eden: 77.0M(77.0M)->0.0B(79.0M) Survivors: 2048.0K->1024.0K Heap: 226.1M(256.0M)->148.8M(256.0M)]
 [Times: user=0.02 sys=0.01, real=0.01 secs] 
2020-04-13T15:57:52.966+0800: 855.925: [GC pause (G1 Evacuation Pause) (young) (initial-mark), 0.0041212 secs]
   [Parallel Time: 3.8 ms, GC Workers: 4]
      [GC Worker Start (ms): Min: 855924.7, Avg: 855924.7, Max: 855924.7, Diff: 0.0]
      [Ext Root Scanning (ms): Min: 0.5, Avg: 0.5, Max: 0.5, Diff: 0.0, Sum: 2.0]
      [Update RS (ms): Min: 1.5, Avg: 1.6, Max: 1.8, Diff: 0.3, Sum: 6.3]
         [Processed Buffers: Min: 5, Avg: 7.5, Max: 14, Diff: 9, Sum: 30]
      [Scan RS (ms): Min: 0.3, Avg: 0.5, Max: 0.6, Diff: 0.3, Sum: 1.9]
      [Code Root Scanning (ms): Min: 0.0, Avg: 0.0, Max: 0.0, Diff: 0.0, Sum: 0.0]
      [Object Copy (ms): Min: 1.2, Avg: 1.2, Max: 1.3, Diff: 0.1, Sum: 4.9]
      [Termination (ms): Min: 0.0, Avg: 0.0, Max: 0.0, Diff: 0.0, Sum: 0.0]
         [Termination Attempts: Min: 1, Avg: 1.0, Max: 1, Diff: 0, Sum: 4]
      [GC Worker Other (ms): Min: 0.0, Avg: 0.0, Max: 0.0, Diff: 0.0, Sum: 0.0]
      [GC Worker Total (ms): Min: 3.8, Avg: 3.8, Max: 3.8, Diff: 0.0, Sum: 15.1]
      [GC Worker End (ms): Min: 855928.5, Avg: 855928.5, Max: 855928.5, Diff: 0.0]
   [Code Root Fixup: 0.0 ms]
   [Code Root Purge: 0.0 ms]
   [Clear CT: 0.0 ms]
   [Other: 0.2 ms]
      [Choose CSet: 0.0 ms]
      [Ref Proc: 0.1 ms]
      [Ref Enq: 0.0 ms]
      [Redirty Cards: 0.0 ms]
      [Humongous Register: 0.0 ms]
      [Humongous Reclaim: 0.0 ms]
      [Free CSet: 0.0 ms]
   [Eden: 79.0M(79.0M)->0.0B(77.0M) Survivors: 1024.0K->2048.0K Heap: 227.8M(256.0M)->149.2M(256.0M)]
 [Times: user=0.02 sys=0.00, real=0.01 secs] 
2020-04-13T15:57:52.971+0800: 855.929: [GC concurrent-root-region-scan-start]
2020-04-13T15:57:52.974+0800: 855.932: [GC concurrent-root-region-scan-end, 0.0031365 secs]
2020-04-13T15:57:52.974+0800: 855.932: [GC concurrent-mark-start]
2020-04-13T15:57:52.993+0800: 855.951: [GC concurrent-mark-end, 0.0192287 secs]
2020-04-13T15:57:52.994+0800: 855.952: [GC remark 2020-04-13T15:57:52.994+0800: 855.952: [Finalize Marking, 0.0003528 secs] 2020-04-13T15:57:52.994+0800: 855.952: [GC ref-proc, 0.0000546 secs] 2020-04-13T15:57:52.994+0800: 855.952: [Unloading, 0.0035326 secs], 0.0053003 secs]
 [Times: user=0.02 sys=0.00, real=0.00 secs] 
2020-04-13T15:57:52.999+0800: 855.957: [GC cleanup 150M->150M(256M), 0.0003270 secs]
 [Times: user=0.00 sys=0.00, real=0.00 secs] 
2020-04-13T15:57:54.584+0800: 857.542: [GC pause (G1 Evacuation Pause) (young), 0.0060052 secs]
   [Parallel Time: 5.6 ms, GC Workers: 4]
      [GC Worker Start (ms): Min: 857542.3, Avg: 857542.3, Max: 857542.4, Diff: 0.2]
      [Ext Root Scanning (ms): Min: 0.3, Avg: 0.8, Max: 1.9, Diff: 1.6, Sum: 3.2]
      [Update RS (ms): Min: 1.2, Avg: 3.0, Max: 4.9, Diff: 3.7, Sum: 11.8]
         [Processed Buffers: Min: 4, Avg: 8.8, Max: 14, Diff: 10, Sum: 35]
      [Scan RS (ms): Min: 0.0, Avg: 0.5, Max: 1.0, Diff: 1.0, Sum: 2.0]
      [Code Root Scanning (ms): Min: 0.0, Avg: 0.0, Max: 0.0, Diff: 0.0, Sum: 0.0]
      [Object Copy (ms): Min: 0.1, Avg: 1.3, Max: 1.8, Diff: 1.7, Sum: 5.0]
      [Termination (ms): Min: 0.0, Avg: 0.0, Max: 0.0, Diff: 0.0, Sum: 0.0]
         [Termination Attempts: Min: 1, Avg: 1.0, Max: 1, Diff: 0, Sum: 4]
      [GC Worker Other (ms): Min: 0.0, Avg: 0.0, Max: 0.0, Diff: 0.0, Sum: 0.1]
      [GC Worker Total (ms): Min: 5.4, Avg: 5.5, Max: 5.6, Diff: 0.1, Sum: 22.1]
      [GC Worker End (ms): Min: 857547.8, Avg: 857547.8, Max: 857547.9, Diff: 0.0]
   [Code Root Fixup: 0.0 ms]
   [Code Root Purge: 0.0 ms]
   [Clear CT: 0.0 ms]
   [Other: 0.3 ms]
      [Choose CSet: 0.0 ms]
      [Ref Proc: 0.1 ms]
      [Ref Enq: 0.0 ms]
      [Redirty Cards: 0.1 ms]
      [Humongous Register: 0.0 ms]
      [Humongous Reclaim: 0.0 ms]
      [Free CSet: 0.0 ms]
   [Eden: 77.0M(77.0M)->0.0B(77.0M) Survivors: 2048.0K->2048.0K Heap: 226.2M(256.0M)->149.1M(256.0M)]
 [Times: user=0.01 sys=0.00, real=0.01 secs] 
2020-04-13T15:57:56.365+0800: 859.324: [GC pause (G1 Evacuation Pause) (young), 0.0041154 secs]
   [Parallel Time: 3.8 ms, GC Workers: 4]
      [GC Worker Start (ms): Min: 859323.6, Avg: 859323.8, Max: 859324.2, Diff: 0.6]
      [Ext Root Scanning (ms): Min: 0.0, Avg: 0.3, Max: 0.5, Diff: 0.5, Sum: 1.3]
      [Update RS (ms): Min: 1.4, Avg: 1.5, Max: 1.6, Diff: 0.2, Sum: 6.0]
         [Processed Buffers: Min: 5, Avg: 8.5, Max: 13, Diff: 8, Sum: 34]
      [Scan RS (ms): Min: 0.3, Avg: 0.6, Max: 0.7, Diff: 0.4, Sum: 2.2]
      [Code Root Scanning (ms): Min: 0.0, Avg: 0.0, Max: 0.0, Diff: 0.0, Sum: 0.0]
      [Object Copy (ms): Min: 1.2, Avg: 1.2, Max: 1.3, Diff: 0.1, Sum: 5.0]
      [Termination (ms): Min: 0.0, Avg: 0.0, Max: 0.0, Diff: 0.0, Sum: 0.0]
         [Termination Attempts: Min: 1, Avg: 1.0, Max: 1, Diff: 0, Sum: 4]
      [GC Worker Other (ms): Min: 0.0, Avg: 0.0, Max: 0.0, Diff: 0.0, Sum: 0.0]
      [GC Worker Total (ms): Min: 3.2, Avg: 3.6, Max: 3.8, Diff: 0.6, Sum: 14.4]
      [GC Worker End (ms): Min: 859327.4, Avg: 859327.4, Max: 859327.4, Diff: 0.0]
   [Code Root Fixup: 0.0 ms]
   [Code Root Purge: 0.0 ms]
   [Clear CT: 0.0 ms]
   [Other: 0.2 ms]
      [Choose CSet: 0.0 ms]
      [Ref Proc: 0.1 ms]
      [Ref Enq: 0.0 ms]
      [Redirty Cards: 0.0 ms]
      [Humongous Register: 0.0 ms]
      [Humongous Reclaim: 0.0 ms]
      [Free CSet: 0.0 ms]
   [Eden: 77.0M(77.0M)->0.0B(76.0M) Survivors: 2048.0K->2048.0K Heap: 226.1M(256.0M)->149.5M(256.0M)]
 [Times: user=0.02 sys=0.00, real=0.01 secs] 
2020-04-13T15:57:58.072+0800: 861.031: [GC pause (G1 Evacuation Pause) (young) (initial-mark), 0.0058139 secs]
   [Parallel Time: 5.2 ms, GC Workers: 4]
      [GC Worker Start (ms): Min: 861030.6, Avg: 861030.6, Max: 861030.6, Diff: 0.0]
      [Ext Root Scanning (ms): Min: 0.5, Avg: 0.5, Max: 0.5, Diff: 0.0, Sum: 2.1]
      [Update RS (ms): Min: 1.4, Avg: 1.7, Max: 2.4, Diff: 1.0, Sum: 6.9]
         [Processed Buffers: Min: 5, Avg: 7.8, Max: 14, Diff: 9, Sum: 31]
      [Scan RS (ms): Min: 0.0, Avg: 0.5, Max: 0.7, Diff: 0.7, Sum: 1.9]
      [Code Root Scanning (ms): Min: 0.0, Avg: 0.0, Max: 0.0, Diff: 0.0, Sum: 0.0]
      [Object Copy (ms): Min: 2.1, Avg: 2.1, Max: 2.1, Diff: 0.0, Sum: 8.3]
      [Termination (ms): Min: 0.0, Avg: 0.3, Max: 0.4, Diff: 0.4, Sum: 1.2]
         [Termination Attempts: Min: 1, Avg: 1.0, Max: 1, Diff: 0, Sum: 4]
      [GC Worker Other (ms): Min: 0.0, Avg: 0.0, Max: 0.0, Diff: 0.0, Sum: 0.0]
      [GC Worker Total (ms): Min: 5.0, Avg: 5.1, Max: 5.2, Diff: 0.1, Sum: 20.5]
      [GC Worker End (ms): Min: 861035.6, Avg: 861035.7, Max: 861035.8, Diff: 0.1]
   [Code Root Fixup: 0.0 ms]
   [Code Root Purge: 0.0 ms]
   [Clear CT: 0.1 ms]
   [Other: 0.5 ms]
      [Choose CSet: 0.0 ms]
      [Ref Proc: 0.3 ms]
      [Ref Enq: 0.0 ms]
      [Redirty Cards: 0.1 ms]
      [Humongous Register: 0.0 ms]
      [Humongous Reclaim: 0.0 ms]
      [Free CSet: 0.0 ms]
   [Eden: 76.0M(76.0M)->0.0B(78.0M) Survivors: 2048.0K->1024.0K Heap: 225.5M(256.0M)->149.1M(256.0M)]
 [Times: user=0.02 sys=0.00, real=0.00 secs] 
2020-04-13T15:57:58.078+0800: 861.036: [GC concurrent-root-region-scan-start]
2020-04-13T15:57:58.083+0800: 861.041: [GC concurrent-root-region-scan-end, 0.0044263 secs]
2020-04-13T15:57:58.083+0800: 861.041: [GC concurrent-mark-start]
2020-04-13T15:57:58.102+0800: 861.060: [GC concurrent-mark-end, 0.0190873 secs]
2020-04-13T15:57:58.102+0800: 861.060: [GC remark 2020-04-13T15:57:58.102+0800: 861.060: [Finalize Marking, 0.0002151 secs] 2020-04-13T15:57:58.102+0800: 861.060: [GC ref-proc, 0.0000543 secs] 2020-04-13T15:57:58.102+0800: 861.060: [Unloading, 0.0038268 secs], 0.0052473 secs]
 [Times: user=0.01 sys=0.00, real=0.00 secs] 
2020-04-13T15:57:58.107+0800: 861.066: [GC cleanup 150M->150M(256M), 0.0003355 secs]
 [Times: user=0.00 sys=0.00, real=0.00 secs] 
2020-04-13T15:57:59.935+0800: 862.893: [GC pause (G1 Evacuation Pause) (young), 0.0066561 secs]
   [Parallel Time: 5.9 ms, GC Workers: 4]
      [GC Worker Start (ms): Min: 862892.9, Avg: 862892.9, Max: 862892.9, Diff: 0.0]
      [Ext Root Scanning (ms): Min: 0.3, Avg: 0.4, Max: 0.5, Diff: 0.2, Sum: 1.4]
      [Update RS (ms): Min: 1.6, Avg: 2.6, Max: 5.4, Diff: 3.8, Sum: 10.3]
         [Processed Buffers: Min: 5, Avg: 8.2, Max: 11, Diff: 6, Sum: 33]
      [Scan RS (ms): Min: 0.0, Avg: 0.4, Max: 0.6, Diff: 0.6, Sum: 1.7]
      [Code Root Scanning (ms): Min: 0.0, Avg: 0.0, Max: 0.0, Diff: 0.0, Sum: 0.0]
      [Object Copy (ms): Min: 0.0, Avg: 2.1, Max: 3.2, Diff: 3.2, Sum: 8.6]
      [Termination (ms): Min: 0.0, Avg: 0.3, Max: 0.6, Diff: 0.6, Sum: 1.2]
         [Termination Attempts: Min: 1, Avg: 2.0, Max: 5, Diff: 4, Sum: 8]
      [GC Worker Other (ms): Min: 0.0, Avg: 0.0, Max: 0.0, Diff: 0.0, Sum: 0.0]
      [GC Worker Total (ms): Min: 5.8, Avg: 5.8, Max: 5.9, Diff: 0.1, Sum: 23.3]
      [GC Worker End (ms): Min: 862898.7, Avg: 862898.7, Max: 862898.7, Diff: 0.1]
   [Code Root Fixup: 0.0 ms]
   [Code Root Purge: 0.0 ms]
   [Clear CT: 0.1 ms]
   [Other: 0.6 ms]
      [Choose CSet: 0.0 ms]
      [Ref Proc: 0.5 ms]
      [Ref Enq: 0.0 ms]
      [Redirty Cards: 0.0 ms]
      [Humongous Register: 0.0 ms]
      [Humongous Reclaim: 0.0 ms]
      [Free CSet: 0.0 ms]
   [Eden: 78.0M(78.0M)->0.0B(10.0M) Survivors: 1024.0K->2048.0K Heap: 227.1M(256.0M)->149.6M(256.0M)]
 [Times: user=0.02 sys=0.00, real=0.01 secs] 
2020-04-13T15:58:00.194+0800: 863.152: [GC pause (G1 Evacuation Pause) (mixed), 0.0044832 secs]
   [Parallel Time: 4.0 ms, GC Workers: 4]
      [GC Worker Start (ms): Min: 863151.9, Avg: 863152.0, Max: 863152.0, Diff: 0.0]
      [Ext Root Scanning (ms): Min: 0.3, Avg: 0.4, Max: 0.5, Diff: 0.1, Sum: 1.4]
      [Update RS (ms): Min: 1.5, Avg: 1.5, Max: 1.6, Diff: 0.2, Sum: 6.1]
         [Processed Buffers: Min: 5, Avg: 7.0, Max: 9, Diff: 4, Sum: 28]
      [Scan RS (ms): Min: 0.7, Avg: 0.8, Max: 0.9, Diff: 0.2, Sum: 3.3]
      [Code Root Scanning (ms): Min: 0.0, Avg: 0.0, Max: 0.0, Diff: 0.0, Sum: 0.0]
      [Object Copy (ms): Min: 1.1, Avg: 1.2, Max: 1.2, Diff: 0.1, Sum: 4.7]
      [Termination (ms): Min: 0.0, Avg: 0.0, Max: 0.0, Diff: 0.0, Sum: 0.0]
         [Termination Attempts: Min: 1, Avg: 1.0, Max: 1, Diff: 0, Sum: 4]
      [GC Worker Other (ms): Min: 0.0, Avg: 0.0, Max: 0.0, Diff: 0.0, Sum: 0.1]
      [GC Worker Total (ms): Min: 3.9, Avg: 3.9, Max: 3.9, Diff: 0.0, Sum: 15.6]
      [GC Worker End (ms): Min: 863155.8, Avg: 863155.9, Max: 863155.9, Diff: 0.0]
   [Code Root Fixup: 0.0 ms]
   [Code Root Purge: 0.0 ms]
   [Clear CT: 0.0 ms]
   [Other: 0.4 ms]
      [Choose CSet: 0.0 ms]
      [Ref Proc: 0.2 ms]
      [Ref Enq: 0.0 ms]
      [Redirty Cards: 0.1 ms]
      [Humongous Register: 0.0 ms]
      [Humongous Reclaim: 0.0 ms]
      [Free CSet: 0.0 ms]
   [Eden: 10.0M(10.0M)->0.0B(79.0M) Survivors: 2048.0K->1024.0K Heap: 159.6M(256.0M)->148.1M(256.0M)]
 [Times: user=0.01 sys=0.00, real=0.00 secs] 
2020-04-13T15:58:01.980+0800: 864.938: [GC pause (G1 Evacuation Pause) (young), 0.0045523 secs]
   [Parallel Time: 4.2 ms, GC Workers: 4]
      [GC Worker Start (ms): Min: 864937.8, Avg: 864937.9, Max: 864937.9, Diff: 0.0]
      [Ext Root Scanning (ms): Min: 0.3, Avg: 0.3, Max: 0.5, Diff: 0.2, Sum: 1.3]
      [Update RS (ms): Min: 2.1, Avg: 2.5, Max: 3.6, Diff: 1.5, Sum: 10.0]
         [Processed Buffers: Min: 2, Avg: 8.5, Max: 13, Diff: 11, Sum: 34]
      [Scan RS (ms): Min: 0.0, Avg: 0.3, Max: 0.4, Diff: 0.4, Sum: 1.1]
      [Code Root Scanning (ms): Min: 0.0, Avg: 0.0, Max: 0.0, Diff: 0.0, Sum: 0.0]
      [Object Copy (ms): Min: 0.1, Avg: 1.1, Max: 1.4, Diff: 1.4, Sum: 4.2]
      [Termination (ms): Min: 0.0, Avg: 0.0, Max: 0.0, Diff: 0.0, Sum: 0.0]
         [Termination Attempts: Min: 1, Avg: 1.0, Max: 1, Diff: 0, Sum: 4]
      [GC Worker Other (ms): Min: 0.0, Avg: 0.0, Max: 0.0, Diff: 0.0, Sum: 0.0]
      [GC Worker Total (ms): Min: 4.2, Avg: 4.2, Max: 4.2, Diff: 0.0, Sum: 16.7]
      [GC Worker End (ms): Min: 864942.0, Avg: 864942.0, Max: 864942.0, Diff: 0.0]
   [Code Root Fixup: 0.0 ms]
   [Code Root Purge: 0.0 ms]
   [Clear CT: 0.1 ms]
   [Other: 0.2 ms]
      [Choose CSet: 0.0 ms]
      [Ref Proc: 0.1 ms]
      [Ref Enq: 0.0 ms]
      [Redirty Cards: 0.1 ms]
      [Humongous Register: 0.0 ms]
      [Humongous Reclaim: 0.0 ms]
      [Free CSet: 0.0 ms]
   [Eden: 79.0M(79.0M)->0.0B(77.0M) Survivors: 1024.0K->2048.0K Heap: 227.1M(256.0M)->148.5M(256.0M)]
 [Times: user=0.02 sys=0.00, real=0.00 secs] 
2020-04-13T15:58:03.691+0800: 866.649: [GC pause (G1 Evacuation Pause) (young) (initial-mark), 0.0080053 secs]
   [Parallel Time: 6.2 ms, GC Workers: 4]
      [GC Worker Start (ms): Min: 866649.3, Avg: 866649.3, Max: 866649.3, Diff: 0.1]
      [Ext Root Scanning (ms): Min: 0.6, Avg: 0.7, Max: 0.7, Diff: 0.1, Sum: 2.8]
      [Update RS (ms): Min: 1.4, Avg: 1.5, Max: 1.7, Diff: 0.2, Sum: 6.1]
         [Processed Buffers: Min: 4, Avg: 7.5, Max: 12, Diff: 8, Sum: 30]
      [Scan RS (ms): Min: 0.3, Avg: 0.5, Max: 0.6, Diff: 0.3, Sum: 2.1]
      [Code Root Scanning (ms): Min: 0.0, Avg: 0.0, Max: 0.0, Diff: 0.0, Sum: 0.0]
      [Object Copy (ms): Min: 1.5, Avg: 1.7, Max: 2.1, Diff: 0.5, Sum: 6.7]
      [Termination (ms): Min: 0.0, Avg: 0.6, Max: 0.9, Diff: 0.9, Sum: 2.5]
         [Termination Attempts: Min: 1, Avg: 1.0, Max: 1, Diff: 0, Sum: 4]
      [GC Worker Other (ms): Min: 0.0, Avg: 0.0, Max: 0.0, Diff: 0.0, Sum: 0.0]
      [GC Worker Total (ms): Min: 4.8, Avg: 5.0, Max: 5.2, Diff: 0.4, Sum: 20.2]
      [GC Worker End (ms): Min: 866654.1, Avg: 866654.3, Max: 866654.5, Diff: 0.4]
   [Code Root Fixup: 0.0 ms]
   [Code Root Purge: 0.0 ms]
   [Clear CT: 0.2 ms]
   [Other: 1.6 ms]
      [Choose CSet: 0.0 ms]
      [Ref Proc: 1.2 ms]
      [Ref Enq: 0.0 ms]
      [Redirty Cards: 0.1 ms]
      [Humongous Register: 0.0 ms]
      [Humongous Reclaim: 0.0 ms]
      [Free CSet: 0.1 ms]
   [Eden: 77.0M(77.0M)->0.0B(77.0M) Survivors: 2048.0K->2048.0K Heap: 225.5M(256.0M)->148.5M(256.0M)]
 [Times: user=0.01 sys=0.00, real=0.01 secs] 
2020-04-13T15:58:03.700+0800: 866.658: [GC concurrent-root-region-scan-start]
2020-04-13T15:58:03.703+0800: 866.661: [GC concurrent-root-region-scan-end, 0.0036955 secs]
2020-04-13T15:58:03.703+0800: 866.661: [GC concurrent-mark-start]
2020-04-13T15:58:03.721+0800: 866.679: [GC concurrent-mark-end, 0.0177600 secs]
2020-04-13T15:58:03.721+0800: 866.679: [GC remark 2020-04-13T15:58:03.721+0800: 866.679: [Finalize Marking, 0.0001067 secs] 2020-04-13T15:58:03.721+0800: 866.679: [GC ref-proc, 0.0000550 secs] 2020-04-13T15:58:03.722+0800: 866.680: [Unloading, 0.0037440 secs], 0.0051918 secs]
 [Times: user=0.01 sys=0.00, real=0.00 secs] 
2020-04-13T15:58:03.727+0800: 866.685: [GC cleanup 150M->150M(256M), 0.0003337 secs]
 [Times: user=0.00 sys=0.00, real=0.00 secs] 
2020-04-13T15:58:05.418+0800: 868.376: [GC pause (G1 Evacuation Pause) (young), 0.0076306 secs]
   [Parallel Time: 5.6 ms, GC Workers: 4]
      [GC Worker Start (ms): Min: 868375.7, Avg: 868375.9, Max: 868376.1, Diff: 0.4]
      [Ext Root Scanning (ms): Min: 0.2, Avg: 0.5, Max: 0.8, Diff: 0.6, Sum: 2.0]
      [Update RS (ms): Min: 1.8, Avg: 1.9, Max: 2.0, Diff: 0.3, Sum: 7.4]
         [Processed Buffers: Min: 3, Avg: 8.0, Max: 14, Diff: 11, Sum: 32]
      [Scan RS (ms): Min: 0.0, Avg: 0.7, Max: 1.7, Diff: 1.7, Sum: 2.7]
      [Code Root Scanning (ms): Min: 0.0, Avg: 0.0, Max: 0.0, Diff: 0.0, Sum: 0.0]
      [Object Copy (ms): Min: 0.8, Avg: 1.7, Max: 2.5, Diff: 1.7, Sum: 7.0]
      [Termination (ms): Min: 0.0, Avg: 0.4, Max: 0.6, Diff: 0.6, Sum: 1.7]
         [Termination Attempts: Min: 1, Avg: 1.2, Max: 2, Diff: 1, Sum: 5]
      [GC Worker Other (ms): Min: 0.0, Avg: 0.0, Max: 0.0, Diff: 0.0, Sum: 0.1]
      [GC Worker Total (ms): Min: 5.1, Avg: 5.2, Max: 5.4, Diff: 0.3, Sum: 20.8]
      [GC Worker End (ms): Min: 868381.1, Avg: 868381.1, Max: 868381.2, Diff: 0.1]
   [Code Root Fixup: 0.0 ms]
   [Code Root Purge: 0.0 ms]
   [Clear CT: 0.1 ms]
   [Other: 1.8 ms]
      [Choose CSet: 0.0 ms]
      [Ref Proc: 1.6 ms]
      [Ref Enq: 0.0 ms]
      [Redirty Cards: 0.1 ms]
      [Humongous Register: 0.0 ms]
      [Humongous Reclaim: 0.0 ms]
      [Free CSet: 0.0 ms]
   [Eden: 77.0M(77.0M)->0.0B(77.0M) Survivors: 2048.0K->2048.0K Heap: 225.5M(256.0M)->149.0M(256.0M)]
 [Times: user=0.02 sys=0.00, real=0.01 secs] 
2020-04-13T15:58:07.480+0800: 870.438: [GC pause (G1 Evacuation Pause) (young), 0.0043870 secs]
   [Parallel Time: 4.1 ms, GC Workers: 4]
      [GC Worker Start (ms): Min: 870438.0, Avg: 870438.0, Max: 870438.0, Diff: 0.0]
      [Ext Root Scanning (ms): Min: 0.3, Avg: 0.3, Max: 0.5, Diff: 0.2, Sum: 1.4]
      [Update RS (ms): Min: 1.6, Avg: 2.0, Max: 3.0, Diff: 1.5, Sum: 7.8]
         [Processed Buffers: Min: 5, Avg: 8.5, Max: 12, Diff: 7, Sum: 34]
      [Scan RS (ms): Min: 0.0, Avg: 0.5, Max: 0.7, Diff: 0.7, Sum: 2.1]
      [Code Root Scanning (ms): Min: 0.0, Avg: 0.0, Max: 0.0, Diff: 0.0, Sum: 0.0]
      [Object Copy (ms): Min: 0.5, Avg: 1.2, Max: 1.4, Diff: 0.9, Sum: 4.6]
      [Termination (ms): Min: 0.0, Avg: 0.0, Max: 0.0, Diff: 0.0, Sum: 0.0]
         [Termination Attempts: Min: 1, Avg: 1.0, Max: 1, Diff: 0, Sum: 4]
      [GC Worker Other (ms): Min: 0.0, Avg: 0.0, Max: 0.0, Diff: 0.0, Sum: 0.1]
      [GC Worker Total (ms): Min: 4.0, Avg: 4.0, Max: 4.0, Diff: 0.0, Sum: 16.0]
      [GC Worker End (ms): Min: 870442.0, Avg: 870442.0, Max: 870442.0, Diff: 0.0]
   [Code Root Fixup: 0.0 ms]
   [Code Root Purge: 0.0 ms]
   [Clear CT: 0.0 ms]
   [Other: 0.3 ms]
      [Choose CSet: 0.0 ms]
      [Ref Proc: 0.1 ms]
      [Ref Enq: 0.0 ms]
      [Redirty Cards: 0.1 ms]
      [Humongous Register: 0.0 ms]
      [Humongous Reclaim: 0.0 ms]
      [Free CSet: 0.0 ms]
   [Eden: 77.0M(77.0M)->0.0B(79.0M) Survivors: 2048.0K->1024.0K Heap: 226.0M(256.0M)->148.4M(256.0M)]
 [Times: user=0.02 sys=0.00, real=0.00 secs] 
2020-04-13T15:58:09.312+0800: 872.270: [GC pause (G1 Evacuation Pause) (young) (initial-mark), 0.0069625 secs]
   [Parallel Time: 5.8 ms, GC Workers: 4]
      [GC Worker Start (ms): Min: 872270.4, Avg: 872270.4, Max: 872270.7, Diff: 0.3]
      [Ext Root Scanning (ms): Min: 0.3, Avg: 0.5, Max: 0.6, Diff: 0.3, Sum: 1.9]
      [Update RS (ms): Min: 2.0, Avg: 2.8, Max: 5.0, Diff: 3.0, Sum: 11.2]
         [Processed Buffers: Min: 3, Avg: 9.2, Max: 17, Diff: 14, Sum: 37]
      [Scan RS (ms): Min: 0.0, Avg: 0.3, Max: 0.4, Diff: 0.4, Sum: 1.0]
      [Code Root Scanning (ms): Min: 0.0, Avg: 0.0, Max: 0.0, Diff: 0.0, Sum: 0.0]
      [Object Copy (ms): Min: 0.0, Avg: 1.5, Max: 2.1, Diff: 2.0, Sum: 6.2]
      [Termination (ms): Min: 0.0, Avg: 0.5, Max: 0.8, Diff: 0.8, Sum: 2.0]
         [Termination Attempts: Min: 1, Avg: 1.2, Max: 2, Diff: 1, Sum: 5]
      [GC Worker Other (ms): Min: 0.0, Avg: 0.0, Max: 0.1, Diff: 0.1, Sum: 0.1]
      [GC Worker Total (ms): Min: 5.3, Avg: 5.6, Max: 5.8, Diff: 0.4, Sum: 22.4]
      [GC Worker End (ms): Min: 872276.0, Avg: 872276.1, Max: 872276.1, Diff: 0.2]
   [Code Root Fixup: 0.1 ms]
   [Code Root Purge: 0.0 ms]
   [Clear CT: 0.0 ms]
   [Other: 1.0 ms]
      [Choose CSet: 0.0 ms]
      [Ref Proc: 0.8 ms]
      [Ref Enq: 0.0 ms]
      [Redirty Cards: 0.1 ms]
      [Humongous Register: 0.0 ms]
      [Humongous Reclaim: 0.0 ms]
      [Free CSet: 0.0 ms]
   [Eden: 79.0M(79.0M)->0.0B(77.0M) Survivors: 1024.0K->2048.0K Heap: 227.4M(256.0M)->148.9M(256.0M)]
 [Times: user=0.02 sys=0.00, real=0.00 secs] 
2020-04-13T15:58:09.319+0800: 872.277: [GC concurrent-root-region-scan-start]
2020-04-13T15:58:09.324+0800: 872.282: [GC concurrent-root-region-scan-end, 0.0047137 secs]
2020-04-13T15:58:09.324+0800: 872.282: [GC concurrent-mark-start]
2020-04-13T15:58:09.344+0800: 872.302: [GC concurrent-mark-end, 0.0197208 secs]
2020-04-13T15:58:09.344+0800: 872.302: [GC remark 2020-04-13T15:58:09.344+0800: 872.302: [Finalize Marking, 0.0000969 secs] 2020-04-13T15:58:09.344+0800: 872.302: [GC ref-proc, 0.0000551 secs] 2020-04-13T15:58:09.344+0800: 872.302: [Unloading, 0.0031350 secs], 0.0050334 secs]
 [Times: user=0.01 sys=0.00, real=0.00 secs] 
2020-04-13T15:58:09.349+0800: 872.307: [GC cleanup 150M->150M(256M), 0.0002939 secs]
 [Times: user=0.00 sys=0.00, real=0.01 secs] 
2020-04-13T15:58:11.136+0800: 874.094: [GC pause (G1 Evacuation Pause) (young), 0.0040035 secs]
   [Parallel Time: 3.6 ms, GC Workers: 4]
      [GC Worker Start (ms): Min: 874093.7, Avg: 874093.8, Max: 874093.8, Diff: 0.0]
      [Ext Root Scanning (ms): Min: 0.3, Avg: 0.3, Max: 0.5, Diff: 0.2, Sum: 1.3]
      [Update RS (ms): Min: 1.4, Avg: 1.5, Max: 1.7, Diff: 0.3, Sum: 6.1]
         [Processed Buffers: Min: 5, Avg: 8.8, Max: 19, Diff: 14, Sum: 35]
      [Scan RS (ms): Min: 0.3, Avg: 0.4, Max: 0.5, Diff: 0.2, Sum: 1.8]
      [Code Root Scanning (ms): Min: 0.0, Avg: 0.0, Max: 0.0, Diff: 0.0, Sum: 0.0]
      [Object Copy (ms): Min: 1.2, Avg: 1.2, Max: 1.2, Diff: 0.1, Sum: 4.8]
      [Termination (ms): Min: 0.0, Avg: 0.0, Max: 0.0, Diff: 0.0, Sum: 0.0]
         [Termination Attempts: Min: 1, Avg: 1.0, Max: 1, Diff: 0, Sum: 4]
      [GC Worker Other (ms): Min: 0.0, Avg: 0.0, Max: 0.0, Diff: 0.0, Sum: 0.0]
      [GC Worker Total (ms): Min: 3.5, Avg: 3.5, Max: 3.5, Diff: 0.0, Sum: 14.1]
      [GC Worker End (ms): Min: 874097.3, Avg: 874097.3, Max: 874097.3, Diff: 0.0]
   [Code Root Fixup: 0.0 ms]
   [Code Root Purge: 0.0 ms]
   [Clear CT: 0.1 ms]
   [Other: 0.3 ms]
      [Choose CSet: 0.0 ms]
      [Ref Proc: 0.1 ms]
      [Ref Enq: 0.0 ms]
      [Redirty Cards: 0.1 ms]
      [Humongous Register: 0.0 ms]
      [Humongous Reclaim: 0.0 ms]
      [Free CSet: 0.0 ms]
   [Eden: 77.0M(77.0M)->0.0B(79.0M) Survivors: 2048.0K->1024.0K Heap: 225.9M(256.0M)->148.6M(256.0M)]
 [Times: user=0.02 sys=0.00, real=0.01 secs] 
2020-04-13T15:58:12.938+0800: 875.896: [GC pause (G1 Evacuation Pause) (young), 0.0090748 secs]
   [Parallel Time: 8.6 ms, GC Workers: 4]
      [GC Worker Start (ms): Min: 875895.7, Avg: 875895.7, Max: 875895.8, Diff: 0.0]
      [Ext Root Scanning (ms): Min: 0.3, Avg: 0.3, Max: 0.5, Diff: 0.2, Sum: 1.3]
      [Update RS (ms): Min: 3.3, Avg: 4.1, Max: 6.0, Diff: 2.7, Sum: 16.4]
         [Processed Buffers: Min: 2, Avg: 7.5, Max: 12, Diff: 10, Sum: 30]
      [Scan RS (ms): Min: 0.0, Avg: 1.1, Max: 1.7, Diff: 1.7, Sum: 4.2]
      [Code Root Scanning (ms): Min: 0.0, Avg: 0.0, Max: 0.0, Diff: 0.0, Sum: 0.0]
      [Object Copy (ms): Min: 1.1, Avg: 2.0, Max: 2.6, Diff: 1.5, Sum: 8.1]
      [Termination (ms): Min: 0.0, Avg: 0.7, Max: 1.2, Diff: 1.2, Sum: 2.9]
         [Termination Attempts: Min: 1, Avg: 1.0, Max: 1, Diff: 0, Sum: 4]
      [GC Worker Other (ms): Min: 0.0, Avg: 0.0, Max: 0.0, Diff: 0.0, Sum: 0.0]
      [GC Worker Total (ms): Min: 7.9, Avg: 8.2, Max: 8.5, Diff: 0.6, Sum: 32.9]
      [GC Worker End (ms): Min: 875903.6, Avg: 875904.0, Max: 875904.3, Diff: 0.6]
   [Code Root Fixup: 0.0 ms]
   [Code Root Purge: 0.0 ms]
   [Clear CT: 0.1 ms]
   [Other: 0.4 ms]
      [Choose CSet: 0.0 ms]
      [Ref Proc: 0.2 ms]
      [Ref Enq: 0.0 ms]
      [Redirty Cards: 0.0 ms]
      [Humongous Register: 0.0 ms]
      [Humongous Reclaim: 0.0 ms]
      [Free CSet: 0.0 ms]
   [Eden: 79.0M(79.0M)->0.0B(79.0M) Survivors: 1024.0K->1024.0K Heap: 227.6M(256.0M)->148.7M(256.0M)]
 [Times: user=0.02 sys=0.00, real=0.01 secs] 
2020-04-13T15:58:14.696+0800: 877.654: [GC pause (G1 Evacuation Pause) (young) (initial-mark), 0.0043637 secs]
   [Parallel Time: 3.8 ms, GC Workers: 4]
      [GC Worker Start (ms): Min: 877653.6, Avg: 877653.6, Max: 877653.6, Diff: 0.0]
      [Ext Root Scanning (ms): Min: 0.5, Avg: 0.6, Max: 0.7, Diff: 0.2, Sum: 2.3]
      [Update RS (ms): Min: 1.3, Avg: 1.5, Max: 1.7, Diff: 0.4, Sum: 6.1]
         [Processed Buffers: Min: 5, Avg: 7.8, Max: 12, Diff: 7, Sum: 31]
      [Scan RS (ms): Min: 0.4, Avg: 0.6, Max: 0.7, Diff: 0.2, Sum: 2.2]
      [Code Root Scanning (ms): Min: 0.0, Avg: 0.0, Max: 0.0, Diff: 0.0, Sum: 0.0]
      [Object Copy (ms): Min: 1.1, Avg: 1.1, Max: 1.2, Diff: 0.1, Sum: 4.5]
      [Termination (ms): Min: 0.0, Avg: 0.0, Max: 0.0, Diff: 0.0, Sum: 0.0]
         [Termination Attempts: Min: 1, Avg: 1.0, Max: 1, Diff: 0, Sum: 4]
      [GC Worker Other (ms): Min: 0.0, Avg: 0.0, Max: 0.0, Diff: 0.0, Sum: 0.0]
      [GC Worker Total (ms): Min: 3.8, Avg: 3.8, Max: 3.8, Diff: 0.0, Sum: 15.2]
      [GC Worker End (ms): Min: 877657.4, Avg: 877657.4, Max: 877657.4, Diff: 0.0]
   [Code Root Fixup: 0.0 ms]
   [Code Root Purge: 0.0 ms]
   [Clear CT: 0.0 ms]
   [Other: 0.4 ms]
      [Choose CSet: 0.0 ms]
      [Ref Proc: 0.2 ms]
      [Ref Enq: 0.0 ms]
      [Redirty Cards: 0.0 ms]
      [Humongous Register: 0.0 ms]
      [Humongous Reclaim: 0.0 ms]
      [Free CSet: 0.0 ms]
   [Eden: 79.0M(79.0M)->0.0B(77.0M) Survivors: 1024.0K->2048.0K Heap: 227.7M(256.0M)->149.0M(256.0M)]
 [Times: user=0.01 sys=0.00, real=0.01 secs] 
2020-04-13T15:58:14.700+0800: 877.658: [GC concurrent-root-region-scan-start]
2020-04-13T15:58:14.704+0800: 877.662: [GC concurrent-root-region-scan-end, 0.0037567 secs]
2020-04-13T15:58:14.704+0800: 877.662: [GC concurrent-mark-start]
2020-04-13T15:58:14.722+0800: 877.680: [GC concurrent-mark-end, 0.0185044 secs]
2020-04-13T15:58:14.723+0800: 877.680: [GC remark 2020-04-13T15:58:14.723+0800: 877.680: [Finalize Marking, 0.0001212 secs] 2020-04-13T15:58:14.723+0800: 877.681: [GC ref-proc, 0.0001170 secs] 2020-04-13T15:58:14.723+0800: 877.681: [Unloading, 0.0036276 secs], 0.0050294 secs]
 [Times: user=0.02 sys=0.00, real=0.00 secs] 
2020-04-13T15:58:14.728+0800: 877.686: [GC cleanup 150M->150M(256M), 0.0003234 secs]
 [Times: user=0.00 sys=0.00, real=0.00 secs] 
2020-04-13T15:58:16.392+0800: 879.350: [GC pause (G1 Evacuation Pause) (young), 0.0038917 secs]
   [Parallel Time: 3.6 ms, GC Workers: 4]
      [GC Worker Start (ms): Min: 879349.9, Avg: 879349.9, Max: 879349.9, Diff: 0.0]
      [Ext Root Scanning (ms): Min: 0.3, Avg: 0.4, Max: 0.5, Diff: 0.2, Sum: 1.4]
      [Update RS (ms): Min: 1.5, Avg: 1.6, Max: 1.8, Diff: 0.3, Sum: 6.5]
         [Processed Buffers: Min: 5, Avg: 8.0, Max: 16, Diff: 11, Sum: 32]
      [Scan RS (ms): Min: 0.3, Avg: 0.4, Max: 0.5, Diff: 0.2, Sum: 1.6]
      [Code Root Scanning (ms): Min: 0.0, Avg: 0.0, Max: 0.0, Diff: 0.0, Sum: 0.0]
      [Object Copy (ms): Min: 1.1, Avg: 1.1, Max: 1.1, Diff: 0.1, Sum: 4.5]
      [Termination (ms): Min: 0.0, Avg: 0.0, Max: 0.0, Diff: 0.0, Sum: 0.0]
         [Termination Attempts: Min: 1, Avg: 1.0, Max: 1, Diff: 0, Sum: 4]
      [GC Worker Other (ms): Min: 0.0, Avg: 0.0, Max: 0.0, Diff: 0.0, Sum: 0.0]
      [GC Worker Total (ms): Min: 3.5, Avg: 3.5, Max: 3.5, Diff: 0.0, Sum: 14.1]
      [GC Worker End (ms): Min: 879353.4, Avg: 879353.4, Max: 879353.4, Diff: 0.0]
   [Code Root Fixup: 0.0 ms]
   [Code Root Purge: 0.0 ms]
   [Clear CT: 0.0 ms]
   [Other: 0.3 ms]
      [Choose CSet: 0.0 ms]
      [Ref Proc: 0.1 ms]
      [Ref Enq: 0.0 ms]
      [Redirty Cards: 0.1 ms]
      [Humongous Register: 0.0 ms]
      [Humongous Reclaim: 0.0 ms]
      [Free CSet: 0.0 ms]
   [Eden: 77.0M(77.0M)->0.0B(79.0M) Survivors: 2048.0K->1024.0K Heap: 226.0M(256.0M)->148.8M(256.0M)]
 [Times: user=0.02 sys=0.00, real=0.00 secs] 
2020-04-13T15:58:18.184+0800: 881.142: [GC pause (G1 Evacuation Pause) (young), 0.0039286 secs]
   [Parallel Time: 3.5 ms, GC Workers: 4]
      [GC Worker Start (ms): Min: 881142.0, Avg: 881142.0, Max: 881142.0, Diff: 0.0]
      [Ext Root Scanning (ms): Min: 0.3, Avg: 0.3, Max: 0.5, Diff: 0.2, Sum: 1.4]
      [Update RS (ms): Min: 1.5, Avg: 1.6, Max: 1.8, Diff: 0.3, Sum: 6.4]
         [Processed Buffers: Min: 5, Avg: 8.2, Max: 16, Diff: 11, Sum: 33]
      [Scan RS (ms): Min: 0.1, Avg: 0.3, Max: 0.4, Diff: 0.3, Sum: 1.2]
      [Code Root Scanning (ms): Min: 0.0, Avg: 0.0, Max: 0.0, Diff: 0.0, Sum: 0.0]
      [Object Copy (ms): Min: 1.2, Avg: 1.2, Max: 1.2, Diff: 0.1, Sum: 4.7]
      [Termination (ms): Min: 0.0, Avg: 0.0, Max: 0.0, Diff: 0.0, Sum: 0.0]
         [Termination Attempts: Min: 1, Avg: 1.0, Max: 1, Diff: 0, Sum: 4]
      [GC Worker Other (ms): Min: 0.0, Avg: 0.0, Max: 0.0, Diff: 0.0, Sum: 0.1]
      [GC Worker Total (ms): Min: 3.4, Avg: 3.5, Max: 3.5, Diff: 0.0, Sum: 13.8]
      [GC Worker End (ms): Min: 881145.4, Avg: 881145.4, Max: 881145.4, Diff: 0.0]
   [Code Root Fixup: 0.0 ms]
   [Code Root Purge: 0.0 ms]
   [Clear CT: 0.1 ms]
   [Other: 0.3 ms]
      [Choose CSet: 0.0 ms]
      [Ref Proc: 0.2 ms]
      [Ref Enq: 0.0 ms]
      [Redirty Cards: 0.0 ms]
      [Humongous Register: 0.0 ms]
      [Humongous Reclaim: 0.0 ms]
      [Free CSet: 0.0 ms]
   [Eden: 79.0M(79.0M)->0.0B(77.0M) Survivors: 1024.0K->2048.0K Heap: 227.8M(256.0M)->149.3M(256.0M)]
 [Times: user=0.01 sys=0.00, real=0.01 secs] 
2020-04-13T15:58:19.822+0800: 882.780: [GC pause (G1 Evacuation Pause) (young) (initial-mark), 0.0074937 secs]
   [Parallel Time: 6.8 ms, GC Workers: 4]
      [GC Worker Start (ms): Min: 882779.9, Avg: 882780.0, Max: 882780.0, Diff: 0.0]
      [Ext Root Scanning (ms): Min: 1.1, Avg: 2.1, Max: 2.7, Diff: 1.6, Sum: 8.2]
      [Update RS (ms): Min: 1.4, Avg: 2.8, Max: 5.6, Diff: 4.2, Sum: 11.0]
         [Processed Buffers: Min: 3, Avg: 8.0, Max: 12, Diff: 9, Sum: 32]
      [Scan RS (ms): Min: 0.0, Avg: 0.2, Max: 0.4, Diff: 0.4, Sum: 0.7]
      [Code Root Scanning (ms): Min: 0.0, Avg: 0.0, Max: 0.0, Diff: 0.0, Sum: 0.0]
      [Object Copy (ms): Min: 0.0, Avg: 1.3, Max: 1.9, Diff: 1.9, Sum: 5.3]
      [Termination (ms): Min: 0.0, Avg: 0.4, Max: 0.6, Diff: 0.6, Sum: 1.7]
         [Termination Attempts: Min: 1, Avg: 6.5, Max: 12, Diff: 11, Sum: 26]
      [GC Worker Other (ms): Min: 0.0, Avg: 0.0, Max: 0.0, Diff: 0.0, Sum: 0.1]
      [GC Worker Total (ms): Min: 6.7, Avg: 6.8, Max: 6.8, Diff: 0.0, Sum: 27.0]
      [GC Worker End (ms): Min: 882786.7, Avg: 882786.7, Max: 882786.7, Diff: 0.0]
   [Code Root Fixup: 0.0 ms]
   [Code Root Purge: 0.0 ms]
   [Clear CT: 0.1 ms]
   [Other: 0.6 ms]
      [Choose CSet: 0.0 ms]
      [Ref Proc: 0.4 ms]
      [Ref Enq: 0.0 ms]
      [Redirty Cards: 0.0 ms]
      [Humongous Register: 0.0 ms]
      [Humongous Reclaim: 0.0 ms]
      [Free CSet: 0.0 ms]
   [Eden: 77.0M(77.0M)->0.0B(78.0M) Survivors: 2048.0K->1024.0K Heap: 226.3M(256.0M)->149.0M(256.0M)]
 [Times: user=0.01 sys=0.00, real=0.01 secs] 
2020-04-13T15:58:19.830+0800: 882.787: [GC concurrent-root-region-scan-start]
2020-04-13T15:58:19.833+0800: 882.790: [GC concurrent-root-region-scan-end, 0.0030006 secs]
2020-04-13T15:58:19.833+0800: 882.791: [GC concurrent-mark-start]
2020-04-13T15:58:19.850+0800: 882.807: [GC concurrent-mark-end, 0.0169030 secs]
2020-04-13T15:58:19.850+0800: 882.808: [GC remark 2020-04-13T15:58:19.850+0800: 882.808: [Finalize Marking, 0.0001114 secs] 2020-04-13T15:58:19.850+0800: 882.808: [GC ref-proc, 0.0000593 secs] 2020-04-13T15:58:19.850+0800: 882.808: [Unloading, 0.0035890 secs], 0.0048924 secs]
 [Times: user=0.01 sys=0.00, real=0.00 secs] 
2020-04-13T15:58:19.855+0800: 882.813: [GC cleanup 150M->150M(256M), 0.0002603 secs]
 [Times: user=0.00 sys=0.00, real=0.00 secs] 
2020-04-13T15:58:21.708+0800: 884.666: [GC pause (G1 Evacuation Pause) (young), 0.0047487 secs]
   [Parallel Time: 4.4 ms, GC Workers: 4]
      [GC Worker Start (ms): Min: 884666.0, Avg: 884666.0, Max: 884666.0, Diff: 0.0]
      [Ext Root Scanning (ms): Min: 0.3, Avg: 0.4, Max: 0.5, Diff: 0.2, Sum: 1.4]
      [Update RS (ms): Min: 1.5, Avg: 1.6, Max: 1.8, Diff: 0.3, Sum: 6.4]
         [Processed Buffers: Min: 5, Avg: 8.0, Max: 12, Diff: 7, Sum: 32]
      [Scan RS (ms): Min: 0.2, Avg: 0.4, Max: 0.5, Diff: 0.2, Sum: 1.5]
      [Code Root Scanning (ms): Min: 0.0, Avg: 0.0, Max: 0.0, Diff: 0.0, Sum: 0.0]
      [Object Copy (ms): Min: 1.5, Avg: 1.6, Max: 1.9, Diff: 0.4, Sum: 6.4]
      [Termination (ms): Min: 0.0, Avg: 0.4, Max: 0.6, Diff: 0.6, Sum: 1.6]
         [Termination Attempts: Min: 1, Avg: 1.0, Max: 1, Diff: 0, Sum: 4]
      [GC Worker Other (ms): Min: 0.0, Avg: 0.0, Max: 0.0, Diff: 0.0, Sum: 0.0]
      [GC Worker Total (ms): Min: 4.2, Avg: 4.3, Max: 4.4, Diff: 0.1, Sum: 17.3]
      [GC Worker End (ms): Min: 884670.3, Avg: 884670.3, Max: 884670.4, Diff: 0.1]
   [Code Root Fixup: 0.0 ms]
   [Code Root Purge: 0.0 ms]
   [Clear CT: 0.0 ms]
   [Other: 0.3 ms]
      [Choose CSet: 0.0 ms]
      [Ref Proc: 0.1 ms]
      [Ref Enq: 0.0 ms]
      [Redirty Cards: 0.1 ms]
      [Humongous Register: 0.0 ms]
      [Humongous Reclaim: 0.0 ms]
      [Free CSet: 0.0 ms]
   [Eden: 78.0M(78.0M)->0.0B(11.0M) Survivors: 1024.0K->1024.0K Heap: 227.0M(256.0M)->149.0M(256.0M)]
 [Times: user=0.01 sys=0.00, real=0.01 secs] 
2020-04-13T15:58:21.944+0800: 884.902: [GC pause (G1 Evacuation Pause) (mixed), 0.0041588 secs]
   [Parallel Time: 3.8 ms, GC Workers: 4]
      [GC Worker Start (ms): Min: 884901.7, Avg: 884901.7, Max: 884901.7, Diff: 0.0]
      [Ext Root Scanning (ms): Min: 0.3, Avg: 0.4, Max: 0.5, Diff: 0.2, Sum: 1.4]
      [Update RS (ms): Min: 1.4, Avg: 1.5, Max: 1.6, Diff: 0.2, Sum: 5.9]
         [Processed Buffers: Min: 4, Avg: 6.8, Max: 10, Diff: 6, Sum: 27]
      [Scan RS (ms): Min: 0.7, Avg: 0.8, Max: 0.9, Diff: 0.2, Sum: 3.3]
      [Code Root Scanning (ms): Min: 0.0, Avg: 0.0, Max: 0.0, Diff: 0.0, Sum: 0.0]
      [Object Copy (ms): Min: 1.0, Avg: 1.1, Max: 1.1, Diff: 0.1, Sum: 4.3]
      [Termination (ms): Min: 0.0, Avg: 0.0, Max: 0.0, Diff: 0.0, Sum: 0.0]
         [Termination Attempts: Min: 1, Avg: 1.0, Max: 1, Diff: 0, Sum: 4]
      [GC Worker Other (ms): Min: 0.0, Avg: 0.0, Max: 0.0, Diff: 0.0, Sum: 0.1]
      [GC Worker Total (ms): Min: 3.7, Avg: 3.7, Max: 3.8, Diff: 0.0, Sum: 15.0]
      [GC Worker End (ms): Min: 884905.4, Avg: 884905.5, Max: 884905.5, Diff: 0.0]
   [Code Root Fixup: 0.0 ms]
   [Code Root Purge: 0.0 ms]
   [Clear CT: 0.0 ms]
   [Other: 0.3 ms]
      [Choose CSet: 0.0 ms]
      [Ref Proc: 0.1 ms]
      [Ref Enq: 0.0 ms]
      [Redirty Cards: 0.1 ms]
      [Humongous Register: 0.0 ms]
      [Humongous Reclaim: 0.0 ms]
      [Free CSet: 0.0 ms]
   [Eden: 11.0M(11.0M)->0.0B(79.0M) Survivors: 1024.0K->1024.0K Heap: 160.0M(256.0M)->148.0M(256.0M)]
 [Times: user=0.01 sys=0.00, real=0.00 secs] 
2020-04-13T15:58:23.680+0800: 886.638: [GC pause (G1 Evacuation Pause) (young), 0.0064883 secs]
   [Parallel Time: 5.8 ms, GC Workers: 4]
      [GC Worker Start (ms): Min: 886638.0, Avg: 886638.0, Max: 886638.1, Diff: 0.1]
      [Ext Root Scanning (ms): Min: 0.4, Avg: 2.3, Max: 5.6, Diff: 5.2, Sum: 9.3]
      [Update RS (ms): Min: 0.0, Avg: 1.9, Max: 3.4, Diff: 3.4, Sum: 7.7]
         [Processed Buffers: Min: 0, Avg: 9.8, Max: 16, Diff: 16, Sum: 39]
      [Scan RS (ms): Min: 0.0, Avg: 0.0, Max: 0.0, Diff: 0.0, Sum: 0.0]
      [Code Root Scanning (ms): Min: 0.0, Avg: 0.0, Max: 0.0, Diff: 0.0, Sum: 0.0]
      [Object Copy (ms): Min: 0.0, Avg: 1.0, Max: 1.3, Diff: 1.3, Sum: 4.0]
      [Termination (ms): Min: 0.0, Avg: 0.4, Max: 0.6, Diff: 0.6, Sum: 1.8]
         [Termination Attempts: Min: 1, Avg: 1.0, Max: 1, Diff: 0, Sum: 4]
      [GC Worker Other (ms): Min: 0.0, Avg: 0.0, Max: 0.0, Diff: 0.0, Sum: 0.0]
      [GC Worker Total (ms): Min: 5.6, Avg: 5.7, Max: 5.8, Diff: 0.2, Sum: 22.8]
      [GC Worker End (ms): Min: 886643.7, Avg: 886643.7, Max: 886643.8, Diff: 0.1]
   [Code Root Fixup: 0.0 ms]
   [Code Root Purge: 0.0 ms]
   [Clear CT: 0.0 ms]
   [Other: 0.6 ms]
      [Choose CSet: 0.0 ms]
      [Ref Proc: 0.4 ms]
      [Ref Enq: 0.0 ms]
      [Redirty Cards: 0.0 ms]
      [Humongous Register: 0.0 ms]
      [Humongous Reclaim: 0.0 ms]
      [Free CSet: 0.0 ms]
   [Eden: 79.0M(79.0M)->0.0B(79.0M) Survivors: 1024.0K->1024.0K Heap: 227.0M(256.0M)->148.0M(256.0M)]
 [Times: user=0.01 sys=0.00, real=0.00 secs] 
2020-04-13T15:58:25.399+0800: 888.357: [GC pause (G1 Evacuation Pause) (young) (initial-mark), 0.0051720 secs]
   [Parallel Time: 4.8 ms, GC Workers: 4]
      [GC Worker Start (ms): Min: 888356.6, Avg: 888356.6, Max: 888356.7, Diff: 0.1]
      [Ext Root Scanning (ms): Min: 0.5, Avg: 0.5, Max: 0.6, Diff: 0.1, Sum: 2.1]
      [Update RS (ms): Min: 1.9, Avg: 2.1, Max: 2.4, Diff: 0.4, Sum: 8.6]
         [Processed Buffers: Min: 5, Avg: 8.8, Max: 13, Diff: 8, Sum: 35]
      [Scan RS (ms): Min: 0.0, Avg: 0.1, Max: 0.2, Diff: 0.2, Sum: 0.2]
      [Code Root Scanning (ms): Min: 0.0, Avg: 0.0, Max: 0.0, Diff: 0.0, Sum: 0.0]
      [Object Copy (ms): Min: 1.4, Avg: 1.6, Max: 1.8, Diff: 0.4, Sum: 6.2]
      [Termination (ms): Min: 0.0, Avg: 0.4, Max: 0.5, Diff: 0.5, Sum: 1.6]
         [Termination Attempts: Min: 1, Avg: 1.2, Max: 2, Diff: 1, Sum: 5]
      [GC Worker Other (ms): Min: 0.0, Avg: 0.0, Max: 0.0, Diff: 0.0, Sum: 0.0]
      [GC Worker Total (ms): Min: 4.6, Avg: 4.7, Max: 4.7, Diff: 0.1, Sum: 18.7]
      [GC Worker End (ms): Min: 888361.3, Avg: 888361.3, Max: 888361.3, Diff: 0.0]
   [Code Root Fixup: 0.0 ms]
   [Code Root Purge: 0.0 ms]
   [Clear CT: 0.1 ms]
   [Other: 0.3 ms]
      [Choose CSet: 0.0 ms]
      [Ref Proc: 0.1 ms]
      [Ref Enq: 0.0 ms]
      [Redirty Cards: 0.1 ms]
      [Humongous Register: 0.0 ms]
      [Humongous Reclaim: 0.0 ms]
      [Free CSet: 0.0 ms]
   [Eden: 79.0M(79.0M)->0.0B(77.0M) Survivors: 1024.0K->2048.0K Heap: 227.0M(256.0M)->148.6M(256.0M)]
 [Times: user=0.02 sys=0.00, real=0.01 secs] 
2020-04-13T15:58:25.404+0800: 888.362: [GC concurrent-root-region-scan-start]
2020-04-13T15:58:25.407+0800: 888.364: [GC concurrent-root-region-scan-end, 0.0025115 secs]
2020-04-13T15:58:25.407+0800: 888.364: [GC concurrent-mark-start]
2020-04-13T15:58:25.428+0800: 888.385: [GC concurrent-mark-end, 0.0209988 secs]
2020-04-13T15:58:25.428+0800: 888.385: [GC remark 2020-04-13T15:58:25.428+0800: 888.385: [Finalize Marking, 0.0001276 secs] 2020-04-13T15:58:25.428+0800: 888.386: [GC ref-proc, 0.0000572 secs] 2020-04-13T15:58:25.428+0800: 888.386: [Unloading, 0.0033338 secs], 0.0048173 secs]
 [Times: user=0.01 sys=0.00, real=0.01 secs] 
2020-04-13T15:58:25.433+0800: 888.391: [GC cleanup 150M->150M(256M), 0.0003033 secs]
 [Times: user=0.00 sys=0.00, real=0.00 secs] 
2020-04-13T15:58:27.190+0800: 890.148: [GC pause (G1 Evacuation Pause) (young), 0.0044180 secs]
   [Parallel Time: 3.9 ms, GC Workers: 4]
      [GC Worker Start (ms): Min: 890148.2, Avg: 890148.2, Max: 890148.3, Diff: 0.0]
      [Ext Root Scanning (ms): Min: 0.5, Avg: 0.5, Max: 0.5, Diff: 0.1, Sum: 2.0]
      [Update RS (ms): Min: 1.8, Avg: 1.9, Max: 2.0, Diff: 0.2, Sum: 7.5]
         [Processed Buffers: Min: 4, Avg: 8.8, Max: 17, Diff: 13, Sum: 35]
      [Scan RS (ms): Min: 0.2, Avg: 0.4, Max: 0.4, Diff: 0.2, Sum: 1.4]
      [Code Root Scanning (ms): Min: 0.0, Avg: 0.0, Max: 0.0, Diff: 0.0, Sum: 0.0]
      [Object Copy (ms): Min: 1.1, Avg: 1.1, Max: 1.2, Diff: 0.1, Sum: 4.5]
      [Termination (ms): Min: 0.0, Avg: 0.0, Max: 0.0, Diff: 0.0, Sum: 0.0]
         [Termination Attempts: Min: 1, Avg: 1.0, Max: 1, Diff: 0, Sum: 4]
      [GC Worker Other (ms): Min: 0.0, Avg: 0.0, Max: 0.0, Diff: 0.0, Sum: 0.0]
      [GC Worker Total (ms): Min: 3.8, Avg: 3.8, Max: 3.9, Diff: 0.0, Sum: 15.4]
      [GC Worker End (ms): Min: 890152.1, Avg: 890152.1, Max: 890152.1, Diff: 0.0]
   [Code Root Fixup: 0.0 ms]
   [Code Root Purge: 0.0 ms]
   [Clear CT: 0.0 ms]
   [Other: 0.5 ms]
      [Choose CSet: 0.0 ms]
      [Ref Proc: 0.3 ms]
      [Ref Enq: 0.0 ms]
      [Redirty Cards: 0.1 ms]
      [Humongous Register: 0.0 ms]
      [Humongous Reclaim: 0.0 ms]
      [Free CSet: 0.0 ms]
   [Eden: 77.0M(77.0M)->0.0B(79.0M) Survivors: 2048.0K->1024.0K Heap: 225.6M(256.0M)->148.2M(256.0M)]
 [Times: user=0.01 sys=0.00, real=0.00 secs] 
2020-04-13T15:58:28.926+0800: 891.883: [GC pause (G1 Evacuation Pause) (young), 0.0038334 secs]
   [Parallel Time: 3.5 ms, GC Workers: 4]
      [GC Worker Start (ms): Min: 891883.3, Avg: 891883.3, Max: 891883.3, Diff: 0.0]
      [Ext Root Scanning (ms): Min: 0.3, Avg: 0.3, Max: 0.5, Diff: 0.2, Sum: 1.4]
      [Update RS (ms): Min: 1.5, Avg: 1.7, Max: 1.9, Diff: 0.4, Sum: 6.8]
         [Processed Buffers: Min: 5, Avg: 8.0, Max: 16, Diff: 11, Sum: 32]
      [Scan RS (ms): Min: 0.1, Avg: 0.3, Max: 0.4, Diff: 0.2, Sum: 1.2]
      [Code Root Scanning (ms): Min: 0.0, Avg: 0.0, Max: 0.0, Diff: 0.0, Sum: 0.0]
      [Object Copy (ms): Min: 1.1, Avg: 1.1, Max: 1.1, Diff: 0.1, Sum: 4.4]
      [Termination (ms): Min: 0.0, Avg: 0.0, Max: 0.0, Diff: 0.0, Sum: 0.0]
         [Termination Attempts: Min: 1, Avg: 1.0, Max: 1, Diff: 0, Sum: 4]
      [GC Worker Other (ms): Min: 0.0, Avg: 0.0, Max: 0.0, Diff: 0.0, Sum: 0.0]
      [GC Worker Total (ms): Min: 3.4, Avg: 3.4, Max: 3.4, Diff: 0.0, Sum: 13.8]
      [GC Worker End (ms): Min: 891886.7, Avg: 891886.7, Max: 891886.7, Diff: 0.0]
   [Code Root Fixup: 0.1 ms]
   [Code Root Purge: 0.0 ms]
   [Clear CT: 0.0 ms]
   [Other: 0.3 ms]
      [Choose CSet: 0.0 ms]
      [Ref Proc: 0.1 ms]
      [Ref Enq: 0.0 ms]
      [Redirty Cards: 0.0 ms]
      [Humongous Register: 0.0 ms]
      [Humongous Reclaim: 0.0 ms]
      [Free CSet: 0.0 ms]
   [Eden: 79.0M(79.0M)->0.0B(77.0M) Survivors: 1024.0K->2048.0K Heap: 227.2M(256.0M)->148.7M(256.0M)]
 [Times: user=0.01 sys=0.00, real=0.00 secs] 
2020-04-13T15:58:30.652+0800: 893.610: [GC pause (G1 Evacuation Pause) (young) (initial-mark), 0.0040809 secs]
   [Parallel Time: 3.7 ms, GC Workers: 4]
      [GC Worker Start (ms): Min: 893609.9, Avg: 893610.0, Max: 893610.1, Diff: 0.1]
      [Ext Root Scanning (ms): Min: 0.4, Avg: 0.5, Max: 0.6, Diff: 0.2, Sum: 2.0]
      [Update RS (ms): Min: 1.7, Avg: 1.8, Max: 2.0, Diff: 0.2, Sum: 7.2]
         [Processed Buffers: Min: 6, Avg: 8.8, Max: 11, Diff: 5, Sum: 35]
      [Scan RS (ms): Min: 0.0, Avg: 0.2, Max: 0.3, Diff: 0.3, Sum: 0.7]
      [Code Root Scanning (ms): Min: 0.0, Avg: 0.0, Max: 0.0, Diff: 0.0, Sum: 0.0]
      [Object Copy (ms): Min: 1.1, Avg: 1.1, Max: 1.1, Diff: 0.0, Sum: 4.4]
      [Termination (ms): Min: 0.0, Avg: 0.0, Max: 0.0, Diff: 0.0, Sum: 0.0]
         [Termination Attempts: Min: 1, Avg: 1.0, Max: 1, Diff: 0, Sum: 4]
      [GC Worker Other (ms): Min: 0.0, Avg: 0.0, Max: 0.0, Diff: 0.0, Sum: 0.0]
      [GC Worker Total (ms): Min: 3.5, Avg: 3.6, Max: 3.6, Diff: 0.1, Sum: 14.4]
      [GC Worker End (ms): Min: 893613.6, Avg: 893613.6, Max: 893613.6, Diff: 0.0]
   [Code Root Fixup: 0.0 ms]
   [Code Root Purge: 0.0 ms]
   [Clear CT: 0.1 ms]
   [Other: 0.3 ms]
      [Choose CSet: 0.0 ms]
      [Ref Proc: 0.1 ms]
      [Ref Enq: 0.0 ms]
      [Redirty Cards: 0.1 ms]
      [Humongous Register: 0.0 ms]
      [Humongous Reclaim: 0.0 ms]
      [Free CSet: 0.0 ms]
   [Eden: 77.0M(77.0M)->0.0B(79.0M) Survivors: 2048.0K->1024.0K Heap: 225.7M(256.0M)->148.4M(256.0M)]
 [Times: user=0.01 sys=0.00, real=0.00 secs] 
2020-04-13T15:58:30.656+0800: 893.614: [GC concurrent-root-region-scan-start]
2020-04-13T15:58:30.659+0800: 893.617: [GC concurrent-root-region-scan-end, 0.0024913 secs]
2020-04-13T15:58:30.659+0800: 893.617: [GC concurrent-mark-start]
2020-04-13T15:58:30.677+0800: 893.634: [GC concurrent-mark-end, 0.0177181 secs]
2020-04-13T15:58:30.677+0800: 893.634: [GC remark 2020-04-13T15:58:30.677+0800: 893.634: [Finalize Marking, 0.0000990 secs] 2020-04-13T15:58:30.677+0800: 893.635: [GC ref-proc, 0.0000571 secs] 2020-04-13T15:58:30.677+0800: 893.635: [Unloading, 0.0031429 secs], 0.0044148 secs]
 [Times: user=0.01 sys=0.00, real=0.01 secs] 
2020-04-13T15:58:30.681+0800: 893.639: [GC cleanup 149M->149M(256M), 0.0003184 secs]
 [Times: user=0.00 sys=0.00, real=0.00 secs] 
2020-04-13T15:58:32.533+0800: 895.491: [GC pause (G1 Evacuation Pause) (young), 0.0039344 secs]
   [Parallel Time: 3.4 ms, GC Workers: 4]
      [GC Worker Start (ms): Min: 895490.8, Avg: 895490.8, Max: 895490.8, Diff: 0.0]
      [Ext Root Scanning (ms): Min: 0.3, Avg: 0.4, Max: 0.5, Diff: 0.2, Sum: 1.4]
      [Update RS (ms): Min: 1.5, Avg: 1.7, Max: 1.9, Diff: 0.3, Sum: 7.0]
         [Processed Buffers: Min: 7, Avg: 9.5, Max: 12, Diff: 5, Sum: 38]
      [Scan RS (ms): Min: 0.0, Avg: 0.1, Max: 0.2, Diff: 0.2, Sum: 0.4]
      [Code Root Scanning (ms): Min: 0.0, Avg: 0.0, Max: 0.0, Diff: 0.0, Sum: 0.0]
      [Object Copy (ms): Min: 1.1, Avg: 1.1, Max: 1.1, Diff: 0.0, Sum: 4.3]
      [Termination (ms): Min: 0.0, Avg: 0.0, Max: 0.0, Diff: 0.0, Sum: 0.0]
         [Termination Attempts: Min: 1, Avg: 1.0, Max: 1, Diff: 0, Sum: 4]
      [GC Worker Other (ms): Min: 0.0, Avg: 0.0, Max: 0.0, Diff: 0.0, Sum: 0.0]
      [GC Worker Total (ms): Min: 3.3, Avg: 3.3, Max: 3.3, Diff: 0.0, Sum: 13.2]
      [GC Worker End (ms): Min: 895494.1, Avg: 895494.1, Max: 895494.1, Diff: 0.0]
   [Code Root Fixup: 0.0 ms]
   [Code Root Purge: 0.0 ms]
   [Clear CT: 0.1 ms]
   [Other: 0.4 ms]
      [Choose CSet: 0.0 ms]
      [Ref Proc: 0.1 ms]
      [Ref Enq: 0.0 ms]
      [Redirty Cards: 0.2 ms]
      [Humongous Register: 0.0 ms]
      [Humongous Reclaim: 0.0 ms]
      [Free CSet: 0.0 ms]
   [Eden: 79.0M(79.0M)->0.0B(77.0M) Survivors: 1024.0K->2048.0K Heap: 227.4M(256.0M)->148.9M(256.0M)]
 [Times: user=0.02 sys=0.00, real=0.00 secs] 
2020-04-13T15:58:34.244+0800: 897.201: [GC pause (G1 Evacuation Pause) (young), 0.0037674 secs]
   [Parallel Time: 3.4 ms, GC Workers: 4]
      [GC Worker Start (ms): Min: 897201.5, Avg: 897201.5, Max: 897201.5, Diff: 0.0]
      [Ext Root Scanning (ms): Min: 0.3, Avg: 0.3, Max: 0.5, Diff: 0.2, Sum: 1.4]
      [Update RS (ms): Min: 1.8, Avg: 1.9, Max: 1.9, Diff: 0.0, Sum: 7.4]
         [Processed Buffers: Min: 8, Avg: 9.2, Max: 10, Diff: 2, Sum: 37]
      [Scan RS (ms): Min: 0.0, Avg: 0.0, Max: 0.1, Diff: 0.1, Sum: 0.1]
      [Code Root Scanning (ms): Min: 0.0, Avg: 0.0, Max: 0.0, Diff: 0.0, Sum: 0.0]
      [Object Copy (ms): Min: 1.0, Avg: 1.1, Max: 1.1, Diff: 0.1, Sum: 4.4]
      [Termination (ms): Min: 0.0, Avg: 0.0, Max: 0.0, Diff: 0.0, Sum: 0.0]
         [Termination Attempts: Min: 1, Avg: 1.0, Max: 1, Diff: 0, Sum: 4]
      [GC Worker Other (ms): Min: 0.0, Avg: 0.0, Max: 0.0, Diff: 0.0, Sum: 0.1]
      [GC Worker Total (ms): Min: 3.3, Avg: 3.4, Max: 3.4, Diff: 0.0, Sum: 13.4]
      [GC Worker End (ms): Min: 897204.9, Avg: 897204.9, Max: 897204.9, Diff: 0.0]
   [Code Root Fixup: 0.0 ms]
   [Code Root Purge: 0.0 ms]
   [Clear CT: 0.0 ms]
   [Other: 0.3 ms]
      [Choose CSet: 0.0 ms]
      [Ref Proc: 0.1 ms]
      [Ref Enq: 0.0 ms]
      [Redirty Cards: 0.1 ms]
      [Humongous Register: 0.0 ms]
      [Humongous Reclaim: 0.0 ms]
      [Free CSet: 0.0 ms]
   [Eden: 77.0M(77.0M)->0.0B(79.0M) Survivors: 2048.0K->1024.0K Heap: 225.9M(256.0M)->148.4M(256.0M)]
 [Times: user=0.01 sys=0.01, real=0.00 secs] 
2020-04-13T15:58:35.971+0800: 898.929: [GC pause (G1 Evacuation Pause) (young) (initial-mark), 0.0062697 secs]
   [Parallel Time: 4.0 ms, GC Workers: 4]
      [GC Worker Start (ms): Min: 898928.9, Avg: 898928.9, Max: 898929.0, Diff: 0.0]
      [Ext Root Scanning (ms): Min: 0.7, Avg: 0.8, Max: 0.8, Diff: 0.0, Sum: 3.1]
      [Update RS (ms): Min: 2.0, Avg: 2.0, Max: 2.1, Diff: 0.1, Sum: 8.1]
         [Processed Buffers: Min: 7, Avg: 10.0, Max: 15, Diff: 8, Sum: 40]
      [Scan RS (ms): Min: 0.0, Avg: 0.0, Max: 0.0, Diff: 0.0, Sum: 0.0]
      [Code Root Scanning (ms): Min: 0.0, Avg: 0.0, Max: 0.0, Diff: 0.0, Sum: 0.0]
      [Object Copy (ms): Min: 1.1, Avg: 1.1, Max: 1.2, Diff: 0.1, Sum: 4.4]
      [Termination (ms): Min: 0.0, Avg: 0.0, Max: 0.0, Diff: 0.0, Sum: 0.0]
         [Termination Attempts: Min: 1, Avg: 1.0, Max: 1, Diff: 0, Sum: 4]
      [GC Worker Other (ms): Min: 0.0, Avg: 0.0, Max: 0.0, Diff: 0.0, Sum: 0.0]
      [GC Worker Total (ms): Min: 3.9, Avg: 3.9, Max: 4.0, Diff: 0.0, Sum: 15.8]
      [GC Worker End (ms): Min: 898932.9, Avg: 898932.9, Max: 898932.9, Diff: 0.0]
   [Code Root Fixup: 0.0 ms]
   [Code Root Purge: 0.0 ms]
   [Clear CT: 0.1 ms]
   [Other: 2.2 ms]
      [Choose CSet: 0.0 ms]
      [Ref Proc: 1.7 ms]
      [Ref Enq: 0.0 ms]
      [Redirty Cards: 0.2 ms]
      [Humongous Register: 0.1 ms]
      [Humongous Reclaim: 0.0 ms]
      [Free CSet: 0.0 ms]
   [Eden: 79.0M(79.0M)->0.0B(77.0M) Survivors: 1024.0K->2048.0K Heap: 227.4M(256.0M)->149.1M(256.0M)]
 [Times: user=0.02 sys=0.00, real=0.00 secs] 
2020-04-13T15:58:35.978+0800: 898.935: [GC concurrent-root-region-scan-start]
2020-04-13T15:58:35.980+0800: 898.938: [GC concurrent-root-region-scan-end, 0.0028236 secs]
2020-04-13T15:58:35.980+0800: 898.938: [GC concurrent-mark-start]
2020-04-13T15:58:35.998+0800: 898.955: [GC concurrent-mark-end, 0.0174383 secs]
2020-04-13T15:58:35.998+0800: 898.956: [GC remark 2020-04-13T15:58:35.998+0800: 898.956: [Finalize Marking, 0.0001118 secs] 2020-04-13T15:58:35.998+0800: 898.956: [GC ref-proc, 0.0000591 secs] 2020-04-13T15:58:35.998+0800: 898.956: [Unloading, 0.0032268 secs], 0.0048575 secs]
 [Times: user=0.01 sys=0.01, real=0.01 secs] 
2020-04-13T15:58:36.003+0800: 898.961: [GC cleanup 150M->150M(256M), 0.0003074 secs]
 [Times: user=0.01 sys=0.00, real=0.00 secs] 
2020-04-13T15:58:37.704+0800: 900.662: [GC pause (G1 Evacuation Pause) (young), 0.0042801 secs]
   [Parallel Time: 3.9 ms, GC Workers: 4]
      [GC Worker Start (ms): Min: 900662.0, Avg: 900662.0, Max: 900662.0, Diff: 0.0]
      [Ext Root Scanning (ms): Min: 0.3, Avg: 0.4, Max: 0.6, Diff: 0.3, Sum: 1.6]
      [Update RS (ms): Min: 1.8, Avg: 2.1, Max: 2.3, Diff: 0.5, Sum: 8.4]
         [Processed Buffers: Min: 7, Avg: 9.8, Max: 15, Diff: 8, Sum: 39]
      [Scan RS (ms): Min: 0.0, Avg: 0.0, Max: 0.0, Diff: 0.0, Sum: 0.0]
      [Code Root Scanning (ms): Min: 0.0, Avg: 0.0, Max: 0.0, Diff: 0.0, Sum: 0.0]
      [Object Copy (ms): Min: 1.1, Avg: 1.3, Max: 1.7, Diff: 0.5, Sum: 5.1]
      [Termination (ms): Min: 0.0, Avg: 0.0, Max: 0.0, Diff: 0.0, Sum: 0.0]
         [Termination Attempts: Min: 1, Avg: 1.0, Max: 1, Diff: 0, Sum: 4]
      [GC Worker Other (ms): Min: 0.0, Avg: 0.0, Max: 0.0, Diff: 0.0, Sum: 0.0]
      [GC Worker Total (ms): Min: 3.8, Avg: 3.8, Max: 3.8, Diff: 0.0, Sum: 15.2]
      [GC Worker End (ms): Min: 900665.8, Avg: 900665.8, Max: 900665.8, Diff: 0.0]
   [Code Root Fixup: 0.1 ms]
   [Code Root Purge: 0.0 ms]
   [Clear CT: 0.1 ms]
   [Other: 0.2 ms]
      [Choose CSet: 0.0 ms]
      [Ref Proc: 0.1 ms]
      [Ref Enq: 0.0 ms]
      [Redirty Cards: 0.1 ms]
      [Humongous Register: 0.0 ms]
      [Humongous Reclaim: 0.0 ms]
      [Free CSet: 0.0 ms]
   [Eden: 77.0M(77.0M)->0.0B(79.0M) Survivors: 2048.0K->1024.0K Heap: 226.1M(256.0M)->148.5M(256.0M)]
 [Times: user=0.01 sys=0.00, real=0.00 secs] 
2020-04-13T15:58:39.485+0800: 902.443: [GC pause (G1 Evacuation Pause) (young), 0.0052873 secs]
   [Parallel Time: 4.2 ms, GC Workers: 4]
      [GC Worker Start (ms): Min: 902443.0, Avg: 902443.0, Max: 902443.0, Diff: 0.0]
      [Ext Root Scanning (ms): Min: 0.3, Avg: 0.6, Max: 1.2, Diff: 0.9, Sum: 2.3]
      [Update RS (ms): Min: 1.2, Avg: 1.8, Max: 2.1, Diff: 0.8, Sum: 7.4]
         [Processed Buffers: Min: 7, Avg: 9.0, Max: 11, Diff: 4, Sum: 36]
      [Scan RS (ms): Min: 0.0, Avg: 0.1, Max: 0.2, Diff: 0.2, Sum: 0.5]
      [Code Root Scanning (ms): Min: 0.0, Avg: 0.0, Max: 0.0, Diff: 0.0, Sum: 0.0]
      [Object Copy (ms): Min: 1.5, Avg: 1.5, Max: 1.6, Diff: 0.1, Sum: 6.1]
      [Termination (ms): Min: 0.0, Avg: 0.0, Max: 0.0, Diff: 0.0, Sum: 0.0]
         [Termination Attempts: Min: 1, Avg: 1.0, Max: 1, Diff: 0, Sum: 4]
      [GC Worker Other (ms): Min: 0.0, Avg: 0.0, Max: 0.0, Diff: 0.0, Sum: 0.0]
      [GC Worker Total (ms): Min: 4.1, Avg: 4.1, Max: 4.1, Diff: 0.0, Sum: 16.3]
      [GC Worker End (ms): Min: 902447.1, Avg: 902447.1, Max: 902447.1, Diff: 0.0]
   [Code Root Fixup: 0.0 ms]
   [Code Root Purge: 0.0 ms]
   [Clear CT: 0.1 ms]
   [Other: 1.0 ms]
      [Choose CSet: 0.0 ms]
      [Ref Proc: 0.8 ms]
      [Ref Enq: 0.0 ms]
      [Redirty Cards: 0.1 ms]
      [Humongous Register: 0.0 ms]
      [Humongous Reclaim: 0.0 ms]
      [Free CSet: 0.0 ms]
   [Eden: 79.0M(79.0M)->0.0B(77.0M) Survivors: 1024.0K->2048.0K Heap: 227.5M(256.0M)->149.0M(256.0M)]
 [Times: user=0.02 sys=0.00, real=0.01 secs] 
2020-04-13T15:58:41.274+0800: 904.232: [GC pause (G1 Evacuation Pause) (young) (initial-mark), 0.0065475 secs]
   [Parallel Time: 5.7 ms, GC Workers: 4]
      [GC Worker Start (ms): Min: 904232.0, Avg: 904232.3, Max: 904232.7, Diff: 0.7]
      [Ext Root Scanning (ms): Min: 0.0, Avg: 0.8, Max: 1.4, Diff: 1.4, Sum: 3.3]
      [Update RS (ms): Min: 1.9, Avg: 2.5, Max: 3.6, Diff: 1.7, Sum: 10.0]
         [Processed Buffers: Min: 6, Avg: 9.8, Max: 14, Diff: 8, Sum: 39]
      [Scan RS (ms): Min: 0.0, Avg: 0.1, Max: 0.2, Diff: 0.2, Sum: 0.5]
      [Code Root Scanning (ms): Min: 0.0, Avg: 0.0, Max: 0.0, Diff: 0.0, Sum: 0.0]
      [Object Copy (ms): Min: 0.3, Avg: 1.4, Max: 2.0, Diff: 1.7, Sum: 5.7]
      [Termination (ms): Min: 0.0, Avg: 0.4, Max: 0.6, Diff: 0.6, Sum: 1.5]
         [Termination Attempts: Min: 1, Avg: 1.0, Max: 1, Diff: 0, Sum: 4]
      [GC Worker Other (ms): Min: 0.0, Avg: 0.0, Max: 0.0, Diff: 0.0, Sum: 0.0]
      [GC Worker Total (ms): Min: 4.7, Avg: 5.2, Max: 5.6, Diff: 0.9, Sum: 20.9]
      [GC Worker End (ms): Min: 904237.4, Avg: 904237.5, Max: 904237.6, Diff: 0.2]
   [Code Root Fixup: 0.0 ms]
   [Code Root Purge: 0.0 ms]
   [Clear CT: 0.1 ms]
   [Other: 0.8 ms]
      [Choose CSet: 0.0 ms]
      [Ref Proc: 0.5 ms]
      [Ref Enq: 0.0 ms]
      [Redirty Cards: 0.1 ms]
      [Humongous Register: 0.0 ms]
      [Humongous Reclaim: 0.0 ms]
      [Free CSet: 0.0 ms]
   [Eden: 77.0M(77.0M)->0.0B(79.0M) Survivors: 2048.0K->1024.0K Heap: 226.0M(256.0M)->148.9M(256.0M)]
 [Times: user=0.02 sys=0.00, real=0.01 secs] 
2020-04-13T15:58:41.281+0800: 904.239: [GC concurrent-root-region-scan-start]
2020-04-13T15:58:41.285+0800: 904.243: [GC concurrent-root-region-scan-end, 0.0041293 secs]
2020-04-13T15:58:41.285+0800: 904.243: [GC concurrent-mark-start]
2020-04-13T15:58:41.307+0800: 904.264: [GC concurrent-mark-end, 0.0216739 secs]
2020-04-13T15:58:41.307+0800: 904.265: [GC remark 2020-04-13T15:58:41.307+0800: 904.265: [Finalize Marking, 0.0007886 secs] 2020-04-13T15:58:41.308+0800: 904.265: [GC ref-proc, 0.0000838 secs] 2020-04-13T15:58:41.308+0800: 904.265: [Unloading, 0.0053549 secs], 0.0077113 secs]
 [Times: user=0.02 sys=0.00, real=0.01 secs] 
2020-04-13T15:58:41.315+0800: 904.272: [GC cleanup 150M->150M(256M), 0.0003164 secs]
 [Times: user=0.00 sys=0.01, real=0.00 secs] 
2020-04-13T15:58:43.508+0800: 906.465: [GC pause (G1 Evacuation Pause) (young), 0.0064054 secs]
   [Parallel Time: 5.5 ms, GC Workers: 4]
      [GC Worker Start (ms): Min: 906465.5, Avg: 906465.5, Max: 906465.6, Diff: 0.0]
      [Ext Root Scanning (ms): Min: 0.3, Avg: 0.3, Max: 0.5, Diff: 0.2, Sum: 1.4]
      [Update RS (ms): Min: 1.7, Avg: 2.6, Max: 4.9, Diff: 3.2, Sum: 10.6]
         [Processed Buffers: Min: 3, Avg: 8.8, Max: 14, Diff: 11, Sum: 35]
      [Scan RS (ms): Min: 0.0, Avg: 0.2, Max: 0.4, Diff: 0.4, Sum: 0.9]
      [Code Root Scanning (ms): Min: 0.0, Avg: 0.0, Max: 0.0, Diff: 0.0, Sum: 0.0]
      [Object Copy (ms): Min: 0.0, Avg: 2.0, Max: 2.8, Diff: 2.7, Sum: 7.8]
      [Termination (ms): Min: 0.0, Avg: 0.1, Max: 0.1, Diff: 0.1, Sum: 0.3]
         [Termination Attempts: Min: 1, Avg: 1.5, Max: 2, Diff: 1, Sum: 6]
      [GC Worker Other (ms): Min: 0.0, Avg: 0.0, Max: 0.0, Diff: 0.0, Sum: 0.0]
      [GC Worker Total (ms): Min: 5.2, Avg: 5.2, Max: 5.3, Diff: 0.0, Sum: 21.0]
      [GC Worker End (ms): Min: 906470.8, Avg: 906470.8, Max: 906470.8, Diff: 0.0]
   [Code Root Fixup: 0.1 ms]
   [Code Root Purge: 0.0 ms]
   [Clear CT: 0.1 ms]
   [Other: 0.8 ms]
      [Choose CSet: 0.0 ms]
      [Ref Proc: 0.6 ms]
      [Ref Enq: 0.0 ms]
      [Redirty Cards: 0.0 ms]
      [Humongous Register: 0.0 ms]
      [Humongous Reclaim: 0.0 ms]
      [Free CSet: 0.0 ms]
   [Eden: 79.0M(79.0M)->0.0B(79.0M) Survivors: 1024.0K->1024.0K Heap: 227.9M(256.0M)->148.8M(256.0M)]
 [Times: user=0.02 sys=0.00, real=0.01 secs] 
2020-04-13T15:58:46.316+0800: 909.273: [GC pause (G1 Evacuation Pause) (young), 0.0049722 secs]
   [Parallel Time: 4.0 ms, GC Workers: 4]
      [GC Worker Start (ms): Min: 909273.2, Avg: 909273.2, Max: 909273.3, Diff: 0.1]
      [Ext Root Scanning (ms): Min: 0.4, Avg: 0.5, Max: 0.7, Diff: 0.4, Sum: 1.9]
      [Update RS (ms): Min: 1.8, Avg: 1.8, Max: 1.8, Diff: 0.1, Sum: 7.2]
         [Processed Buffers: Min: 5, Avg: 8.8, Max: 15, Diff: 10, Sum: 35]
      [Scan RS (ms): Min: 0.3, Avg: 0.4, Max: 0.5, Diff: 0.2, Sum: 1.6]
      [Code Root Scanning (ms): Min: 0.0, Avg: 0.0, Max: 0.0, Diff: 0.0, Sum: 0.0]
      [Object Copy (ms): Min: 1.1, Avg: 1.2, Max: 1.2, Diff: 0.1, Sum: 4.7]
      [Termination (ms): Min: 0.0, Avg: 0.0, Max: 0.0, Diff: 0.0, Sum: 0.0]
         [Termination Attempts: Min: 1, Avg: 1.0, Max: 1, Diff: 0, Sum: 4]
      [GC Worker Other (ms): Min: 0.0, Avg: 0.0, Max: 0.0, Diff: 0.0, Sum: 0.1]
      [GC Worker Total (ms): Min: 3.8, Avg: 3.9, Max: 3.9, Diff: 0.1, Sum: 15.5]
      [GC Worker End (ms): Min: 909277.1, Avg: 909277.1, Max: 909277.1, Diff: 0.0]
   [Code Root Fixup: 0.0 ms]
   [Code Root Purge: 0.0 ms]
   [Clear CT: 0.1 ms]
   [Other: 0.9 ms]
      [Choose CSet: 0.0 ms]
      [Ref Proc: 0.6 ms]
      [Ref Enq: 0.0 ms]
      [Redirty Cards: 0.1 ms]
      [Humongous Register: 0.0 ms]
      [Humongous Reclaim: 0.0 ms]
      [Free CSet: 0.0 ms]
   [Eden: 79.0M(79.0M)->0.0B(76.0M) Survivors: 1024.0K->2048.0K Heap: 227.8M(256.0M)->149.2M(256.0M)]
 [Times: user=0.01 sys=0.00, real=0.01 secs] 
2020-04-13T15:58:49.034+0800: 911.992: [GC pause (G1 Evacuation Pause) (young) (initial-mark), 0.0053120 secs]
   [Parallel Time: 4.5 ms, GC Workers: 4]
      [GC Worker Start (ms): Min: 911991.7, Avg: 911991.7, Max: 911991.7, Diff: 0.0]
      [Ext Root Scanning (ms): Min: 1.0, Avg: 1.1, Max: 1.1, Diff: 0.1, Sum: 4.3]
      [Update RS (ms): Min: 1.6, Avg: 1.8, Max: 2.0, Diff: 0.3, Sum: 7.1]
         [Processed Buffers: Min: 5, Avg: 8.2, Max: 16, Diff: 11, Sum: 33]
      [Scan RS (ms): Min: 0.2, Avg: 0.4, Max: 0.5, Diff: 0.3, Sum: 1.4]
      [Code Root Scanning (ms): Min: 0.0, Avg: 0.0, Max: 0.0, Diff: 0.0, Sum: 0.0]
      [Object Copy (ms): Min: 1.2, Avg: 1.2, Max: 1.3, Diff: 0.1, Sum: 4.9]
      [Termination (ms): Min: 0.0, Avg: 0.0, Max: 0.0, Diff: 0.0, Sum: 0.0]
         [Termination Attempts: Min: 1, Avg: 1.0, Max: 1, Diff: 0, Sum: 4]
      [GC Worker Other (ms): Min: 0.0, Avg: 0.0, Max: 0.0, Diff: 0.0, Sum: 0.1]
      [GC Worker Total (ms): Min: 4.4, Avg: 4.5, Max: 4.5, Diff: 0.0, Sum: 17.8]
      [GC Worker End (ms): Min: 911996.1, Avg: 911996.1, Max: 911996.1, Diff: 0.0]
   [Code Root Fixup: 0.0 ms]
   [Code Root Purge: 0.0 ms]
   [Clear CT: 0.1 ms]
   [Other: 0.7 ms]
      [Choose CSet: 0.0 ms]
      [Ref Proc: 0.5 ms]
      [Ref Enq: 0.0 ms]
      [Redirty Cards: 0.1 ms]
      [Humongous Register: 0.0 ms]
      [Humongous Reclaim: 0.0 ms]
      [Free CSet: 0.0 ms]
   [Eden: 76.0M(76.0M)->0.0B(78.0M) Survivors: 2048.0K->1024.0K Heap: 225.2M(256.0M)->148.9M(256.0M)]
 [Times: user=0.01 sys=0.00, real=0.01 secs] 
2020-04-13T15:58:49.040+0800: 911.997: [GC concurrent-root-region-scan-start]
2020-04-13T15:58:49.044+0800: 912.001: [GC concurrent-root-region-scan-end, 0.0043110 secs]
2020-04-13T15:58:49.044+0800: 912.001: [GC concurrent-mark-start]
2020-04-13T15:58:49.074+0800: 912.031: [GC concurrent-mark-end, 0.0299571 secs]
2020-04-13T15:58:49.074+0800: 912.032: [GC remark 2020-04-13T15:58:49.074+0800: 912.032: [Finalize Marking, 0.0001422 secs] 2020-04-13T15:58:49.074+0800: 912.032: [GC ref-proc, 0.0000643 secs] 2020-04-13T15:58:49.074+0800: 912.032: [Unloading, 0.0406221 secs], 0.0420821 secs]
 [Times: user=0.02 sys=0.09, real=0.04 secs] 
2020-04-13T15:58:49.116+0800: 912.074: [GC cleanup 150M->150M(256M), 0.0003906 secs]
 [Times: user=0.00 sys=0.00, real=0.00 secs] 
2020-04-13T15:58:50.915+0800: 913.872: [GC pause (G1 Evacuation Pause) (young), 0.0093285 secs]
   [Parallel Time: 7.2 ms, GC Workers: 4]
      [GC Worker Start (ms): Min: 913872.4, Avg: 913874.2, Max: 913878.6, Diff: 6.3]
      [Ext Root Scanning (ms): Min: 0.0, Avg: 0.4, Max: 0.8, Diff: 0.8, Sum: 1.6]
      [Update RS (ms): Min: 0.0, Avg: 2.2, Max: 3.2, Diff: 3.2, Sum: 9.0]
         [Processed Buffers: Min: 0, Avg: 8.8, Max: 21, Diff: 21, Sum: 35]
      [Scan RS (ms): Min: 0.0, Avg: 0.2, Max: 0.5, Diff: 0.5, Sum: 0.9]
      [Code Root Scanning (ms): Min: 0.0, Avg: 0.0, Max: 0.0, Diff: 0.0, Sum: 0.0]
      [Object Copy (ms): Min: 0.0, Avg: 1.2, Max: 1.6, Diff: 1.6, Sum: 4.7]
      [Termination (ms): Min: 0.0, Avg: 1.1, Max: 1.5, Diff: 1.5, Sum: 4.3]
         [Termination Attempts: Min: 1, Avg: 1.0, Max: 1, Diff: 0, Sum: 4]
      [GC Worker Other (ms): Min: 0.0, Avg: 0.0, Max: 0.0, Diff: 0.0, Sum: 0.1]
      [GC Worker Total (ms): Min: 0.0, Avg: 5.1, Max: 7.2, Diff: 7.2, Sum: 20.5]
      [GC Worker End (ms): Min: 913878.7, Avg: 913879.3, Max: 913879.6, Diff: 0.9]
   [Code Root Fixup: 0.0 ms]
   [Code Root Purge: 0.0 ms]
   [Clear CT: 0.1 ms]
   [Other: 2.0 ms]
      [Choose CSet: 0.0 ms]
      [Ref Proc: 1.7 ms]
      [Ref Enq: 0.0 ms]
      [Redirty Cards: 0.1 ms]
      [Humongous Register: 0.0 ms]
      [Humongous Reclaim: 0.0 ms]
      [Free CSet: 0.0 ms]
   [Eden: 78.0M(78.0M)->0.0B(10.0M) Survivors: 1024.0K->2048.0K Heap: 226.9M(256.0M)->149.3M(256.0M)]
 [Times: user=0.02 sys=0.01, real=0.01 secs] 
2020-04-13T15:58:51.135+0800: 914.092: [GC pause (G1 Evacuation Pause) (mixed), 0.0051335 secs]
   [Parallel Time: 4.6 ms, GC Workers: 4]
      [GC Worker Start (ms): Min: 914092.5, Avg: 914092.5, Max: 914092.8, Diff: 0.3]
      [Ext Root Scanning (ms): Min: 0.3, Avg: 0.5, Max: 0.6, Diff: 0.3, Sum: 2.1]
      [Update RS (ms): Min: 1.3, Avg: 1.6, Max: 1.7, Diff: 0.4, Sum: 6.2]
         [Processed Buffers: Min: 5, Avg: 7.0, Max: 13, Diff: 8, Sum: 28]
      [Scan RS (ms): Min: 0.7, Avg: 0.9, Max: 0.9, Diff: 0.2, Sum: 3.4]
      [Code Root Scanning (ms): Min: 0.0, Avg: 0.0, Max: 0.0, Diff: 0.0, Sum: 0.0]
      [Object Copy (ms): Min: 1.5, Avg: 1.6, Max: 1.7, Diff: 0.3, Sum: 6.2]
      [Termination (ms): Min: 0.0, Avg: 0.0, Max: 0.0, Diff: 0.0, Sum: 0.0]
         [Termination Attempts: Min: 1, Avg: 1.0, Max: 1, Diff: 0, Sum: 4]
      [GC Worker Other (ms): Min: 0.0, Avg: 0.0, Max: 0.0, Diff: 0.0, Sum: 0.0]
      [GC Worker Total (ms): Min: 4.3, Avg: 4.5, Max: 4.6, Diff: 0.3, Sum: 18.0]
      [GC Worker End (ms): Min: 914097.0, Avg: 914097.0, Max: 914097.0, Diff: 0.0]
   [Code Root Fixup: 0.0 ms]
   [Code Root Purge: 0.0 ms]
   [Clear CT: 0.1 ms]
   [Other: 0.4 ms]
      [Choose CSet: 0.0 ms]
      [Ref Proc: 0.2 ms]
      [Ref Enq: 0.0 ms]
      [Redirty Cards: 0.1 ms]
      [Humongous Register: 0.0 ms]
      [Humongous Reclaim: 0.0 ms]
      [Free CSet: 0.0 ms]
   [Eden: 10.0M(10.0M)->0.0B(79.0M) Survivors: 2048.0K->1024.0K Heap: 159.3M(256.0M)->148.2M(256.0M)]
 [Times: user=0.01 sys=0.00, real=0.01 secs] 
2020-04-13T15:58:52.873+0800: 915.830: [GC pause (G1 Evacuation Pause) (young), 0.0038542 secs]
   [Parallel Time: 3.5 ms, GC Workers: 4]
      [GC Worker Start (ms): Min: 915830.5, Avg: 915830.5, Max: 915830.5, Diff: 0.0]
      [Ext Root Scanning (ms): Min: 0.3, Avg: 0.3, Max: 0.5, Diff: 0.2, Sum: 1.4]
      [Update RS (ms): Min: 1.6, Avg: 1.7, Max: 1.8, Diff: 0.2, Sum: 6.7]
         [Processed Buffers: Min: 5, Avg: 7.0, Max: 10, Diff: 5, Sum: 28]
      [Scan RS (ms): Min: 0.2, Avg: 0.3, Max: 0.4, Diff: 0.2, Sum: 1.0]
      [Code Root Scanning (ms): Min: 0.0, Avg: 0.0, Max: 0.0, Diff: 0.0, Sum: 0.0]
      [Object Copy (ms): Min: 1.1, Avg: 1.1, Max: 1.1, Diff: 0.1, Sum: 4.5]
      [Termination (ms): Min: 0.0, Avg: 0.0, Max: 0.0, Diff: 0.0, Sum: 0.0]
         [Termination Attempts: Min: 1, Avg: 1.0, Max: 1, Diff: 0, Sum: 4]
      [GC Worker Other (ms): Min: 0.0, Avg: 0.0, Max: 0.0, Diff: 0.0, Sum: 0.0]
      [GC Worker Total (ms): Min: 3.4, Avg: 3.4, Max: 3.4, Diff: 0.0, Sum: 13.7]
      [GC Worker End (ms): Min: 915833.9, Avg: 915833.9, Max: 915833.9, Diff: 0.0]
   [Code Root Fixup: 0.0 ms]
   [Code Root Purge: 0.0 ms]
   [Clear CT: 0.1 ms]
   [Other: 0.3 ms]
      [Choose CSet: 0.0 ms]
      [Ref Proc: 0.1 ms]
      [Ref Enq: 0.0 ms]
      [Redirty Cards: 0.0 ms]
      [Humongous Register: 0.0 ms]
      [Humongous Reclaim: 0.0 ms]
      [Free CSet: 0.0 ms]
   [Eden: 79.0M(79.0M)->0.0B(79.0M) Survivors: 1024.0K->1024.0K Heap: 227.2M(256.0M)->148.1M(256.0M)]
 [Times: user=0.02 sys=0.00, real=0.00 secs] 
2020-04-13T15:58:54.597+0800: 917.554: [GC pause (G1 Evacuation Pause) (young) (initial-mark), 0.0041076 secs]
   [Parallel Time: 3.7 ms, GC Workers: 4]
      [GC Worker Start (ms): Min: 917554.4, Avg: 917554.4, Max: 917554.4, Diff: 0.0]
      [Ext Root Scanning (ms): Min: 0.5, Avg: 0.5, Max: 0.5, Diff: 0.0, Sum: 2.1]
      [Update RS (ms): Min: 1.6, Avg: 1.7, Max: 1.8, Diff: 0.2, Sum: 6.8]
         [Processed Buffers: Min: 5, Avg: 8.5, Max: 17, Diff: 12, Sum: 34]
      [Scan RS (ms): Min: 0.1, Avg: 0.3, Max: 0.3, Diff: 0.2, Sum: 1.1]
      [Code Root Scanning (ms): Min: 0.0, Avg: 0.0, Max: 0.0, Diff: 0.0, Sum: 0.0]
      [Object Copy (ms): Min: 1.1, Avg: 1.1, Max: 1.2, Diff: 0.1, Sum: 4.5]
      [Termination (ms): Min: 0.0, Avg: 0.0, Max: 0.0, Diff: 0.0, Sum: 0.0]
         [Termination Attempts: Min: 1, Avg: 1.0, Max: 1, Diff: 0, Sum: 4]
      [GC Worker Other (ms): Min: 0.0, Avg: 0.0, Max: 0.0, Diff: 0.0, Sum: 0.0]
      [GC Worker Total (ms): Min: 3.6, Avg: 3.6, Max: 3.6, Diff: 0.0, Sum: 14.5]
      [GC Worker End (ms): Min: 917558.0, Avg: 917558.0, Max: 917558.0, Diff: 0.0]
   [Code Root Fixup: 0.0 ms]
   [Code Root Purge: 0.0 ms]
   [Clear CT: 0.1 ms]
   [Other: 0.3 ms]
      [Choose CSet: 0.0 ms]
      [Ref Proc: 0.1 ms]
      [Ref Enq: 0.0 ms]
      [Redirty Cards: 0.1 ms]
      [Humongous Register: 0.0 ms]
      [Humongous Reclaim: 0.0 ms]
      [Free CSet: 0.0 ms]
   [Eden: 79.0M(79.0M)->0.0B(77.0M) Survivors: 1024.0K->2048.0K Heap: 227.1M(256.0M)->148.5M(256.0M)]
 [Times: user=0.02 sys=0.00, real=0.01 secs] 
2020-04-13T15:58:54.601+0800: 917.558: [GC concurrent-root-region-scan-start]
2020-04-13T15:58:54.604+0800: 917.561: [GC concurrent-root-region-scan-end, 0.0025778 secs]
2020-04-13T15:58:54.604+0800: 917.561: [GC concurrent-mark-start]
2020-04-13T15:58:54.622+0800: 917.579: [GC concurrent-mark-end, 0.0182293 secs]
2020-04-13T15:58:54.622+0800: 917.579: [GC remark 2020-04-13T15:58:54.622+0800: 917.579: [Finalize Marking, 0.0003964 secs] 2020-04-13T15:58:54.623+0800: 917.580: [GC ref-proc, 0.0000786 secs] 2020-04-13T15:58:54.623+0800: 917.580: [Unloading, 0.0036189 secs], 0.0052490 secs]
 [Times: user=0.02 sys=0.00, real=0.00 secs] 
2020-04-13T15:58:54.628+0800: 917.585: [GC cleanup 149M->149M(256M), 0.0002808 secs]
 [Times: user=0.00 sys=0.00, real=0.00 secs] 
2020-04-13T15:58:56.390+0800: 919.347: [GC pause (G1 Evacuation Pause) (young), 0.0043977 secs]
   [Parallel Time: 4.0 ms, GC Workers: 4]
      [GC Worker Start (ms): Min: 919347.3, Avg: 919347.3, Max: 919347.3, Diff: 0.0]
      [Ext Root Scanning (ms): Min: 0.3, Avg: 0.8, Max: 2.0, Diff: 1.6, Sum: 3.1]
      [Update RS (ms): Min: 0.6, Avg: 1.8, Max: 2.3, Diff: 1.7, Sum: 7.4]
         [Processed Buffers: Min: 4, Avg: 9.0, Max: 17, Diff: 13, Sum: 36]
      [Scan RS (ms): Min: 0.0, Avg: 0.1, Max: 0.2, Diff: 0.2, Sum: 0.6]
      [Code Root Scanning (ms): Min: 0.0, Avg: 0.0, Max: 0.0, Diff: 0.0, Sum: 0.0]
      [Object Copy (ms): Min: 1.2, Avg: 1.2, Max: 1.3, Diff: 0.1, Sum: 4.8]
      [Termination (ms): Min: 0.0, Avg: 0.0, Max: 0.0, Diff: 0.0, Sum: 0.0]
         [Termination Attempts: Min: 1, Avg: 1.0, Max: 1, Diff: 0, Sum: 4]
      [GC Worker Other (ms): Min: 0.0, Avg: 0.0, Max: 0.0, Diff: 0.0, Sum: 0.0]
      [GC Worker Total (ms): Min: 4.0, Avg: 4.0, Max: 4.0, Diff: 0.0, Sum: 15.9]
      [GC Worker End (ms): Min: 919351.3, Avg: 919351.3, Max: 919351.3, Diff: 0.0]
   [Code Root Fixup: 0.0 ms]
   [Code Root Purge: 0.0 ms]
   [Clear CT: 0.0 ms]
   [Other: 0.3 ms]
      [Choose CSet: 0.0 ms]
      [Ref Proc: 0.1 ms]
      [Ref Enq: 0.0 ms]
      [Redirty Cards: 0.1 ms]
      [Humongous Register: 0.0 ms]
      [Humongous Reclaim: 0.0 ms]
      [Free CSet: 0.0 ms]
   [Eden: 77.0M(77.0M)->0.0B(79.0M) Survivors: 2048.0K->1024.0K Heap: 225.5M(256.0M)->148.3M(256.0M)]
 [Times: user=0.01 sys=0.00, real=0.00 secs] 
2020-04-13T15:58:58.230+0800: 921.188: [GC pause (G1 Evacuation Pause) (young), 0.0079128 secs]
   [Parallel Time: 6.9 ms, GC Workers: 4]
      [GC Worker Start (ms): Min: 921187.8, Avg: 921187.8, Max: 921187.8, Diff: 0.0]
      [Ext Root Scanning (ms): Min: 0.3, Avg: 1.3, Max: 4.5, Diff: 4.2, Sum: 5.3]
      [Update RS (ms): Min: 0.0, Avg: 2.6, Max: 3.6, Diff: 3.6, Sum: 10.5]
         [Processed Buffers: Min: 0, Avg: 9.2, Max: 15, Diff: 15, Sum: 37]
      [Scan RS (ms): Min: 0.0, Avg: 0.5, Max: 0.8, Diff: 0.8, Sum: 1.9]
      [Code Root Scanning (ms): Min: 0.0, Avg: 0.0, Max: 0.0, Diff: 0.0, Sum: 0.0]
      [Object Copy (ms): Min: 1.8, Avg: 2.1, Max: 2.4, Diff: 0.6, Sum: 8.2]
      [Termination (ms): Min: 0.0, Avg: 0.3, Max: 0.4, Diff: 0.4, Sum: 1.1]
         [Termination Attempts: Min: 1, Avg: 1.0, Max: 1, Diff: 0, Sum: 4]
      [GC Worker Other (ms): Min: 0.0, Avg: 0.0, Max: 0.0, Diff: 0.0, Sum: 0.0]
      [GC Worker Total (ms): Min: 6.7, Avg: 6.7, Max: 6.8, Diff: 0.1, Sum: 27.0]
      [GC Worker End (ms): Min: 921194.5, Avg: 921194.6, Max: 921194.6, Diff: 0.1]
   [Code Root Fixup: 0.0 ms]
   [Code Root Purge: 0.0 ms]
   [Clear CT: 0.1 ms]
   [Other: 0.9 ms]
      [Choose CSet: 0.0 ms]
      [Ref Proc: 0.8 ms]
      [Ref Enq: 0.0 ms]
      [Redirty Cards: 0.1 ms]
      [Humongous Register: 0.0 ms]
      [Humongous Reclaim: 0.0 ms]
      [Free CSet: 0.0 ms]
   [Eden: 79.0M(79.0M)->0.0B(79.0M) Survivors: 1024.0K->1024.0K Heap: 227.3M(256.0M)->148.5M(256.0M)]
 [Times: user=0.02 sys=0.00, real=0.00 secs] 
2020-04-13T15:59:00.320+0800: 923.277: [GC pause (G1 Evacuation Pause) (young) (initial-mark), 0.0052822 secs]
   [Parallel Time: 4.2 ms, GC Workers: 4]
      [GC Worker Start (ms): Min: 923277.3, Avg: 923277.3, Max: 923277.3, Diff: 0.0]
      [Ext Root Scanning (ms): Min: 0.5, Avg: 0.5, Max: 0.5, Diff: 0.0, Sum: 2.1]
      [Update RS (ms): Min: 1.8, Avg: 1.8, Max: 1.9, Diff: 0.2, Sum: 7.3]
         [Processed Buffers: Min: 6, Avg: 8.5, Max: 12, Diff: 6, Sum: 34]
      [Scan RS (ms): Min: 0.0, Avg: 0.1, Max: 0.2, Diff: 0.2, Sum: 0.5]
      [Code Root Scanning (ms): Min: 0.0, Avg: 0.0, Max: 0.0, Diff: 0.0, Sum: 0.0]
      [Object Copy (ms): Min: 1.6, Avg: 1.7, Max: 1.7, Diff: 0.0, Sum: 6.6]
      [Termination (ms): Min: 0.0, Avg: 0.0, Max: 0.0, Diff: 0.0, Sum: 0.0]
         [Termination Attempts: Min: 1, Avg: 1.0, Max: 1, Diff: 0, Sum: 4]
      [GC Worker Other (ms): Min: 0.0, Avg: 0.0, Max: 0.0, Diff: 0.0, Sum: 0.0]
      [GC Worker Total (ms): Min: 4.1, Avg: 4.1, Max: 4.1, Diff: 0.0, Sum: 16.5]
      [GC Worker End (ms): Min: 923281.4, Avg: 923281.4, Max: 923281.4, Diff: 0.0]
   [Code Root Fixup: 0.0 ms]
   [Code Root Purge: 0.0 ms]
   [Clear CT: 0.1 ms]
   [Other: 1.0 ms]
      [Choose CSet: 0.0 ms]
      [Ref Proc: 0.8 ms]
      [Ref Enq: 0.0 ms]
      [Redirty Cards: 0.1 ms]
      [Humongous Register: 0.0 ms]
      [Humongous Reclaim: 0.0 ms]
      [Free CSet: 0.0 ms]
   [Eden: 79.0M(79.0M)->0.0B(77.0M) Survivors: 1024.0K->2048.0K Heap: 227.5M(256.0M)->148.7M(256.0M)]
 [Times: user=0.02 sys=0.00, real=0.01 secs] 
2020-04-13T15:59:00.331+0800: 923.288: [GC concurrent-root-region-scan-start]
2020-04-13T15:59:00.335+0800: 923.293: [GC concurrent-root-region-scan-end, 0.0044575 secs]
2020-04-13T15:59:00.335+0800: 923.293: [GC concurrent-mark-start]
2020-04-13T15:59:00.356+0800: 923.313: [GC concurrent-mark-end, 0.0206910 secs]
2020-04-13T15:59:00.356+0800: 923.314: [GC remark 2020-04-13T15:59:00.356+0800: 923.314: [Finalize Marking, 0.0007624 secs] 2020-04-13T15:59:00.357+0800: 923.314: [GC ref-proc, 0.0000601 secs] 2020-04-13T15:59:00.357+0800: 923.314: [Unloading, 0.0045678 secs], 0.0068304 secs]
 [Times: user=0.01 sys=0.01, real=0.01 secs] 
2020-04-13T15:59:00.363+0800: 923.321: [GC cleanup 150M->150M(256M), 0.0003239 secs]
 [Times: user=0.00 sys=0.00, real=0.00 secs] 
2020-04-13T15:59:02.679+0800: 925.636: [GC pause (G1 Evacuation Pause) (young), 0.0042453 secs]
   [Parallel Time: 3.7 ms, GC Workers: 4]
      [GC Worker Start (ms): Min: 925636.3, Avg: 925636.4, Max: 925636.6, Diff: 0.3]
      [Ext Root Scanning (ms): Min: 0.1, Avg: 0.3, Max: 0.5, Diff: 0.4, Sum: 1.3]
      [Update RS (ms): Min: 1.8, Avg: 2.0, Max: 2.2, Diff: 0.4, Sum: 7.9]
         [Processed Buffers: Min: 7, Avg: 9.2, Max: 12, Diff: 5, Sum: 37]
      [Scan RS (ms): Min: 0.0, Avg: 0.1, Max: 0.3, Diff: 0.3, Sum: 0.5]
      [Code Root Scanning (ms): Min: 0.0, Avg: 0.0, Max: 0.0, Diff: 0.0, Sum: 0.0]
      [Object Copy (ms): Min: 1.0, Avg: 1.1, Max: 1.3, Diff: 0.2, Sum: 4.6]
      [Termination (ms): Min: 0.0, Avg: 0.0, Max: 0.0, Diff: 0.0, Sum: 0.0]
         [Termination Attempts: Min: 1, Avg: 1.0, Max: 1, Diff: 0, Sum: 4]
      [GC Worker Other (ms): Min: 0.0, Avg: 0.0, Max: 0.0, Diff: 0.0, Sum: 0.0]
      [GC Worker Total (ms): Min: 3.3, Avg: 3.6, Max: 3.6, Diff: 0.3, Sum: 14.3]
      [GC Worker End (ms): Min: 925639.9, Avg: 925639.9, Max: 925639.9, Diff: 0.0]
   [Code Root Fixup: 0.0 ms]
   [Code Root Purge: 0.0 ms]
   [Clear CT: 0.2 ms]
   [Other: 0.4 ms]
      [Choose CSet: 0.0 ms]
      [Ref Proc: 0.2 ms]
      [Ref Enq: 0.0 ms]
      [Redirty Cards: 0.0 ms]
      [Humongous Register: 0.0 ms]
      [Humongous Reclaim: 0.0 ms]
      [Free CSet: 0.0 ms]
   [Eden: 77.0M(77.0M)->0.0B(79.0M) Survivors: 2048.0K->1024.0K Heap: 225.7M(256.0M)->148.4M(256.0M)]
 [Times: user=0.01 sys=0.00, real=0.01 secs] 
2020-04-13T15:59:04.599+0800: 927.556: [GC pause (G1 Evacuation Pause) (young), 0.0045429 secs]
   [Parallel Time: 3.6 ms, GC Workers: 4]
      [GC Worker Start (ms): Min: 927556.3, Avg: 927556.3, Max: 927556.3, Diff: 0.0]
      [Ext Root Scanning (ms): Min: 0.3, Avg: 0.4, Max: 0.5, Diff: 0.2, Sum: 1.4]
      [Update RS (ms): Min: 1.9, Avg: 2.0, Max: 2.2, Diff: 0.4, Sum: 7.9]
         [Processed Buffers: Min: 6, Avg: 9.5, Max: 13, Diff: 7, Sum: 38]
      [Scan RS (ms): Min: 0.0, Avg: 0.0, Max: 0.1, Diff: 0.1, Sum: 0.1]
      [Code Root Scanning (ms): Min: 0.0, Avg: 0.0, Max: 0.0, Diff: 0.0, Sum: 0.0]
      [Object Copy (ms): Min: 1.0, Avg: 1.2, Max: 1.3, Diff: 0.3, Sum: 4.7]
      [Termination (ms): Min: 0.0, Avg: 0.0, Max: 0.0, Diff: 0.0, Sum: 0.0]
         [Termination Attempts: Min: 1, Avg: 1.0, Max: 1, Diff: 0, Sum: 4]
      [GC Worker Other (ms): Min: 0.0, Avg: 0.0, Max: 0.0, Diff: 0.0, Sum: 0.1]
      [GC Worker Total (ms): Min: 3.6, Avg: 3.6, Max: 3.6, Diff: 0.0, Sum: 14.3]
      [GC Worker End (ms): Min: 927559.8, Avg: 927559.9, Max: 927559.9, Diff: 0.0]
   [Code Root Fixup: 0.0 ms]
   [Code Root Purge: 0.0 ms]
   [Clear CT: 0.6 ms]
   [Other: 0.3 ms]
      [Choose CSet: 0.0 ms]
      [Ref Proc: 0.1 ms]
      [Ref Enq: 0.0 ms]
      [Redirty Cards: 0.1 ms]
      [Humongous Register: 0.0 ms]
      [Humongous Reclaim: 0.0 ms]
      [Free CSet: 0.0 ms]
   [Eden: 79.0M(79.0M)->0.0B(79.0M) Survivors: 1024.0K->1024.0K Heap: 227.4M(256.0M)->148.6M(256.0M)]
 [Times: user=0.01 sys=0.00, real=0.01 secs] 
2020-04-13T15:59:06.715+0800: 929.673: [GC pause (G1 Evacuation Pause) (young) (initial-mark), 0.0055059 secs]
   [Parallel Time: 5.1 ms, GC Workers: 4]
      [GC Worker Start (ms): Min: 929672.6, Avg: 929672.7, Max: 929673.0, Diff: 0.5]
      [Ext Root Scanning (ms): Min: 0.2, Avg: 0.6, Max: 0.8, Diff: 0.6, Sum: 2.3]
      [Update RS (ms): Min: 0.0, Avg: 1.9, Max: 2.5, Diff: 2.5, Sum: 7.4]
         [Processed Buffers: Min: 0, Avg: 9.8, Max: 16, Diff: 16, Sum: 39]
      [Scan RS (ms): Min: 0.0, Avg: 0.0, Max: 0.0, Diff: 0.0, Sum: 0.0]
      [Code Root Scanning (ms): Min: 0.0, Avg: 0.0, Max: 0.0, Diff: 0.0, Sum: 0.0]
      [Object Copy (ms): Min: 1.2, Avg: 2.0, Max: 4.3, Diff: 3.1, Sum: 8.2]
      [Termination (ms): Min: 0.0, Avg: 0.4, Max: 0.6, Diff: 0.6, Sum: 1.7]
         [Termination Attempts: Min: 1, Avg: 1.5, Max: 2, Diff: 1, Sum: 6]
      [GC Worker Other (ms): Min: 0.0, Avg: 0.0, Max: 0.0, Diff: 0.0, Sum: 0.0]
      [GC Worker Total (ms): Min: 4.6, Avg: 4.9, Max: 5.1, Diff: 0.4, Sum: 19.7]
      [GC Worker End (ms): Min: 929677.6, Avg: 929677.7, Max: 929677.7, Diff: 0.0]
   [Code Root Fixup: 0.0 ms]
   [Code Root Purge: 0.0 ms]
   [Clear CT: 0.0 ms]
   [Other: 0.3 ms]
      [Choose CSet: 0.0 ms]
      [Ref Proc: 0.1 ms]
      [Ref Enq: 0.0 ms]
      [Redirty Cards: 0.0 ms]
      [Humongous Register: 0.0 ms]
      [Humongous Reclaim: 0.0 ms]
      [Free CSet: 0.0 ms]
   [Eden: 79.0M(79.0M)->0.0B(77.0M) Survivors: 1024.0K->2048.0K Heap: 227.6M(256.0M)->149.0M(256.0M)]
 [Times: user=0.02 sys=0.00, real=0.01 secs] 
2020-04-13T15:59:06.721+0800: 929.678: [GC concurrent-root-region-scan-start]
2020-04-13T15:59:06.724+0800: 929.681: [GC concurrent-root-region-scan-end, 0.0028935 secs]
2020-04-13T15:59:06.724+0800: 929.681: [GC concurrent-mark-start]
2020-04-13T15:59:06.740+0800: 929.697: [GC concurrent-mark-end, 0.0161466 secs]
2020-04-13T15:59:06.740+0800: 929.697: [GC remark 2020-04-13T15:59:06.740+0800: 929.697: [Finalize Marking, 0.0001019 secs] 2020-04-13T15:59:06.740+0800: 929.698: [GC ref-proc, 0.0000557 secs] 2020-04-13T15:59:06.740+0800: 929.698: [Unloading, 0.0035267 secs], 0.0050309 secs]
 [Times: user=0.01 sys=0.00, real=0.00 secs] 
2020-04-13T15:59:06.746+0800: 929.703: [GC cleanup 150M->150M(256M), 0.0006645 secs]
 [Times: user=0.00 sys=0.00, real=0.00 secs] 
2020-04-13T15:59:08.635+0800: 931.592: [GC pause (G1 Evacuation Pause) (young), 0.0070483 secs]
   [Parallel Time: 6.2 ms, GC Workers: 4]
      [GC Worker Start (ms): Min: 931592.2, Avg: 931592.3, Max: 931592.6, Diff: 0.4]
      [Ext Root Scanning (ms): Min: 0.0, Avg: 0.3, Max: 0.5, Diff: 0.5, Sum: 1.2]
      [Update RS (ms): Min: 0.0, Avg: 2.2, Max: 3.4, Diff: 3.4, Sum: 8.8]
         [Processed Buffers: Min: 0, Avg: 9.8, Max: 17, Diff: 17, Sum: 39]
      [Scan RS (ms): Min: 0.0, Avg: 0.0, Max: 0.0, Diff: 0.0, Sum: 0.0]
      [Code Root Scanning (ms): Min: 0.0, Avg: 0.0, Max: 0.0, Diff: 0.0, Sum: 0.0]
      [Object Copy (ms): Min: 1.4, Avg: 2.7, Max: 5.5, Diff: 4.2, Sum: 11.0]
      [Termination (ms): Min: 0.0, Avg: 0.6, Max: 1.0, Diff: 1.0, Sum: 2.5]
         [Termination Attempts: Min: 1, Avg: 1.2, Max: 2, Diff: 1, Sum: 5]
      [GC Worker Other (ms): Min: 0.0, Avg: 0.0, Max: 0.0, Diff: 0.0, Sum: 0.0]
      [GC Worker Total (ms): Min: 5.5, Avg: 5.9, Max: 6.2, Diff: 0.6, Sum: 23.6]
      [GC Worker End (ms): Min: 931598.2, Avg: 931598.2, Max: 931598.4, Diff: 0.2]
   [Code Root Fixup: 0.0 ms]
   [Code Root Purge: 0.0 ms]
   [Clear CT: 0.1 ms]
   [Other: 0.8 ms]
      [Choose CSet: 0.0 ms]
      [Ref Proc: 0.6 ms]
      [Ref Enq: 0.0 ms]
      [Redirty Cards: 0.1 ms]
      [Humongous Register: 0.0 ms]
      [Humongous Reclaim: 0.0 ms]
      [Free CSet: 0.0 ms]
   [Eden: 77.0M(77.0M)->0.0B(79.0M) Survivors: 2048.0K->1024.0K Heap: 226.0M(256.0M)->148.8M(256.0M)]
 [Times: user=0.01 sys=0.00, real=0.01 secs] 
2020-04-13T15:59:10.529+0800: 933.486: [GC pause (G1 Evacuation Pause) (young), 0.0059992 secs]
   [Parallel Time: 4.8 ms, GC Workers: 4]
      [GC Worker Start (ms): Min: 933486.3, Avg: 933486.5, Max: 933486.8, Diff: 0.5]
      [Ext Root Scanning (ms): Min: 0.0, Avg: 0.4, Max: 0.6, Diff: 0.6, Sum: 1.5]
      [Update RS (ms): Min: 1.1, Avg: 2.3, Max: 3.5, Diff: 2.4, Sum: 9.3]
         [Processed Buffers: Min: 6, Avg: 11.0, Max: 16, Diff: 10, Sum: 44]
      [Scan RS (ms): Min: 0.0, Avg: 0.0, Max: 0.0, Diff: 0.0, Sum: 0.0]
      [Code Root Scanning (ms): Min: 0.0, Avg: 0.0, Max: 0.0, Diff: 0.0, Sum: 0.0]
      [Object Copy (ms): Min: 0.6, Avg: 1.7, Max: 3.0, Diff: 2.4, Sum: 6.9]
      [Termination (ms): Min: 0.0, Avg: 0.1, Max: 0.2, Diff: 0.2, Sum: 0.6]
         [Termination Attempts: Min: 1, Avg: 1.0, Max: 1, Diff: 0, Sum: 4]
      [GC Worker Other (ms): Min: 0.0, Avg: 0.0, Max: 0.0, Diff: 0.0, Sum: 0.0]
      [GC Worker Total (ms): Min: 4.3, Avg: 4.6, Max: 4.7, Diff: 0.5, Sum: 18.3]
      [GC Worker End (ms): Min: 933491.0, Avg: 933491.0, Max: 933491.1, Diff: 0.1]
   [Code Root Fixup: 0.0 ms]
   [Code Root Purge: 0.0 ms]
   [Clear CT: 0.1 ms]
   [Other: 1.0 ms]
      [Choose CSet: 0.0 ms]
      [Ref Proc: 0.8 ms]
      [Ref Enq: 0.0 ms]
      [Redirty Cards: 0.1 ms]
      [Humongous Register: 0.0 ms]
      [Humongous Reclaim: 0.0 ms]
      [Free CSet: 0.0 ms]
   [Eden: 79.0M(79.0M)->0.0B(77.0M) Survivors: 1024.0K->2048.0K Heap: 227.8M(256.0M)->149.0M(256.0M)]
 [Times: user=0.02 sys=0.00, real=0.01 secs] 
2020-04-13T15:59:12.425+0800: 935.382: [GC pause (G1 Evacuation Pause) (young) (initial-mark), 0.0047113 secs]
   [Parallel Time: 3.8 ms, GC Workers: 4]
      [GC Worker Start (ms): Min: 935381.8, Avg: 935381.8, Max: 935381.8, Diff: 0.0]
      [Ext Root Scanning (ms): Min: 0.5, Avg: 0.5, Max: 0.5, Diff: 0.0, Sum: 2.1]
      [Update RS (ms): Min: 1.9, Avg: 1.9, Max: 1.9, Diff: 0.0, Sum: 7.6]
         [Processed Buffers: Min: 6, Avg: 9.5, Max: 17, Diff: 11, Sum: 38]
      [Scan RS (ms): Min: 0.0, Avg: 0.1, Max: 0.1, Diff: 0.1, Sum: 0.3]
      [Code Root Scanning (ms): Min: 0.0, Avg: 0.0, Max: 0.0, Diff: 0.0, Sum: 0.0]
      [Object Copy (ms): Min: 1.2, Avg: 1.2, Max: 1.3, Diff: 0.1, Sum: 4.9]
      [Termination (ms): Min: 0.0, Avg: 0.0, Max: 0.0, Diff: 0.0, Sum: 0.0]
         [Termination Attempts: Min: 1, Avg: 1.0, Max: 1, Diff: 0, Sum: 4]
      [GC Worker Other (ms): Min: 0.0, Avg: 0.0, Max: 0.0, Diff: 0.0, Sum: 0.0]
      [GC Worker Total (ms): Min: 3.7, Avg: 3.8, Max: 3.8, Diff: 0.0, Sum: 15.0]
      [GC Worker End (ms): Min: 935385.6, Avg: 935385.6, Max: 935385.6, Diff: 0.0]
   [Code Root Fixup: 0.0 ms]
   [Code Root Purge: 0.0 ms]
   [Clear CT: 0.0 ms]
   [Other: 0.8 ms]
      [Choose CSet: 0.0 ms]
      [Ref Proc: 0.6 ms]
      [Ref Enq: 0.0 ms]
      [Redirty Cards: 0.1 ms]
      [Humongous Register: 0.0 ms]
      [Humongous Reclaim: 0.0 ms]
      [Free CSet: 0.0 ms]
   [Eden: 77.0M(77.0M)->0.0B(79.0M) Survivors: 2048.0K->1024.0K Heap: 226.0M(256.0M)->148.7M(256.0M)]
 [Times: user=0.02 sys=0.00, real=0.00 secs] 
2020-04-13T15:59:12.430+0800: 935.387: [GC concurrent-root-region-scan-start]
2020-04-13T15:59:12.434+0800: 935.391: [GC concurrent-root-region-scan-end, 0.0040714 secs]
2020-04-13T15:59:12.434+0800: 935.391: [GC concurrent-mark-start]
2020-04-13T15:59:12.455+0800: 935.412: [GC concurrent-mark-end, 0.0212538 secs]
2020-04-13T15:59:12.455+0800: 935.412: [GC remark 2020-04-13T15:59:12.455+0800: 935.412: [Finalize Marking, 0.0001033 secs] 2020-04-13T15:59:12.455+0800: 935.412: [GC ref-proc, 0.0000608 secs] 2020-04-13T15:59:12.455+0800: 935.412: [Unloading, 0.0035640 secs], 0.0049695 secs]
 [Times: user=0.01 sys=0.00, real=0.01 secs] 
2020-04-13T15:59:12.460+0800: 935.417: [GC cleanup 150M->150M(256M), 0.0002838 secs]
 [Times: user=0.00 sys=0.00, real=0.00 secs] 
2020-04-13T15:59:14.193+0800: 937.150: [GC pause (G1 Evacuation Pause) (young), 0.0081855 secs]
   [Parallel Time: 7.2 ms, GC Workers: 4]
      [GC Worker Start (ms): Min: 937149.8, Avg: 937149.9, Max: 937149.9, Diff: 0.1]
      [Ext Root Scanning (ms): Min: 0.6, Avg: 1.0, Max: 2.0, Diff: 1.4, Sum: 3.8]
      [Update RS (ms): Min: 1.9, Avg: 3.2, Max: 4.3, Diff: 2.4, Sum: 13.0]
         [Processed Buffers: Min: 2, Avg: 9.0, Max: 15, Diff: 13, Sum: 36]
      [Scan RS (ms): Min: 0.0, Avg: 0.1, Max: 0.2, Diff: 0.2, Sum: 0.3]
      [Code Root Scanning (ms): Min: 0.0, Avg: 0.0, Max: 0.0, Diff: 0.0, Sum: 0.0]
      [Object Copy (ms): Min: 1.3, Avg: 2.1, Max: 2.7, Diff: 1.4, Sum: 8.6]
      [Termination (ms): Min: 0.0, Avg: 0.4, Max: 0.8, Diff: 0.8, Sum: 1.8]
         [Termination Attempts: Min: 1, Avg: 1.0, Max: 1, Diff: 0, Sum: 4]
      [GC Worker Other (ms): Min: 0.0, Avg: 0.0, Max: 0.0, Diff: 0.0, Sum: 0.1]
      [GC Worker Total (ms): Min: 6.7, Avg: 6.9, Max: 7.1, Diff: 0.3, Sum: 27.5]
      [GC Worker End (ms): Min: 937156.7, Avg: 937156.7, Max: 937156.9, Diff: 0.2]
   [Code Root Fixup: 0.0 ms]
   [Code Root Purge: 0.0 ms]
   [Clear CT: 0.1 ms]
   [Other: 0.9 ms]
      [Choose CSet: 0.0 ms]
      [Ref Proc: 0.7 ms]
      [Ref Enq: 0.0 ms]
      [Redirty Cards: 0.0 ms]
      [Humongous Register: 0.0 ms]
      [Humongous Reclaim: 0.0 ms]
      [Free CSet: 0.0 ms]
   [Eden: 79.0M(79.0M)->0.0B(79.0M) Survivors: 1024.0K->1024.0K Heap: 227.7M(256.0M)->148.8M(256.0M)]
 [Times: user=0.02 sys=0.00, real=0.01 secs] 
2020-04-13T15:59:16.174+0800: 939.131: [GC pause (G1 Evacuation Pause) (young), 0.0041321 secs]
   [Parallel Time: 3.7 ms, GC Workers: 4]
      [GC Worker Start (ms): Min: 939131.2, Avg: 939131.2, Max: 939131.2, Diff: 0.0]
      [Ext Root Scanning (ms): Min: 0.3, Avg: 0.3, Max: 0.5, Diff: 0.2, Sum: 1.4]
      [Update RS (ms): Min: 1.8, Avg: 1.9, Max: 2.1, Diff: 0.3, Sum: 7.7]
         [Processed Buffers: Min: 8, Avg: 10.2, Max: 13, Diff: 5, Sum: 41]
      [Scan RS (ms): Min: 0.0, Avg: 0.0, Max: 0.0, Diff: 0.0, Sum: 0.0]
      [Code Root Scanning (ms): Min: 0.0, Avg: 0.0, Max: 0.0, Diff: 0.0, Sum: 0.0]
      [Object Copy (ms): Min: 1.2, Avg: 1.3, Max: 1.4, Diff: 0.2, Sum: 5.4]
      [Termination (ms): Min: 0.0, Avg: 0.0, Max: 0.0, Diff: 0.0, Sum: 0.0]
         [Termination Attempts: Min: 1, Avg: 1.2, Max: 2, Diff: 1, Sum: 5]
      [GC Worker Other (ms): Min: 0.0, Avg: 0.0, Max: 0.0, Diff: 0.0, Sum: 0.1]
      [GC Worker Total (ms): Min: 3.6, Avg: 3.7, Max: 3.7, Diff: 0.0, Sum: 14.6]
      [GC Worker End (ms): Min: 939134.8, Avg: 939134.8, Max: 939134.8, Diff: 0.0]
   [Code Root Fixup: 0.0 ms]
   [Code Root Purge: 0.0 ms]
   [Clear CT: 0.1 ms]
   [Other: 0.3 ms]
      [Choose CSet: 0.0 ms]
      [Ref Proc: 0.1 ms]
      [Ref Enq: 0.0 ms]
      [Redirty Cards: 0.1 ms]
      [Humongous Register: 0.0 ms]
      [Humongous Reclaim: 0.0 ms]
      [Free CSet: 0.0 ms]
   [Eden: 79.0M(79.0M)->0.0B(76.0M) Survivors: 1024.0K->2048.0K Heap: 227.8M(256.0M)->149.3M(256.0M)]
 [Times: user=0.01 sys=0.00, real=0.00 secs] 
2020-04-13T15:59:17.972+0800: 940.929: [GC pause (G1 Evacuation Pause) (young) (initial-mark), 0.0041419 secs]
   [Parallel Time: 3.8 ms, GC Workers: 4]
      [GC Worker Start (ms): Min: 940929.4, Avg: 940929.5, Max: 940929.5, Diff: 0.1]
      [Ext Root Scanning (ms): Min: 0.6, Avg: 0.6, Max: 0.8, Diff: 0.2, Sum: 2.6]
      [Update RS (ms): Min: 1.8, Avg: 1.9, Max: 2.0, Diff: 0.1, Sum: 7.6]
         [Processed Buffers: Min: 6, Avg: 8.5, Max: 12, Diff: 6, Sum: 34]
      [Scan RS (ms): Min: 0.0, Avg: 0.0, Max: 0.1, Diff: 0.1, Sum: 0.2]
      [Code Root Scanning (ms): Min: 0.0, Avg: 0.0, Max: 0.0, Diff: 0.0, Sum: 0.0]
      [Object Copy (ms): Min: 1.0, Avg: 1.1, Max: 1.2, Diff: 0.1, Sum: 4.4]
      [Termination (ms): Min: 0.0, Avg: 0.0, Max: 0.0, Diff: 0.0, Sum: 0.1]
         [Termination Attempts: Min: 1, Avg: 1.0, Max: 1, Diff: 0, Sum: 4]
      [GC Worker Other (ms): Min: 0.0, Avg: 0.0, Max: 0.0, Diff: 0.0, Sum: 0.0]
      [GC Worker Total (ms): Min: 3.7, Avg: 3.7, Max: 3.7, Diff: 0.1, Sum: 14.8]
      [GC Worker End (ms): Min: 940933.1, Avg: 940933.2, Max: 940933.2, Diff: 0.0]
   [Code Root Fixup: 0.0 ms]
   [Code Root Purge: 0.0 ms]
   [Clear CT: 0.0 ms]
   [Other: 0.3 ms]
      [Choose CSet: 0.0 ms]
      [Ref Proc: 0.1 ms]
      [Ref Enq: 0.0 ms]
      [Redirty Cards: 0.1 ms]
      [Humongous Register: 0.0 ms]
      [Humongous Reclaim: 0.0 ms]
      [Free CSet: 0.0 ms]
   [Eden: 76.0M(76.0M)->0.0B(78.0M) Survivors: 2048.0K->1024.0K Heap: 225.3M(256.0M)->148.9M(256.0M)]
 [Times: user=0.01 sys=0.00, real=0.00 secs] 
2020-04-13T15:59:17.977+0800: 940.934: [GC concurrent-root-region-scan-start]
2020-04-13T15:59:17.979+0800: 940.936: [GC concurrent-root-region-scan-end, 0.0022528 secs]
2020-04-13T15:59:17.979+0800: 940.936: [GC concurrent-mark-start]
2020-04-13T15:59:17.999+0800: 940.956: [GC concurrent-mark-end, 0.0202736 secs]
2020-04-13T15:59:17.999+0800: 940.956: [GC remark 2020-04-13T15:59:17.999+0800: 940.956: [Finalize Marking, 0.0001248 secs] 2020-04-13T15:59:17.999+0800: 940.957: [GC ref-proc, 0.0000592 secs] 2020-04-13T15:59:18.000+0800: 940.957: [Unloading, 0.0032481 secs], 0.0047324 secs]
 [Times: user=0.01 sys=0.00, real=0.01 secs] 
2020-04-13T15:59:18.004+0800: 940.961: [GC cleanup 150M->150M(256M), 0.0003163 secs]
 [Times: user=0.00 sys=0.00, real=0.00 secs] 
2020-04-13T15:59:19.708+0800: 942.665: [GC pause (G1 Evacuation Pause) (young), 0.0051419 secs]
   [Parallel Time: 3.3 ms, GC Workers: 4]
      [GC Worker Start (ms): Min: 942665.4, Avg: 942665.4, Max: 942665.4, Diff: 0.0]
      [Ext Root Scanning (ms): Min: 0.3, Avg: 0.4, Max: 0.5, Diff: 0.2, Sum: 1.5]
      [Update RS (ms): Min: 1.7, Avg: 1.8, Max: 2.0, Diff: 0.3, Sum: 7.4]
         [Processed Buffers: Min: 7, Avg: 9.8, Max: 14, Diff: 7, Sum: 39]
      [Scan RS (ms): Min: 0.0, Avg: 0.0, Max: 0.0, Diff: 0.0, Sum: 0.0]
      [Code Root Scanning (ms): Min: 0.0, Avg: 0.0, Max: 0.0, Diff: 0.0, Sum: 0.0]
      [Object Copy (ms): Min: 1.0, Avg: 1.1, Max: 1.1, Diff: 0.1, Sum: 4.3]
      [Termination (ms): Min: 0.0, Avg: 0.0, Max: 0.0, Diff: 0.0, Sum: 0.0]
         [Termination Attempts: Min: 1, Avg: 1.0, Max: 1, Diff: 0, Sum: 4]
      [GC Worker Other (ms): Min: 0.0, Avg: 0.0, Max: 0.0, Diff: 0.0, Sum: 0.0]
      [GC Worker Total (ms): Min: 3.3, Avg: 3.3, Max: 3.3, Diff: 0.0, Sum: 13.3]
      [GC Worker End (ms): Min: 942668.7, Avg: 942668.7, Max: 942668.7, Diff: 0.0]
   [Code Root Fixup: 0.0 ms]
   [Code Root Purge: 0.0 ms]
   [Clear CT: 0.1 ms]
   [Other: 1.7 ms]
      [Choose CSet: 0.0 ms]
      [Ref Proc: 0.8 ms]
      [Ref Enq: 0.0 ms]
      [Redirty Cards: 0.4 ms]
      [Humongous Register: 0.0 ms]
      [Humongous Reclaim: 0.0 ms]
      [Free CSet: 0.0 ms]
   [Eden: 78.0M(78.0M)->0.0B(10.0M) Survivors: 1024.0K->2048.0K Heap: 226.9M(256.0M)->149.3M(256.0M)]
 [Times: user=0.01 sys=0.00, real=0.01 secs] 
2020-04-13T15:59:19.938+0800: 942.895: [GC pause (G1 Evacuation Pause) (mixed), 0.0074219 secs]
   [Parallel Time: 6.2 ms, GC Workers: 4]
      [GC Worker Start (ms): Min: 942895.1, Avg: 942895.1, Max: 942895.1, Diff: 0.0]
      [Ext Root Scanning (ms): Min: 0.3, Avg: 0.4, Max: 0.7, Diff: 0.4, Sum: 1.7]
      [Update RS (ms): Min: 1.5, Avg: 1.8, Max: 1.9, Diff: 0.4, Sum: 7.2]
         [Processed Buffers: Min: 6, Avg: 9.0, Max: 15, Diff: 9, Sum: 36]
      [Scan RS (ms): Min: 0.5, Avg: 0.5, Max: 0.6, Diff: 0.1, Sum: 2.1]
      [Code Root Scanning (ms): Min: 0.0, Avg: 0.8, Max: 3.2, Diff: 3.2, Sum: 3.2]
      [Object Copy (ms): Min: 0.0, Avg: 1.6, Max: 2.2, Diff: 2.2, Sum: 6.4]
      [Termination (ms): Min: 0.0, Avg: 0.9, Max: 1.3, Diff: 1.3, Sum: 3.6]
         [Termination Attempts: Min: 1, Avg: 1.8, Max: 4, Diff: 3, Sum: 7]
      [GC Worker Other (ms): Min: 0.0, Avg: 0.0, Max: 0.0, Diff: 0.0, Sum: 0.0]
      [GC Worker Total (ms): Min: 6.0, Avg: 6.0, Max: 6.1, Diff: 0.2, Sum: 24.1]
      [GC Worker End (ms): Min: 942901.1, Avg: 942901.1, Max: 942901.2, Diff: 0.1]
   [Code Root Fixup: 0.5 ms]
   [Code Root Purge: 0.0 ms]
   [Clear CT: 0.0 ms]
   [Other: 0.7 ms]
      [Choose CSet: 0.0 ms]
      [Ref Proc: 0.2 ms]
      [Ref Enq: 0.0 ms]
      [Redirty Cards: 0.1 ms]
      [Humongous Register: 0.0 ms]
      [Humongous Reclaim: 0.0 ms]
      [Free CSet: 0.4 ms]
   [Eden: 10.0M(10.0M)->0.0B(79.0M) Survivors: 2048.0K->1024.0K Heap: 159.3M(256.0M)->148.3M(256.0M)]
 [Times: user=0.02 sys=0.00, real=0.01 secs] 
2020-04-13T15:59:21.705+0800: 944.662: [GC pause (G1 Evacuation Pause) (young), 0.0080379 secs]
   [Parallel Time: 6.2 ms, GC Workers: 4]
      [GC Worker Start (ms): Min: 944662.3, Avg: 944662.3, Max: 944662.3, Diff: 0.0]
      [Ext Root Scanning (ms): Min: 0.3, Avg: 0.4, Max: 0.5, Diff: 0.2, Sum: 1.5]
      [Update RS (ms): Min: 2.5, Avg: 2.8, Max: 3.3, Diff: 0.8, Sum: 11.3]
         [Processed Buffers: Min: 8, Avg: 11.2, Max: 15, Diff: 7, Sum: 45]
      [Scan RS (ms): Min: 0.0, Avg: 0.2, Max: 0.5, Diff: 0.5, Sum: 0.6]
      [Code Root Scanning (ms): Min: 0.0, Avg: 0.0, Max: 0.1, Diff: 0.1, Sum: 0.1]
      [Object Copy (ms): Min: 1.7, Avg: 2.3, Max: 2.9, Diff: 1.2, Sum: 9.1]
      [Termination (ms): Min: 0.0, Avg: 0.4, Max: 0.8, Diff: 0.8, Sum: 1.7]
         [Termination Attempts: Min: 1, Avg: 1.0, Max: 1, Diff: 0, Sum: 4]
      [GC Worker Other (ms): Min: 0.0, Avg: 0.0, Max: 0.0, Diff: 0.0, Sum: 0.0]
      [GC Worker Total (ms): Min: 6.0, Avg: 6.1, Max: 6.1, Diff: 0.1, Sum: 24.2]
      [GC Worker End (ms): Min: 944668.2, Avg: 944668.3, Max: 944668.4, Diff: 0.1]
   [Code Root Fixup: 0.0 ms]
   [Code Root Purge: 0.0 ms]
   [Clear CT: 0.0 ms]
   [Other: 1.8 ms]
      [Choose CSet: 0.0 ms]
      [Ref Proc: 1.6 ms]
      [Ref Enq: 0.0 ms]
      [Redirty Cards: 0.1 ms]
      [Humongous Register: 0.0 ms]
      [Humongous Reclaim: 0.0 ms]
      [Free CSet: 0.0 ms]
   [Eden: 79.0M(79.0M)->0.0B(79.0M) Survivors: 1024.0K->1024.0K Heap: 227.3M(256.0M)->148.4M(256.0M)]
 [Times: user=0.02 sys=0.00, real=0.01 secs] 
2020-04-13T15:59:23.529+0800: 946.486: [GC pause (G1 Evacuation Pause) (young) (initial-mark), 0.0063464 secs]
   [Parallel Time: 4.9 ms, GC Workers: 4]
      [GC Worker Start (ms): Min: 946486.0, Avg: 946486.0, Max: 946486.1, Diff: 0.0]
      [Ext Root Scanning (ms): Min: 0.5, Avg: 0.5, Max: 0.6, Diff: 0.1, Sum: 2.1]
      [Update RS (ms): Min: 1.9, Avg: 2.0, Max: 2.0, Diff: 0.1, Sum: 7.9]
         [Processed Buffers: Min: 7, Avg: 9.2, Max: 12, Diff: 5, Sum: 37]
      [Scan RS (ms): Min: 0.0, Avg: 0.0, Max: 0.0, Diff: 0.0, Sum: 0.0]
      [Code Root Scanning (ms): Min: 0.0, Avg: 0.0, Max: 0.0, Diff: 0.0, Sum: 0.0]
      [Object Copy (ms): Min: 2.1, Avg: 2.2, Max: 2.3, Diff: 0.3, Sum: 8.6]
      [Termination (ms): Min: 0.0, Avg: 0.1, Max: 0.2, Diff: 0.2, Sum: 0.6]
         [Termination Attempts: Min: 1, Avg: 1.0, Max: 1, Diff: 0, Sum: 4]
      [GC Worker Other (ms): Min: 0.0, Avg: 0.0, Max: 0.0, Diff: 0.0, Sum: 0.0]
      [GC Worker Total (ms): Min: 4.8, Avg: 4.8, Max: 4.8, Diff: 0.1, Sum: 19.3]
      [GC Worker End (ms): Min: 946490.8, Avg: 946490.9, Max: 946490.9, Diff: 0.0]
   [Code Root Fixup: 0.1 ms]
   [Code Root Purge: 0.0 ms]
   [Clear CT: 0.1 ms]
   [Other: 1.3 ms]
      [Choose CSet: 0.0 ms]
      [Ref Proc: 0.9 ms]
      [Ref Enq: 0.0 ms]
      [Redirty Cards: 0.2 ms]
      [Humongous Register: 0.0 ms]
      [Humongous Reclaim: 0.0 ms]
      [Free CSet: 0.0 ms]
   [Eden: 79.0M(79.0M)->0.0B(79.0M) Survivors: 1024.0K->1024.0K Heap: 227.4M(256.0M)->148.5M(256.0M)]
 [Times: user=0.01 sys=0.00, real=0.01 secs] 
2020-04-13T15:59:23.536+0800: 946.493: [GC concurrent-root-region-scan-start]
2020-04-13T15:59:23.539+0800: 946.496: [GC concurrent-root-region-scan-end, 0.0035473 secs]
2020-04-13T15:59:23.539+0800: 946.496: [GC concurrent-mark-start]
2020-04-13T15:59:23.558+0800: 946.515: [GC concurrent-mark-end, 0.0186589 secs]
2020-04-13T15:59:23.558+0800: 946.515: [GC remark 2020-04-13T15:59:23.558+0800: 946.515: [Finalize Marking, 0.0001047 secs] 2020-04-13T15:59:23.558+0800: 946.515: [GC ref-proc, 0.0000720 secs] 2020-04-13T15:59:23.558+0800: 946.515: [Unloading, 0.0032951 secs], 0.0050416 secs]
 [Times: user=0.01 sys=0.00, real=0.01 secs] 
2020-04-13T15:59:23.563+0800: 946.520: [GC cleanup 150M->150M(256M), 0.0002951 secs]
 [Times: user=0.00 sys=0.00, real=0.00 secs] 
2020-04-13T15:59:25.324+0800: 948.281: [GC pause (G1 Evacuation Pause) (young), 0.0038239 secs]
   [Parallel Time: 3.5 ms, GC Workers: 4]
      [GC Worker Start (ms): Min: 948281.3, Avg: 948281.3, Max: 948281.3, Diff: 0.0]
      [Ext Root Scanning (ms): Min: 0.3, Avg: 0.4, Max: 0.5, Diff: 0.1, Sum: 1.5]
      [Update RS (ms): Min: 1.9, Avg: 1.9, Max: 1.9, Diff: 0.1, Sum: 7.6]
         [Processed Buffers: Min: 7, Avg: 10.2, Max: 14, Diff: 7, Sum: 41]
      [Scan RS (ms): Min: 0.0, Avg: 0.0, Max: 0.0, Diff: 0.0, Sum: 0.0]
      [Code Root Scanning (ms): Min: 0.0, Avg: 0.0, Max: 0.0, Diff: 0.0, Sum: 0.0]
      [Object Copy (ms): Min: 1.1, Avg: 1.1, Max: 1.2, Diff: 0.1, Sum: 4.6]
      [Termination (ms): Min: 0.0, Avg: 0.0, Max: 0.0, Diff: 0.0, Sum: 0.0]
         [Termination Attempts: Min: 1, Avg: 1.0, Max: 1, Diff: 0, Sum: 4]
      [GC Worker Other (ms): Min: 0.0, Avg: 0.0, Max: 0.0, Diff: 0.0, Sum: 0.0]
      [GC Worker Total (ms): Min: 3.4, Avg: 3.4, Max: 3.5, Diff: 0.0, Sum: 13.7]
      [GC Worker End (ms): Min: 948284.7, Avg: 948284.7, Max: 948284.7, Diff: 0.0]
   [Code Root Fixup: 0.0 ms]
   [Code Root Purge: 0.0 ms]
   [Clear CT: 0.1 ms]
   [Other: 0.2 ms]
      [Choose CSet: 0.0 ms]
      [Ref Proc: 0.1 ms]
      [Ref Enq: 0.0 ms]
      [Redirty Cards: 0.1 ms]
      [Humongous Register: 0.0 ms]
      [Humongous Reclaim: 0.0 ms]
      [Free CSet: 0.0 ms]
   [Eden: 79.0M(79.0M)->0.0B(77.0M) Survivors: 1024.0K->2048.0K Heap: 227.5M(256.0M)->148.9M(256.0M)]
 [Times: user=0.01 sys=0.00, real=0.00 secs] 
2020-04-13T15:59:28.169+0800: 951.126: [GC pause (G1 Evacuation Pause) (young), 0.0066790 secs]
   [Parallel Time: 5.8 ms, GC Workers: 4]
      [GC Worker Start (ms): Min: 951125.8, Avg: 951126.2, Max: 951127.3, Diff: 1.5]
      [Ext Root Scanning (ms): Min: 0.0, Avg: 0.9, Max: 2.1, Diff: 2.1, Sum: 3.6]
      [Update RS (ms): Min: 2.4, Avg: 3.2, Max: 3.7, Diff: 1.3, Sum: 12.7]
         [Processed Buffers: Min: 5, Avg: 10.5, Max: 15, Diff: 10, Sum: 42]
      [Scan RS (ms): Min: 0.0, Avg: 0.0, Max: 0.0, Diff: 0.0, Sum: 0.0]
      [Code Root Scanning (ms): Min: 0.0, Avg: 0.0, Max: 0.0, Diff: 0.0, Sum: 0.0]
      [Object Copy (ms): Min: 1.2, Avg: 1.3, Max: 1.4, Diff: 0.2, Sum: 5.0]
      [Termination (ms): Min: 0.0, Avg: 0.0, Max: 0.0, Diff: 0.0, Sum: 0.0]
         [Termination Attempts: Min: 1, Avg: 1.0, Max: 1, Diff: 0, Sum: 4]
      [GC Worker Other (ms): Min: 0.0, Avg: 0.0, Max: 0.0, Diff: 0.0, Sum: 0.1]
      [GC Worker Total (ms): Min: 4.3, Avg: 5.3, Max: 5.7, Diff: 1.5, Sum: 21.4]
      [GC Worker End (ms): Min: 951131.5, Avg: 951131.5, Max: 951131.5, Diff: 0.0]
   [Code Root Fixup: 0.0 ms]
   [Code Root Purge: 0.0 ms]
   [Clear CT: 0.1 ms]
   [Other: 0.8 ms]
      [Choose CSet: 0.0 ms]
      [Ref Proc: 0.6 ms]
      [Ref Enq: 0.0 ms]
      [Redirty Cards: 0.1 ms]
      [Humongous Register: 0.0 ms]
      [Humongous Reclaim: 0.0 ms]
      [Free CSet: 0.0 ms]
   [Eden: 77.0M(77.0M)->0.0B(79.0M) Survivors: 2048.0K->1024.0K Heap: 225.9M(256.0M)->148.5M(256.0M)]
 [Times: user=0.02 sys=0.00, real=0.01 secs] 
2020-04-13T15:59:30.581+0800: 953.538: [GC pause (G1 Evacuation Pause) (young) (initial-mark), 0.0048009 secs]
   [Parallel Time: 4.4 ms, GC Workers: 4]
      [GC Worker Start (ms): Min: 953538.4, Avg: 953538.4, Max: 953538.5, Diff: 0.0]
      [Ext Root Scanning (ms): Min: 0.5, Avg: 0.5, Max: 0.5, Diff: 0.0, Sum: 2.0]
      [Update RS (ms): Min: 2.5, Avg: 2.5, Max: 2.6, Diff: 0.1, Sum: 10.0]
         [Processed Buffers: Min: 4, Avg: 10.0, Max: 15, Diff: 11, Sum: 40]
      [Scan RS (ms): Min: 0.0, Avg: 0.0, Max: 0.0, Diff: 0.0, Sum: 0.0]
      [Code Root Scanning (ms): Min: 0.0, Avg: 0.0, Max: 0.0, Diff: 0.0, Sum: 0.0]
      [Object Copy (ms): Min: 1.2, Avg: 1.2, Max: 1.3, Diff: 0.1, Sum: 5.0]
      [Termination (ms): Min: 0.0, Avg: 0.0, Max: 0.0, Diff: 0.0, Sum: 0.0]
         [Termination Attempts: Min: 1, Avg: 1.0, Max: 1, Diff: 0, Sum: 4]
      [GC Worker Other (ms): Min: 0.0, Avg: 0.0, Max: 0.0, Diff: 0.0, Sum: 0.1]
      [GC Worker Total (ms): Min: 4.3, Avg: 4.3, Max: 4.3, Diff: 0.0, Sum: 17.1]
      [GC Worker End (ms): Min: 953542.7, Avg: 953542.7, Max: 953542.8, Diff: 0.0]
   [Code Root Fixup: 0.0 ms]
   [Code Root Purge: 0.0 ms]
   [Clear CT: 0.0 ms]
   [Other: 0.4 ms]
      [Choose CSet: 0.0 ms]
      [Ref Proc: 0.2 ms]
      [Ref Enq: 0.0 ms]
      [Redirty Cards: 0.1 ms]
      [Humongous Register: 0.0 ms]
      [Humongous Reclaim: 0.0 ms]
      [Free CSet: 0.0 ms]
   [Eden: 79.0M(79.0M)->0.0B(77.0M) Survivors: 1024.0K->2048.0K Heap: 227.5M(256.0M)->149.0M(256.0M)]
 [Times: user=0.02 sys=0.00, real=0.00 secs] 
2020-04-13T15:59:30.586+0800: 953.543: [GC concurrent-root-region-scan-start]
2020-04-13T15:59:30.591+0800: 953.548: [GC concurrent-root-region-scan-end, 0.0049616 secs]
2020-04-13T15:59:30.591+0800: 953.548: [GC concurrent-mark-start]
2020-04-13T15:59:30.617+0800: 953.574: [GC concurrent-mark-end, 0.0256832 secs]
2020-04-13T15:59:30.617+0800: 953.574: [GC remark 2020-04-13T15:59:30.617+0800: 953.574: [Finalize Marking, 0.0002462 secs] 2020-04-13T15:59:30.618+0800: 953.575: [GC ref-proc, 0.0000620 secs] 2020-04-13T15:59:30.618+0800: 953.575: [Unloading, 0.0042444 secs], 0.0070485 secs]
 [Times: user=0.01 sys=0.01, real=0.01 secs] 
2020-04-13T15:59:30.625+0800: 953.582: [GC cleanup 150M->150M(256M), 0.0003606 secs]
 [Times: user=0.00 sys=0.00, real=0.00 secs] 
2020-04-13T15:59:32.547+0800: 955.504: [GC pause (G1 Evacuation Pause) (young), 0.0067420 secs]
   [Parallel Time: 5.1 ms, GC Workers: 4]
      [GC Worker Start (ms): Min: 955503.8, Avg: 955503.8, Max: 955503.8, Diff: 0.0]
      [Ext Root Scanning (ms): Min: 0.3, Avg: 0.3, Max: 0.5, Diff: 0.2, Sum: 1.3]
      [Update RS (ms): Min: 1.9, Avg: 2.6, Max: 4.3, Diff: 2.4, Sum: 10.5]
         [Processed Buffers: Min: 5, Avg: 9.5, Max: 14, Diff: 9, Sum: 38]
      [Scan RS (ms): Min: 0.0, Avg: 0.1, Max: 0.2, Diff: 0.2, Sum: 0.3]
      [Code Root Scanning (ms): Min: 0.0, Avg: 0.0, Max: 0.0, Diff: 0.0, Sum: 0.0]
      [Object Copy (ms): Min: 0.0, Avg: 1.4, Max: 2.0, Diff: 2.0, Sum: 5.5]
      [Termination (ms): Min: 0.0, Avg: 0.4, Max: 0.7, Diff: 0.7, Sum: 1.7]
         [Termination Attempts: Min: 1, Avg: 13.0, Max: 49, Diff: 48, Sum: 52]
      [GC Worker Other (ms): Min: 0.0, Avg: 0.0, Max: 0.0, Diff: 0.0, Sum: 0.0]
      [GC Worker Total (ms): Min: 4.8, Avg: 4.9, Max: 4.9, Diff: 0.0, Sum: 19.4]
      [GC Worker End (ms): Min: 955508.6, Avg: 955508.6, Max: 955508.7, Diff: 0.1]
   [Code Root Fixup: 0.1 ms]
   [Code Root Purge: 0.0 ms]
   [Clear CT: 0.0 ms]
   [Other: 1.6 ms]
      [Choose CSet: 0.0 ms]
      [Ref Proc: 1.3 ms]
      [Ref Enq: 0.0 ms]
      [Redirty Cards: 0.1 ms]
      [Humongous Register: 0.0 ms]
      [Humongous Reclaim: 0.0 ms]
      [Free CSet: 0.0 ms]
   [Eden: 77.0M(77.0M)->0.0B(79.0M) Survivors: 2048.0K->1024.0K Heap: 226.0M(256.0M)->148.6M(256.0M)]
 [Times: user=0.02 sys=0.00, real=0.01 secs] 
2020-04-13T15:59:34.467+0800: 957.424: [GC pause (G1 Evacuation Pause) (young), 0.0089347 secs]
   [Parallel Time: 7.9 ms, GC Workers: 4]
      [GC Worker Start (ms): Min: 957423.6, Avg: 957423.6, Max: 957423.6, Diff: 0.0]
      [Ext Root Scanning (ms): Min: 0.4, Avg: 0.5, Max: 0.8, Diff: 0.4, Sum: 2.0]
      [Update RS (ms): Min: 1.6, Avg: 1.9, Max: 2.1, Diff: 0.6, Sum: 7.4]
         [Processed Buffers: Min: 5, Avg: 8.5, Max: 11, Diff: 6, Sum: 34]
      [Scan RS (ms): Min: 0.2, Avg: 0.8, Max: 1.4, Diff: 1.1, Sum: 3.1]
      [Code Root Scanning (ms): Min: 0.0, Avg: 0.0, Max: 0.0, Diff: 0.0, Sum: 0.0]
      [Object Copy (ms): Min: 0.7, Avg: 1.5, Max: 2.5, Diff: 1.8, Sum: 6.0]
      [Termination (ms): Min: 0.0, Avg: 2.5, Max: 3.3, Diff: 3.3, Sum: 9.9]
         [Termination Attempts: Min: 1, Avg: 1.0, Max: 1, Diff: 0, Sum: 4]
      [GC Worker Other (ms): Min: 0.0, Avg: 0.0, Max: 0.0, Diff: 0.0, Sum: 0.0]
      [GC Worker Total (ms): Min: 5.0, Avg: 7.1, Max: 7.8, Diff: 2.8, Sum: 28.5]
      [GC Worker End (ms): Min: 957428.6, Avg: 957430.7, Max: 957431.4, Diff: 2.8]
   [Code Root Fixup: 0.0 ms]
   [Code Root Purge: 0.0 ms]
   [Clear CT: 0.1 ms]
   [Other: 0.9 ms]
      [Choose CSet: 0.0 ms]
      [Ref Proc: 0.8 ms]
      [Ref Enq: 0.0 ms]
      [Redirty Cards: 0.1 ms]
      [Humongous Register: 0.0 ms]
      [Humongous Reclaim: 0.0 ms]
      [Free CSet: 0.0 ms]
   [Eden: 79.0M(79.0M)->0.0B(79.0M) Survivors: 1024.0K->1024.0K Heap: 227.6M(256.0M)->148.7M(256.0M)]
 [Times: user=0.01 sys=0.00, real=0.01 secs] 
2020-04-13T15:59:36.554+0800: 959.510: [GC pause (G1 Evacuation Pause) (young) (initial-mark), 0.0069782 secs]
   [Parallel Time: 5.6 ms, GC Workers: 4]
      [GC Worker Start (ms): Min: 959510.6, Avg: 959510.6, Max: 959510.6, Diff: 0.0]
      [Ext Root Scanning (ms): Min: 0.5, Avg: 0.5, Max: 0.6, Diff: 0.1, Sum: 2.1]
      [Update RS (ms): Min: 2.2, Avg: 2.3, Max: 2.4, Diff: 0.2, Sum: 9.3]
         [Processed Buffers: Min: 4, Avg: 9.0, Max: 13, Diff: 9, Sum: 36]
      [Scan RS (ms): Min: 0.1, Avg: 0.2, Max: 0.3, Diff: 0.2, Sum: 0.8]
      [Code Root Scanning (ms): Min: 0.0, Avg: 0.0, Max: 0.0, Diff: 0.0, Sum: 0.0]
      [Object Copy (ms): Min: 1.5, Avg: 1.7, Max: 2.2, Diff: 0.7, Sum: 6.9]
      [Termination (ms): Min: 0.0, Avg: 0.6, Max: 0.9, Diff: 0.9, Sum: 2.5]
         [Termination Attempts: Min: 1, Avg: 1.0, Max: 1, Diff: 0, Sum: 4]
      [GC Worker Other (ms): Min: 0.0, Avg: 0.0, Max: 0.0, Diff: 0.0, Sum: 0.1]
      [GC Worker Total (ms): Min: 5.3, Avg: 5.4, Max: 5.5, Diff: 0.2, Sum: 21.7]
      [GC Worker End (ms): Min: 959515.9, Avg: 959516.0, Max: 959516.1, Diff: 0.2]
   [Code Root Fixup: 0.0 ms]
   [Code Root Purge: 0.0 ms]
   [Clear CT: 0.1 ms]
   [Other: 1.3 ms]
      [Choose CSet: 0.0 ms]
      [Ref Proc: 1.1 ms]
      [Ref Enq: 0.0 ms]
      [Redirty Cards: 0.1 ms]
      [Humongous Register: 0.0 ms]
      [Humongous Reclaim: 0.0 ms]
      [Free CSet: 0.0 ms]
   [Eden: 79.0M(79.0M)->0.0B(77.0M) Survivors: 1024.0K->2048.0K Heap: 227.7M(256.0M)->149.1M(256.0M)]
 [Times: user=0.01 sys=0.00, real=0.01 secs] 
2020-04-13T15:59:36.561+0800: 959.518: [GC concurrent-root-region-scan-start]
2020-04-13T15:59:36.566+0800: 959.522: [GC concurrent-root-region-scan-end, 0.0046895 secs]
2020-04-13T15:59:36.566+0800: 959.522: [GC concurrent-mark-start]
2020-04-13T15:59:36.589+0800: 959.546: [GC concurrent-mark-end, 0.0237179 secs]
2020-04-13T15:59:36.589+0800: 959.546: [GC remark 2020-04-13T15:59:36.590+0800: 959.546: [Finalize Marking, 0.0001024 secs] 2020-04-13T15:59:36.590+0800: 959.546: [GC ref-proc, 0.0000586 secs] 2020-04-13T15:59:36.590+0800: 959.547: [Unloading, 0.0044238 secs], 0.0060209 secs]
 [Times: user=0.02 sys=0.00, real=0.01 secs] 
2020-04-13T15:59:36.596+0800: 959.553: [GC cleanup 150M->150M(256M), 0.0003192 secs]
 [Times: user=0.00 sys=0.00, real=0.00 secs] 
2020-04-13T15:59:38.991+0800: 961.947: [GC pause (G1 Evacuation Pause) (young), 0.0054590 secs]
   [Parallel Time: 4.4 ms, GC Workers: 4]
      [GC Worker Start (ms): Min: 961947.4, Avg: 961947.4, Max: 961947.4, Diff: 0.0]
      [Ext Root Scanning (ms): Min: 0.3, Avg: 0.4, Max: 0.5, Diff: 0.2, Sum: 1.5]
      [Update RS (ms): Min: 1.9, Avg: 2.2, Max: 2.7, Diff: 0.8, Sum: 8.8]
         [Processed Buffers: Min: 4, Avg: 8.8, Max: 16, Diff: 12, Sum: 35]
      [Scan RS (ms): Min: 0.0, Avg: 0.3, Max: 0.5, Diff: 0.5, Sum: 1.2]
      [Code Root Scanning (ms): Min: 0.0, Avg: 0.0, Max: 0.0, Diff: 0.0, Sum: 0.0]
      [Object Copy (ms): Min: 1.3, Avg: 1.5, Max: 1.6, Diff: 0.3, Sum: 5.9]
      [Termination (ms): Min: 0.0, Avg: 0.0, Max: 0.0, Diff: 0.0, Sum: 0.0]
         [Termination Attempts: Min: 1, Avg: 1.2, Max: 2, Diff: 1, Sum: 5]
      [GC Worker Other (ms): Min: 0.0, Avg: 0.0, Max: 0.0, Diff: 0.0, Sum: 0.0]
      [GC Worker Total (ms): Min: 4.4, Avg: 4.4, Max: 4.4, Diff: 0.0, Sum: 17.4]
      [GC Worker End (ms): Min: 961951.8, Avg: 961951.8, Max: 961951.8, Diff: 0.0]
   [Code Root Fixup: 0.1 ms]
   [Code Root Purge: 0.0 ms]
   [Clear CT: 0.1 ms]
   [Other: 0.9 ms]
      [Choose CSet: 0.0 ms]
      [Ref Proc: 0.7 ms]
      [Ref Enq: 0.0 ms]
      [Redirty Cards: 0.1 ms]
      [Humongous Register: 0.0 ms]
      [Humongous Reclaim: 0.0 ms]
      [Free CSet: 0.0 ms]
   [Eden: 77.0M(77.0M)->0.0B(79.0M) Survivors: 2048.0K->1024.0K Heap: 226.1M(256.0M)->148.8M(256.0M)]
 [Times: user=0.02 sys=0.00, real=0.00 secs] 
2020-04-13T15:59:41.043+0800: 963.999: [GC pause (G1 Evacuation Pause) (young), 0.0113303 secs]
   [Parallel Time: 8.2 ms, GC Workers: 4]
      [GC Worker Start (ms): Min: 963999.4, Avg: 963999.4, Max: 963999.4, Diff: 0.1]
      [Ext Root Scanning (ms): Min: 0.4, Avg: 0.5, Max: 0.5, Diff: 0.1, Sum: 1.9]
      [Update RS (ms): Min: 2.6, Avg: 3.4, Max: 5.8, Diff: 3.2, Sum: 13.5]
         [Processed Buffers: Min: 1, Avg: 9.0, Max: 20, Diff: 19, Sum: 36]
      [Scan RS (ms): Min: 0.0, Avg: 0.5, Max: 0.8, Diff: 0.7, Sum: 2.0]
      [Code Root Scanning (ms): Min: 0.0, Avg: 0.0, Max: 0.0, Diff: 0.0, Sum: 0.0]
      [Object Copy (ms): Min: 0.2, Avg: 1.3, Max: 1.7, Diff: 1.5, Sum: 5.1]
      [Termination (ms): Min: 0.0, Avg: 2.0, Max: 2.8, Diff: 2.8, Sum: 7.9]
         [Termination Attempts: Min: 1, Avg: 1.2, Max: 2, Diff: 1, Sum: 5]
      [GC Worker Other (ms): Min: 0.0, Avg: 0.0, Max: 0.1, Diff: 0.0, Sum: 0.1]
      [GC Worker Total (ms): Min: 6.4, Avg: 7.6, Max: 8.2, Diff: 1.7, Sum: 30.6]
      [GC Worker End (ms): Min: 964005.9, Avg: 964007.0, Max: 964007.5, Diff: 1.7]
   [Code Root Fixup: 0.1 ms]
   [Code Root Purge: 0.0 ms]
   [Clear CT: 0.6 ms]
   [Other: 2.4 ms]
      [Choose CSet: 0.0 ms]
      [Ref Proc: 2.2 ms]
      [Ref Enq: 0.0 ms]
      [Redirty Cards: 0.1 ms]
      [Humongous Register: 0.0 ms]
      [Humongous Reclaim: 0.0 ms]
      [Free CSet: 0.0 ms]
   [Eden: 79.0M(79.0M)->0.0B(76.0M) Survivors: 1024.0K->2048.0K Heap: 227.8M(256.0M)->149.2M(256.0M)]
 [Times: user=0.02 sys=0.00, real=0.01 secs] 
2020-04-13T15:59:42.946+0800: 965.903: [GC pause (G1 Evacuation Pause) (young) (initial-mark), 0.0056947 secs]
   [Parallel Time: 4.1 ms, GC Workers: 4]
      [GC Worker Start (ms): Min: 965902.6, Avg: 965902.7, Max: 965902.8, Diff: 0.2]
      [Ext Root Scanning (ms): Min: 0.4, Avg: 0.7, Max: 1.4, Diff: 1.0, Sum: 2.9]
      [Update RS (ms): Min: 0.8, Avg: 1.5, Max: 1.9, Diff: 1.1, Sum: 5.9]
         [Processed Buffers: Min: 5, Avg: 7.0, Max: 10, Diff: 5, Sum: 28]
      [Scan RS (ms): Min: 0.5, Avg: 0.6, Max: 0.7, Diff: 0.3, Sum: 2.3]
      [Code Root Scanning (ms): Min: 0.0, Avg: 0.0, Max: 0.0, Diff: 0.0, Sum: 0.0]
      [Object Copy (ms): Min: 1.1, Avg: 1.1, Max: 1.2, Diff: 0.1, Sum: 4.6]
      [Termination (ms): Min: 0.0, Avg: 0.0, Max: 0.0, Diff: 0.0, Sum: 0.0]
         [Termination Attempts: Min: 1, Avg: 1.0, Max: 1, Diff: 0, Sum: 4]
      [GC Worker Other (ms): Min: 0.0, Avg: 0.0, Max: 0.0, Diff: 0.0, Sum: 0.0]
      [GC Worker Total (ms): Min: 3.8, Avg: 4.0, Max: 4.1, Diff: 0.2, Sum: 15.8]
      [GC Worker End (ms): Min: 965906.7, Avg: 965906.7, Max: 965906.7, Diff: 0.0]
   [Code Root Fixup: 0.1 ms]
   [Code Root Purge: 0.0 ms]
   [Clear CT: 0.1 ms]
   [Other: 1.4 ms]
      [Choose CSet: 0.0 ms]
      [Ref Proc: 0.9 ms]
      [Ref Enq: 0.0 ms]
      [Redirty Cards: 0.3 ms]
      [Humongous Register: 0.0 ms]
      [Humongous Reclaim: 0.0 ms]
      [Free CSet: 0.0 ms]
   [Eden: 76.0M(76.0M)->0.0B(78.0M) Survivors: 2048.0K->1024.0K Heap: 225.2M(256.0M)->148.9M(256.0M)]
 [Times: user=0.02 sys=0.00, real=0.01 secs] 
2020-04-13T15:59:42.952+0800: 965.908: [GC concurrent-root-region-scan-start]
2020-04-13T15:59:42.955+0800: 965.912: [GC concurrent-root-region-scan-end, 0.0031590 secs]
2020-04-13T15:59:42.955+0800: 965.912: [GC concurrent-mark-start]
2020-04-13T15:59:42.980+0800: 965.937: [GC concurrent-mark-end, 0.0252636 secs]
2020-04-13T15:59:42.981+0800: 965.937: [GC remark 2020-04-13T15:59:42.981+0800: 965.938: [Finalize Marking, 0.0002462 secs] 2020-04-13T15:59:42.981+0800: 965.938: [GC ref-proc, 0.0001006 secs] 2020-04-13T15:59:42.981+0800: 965.938: [Unloading, 0.0044575 secs], 0.0061729 secs]
 [Times: user=0.02 sys=0.00, real=0.00 secs] 
2020-04-13T15:59:42.987+0800: 965.944: [GC cleanup 150M->150M(256M), 0.0002565 secs]
 [Times: user=0.00 sys=0.00, real=0.00 secs] 
2020-04-13T15:59:44.701+0800: 967.658: [GC pause (G1 Evacuation Pause) (young), 0.0048703 secs]
   [Parallel Time: 4.1 ms, GC Workers: 4]
      [GC Worker Start (ms): Min: 967658.2, Avg: 967658.3, Max: 967658.4, Diff: 0.1]
      [Ext Root Scanning (ms): Min: 0.3, Avg: 0.5, Max: 0.8, Diff: 0.5, Sum: 1.8]
      [Update RS (ms): Min: 0.3, Avg: 1.5, Max: 2.2, Diff: 1.9, Sum: 6.1]
         [Processed Buffers: Min: 5, Avg: 7.8, Max: 11, Diff: 6, Sum: 31]
      [Scan RS (ms): Min: 0.3, Avg: 0.5, Max: 0.6, Diff: 0.2, Sum: 1.9]
      [Code Root Scanning (ms): Min: 0.0, Avg: 0.0, Max: 0.0, Diff: 0.0, Sum: 0.0]
      [Object Copy (ms): Min: 1.1, Avg: 1.6, Max: 2.8, Diff: 1.7, Sum: 6.2]
      [Termination (ms): Min: 0.0, Avg: 0.0, Max: 0.0, Diff: 0.0, Sum: 0.0]
         [Termination Attempts: Min: 1, Avg: 1.0, Max: 1, Diff: 0, Sum: 4]
      [GC Worker Other (ms): Min: 0.0, Avg: 0.0, Max: 0.0, Diff: 0.0, Sum: 0.0]
      [GC Worker Total (ms): Min: 3.9, Avg: 4.0, Max: 4.1, Diff: 0.1, Sum: 16.1]
      [GC Worker End (ms): Min: 967662.3, Avg: 967662.3, Max: 967662.3, Diff: 0.0]
   [Code Root Fixup: 0.1 ms]
   [Code Root Purge: 0.0 ms]
   [Clear CT: 0.1 ms]
   [Other: 0.6 ms]
      [Choose CSet: 0.0 ms]
      [Ref Proc: 0.4 ms]
      [Ref Enq: 0.0 ms]
      [Redirty Cards: 0.1 ms]
      [Humongous Register: 0.0 ms]
      [Humongous Reclaim: 0.0 ms]
      [Free CSet: 0.0 ms]
   [Eden: 78.0M(78.0M)->0.0B(11.0M) Survivors: 1024.0K->1024.0K Heap: 226.9M(256.0M)->149.2M(256.0M)]
 [Times: user=0.02 sys=0.00, real=0.00 secs] 
2020-04-13T15:59:44.947+0800: 967.903: [GC pause (G1 Evacuation Pause) (mixed), 0.0040542 secs]
   [Parallel Time: 3.8 ms, GC Workers: 4]
      [GC Worker Start (ms): Min: 967903.3, Avg: 967903.3, Max: 967903.3, Diff: 0.0]
      [Ext Root Scanning (ms): Min: 0.3, Avg: 0.4, Max: 0.5, Diff: 0.1, Sum: 1.5]
      [Update RS (ms): Min: 1.3, Avg: 1.4, Max: 1.4, Diff: 0.2, Sum: 5.5]
         [Processed Buffers: Min: 4, Avg: 6.8, Max: 12, Diff: 8, Sum: 27]
      [Scan RS (ms): Min: 0.9, Avg: 0.9, Max: 0.9, Diff: 0.1, Sum: 3.7]
      [Code Root Scanning (ms): Min: 0.0, Avg: 0.0, Max: 0.0, Diff: 0.0, Sum: 0.0]
      [Object Copy (ms): Min: 1.0, Avg: 1.1, Max: 1.1, Diff: 0.1, Sum: 4.2]
      [Termination (ms): Min: 0.0, Avg: 0.0, Max: 0.0, Diff: 0.0, Sum: 0.0]
         [Termination Attempts: Min: 1, Avg: 1.0, Max: 1, Diff: 0, Sum: 4]
      [GC Worker Other (ms): Min: 0.0, Avg: 0.0, Max: 0.0, Diff: 0.0, Sum: 0.0]
      [GC Worker Total (ms): Min: 3.7, Avg: 3.7, Max: 3.7, Diff: 0.0, Sum: 14.9]
      [GC Worker End (ms): Min: 967907.0, Avg: 967907.0, Max: 967907.0, Diff: 0.0]
   [Code Root Fixup: 0.0 ms]
   [Code Root Purge: 0.0 ms]
   [Clear CT: 0.0 ms]
   [Other: 0.2 ms]
      [Choose CSet: 0.0 ms]
      [Ref Proc: 0.1 ms]
      [Ref Enq: 0.0 ms]
      [Redirty Cards: 0.1 ms]
      [Humongous Register: 0.0 ms]
      [Humongous Reclaim: 0.0 ms]
      [Free CSet: 0.0 ms]
   [Eden: 11.0M(11.0M)->0.0B(79.0M) Survivors: 1024.0K->1024.0K Heap: 160.2M(256.0M)->148.0M(256.0M)]
 [Times: user=0.01 sys=0.00, real=0.01 secs] 
2020-04-13T15:59:47.397+0800: 970.354: [GC pause (G1 Evacuation Pause) (young), 0.0054064 secs]
   [Parallel Time: 4.4 ms, GC Workers: 4]
      [GC Worker Start (ms): Min: 970353.6, Avg: 970353.8, Max: 970354.1, Diff: 0.5]
      [Ext Root Scanning (ms): Min: 0.1, Avg: 0.4, Max: 0.6, Diff: 0.5, Sum: 1.6]
      [Update RS (ms): Min: 2.3, Avg: 2.4, Max: 2.6, Diff: 0.3, Sum: 9.4]
         [Processed Buffers: Min: 4, Avg: 8.2, Max: 15, Diff: 11, Sum: 33]
      [Scan RS (ms): Min: 0.0, Avg: 0.3, Max: 0.4, Diff: 0.3, Sum: 1.1]
      [Code Root Scanning (ms): Min: 0.0, Avg: 0.0, Max: 0.0, Diff: 0.0, Sum: 0.0]
      [Object Copy (ms): Min: 1.1, Avg: 1.1, Max: 1.1, Diff: 0.0, Sum: 4.4]
      [Termination (ms): Min: 0.0, Avg: 0.0, Max: 0.0, Diff: 0.0, Sum: 0.0]
         [Termination Attempts: Min: 1, Avg: 1.0, Max: 1, Diff: 0, Sum: 4]
      [GC Worker Other (ms): Min: 0.0, Avg: 0.0, Max: 0.0, Diff: 0.0, Sum: 0.0]
      [GC Worker Total (ms): Min: 3.9, Avg: 4.2, Max: 4.4, Diff: 0.5, Sum: 16.6]
      [GC Worker End (ms): Min: 970358.0, Avg: 970358.0, Max: 970358.0, Diff: 0.0]
   [Code Root Fixup: 0.0 ms]
   [Code Root Purge: 0.0 ms]
   [Clear CT: 0.1 ms]
   [Other: 0.9 ms]
      [Choose CSet: 0.0 ms]
      [Ref Proc: 0.7 ms]
      [Ref Enq: 0.0 ms]
      [Redirty Cards: 0.0 ms]
      [Humongous Register: 0.0 ms]
      [Humongous Reclaim: 0.0 ms]
      [Free CSet: 0.0 ms]
   [Eden: 79.0M(79.0M)->0.0B(79.0M) Survivors: 1024.0K->1024.0K Heap: 227.0M(256.0M)->148.2M(256.0M)]
 [Times: user=0.02 sys=0.00, real=0.01 secs] 
2020-04-13T15:59:49.517+0800: 972.474: [GC pause (G1 Evacuation Pause) (young) (initial-mark), 0.0046344 secs]
   [Parallel Time: 3.7 ms, GC Workers: 4]
      [GC Worker Start (ms): Min: 972473.8, Avg: 972473.8, Max: 972473.9, Diff: 0.0]
      [Ext Root Scanning (ms): Min: 0.5, Avg: 0.5, Max: 0.5, Diff: 0.1, Sum: 2.0]
      [Update RS (ms): Min: 1.6, Avg: 1.7, Max: 1.9, Diff: 0.3, Sum: 6.7]
         [Processed Buffers: Min: 5, Avg: 7.8, Max: 12, Diff: 7, Sum: 31]
      [Scan RS (ms): Min: 0.2, Avg: 0.4, Max: 0.5, Diff: 0.2, Sum: 1.5]
      [Code Root Scanning (ms): Min: 0.0, Avg: 0.0, Max: 0.0, Diff: 0.0, Sum: 0.0]
      [Object Copy (ms): Min: 1.0, Avg: 1.0, Max: 1.1, Diff: 0.1, Sum: 4.2]
      [Termination (ms): Min: 0.0, Avg: 0.0, Max: 0.0, Diff: 0.0, Sum: 0.0]
         [Termination Attempts: Min: 1, Avg: 1.0, Max: 1, Diff: 0, Sum: 4]
      [GC Worker Other (ms): Min: 0.0, Avg: 0.0, Max: 0.0, Diff: 0.0, Sum: 0.0]
      [GC Worker Total (ms): Min: 3.6, Avg: 3.6, Max: 3.6, Diff: 0.0, Sum: 14.5]
      [GC Worker End (ms): Min: 972477.5, Avg: 972477.5, Max: 972477.5, Diff: 0.0]
   [Code Root Fixup: 0.1 ms]
   [Code Root Purge: 0.0 ms]
   [Clear CT: 0.1 ms]
   [Other: 0.8 ms]
      [Choose CSet: 0.0 ms]
      [Ref Proc: 0.6 ms]
      [Ref Enq: 0.0 ms]
      [Redirty Cards: 0.1 ms]
      [Humongous Register: 0.0 ms]
      [Humongous Reclaim: 0.0 ms]
      [Free CSet: 0.0 ms]
   [Eden: 79.0M(79.0M)->0.0B(77.0M) Survivors: 1024.0K->2048.0K Heap: 227.2M(256.0M)->148.7M(256.0M)]
 [Times: user=0.01 sys=0.00, real=0.01 secs] 
2020-04-13T15:59:49.522+0800: 972.478: [GC concurrent-root-region-scan-start]
2020-04-13T15:59:49.525+0800: 972.481: [GC concurrent-root-region-scan-end, 0.0029511 secs]
2020-04-13T15:59:49.525+0800: 972.481: [GC concurrent-mark-start]
2020-04-13T15:59:49.543+0800: 972.499: [GC concurrent-mark-end, 0.0180162 secs]
2020-04-13T15:59:49.543+0800: 972.500: [GC remark 2020-04-13T15:59:49.543+0800: 972.500: [Finalize Marking, 0.0012840 secs] 2020-04-13T15:59:49.544+0800: 972.501: [GC ref-proc, 0.0000626 secs] 2020-04-13T15:59:49.544+0800: 972.501: [Unloading, 0.0031959 secs], 0.0056973 secs]
 [Times: user=0.01 sys=0.00, real=0.00 secs] 
2020-04-13T15:59:49.549+0800: 972.506: [GC cleanup 150M->150M(256M), 0.0003254 secs]
 [Times: user=0.00 sys=0.00, real=0.00 secs] 
2020-04-13T15:59:51.246+0800: 974.202: [GC pause (G1 Evacuation Pause) (young), 0.0054175 secs]
   [Parallel Time: 4.7 ms, GC Workers: 4]
      [GC Worker Start (ms): Min: 974202.2, Avg: 974202.2, Max: 974202.2, Diff: 0.0]
      [Ext Root Scanning (ms): Min: 0.3, Avg: 0.4, Max: 0.6, Diff: 0.3, Sum: 1.6]
      [Update RS (ms): Min: 1.5, Avg: 1.9, Max: 2.6, Diff: 1.1, Sum: 7.6]
         [Processed Buffers: Min: 3, Avg: 8.0, Max: 12, Diff: 9, Sum: 32]
      [Scan RS (ms): Min: 0.0, Avg: 0.3, Max: 0.5, Diff: 0.5, Sum: 1.3]
      [Code Root Scanning (ms): Min: 0.0, Avg: 0.0, Max: 0.0, Diff: 0.0, Sum: 0.0]
      [Object Copy (ms): Min: 1.6, Avg: 2.0, Max: 2.1, Diff: 0.5, Sum: 7.8]
      [Termination (ms): Min: 0.0, Avg: 0.0, Max: 0.0, Diff: 0.0, Sum: 0.0]
         [Termination Attempts: Min: 1, Avg: 1.0, Max: 1, Diff: 0, Sum: 4]
      [GC Worker Other (ms): Min: 0.0, Avg: 0.0, Max: 0.1, Diff: 0.0, Sum: 0.1]
      [GC Worker Total (ms): Min: 4.6, Avg: 4.6, Max: 4.6, Diff: 0.1, Sum: 18.4]
      [GC Worker End (ms): Min: 974206.8, Avg: 974206.8, Max: 974206.8, Diff: 0.0]
   [Code Root Fixup: 0.1 ms]
   [Code Root Purge: 0.0 ms]
   [Clear CT: 0.0 ms]
   [Other: 0.6 ms]
      [Choose CSet: 0.0 ms]
      [Ref Proc: 0.4 ms]
      [Ref Enq: 0.0 ms]
      [Redirty Cards: 0.0 ms]
      [Humongous Register: 0.0 ms]
      [Humongous Reclaim: 0.0 ms]
      [Free CSet: 0.0 ms]
   [Eden: 77.0M(77.0M)->0.0B(79.0M) Survivors: 2048.0K->1024.0K Heap: 225.7M(256.0M)->148.3M(256.0M)]
 [Times: user=0.01 sys=0.00, real=0.01 secs] 
2020-04-13T15:59:53.944+0800: 976.901: [GC pause (G1 Evacuation Pause) (young), 0.0044275 secs]
   [Parallel Time: 3.7 ms, GC Workers: 4]
      [GC Worker Start (ms): Min: 976901.1, Avg: 976901.1, Max: 976901.1, Diff: 0.1]
      [Ext Root Scanning (ms): Min: 0.3, Avg: 0.3, Max: 0.5, Diff: 0.2, Sum: 1.4]
      [Update RS (ms): Min: 1.6, Avg: 1.7, Max: 2.0, Diff: 0.4, Sum: 6.9]
         [Processed Buffers: Min: 5, Avg: 8.2, Max: 14, Diff: 9, Sum: 33]
      [Scan RS (ms): Min: 0.1, Avg: 0.4, Max: 0.5, Diff: 0.4, Sum: 1.7]
      [Code Root Scanning (ms): Min: 0.0, Avg: 0.0, Max: 0.0, Diff: 0.0, Sum: 0.0]
      [Object Copy (ms): Min: 1.1, Avg: 1.2, Max: 1.2, Diff: 0.2, Sum: 4.7]
      [Termination (ms): Min: 0.0, Avg: 0.0, Max: 0.0, Diff: 0.0, Sum: 0.0]
         [Termination Attempts: Min: 1, Avg: 1.0, Max: 1, Diff: 0, Sum: 4]
      [GC Worker Other (ms): Min: 0.0, Avg: 0.0, Max: 0.0, Diff: 0.0, Sum: 0.0]
      [GC Worker Total (ms): Min: 3.6, Avg: 3.7, Max: 3.7, Diff: 0.1, Sum: 14.7]
      [GC Worker End (ms): Min: 976904.8, Avg: 976904.8, Max: 976904.8, Diff: 0.0]
   [Code Root Fixup: 0.0 ms]
   [Code Root Purge: 0.0 ms]
   [Clear CT: 0.1 ms]
   [Other: 0.6 ms]
      [Choose CSet: 0.0 ms]
      [Ref Proc: 0.3 ms]
      [Ref Enq: 0.0 ms]
      [Redirty Cards: 0.1 ms]
      [Humongous Register: 0.0 ms]
      [Humongous Reclaim: 0.0 ms]
      [Free CSet: 0.0 ms]
   [Eden: 79.0M(79.0M)->0.0B(77.0M) Survivors: 1024.0K->2048.0K Heap: 227.3M(256.0M)->148.6M(256.0M)]
 [Times: user=0.01 sys=0.00, real=0.01 secs] 
2020-04-13T15:59:55.773+0800: 978.729: [GC pause (G1 Evacuation Pause) (young) (initial-mark), 0.0050263 secs]
   [Parallel Time: 4.6 ms, GC Workers: 4]
      [GC Worker Start (ms): Min: 978729.3, Avg: 978729.8, Max: 978730.2, Diff: 0.9]
      [Ext Root Scanning (ms): Min: 0.2, Avg: 0.6, Max: 1.0, Diff: 0.9, Sum: 2.4]
      [Update RS (ms): Min: 1.5, Avg: 1.9, Max: 2.0, Diff: 0.4, Sum: 7.4]
         [Processed Buffers: Min: 6, Avg: 8.5, Max: 12, Diff: 6, Sum: 34]
      [Scan RS (ms): Min: 0.0, Avg: 0.2, Max: 0.3, Diff: 0.3, Sum: 0.9]
      [Code Root Scanning (ms): Min: 0.0, Avg: 0.0, Max: 0.0, Diff: 0.0, Sum: 0.0]
      [Object Copy (ms): Min: 1.1, Avg: 1.3, Max: 1.9, Diff: 0.8, Sum: 5.2]
      [Termination (ms): Min: 0.0, Avg: 0.0, Max: 0.0, Diff: 0.0, Sum: 0.0]
         [Termination Attempts: Min: 1, Avg: 1.0, Max: 1, Diff: 0, Sum: 4]
      [GC Worker Other (ms): Min: 0.0, Avg: 0.0, Max: 0.0, Diff: 0.0, Sum: 0.0]
      [GC Worker Total (ms): Min: 3.6, Avg: 4.0, Max: 4.5, Diff: 0.9, Sum: 16.0]
      [GC Worker End (ms): Min: 978733.8, Avg: 978733.8, Max: 978733.8, Diff: 0.0]
   [Code Root Fixup: 0.1 ms]
   [Code Root Purge: 0.0 ms]
   [Clear CT: 0.1 ms]
   [Other: 0.3 ms]
      [Choose CSet: 0.0 ms]
      [Ref Proc: 0.1 ms]
      [Ref Enq: 0.0 ms]
      [Redirty Cards: 0.1 ms]
      [Humongous Register: 0.0 ms]
      [Humongous Reclaim: 0.0 ms]
      [Free CSet: 0.0 ms]
   [Eden: 77.0M(77.0M)->0.0B(79.0M) Survivors: 2048.0K->1024.0K Heap: 225.6M(256.0M)->148.4M(256.0M)]
 [Times: user=0.02 sys=0.00, real=0.00 secs] 
2020-04-13T15:59:55.778+0800: 978.734: [GC concurrent-root-region-scan-start]
2020-04-13T15:59:55.780+0800: 978.737: [GC concurrent-root-region-scan-end, 0.0024583 secs]
2020-04-13T15:59:55.780+0800: 978.737: [GC concurrent-mark-start]
2020-04-13T15:59:55.797+0800: 978.753: [GC concurrent-mark-end, 0.0166259 secs]
2020-04-13T15:59:55.797+0800: 978.754: [GC remark 2020-04-13T15:59:55.797+0800: 978.754: [Finalize Marking, 0.0001007 secs] 2020-04-13T15:59:55.797+0800: 978.754: [GC ref-proc, 0.0000562 secs] 2020-04-13T15:59:55.797+0800: 978.754: [Unloading, 0.0047611 secs], 0.0061963 secs]
 [Times: user=0.02 sys=0.00, real=0.01 secs] 
2020-04-13T15:59:55.803+0800: 978.760: [GC cleanup 149M->149M(256M), 0.0004931 secs]
 [Times: user=0.00 sys=0.00, real=0.00 secs] 
2020-04-13T15:59:57.588+0800: 980.544: [GC pause (G1 Evacuation Pause) (young), 0.0075704 secs]
   [Parallel Time: 7.0 ms, GC Workers: 4]
      [GC Worker Start (ms): Min: 980544.6, Avg: 980544.6, Max: 980544.6, Diff: 0.1]
      [Ext Root Scanning (ms): Min: 0.3, Avg: 0.4, Max: 0.5, Diff: 0.2, Sum: 1.5]
      [Update RS (ms): Min: 2.3, Avg: 2.7, Max: 3.6, Diff: 1.3, Sum: 10.7]
         [Processed Buffers: Min: 1, Avg: 9.0, Max: 14, Diff: 13, Sum: 36]
      [Scan RS (ms): Min: 0.0, Avg: 0.2, Max: 0.4, Diff: 0.4, Sum: 1.0]
      [Code Root Scanning (ms): Min: 0.0, Avg: 0.0, Max: 0.0, Diff: 0.0, Sum: 0.0]
      [Object Copy (ms): Min: 2.1, Avg: 3.1, Max: 3.8, Diff: 1.6, Sum: 12.3]
      [Termination (ms): Min: 0.0, Avg: 0.5, Max: 0.7, Diff: 0.7, Sum: 1.9]
         [Termination Attempts: Min: 1, Avg: 1.5, Max: 2, Diff: 1, Sum: 6]
      [GC Worker Other (ms): Min: 0.0, Avg: 0.0, Max: 0.0, Diff: 0.0, Sum: 0.0]
      [GC Worker Total (ms): Min: 6.8, Avg: 6.8, Max: 7.0, Diff: 0.2, Sum: 27.4]
      [GC Worker End (ms): Min: 980551.4, Avg: 980551.5, Max: 980551.5, Diff: 0.1]
   [Code Root Fixup: 0.0 ms]
   [Code Root Purge: 0.0 ms]
   [Clear CT: 0.0 ms]
   [Other: 0.5 ms]
      [Choose CSet: 0.0 ms]
      [Ref Proc: 0.3 ms]
      [Ref Enq: 0.0 ms]
      [Redirty Cards: 0.1 ms]
      [Humongous Register: 0.0 ms]
      [Humongous Reclaim: 0.0 ms]
      [Free CSet: 0.0 ms]
   [Eden: 79.0M(79.0M)->0.0B(77.0M) Survivors: 1024.0K->2048.0K Heap: 227.4M(256.0M)->148.8M(256.0M)]
 [Times: user=0.02 sys=0.00, real=0.01 secs] 
2020-04-13T15:59:59.322+0800: 982.279: [GC pause (G1 Evacuation Pause) (young), 0.0056075 secs]
   [Parallel Time: 4.7 ms, GC Workers: 4]
      [GC Worker Start (ms): Min: 982279.0, Avg: 982279.1, Max: 982279.4, Diff: 0.4]
      [Ext Root Scanning (ms): Min: 0.1, Avg: 1.5, Max: 2.7, Diff: 2.6, Sum: 5.8]
      [Update RS (ms): Min: 0.3, Avg: 1.4, Max: 2.8, Diff: 2.5, Sum: 5.8]
         [Processed Buffers: Min: 2, Avg: 8.2, Max: 12, Diff: 10, Sum: 33]
      [Scan RS (ms): Min: 0.1, Avg: 0.4, Max: 0.5, Diff: 0.3, Sum: 1.5]
      [Code Root Scanning (ms): Min: 0.0, Avg: 0.0, Max: 0.0, Diff: 0.0, Sum: 0.0]
      [Object Copy (ms): Min: 1.2, Avg: 1.3, Max: 1.3, Diff: 0.1, Sum: 5.0]
      [Termination (ms): Min: 0.0, Avg: 0.0, Max: 0.0, Diff: 0.0, Sum: 0.0]
         [Termination Attempts: Min: 1, Avg: 1.0, Max: 1, Diff: 0, Sum: 4]
      [GC Worker Other (ms): Min: 0.0, Avg: 0.0, Max: 0.0, Diff: 0.0, Sum: 0.1]
      [GC Worker Total (ms): Min: 4.3, Avg: 4.5, Max: 4.7, Diff: 0.4, Sum: 18.2]
      [GC Worker End (ms): Min: 982283.6, Avg: 982283.6, Max: 982283.6, Diff: 0.0]
   [Code Root Fixup: 0.1 ms]
   [Code Root Purge: 0.0 ms]
   [Clear CT: 0.1 ms]
   [Other: 0.8 ms]
      [Choose CSet: 0.0 ms]
      [Ref Proc: 0.6 ms]
      [Ref Enq: 0.0 ms]
      [Redirty Cards: 0.0 ms]
      [Humongous Register: 0.0 ms]
      [Humongous Reclaim: 0.0 ms]
      [Free CSet: 0.0 ms]
   [Eden: 77.0M(77.0M)->0.0B(79.0M) Survivors: 2048.0K->1024.0K Heap: 225.8M(256.0M)->148.6M(256.0M)]
 [Times: user=0.01 sys=0.00, real=0.00 secs] 
2020-04-13T16:00:01.750+0800: 984.706: [GC pause (G1 Evacuation Pause) (young) (initial-mark), 0.0063943 secs]
   [Parallel Time: 6.0 ms, GC Workers: 4]
      [GC Worker Start (ms): Min: 984706.2, Avg: 984706.2, Max: 984706.2, Diff: 0.1]
      [Ext Root Scanning (ms): Min: 0.5, Avg: 0.5, Max: 0.6, Diff: 0.1, Sum: 2.2]
      [Update RS (ms): Min: 1.6, Avg: 1.7, Max: 1.9, Diff: 0.3, Sum: 6.9]
         [Processed Buffers: Min: 5, Avg: 8.5, Max: 15, Diff: 10, Sum: 34]
      [Scan RS (ms): Min: 0.3, Avg: 1.4, Max: 3.6, Diff: 3.3, Sum: 5.7]
      [Code Root Scanning (ms): Min: 0.0, Avg: 0.0, Max: 0.0, Diff: 0.0, Sum: 0.0]
      [Object Copy (ms): Min: 0.0, Avg: 1.7, Max: 2.6, Diff: 2.6, Sum: 6.6]
      [Termination (ms): Min: 0.0, Avg: 0.4, Max: 0.6, Diff: 0.6, Sum: 1.8]
         [Termination Attempts: Min: 1, Avg: 11.2, Max: 23, Diff: 22, Sum: 45]
      [GC Worker Other (ms): Min: 0.0, Avg: 0.1, Max: 0.5, Diff: 0.5, Sum: 0.5]
      [GC Worker Total (ms): Min: 5.9, Avg: 5.9, Max: 6.0, Diff: 0.1, Sum: 23.7]
      [GC Worker End (ms): Min: 984712.1, Avg: 984712.1, Max: 984712.1, Diff: 0.0]
   [Code Root Fixup: 0.0 ms]
   [Code Root Purge: 0.0 ms]
   [Clear CT: 0.1 ms]
   [Other: 0.3 ms]
      [Choose CSet: 0.0 ms]
      [Ref Proc: 0.1 ms]
      [Ref Enq: 0.0 ms]
      [Redirty Cards: 0.0 ms]
      [Humongous Register: 0.0 ms]
      [Humongous Reclaim: 0.0 ms]
      [Free CSet: 0.0 ms]
   [Eden: 79.0M(79.0M)->0.0B(77.0M) Survivors: 1024.0K->2048.0K Heap: 227.6M(256.0M)->148.9M(256.0M)]
 [Times: user=0.02 sys=0.00, real=0.00 secs] 
2020-04-13T16:00:01.756+0800: 984.713: [GC concurrent-root-region-scan-start]
2020-04-13T16:00:01.759+0800: 984.716: [GC concurrent-root-region-scan-end, 0.0030599 secs]
2020-04-13T16:00:01.759+0800: 984.716: [GC concurrent-mark-start]
2020-04-13T16:00:01.779+0800: 984.735: [GC concurrent-mark-end, 0.0194621 secs]
2020-04-13T16:00:01.779+0800: 984.735: [GC remark 2020-04-13T16:00:01.779+0800: 984.735: [Finalize Marking, 0.0008652 secs] 2020-04-13T16:00:01.780+0800: 984.736: [GC ref-proc, 0.0000605 secs] 2020-04-13T16:00:01.780+0800: 984.736: [Unloading, 0.0047557 secs], 0.0071129 secs]
 [Times: user=0.01 sys=0.00, real=0.01 secs] 
2020-04-13T16:00:01.786+0800: 984.743: [GC cleanup 150M->150M(256M), 0.0003138 secs]
 [Times: user=0.01 sys=0.00, real=0.00 secs] 
2020-04-13T16:00:04.999+0800: 987.955: [GC pause (G1 Evacuation Pause) (young), 0.0057476 secs]
   [Parallel Time: 4.2 ms, GC Workers: 4]
      [GC Worker Start (ms): Min: 987955.1, Avg: 987955.1, Max: 987955.1, Diff: 0.0]
      [Ext Root Scanning (ms): Min: 0.4, Avg: 0.9, Max: 2.2, Diff: 1.8, Sum: 3.6]
      [Update RS (ms): Min: 0.5, Avg: 1.8, Max: 2.4, Diff: 1.9, Sum: 7.4]
         [Processed Buffers: Min: 4, Avg: 9.2, Max: 15, Diff: 11, Sum: 37]
      [Scan RS (ms): Min: 0.0, Avg: 0.1, Max: 0.2, Diff: 0.1, Sum: 0.4]
      [Code Root Scanning (ms): Min: 0.0, Avg: 0.0, Max: 0.0, Diff: 0.0, Sum: 0.0]
      [Object Copy (ms): Min: 1.3, Avg: 1.3, Max: 1.3, Diff: 0.0, Sum: 5.2]
      [Termination (ms): Min: 0.0, Avg: 0.0, Max: 0.0, Diff: 0.0, Sum: 0.0]
         [Termination Attempts: Min: 1, Avg: 1.2, Max: 2, Diff: 1, Sum: 5]
      [GC Worker Other (ms): Min: 0.0, Avg: 0.0, Max: 0.0, Diff: 0.0, Sum: 0.1]
      [GC Worker Total (ms): Min: 4.1, Avg: 4.2, Max: 4.2, Diff: 0.0, Sum: 16.6]
      [GC Worker End (ms): Min: 987959.2, Avg: 987959.2, Max: 987959.2, Diff: 0.0]
   [Code Root Fixup: 0.0 ms]
   [Code Root Purge: 0.0 ms]
   [Clear CT: 0.5 ms]
   [Other: 1.0 ms]
      [Choose CSet: 0.0 ms]
      [Ref Proc: 0.7 ms]
      [Ref Enq: 0.0 ms]
      [Redirty Cards: 0.1 ms]
      [Humongous Register: 0.0 ms]
      [Humongous Reclaim: 0.0 ms]
      [Free CSet: 0.0 ms]
   [Eden: 77.0M(77.0M)->0.0B(79.0M) Survivors: 2048.0K->1024.0K Heap: 225.9M(256.0M)->148.7M(256.0M)]
 [Times: user=0.02 sys=0.00, real=0.01 secs] 
2020-04-13T16:00:06.987+0800: 989.943: [GC pause (G1 Evacuation Pause) (young), 0.0052887 secs]
   [Parallel Time: 4.1 ms, GC Workers: 4]
      [GC Worker Start (ms): Min: 989943.3, Avg: 989943.3, Max: 989943.4, Diff: 0.0]
      [Ext Root Scanning (ms): Min: 0.3, Avg: 0.5, Max: 1.1, Diff: 0.8, Sum: 2.0]
      [Update RS (ms): Min: 1.5, Avg: 2.1, Max: 2.3, Diff: 0.8, Sum: 8.4]
         [Processed Buffers: Min: 8, Avg: 9.8, Max: 12, Diff: 4, Sum: 39]
      [Scan RS (ms): Min: 0.0, Avg: 0.2, Max: 0.3, Diff: 0.3, Sum: 0.6]
      [Code Root Scanning (ms): Min: 0.0, Avg: 0.0, Max: 0.0, Diff: 0.0, Sum: 0.0]
      [Object Copy (ms): Min: 1.1, Avg: 1.2, Max: 1.3, Diff: 0.3, Sum: 4.8]
      [Termination (ms): Min: 0.0, Avg: 0.0, Max: 0.0, Diff: 0.0, Sum: 0.0]
         [Termination Attempts: Min: 1, Avg: 1.0, Max: 1, Diff: 0, Sum: 4]
      [GC Worker Other (ms): Min: 0.0, Avg: 0.0, Max: 0.0, Diff: 0.0, Sum: 0.1]
      [GC Worker Total (ms): Min: 4.0, Avg: 4.0, Max: 4.0, Diff: 0.0, Sum: 16.0]
      [GC Worker End (ms): Min: 989947.3, Avg: 989947.3, Max: 989947.4, Diff: 0.0]
   [Code Root Fixup: 0.0 ms]
   [Code Root Purge: 0.0 ms]
   [Clear CT: 0.1 ms]
   [Other: 1.1 ms]
      [Choose CSet: 0.0 ms]
      [Ref Proc: 0.8 ms]
      [Ref Enq: 0.0 ms]
      [Redirty Cards: 0.1 ms]
      [Humongous Register: 0.0 ms]
      [Humongous Reclaim: 0.0 ms]
      [Free CSet: 0.0 ms]
   [Eden: 79.0M(79.0M)->0.0B(77.0M) Survivors: 1024.0K->2048.0K Heap: 227.7M(256.0M)->149.0M(256.0M)]
 [Times: user=0.02 sys=0.00, real=0.01 secs] 
2020-04-13T16:00:09.243+0800: 992.200: [GC pause (G1 Evacuation Pause) (young) (initial-mark), 0.0047925 secs]
   [Parallel Time: 4.4 ms, GC Workers: 4]
      [GC Worker Start (ms): Min: 992199.8, Avg: 992199.9, Max: 992199.9, Diff: 0.1]
      [Ext Root Scanning (ms): Min: 1.0, Avg: 1.2, Max: 1.7, Diff: 0.7, Sum: 4.7]
      [Update RS (ms): Min: 1.3, Avg: 1.8, Max: 2.1, Diff: 0.8, Sum: 7.3]
         [Processed Buffers: Min: 5, Avg: 9.2, Max: 14, Diff: 9, Sum: 37]
      [Scan RS (ms): Min: 0.1, Avg: 0.1, Max: 0.2, Diff: 0.1, Sum: 0.6]
      [Code Root Scanning (ms): Min: 0.0, Avg: 0.0, Max: 0.0, Diff: 0.0, Sum: 0.0]
      [Object Copy (ms): Min: 1.1, Avg: 1.2, Max: 1.3, Diff: 0.2, Sum: 4.6]
      [Termination (ms): Min: 0.0, Avg: 0.0, Max: 0.0, Diff: 0.0, Sum: 0.0]
         [Termination Attempts: Min: 1, Avg: 1.0, Max: 1, Diff: 0, Sum: 4]
      [GC Worker Other (ms): Min: 0.0, Avg: 0.0, Max: 0.0, Diff: 0.0, Sum: 0.0]
      [GC Worker Total (ms): Min: 4.3, Avg: 4.3, Max: 4.4, Diff: 0.1, Sum: 17.3]
      [GC Worker End (ms): Min: 992204.2, Avg: 992204.2, Max: 992204.2, Diff: 0.0]
   [Code Root Fixup: 0.0 ms]
   [Code Root Purge: 0.0 ms]
   [Clear CT: 0.0 ms]
   [Other: 0.3 ms]
      [Choose CSet: 0.0 ms]
      [Ref Proc: 0.1 ms]
      [Ref Enq: 0.0 ms]
      [Redirty Cards: 0.1 ms]
      [Humongous Register: 0.0 ms]
      [Humongous Reclaim: 0.0 ms]
      [Free CSet: 0.0 ms]
   [Eden: 77.0M(77.0M)->0.0B(77.0M) Survivors: 2048.0K->2048.0K Heap: 226.0M(256.0M)->149.2M(256.0M)]
 [Times: user=0.01 sys=0.00, real=0.00 secs] 
2020-04-13T16:00:09.248+0800: 992.205: [GC concurrent-root-region-scan-start]
2020-04-13T16:00:09.251+0800: 992.207: [GC concurrent-root-region-scan-end, 0.0026640 secs]
2020-04-13T16:00:09.251+0800: 992.207: [GC concurrent-mark-start]
2020-04-13T16:00:09.271+0800: 992.227: [GC concurrent-mark-end, 0.0197305 secs]
2020-04-13T16:00:09.271+0800: 992.227: [GC remark 2020-04-13T16:00:09.271+0800: 992.227: [Finalize Marking, 0.0001113 secs] 2020-04-13T16:00:09.271+0800: 992.227: [GC ref-proc, 0.0000587 secs] 2020-04-13T16:00:09.271+0800: 992.228: [Unloading, 0.0042809 secs], 0.0055990 secs]
 [Times: user=0.01 sys=0.00, real=0.00 secs] 
2020-04-13T16:00:09.277+0800: 992.233: [GC cleanup 150M->150M(256M), 0.0003041 secs]
 [Times: user=0.00 sys=0.00, real=0.00 secs] 
2020-04-13T16:00:11.011+0800: 993.968: [GC pause (G1 Evacuation Pause) (young), 0.0045897 secs]
   [Parallel Time: 4.1 ms, GC Workers: 4]
      [GC Worker Start (ms): Min: 993967.6, Avg: 993967.6, Max: 993967.7, Diff: 0.0]
      [Ext Root Scanning (ms): Min: 0.3, Avg: 0.4, Max: 0.5, Diff: 0.2, Sum: 1.5]
      [Update RS (ms): Min: 2.2, Avg: 2.3, Max: 2.5, Diff: 0.3, Sum: 9.3]
         [Processed Buffers: Min: 5, Avg: 9.5, Max: 15, Diff: 10, Sum: 38]
      [Scan RS (ms): Min: 0.0, Avg: 0.1, Max: 0.2, Diff: 0.2, Sum: 0.5]
      [Code Root Scanning (ms): Min: 0.0, Avg: 0.0, Max: 0.0, Diff: 0.0, Sum: 0.0]
      [Object Copy (ms): Min: 1.2, Avg: 1.2, Max: 1.2, Diff: 0.1, Sum: 4.7]
      [Termination (ms): Min: 0.0, Avg: 0.0, Max: 0.0, Diff: 0.0, Sum: 0.0]
         [Termination Attempts: Min: 1, Avg: 1.0, Max: 1, Diff: 0, Sum: 4]
      [GC Worker Other (ms): Min: 0.0, Avg: 0.0, Max: 0.0, Diff: 0.0, Sum: 0.1]
      [GC Worker Total (ms): Min: 4.0, Avg: 4.0, Max: 4.1, Diff: 0.0, Sum: 16.2]
      [GC Worker End (ms): Min: 993971.7, Avg: 993971.7, Max: 993971.7, Diff: 0.0]
   [Code Root Fixup: 0.1 ms]
   [Code Root Purge: 0.0 ms]
   [Clear CT: 0.1 ms]
   [Other: 0.4 ms]
      [Choose CSet: 0.0 ms]
      [Ref Proc: 0.2 ms]
      [Ref Enq: 0.0 ms]
      [Redirty Cards: 0.0 ms]
      [Humongous Register: 0.0 ms]
      [Humongous Reclaim: 0.0 ms]
      [Free CSet: 0.0 ms]
   [Eden: 77.0M(77.0M)->0.0B(78.0M) Survivors: 2048.0K->1024.0K Heap: 226.2M(256.0M)->148.9M(256.0M)]
 [Times: user=0.01 sys=0.00, real=0.00 secs] 
2020-04-13T16:00:12.826+0800: 995.783: [GC pause (G1 Evacuation Pause) (young), 0.0060791 secs]
   [Parallel Time: 5.1 ms, GC Workers: 4]
      [GC Worker Start (ms): Min: 995782.9, Avg: 995782.9, Max: 995782.9, Diff: 0.0]
      [Ext Root Scanning (ms): Min: 0.3, Avg: 0.4, Max: 0.5, Diff: 0.2, Sum: 1.5]
      [Update RS (ms): Min: 1.7, Avg: 2.6, Max: 3.6, Diff: 2.0, Sum: 10.4]
         [Processed Buffers: Min: 4, Avg: 8.0, Max: 16, Diff: 12, Sum: 32]
      [Scan RS (ms): Min: 0.0, Avg: 0.3, Max: 0.7, Diff: 0.7, Sum: 1.2]
      [Code Root Scanning (ms): Min: 0.0, Avg: 0.0, Max: 0.0, Diff: 0.0, Sum: 0.0]
      [Object Copy (ms): Min: 1.0, Avg: 1.7, Max: 2.1, Diff: 1.1, Sum: 6.9]
      [Termination (ms): Min: 0.0, Avg: 0.0, Max: 0.0, Diff: 0.0, Sum: 0.0]
         [Termination Attempts: Min: 1, Avg: 1.0, Max: 1, Diff: 0, Sum: 4]
      [GC Worker Other (ms): Min: 0.0, Avg: 0.0, Max: 0.1, Diff: 0.0, Sum: 0.1]
      [GC Worker Total (ms): Min: 5.0, Avg: 5.0, Max: 5.1, Diff: 0.1, Sum: 20.1]
      [GC Worker End (ms): Min: 995787.9, Avg: 995787.9, Max: 995787.9, Diff: 0.0]
   [Code Root Fixup: 0.0 ms]
   [Code Root Purge: 0.0 ms]
   [Clear CT: 0.1 ms]
   [Other: 0.8 ms]
      [Choose CSet: 0.0 ms]
      [Ref Proc: 0.6 ms]
      [Ref Enq: 0.0 ms]
      [Redirty Cards: 0.1 ms]
      [Humongous Register: 0.0 ms]
      [Humongous Reclaim: 0.0 ms]
      [Free CSet: 0.0 ms]
   [Eden: 78.0M(78.0M)->0.0B(78.0M) Survivors: 1024.0K->1024.0K Heap: 226.9M(256.0M)->148.9M(256.0M)]
 [Times: user=0.02 sys=0.00, real=0.01 secs] 
2020-04-13T16:00:14.614+0800: 997.570: [GC pause (G1 Evacuation Pause) (young) (initial-mark), 0.0071856 secs]
   [Parallel Time: 6.1 ms, GC Workers: 4]
      [GC Worker Start (ms): Min: 997570.2, Avg: 997570.2, Max: 997570.2, Diff: 0.0]
      [Ext Root Scanning (ms): Min: 0.5, Avg: 0.5, Max: 0.5, Diff: 0.0, Sum: 2.1]
      [Update RS (ms): Min: 2.2, Avg: 2.3, Max: 2.5, Diff: 0.3, Sum: 9.1]
         [Processed Buffers: Min: 1, Avg: 8.2, Max: 19, Diff: 18, Sum: 33]
      [Scan RS (ms): Min: 0.3, Avg: 1.0, Max: 2.6, Diff: 2.2, Sum: 4.0]
      [Code Root Scanning (ms): Min: 0.0, Avg: 0.0, Max: 0.0, Diff: 0.0, Sum: 0.0]
      [Object Copy (ms): Min: 0.1, Avg: 1.7, Max: 2.6, Diff: 2.5, Sum: 6.7]
      [Termination (ms): Min: 0.0, Avg: 0.5, Max: 0.7, Diff: 0.7, Sum: 2.0]
         [Termination Attempts: Min: 1, Avg: 1.0, Max: 1, Diff: 0, Sum: 4]
      [GC Worker Other (ms): Min: 0.0, Avg: 0.0, Max: 0.0, Diff: 0.0, Sum: 0.1]
      [GC Worker Total (ms): Min: 5.9, Avg: 6.0, Max: 6.0, Diff: 0.2, Sum: 23.9]
      [GC Worker End (ms): Min: 997576.1, Avg: 997576.2, Max: 997576.3, Diff: 0.2]
   [Code Root Fixup: 0.0 ms]
   [Code Root Purge: 0.0 ms]
   [Clear CT: 0.1 ms]
   [Other: 1.0 ms]
      [Choose CSet: 0.0 ms]
      [Ref Proc: 0.8 ms]
      [Ref Enq: 0.0 ms]
      [Redirty Cards: 0.0 ms]
      [Humongous Register: 0.0 ms]
      [Humongous Reclaim: 0.0 ms]
      [Free CSet: 0.0 ms]
   [Eden: 78.0M(78.0M)->0.0B(76.0M) Survivors: 1024.0K->2048.0K Heap: 226.9M(256.0M)->149.3M(256.0M)]
 [Times: user=0.02 sys=0.01, real=0.01 secs] 
2020-04-13T16:00:14.621+0800: 997.577: [GC concurrent-root-region-scan-start]
2020-04-13T16:00:14.625+0800: 997.581: [GC concurrent-root-region-scan-end, 0.0034569 secs]
2020-04-13T16:00:14.625+0800: 997.581: [GC concurrent-mark-start]
2020-04-13T16:00:14.642+0800: 997.599: [GC concurrent-mark-end, 0.0175761 secs]
2020-04-13T16:00:14.642+0800: 997.599: [GC remark 2020-04-13T16:00:14.642+0800: 997.599: [Finalize Marking, 0.0001122 secs] 2020-04-13T16:00:14.642+0800: 997.599: [GC ref-proc, 0.0000586 secs] 2020-04-13T16:00:14.643+0800: 997.599: [Unloading, 0.0037258 secs], 0.0050232 secs]
 [Times: user=0.01 sys=0.00, real=0.00 secs] 
2020-04-13T16:00:14.647+0800: 997.604: [GC cleanup 150M->150M(256M), 0.0002750 secs]
 [Times: user=0.00 sys=0.00, real=0.00 secs] 
2020-04-13T16:00:16.232+0800: 999.188: [GC pause (G1 Evacuation Pause) (young), 0.0044634 secs]
   [Parallel Time: 4.0 ms, GC Workers: 4]
      [GC Worker Start (ms): Min: 999188.1, Avg: 999188.2, Max: 999188.2, Diff: 0.0]
      [Ext Root Scanning (ms): Min: 0.3, Avg: 0.4, Max: 0.5, Diff: 0.2, Sum: 1.5]
      [Update RS (ms): Min: 1.6, Avg: 1.8, Max: 2.0, Diff: 0.4, Sum: 7.1]
         [Processed Buffers: Min: 4, Avg: 8.5, Max: 17, Diff: 13, Sum: 34]
      [Scan RS (ms): Min: 0.5, Avg: 0.7, Max: 0.8, Diff: 0.2, Sum: 2.7]
      [Code Root Scanning (ms): Min: 0.0, Avg: 0.0, Max: 0.0, Diff: 0.0, Sum: 0.0]
      [Object Copy (ms): Min: 1.1, Avg: 1.1, Max: 1.1, Diff: 0.1, Sum: 4.4]
      [Termination (ms): Min: 0.0, Avg: 0.0, Max: 0.0, Diff: 0.0, Sum: 0.0]
         [Termination Attempts: Min: 1, Avg: 1.0, Max: 1, Diff: 0, Sum: 4]
      [GC Worker Other (ms): Min: 0.0, Avg: 0.0, Max: 0.0, Diff: 0.0, Sum: 0.0]
      [GC Worker Total (ms): Min: 3.9, Avg: 3.9, Max: 3.9, Diff: 0.0, Sum: 15.8]
      [GC Worker End (ms): Min: 999192.1, Avg: 999192.1, Max: 999192.1, Diff: 0.0]
   [Code Root Fixup: 0.1 ms]
   [Code Root Purge: 0.0 ms]
   [Clear CT: 0.1 ms]
   [Other: 0.4 ms]
      [Choose CSet: 0.0 ms]
      [Ref Proc: 0.1 ms]
      [Ref Enq: 0.0 ms]
      [Redirty Cards: 0.1 ms]
      [Humongous Register: 0.0 ms]
      [Humongous Reclaim: 0.0 ms]
      [Free CSet: 0.0 ms]
   [Eden: 76.0M(76.0M)->0.0B(11.0M) Survivors: 2048.0K->1024.0K Heap: 225.3M(256.0M)->149.1M(256.0M)]
 [Times: user=0.01 sys=0.00, real=0.00 secs] 
2020-04-13T16:00:16.462+0800: 999.419: [GC pause (G1 Evacuation Pause) (mixed), 0.0049861 secs]
   [Parallel Time: 4.7 ms, GC Workers: 4]
      [GC Worker Start (ms): Min: 999418.6, Avg: 999418.6, Max: 999418.6, Diff: 0.0]
      [Ext Root Scanning (ms): Min: 0.3, Avg: 0.4, Max: 0.6, Diff: 0.3, Sum: 1.7]
      [Update RS (ms): Min: 1.6, Avg: 2.2, Max: 3.8, Diff: 2.2, Sum: 8.9]
         [Processed Buffers: Min: 3, Avg: 6.5, Max: 11, Diff: 8, Sum: 26]
      [Scan RS (ms): Min: 0.0, Avg: 0.6, Max: 0.8, Diff: 0.8, Sum: 2.3]
      [Code Root Scanning (ms): Min: 0.0, Avg: 0.0, Max: 0.0, Diff: 0.0, Sum: 0.0]
      [Object Copy (ms): Min: 0.5, Avg: 1.4, Max: 1.7, Diff: 1.2, Sum: 5.5]
      [Termination (ms): Min: 0.0, Avg: 0.0, Max: 0.0, Diff: 0.0, Sum: 0.0]
         [Termination Attempts: Min: 1, Avg: 1.0, Max: 1, Diff: 0, Sum: 4]
      [GC Worker Other (ms): Min: 0.0, Avg: 0.0, Max: 0.0, Diff: 0.0, Sum: 0.0]
      [GC Worker Total (ms): Min: 4.6, Avg: 4.6, Max: 4.6, Diff: 0.0, Sum: 18.4]
      [GC Worker End (ms): Min: 999423.2, Avg: 999423.2, Max: 999423.2, Diff: 0.0]
   [Code Root Fixup: 0.0 ms]
   [Code Root Purge: 0.0 ms]
   [Clear CT: 0.0 ms]
   [Other: 0.2 ms]
      [Choose CSet: 0.0 ms]
      [Ref Proc: 0.1 ms]
      [Ref Enq: 0.0 ms]
      [Redirty Cards: 0.0 ms]
      [Humongous Register: 0.0 ms]
      [Humongous Reclaim: 0.0 ms]
      [Free CSet: 0.0 ms]
   [Eden: 11.0M(11.0M)->0.0B(77.0M) Survivors: 1024.0K->2048.0K Heap: 160.1M(256.0M)->148.7M(256.0M)]
 [Times: user=0.02 sys=0.00, real=0.00 secs] 
2020-04-13T16:00:18.318+0800: 1001.275: [GC pause (G1 Evacuation Pause) (young), 0.0049434 secs]
   [Parallel Time: 3.8 ms, GC Workers: 4]
      [GC Worker Start (ms): Min: 1001274.7, Avg: 1001274.7, Max: 1001274.8, Diff: 0.0]
      [Ext Root Scanning (ms): Min: 0.3, Avg: 0.4, Max: 0.5, Diff: 0.2, Sum: 1.5]
      [Update RS (ms): Min: 1.4, Avg: 1.5, Max: 1.7, Diff: 0.3, Sum: 6.0]
         [Processed Buffers: Min: 4, Avg: 8.2, Max: 13, Diff: 9, Sum: 33]
      [Scan RS (ms): Min: 0.6, Avg: 0.8, Max: 1.0, Diff: 0.3, Sum: 3.1]
      [Code Root Scanning (ms): Min: 0.0, Avg: 0.0, Max: 0.0, Diff: 0.0, Sum: 0.0]
      [Object Copy (ms): Min: 1.1, Avg: 1.1, Max: 1.2, Diff: 0.1, Sum: 4.4]
      [Termination (ms): Min: 0.0, Avg: 0.0, Max: 0.0, Diff: 0.0, Sum: 0.0]
         [Termination Attempts: Min: 1, Avg: 1.0, Max: 1, Diff: 0, Sum: 4]
      [GC Worker Other (ms): Min: 0.0, Avg: 0.0, Max: 0.0, Diff: 0.0, Sum: 0.0]
      [GC Worker Total (ms): Min: 3.8, Avg: 3.8, Max: 3.8, Diff: 0.0, Sum: 15.1]
      [GC Worker End (ms): Min: 1001278.5, Avg: 1001278.5, Max: 1001278.5, Diff: 0.0]
   [Code Root Fixup: 0.1 ms]
   [Code Root Purge: 0.0 ms]
   [Clear CT: 0.0 ms]
   [Other: 1.0 ms]
      [Choose CSet: 0.0 ms]
      [Ref Proc: 0.8 ms]
      [Ref Enq: 0.0 ms]
      [Redirty Cards: 0.0 ms]
      [Humongous Register: 0.0 ms]
      [Humongous Reclaim: 0.0 ms]
      [Free CSet: 0.0 ms]
   [Eden: 77.0M(77.0M)->0.0B(79.0M) Survivors: 2048.0K->1024.0K Heap: 225.7M(256.0M)->148.6M(256.0M)]
 [Times: user=0.02 sys=0.00, real=0.01 secs] 
2020-04-13T16:00:20.127+0800: 1003.083: [GC pause (G1 Evacuation Pause) (young) (initial-mark), 0.0046039 secs]
   [Parallel Time: 4.3 ms, GC Workers: 4]
      [GC Worker Start (ms): Min: 1003083.4, Avg: 1003083.4, Max: 1003083.4, Diff: 0.1]
      [Ext Root Scanning (ms): Min: 0.6, Avg: 0.8, Max: 1.3, Diff: 0.7, Sum: 3.3]
      [Update RS (ms): Min: 1.1, Avg: 1.6, Max: 1.9, Diff: 0.7, Sum: 6.5]
         [Processed Buffers: Min: 4, Avg: 7.2, Max: 10, Diff: 6, Sum: 29]
      [Scan RS (ms): Min: 0.5, Avg: 0.6, Max: 0.7, Diff: 0.2, Sum: 2.4]
      [Code Root Scanning (ms): Min: 0.0, Avg: 0.0, Max: 0.0, Diff: 0.0, Sum: 0.0]
      [Object Copy (ms): Min: 1.1, Avg: 1.2, Max: 1.2, Diff: 0.1, Sum: 4.6]
      [Termination (ms): Min: 0.0, Avg: 0.0, Max: 0.0, Diff: 0.0, Sum: 0.0]
         [Termination Attempts: Min: 1, Avg: 1.0, Max: 1, Diff: 0, Sum: 4]
      [GC Worker Other (ms): Min: 0.0, Avg: 0.0, Max: 0.0, Diff: 0.0, Sum: 0.0]
      [GC Worker Total (ms): Min: 4.2, Avg: 4.2, Max: 4.2, Diff: 0.1, Sum: 16.9]
      [GC Worker End (ms): Min: 1003087.6, Avg: 1003087.6, Max: 1003087.6, Diff: 0.0]
   [Code Root Fixup: 0.0 ms]
   [Code Root Purge: 0.0 ms]
   [Clear CT: 0.0 ms]
   [Other: 0.3 ms]
      [Choose CSet: 0.0 ms]
      [Ref Proc: 0.1 ms]
      [Ref Enq: 0.0 ms]
      [Redirty Cards: 0.0 ms]
      [Humongous Register: 0.0 ms]
      [Humongous Reclaim: 0.0 ms]
      [Free CSet: 0.0 ms]
   [Eden: 79.0M(79.0M)->0.0B(77.0M) Survivors: 1024.0K->2048.0K Heap: 227.6M(256.0M)->149.1M(256.0M)]
 [Times: user=0.01 sys=0.00, real=0.01 secs] 
2020-04-13T16:00:20.132+0800: 1003.088: [GC concurrent-root-region-scan-start]
2020-04-13T16:00:20.135+0800: 1003.091: [GC concurrent-root-region-scan-end, 0.0032937 secs]
2020-04-13T16:00:20.135+0800: 1003.091: [GC concurrent-mark-start]
2020-04-13T16:00:20.154+0800: 1003.111: [GC concurrent-mark-end, 0.0191614 secs]
2020-04-13T16:00:20.154+0800: 1003.111: [GC remark 2020-04-13T16:00:20.154+0800: 1003.111: [Finalize Marking, 0.0009067 secs] 2020-04-13T16:00:20.155+0800: 1003.112: [GC ref-proc, 0.0000585 secs] 2020-04-13T16:00:20.155+0800: 1003.112: [Unloading, 0.0033195 secs], 0.0054378 secs]
 [Times: user=0.02 sys=0.00, real=0.01 secs] 
2020-04-13T16:00:20.160+0800: 1003.116: [GC cleanup 150M->150M(256M), 0.0003298 secs]
 [Times: user=0.00 sys=0.00, real=0.00 secs] 
2020-04-13T16:00:21.755+0800: 1004.711: [GC pause (G1 Evacuation Pause) (young), 0.0040667 secs]
   [Parallel Time: 3.5 ms, GC Workers: 4]
      [GC Worker Start (ms): Min: 1004710.9, Avg: 1004710.9, Max: 1004710.9, Diff: 0.0]
      [Ext Root Scanning (ms): Min: 0.3, Avg: 0.4, Max: 0.5, Diff: 0.2, Sum: 1.4]
      [Update RS (ms): Min: 1.3, Avg: 1.4, Max: 1.5, Diff: 0.1, Sum: 5.7]
         [Processed Buffers: Min: 6, Avg: 7.8, Max: 11, Diff: 5, Sum: 31]
      [Scan RS (ms): Min: 0.4, Avg: 0.6, Max: 0.7, Diff: 0.2, Sum: 2.3]
      [Code Root Scanning (ms): Min: 0.0, Avg: 0.0, Max: 0.0, Diff: 0.0, Sum: 0.0]
      [Object Copy (ms): Min: 1.1, Avg: 1.1, Max: 1.1, Diff: 0.1, Sum: 4.4]
      [Termination (ms): Min: 0.0, Avg: 0.0, Max: 0.0, Diff: 0.0, Sum: 0.0]
         [Termination Attempts: Min: 1, Avg: 1.0, Max: 1, Diff: 0, Sum: 4]
      [GC Worker Other (ms): Min: 0.0, Avg: 0.0, Max: 0.0, Diff: 0.0, Sum: 0.0]
      [GC Worker Total (ms): Min: 3.4, Avg: 3.4, Max: 3.5, Diff: 0.0, Sum: 13.8]
      [GC Worker End (ms): Min: 1004714.3, Avg: 1004714.3, Max: 1004714.3, Diff: 0.0]
   [Code Root Fixup: 0.0 ms]
   [Code Root Purge: 0.0 ms]
   [Clear CT: 0.1 ms]
   [Other: 0.5 ms]
      [Choose CSet: 0.0 ms]
      [Ref Proc: 0.3 ms]
      [Ref Enq: 0.0 ms]
      [Redirty Cards: 0.1 ms]
      [Humongous Register: 0.0 ms]
      [Humongous Reclaim: 0.0 ms]
      [Free CSet: 0.0 ms]
   [Eden: 77.0M(77.0M)->0.0B(79.0M) Survivors: 2048.0K->1024.0K Heap: 226.1M(256.0M)->148.6M(256.0M)]
 [Times: user=0.02 sys=0.00, real=0.00 secs] 
2020-04-13T16:00:23.481+0800: 1006.437: [GC pause (G1 Evacuation Pause) (young), 0.0053181 secs]
   [Parallel Time: 4.9 ms, GC Workers: 4]
      [GC Worker Start (ms): Min: 1006437.1, Avg: 1006437.1, Max: 1006437.2, Diff: 0.0]
      [Ext Root Scanning (ms): Min: 0.3, Avg: 0.4, Max: 0.5, Diff: 0.2, Sum: 1.4]
      [Update RS (ms): Min: 1.5, Avg: 2.4, Max: 4.4, Diff: 2.9, Sum: 9.7]
         [Processed Buffers: Min: 3, Avg: 7.5, Max: 11, Diff: 8, Sum: 30]
      [Scan RS (ms): Min: 0.0, Avg: 0.3, Max: 0.5, Diff: 0.5, Sum: 1.3]
      [Code Root Scanning (ms): Min: 0.0, Avg: 0.0, Max: 0.0, Diff: 0.0, Sum: 0.0]
      [Object Copy (ms): Min: 0.0, Avg: 1.2, Max: 1.7, Diff: 1.6, Sum: 4.9]
      [Termination (ms): Min: 0.0, Avg: 0.5, Max: 0.8, Diff: 0.8, Sum: 2.0]
         [Termination Attempts: Min: 1, Avg: 33.0, Max: 67, Diff: 66, Sum: 132]
      [GC Worker Other (ms): Min: 0.0, Avg: 0.0, Max: 0.0, Diff: 0.0, Sum: 0.0]
      [GC Worker Total (ms): Min: 4.8, Avg: 4.8, Max: 4.8, Diff: 0.0, Sum: 19.3]
      [GC Worker End (ms): Min: 1006441.9, Avg: 1006442.0, Max: 1006442.0, Diff: 0.1]
   [Code Root Fixup: 0.0 ms]
   [Code Root Purge: 0.0 ms]
   [Clear CT: 0.1 ms]
   [Other: 0.3 ms]
      [Choose CSet: 0.0 ms]
      [Ref Proc: 0.1 ms]
      [Ref Enq: 0.0 ms]
      [Redirty Cards: 0.1 ms]
      [Humongous Register: 0.0 ms]
      [Humongous Reclaim: 0.0 ms]
      [Free CSet: 0.0 ms]
   [Eden: 79.0M(79.0M)->0.0B(77.0M) Survivors: 1024.0K->2048.0K Heap: 227.6M(256.0M)->149.0M(256.0M)]
 [Times: user=0.02 sys=0.00, real=0.00 secs] 
2020-04-13T16:00:25.421+0800: 1008.377: [GC pause (G1 Evacuation Pause) (young) (initial-mark), 0.0074336 secs]
   [Parallel Time: 6.6 ms, GC Workers: 4]
      [GC Worker Start (ms): Min: 1008376.8, Avg: 1008376.8, Max: 1008376.8, Diff: 0.0]
      [Ext Root Scanning (ms): Min: 0.5, Avg: 0.7, Max: 1.2, Diff: 0.7, Sum: 2.8]
      [Update RS (ms): Min: 0.0, Avg: 2.4, Max: 4.0, Diff: 4.0, Sum: 9.8]
         [Processed Buffers: Min: 0, Avg: 8.0, Max: 13, Diff: 13, Sum: 32]
      [Scan RS (ms): Min: 0.0, Avg: 0.7, Max: 1.4, Diff: 1.4, Sum: 2.6]
      [Code Root Scanning (ms): Min: 0.0, Avg: 0.0, Max: 0.0, Diff: 0.0, Sum: 0.0]
      [Object Copy (ms): Min: 1.6, Avg: 2.6, Max: 5.2, Diff: 3.6, Sum: 10.3]
      [Termination (ms): Min: 0.0, Avg: 0.0, Max: 0.0, Diff: 0.0, Sum: 0.0]
         [Termination Attempts: Min: 1, Avg: 1.0, Max: 1, Diff: 0, Sum: 4]
      [GC Worker Other (ms): Min: 0.0, Avg: 0.0, Max: 0.1, Diff: 0.0, Sum: 0.1]
      [GC Worker Total (ms): Min: 6.4, Avg: 6.4, Max: 6.4, Diff: 0.0, Sum: 25.7]
      [GC Worker End (ms): Min: 1008383.2, Avg: 1008383.2, Max: 1008383.3, Diff: 0.0]
   [Code Root Fixup: 0.1 ms]
   [Code Root Purge: 0.0 ms]
   [Clear CT: 0.0 ms]
   [Other: 0.8 ms]
      [Choose CSet: 0.0 ms]
      [Ref Proc: 0.5 ms]
      [Ref Enq: 0.0 ms]
      [Redirty Cards: 0.1 ms]
      [Humongous Register: 0.0 ms]
      [Humongous Reclaim: 0.0 ms]
      [Free CSet: 0.0 ms]
   [Eden: 77.0M(77.0M)->0.0B(79.0M) Survivors: 2048.0K->1024.0K Heap: 226.0M(256.0M)->148.9M(256.0M)]
 [Times: user=0.02 sys=0.00, real=0.00 secs] 
2020-04-13T16:00:25.428+0800: 1008.384: [GC concurrent-root-region-scan-start]
2020-04-13T16:00:25.433+0800: 1008.389: [GC concurrent-root-region-scan-end, 0.0051002 secs]
2020-04-13T16:00:25.433+0800: 1008.389: [GC concurrent-mark-start]
2020-04-13T16:00:25.453+0800: 1008.409: [GC concurrent-mark-end, 0.0195231 secs]
2020-04-13T16:00:25.453+0800: 1008.409: [GC remark 2020-04-13T16:00:25.453+0800: 1008.409: [Finalize Marking, 0.0005094 secs] 2020-04-13T16:00:25.454+0800: 1008.410: [GC ref-proc, 0.0000583 secs] 2020-04-13T16:00:25.454+0800: 1008.410: [Unloading, 0.0068272 secs], 0.0091688 secs]
 [Times: user=0.02 sys=0.00, real=0.01 secs] 
2020-04-13T16:00:25.463+0800: 1008.419: [GC cleanup 150M->150M(256M), 0.0017956 secs]
 [Times: user=0.00 sys=0.00, real=0.00 secs] 
2020-04-13T16:00:29.110+0800: 1012.066: [GC pause (G1 Evacuation Pause) (young), 0.0472400 secs]
   [Parallel Time: 28.1 ms, GC Workers: 4]
      [GC Worker Start (ms): Min: 1012065.9, Avg: 1012067.2, Max: 1012070.8, Diff: 4.9]
      [Ext Root Scanning (ms): Min: 0.0, Avg: 0.4, Max: 0.7, Diff: 0.7, Sum: 1.8]
      [Update RS (ms): Min: 0.0, Avg: 4.0, Max: 10.6, Diff: 10.6, Sum: 15.9]
         [Processed Buffers: Min: 0, Avg: 8.5, Max: 24, Diff: 24, Sum: 34]
      [Scan RS (ms): Min: 0.0, Avg: 2.5, Max: 7.5, Diff: 7.5, Sum: 10.1]
      [Code Root Scanning (ms): Min: 0.0, Avg: 0.0, Max: 0.0, Diff: 0.0, Sum: 0.0]
      [Object Copy (ms): Min: 0.1, Avg: 3.6, Max: 7.5, Diff: 7.5, Sum: 14.5]
      [Termination (ms): Min: 0.0, Avg: 8.0, Max: 10.8, Diff: 10.8, Sum: 32.2]
         [Termination Attempts: Min: 1, Avg: 1.0, Max: 1, Diff: 0, Sum: 4]
      [GC Worker Other (ms): Min: 0.0, Avg: 0.0, Max: 0.0, Diff: 0.0, Sum: 0.1]
      [GC Worker Total (ms): Min: 13.0, Avg: 18.6, Max: 22.6, Diff: 9.7, Sum: 74.5]
      [GC Worker End (ms): Min: 1012078.9, Avg: 1012085.8, Max: 1012088.5, Diff: 9.7]
   [Code Root Fixup: 0.1 ms]
   [Code Root Purge: 0.0 ms]
   [Clear CT: 0.1 ms]
   [Other: 19.0 ms]
      [Choose CSet: 0.0 ms]
      [Ref Proc: 18.6 ms]
      [Ref Enq: 0.0 ms]
      [Redirty Cards: 0.1 ms]
      [Humongous Register: 0.0 ms]
      [Humongous Reclaim: 0.0 ms]
      [Free CSet: 0.0 ms]
   [Eden: 79.0M(79.0M)->0.0B(11.0M) Survivors: 1024.0K->1024.0K Heap: 227.9M(256.0M)->148.9M(256.0M)]
 [Times: user=0.02 sys=0.00, real=0.04 secs] 
2020-04-13T16:00:30.657+0800: 1013.613: [GC pause (G1 Evacuation Pause) (young), 0.0175018 secs]
   [Parallel Time: 16.6 ms, GC Workers: 4]
      [GC Worker Start (ms): Min: 1013613.1, Avg: 1013613.2, Max: 1013613.4, Diff: 0.3]
      [Ext Root Scanning (ms): Min: 0.4, Avg: 0.9, Max: 1.9, Diff: 1.4, Sum: 3.5]
      [Update RS (ms): Min: 0.0, Avg: 1.7, Max: 3.6, Diff: 3.6, Sum: 6.8]
         [Processed Buffers: Min: 1, Avg: 7.0, Max: 16, Diff: 15, Sum: 28]
      [Scan RS (ms): Min: 0.0, Avg: 1.1, Max: 1.6, Diff: 1.6, Sum: 4.5]
      [Code Root Scanning (ms): Min: 0.0, Avg: 0.0, Max: 0.0, Diff: 0.0, Sum: 0.0]
      [Object Copy (ms): Min: 1.7, Avg: 2.2, Max: 2.9, Diff: 1.2, Sum: 8.8]
      [Termination (ms): Min: 0.0, Avg: 8.0, Max: 10.7, Diff: 10.7, Sum: 31.9]
         [Termination Attempts: Min: 1, Avg: 1.0, Max: 1, Diff: 0, Sum: 4]
      [GC Worker Other (ms): Min: 0.0, Avg: 0.0, Max: 0.0, Diff: 0.0, Sum: 0.1]
      [GC Worker Total (ms): Min: 6.4, Avg: 13.9, Max: 16.5, Diff: 10.2, Sum: 55.6]
      [GC Worker End (ms): Min: 1013619.6, Avg: 1013627.1, Max: 1013629.6, Diff: 10.0]
   [Code Root Fixup: 0.1 ms]
   [Code Root Purge: 0.0 ms]
   [Clear CT: 0.1 ms]
   [Other: 0.8 ms]
      [Choose CSet: 0.0 ms]
      [Ref Proc: 0.6 ms]
      [Ref Enq: 0.0 ms]
      [Redirty Cards: 0.1 ms]
      [Humongous Register: 0.0 ms]
      [Humongous Reclaim: 0.0 ms]
      [Free CSet: 0.0 ms]
   [Eden: 11.0M(11.0M)->0.0B(78.0M) Survivors: 1024.0K->1024.0K Heap: 159.9M(256.0M)->149.0M(256.0M)]
 [Times: user=0.02 sys=0.00, real=0.02 secs] 
2020-04-13T16:00:31.327+0800: 1014.283: [GC pause (G1 Evacuation Pause) (young) (initial-mark), 0.0069802 secs]
   [Parallel Time: 5.9 ms, GC Workers: 4]
      [GC Worker Start (ms): Min: 1014283.2, Avg: 1014283.2, Max: 1014283.2, Diff: 0.0]
      [Ext Root Scanning (ms): Min: 0.6, Avg: 0.6, Max: 0.7, Diff: 0.0, Sum: 2.6]
      [Update RS (ms): Min: 1.2, Avg: 1.3, Max: 1.4, Diff: 0.2, Sum: 5.2]
         [Processed Buffers: Min: 3, Avg: 6.8, Max: 16, Diff: 13, Sum: 27]
      [Scan RS (ms): Min: 0.9, Avg: 1.0, Max: 1.0, Diff: 0.1, Sum: 4.0]
      [Code Root Scanning (ms): Min: 0.0, Avg: 0.0, Max: 0.0, Diff: 0.0, Sum: 0.0]
      [Object Copy (ms): Min: 1.9, Avg: 2.2, Max: 2.7, Diff: 0.8, Sum: 8.6]
      [Termination (ms): Min: 0.0, Avg: 0.5, Max: 0.8, Diff: 0.8, Sum: 2.0]
         [Termination Attempts: Min: 1, Avg: 1.0, Max: 1, Diff: 0, Sum: 4]
      [GC Worker Other (ms): Min: 0.0, Avg: 0.0, Max: 0.0, Diff: 0.0, Sum: 0.1]
      [GC Worker Total (ms): Min: 5.6, Avg: 5.6, Max: 5.8, Diff: 0.2, Sum: 22.5]
      [GC Worker End (ms): Min: 1014288.8, Avg: 1014288.8, Max: 1014289.0, Diff: 0.2]
   [Code Root Fixup: 0.1 ms]
   [Code Root Purge: 0.0 ms]
   [Clear CT: 0.1 ms]
   [Other: 1.0 ms]
      [Choose CSet: 0.0 ms]
      [Ref Proc: 0.8 ms]
      [Ref Enq: 0.0 ms]
      [Redirty Cards: 0.1 ms]
      [Humongous Register: 0.0 ms]
      [Humongous Reclaim: 0.0 ms]
      [Free CSet: 0.0 ms]
   [Eden: 11.0M(11.0M)->0.0B(78.0M) Survivors: 1024.0K->1024.0K Heap: 160.0M(256.0M)->149.1M(256.0M)]
 [Times: user=0.02 sys=0.00, real=0.01 secs] 
2020-04-13T16:00:31.334+0800: 1014.290: [GC concurrent-root-region-scan-start]
2020-04-13T16:00:31.337+0800: 1014.293: [GC concurrent-root-region-scan-end, 0.0029766 secs]
2020-04-13T16:00:31.337+0800: 1014.293: [GC concurrent-mark-start]
2020-04-13T16:00:31.363+0800: 1014.319: [GC concurrent-mark-end, 0.0258712 secs]
2020-04-13T16:00:31.363+0800: 1014.319: [GC remark 2020-04-13T16:00:31.363+0800: 1014.319: [Finalize Marking, 0.0038978 secs] 2020-04-13T16:00:31.367+0800: 1014.323: [GC ref-proc, 0.0001088 secs] 2020-04-13T16:00:31.367+0800: 1014.323: [Unloading, 0.0041657 secs], 0.0099921 secs]
 [Times: user=0.02 sys=0.00, real=0.01 secs] 
2020-04-13T16:00:31.374+0800: 1014.330: [GC cleanup 150M->150M(256M), 0.0004436 secs]
 [Times: user=0.00 sys=0.00, real=0.00 secs] 
2020-04-13T16:00:37.815+0800: 1020.771: [GC pause (G1 Evacuation Pause) (young), 0.0057503 secs]
   [Parallel Time: 4.4 ms, GC Workers: 4]
      [GC Worker Start (ms): Min: 1020771.4, Avg: 1020771.4, Max: 1020771.5, Diff: 0.2]
      [Ext Root Scanning (ms): Min: 0.4, Avg: 0.6, Max: 0.8, Diff: 0.3, Sum: 2.5]
      [Update RS (ms): Min: 0.8, Avg: 1.5, Max: 1.8, Diff: 1.0, Sum: 5.9]
         [Processed Buffers: Min: 4, Avg: 7.8, Max: 11, Diff: 7, Sum: 31]
      [Scan RS (ms): Min: 0.7, Avg: 0.9, Max: 1.0, Diff: 0.3, Sum: 3.4]
      [Code Root Scanning (ms): Min: 0.0, Avg: 0.0, Max: 0.0, Diff: 0.0, Sum: 0.0]
      [Object Copy (ms): Min: 1.1, Avg: 1.3, Max: 1.8, Diff: 0.8, Sum: 5.1]
      [Termination (ms): Min: 0.0, Avg: 0.0, Max: 0.0, Diff: 0.0, Sum: 0.0]
         [Termination Attempts: Min: 1, Avg: 1.0, Max: 1, Diff: 0, Sum: 4]
      [GC Worker Other (ms): Min: 0.0, Avg: 0.0, Max: 0.1, Diff: 0.1, Sum: 0.1]
      [GC Worker Total (ms): Min: 4.2, Avg: 4.3, Max: 4.4, Diff: 0.2, Sum: 17.1]
      [GC Worker End (ms): Min: 1020775.7, Avg: 1020775.7, Max: 1020775.7, Diff: 0.0]
   [Code Root Fixup: 0.0 ms]
   [Code Root Purge: 0.0 ms]
   [Clear CT: 0.1 ms]
   [Other: 1.2 ms]
      [Choose CSet: 0.0 ms]
      [Ref Proc: 1.0 ms]
      [Ref Enq: 0.0 ms]
      [Redirty Cards: 0.1 ms]
      [Humongous Register: 0.0 ms]
      [Humongous Reclaim: 0.0 ms]
      [Free CSet: 0.0 ms]
   [Eden: 78.0M(78.0M)->0.0B(11.0M) Survivors: 1024.0K->1024.0K Heap: 227.1M(256.0M)->149.1M(256.0M)]
 [Times: user=0.02 sys=0.00, real=0.01 secs] 
2020-04-13T16:00:38.240+0800: 1021.196: [GC pause (G1 Evacuation Pause) (mixed), 0.0061786 secs]
   [Parallel Time: 5.8 ms, GC Workers: 4]
      [GC Worker Start (ms): Min: 1021196.0, Avg: 1021196.0, Max: 1021196.0, Diff: 0.0]
      [Ext Root Scanning (ms): Min: 0.3, Avg: 0.4, Max: 0.5, Diff: 0.2, Sum: 1.4]
      [Update RS (ms): Min: 1.3, Avg: 1.3, Max: 1.4, Diff: 0.2, Sum: 5.4]
         [Processed Buffers: Min: 4, Avg: 7.0, Max: 15, Diff: 11, Sum: 28]
      [Scan RS (ms): Min: 1.0, Avg: 1.1, Max: 1.3, Diff: 0.3, Sum: 4.5]
      [Code Root Scanning (ms): Min: 0.0, Avg: 0.0, Max: 0.0, Diff: 0.0, Sum: 0.0]
      [Object Copy (ms): Min: 1.5, Avg: 1.9, Max: 2.4, Diff: 0.9, Sum: 7.5]
      [Termination (ms): Min: 0.0, Avg: 0.8, Max: 1.1, Diff: 1.1, Sum: 3.2]
         [Termination Attempts: Min: 1, Avg: 1.0, Max: 1, Diff: 0, Sum: 4]
      [GC Worker Other (ms): Min: 0.0, Avg: 0.0, Max: 0.0, Diff: 0.0, Sum: 0.0]
      [GC Worker Total (ms): Min: 5.3, Avg: 5.5, Max: 5.7, Diff: 0.4, Sum: 22.0]
      [GC Worker End (ms): Min: 1021201.3, Avg: 1021201.5, Max: 1021201.7, Diff: 0.4]
   [Code Root Fixup: 0.1 ms]
   [Code Root Purge: 0.0 ms]
   [Clear CT: 0.0 ms]
   [Other: 0.3 ms]
      [Choose CSet: 0.0 ms]
      [Ref Proc: 0.1 ms]
      [Ref Enq: 0.0 ms]
      [Redirty Cards: 0.1 ms]
      [Humongous Register: 0.0 ms]
      [Humongous Reclaim: 0.0 ms]
      [Free CSet: 0.0 ms]
   [Eden: 11.0M(11.0M)->0.0B(79.0M) Survivors: 1024.0K->1024.0K Heap: 160.1M(256.0M)->148.1M(256.0M)]
 [Times: user=0.02 sys=0.00, real=0.00 secs] 
2020-04-13T16:00:40.843+0800: 1023.799: [GC pause (G1 Evacuation Pause) (young), 0.0047978 secs]
   [Parallel Time: 4.3 ms, GC Workers: 4]
      [GC Worker Start (ms): Min: 1023799.3, Avg: 1023799.3, Max: 1023799.4, Diff: 0.1]
      [Ext Root Scanning (ms): Min: 0.3, Avg: 0.4, Max: 0.5, Diff: 0.2, Sum: 1.6]
      [Update RS (ms): Min: 2.0, Avg: 2.1, Max: 2.2, Diff: 0.2, Sum: 8.4]
         [Processed Buffers: Min: 5, Avg: 8.8, Max: 14, Diff: 9, Sum: 35]
      [Scan RS (ms): Min: 0.5, Avg: 0.6, Max: 0.6, Diff: 0.2, Sum: 2.2]
      [Code Root Scanning (ms): Min: 0.0, Avg: 0.0, Max: 0.0, Diff: 0.0, Sum: 0.0]
      [Object Copy (ms): Min: 1.1, Avg: 1.1, Max: 1.1, Diff: 0.1, Sum: 4.5]
      [Termination (ms): Min: 0.0, Avg: 0.0, Max: 0.0, Diff: 0.0, Sum: 0.0]
         [Termination Attempts: Min: 1, Avg: 1.0, Max: 1, Diff: 0, Sum: 4]
      [GC Worker Other (ms): Min: 0.0, Avg: 0.0, Max: 0.0, Diff: 0.0, Sum: 0.0]
      [GC Worker Total (ms): Min: 4.1, Avg: 4.2, Max: 4.2, Diff: 0.1, Sum: 16.8]
      [GC Worker End (ms): Min: 1023803.5, Avg: 1023803.5, Max: 1023803.5, Diff: 0.0]
   [Code Root Fixup: 0.0 ms]
   [Code Root Purge: 0.0 ms]
   [Clear CT: 0.1 ms]
   [Other: 0.4 ms]
      [Choose CSet: 0.0 ms]
      [Ref Proc: 0.2 ms]
      [Ref Enq: 0.0 ms]
      [Redirty Cards: 0.1 ms]
      [Humongous Register: 0.0 ms]
      [Humongous Reclaim: 0.0 ms]
      [Free CSet: 0.0 ms]
   [Eden: 79.0M(79.0M)->0.0B(77.0M) Survivors: 1024.0K->2048.0K Heap: 227.1M(256.0M)->148.5M(256.0M)]
 [Times: user=0.01 sys=0.00, real=0.00 secs] 
2020-04-13T16:00:43.143+0800: 1026.099: [GC pause (G1 Evacuation Pause) (young) (initial-mark), 0.0087147 secs]
   [Parallel Time: 7.5 ms, GC Workers: 4]
      [GC Worker Start (ms): Min: 1026099.1, Avg: 1026099.2, Max: 1026099.4, Diff: 0.4]
      [Ext Root Scanning (ms): Min: 0.3, Avg: 0.7, Max: 0.9, Diff: 0.6, Sum: 2.7]
      [Update RS (ms): Min: 1.8, Avg: 2.0, Max: 2.4, Diff: 0.7, Sum: 8.1]
         [Processed Buffers: Min: 0, Avg: 7.8, Max: 20, Diff: 20, Sum: 31]
      [Scan RS (ms): Min: 0.4, Avg: 1.3, Max: 3.4, Diff: 3.0, Sum: 5.3]
      [Code Root Scanning (ms): Min: 0.0, Avg: 0.0, Max: 0.0, Diff: 0.0, Sum: 0.0]
      [Object Copy (ms): Min: 0.1, Avg: 1.4, Max: 1.9, Diff: 1.8, Sum: 5.4]
      [Termination (ms): Min: 0.0, Avg: 1.3, Max: 2.1, Diff: 2.1, Sum: 5.0]
         [Termination Attempts: Min: 1, Avg: 1.2, Max: 2, Diff: 1, Sum: 5]
      [GC Worker Other (ms): Min: 0.0, Avg: 0.0, Max: 0.0, Diff: 0.0, Sum: 0.0]
      [GC Worker Total (ms): Min: 5.8, Avg: 6.7, Max: 7.4, Diff: 1.7, Sum: 26.6]
      [GC Worker End (ms): Min: 1026105.1, Avg: 1026105.8, Max: 1026106.5, Diff: 1.4]
   [Code Root Fixup: 0.0 ms]
   [Code Root Purge: 0.0 ms]
   [Clear CT: 0.0 ms]
   [Other: 1.1 ms]
      [Choose CSet: 0.0 ms]
      [Ref Proc: 0.9 ms]
      [Ref Enq: 0.0 ms]
      [Redirty Cards: 0.1 ms]
      [Humongous Register: 0.0 ms]
      [Humongous Reclaim: 0.0 ms]
      [Free CSet: 0.0 ms]
   [Eden: 77.0M(77.0M)->0.0B(79.0M) Survivors: 2048.0K->1024.0K Heap: 225.5M(256.0M)->148.2M(256.0M)]
 [Times: user=0.02 sys=0.00, real=0.01 secs] 
2020-04-13T16:00:43.152+0800: 1026.108: [GC concurrent-root-region-scan-start]
2020-04-13T16:00:43.157+0800: 1026.112: [GC concurrent-root-region-scan-end, 0.0046388 secs]
2020-04-13T16:00:43.157+0800: 1026.112: [GC concurrent-mark-start]
2020-04-13T16:00:43.179+0800: 1026.135: [GC concurrent-mark-end, 0.0229144 secs]
2020-04-13T16:00:43.180+0800: 1026.136: [GC remark 2020-04-13T16:00:43.180+0800: 1026.136: [Finalize Marking, 0.0001267 secs] 2020-04-13T16:00:43.180+0800: 1026.136: [GC ref-proc, 0.0000688 secs] 2020-04-13T16:00:43.180+0800: 1026.136: [Unloading, 0.0074764 secs], 0.0091977 secs]
 [Times: user=0.02 sys=0.00, real=0.00 secs] 
2020-04-13T16:00:43.189+0800: 1026.145: [GC cleanup 149M->149M(256M), 0.0003348 secs]
 [Times: user=0.00 sys=0.00, real=0.00 secs] 
2020-04-13T16:00:45.630+0800: 1028.586: [GC pause (G1 Evacuation Pause) (young), 0.0048141 secs]
   [Parallel Time: 4.4 ms, GC Workers: 4]
      [GC Worker Start (ms): Min: 1028586.3, Avg: 1028586.5, Max: 1028586.8, Diff: 0.5]
      [Ext Root Scanning (ms): Min: 0.0, Avg: 0.4, Max: 0.6, Diff: 0.6, Sum: 1.5]
      [Update RS (ms): Min: 1.3, Avg: 1.3, Max: 1.4, Diff: 0.1, Sum: 5.2]
         [Processed Buffers: Min: 3, Avg: 7.5, Max: 12, Diff: 9, Sum: 30]
      [Scan RS (ms): Min: 1.0, Avg: 1.3, Max: 1.7, Diff: 0.7, Sum: 5.0]
      [Code Root Scanning (ms): Min: 0.0, Avg: 0.0, Max: 0.0, Diff: 0.0, Sum: 0.0]
      [Object Copy (ms): Min: 0.9, Avg: 1.3, Max: 1.4, Diff: 0.5, Sum: 5.1]
      [Termination (ms): Min: 0.0, Avg: 0.0, Max: 0.0, Diff: 0.0, Sum: 0.0]
         [Termination Attempts: Min: 1, Avg: 1.0, Max: 1, Diff: 0, Sum: 4]
      [GC Worker Other (ms): Min: 0.0, Avg: 0.0, Max: 0.0, Diff: 0.0, Sum: 0.1]
      [GC Worker Total (ms): Min: 3.9, Avg: 4.2, Max: 4.3, Diff: 0.5, Sum: 16.9]
      [GC Worker End (ms): Min: 1028590.7, Avg: 1028590.7, Max: 1028590.7, Diff: 0.0]
   [Code Root Fixup: 0.0 ms]
   [Code Root Purge: 0.0 ms]
   [Clear CT: 0.0 ms]
   [Other: 0.3 ms]
      [Choose CSet: 0.0 ms]
      [Ref Proc: 0.1 ms]
      [Ref Enq: 0.0 ms]
      [Redirty Cards: 0.0 ms]
      [Humongous Register: 0.0 ms]
      [Humongous Reclaim: 0.0 ms]
      [Free CSet: 0.0 ms]
   [Eden: 79.0M(79.0M)->0.0B(79.0M) Survivors: 1024.0K->1024.0K Heap: 227.2M(256.0M)->148.3M(256.0M)]
 [Times: user=0.02 sys=0.00, real=0.00 secs] 
2020-04-13T16:00:48.017+0800: 1030.973: [GC pause (G1 Evacuation Pause) (young), 0.0048797 secs]
   [Parallel Time: 3.7 ms, GC Workers: 4]
      [GC Worker Start (ms): Min: 1030973.0, Avg: 1030973.0, Max: 1030973.0, Diff: 0.0]
      [Ext Root Scanning (ms): Min: 0.3, Avg: 0.4, Max: 0.5, Diff: 0.2, Sum: 1.5]
      [Update RS (ms): Min: 1.3, Avg: 1.5, Max: 1.7, Diff: 0.3, Sum: 6.1]
         [Processed Buffers: Min: 4, Avg: 7.8, Max: 13, Diff: 9, Sum: 31]
      [Scan RS (ms): Min: 0.6, Avg: 0.7, Max: 0.9, Diff: 0.3, Sum: 3.0]
      [Code Root Scanning (ms): Min: 0.0, Avg: 0.0, Max: 0.0, Diff: 0.0, Sum: 0.0]
      [Object Copy (ms): Min: 1.0, Avg: 1.1, Max: 1.1, Diff: 0.1, Sum: 4.2]
      [Termination (ms): Min: 0.0, Avg: 0.0, Max: 0.0, Diff: 0.0, Sum: 0.0]
         [Termination Attempts: Min: 1, Avg: 1.0, Max: 1, Diff: 0, Sum: 4]
      [GC Worker Other (ms): Min: 0.0, Avg: 0.0, Max: 0.0, Diff: 0.0, Sum: 0.0]
      [GC Worker Total (ms): Min: 3.7, Avg: 3.7, Max: 3.7, Diff: 0.0, Sum: 14.8]
      [GC Worker End (ms): Min: 1030976.7, Avg: 1030976.7, Max: 1030976.7, Diff: 0.0]
   [Code Root Fixup: 0.0 ms]
   [Code Root Purge: 0.0 ms]
   [Clear CT: 0.1 ms]
   [Other: 1.0 ms]
      [Choose CSet: 0.0 ms]
      [Ref Proc: 0.8 ms]
      [Ref Enq: 0.0 ms]
      [Redirty Cards: 0.1 ms]
      [Humongous Register: 0.0 ms]
      [Humongous Reclaim: 0.0 ms]
      [Free CSet: 0.0 ms]
   [Eden: 79.0M(79.0M)->0.0B(79.0M) Survivors: 1024.0K->1024.0K Heap: 227.3M(256.0M)->148.5M(256.0M)]
 [Times: user=0.02 sys=0.00, real=0.01 secs] 
2020-04-13T16:00:51.925+0800: 1034.881: [GC pause (G1 Evacuation Pause) (young) (initial-mark), 0.0164182 secs]
   [Parallel Time: 15.2 ms, GC Workers: 4]
      [GC Worker Start (ms): Min: 1034881.3, Avg: 1034881.6, Max: 1034882.2, Diff: 0.9]
      [Ext Root Scanning (ms): Min: 0.9, Avg: 2.0, Max: 4.7, Diff: 3.8, Sum: 7.8]
      [Update RS (ms): Min: 0.1, Avg: 3.4, Max: 4.8, Diff: 4.6, Sum: 13.7]
         [Processed Buffers: Min: 6, Avg: 7.2, Max: 9, Diff: 3, Sum: 29]
      [Scan RS (ms): Min: 0.7, Avg: 0.8, Max: 0.9, Diff: 0.1, Sum: 3.2]
      [Code Root Scanning (ms): Min: 0.0, Avg: 0.0, Max: 0.0, Diff: 0.0, Sum: 0.0]
      [Object Copy (ms): Min: 2.6, Avg: 5.3, Max: 8.0, Diff: 5.5, Sum: 21.3]
      [Termination (ms): Min: 0.0, Avg: 3.1, Max: 6.2, Diff: 6.2, Sum: 12.4]
         [Termination Attempts: Min: 1, Avg: 1.0, Max: 1, Diff: 0, Sum: 4]
      [GC Worker Other (ms): Min: 0.0, Avg: 0.0, Max: 0.0, Diff: 0.0, Sum: 0.0]
      [GC Worker Total (ms): Min: 13.6, Avg: 14.6, Max: 15.2, Diff: 1.5, Sum: 58.4]
      [GC Worker End (ms): Min: 1034895.8, Avg: 1034896.2, Max: 1034896.5, Diff: 0.7]
   [Code Root Fixup: 0.0 ms]
   [Code Root Purge: 0.0 ms]
   [Clear CT: 0.1 ms]
   [Other: 1.1 ms]
      [Choose CSet: 0.0 ms]
      [Ref Proc: 0.9 ms]
      [Ref Enq: 0.0 ms]
      [Redirty Cards: 0.1 ms]
      [Humongous Register: 0.0 ms]
      [Humongous Reclaim: 0.0 ms]
      [Free CSet: 0.0 ms]
   [Eden: 79.0M(79.0M)->0.0B(79.0M) Survivors: 1024.0K->1024.0K Heap: 227.5M(256.0M)->148.4M(256.0M)]
 [Times: user=0.03 sys=0.00, real=0.02 secs] 
2020-04-13T16:00:51.942+0800: 1034.898: [GC concurrent-root-region-scan-start]
2020-04-13T16:00:51.946+0800: 1034.902: [GC concurrent-root-region-scan-end, 0.0040199 secs]
2020-04-13T16:00:51.946+0800: 1034.902: [GC concurrent-mark-start]
2020-04-13T16:00:51.980+0800: 1034.936: [GC concurrent-mark-end, 0.0340528 secs]
2020-04-13T16:00:51.980+0800: 1034.936: [GC remark 2020-04-13T16:00:51.980+0800: 1034.936: [Finalize Marking, 0.0001188 secs] 2020-04-13T16:00:51.980+0800: 1034.936: [GC ref-proc, 0.0000672 secs] 2020-04-13T16:00:51.981+0800: 1034.936: [Unloading, 0.0035188 secs], 0.0059321 secs]
 [Times: user=0.02 sys=0.00, real=0.00 secs] 
2020-04-13T16:00:51.986+0800: 1034.942: [GC cleanup 149M->149M(256M), 0.0002995 secs]
 [Times: user=0.00 sys=0.00, real=0.00 secs] 
2020-04-13T16:00:55.017+0800: 1037.973: [GC pause (G1 Evacuation Pause) (young), 0.0059284 secs]
   [Parallel Time: 4.9 ms, GC Workers: 4]
      [GC Worker Start (ms): Min: 1037973.0, Avg: 1037973.0, Max: 1037973.0, Diff: 0.1]
      [Ext Root Scanning (ms): Min: 0.3, Avg: 0.4, Max: 0.6, Diff: 0.3, Sum: 1.5]
      [Update RS (ms): Min: 1.4, Avg: 2.1, Max: 3.7, Diff: 2.3, Sum: 8.4]
         [Processed Buffers: Min: 2, Avg: 7.8, Max: 14, Diff: 12, Sum: 31]
      [Scan RS (ms): Min: 0.0, Avg: 1.0, Max: 1.5, Diff: 1.5, Sum: 3.9]
      [Code Root Scanning (ms): Min: 0.0, Avg: 0.0, Max: 0.0, Diff: 0.0, Sum: 0.0]
      [Object Copy (ms): Min: 0.7, Avg: 1.3, Max: 1.6, Diff: 0.9, Sum: 5.1]
      [Termination (ms): Min: 0.0, Avg: 0.0, Max: 0.0, Diff: 0.0, Sum: 0.0]
         [Termination Attempts: Min: 1, Avg: 1.0, Max: 1, Diff: 0, Sum: 4]
      [GC Worker Other (ms): Min: 0.0, Avg: 0.0, Max: 0.0, Diff: 0.0, Sum: 0.1]
      [GC Worker Total (ms): Min: 4.7, Avg: 4.7, Max: 4.7, Diff: 0.1, Sum: 18.9]
      [GC Worker End (ms): Min: 1037977.7, Avg: 1037977.7, Max: 1037977.7, Diff: 0.0]
   [Code Root Fixup: 0.1 ms]
   [Code Root Purge: 0.0 ms]
   [Clear CT: 0.1 ms]
   [Other: 0.9 ms]
      [Choose CSet: 0.0 ms]
      [Ref Proc: 0.8 ms]
      [Ref Enq: 0.0 ms]
      [Redirty Cards: 0.0 ms]
      [Humongous Register: 0.0 ms]
      [Humongous Reclaim: 0.0 ms]
      [Free CSet: 0.0 ms]
   [Eden: 79.0M(79.0M)->0.0B(79.0M) Survivors: 1024.0K->1024.0K Heap: 227.4M(256.0M)->148.6M(256.0M)]
 [Times: user=0.02 sys=0.00, real=0.01 secs] 
2020-04-13T16:00:57.771+0800: 1040.727: [GC pause (G1 Evacuation Pause) (young), 0.0057275 secs]
   [Parallel Time: 5.1 ms, GC Workers: 4]
      [GC Worker Start (ms): Min: 1040726.9, Avg: 1040726.9, Max: 1040726.9, Diff: 0.0]
      [Ext Root Scanning (ms): Min: 0.3, Avg: 0.4, Max: 0.5, Diff: 0.2, Sum: 1.4]
      [Update RS (ms): Min: 1.4, Avg: 1.8, Max: 2.9, Diff: 1.6, Sum: 7.2]
         [Processed Buffers: Min: 1, Avg: 7.5, Max: 14, Diff: 13, Sum: 30]
      [Scan RS (ms): Min: 0.0, Avg: 1.1, Max: 1.6, Diff: 1.6, Sum: 4.4]
      [Code Root Scanning (ms): Min: 0.0, Avg: 0.0, Max: 0.0, Diff: 0.0, Sum: 0.0]
      [Object Copy (ms): Min: 1.4, Avg: 1.5, Max: 1.6, Diff: 0.2, Sum: 6.1]
      [Termination (ms): Min: 0.0, Avg: 0.0, Max: 0.0, Diff: 0.0, Sum: 0.0]
         [Termination Attempts: Min: 1, Avg: 1.2, Max: 2, Diff: 1, Sum: 5]
      [GC Worker Other (ms): Min: 0.0, Avg: 0.0, Max: 0.1, Diff: 0.1, Sum: 0.2]
      [GC Worker Total (ms): Min: 4.8, Avg: 4.8, Max: 4.9, Diff: 0.1, Sum: 19.4]
      [GC Worker End (ms): Min: 1040731.7, Avg: 1040731.7, Max: 1040731.8, Diff: 0.1]
   [Code Root Fixup: 0.0 ms]
   [Code Root Purge: 0.0 ms]
   [Clear CT: 0.1 ms]
   [Other: 0.6 ms]
      [Choose CSet: 0.0 ms]
      [Ref Proc: 0.3 ms]
      [Ref Enq: 0.0 ms]
      [Redirty Cards: 0.1 ms]
      [Humongous Register: 0.0 ms]
      [Humongous Reclaim: 0.0 ms]
      [Free CSet: 0.0 ms]
   [Eden: 79.0M(79.0M)->0.0B(77.0M) Survivors: 1024.0K->2048.0K Heap: 227.6M(256.0M)->148.9M(256.0M)]
 [Times: user=0.01 sys=0.00, real=0.00 secs] 
2020-04-13T16:01:00.103+0800: 1043.059: [GC pause (G1 Evacuation Pause) (young) (initial-mark), 0.0085537 secs]
   [Parallel Time: 7.7 ms, GC Workers: 4]
      [GC Worker Start (ms): Min: 1043059.3, Avg: 1043059.3, Max: 1043059.3, Diff: 0.0]
      [Ext Root Scanning (ms): Min: 0.5, Avg: 0.6, Max: 0.6, Diff: 0.0, Sum: 2.2]
      [Update RS (ms): Min: 1.6, Avg: 2.0, Max: 2.9, Diff: 1.3, Sum: 8.2]
         [Processed Buffers: Min: 0, Avg: 7.2, Max: 20, Diff: 20, Sum: 29]
      [Scan RS (ms): Min: 0.8, Avg: 1.8, Max: 2.5, Diff: 1.7, Sum: 7.1]
      [Code Root Scanning (ms): Min: 0.0, Avg: 0.0, Max: 0.0, Diff: 0.0, Sum: 0.0]
      [Object Copy (ms): Min: 2.4, Avg: 2.8, Max: 3.2, Diff: 0.8, Sum: 11.0]
      [Termination (ms): Min: 0.0, Avg: 0.4, Max: 0.6, Diff: 0.6, Sum: 1.7]
         [Termination Attempts: Min: 1, Avg: 1.5, Max: 2, Diff: 1, Sum: 6]
      [GC Worker Other (ms): Min: 0.0, Avg: 0.0, Max: 0.0, Diff: 0.0, Sum: 0.0]
      [GC Worker Total (ms): Min: 7.4, Avg: 7.6, Max: 7.6, Diff: 0.2, Sum: 30.3]
      [GC Worker End (ms): Min: 1043066.7, Avg: 1043066.9, Max: 1043066.9, Diff: 0.2]
   [Code Root Fixup: 0.1 ms]
   [Code Root Purge: 0.0 ms]
   [Clear CT: 0.0 ms]
   [Other: 0.7 ms]
      [Choose CSet: 0.0 ms]
      [Ref Proc: 0.5 ms]
      [Ref Enq: 0.0 ms]
      [Redirty Cards: 0.1 ms]
      [Humongous Register: 0.0 ms]
      [Humongous Reclaim: 0.0 ms]
      [Free CSet: 0.0 ms]
   [Eden: 77.0M(77.0M)->0.0B(79.0M) Survivors: 2048.0K->1024.0K Heap: 225.9M(256.0M)->148.6M(256.0M)]
 [Times: user=0.02 sys=0.00, real=0.01 secs] 
2020-04-13T16:01:00.112+0800: 1043.068: [GC concurrent-root-region-scan-start]
2020-04-13T16:01:00.117+0800: 1043.073: [GC concurrent-root-region-scan-end, 0.0052473 secs]
2020-04-13T16:01:00.117+0800: 1043.073: [GC concurrent-mark-start]
2020-04-13T16:01:00.136+0800: 1043.092: [GC concurrent-mark-end, 0.0186651 secs]
2020-04-13T16:01:00.136+0800: 1043.092: [GC remark 2020-04-13T16:01:00.136+0800: 1043.092: [Finalize Marking, 0.0001436 secs] 2020-04-13T16:01:00.136+0800: 1043.092: [GC ref-proc, 0.0000596 secs] 2020-04-13T16:01:00.137+0800: 1043.092: [Unloading, 0.0048735 secs], 0.0074308 secs]
 [Times: user=0.01 sys=0.00, real=0.01 secs] 
2020-04-13T16:01:00.144+0800: 1043.100: [GC cleanup 150M->150M(256M), 0.0010050 secs]
 [Times: user=0.01 sys=0.00, real=0.00 secs] 
2020-04-13T16:01:04.022+0800: 1046.978: [GC pause (G1 Evacuation Pause) (young), 0.0071873 secs]
   [Parallel Time: 6.1 ms, GC Workers: 4]
      [GC Worker Start (ms): Min: 1046977.7, Avg: 1046977.7, Max: 1046977.8, Diff: 0.1]
      [Ext Root Scanning (ms): Min: 0.7, Avg: 0.9, Max: 1.4, Diff: 0.7, Sum: 3.6]
      [Update RS (ms): Min: 1.3, Avg: 2.1, Max: 3.5, Diff: 2.2, Sum: 8.2]
         [Processed Buffers: Min: 3, Avg: 7.8, Max: 13, Diff: 10, Sum: 31]
      [Scan RS (ms): Min: 0.0, Avg: 1.3, Max: 2.0, Diff: 2.0, Sum: 5.1]
      [Code Root Scanning (ms): Min: 0.0, Avg: 0.0, Max: 0.0, Diff: 0.0, Sum: 0.0]
      [Object Copy (ms): Min: 1.6, Avg: 1.6, Max: 1.7, Diff: 0.2, Sum: 6.6]
      [Termination (ms): Min: 0.0, Avg: 0.0, Max: 0.0, Diff: 0.0, Sum: 0.0]
         [Termination Attempts: Min: 1, Avg: 1.0, Max: 1, Diff: 0, Sum: 4]
      [GC Worker Other (ms): Min: 0.0, Avg: 0.0, Max: 0.1, Diff: 0.1, Sum: 0.2]
      [GC Worker Total (ms): Min: 5.9, Avg: 5.9, Max: 6.0, Diff: 0.1, Sum: 23.7]
      [GC Worker End (ms): Min: 1046983.6, Avg: 1046983.7, Max: 1046983.7, Diff: 0.0]
   [Code Root Fixup: 0.1 ms]
   [Code Root Purge: 0.0 ms]
   [Clear CT: 0.0 ms]
   [Other: 1.0 ms]
      [Choose CSet: 0.0 ms]
      [Ref Proc: 0.7 ms]
      [Ref Enq: 0.0 ms]
      [Redirty Cards: 0.0 ms]
      [Humongous Register: 0.0 ms]
      [Humongous Reclaim: 0.0 ms]
      [Free CSet: 0.0 ms]
   [Eden: 79.0M(79.0M)->0.0B(79.0M) Survivors: 1024.0K->1024.0K Heap: 227.6M(256.0M)->148.8M(256.0M)]
 [Times: user=0.02 sys=0.00, real=0.01 secs] 
2020-04-13T16:01:07.982+0800: 1050.938: [GC pause (G1 Evacuation Pause) (young), 0.0100850 secs]
   [Parallel Time: 8.8 ms, GC Workers: 4]
      [GC Worker Start (ms): Min: 1050937.8, Avg: 1050938.2, Max: 1050939.3, Diff: 1.5]
      [Ext Root Scanning (ms): Min: 0.4, Avg: 2.1, Max: 6.9, Diff: 6.5, Sum: 8.2]
      [Update RS (ms): Min: 0.0, Avg: 1.2, Max: 1.6, Diff: 1.6, Sum: 4.7]
         [Processed Buffers: Min: 0, Avg: 7.5, Max: 14, Diff: 14, Sum: 30]
      [Scan RS (ms): Min: 0.0, Avg: 1.8, Max: 2.8, Diff: 2.8, Sum: 7.2]
      [Code Root Scanning (ms): Min: 0.0, Avg: 0.0, Max: 0.0, Diff: 0.0, Sum: 0.0]
      [Object Copy (ms): Min: 0.0, Avg: 2.7, Max: 4.3, Diff: 4.3, Sum: 11.0]
      [Termination (ms): Min: 0.0, Avg: 0.4, Max: 0.8, Diff: 0.8, Sum: 1.7]
         [Termination Attempts: Min: 1, Avg: 1.2, Max: 2, Diff: 1, Sum: 5]
      [GC Worker Other (ms): Min: 0.0, Avg: 0.0, Max: 0.0, Diff: 0.0, Sum: 0.1]
      [GC Worker Total (ms): Min: 7.0, Avg: 8.2, Max: 8.7, Diff: 1.8, Sum: 32.9]
      [GC Worker End (ms): Min: 1050946.3, Avg: 1050946.4, Max: 1050946.5, Diff: 0.3]
   [Code Root Fixup: 0.0 ms]
   [Code Root Purge: 0.0 ms]
   [Clear CT: 0.1 ms]
   [Other: 1.2 ms]
      [Choose CSet: 0.0 ms]
      [Ref Proc: 1.0 ms]
      [Ref Enq: 0.0 ms]
      [Redirty Cards: 0.1 ms]
      [Humongous Register: 0.0 ms]
      [Humongous Reclaim: 0.0 ms]
      [Free CSet: 0.0 ms]
   [Eden: 79.0M(79.0M)->0.0B(77.0M) Survivors: 1024.0K->2048.0K Heap: 227.8M(256.0M)->149.1M(256.0M)]
 [Times: user=0.02 sys=0.00, real=0.01 secs] 
2020-04-13T16:01:10.392+0800: 1053.347: [GC pause (G1 Evacuation Pause) (young) (initial-mark), 0.0064331 secs]
   [Parallel Time: 5.3 ms, GC Workers: 4]
      [GC Worker Start (ms): Min: 1053347.5, Avg: 1053347.5, Max: 1053347.6, Diff: 0.2]
      [Ext Root Scanning (ms): Min: 0.8, Avg: 0.8, Max: 0.9, Diff: 0.1, Sum: 3.4]
      [Update RS (ms): Min: 1.7, Avg: 1.7, Max: 1.8, Diff: 0.1, Sum: 6.9]
         [Processed Buffers: Min: 5, Avg: 9.2, Max: 16, Diff: 11, Sum: 37]
      [Scan RS (ms): Min: 1.3, Avg: 1.3, Max: 1.4, Diff: 0.1, Sum: 5.3]
      [Code Root Scanning (ms): Min: 0.0, Avg: 0.0, Max: 0.0, Diff: 0.0, Sum: 0.0]
      [Object Copy (ms): Min: 1.2, Avg: 1.3, Max: 1.4, Diff: 0.1, Sum: 5.2]
      [Termination (ms): Min: 0.0, Avg: 0.0, Max: 0.0, Diff: 0.0, Sum: 0.0]
         [Termination Attempts: Min: 1, Avg: 1.0, Max: 1, Diff: 0, Sum: 4]
      [GC Worker Other (ms): Min: 0.0, Avg: 0.0, Max: 0.0, Diff: 0.0, Sum: 0.0]
      [GC Worker Total (ms): Min: 5.1, Avg: 5.2, Max: 5.2, Diff: 0.2, Sum: 20.8]
      [GC Worker End (ms): Min: 1053352.7, Avg: 1053352.7, Max: 1053352.7, Diff: 0.0]
   [Code Root Fixup: 0.0 ms]
   [Code Root Purge: 0.0 ms]
   [Clear CT: 0.1 ms]
   [Other: 1.0 ms]
      [Choose CSet: 0.0 ms]
      [Ref Proc: 0.7 ms]
      [Ref Enq: 0.0 ms]
      [Redirty Cards: 0.1 ms]
      [Humongous Register: 0.0 ms]
      [Humongous Reclaim: 0.0 ms]
      [Free CSet: 0.0 ms]
   [Eden: 77.0M(77.0M)->0.0B(79.0M) Survivors: 2048.0K->1024.0K Heap: 226.1M(256.0M)->148.9M(256.0M)]
 [Times: user=0.02 sys=0.00, real=0.00 secs] 
2020-04-13T16:01:10.398+0800: 1053.354: [GC concurrent-root-region-scan-start]
2020-04-13T16:01:10.402+0800: 1053.357: [GC concurrent-root-region-scan-end, 0.0032212 secs]
2020-04-13T16:01:10.402+0800: 1053.357: [GC concurrent-mark-start]
2020-04-13T16:01:10.428+0800: 1053.383: [GC concurrent-mark-end, 0.0259379 secs]
2020-04-13T16:01:10.428+0800: 1053.383: [GC remark 2020-04-13T16:01:10.428+0800: 1053.383: [Finalize Marking, 0.0004137 secs] 2020-04-13T16:01:10.428+0800: 1053.384: [GC ref-proc, 0.0000717 secs] 2020-04-13T16:01:10.428+0800: 1053.384: [Unloading, 0.0070624 secs], 0.0088194 secs]
 [Times: user=0.01 sys=0.01, real=0.01 secs] 
2020-04-13T16:01:10.437+0800: 1053.392: [GC cleanup 150M->150M(256M), 0.0003779 secs]
 [Times: user=0.00 sys=0.00, real=0.00 secs] 
2020-04-13T16:01:12.817+0800: 1055.772: [GC pause (G1 Evacuation Pause) (young), 0.0057559 secs]
   [Parallel Time: 5.1 ms, GC Workers: 4]
      [GC Worker Start (ms): Min: 1055772.3, Avg: 1055772.3, Max: 1055772.3, Diff: 0.0]
      [Ext Root Scanning (ms): Min: 0.3, Avg: 0.4, Max: 0.5, Diff: 0.2, Sum: 1.5]
      [Update RS (ms): Min: 1.1, Avg: 1.2, Max: 1.2, Diff: 0.1, Sum: 4.7]
         [Processed Buffers: Min: 3, Avg: 6.8, Max: 11, Diff: 8, Sum: 27]
      [Scan RS (ms): Min: 1.2, Avg: 1.8, Max: 3.1, Diff: 1.9, Sum: 7.0]
      [Code Root Scanning (ms): Min: 0.0, Avg: 0.0, Max: 0.0, Diff: 0.0, Sum: 0.0]
      [Object Copy (ms): Min: 0.0, Avg: 1.1, Max: 1.5, Diff: 1.5, Sum: 4.5]
      [Termination (ms): Min: 0.0, Avg: 0.4, Max: 0.6, Diff: 0.6, Sum: 1.7]
         [Termination Attempts: Min: 1, Avg: 1.2, Max: 2, Diff: 1, Sum: 5]
      [GC Worker Other (ms): Min: 0.0, Avg: 0.0, Max: 0.0, Diff: 0.0, Sum: 0.0]
      [GC Worker Total (ms): Min: 4.8, Avg: 4.9, Max: 4.9, Diff: 0.1, Sum: 19.5]
      [GC Worker End (ms): Min: 1055777.1, Avg: 1055777.2, Max: 1055777.2, Diff: 0.1]
   [Code Root Fixup: 0.0 ms]
   [Code Root Purge: 0.0 ms]
   [Clear CT: 0.1 ms]
   [Other: 0.6 ms]
      [Choose CSet: 0.0 ms]
      [Ref Proc: 0.3 ms]
      [Ref Enq: 0.0 ms]
      [Redirty Cards: 0.1 ms]
      [Humongous Register: 0.0 ms]
      [Humongous Reclaim: 0.0 ms]
      [Free CSet: 0.0 ms]
   [Eden: 79.0M(79.0M)->0.0B(76.0M) Survivors: 1024.0K->2048.0K Heap: 227.9M(256.0M)->149.3M(256.0M)]
 [Times: user=0.02 sys=0.00, real=0.01 secs] 
2020-04-13T16:01:14.901+0800: 1057.856: [GC pause (G1 Evacuation Pause) (young), 0.0070906 secs]
   [Parallel Time: 5.9 ms, GC Workers: 4]
      [GC Worker Start (ms): Min: 1057856.4, Avg: 1057856.4, Max: 1057856.4, Diff: 0.0]
      [Ext Root Scanning (ms): Min: 0.3, Avg: 0.4, Max: 0.5, Diff: 0.1, Sum: 1.5]
      [Update RS (ms): Min: 0.9, Avg: 1.1, Max: 1.2, Diff: 0.3, Sum: 4.4]
         [Processed Buffers: Min: 3, Avg: 6.8, Max: 9, Diff: 6, Sum: 27]
      [Scan RS (ms): Min: 1.1, Avg: 1.2, Max: 1.3, Diff: 0.3, Sum: 4.7]
      [Code Root Scanning (ms): Min: 0.0, Avg: 0.0, Max: 0.0, Diff: 0.0, Sum: 0.0]
      [Object Copy (ms): Min: 2.4, Avg: 2.6, Max: 3.0, Diff: 0.6, Sum: 10.3]
      [Termination (ms): Min: 0.0, Avg: 0.6, Max: 0.8, Diff: 0.8, Sum: 2.4]
         [Termination Attempts: Min: 1, Avg: 1.0, Max: 1, Diff: 0, Sum: 4]
      [GC Worker Other (ms): Min: 0.0, Avg: 0.0, Max: 0.0, Diff: 0.0, Sum: 0.0]
      [GC Worker Total (ms): Min: 5.6, Avg: 5.8, Max: 5.9, Diff: 0.3, Sum: 23.2]
      [GC Worker End (ms): Min: 1057862.1, Avg: 1057862.2, Max: 1057862.3, Diff: 0.2]
   [Code Root Fixup: 0.1 ms]
   [Code Root Purge: 0.0 ms]
   [Clear CT: 0.1 ms]
   [Other: 1.0 ms]
      [Choose CSet: 0.0 ms]
      [Ref Proc: 0.8 ms]
      [Ref Enq: 0.0 ms]
      [Redirty Cards: 0.1 ms]
      [Humongous Register: 0.0 ms]
      [Humongous Reclaim: 0.0 ms]
      [Free CSet: 0.0 ms]
   [Eden: 76.0M(76.0M)->0.0B(76.0M) Survivors: 2048.0K->2048.0K Heap: 225.3M(256.0M)->149.1M(256.0M)]
 [Times: user=0.02 sys=0.00, real=0.00 secs] 
2020-04-13T16:01:16.947+0800: 1059.902: [GC pause (G1 Evacuation Pause) (young) (initial-mark), 0.0059562 secs]
   [Parallel Time: 4.8 ms, GC Workers: 4]
      [GC Worker Start (ms): Min: 1059902.3, Avg: 1059902.6, Max: 1059903.0, Diff: 0.7]
      [Ext Root Scanning (ms): Min: 0.5, Avg: 0.6, Max: 0.9, Diff: 0.3, Sum: 2.6]
      [Update RS (ms): Min: 1.3, Avg: 1.4, Max: 1.5, Diff: 0.2, Sum: 5.6]
         [Processed Buffers: Min: 4, Avg: 7.0, Max: 16, Diff: 12, Sum: 28]
      [Scan RS (ms): Min: 0.8, Avg: 0.9, Max: 1.0, Diff: 0.2, Sum: 3.8]
      [Code Root Scanning (ms): Min: 0.0, Avg: 0.0, Max: 0.0, Diff: 0.0, Sum: 0.0]
      [Object Copy (ms): Min: 1.3, Avg: 1.3, Max: 1.4, Diff: 0.1, Sum: 5.3]
      [Termination (ms): Min: 0.0, Avg: 0.0, Max: 0.0, Diff: 0.0, Sum: 0.0]
         [Termination Attempts: Min: 1, Avg: 1.0, Max: 1, Diff: 0, Sum: 4]
      [GC Worker Other (ms): Min: 0.0, Avg: 0.0, Max: 0.0, Diff: 0.0, Sum: 0.0]
      [GC Worker Total (ms): Min: 3.9, Avg: 4.3, Max: 4.6, Diff: 0.7, Sum: 17.3]
      [GC Worker End (ms): Min: 1059906.9, Avg: 1059906.9, Max: 1059906.9, Diff: 0.0]
   [Code Root Fixup: 0.0 ms]
   [Code Root Purge: 0.0 ms]
   [Clear CT: 0.1 ms]
   [Other: 1.0 ms]
      [Choose CSet: 0.0 ms]
      [Ref Proc: 0.8 ms]
      [Ref Enq: 0.0 ms]
      [Redirty Cards: 0.1 ms]
      [Humongous Register: 0.0 ms]
      [Humongous Reclaim: 0.0 ms]
      [Free CSet: 0.0 ms]
   [Eden: 76.0M(76.0M)->0.0B(76.0M) Survivors: 2048.0K->2048.0K Heap: 225.1M(256.0M)->149.4M(256.0M)]
 [Times: user=0.02 sys=0.00, real=0.01 secs] 
2020-04-13T16:01:16.953+0800: 1059.908: [GC concurrent-root-region-scan-start]
2020-04-13T16:01:16.956+0800: 1059.912: [GC concurrent-root-region-scan-end, 0.0037604 secs]
2020-04-13T16:01:16.957+0800: 1059.912: [GC concurrent-mark-start]
2020-04-13T16:01:16.981+0800: 1059.936: [GC concurrent-mark-end, 0.0243980 secs]
2020-04-13T16:01:16.981+0800: 1059.937: [GC remark 2020-04-13T16:01:16.981+0800: 1059.937: [Finalize Marking, 0.0011099 secs] 2020-04-13T16:01:16.983+0800: 1059.938: [GC ref-proc, 0.0000886 secs] 2020-04-13T16:01:16.983+0800: 1059.938: [Unloading, 0.0039728 secs], 0.0069208 secs]
 [Times: user=0.02 sys=0.00, real=0.00 secs] 
2020-04-13T16:01:16.989+0800: 1059.944: [GC cleanup 150M->150M(256M), 0.0007438 secs]
 [Times: user=0.00 sys=0.00, real=0.01 secs] 
2020-04-13T16:01:19.861+0800: 1062.817: [GC pause (G1 Evacuation Pause) (young), 0.0073515 secs]
   [Parallel Time: 6.9 ms, GC Workers: 4]
      [GC Worker Start (ms): Min: 1062817.0, Avg: 1062817.1, Max: 1062817.2, Diff: 0.2]
      [Ext Root Scanning (ms): Min: 0.3, Avg: 0.5, Max: 0.8, Diff: 0.5, Sum: 1.9]
      [Update RS (ms): Min: 1.1, Avg: 1.4, Max: 1.6, Diff: 0.5, Sum: 5.5]
         [Processed Buffers: Min: 4, Avg: 7.0, Max: 16, Diff: 12, Sum: 28]
      [Scan RS (ms): Min: 0.9, Avg: 1.0, Max: 1.2, Diff: 0.3, Sum: 4.1]
      [Code Root Scanning (ms): Min: 0.0, Avg: 0.0, Max: 0.0, Diff: 0.0, Sum: 0.0]
      [Object Copy (ms): Min: 3.2, Avg: 3.3, Max: 3.7, Diff: 0.6, Sum: 13.2]
      [Termination (ms): Min: 0.0, Avg: 0.5, Max: 0.7, Diff: 0.7, Sum: 1.9]
         [Termination Attempts: Min: 1, Avg: 1.2, Max: 2, Diff: 1, Sum: 5]
      [GC Worker Other (ms): Min: 0.0, Avg: 0.0, Max: 0.0, Diff: 0.0, Sum: 0.0]
      [GC Worker Total (ms): Min: 6.5, Avg: 6.7, Max: 6.8, Diff: 0.3, Sum: 26.7]
      [GC Worker End (ms): Min: 1062823.7, Avg: 1062823.7, Max: 1062823.8, Diff: 0.1]
   [Code Root Fixup: 0.1 ms]
   [Code Root Purge: 0.0 ms]
   [Clear CT: 0.0 ms]
   [Other: 0.4 ms]
      [Choose CSet: 0.0 ms]
      [Ref Proc: 0.1 ms]
      [Ref Enq: 0.0 ms]
      [Redirty Cards: 0.1 ms]
      [Humongous Register: 0.0 ms]
      [Humongous Reclaim: 0.0 ms]
      [Free CSet: 0.0 ms]
   [Eden: 76.0M(76.0M)->0.0B(10.0M) Survivors: 2048.0K->2048.0K Heap: 225.4M(256.0M)->149.3M(256.0M)]
 [Times: user=0.02 sys=0.00, real=0.00 secs] 
2020-04-13T16:01:20.167+0800: 1063.122: [GC pause (G1 Evacuation Pause) (mixed), 0.0052790 secs]
   [Parallel Time: 4.8 ms, GC Workers: 4]
      [GC Worker Start (ms): Min: 1063122.2, Avg: 1063122.2, Max: 1063122.2, Diff: 0.0]
      [Ext Root Scanning (ms): Min: 0.4, Avg: 0.4, Max: 0.5, Diff: 0.1, Sum: 1.6]
      [Update RS (ms): Min: 1.3, Avg: 1.4, Max: 1.5, Diff: 0.2, Sum: 5.5]
         [Processed Buffers: Min: 3, Avg: 6.5, Max: 12, Diff: 9, Sum: 26]
      [Scan RS (ms): Min: 1.3, Avg: 1.4, Max: 1.4, Diff: 0.1, Sum: 5.5]
      [Code Root Scanning (ms): Min: 0.0, Avg: 0.0, Max: 0.1, Diff: 0.1, Sum: 0.1]
      [Object Copy (ms): Min: 1.4, Avg: 1.5, Max: 1.5, Diff: 0.1, Sum: 5.9]
      [Termination (ms): Min: 0.0, Avg: 0.0, Max: 0.0, Diff: 0.0, Sum: 0.0]
         [Termination Attempts: Min: 1, Avg: 1.0, Max: 1, Diff: 0, Sum: 4]
      [GC Worker Other (ms): Min: 0.0, Avg: 0.0, Max: 0.0, Diff: 0.0, Sum: 0.1]
      [GC Worker Total (ms): Min: 4.7, Avg: 4.7, Max: 4.7, Diff: 0.0, Sum: 18.7]
      [GC Worker End (ms): Min: 1063126.9, Avg: 1063126.9, Max: 1063126.9, Diff: 0.0]
   [Code Root Fixup: 0.0 ms]
   [Code Root Purge: 0.0 ms]
   [Clear CT: 0.0 ms]
   [Other: 0.4 ms]
      [Choose CSet: 0.0 ms]
      [Ref Proc: 0.1 ms]
      [Ref Enq: 0.0 ms]
      [Redirty Cards: 0.1 ms]
      [Humongous Register: 0.0 ms]
      [Humongous Reclaim: 0.0 ms]
      [Free CSet: 0.0 ms]
   [Eden: 10.0M(10.0M)->0.0B(77.0M) Survivors: 2048.0K->2048.0K Heap: 159.3M(256.0M)->148.5M(256.0M)]
 [Times: user=0.02 sys=0.00, real=0.01 secs] 
2020-04-13T16:01:23.290+0800: 1066.245: [GC pause (G1 Evacuation Pause) (young), 0.0068756 secs]
   [Parallel Time: 5.9 ms, GC Workers: 4]
      [GC Worker Start (ms): Min: 1066245.2, Avg: 1066245.3, Max: 1066245.5, Diff: 0.3]
      [Ext Root Scanning (ms): Min: 0.2, Avg: 0.7, Max: 1.7, Diff: 1.5, Sum: 2.8]
      [Update RS (ms): Min: 1.1, Avg: 1.7, Max: 2.2, Diff: 1.1, Sum: 6.8]
         [Processed Buffers: Min: 3, Avg: 7.0, Max: 10, Diff: 7, Sum: 28]
      [Scan RS (ms): Min: 0.7, Avg: 0.9, Max: 1.1, Diff: 0.4, Sum: 3.8]
      [Code Root Scanning (ms): Min: 0.0, Avg: 0.0, Max: 0.0, Diff: 0.0, Sum: 0.0]
      [Object Copy (ms): Min: 2.1, Avg: 2.2, Max: 2.4, Diff: 0.3, Sum: 8.9]
      [Termination (ms): Min: 0.0, Avg: 0.0, Max: 0.0, Diff: 0.0, Sum: 0.0]
         [Termination Attempts: Min: 1, Avg: 1.0, Max: 1, Diff: 0, Sum: 4]
      [GC Worker Other (ms): Min: 0.0, Avg: 0.0, Max: 0.0, Diff: 0.0, Sum: 0.0]
      [GC Worker Total (ms): Min: 5.4, Avg: 5.6, Max: 5.7, Diff: 0.3, Sum: 22.3]
      [GC Worker End (ms): Min: 1066250.9, Avg: 1066250.9, Max: 1066250.9, Diff: 0.0]
   [Code Root Fixup: 0.1 ms]
   [Code Root Purge: 0.0 ms]
   [Clear CT: 0.0 ms]
   [Other: 0.8 ms]
      [Choose CSet: 0.0 ms]
      [Ref Proc: 0.6 ms]
      [Ref Enq: 0.0 ms]
      [Redirty Cards: 0.1 ms]
      [Humongous Register: 0.0 ms]
      [Humongous Reclaim: 0.0 ms]
      [Free CSet: 0.1 ms]
   [Eden: 77.0M(77.0M)->0.0B(77.0M) Survivors: 2048.0K->2048.0K Heap: 225.5M(256.0M)->148.4M(256.0M)]
 [Times: user=0.02 sys=0.00, real=0.00 secs] 
2020-04-13T16:01:25.524+0800: 1068.479: [GC pause (G1 Evacuation Pause) (young) (initial-mark), 0.0058393 secs]
   [Parallel Time: 5.0 ms, GC Workers: 4]
      [GC Worker Start (ms): Min: 1068479.1, Avg: 1068479.1, Max: 1068479.2, Diff: 0.0]
      [Ext Root Scanning (ms): Min: 0.5, Avg: 0.5, Max: 0.6, Diff: 0.1, Sum: 2.2]
      [Update RS (ms): Min: 1.9, Avg: 2.3, Max: 3.2, Diff: 1.2, Sum: 9.2]
         [Processed Buffers: Min: 0, Avg: 9.5, Max: 17, Diff: 17, Sum: 38]
      [Scan RS (ms): Min: 0.0, Avg: 0.6, Max: 1.0, Diff: 1.0, Sum: 2.6]
      [Code Root Scanning (ms): Min: 0.0, Avg: 0.0, Max: 0.0, Diff: 0.0, Sum: 0.0]
      [Object Copy (ms): Min: 1.2, Avg: 1.5, Max: 1.6, Diff: 0.4, Sum: 5.9]
      [Termination (ms): Min: 0.0, Avg: 0.0, Max: 0.0, Diff: 0.0, Sum: 0.0]
         [Termination Attempts: Min: 1, Avg: 1.0, Max: 1, Diff: 0, Sum: 4]
      [GC Worker Other (ms): Min: 0.0, Avg: 0.0, Max: 0.0, Diff: 0.0, Sum: 0.1]
      [GC Worker Total (ms): Min: 5.0, Avg: 5.0, Max: 5.0, Diff: 0.0, Sum: 20.0]
      [GC Worker End (ms): Min: 1068484.1, Avg: 1068484.1, Max: 1068484.1, Diff: 0.0]
   [Code Root Fixup: 0.1 ms]
   [Code Root Purge: 0.0 ms]
   [Clear CT: 0.1 ms]
   [Other: 0.7 ms]
      [Choose CSet: 0.0 ms]
      [Ref Proc: 0.5 ms]
      [Ref Enq: 0.0 ms]
      [Redirty Cards: 0.1 ms]
      [Humongous Register: 0.0 ms]
      [Humongous Reclaim: 0.0 ms]
      [Free CSet: 0.0 ms]
   [Eden: 77.0M(77.0M)->0.0B(77.0M) Survivors: 2048.0K->2048.0K Heap: 225.4M(256.0M)->148.9M(256.0M)]
 [Times: user=0.02 sys=0.00, real=0.01 secs] 
2020-04-13T16:01:25.530+0800: 1068.485: [GC concurrent-root-region-scan-start]
2020-04-13T16:01:25.534+0800: 1068.490: [GC concurrent-root-region-scan-end, 0.0045794 secs]
2020-04-13T16:01:25.534+0800: 1068.490: [GC concurrent-mark-start]
2020-04-13T16:01:25.554+0800: 1068.510: [GC concurrent-mark-end, 0.0200482 secs]
2020-04-13T16:01:25.555+0800: 1068.510: [GC remark 2020-04-13T16:01:25.555+0800: 1068.510: [Finalize Marking, 0.0007671 secs] 2020-04-13T16:01:25.555+0800: 1068.511: [GC ref-proc, 0.0000717 secs] 2020-04-13T16:01:25.555+0800: 1068.511: [Unloading, 0.0035454 secs], 0.0057405 secs]
 [Times: user=0.02 sys=0.00, real=0.01 secs] 
2020-04-13T16:01:25.561+0800: 1068.516: [GC cleanup 150M->150M(256M), 0.0004311 secs]
 [Times: user=0.00 sys=0.00, real=0.00 secs] 
2020-04-13T16:01:27.751+0800: 1070.706: [GC pause (G1 Evacuation Pause) (young), 0.0060940 secs]
   [Parallel Time: 4.9 ms, GC Workers: 4]
      [GC Worker Start (ms): Min: 1070706.2, Avg: 1070706.2, Max: 1070706.2, Diff: 0.0]
      [Ext Root Scanning (ms): Min: 0.3, Avg: 0.4, Max: 0.5, Diff: 0.2, Sum: 1.4]
      [Update RS (ms): Min: 1.4, Avg: 1.8, Max: 2.4, Diff: 1.0, Sum: 7.2]
         [Processed Buffers: Min: 5, Avg: 9.5, Max: 18, Diff: 13, Sum: 38]
      [Scan RS (ms): Min: 1.0, Avg: 1.1, Max: 1.2, Diff: 0.2, Sum: 4.4]
      [Code Root Scanning (ms): Min: 0.0, Avg: 0.0, Max: 0.0, Diff: 0.0, Sum: 0.0]
      [Object Copy (ms): Min: 0.8, Avg: 1.5, Max: 1.7, Diff: 0.9, Sum: 5.9]
      [Termination (ms): Min: 0.0, Avg: 0.0, Max: 0.0, Diff: 0.0, Sum: 0.0]
         [Termination Attempts: Min: 1, Avg: 1.0, Max: 1, Diff: 0, Sum: 4]
      [GC Worker Other (ms): Min: 0.0, Avg: 0.0, Max: 0.0, Diff: 0.0, Sum: 0.1]
      [GC Worker Total (ms): Min: 4.7, Avg: 4.8, Max: 4.8, Diff: 0.0, Sum: 19.0]
      [GC Worker End (ms): Min: 1070710.9, Avg: 1070710.9, Max: 1070710.9, Diff: 0.0]
   [Code Root Fixup: 0.0 ms]
   [Code Root Purge: 0.0 ms]
   [Clear CT: 0.1 ms]
   [Other: 1.1 ms]
      [Choose CSet: 0.0 ms]
      [Ref Proc: 0.9 ms]
      [Ref Enq: 0.0 ms]
      [Redirty Cards: 0.1 ms]
      [Humongous Register: 0.0 ms]
      [Humongous Reclaim: 0.0 ms]
      [Free CSet: 0.0 ms]
   [Eden: 77.0M(77.0M)->0.0B(79.0M) Survivors: 2048.0K->1024.0K Heap: 225.9M(256.0M)->148.3M(256.0M)]
 [Times: user=0.02 sys=0.00, real=0.00 secs] 
2020-04-13T16:01:29.943+0800: 1072.899: [GC pause (G1 Evacuation Pause) (young), 0.0053220 secs]
   [Parallel Time: 4.9 ms, GC Workers: 4]
      [GC Worker Start (ms): Min: 1072898.9, Avg: 1072898.9, Max: 1072898.9, Diff: 0.0]
      [Ext Root Scanning (ms): Min: 0.3, Avg: 0.4, Max: 0.5, Diff: 0.2, Sum: 1.5]
      [Update RS (ms): Min: 1.7, Avg: 2.3, Max: 3.9, Diff: 2.1, Sum: 9.1]
         [Processed Buffers: Min: 2, Avg: 9.8, Max: 16, Diff: 14, Sum: 39]
      [Scan RS (ms): Min: 0.0, Avg: 0.8, Max: 1.3, Diff: 1.3, Sum: 3.2]
      [Code Root Scanning (ms): Min: 0.0, Avg: 0.0, Max: 0.0, Diff: 0.0, Sum: 0.0]
      [Object Copy (ms): Min: 0.6, Avg: 1.4, Max: 1.7, Diff: 1.1, Sum: 5.5]
      [Termination (ms): Min: 0.0, Avg: 0.0, Max: 0.1, Diff: 0.1, Sum: 0.2]
         [Termination Attempts: Min: 1, Avg: 1.0, Max: 1, Diff: 0, Sum: 4]
      [GC Worker Other (ms): Min: 0.0, Avg: 0.0, Max: 0.0, Diff: 0.0, Sum: 0.0]
      [GC Worker Total (ms): Min: 4.8, Avg: 4.9, Max: 4.9, Diff: 0.0, Sum: 19.4]
      [GC Worker End (ms): Min: 1072903.7, Avg: 1072903.8, Max: 1072903.8, Diff: 0.0]
   [Code Root Fixup: 0.0 ms]
   [Code Root Purge: 0.0 ms]
   [Clear CT: 0.0 ms]
   [Other: 0.3 ms]
      [Choose CSet: 0.0 ms]
      [Ref Proc: 0.1 ms]
      [Ref Enq: 0.0 ms]
      [Redirty Cards: 0.0 ms]
      [Humongous Register: 0.0 ms]
      [Humongous Reclaim: 0.0 ms]
      [Free CSet: 0.0 ms]
   [Eden: 79.0M(79.0M)->0.0B(77.0M) Survivors: 1024.0K->2048.0K Heap: 227.3M(256.0M)->149.0M(256.0M)]
 [Times: user=0.01 sys=0.00, real=0.00 secs] 
2020-04-13T16:01:32.038+0800: 1074.994: [GC pause (G1 Evacuation Pause) (young) (initial-mark), 0.0076937 secs]
   [Parallel Time: 6.1 ms, GC Workers: 4]
      [GC Worker Start (ms): Min: 1074993.7, Avg: 1074993.8, Max: 1074993.8, Diff: 0.0]
      [Ext Root Scanning (ms): Min: 0.5, Avg: 0.6, Max: 0.6, Diff: 0.1, Sum: 2.2]
      [Update RS (ms): Min: 1.2, Avg: 1.3, Max: 1.5, Diff: 0.3, Sum: 5.2]
         [Processed Buffers: Min: 4, Avg: 9.2, Max: 20, Diff: 16, Sum: 37]
      [Scan RS (ms): Min: 0.8, Avg: 1.0, Max: 1.1, Diff: 0.3, Sum: 4.0]
      [Code Root Scanning (ms): Min: 0.0, Avg: 0.0, Max: 0.0, Diff: 0.0, Sum: 0.0]
      [Object Copy (ms): Min: 2.3, Avg: 2.5, Max: 2.9, Diff: 0.6, Sum: 10.0]
      [Termination (ms): Min: 0.0, Avg: 0.6, Max: 0.8, Diff: 0.8, Sum: 2.2]
         [Termination Attempts: Min: 1, Avg: 1.0, Max: 1, Diff: 0, Sum: 4]
      [GC Worker Other (ms): Min: 0.0, Avg: 0.0, Max: 0.0, Diff: 0.0, Sum: 0.0]
      [GC Worker Total (ms): Min: 5.8, Avg: 5.9, Max: 6.0, Diff: 0.1, Sum: 23.7]
      [GC Worker End (ms): Min: 1074999.6, Avg: 1074999.7, Max: 1074999.7, Diff: 0.1]
   [Code Root Fixup: 0.0 ms]
   [Code Root Purge: 0.0 ms]
   [Clear CT: 0.1 ms]
   [Other: 1.5 ms]
      [Choose CSet: 0.0 ms]
      [Ref Proc: 1.2 ms]
      [Ref Enq: 0.0 ms]
      [Redirty Cards: 0.1 ms]
      [Humongous Register: 0.0 ms]
      [Humongous Reclaim: 0.0 ms]
      [Free CSet: 0.0 ms]
   [Eden: 77.0M(77.0M)->0.0B(77.0M) Survivors: 2048.0K->2048.0K Heap: 226.0M(256.0M)->148.7M(256.0M)]
 [Times: user=0.02 sys=0.00, real=0.01 secs] 
2020-04-13T16:01:32.046+0800: 1075.002: [GC concurrent-root-region-scan-start]
2020-04-13T16:01:32.050+0800: 1075.006: [GC concurrent-root-region-scan-end, 0.0040888 secs]
2020-04-13T16:01:32.050+0800: 1075.006: [GC concurrent-mark-start]
2020-04-13T16:01:32.072+0800: 1075.027: [GC concurrent-mark-end, 0.0212432 secs]
2020-04-13T16:01:32.072+0800: 1075.027: [GC remark 2020-04-13T16:01:32.072+0800: 1075.027: [Finalize Marking, 0.0002218 secs] 2020-04-13T16:01:32.072+0800: 1075.027: [GC ref-proc, 0.0000640 secs] 2020-04-13T16:01:32.072+0800: 1075.027: [Unloading, 0.0044676 secs], 0.0062884 secs]
 [Times: user=0.01 sys=0.01, real=0.00 secs] 
2020-04-13T16:01:32.078+0800: 1075.034: [GC cleanup 150M->150M(256M), 0.0002906 secs]
 [Times: user=0.00 sys=0.00, real=0.00 secs] 
2020-04-13T16:01:34.190+0800: 1077.145: [GC pause (G1 Evacuation Pause) (young), 0.0085194 secs]
   [Parallel Time: 7.3 ms, GC Workers: 4]
      [GC Worker Start (ms): Min: 1077144.9, Avg: 1077145.0, Max: 1077145.0, Diff: 0.0]
      [Ext Root Scanning (ms): Min: 0.3, Avg: 0.4, Max: 0.5, Diff: 0.2, Sum: 1.4]
      [Update RS (ms): Min: 1.2, Avg: 2.4, Max: 5.4, Diff: 4.2, Sum: 9.6]
         [Processed Buffers: Min: 3, Avg: 8.8, Max: 23, Diff: 20, Sum: 35]
      [Scan RS (ms): Min: 0.0, Avg: 1.4, Max: 1.9, Diff: 1.9, Sum: 5.5]
      [Code Root Scanning (ms): Min: 0.0, Avg: 0.0, Max: 0.0, Diff: 0.0, Sum: 0.0]
      [Object Copy (ms): Min: 1.4, Avg: 2.5, Max: 2.9, Diff: 1.6, Sum: 10.1]
      [Termination (ms): Min: 0.0, Avg: 0.5, Max: 0.7, Diff: 0.7, Sum: 1.8]
         [Termination Attempts: Min: 1, Avg: 1.2, Max: 2, Diff: 1, Sum: 5]
      [GC Worker Other (ms): Min: 0.0, Avg: 0.0, Max: 0.0, Diff: 0.0, Sum: 0.1]
      [GC Worker Total (ms): Min: 7.1, Avg: 7.1, Max: 7.2, Diff: 0.1, Sum: 28.4]
      [GC Worker End (ms): Min: 1077152.0, Avg: 1077152.0, Max: 1077152.1, Diff: 0.1]
   [Code Root Fixup: 0.1 ms]
   [Code Root Purge: 0.0 ms]
   [Clear CT: 0.1 ms]
   [Other: 1.1 ms]
      [Choose CSet: 0.0 ms]
      [Ref Proc: 0.9 ms]
      [Ref Enq: 0.0 ms]
      [Redirty Cards: 0.0 ms]
      [Humongous Register: 0.0 ms]
      [Humongous Reclaim: 0.0 ms]
      [Free CSet: 0.0 ms]
   [Eden: 77.0M(77.0M)->0.0B(77.0M) Survivors: 2048.0K->2048.0K Heap: 225.7M(256.0M)->149.0M(256.0M)]
 [Times: user=0.02 sys=0.01, real=0.00 secs] 
2020-04-13T16:01:36.399+0800: 1079.355: [GC pause (G1 Evacuation Pause) (young), 0.0061092 secs]
   [Parallel Time: 5.5 ms, GC Workers: 4]
      [GC Worker Start (ms): Min: 1079354.6, Avg: 1079354.6, Max: 1079354.6, Diff: 0.0]
      [Ext Root Scanning (ms): Min: 0.3, Avg: 0.4, Max: 0.5, Diff: 0.2, Sum: 1.5]
      [Update RS (ms): Min: 1.2, Avg: 1.3, Max: 1.3, Diff: 0.1, Sum: 5.0]
         [Processed Buffers: Min: 3, Avg: 9.5, Max: 17, Diff: 14, Sum: 38]
      [Scan RS (ms): Min: 1.1, Avg: 1.9, Max: 3.7, Diff: 2.6, Sum: 7.5]
      [Code Root Scanning (ms): Min: 0.0, Avg: 0.0, Max: 0.0, Diff: 0.0, Sum: 0.0]
      [Object Copy (ms): Min: 0.0, Avg: 1.4, Max: 2.0, Diff: 1.9, Sum: 5.8]
      [Termination (ms): Min: 0.0, Avg: 0.5, Max: 0.7, Diff: 0.7, Sum: 1.9]
         [Termination Attempts: Min: 1, Avg: 14.8, Max: 23, Diff: 22, Sum: 59]
      [GC Worker Other (ms): Min: 0.0, Avg: 0.0, Max: 0.0, Diff: 0.0, Sum: 0.1]
      [GC Worker Total (ms): Min: 5.4, Avg: 5.4, Max: 5.4, Diff: 0.0, Sum: 21.7]
      [GC Worker End (ms): Min: 1079360.0, Avg: 1079360.0, Max: 1079360.0, Diff: 0.0]
   [Code Root Fixup: 0.0 ms]
   [Code Root Purge: 0.0 ms]
   [Clear CT: 0.0 ms]
   [Other: 0.5 ms]
      [Choose CSet: 0.0 ms]
      [Ref Proc: 0.3 ms]
      [Ref Enq: 0.0 ms]
      [Redirty Cards: 0.1 ms]
      [Humongous Register: 0.0 ms]
      [Humongous Reclaim: 0.0 ms]
      [Free CSet: 0.0 ms]
   [Eden: 77.0M(77.0M)->0.0B(77.0M) Survivors: 2048.0K->2048.0K Heap: 226.0M(256.0M)->149.3M(256.0M)]
 [Times: user=0.02 sys=0.00, real=0.01 secs] 
2020-04-13T16:01:38.703+0800: 1081.658: [GC pause (G1 Evacuation Pause) (young) (initial-mark), 0.0053968 secs]
   [Parallel Time: 5.0 ms, GC Workers: 4]
      [GC Worker Start (ms): Min: 1081658.1, Avg: 1081658.1, Max: 1081658.2, Diff: 0.0]
      [Ext Root Scanning (ms): Min: 0.5, Avg: 0.5, Max: 0.6, Diff: 0.0, Sum: 2.1]
      [Update RS (ms): Min: 1.2, Avg: 2.0, Max: 4.2, Diff: 3.0, Sum: 8.2]
         [Processed Buffers: Min: 4, Avg: 9.0, Max: 17, Diff: 13, Sum: 36]
      [Scan RS (ms): Min: 0.0, Avg: 1.0, Max: 1.4, Diff: 1.4, Sum: 3.9]
      [Code Root Scanning (ms): Min: 0.0, Avg: 0.0, Max: 0.0, Diff: 0.0, Sum: 0.0]
      [Object Copy (ms): Min: 0.2, Avg: 1.4, Max: 1.8, Diff: 1.6, Sum: 5.5]
      [Termination (ms): Min: 0.0, Avg: 0.0, Max: 0.0, Diff: 0.0, Sum: 0.0]
         [Termination Attempts: Min: 1, Avg: 1.0, Max: 1, Diff: 0, Sum: 4]
      [GC Worker Other (ms): Min: 0.0, Avg: 0.0, Max: 0.0, Diff: 0.0, Sum: 0.0]
      [GC Worker Total (ms): Min: 4.9, Avg: 4.9, Max: 4.9, Diff: 0.0, Sum: 19.7]
      [GC Worker End (ms): Min: 1081663.1, Avg: 1081663.1, Max: 1081663.1, Diff: 0.0]
   [Code Root Fixup: 0.0 ms]
   [Code Root Purge: 0.0 ms]
   [Clear CT: 0.1 ms]
   [Other: 0.3 ms]
      [Choose CSet: 0.0 ms]
      [Ref Proc: 0.1 ms]
      [Ref Enq: 0.0 ms]
      [Redirty Cards: 0.1 ms]
      [Humongous Register: 0.0 ms]
      [Humongous Reclaim: 0.0 ms]
      [Free CSet: 0.0 ms]
   [Eden: 77.0M(77.0M)->0.0B(79.0M) Survivors: 2048.0K->1024.0K Heap: 226.3M(256.0M)->148.7M(256.0M)]
 [Times: user=0.01 sys=0.00, real=0.00 secs] 
2020-04-13T16:01:38.708+0800: 1081.664: [GC concurrent-root-region-scan-start]
2020-04-13T16:01:38.713+0800: 1081.668: [GC concurrent-root-region-scan-end, 0.0041437 secs]
2020-04-13T16:01:38.713+0800: 1081.668: [GC concurrent-mark-start]
2020-04-13T16:01:38.744+0800: 1081.699: [GC concurrent-mark-end, 0.0316724 secs]
2020-04-13T16:01:38.744+0800: 1081.700: [GC remark 2020-04-13T16:01:38.744+0800: 1081.700: [Finalize Marking, 0.0001989 secs] 2020-04-13T16:01:38.745+0800: 1081.700: [GC ref-proc, 0.0000686 secs] 2020-04-13T16:01:38.745+0800: 1081.700: [Unloading, 0.0050804 secs], 0.0069787 secs]
 [Times: user=0.02 sys=0.00, real=0.01 secs] 
2020-04-13T16:01:38.752+0800: 1081.707: [GC cleanup 150M->150M(256M), 0.0004261 secs]
 [Times: user=0.00 sys=0.00, real=0.00 secs] 
2020-04-13T16:01:40.987+0800: 1083.942: [GC pause (G1 Evacuation Pause) (young), 0.0081269 secs]
   [Parallel Time: 4.7 ms, GC Workers: 4]
      [GC Worker Start (ms): Min: 1083941.9, Avg: 1083941.9, Max: 1083941.9, Diff: 0.1]
      [Ext Root Scanning (ms): Min: 0.3, Avg: 0.4, Max: 0.5, Diff: 0.2, Sum: 1.5]
      [Update RS (ms): Min: 1.3, Avg: 1.4, Max: 1.6, Diff: 0.3, Sum: 5.7]
         [Processed Buffers: Min: 3, Avg: 9.0, Max: 18, Diff: 15, Sum: 36]
      [Scan RS (ms): Min: 1.1, Avg: 1.1, Max: 1.3, Diff: 0.2, Sum: 4.6]
      [Code Root Scanning (ms): Min: 0.0, Avg: 0.0, Max: 0.0, Diff: 0.0, Sum: 0.0]
      [Object Copy (ms): Min: 1.4, Avg: 1.4, Max: 1.5, Diff: 0.1, Sum: 5.7]
      [Termination (ms): Min: 0.0, Avg: 0.0, Max: 0.0, Diff: 0.0, Sum: 0.0]
         [Termination Attempts: Min: 1, Avg: 1.0, Max: 1, Diff: 0, Sum: 4]
      [GC Worker Other (ms): Min: 0.0, Avg: 0.0, Max: 0.0, Diff: 0.0, Sum: 0.1]
      [GC Worker Total (ms): Min: 4.4, Avg: 4.4, Max: 4.4, Diff: 0.1, Sum: 17.6]
      [GC Worker End (ms): Min: 1083946.3, Avg: 1083946.3, Max: 1083946.3, Diff: 0.0]
   [Code Root Fixup: 0.1 ms]
   [Code Root Purge: 0.0 ms]
   [Clear CT: 0.6 ms]
   [Other: 2.8 ms]
      [Choose CSet: 0.0 ms]
      [Ref Proc: 2.2 ms]
      [Ref Enq: 0.0 ms]
      [Redirty Cards: 0.1 ms]
      [Humongous Register: 0.0 ms]
      [Humongous Reclaim: 0.0 ms]
      [Free CSet: 0.0 ms]
   [Eden: 79.0M(79.0M)->0.0B(77.0M) Survivors: 1024.0K->2048.0K Heap: 227.7M(256.0M)->149.6M(256.0M)]
 [Times: user=0.02 sys=0.00, real=0.01 secs] 
2020-04-13T16:01:43.558+0800: 1086.513: [GC pause (G1 Evacuation Pause) (young), 0.0059786 secs]
   [Parallel Time: 5.5 ms, GC Workers: 4]
      [GC Worker Start (ms): Min: 1086513.1, Avg: 1086513.2, Max: 1086513.2, Diff: 0.0]
      [Ext Root Scanning (ms): Min: 0.4, Avg: 0.5, Max: 0.6, Diff: 0.1, Sum: 1.9]
      [Update RS (ms): Min: 0.0, Avg: 1.3, Max: 1.8, Diff: 1.8, Sum: 5.4]
         [Processed Buffers: Min: 0, Avg: 7.0, Max: 17, Diff: 17, Sum: 28]
      [Scan RS (ms): Min: 0.8, Avg: 1.2, Max: 1.5, Diff: 0.7, Sum: 5.0]
      [Code Root Scanning (ms): Min: 0.0, Avg: 0.0, Max: 0.0, Diff: 0.0, Sum: 0.0]
      [Object Copy (ms): Min: 1.6, Avg: 2.2, Max: 4.0, Diff: 2.4, Sum: 8.9]
      [Termination (ms): Min: 0.0, Avg: 0.0, Max: 0.0, Diff: 0.0, Sum: 0.0]
         [Termination Attempts: Min: 1, Avg: 1.0, Max: 1, Diff: 0, Sum: 4]
      [GC Worker Other (ms): Min: 0.0, Avg: 0.1, Max: 0.1, Diff: 0.1, Sum: 0.2]
      [GC Worker Total (ms): Min: 5.3, Avg: 5.3, Max: 5.4, Diff: 0.1, Sum: 21.4]
      [GC Worker End (ms): Min: 1086518.5, Avg: 1086518.5, Max: 1086518.6, Diff: 0.1]
   [Code Root Fixup: 0.1 ms]
   [Code Root Purge: 0.0 ms]
   [Clear CT: 0.1 ms]
   [Other: 0.3 ms]
      [Choose CSet: 0.0 ms]
      [Ref Proc: 0.1 ms]
      [Ref Enq: 0.0 ms]
      [Redirty Cards: 0.1 ms]
      [Humongous Register: 0.0 ms]
      [Humongous Reclaim: 0.0 ms]
      [Free CSet: 0.0 ms]
   [Eden: 77.0M(77.0M)->0.0B(79.0M) Survivors: 2048.0K->1024.0K Heap: 226.6M(256.0M)->148.9M(256.0M)]
 [Times: user=0.02 sys=0.00, real=0.01 secs] 
2020-04-13T16:01:46.319+0800: 1089.274: [GC pause (G1 Evacuation Pause) (young) (initial-mark), 0.0061881 secs]
   [Parallel Time: 5.1 ms, GC Workers: 4]
      [GC Worker Start (ms): Min: 1089273.7, Avg: 1089273.9, Max: 1089274.4, Diff: 0.6]
      [Ext Root Scanning (ms): Min: 0.0, Avg: 0.7, Max: 1.5, Diff: 1.5, Sum: 3.0]
      [Update RS (ms): Min: 0.7, Avg: 1.5, Max: 1.9, Diff: 1.2, Sum: 5.8]
         [Processed Buffers: Min: 4, Avg: 8.8, Max: 16, Diff: 12, Sum: 35]
      [Scan RS (ms): Min: 0.9, Avg: 1.1, Max: 1.2, Diff: 0.4, Sum: 4.4]
      [Code Root Scanning (ms): Min: 0.0, Avg: 0.0, Max: 0.0, Diff: 0.0, Sum: 0.0]
      [Object Copy (ms): Min: 1.4, Avg: 1.5, Max: 1.6, Diff: 0.2, Sum: 6.0]
      [Termination (ms): Min: 0.0, Avg: 0.0, Max: 0.0, Diff: 0.0, Sum: 0.0]
         [Termination Attempts: Min: 1, Avg: 1.0, Max: 1, Diff: 0, Sum: 4]
      [GC Worker Other (ms): Min: 0.0, Avg: 0.0, Max: 0.0, Diff: 0.0, Sum: 0.0]
      [GC Worker Total (ms): Min: 4.4, Avg: 4.8, Max: 5.0, Diff: 0.6, Sum: 19.3]
      [GC Worker End (ms): Min: 1089278.7, Avg: 1089278.7, Max: 1089278.7, Diff: 0.0]
   [Code Root Fixup: 0.0 ms]
   [Code Root Purge: 0.0 ms]
   [Clear CT: 0.1 ms]
   [Other: 1.0 ms]
      [Choose CSet: 0.0 ms]
      [Ref Proc: 0.7 ms]
      [Ref Enq: 0.0 ms]
      [Redirty Cards: 0.1 ms]
      [Humongous Register: 0.0 ms]
      [Humongous Reclaim: 0.0 ms]
      [Free CSet: 0.0 ms]
   [Eden: 79.0M(79.0M)->0.0B(76.0M) Survivors: 1024.0K->2048.0K Heap: 227.9M(256.0M)->149.8M(256.0M)]
 [Times: user=0.02 sys=0.00, real=0.01 secs] 
2020-04-13T16:01:46.328+0800: 1089.284: [GC concurrent-root-region-scan-start]
2020-04-13T16:01:46.332+0800: 1089.288: [GC concurrent-root-region-scan-end, 0.0036165 secs]
2020-04-13T16:01:46.333+0800: 1089.288: [GC concurrent-mark-start]
2020-04-13T16:01:46.357+0800: 1089.312: [GC concurrent-mark-end, 0.0241220 secs]
2020-04-13T16:01:46.357+0800: 1089.312: [GC remark 2020-04-13T16:01:46.357+0800: 1089.312: [Finalize Marking, 0.0007342 secs] 2020-04-13T16:01:46.358+0800: 1089.313: [GC ref-proc, 0.0000640 secs] 2020-04-13T16:01:46.358+0800: 1089.313: [Unloading, 0.0053977 secs], 0.0090851 secs]
 [Times: user=0.02 sys=0.00, real=0.01 secs] 
2020-04-13T16:01:46.367+0800: 1089.322: [GC cleanup 151M->151M(256M), 0.0007516 secs]
 [Times: user=0.00 sys=0.00, real=0.00 secs] 
2020-04-13T16:01:48.949+0800: 1091.904: [GC pause (G1 Evacuation Pause) (young), 0.0083892 secs]
   [Parallel Time: 6.8 ms, GC Workers: 4]
      [GC Worker Start (ms): Min: 1091904.5, Avg: 1091904.5, Max: 1091904.5, Diff: 0.1]
      [Ext Root Scanning (ms): Min: 0.4, Avg: 1.1, Max: 3.0, Diff: 2.6, Sum: 4.3]
      [Update RS (ms): Min: 0.0, Avg: 1.4, Max: 1.9, Diff: 1.9, Sum: 5.4]
         [Processed Buffers: Min: 0, Avg: 7.2, Max: 13, Diff: 13, Sum: 29]
      [Scan RS (ms): Min: 0.9, Avg: 2.1, Max: 4.5, Diff: 3.6, Sum: 8.2]
      [Code Root Scanning (ms): Min: 0.0, Avg: 0.0, Max: 0.0, Diff: 0.0, Sum: 0.0]
      [Object Copy (ms): Min: 0.0, Avg: 1.9, Max: 2.6, Diff: 2.6, Sum: 7.8]
      [Termination (ms): Min: 0.0, Avg: 0.2, Max: 0.4, Diff: 0.4, Sum: 0.9]
         [Termination Attempts: Min: 1, Avg: 1.8, Max: 3, Diff: 2, Sum: 7]
      [GC Worker Other (ms): Min: 0.0, Avg: 0.0, Max: 0.0, Diff: 0.0, Sum: 0.0]
      [GC Worker Total (ms): Min: 6.6, Avg: 6.7, Max: 6.8, Diff: 0.1, Sum: 26.7]
      [GC Worker End (ms): Min: 1091911.1, Avg: 1091911.1, Max: 1091911.2, Diff: 0.1]
   [Code Root Fixup: 0.1 ms]
   [Code Root Purge: 0.0 ms]
   [Clear CT: 0.1 ms]
   [Other: 1.4 ms]
      [Choose CSet: 0.0 ms]
      [Ref Proc: 1.2 ms]
      [Ref Enq: 0.0 ms]
      [Redirty Cards: 0.1 ms]
      [Humongous Register: 0.0 ms]
      [Humongous Reclaim: 0.0 ms]
      [Free CSet: 0.0 ms]
   [Eden: 76.0M(76.0M)->0.0B(10.0M) Survivors: 2048.0K->2048.0K Heap: 225.8M(256.0M)->149.3M(256.0M)]
 [Times: user=0.02 sys=0.00, real=0.01 secs] 
2020-04-13T16:01:49.314+0800: 1092.269: [GC pause (G1 Evacuation Pause) (mixed), 0.0062864 secs]
   [Parallel Time: 4.8 ms, GC Workers: 4]
      [GC Worker Start (ms): Min: 1092269.2, Avg: 1092269.2, Max: 1092269.2, Diff: 0.1]
      [Ext Root Scanning (ms): Min: 0.5, Avg: 0.7, Max: 1.1, Diff: 0.7, Sum: 2.7]
      [Update RS (ms): Min: 0.9, Avg: 1.3, Max: 1.5, Diff: 0.6, Sum: 5.1]
         [Processed Buffers: Min: 4, Avg: 7.0, Max: 10, Diff: 6, Sum: 28]
      [Scan RS (ms): Min: 1.3, Avg: 1.3, Max: 1.4, Diff: 0.1, Sum: 5.4]
      [Code Root Scanning (ms): Min: 0.0, Avg: 0.0, Max: 0.1, Diff: 0.1, Sum: 0.1]
      [Object Copy (ms): Min: 1.3, Avg: 1.4, Max: 1.4, Diff: 0.1, Sum: 5.5]
      [Termination (ms): Min: 0.0, Avg: 0.0, Max: 0.0, Diff: 0.0, Sum: 0.0]
         [Termination Attempts: Min: 1, Avg: 1.0, Max: 1, Diff: 0, Sum: 4]
      [GC Worker Other (ms): Min: 0.0, Avg: 0.0, Max: 0.0, Diff: 0.0, Sum: 0.0]
      [GC Worker Total (ms): Min: 4.7, Avg: 4.7, Max: 4.7, Diff: 0.1, Sum: 18.8]
      [GC Worker End (ms): Min: 1092273.9, Avg: 1092273.9, Max: 1092273.9, Diff: 0.0]
   [Code Root Fixup: 0.1 ms]
   [Code Root Purge: 0.0 ms]
   [Clear CT: 0.1 ms]
   [Other: 1.2 ms]
      [Choose CSet: 0.0 ms]
      [Ref Proc: 0.9 ms]
      [Ref Enq: 0.0 ms]
      [Redirty Cards: 0.1 ms]
      [Humongous Register: 0.0 ms]
      [Humongous Reclaim: 0.0 ms]
      [Free CSet: 0.0 ms]
   [Eden: 10.0M(10.0M)->0.0B(77.0M) Survivors: 2048.0K->2048.0K Heap: 159.3M(256.0M)->148.6M(256.0M)]
 [Times: user=0.02 sys=0.00, real=0.01 secs] 
2020-04-13T16:01:51.679+0800: 1094.634: [GC pause (G1 Evacuation Pause) (young), 0.0077374 secs]
   [Parallel Time: 6.2 ms, GC Workers: 4]
      [GC Worker Start (ms): Min: 1094634.3, Avg: 1094634.4, Max: 1094634.5, Diff: 0.1]
      [Ext Root Scanning (ms): Min: 0.3, Avg: 0.5, Max: 0.8, Diff: 0.5, Sum: 2.0]
      [Update RS (ms): Min: 1.5, Avg: 2.6, Max: 5.0, Diff: 3.5, Sum: 10.5]
         [Processed Buffers: Min: 2, Avg: 7.8, Max: 12, Diff: 10, Sum: 31]
      [Scan RS (ms): Min: 0.0, Avg: 0.6, Max: 0.9, Diff: 0.9, Sum: 2.3]
      [Code Root Scanning (ms): Min: 0.0, Avg: 0.0, Max: 0.0, Diff: 0.0, Sum: 0.0]
      [Object Copy (ms): Min: 0.0, Avg: 1.5, Max: 2.0, Diff: 2.0, Sum: 5.9]
      [Termination (ms): Min: 0.0, Avg: 0.3, Max: 0.5, Diff: 0.5, Sum: 1.3]
         [Termination Attempts: Min: 1, Avg: 1.0, Max: 1, Diff: 0, Sum: 4]
      [GC Worker Other (ms): Min: 0.0, Avg: 0.0, Max: 0.0, Diff: 0.0, Sum: 0.1]
      [GC Worker Total (ms): Min: 5.5, Avg: 5.6, Max: 5.6, Diff: 0.1, Sum: 22.2]
      [GC Worker End (ms): Min: 1094639.8, Avg: 1094639.9, Max: 1094640.0, Diff: 0.2]
   [Code Root Fixup: 0.0 ms]
   [Code Root Purge: 0.0 ms]
   [Clear CT: 0.1 ms]
   [Other: 1.5 ms]
      [Choose CSet: 0.0 ms]
      [Ref Proc: 1.2 ms]
      [Ref Enq: 0.0 ms]
      [Redirty Cards: 0.1 ms]
      [Humongous Register: 0.0 ms]
      [Humongous Reclaim: 0.0 ms]
      [Free CSet: 0.0 ms]
   [Eden: 77.0M(77.0M)->0.0B(77.0M) Survivors: 2048.0K->2048.0K Heap: 225.6M(256.0M)->148.6M(256.0M)]
 [Times: user=0.02 sys=0.00, real=0.01 secs] 
2020-04-13T16:01:54.193+0800: 1097.148: [GC pause (G1 Evacuation Pause) (young) (initial-mark), 0.0068877 secs]
   [Parallel Time: 6.3 ms, GC Workers: 4]
      [GC Worker Start (ms): Min: 1097148.4, Avg: 1097148.5, Max: 1097148.7, Diff: 0.3]
      [Ext Root Scanning (ms): Min: 1.2, Avg: 1.9, Max: 2.7, Diff: 1.5, Sum: 7.6]
      [Update RS (ms): Min: 1.2, Avg: 1.8, Max: 2.7, Diff: 1.6, Sum: 7.2]
         [Processed Buffers: Min: 3, Avg: 7.5, Max: 17, Diff: 14, Sum: 30]
      [Scan RS (ms): Min: 0.8, Avg: 0.9, Max: 1.1, Diff: 0.3, Sum: 3.7]
      [Code Root Scanning (ms): Min: 0.0, Avg: 0.0, Max: 0.0, Diff: 0.0, Sum: 0.0]
      [Object Copy (ms): Min: 1.4, Avg: 1.4, Max: 1.4, Diff: 0.1, Sum: 5.6]
      [Termination (ms): Min: 0.0, Avg: 0.0, Max: 0.0, Diff: 0.0, Sum: 0.0]
         [Termination Attempts: Min: 1, Avg: 1.0, Max: 1, Diff: 0, Sum: 4]
      [GC Worker Other (ms): Min: 0.0, Avg: 0.0, Max: 0.0, Diff: 0.0, Sum: 0.0]
      [GC Worker Total (ms): Min: 5.8, Avg: 6.0, Max: 6.1, Diff: 0.3, Sum: 24.1]
      [GC Worker End (ms): Min: 1097154.5, Avg: 1097154.5, Max: 1097154.5, Diff: 0.0]
   [Code Root Fixup: 0.0 ms]
   [Code Root Purge: 0.0 ms]
   [Clear CT: 0.1 ms]
   [Other: 0.4 ms]
      [Choose CSet: 0.0 ms]
      [Ref Proc: 0.2 ms]
      [Ref Enq: 0.0 ms]
      [Redirty Cards: 0.1 ms]
      [Humongous Register: 0.0 ms]
      [Humongous Reclaim: 0.0 ms]
      [Free CSet: 0.0 ms]
   [Eden: 77.0M(77.0M)->0.0B(79.0M) Survivors: 2048.0K->1024.0K Heap: 225.6M(256.0M)->148.3M(256.0M)]
 [Times: user=0.02 sys=0.01, real=0.01 secs] 
2020-04-13T16:01:54.206+0800: 1097.161: [GC concurrent-root-region-scan-start]
2020-04-13T16:01:54.211+0800: 1097.166: [GC concurrent-root-region-scan-end, 0.0051506 secs]
2020-04-13T16:01:54.211+0800: 1097.166: [GC concurrent-mark-start]
2020-04-13T16:01:54.233+0800: 1097.188: [GC concurrent-mark-end, 0.0216018 secs]
2020-04-13T16:01:54.233+0800: 1097.188: [GC remark 2020-04-13T16:01:54.233+0800: 1097.188: [Finalize Marking, 0.0005343 secs] 2020-04-13T16:01:54.233+0800: 1097.188: [GC ref-proc, 0.0000632 secs] 2020-04-13T16:01:54.233+0800: 1097.188: [Unloading, 0.0040420 secs], 0.0059045 secs]
 [Times: user=0.01 sys=0.00, real=0.00 secs] 
2020-04-13T16:01:54.239+0800: 1097.194: [GC cleanup 149M->149M(256M), 0.0003847 secs]
 [Times: user=0.00 sys=0.00, real=0.00 secs] 
2020-04-13T16:01:58.632+0800: 1101.587: [GC pause (G1 Evacuation Pause) (young), 0.0103358 secs]
   [Parallel Time: 9.2 ms, GC Workers: 4]
      [GC Worker Start (ms): Min: 1101587.5, Avg: 1101587.6, Max: 1101587.6, Diff: 0.1]
      [Ext Root Scanning (ms): Min: 0.3, Avg: 0.4, Max: 0.5, Diff: 0.2, Sum: 1.5]
      [Update RS (ms): Min: 3.3, Avg: 3.9, Max: 5.7, Diff: 2.4, Sum: 15.8]
         [Processed Buffers: Min: 2, Avg: 8.5, Max: 17, Diff: 15, Sum: 34]
      [Scan RS (ms): Min: 0.0, Avg: 1.0, Max: 1.4, Diff: 1.4, Sum: 4.1]
      [Code Root Scanning (ms): Min: 0.0, Avg: 0.0, Max: 0.0, Diff: 0.0, Sum: 0.0]
      [Object Copy (ms): Min: 2.2, Avg: 2.4, Max: 2.5, Diff: 0.3, Sum: 9.7]
      [Termination (ms): Min: 0.0, Avg: 0.7, Max: 1.4, Diff: 1.4, Sum: 2.7]
         [Termination Attempts: Min: 1, Avg: 1.8, Max: 2, Diff: 1, Sum: 7]
      [GC Worker Other (ms): Min: 0.0, Avg: 0.0, Max: 0.0, Diff: 0.0, Sum: 0.0]
      [GC Worker Total (ms): Min: 8.2, Avg: 8.5, Max: 9.1, Diff: 0.8, Sum: 33.8]
      [GC Worker End (ms): Min: 1101595.8, Avg: 1101596.0, Max: 1101596.6, Diff: 0.8]
   [Code Root Fixup: 0.0 ms]
   [Code Root Purge: 0.0 ms]
   [Clear CT: 0.1 ms]
   [Other: 1.0 ms]
      [Choose CSet: 0.0 ms]
      [Ref Proc: 0.7 ms]
      [Ref Enq: 0.0 ms]
      [Redirty Cards: 0.1 ms]
      [Humongous Register: 0.0 ms]
      [Humongous Reclaim: 0.0 ms]
      [Free CSet: 0.0 ms]
   [Eden: 79.0M(79.0M)->0.0B(77.0M) Survivors: 1024.0K->2048.0K Heap: 227.3M(256.0M)->148.9M(256.0M)]
 [Times: user=0.02 sys=0.00, real=0.01 secs] 
2020-04-13T16:02:00.886+0800: 1103.841: [GC pause (G1 Evacuation Pause) (young), 0.0050157 secs]
   [Parallel Time: 4.6 ms, GC Workers: 4]
      [GC Worker Start (ms): Min: 1103840.8, Avg: 1103840.8, Max: 1103840.8, Diff: 0.1]
      [Ext Root Scanning (ms): Min: 0.3, Avg: 0.4, Max: 0.5, Diff: 0.2, Sum: 1.4]
      [Update RS (ms): Min: 1.6, Avg: 1.7, Max: 1.8, Diff: 0.2, Sum: 6.7]
         [Processed Buffers: Min: 4, Avg: 8.0, Max: 19, Diff: 15, Sum: 32]
      [Scan RS (ms): Min: 0.9, Avg: 1.0, Max: 1.1, Diff: 0.3, Sum: 4.0]
      [Code Root Scanning (ms): Min: 0.0, Avg: 0.0, Max: 0.0, Diff: 0.0, Sum: 0.0]
      [Object Copy (ms): Min: 1.5, Avg: 1.5, Max: 1.5, Diff: 0.0, Sum: 5.9]
      [Termination (ms): Min: 0.0, Avg: 0.0, Max: 0.0, Diff: 0.0, Sum: 0.0]
         [Termination Attempts: Min: 1, Avg: 1.0, Max: 1, Diff: 0, Sum: 4]
      [GC Worker Other (ms): Min: 0.0, Avg: 0.0, Max: 0.1, Diff: 0.0, Sum: 0.1]
      [GC Worker Total (ms): Min: 4.5, Avg: 4.6, Max: 4.6, Diff: 0.1, Sum: 18.2]
      [GC Worker End (ms): Min: 1103845.3, Avg: 1103845.3, Max: 1103845.4, Diff: 0.0]
   [Code Root Fixup: 0.0 ms]
   [Code Root Purge: 0.0 ms]
   [Clear CT: 0.0 ms]
   [Other: 0.3 ms]
      [Choose CSet: 0.0 ms]
      [Ref Proc: 0.1 ms]
      [Ref Enq: 0.0 ms]
      [Redirty Cards: 0.0 ms]
      [Humongous Register: 0.0 ms]
      [Humongous Reclaim: 0.0 ms]
      [Free CSet: 0.0 ms]
   [Eden: 77.0M(77.0M)->0.0B(77.0M) Survivors: 2048.0K->2048.0K Heap: 225.9M(256.0M)->148.6M(256.0M)]
 [Times: user=0.02 sys=0.00, real=0.01 secs] 
2020-04-13T16:02:03.641+0800: 1106.595: [GC pause (G1 Evacuation Pause) (young) (initial-mark), 0.0100150 secs]
   [Parallel Time: 8.7 ms, GC Workers: 4]
      [GC Worker Start (ms): Min: 1106595.5, Avg: 1106595.9, Max: 1106596.4, Diff: 0.8]
      [Ext Root Scanning (ms): Min: 0.0, Avg: 2.4, Max: 8.3, Diff: 8.3, Sum: 9.5]
      [Update RS (ms): Min: 0.0, Avg: 2.1, Max: 3.0, Diff: 3.0, Sum: 8.4]
         [Processed Buffers: Min: 0, Avg: 8.8, Max: 24, Diff: 24, Sum: 35]
      [Scan RS (ms): Min: 0.0, Avg: 1.3, Max: 1.8, Diff: 1.8, Sum: 5.1]
      [Code Root Scanning (ms): Min: 0.0, Avg: 0.0, Max: 0.0, Diff: 0.0, Sum: 0.0]
      [Object Copy (ms): Min: 0.1, Avg: 1.9, Max: 2.7, Diff: 2.6, Sum: 7.7]
      [Termination (ms): Min: 0.0, Avg: 0.4, Max: 0.6, Diff: 0.6, Sum: 1.8]
         [Termination Attempts: Min: 1, Avg: 1.0, Max: 1, Diff: 0, Sum: 4]
      [GC Worker Other (ms): Min: 0.0, Avg: 0.0, Max: 0.0, Diff: 0.0, Sum: 0.0]
      [GC Worker Total (ms): Min: 7.7, Avg: 8.1, Max: 8.5, Diff: 0.8, Sum: 32.6]
      [GC Worker End (ms): Min: 1106603.9, Avg: 1106604.0, Max: 1106604.0, Diff: 0.1]
   [Code Root Fixup: 0.0 ms]
   [Code Root Purge: 0.0 ms]
   [Clear CT: 0.1 ms]
   [Other: 1.2 ms]
      [Choose CSet: 0.0 ms]
      [Ref Proc: 1.0 ms]
      [Ref Enq: 0.0 ms]
      [Redirty Cards: 0.1 ms]
      [Humongous Register: 0.0 ms]
      [Humongous Reclaim: 0.0 ms]
      [Free CSet: 0.0 ms]
   [Eden: 77.0M(77.0M)->0.0B(77.0M) Survivors: 2048.0K->2048.0K Heap: 225.6M(256.0M)->148.9M(256.0M)]
 [Times: user=0.02 sys=0.00, real=0.01 secs] 
2020-04-13T16:02:03.651+0800: 1106.606: [GC concurrent-root-region-scan-start]
2020-04-13T16:02:03.656+0800: 1106.611: [GC concurrent-root-region-scan-end, 0.0049025 secs]
2020-04-13T16:02:03.656+0800: 1106.611: [GC concurrent-mark-start]
2020-04-13T16:02:03.679+0800: 1106.634: [GC concurrent-mark-end, 0.0233843 secs]
2020-04-13T16:02:03.680+0800: 1106.634: [GC remark 2020-04-13T16:02:03.680+0800: 1106.634: [Finalize Marking, 0.0008866 secs] 2020-04-13T16:02:03.680+0800: 1106.635: [GC ref-proc, 0.0000833 secs] 2020-04-13T16:02:03.681+0800: 1106.635: [Unloading, 0.0068414 secs], 0.0102977 secs]
 [Times: user=0.01 sys=0.00, real=0.01 secs] 
2020-04-13T16:02:03.691+0800: 1106.646: [GC cleanup 150M->150M(256M), 0.0018770 secs]
 [Times: user=0.00 sys=0.01, real=0.00 secs] 
2020-04-13T16:02:06.329+0800: 1109.284: [GC pause (G1 Evacuation Pause) (young), 0.0063327 secs]
   [Parallel Time: 5.1 ms, GC Workers: 4]
      [GC Worker Start (ms): Min: 1109283.6, Avg: 1109283.7, Max: 1109283.7, Diff: 0.1]
      [Ext Root Scanning (ms): Min: 0.3, Avg: 0.4, Max: 0.5, Diff: 0.2, Sum: 1.7]
      [Update RS (ms): Min: 1.3, Avg: 1.4, Max: 1.6, Diff: 0.3, Sum: 5.7]
         [Processed Buffers: Min: 4, Avg: 7.8, Max: 17, Diff: 13, Sum: 31]
      [Scan RS (ms): Min: 1.1, Avg: 1.1, Max: 1.2, Diff: 0.1, Sum: 4.5]
      [Code Root Scanning (ms): Min: 0.0, Avg: 0.0, Max: 0.0, Diff: 0.0, Sum: 0.0]
      [Object Copy (ms): Min: 1.9, Avg: 1.9, Max: 1.9, Diff: 0.1, Sum: 7.6]
      [Termination (ms): Min: 0.0, Avg: 0.0, Max: 0.0, Diff: 0.0, Sum: 0.0]
         [Termination Attempts: Min: 1, Avg: 1.2, Max: 2, Diff: 1, Sum: 5]
      [GC Worker Other (ms): Min: 0.0, Avg: 0.0, Max: 0.0, Diff: 0.0, Sum: 0.1]
      [GC Worker Total (ms): Min: 4.9, Avg: 4.9, Max: 5.0, Diff: 0.1, Sum: 19.7]
      [GC Worker End (ms): Min: 1109288.6, Avg: 1109288.6, Max: 1109288.6, Diff: 0.0]
   [Code Root Fixup: 0.0 ms]
   [Code Root Purge: 0.0 ms]
   [Clear CT: 0.4 ms]
   [Other: 0.8 ms]
      [Choose CSet: 0.0 ms]
      [Ref Proc: 0.6 ms]
      [Ref Enq: 0.0 ms]
      [Redirty Cards: 0.1 ms]
      [Humongous Register: 0.0 ms]
      [Humongous Reclaim: 0.0 ms]
      [Free CSet: 0.0 ms]
   [Eden: 77.0M(77.0M)->0.0B(77.0M) Survivors: 2048.0K->2048.0K Heap: 225.9M(256.0M)->149.2M(256.0M)]
 [Times: user=0.02 sys=0.00, real=0.01 secs] 
2020-04-13T16:02:08.756+0800: 1111.711: [GC pause (G1 Evacuation Pause) (young), 0.0106276 secs]
   [Parallel Time: 9.3 ms, GC Workers: 4]
      [GC Worker Start (ms): Min: 1111711.3, Avg: 1111713.2, Max: 1111718.7, Diff: 7.4]
      [Ext Root Scanning (ms): Min: 0.0, Avg: 0.3, Max: 0.5, Diff: 0.5, Sum: 1.4]
      [Update RS (ms): Min: 0.0, Avg: 1.9, Max: 3.5, Diff: 3.5, Sum: 7.7]
         [Processed Buffers: Min: 0, Avg: 7.2, Max: 18, Diff: 18, Sum: 29]
      [Scan RS (ms): Min: 0.1, Avg: 1.8, Max: 5.1, Diff: 5.0, Sum: 7.2]
      [Code Root Scanning (ms): Min: 0.0, Avg: 0.0, Max: 0.0, Diff: 0.0, Sum: 0.0]
      [Object Copy (ms): Min: 0.8, Avg: 2.6, Max: 4.3, Diff: 3.4, Sum: 10.3]
      [Termination (ms): Min: 0.0, Avg: 0.0, Max: 0.0, Diff: 0.0, Sum: 0.0]
         [Termination Attempts: Min: 1, Avg: 1.5, Max: 3, Diff: 2, Sum: 6]
      [GC Worker Other (ms): Min: 0.0, Avg: 0.0, Max: 0.0, Diff: 0.0, Sum: 0.1]
      [GC Worker Total (ms): Min: 1.1, Avg: 6.6, Max: 8.5, Diff: 7.4, Sum: 26.6]
      [GC Worker End (ms): Min: 1111719.8, Avg: 1111719.8, Max: 1111719.8, Diff: 0.0]
   [Code Root Fixup: 0.0 ms]
   [Code Root Purge: 0.0 ms]
   [Clear CT: 0.0 ms]
   [Other: 1.2 ms]
      [Choose CSet: 0.0 ms]
      [Ref Proc: 1.0 ms]
      [Ref Enq: 0.0 ms]
      [Redirty Cards: 0.1 ms]
      [Humongous Register: 0.0 ms]
      [Humongous Reclaim: 0.0 ms]
      [Free CSet: 0.0 ms]
   [Eden: 77.0M(77.0M)->0.0B(79.0M) Survivors: 2048.0K->1024.0K Heap: 226.2M(256.0M)->148.7M(256.0M)]
 [Times: user=0.02 sys=0.00, real=0.01 secs] 
2020-04-13T16:02:10.953+0800: 1113.908: [GC pause (G1 Evacuation Pause) (young) (initial-mark), 0.0065918 secs]
   [Parallel Time: 6.0 ms, GC Workers: 4]
      [GC Worker Start (ms): Min: 1113907.8, Avg: 1113907.8, Max: 1113907.8, Diff: 0.0]
      [Ext Root Scanning (ms): Min: 0.7, Avg: 0.7, Max: 0.7, Diff: 0.0, Sum: 2.8]
      [Update RS (ms): Min: 1.8, Avg: 2.0, Max: 2.1, Diff: 0.2, Sum: 7.9]
         [Processed Buffers: Min: 4, Avg: 9.5, Max: 23, Diff: 19, Sum: 38]
      [Scan RS (ms): Min: 0.9, Avg: 1.0, Max: 1.2, Diff: 0.3, Sum: 4.1]
      [Code Root Scanning (ms): Min: 0.0, Avg: 0.0, Max: 0.0, Diff: 0.0, Sum: 0.0]
      [Object Copy (ms): Min: 1.5, Avg: 1.7, Max: 2.2, Diff: 0.6, Sum: 6.9]
      [Termination (ms): Min: 0.0, Avg: 0.5, Max: 0.6, Diff: 0.6, Sum: 1.9]
         [Termination Attempts: Min: 1, Avg: 1.0, Max: 1, Diff: 0, Sum: 4]
      [GC Worker Other (ms): Min: 0.0, Avg: 0.0, Max: 0.0, Diff: 0.0, Sum: 0.0]
      [GC Worker Total (ms): Min: 5.9, Avg: 5.9, Max: 5.9, Diff: 0.1, Sum: 23.6]
      [GC Worker End (ms): Min: 1113913.7, Avg: 1113913.7, Max: 1113913.8, Diff: 0.1]
   [Code Root Fixup: 0.1 ms]
   [Code Root Purge: 0.0 ms]
   [Clear CT: 0.1 ms]
   [Other: 0.5 ms]
      [Choose CSet: 0.0 ms]
      [Ref Proc: 0.2 ms]
      [Ref Enq: 0.0 ms]
      [Redirty Cards: 0.1 ms]
      [Humongous Register: 0.0 ms]
      [Humongous Reclaim: 0.0 ms]
      [Free CSet: 0.0 ms]
   [Eden: 79.0M(79.0M)->0.0B(77.0M) Survivors: 1024.0K->2048.0K Heap: 227.7M(256.0M)->149.6M(256.0M)]
 [Times: user=0.02 sys=0.00, real=0.01 secs] 
2020-04-13T16:02:10.960+0800: 1113.915: [GC concurrent-root-region-scan-start]
2020-04-13T16:02:10.963+0800: 1113.918: [GC concurrent-root-region-scan-end, 0.0031604 secs]
2020-04-13T16:02:10.963+0800: 1113.918: [GC concurrent-mark-start]
2020-04-13T16:02:10.987+0800: 1113.942: [GC concurrent-mark-end, 0.0240302 secs]
2020-04-13T16:02:10.987+0800: 1113.942: [GC remark 2020-04-13T16:02:10.987+0800: 1113.942: [Finalize Marking, 0.0001868 secs] 2020-04-13T16:02:10.987+0800: 1113.942: [GC ref-proc, 0.0000708 secs] 2020-04-13T16:02:10.987+0800: 1113.942: [Unloading, 0.0037740 secs], 0.0057305 secs]
 [Times: user=0.01 sys=0.00, real=0.01 secs] 
2020-04-13T16:02:10.993+0800: 1113.948: [GC cleanup 151M->151M(256M), 0.0002848 secs]
 [Times: user=0.01 sys=0.00, real=0.00 secs] 
2020-04-13T16:02:13.222+0800: 1116.177: [GC pause (G1 Evacuation Pause) (young), 0.0054513 secs]
   [Parallel Time: 5.0 ms, GC Workers: 4]
      [GC Worker Start (ms): Min: 1116177.2, Avg: 1116177.2, Max: 1116177.3, Diff: 0.0]
      [Ext Root Scanning (ms): Min: 0.3, Avg: 0.4, Max: 0.5, Diff: 0.2, Sum: 1.5]
      [Update RS (ms): Min: 1.2, Avg: 1.5, Max: 1.7, Diff: 0.4, Sum: 5.9]
         [Processed Buffers: Min: 5, Avg: 8.8, Max: 20, Diff: 15, Sum: 35]
      [Scan RS (ms): Min: 0.9, Avg: 1.4, Max: 1.7, Diff: 0.8, Sum: 5.5]
      [Code Root Scanning (ms): Min: 0.0, Avg: 0.0, Max: 0.0, Diff: 0.0, Sum: 0.0]
      [Object Copy (ms): Min: 1.4, Avg: 1.6, Max: 2.0, Diff: 0.6, Sum: 6.4]
      [Termination (ms): Min: 0.0, Avg: 0.0, Max: 0.0, Diff: 0.0, Sum: 0.0]
         [Termination Attempts: Min: 1, Avg: 1.0, Max: 1, Diff: 0, Sum: 4]
      [GC Worker Other (ms): Min: 0.0, Avg: 0.0, Max: 0.0, Diff: 0.0, Sum: 0.1]
      [GC Worker Total (ms): Min: 4.9, Avg: 4.9, Max: 4.9, Diff: 0.0, Sum: 19.5]
      [GC Worker End (ms): Min: 1116182.1, Avg: 1116182.1, Max: 1116182.1, Diff: 0.0]
   [Code Root Fixup: 0.1 ms]
   [Code Root Purge: 0.0 ms]
   [Clear CT: 0.0 ms]
   [Other: 0.4 ms]
      [Choose CSet: 0.0 ms]
      [Ref Proc: 0.2 ms]
      [Ref Enq: 0.0 ms]
      [Redirty Cards: 0.1 ms]
      [Humongous Register: 0.0 ms]
      [Humongous Reclaim: 0.0 ms]
      [Free CSet: 0.0 ms]
   [Eden: 77.0M(77.0M)->0.0B(77.0M) Survivors: 2048.0K->2048.0K Heap: 226.6M(256.0M)->149.0M(256.0M)]
 [Times: user=0.02 sys=0.00, real=0.00 secs] 
2020-04-13T16:02:15.563+0800: 1118.518: [GC pause (G1 Evacuation Pause) (young), 0.0069367 secs]
   [Parallel Time: 5.7 ms, GC Workers: 4]
      [GC Worker Start (ms): Min: 1118518.2, Avg: 1118518.4, Max: 1118518.6, Diff: 0.4]
      [Ext Root Scanning (ms): Min: 0.2, Avg: 0.4, Max: 0.6, Diff: 0.4, Sum: 1.7]
      [Update RS (ms): Min: 2.2, Avg: 2.6, Max: 2.9, Diff: 0.6, Sum: 10.5]
         [Processed Buffers: Min: 2, Avg: 8.5, Max: 15, Diff: 13, Sum: 34]
      [Scan RS (ms): Min: 0.6, Avg: 1.0, Max: 1.5, Diff: 0.9, Sum: 3.9]
      [Code Root Scanning (ms): Min: 0.0, Avg: 0.0, Max: 0.0, Diff: 0.0, Sum: 0.0]
      [Object Copy (ms): Min: 1.0, Avg: 1.4, Max: 1.6, Diff: 0.6, Sum: 5.8]
      [Termination (ms): Min: 0.0, Avg: 0.0, Max: 0.0, Diff: 0.0, Sum: 0.0]
         [Termination Attempts: Min: 1, Avg: 1.0, Max: 1, Diff: 0, Sum: 4]
      [GC Worker Other (ms): Min: 0.0, Avg: 0.0, Max: 0.0, Diff: 0.0, Sum: 0.0]
      [GC Worker Total (ms): Min: 5.2, Avg: 5.5, Max: 5.6, Diff: 0.4, Sum: 21.9]
      [GC Worker End (ms): Min: 1118523.9, Avg: 1118523.9, Max: 1118523.9, Diff: 0.0]
   [Code Root Fixup: 0.0 ms]
   [Code Root Purge: 0.0 ms]
   [Clear CT: 0.1 ms]
   [Other: 1.1 ms]
      [Choose CSet: 0.0 ms]
      [Ref Proc: 0.9 ms]
      [Ref Enq: 0.0 ms]
      [Redirty Cards: 0.1 ms]
      [Humongous Register: 0.0 ms]
      [Humongous Reclaim: 0.0 ms]
      [Free CSet: 0.0 ms]
   [Eden: 77.0M(77.0M)->0.0B(76.0M) Survivors: 2048.0K->2048.0K Heap: 226.0M(256.0M)->149.5M(256.0M)]
 [Times: user=0.02 sys=0.00, real=0.01 secs] 
2020-04-13T16:02:19.368+0800: 1122.323: [GC pause (G1 Evacuation Pause) (young) (initial-mark), 0.0068181 secs]
   [Parallel Time: 5.2 ms, GC Workers: 4]
      [GC Worker Start (ms): Min: 1122323.0, Avg: 1122323.2, Max: 1122323.5, Diff: 0.5]
      [Ext Root Scanning (ms): Min: 0.2, Avg: 0.6, Max: 0.8, Diff: 0.5, Sum: 2.4]
      [Update RS (ms): Min: 1.4, Avg: 2.0, Max: 3.2, Diff: 1.7, Sum: 7.9]
         [Processed Buffers: Min: 4, Avg: 8.2, Max: 20, Diff: 16, Sum: 33]
      [Scan RS (ms): Min: 0.0, Avg: 0.9, Max: 1.3, Diff: 1.3, Sum: 3.4]
      [Code Root Scanning (ms): Min: 0.0, Avg: 0.0, Max: 0.0, Diff: 0.0, Sum: 0.0]
      [Object Copy (ms): Min: 1.2, Avg: 1.6, Max: 1.7, Diff: 0.5, Sum: 6.3]
      [Termination (ms): Min: 0.0, Avg: 0.0, Max: 0.0, Diff: 0.0, Sum: 0.0]
         [Termination Attempts: Min: 1, Avg: 1.0, Max: 1, Diff: 0, Sum: 4]
      [GC Worker Other (ms): Min: 0.0, Avg: 0.0, Max: 0.0, Diff: 0.0, Sum: 0.0]
      [GC Worker Total (ms): Min: 4.7, Avg: 5.0, Max: 5.2, Diff: 0.5, Sum: 20.0]
      [GC Worker End (ms): Min: 1122328.2, Avg: 1122328.2, Max: 1122328.2, Diff: 0.0]
   [Code Root Fixup: 0.0 ms]
   [Code Root Purge: 0.0 ms]
   [Clear CT: 0.7 ms]
   [Other: 0.9 ms]
      [Choose CSet: 0.0 ms]
      [Ref Proc: 0.5 ms]
      [Ref Enq: 0.0 ms]
      [Redirty Cards: 0.1 ms]
      [Humongous Register: 0.0 ms]
      [Humongous Reclaim: 0.0 ms]
      [Free CSet: 0.1 ms]
   [Eden: 76.0M(76.0M)->0.0B(76.0M) Survivors: 2048.0K->2048.0K Heap: 225.5M(256.0M)->149.2M(256.0M)]
 [Times: user=0.02 sys=0.00, real=0.01 secs] 
2020-04-13T16:02:19.375+0800: 1122.330: [GC concurrent-root-region-scan-start]
2020-04-13T16:02:19.380+0800: 1122.335: [GC concurrent-root-region-scan-end, 0.0048107 secs]
2020-04-13T16:02:19.380+0800: 1122.335: [GC concurrent-mark-start]
2020-04-13T16:02:19.419+0800: 1122.374: [GC concurrent-mark-end, 0.0388408 secs]
2020-04-13T16:02:19.419+0800: 1122.374: [GC remark 2020-04-13T16:02:19.419+0800: 1122.374: [Finalize Marking, 0.0025708 secs] 2020-04-13T16:02:19.422+0800: 1122.377: [GC ref-proc, 0.0001041 secs] 2020-04-13T16:02:19.422+0800: 1122.377: [Unloading, 0.0056058 secs], 0.0104044 secs]
 [Times: user=0.02 sys=0.00, real=0.02 secs] 
2020-04-13T16:02:19.430+0800: 1122.385: [GC cleanup 150M->150M(256M), 0.0003744 secs]
 [Times: user=0.00 sys=0.00, real=0.00 secs] 
2020-04-13T16:02:25.086+0800: 1128.041: [GC pause (G1 Evacuation Pause) (young), 0.0104531 secs]
   [Parallel Time: 8.9 ms, GC Workers: 4]
      [GC Worker Start (ms): Min: 1128041.2, Avg: 1128041.3, Max: 1128041.3, Diff: 0.1]
      [Ext Root Scanning (ms): Min: 0.5, Avg: 1.6, Max: 4.5, Diff: 4.0, Sum: 6.2]
      [Update RS (ms): Min: 0.1, Avg: 3.0, Max: 4.2, Diff: 4.0, Sum: 11.9]
         [Processed Buffers: Min: 4, Avg: 8.0, Max: 17, Diff: 13, Sum: 32]
      [Scan RS (ms): Min: 1.2, Avg: 1.3, Max: 1.5, Diff: 0.2, Sum: 5.4]
      [Code Root Scanning (ms): Min: 0.0, Avg: 0.0, Max: 0.0, Diff: 0.0, Sum: 0.0]
      [Object Copy (ms): Min: 2.0, Avg: 2.4, Max: 2.7, Diff: 0.7, Sum: 9.7]
      [Termination (ms): Min: 0.0, Avg: 0.2, Max: 0.3, Diff: 0.3, Sum: 0.8]
         [Termination Attempts: Min: 1, Avg: 1.0, Max: 1, Diff: 0, Sum: 4]
      [GC Worker Other (ms): Min: 0.0, Avg: 0.0, Max: 0.0, Diff: 0.0, Sum: 0.1]
      [GC Worker Total (ms): Min: 8.5, Avg: 8.5, Max: 8.6, Diff: 0.1, Sum: 34.1]
      [GC Worker End (ms): Min: 1128049.7, Avg: 1128049.8, Max: 1128049.8, Diff: 0.1]
   [Code Root Fixup: 0.0 ms]
   [Code Root Purge: 0.0 ms]
   [Clear CT: 0.1 ms]
   [Other: 1.4 ms]
      [Choose CSet: 0.0 ms]
      [Ref Proc: 1.1 ms]
      [Ref Enq: 0.0 ms]
      [Redirty Cards: 0.1 ms]
      [Humongous Register: 0.0 ms]
      [Humongous Reclaim: 0.0 ms]
      [Free CSet: 0.0 ms]
   [Eden: 76.0M(76.0M)->0.0B(10.0M) Survivors: 2048.0K->2048.0K Heap: 225.2M(256.0M)->149.7M(256.0M)]
 [Times: user=0.03 sys=0.00, real=0.01 secs] 
2020-04-13T16:02:25.760+0800: 1128.714: [GC pause (G1 Evacuation Pause) (mixed), 0.0131693 secs]
   [Parallel Time: 12.0 ms, GC Workers: 4]
      [GC Worker Start (ms): Min: 1128714.5, Avg: 1128715.0, Max: 1128716.5, Diff: 1.9]
      [Ext Root Scanning (ms): Min: 0.0, Avg: 0.6, Max: 0.9, Diff: 0.9, Sum: 2.3]
      [Update RS (ms): Min: 0.8, Avg: 2.9, Max: 7.5, Diff: 6.7, Sum: 11.6]
         [Processed Buffers: Min: 2, Avg: 6.0, Max: 10, Diff: 8, Sum: 24]
      [Scan RS (ms): Min: 0.0, Avg: 1.6, Max: 2.2, Diff: 2.2, Sum: 6.3]
      [Code Root Scanning (ms): Min: 0.0, Avg: 0.0, Max: 0.0, Diff: 0.0, Sum: 0.0]
      [Object Copy (ms): Min: 0.1, Avg: 2.1, Max: 3.0, Diff: 2.9, Sum: 8.2]
      [Termination (ms): Min: 0.3, Avg: 2.7, Max: 4.7, Diff: 4.5, Sum: 10.6]
         [Termination Attempts: Min: 1, Avg: 1.2, Max: 2, Diff: 1, Sum: 5]
      [GC Worker Other (ms): Min: 0.0, Avg: 0.0, Max: 0.0, Diff: 0.0, Sum: 0.1]
      [GC Worker Total (ms): Min: 8.5, Avg: 9.8, Max: 12.0, Diff: 3.4, Sum: 39.0]
      [GC Worker End (ms): Min: 1128723.1, Avg: 1128724.8, Max: 1128726.5, Diff: 3.4]
   [Code Root Fixup: 0.0 ms]
   [Code Root Purge: 0.0 ms]
   [Clear CT: 0.1 ms]
   [Other: 1.1 ms]
      [Choose CSet: 0.0 ms]
      [Ref Proc: 0.7 ms]
      [Ref Enq: 0.0 ms]
      [Redirty Cards: 0.1 ms]
      [Humongous Register: 0.0 ms]
      [Humongous Reclaim: 0.0 ms]
      [Free CSet: 0.0 ms]
   [Eden: 10.0M(10.0M)->0.0B(79.0M) Survivors: 2048.0K->1024.0K Heap: 159.7M(256.0M)->148.2M(256.0M)]
 [Times: user=0.02 sys=0.00, real=0.01 secs] 
2020-04-13T16:02:31.373+0800: 1134.328: [GC pause (G1 Evacuation Pause) (young), 0.0074964 secs]
   [Parallel Time: 6.8 ms, GC Workers: 4]
      [GC Worker Start (ms): Min: 1134327.7, Avg: 1134327.7, Max: 1134327.7, Diff: 0.0]
      [Ext Root Scanning (ms): Min: 0.4, Avg: 0.4, Max: 0.5, Diff: 0.2, Sum: 1.6]
      [Update RS (ms): Min: 2.3, Avg: 2.4, Max: 2.5, Diff: 0.2, Sum: 9.7]
         [Processed Buffers: Min: 2, Avg: 7.2, Max: 17, Diff: 15, Sum: 29]
      [Scan RS (ms): Min: 1.3, Avg: 1.4, Max: 1.5, Diff: 0.3, Sum: 5.6]
      [Code Root Scanning (ms): Min: 0.0, Avg: 0.0, Max: 0.0, Diff: 0.0, Sum: 0.0]
      [Object Copy (ms): Min: 1.8, Avg: 2.0, Max: 2.3, Diff: 0.5, Sum: 7.8]
      [Termination (ms): Min: 0.0, Avg: 0.5, Max: 0.7, Diff: 0.7, Sum: 1.9]
         [Termination Attempts: Min: 1, Avg: 1.0, Max: 1, Diff: 0, Sum: 4]
      [GC Worker Other (ms): Min: 0.0, Avg: 0.0, Max: 0.0, Diff: 0.0, Sum: 0.0]
      [GC Worker Total (ms): Min: 6.6, Avg: 6.7, Max: 6.7, Diff: 0.1, Sum: 26.8]
      [GC Worker End (ms): Min: 1134334.3, Avg: 1134334.4, Max: 1134334.4, Diff: 0.1]
   [Code Root Fixup: 0.1 ms]
   [Code Root Purge: 0.0 ms]
   [Clear CT: 0.1 ms]
   [Other: 0.6 ms]
      [Choose CSet: 0.0 ms]
      [Ref Proc: 0.3 ms]
      [Ref Enq: 0.0 ms]
      [Redirty Cards: 0.1 ms]
      [Humongous Register: 0.0 ms]
      [Humongous Reclaim: 0.0 ms]
      [Free CSet: 0.0 ms]
   [Eden: 79.0M(79.0M)->0.0B(77.0M) Survivors: 1024.0K->2048.0K Heap: 227.2M(256.0M)->148.8M(256.0M)]
 [Times: user=0.03 sys=0.00, real=0.01 secs] 
2020-04-13T16:02:33.801+0800: 1136.756: [GC pause (G1 Evacuation Pause) (young) (initial-mark), 0.0068902 secs]
   [Parallel Time: 5.9 ms, GC Workers: 4]
      [GC Worker Start (ms): Min: 1136755.9, Avg: 1136755.9, Max: 1136755.9, Diff: 0.0]
      [Ext Root Scanning (ms): Min: 0.5, Avg: 0.6, Max: 0.6, Diff: 0.0, Sum: 2.3]
      [Update RS (ms): Min: 1.4, Avg: 1.5, Max: 2.0, Diff: 0.6, Sum: 6.2]
         [Processed Buffers: Min: 1, Avg: 7.0, Max: 14, Diff: 13, Sum: 28]
      [Scan RS (ms): Min: 1.1, Avg: 1.6, Max: 1.7, Diff: 0.6, Sum: 6.3]
      [Code Root Scanning (ms): Min: 0.0, Avg: 0.0, Max: 0.0, Diff: 0.0, Sum: 0.0]
      [Object Copy (ms): Min: 2.0, Avg: 2.0, Max: 2.1, Diff: 0.1, Sum: 8.1]
      [Termination (ms): Min: 0.0, Avg: 0.0, Max: 0.0, Diff: 0.0, Sum: 0.0]
         [Termination Attempts: Min: 1, Avg: 1.8, Max: 3, Diff: 2, Sum: 7]
      [GC Worker Other (ms): Min: 0.0, Avg: 0.0, Max: 0.0, Diff: 0.0, Sum: 0.1]
      [GC Worker Total (ms): Min: 5.7, Avg: 5.7, Max: 5.8, Diff: 0.0, Sum: 23.0]
      [GC Worker End (ms): Min: 1136761.6, Avg: 1136761.7, Max: 1136761.7, Diff: 0.0]
   [Code Root Fixup: 0.0 ms]
   [Code Root Purge: 0.0 ms]
   [Clear CT: 0.0 ms]
   [Other: 0.9 ms]
      [Choose CSet: 0.0 ms]
      [Ref Proc: 0.7 ms]
      [Ref Enq: 0.0 ms]
      [Redirty Cards: 0.0 ms]
      [Humongous Register: 0.0 ms]
      [Humongous Reclaim: 0.0 ms]
      [Free CSet: 0.0 ms]
   [Eden: 77.0M(77.0M)->0.0B(77.0M) Survivors: 2048.0K->2048.0K Heap: 225.8M(256.0M)->148.5M(256.0M)]
 [Times: user=0.02 sys=0.00, real=0.00 secs] 
2020-04-13T16:02:33.808+0800: 1136.763: [GC concurrent-root-region-scan-start]
2020-04-13T16:02:33.813+0800: 1136.767: [GC concurrent-root-region-scan-end, 0.0046424 secs]
2020-04-13T16:02:33.813+0800: 1136.767: [GC concurrent-mark-start]
2020-04-13T16:02:33.847+0800: 1136.802: [GC concurrent-mark-end, 0.0342439 secs]
2020-04-13T16:02:33.847+0800: 1136.802: [GC remark 2020-04-13T16:02:33.847+0800: 1136.802: [Finalize Marking, 0.0014448 secs] 2020-04-13T16:02:33.849+0800: 1136.803: [GC ref-proc, 0.0000996 secs] 2020-04-13T16:02:33.849+0800: 1136.804: [Unloading, 0.0093329 secs], 0.0125720 secs]
 [Times: user=0.02 sys=0.00, real=0.02 secs] 
2020-04-13T16:02:33.861+0800: 1136.815: [GC cleanup 150M->150M(256M), 0.0006270 secs]
 [Times: user=0.00 sys=0.00, real=0.00 secs] 
2020-04-13T16:02:38.419+0800: 1141.374: [GC pause (G1 Evacuation Pause) (young), 0.0062641 secs]
   [Parallel Time: 5.4 ms, GC Workers: 4]
      [GC Worker Start (ms): Min: 1141373.7, Avg: 1141373.7, Max: 1141373.8, Diff: 0.1]
      [Ext Root Scanning (ms): Min: 0.7, Avg: 0.7, Max: 0.8, Diff: 0.1, Sum: 2.9]
      [Update RS (ms): Min: 1.1, Avg: 1.4, Max: 1.7, Diff: 0.5, Sum: 5.5]
         [Processed Buffers: Min: 3, Avg: 7.5, Max: 19, Diff: 16, Sum: 30]
      [Scan RS (ms): Min: 1.2, Avg: 1.5, Max: 1.6, Diff: 0.4, Sum: 5.8]
      [Code Root Scanning (ms): Min: 0.0, Avg: 0.0, Max: 0.0, Diff: 0.0, Sum: 0.0]
      [Object Copy (ms): Min: 1.7, Avg: 1.8, Max: 1.8, Diff: 0.1, Sum: 7.0]
      [Termination (ms): Min: 0.0, Avg: 0.0, Max: 0.0, Diff: 0.0, Sum: 0.0]
         [Termination Attempts: Min: 1, Avg: 1.0, Max: 1, Diff: 0, Sum: 4]
      [GC Worker Other (ms): Min: 0.0, Avg: 0.0, Max: 0.0, Diff: 0.0, Sum: 0.0]
      [GC Worker Total (ms): Min: 5.3, Avg: 5.3, Max: 5.4, Diff: 0.1, Sum: 21.4]
      [GC Worker End (ms): Min: 1141379.1, Avg: 1141379.1, Max: 1141379.1, Diff: 0.0]
   [Code Root Fixup: 0.0 ms]
   [Code Root Purge: 0.0 ms]
   [Clear CT: 0.4 ms]
   [Other: 0.4 ms]
      [Choose CSet: 0.0 ms]
      [Ref Proc: 0.1 ms]
      [Ref Enq: 0.0 ms]
      [Redirty Cards: 0.1 ms]
      [Humongous Register: 0.0 ms]
      [Humongous Reclaim: 0.0 ms]
      [Free CSet: 0.0 ms]
   [Eden: 77.0M(77.0M)->0.0B(77.0M) Survivors: 2048.0K->2048.0K Heap: 225.5M(256.0M)->149.2M(256.0M)]
 [Times: user=0.02 sys=0.00, real=0.01 secs] 
2020-04-13T16:02:42.824+0800: 1145.778: [GC pause (G1 Evacuation Pause) (young), 0.0082171 secs]
   [Parallel Time: 7.3 ms, GC Workers: 4]
      [GC Worker Start (ms): Min: 1145778.5, Avg: 1145778.5, Max: 1145778.5, Diff: 0.0]
      [Ext Root Scanning (ms): Min: 0.3, Avg: 0.4, Max: 0.7, Diff: 0.4, Sum: 1.8]
      [Update RS (ms): Min: 1.0, Avg: 1.7, Max: 2.6, Diff: 1.6, Sum: 7.0]
         [Processed Buffers: Min: 3, Avg: 9.5, Max: 26, Diff: 23, Sum: 38]
      [Scan RS (ms): Min: 0.6, Avg: 2.2, Max: 5.1, Diff: 4.6, Sum: 8.9]
      [Code Root Scanning (ms): Min: 0.0, Avg: 0.0, Max: 0.0, Diff: 0.0, Sum: 0.0]
      [Object Copy (ms): Min: 0.0, Avg: 2.2, Max: 3.1, Diff: 3.0, Sum: 8.9]
      [Termination (ms): Min: 0.0, Avg: 0.5, Max: 0.8, Diff: 0.8, Sum: 2.2]
         [Termination Attempts: Min: 1, Avg: 2.2, Max: 4, Diff: 3, Sum: 9]
      [GC Worker Other (ms): Min: 0.0, Avg: 0.0, Max: 0.0, Diff: 0.0, Sum: 0.0]
      [GC Worker Total (ms): Min: 7.2, Avg: 7.2, Max: 7.2, Diff: 0.0, Sum: 28.8]
      [GC Worker End (ms): Min: 1145785.7, Avg: 1145785.7, Max: 1145785.7, Diff: 0.0]
   [Code Root Fixup: 0.0 ms]
   [Code Root Purge: 0.0 ms]
   [Clear CT: 0.1 ms]
   [Other: 0.8 ms]
      [Choose CSet: 0.0 ms]
      [Ref Proc: 0.6 ms]
      [Ref Enq: 0.0 ms]
      [Redirty Cards: 0.1 ms]
      [Humongous Register: 0.0 ms]
      [Humongous Reclaim: 0.0 ms]
      [Free CSet: 0.0 ms]
   [Eden: 77.0M(77.0M)->0.0B(77.0M) Survivors: 2048.0K->2048.0K Heap: 226.2M(256.0M)->148.9M(256.0M)]
 [Times: user=0.02 sys=0.00, real=0.01 secs] 
2020-04-13T16:02:47.133+0800: 1150.088: [GC pause (G1 Evacuation Pause) (young) (initial-mark), 0.0082041 secs]
   [Parallel Time: 6.6 ms, GC Workers: 4]
      [GC Worker Start (ms): Min: 1150087.7, Avg: 1150087.9, Max: 1150088.1, Diff: 0.4]
      [Ext Root Scanning (ms): Min: 0.5, Avg: 0.7, Max: 0.9, Diff: 0.4, Sum: 2.9]
      [Update RS (ms): Min: 2.3, Avg: 2.3, Max: 2.5, Diff: 0.2, Sum: 9.4]
         [Processed Buffers: Min: 6, Avg: 9.8, Max: 15, Diff: 9, Sum: 39]
      [Scan RS (ms): Min: 1.5, Avg: 1.5, Max: 1.6, Diff: 0.2, Sum: 6.2]
      [Code Root Scanning (ms): Min: 0.0, Avg: 0.0, Max: 0.0, Diff: 0.0, Sum: 0.0]
      [Object Copy (ms): Min: 1.8, Avg: 1.9, Max: 1.9, Diff: 0.0, Sum: 7.4]
      [Termination (ms): Min: 0.0, Avg: 0.0, Max: 0.0, Diff: 0.0, Sum: 0.0]
         [Termination Attempts: Min: 1, Avg: 1.0, Max: 1, Diff: 0, Sum: 4]
      [GC Worker Other (ms): Min: 0.0, Avg: 0.0, Max: 0.0, Diff: 0.0, Sum: 0.0]
      [GC Worker Total (ms): Min: 6.2, Avg: 6.5, Max: 6.6, Diff: 0.4, Sum: 25.9]
      [GC Worker End (ms): Min: 1150094.3, Avg: 1150094.3, Max: 1150094.3, Diff: 0.0]
   [Code Root Fixup: 0.1 ms]
   [Code Root Purge: 0.0 ms]
   [Clear CT: 0.1 ms]
   [Other: 1.4 ms]
      [Choose CSet: 0.0 ms]
      [Ref Proc: 1.2 ms]
      [Ref Enq: 0.0 ms]
      [Redirty Cards: 0.1 ms]
      [Humongous Register: 0.0 ms]
      [Humongous Reclaim: 0.0 ms]
      [Free CSet: 0.0 ms]
   [Eden: 77.0M(77.0M)->0.0B(77.0M) Survivors: 2048.0K->2048.0K Heap: 225.9M(256.0M)->149.4M(256.0M)]
 [Times: user=0.02 sys=0.00, real=0.01 secs] 
2020-04-13T16:02:47.142+0800: 1150.096: [GC concurrent-root-region-scan-start]
2020-04-13T16:02:47.147+0800: 1150.101: [GC concurrent-root-region-scan-end, 0.0053844 secs]
2020-04-13T16:02:47.147+0800: 1150.102: [GC concurrent-mark-start]
2020-04-13T16:02:47.178+0800: 1150.133: [GC concurrent-mark-end, 0.0312073 secs]
2020-04-13T16:02:47.179+0800: 1150.133: [GC remark 2020-04-13T16:02:47.179+0800: 1150.133: [Finalize Marking, 0.0026639 secs] 2020-04-13T16:02:47.182+0800: 1150.136: [GC ref-proc, 0.0001146 secs] 2020-04-13T16:02:47.182+0800: 1150.136: [Unloading, 0.0059772 secs], 0.0107584 secs]
 [Times: user=0.02 sys=0.00, real=0.02 secs] 
2020-04-13T16:02:47.190+0800: 1150.145: [GC cleanup 150M->150M(256M), 0.0006754 secs]
 [Times: user=0.00 sys=0.00, real=0.00 secs] 
2020-04-13T16:02:51.063+0800: 1154.018: [GC pause (G1 Evacuation Pause) (young), 0.0222868 secs]
   [Parallel Time: 7.7 ms, GC Workers: 4]
      [GC Worker Start (ms): Min: 1154017.7, Avg: 1154018.8, Max: 1154021.0, Diff: 3.3]
      [Ext Root Scanning (ms): Min: 0.0, Avg: 0.4, Max: 0.7, Diff: 0.7, Sum: 1.5]
      [Update RS (ms): Min: 0.4, Avg: 2.4, Max: 3.6, Diff: 3.2, Sum: 9.4]
         [Processed Buffers: Min: 1, Avg: 9.0, Max: 20, Diff: 19, Sum: 36]
      [Scan RS (ms): Min: 1.3, Avg: 1.8, Max: 2.1, Diff: 0.8, Sum: 7.3]
      [Code Root Scanning (ms): Min: 0.0, Avg: 0.0, Max: 0.0, Diff: 0.0, Sum: 0.0]
      [Object Copy (ms): Min: 1.7, Avg: 1.8, Max: 1.8, Diff: 0.1, Sum: 7.1]
      [Termination (ms): Min: 0.0, Avg: 0.0, Max: 0.0, Diff: 0.0, Sum: 0.0]
         [Termination Attempts: Min: 1, Avg: 1.0, Max: 1, Diff: 0, Sum: 4]
      [GC Worker Other (ms): Min: 0.0, Avg: 0.0, Max: 0.0, Diff: 0.0, Sum: 0.1]
      [GC Worker Total (ms): Min: 4.1, Avg: 6.3, Max: 7.4, Diff: 3.3, Sum: 25.4]
      [GC Worker End (ms): Min: 1154025.2, Avg: 1154025.2, Max: 1154025.2, Diff: 0.0]
   [Code Root Fixup: 0.0 ms]
   [Code Root Purge: 0.0 ms]
   [Clear CT: 1.1 ms]
   [Other: 13.5 ms]
      [Choose CSet: 0.0 ms]
      [Ref Proc: 11.8 ms]
      [Ref Enq: 0.0 ms]
      [Redirty Cards: 0.7 ms]
      [Humongous Register: 0.0 ms]
      [Humongous Reclaim: 0.1 ms]
      [Free CSet: 0.3 ms]
   [Eden: 77.0M(77.0M)->0.0B(77.0M) Survivors: 2048.0K->2048.0K Heap: 226.4M(256.0M)->148.8M(256.0M)]
 [Times: user=0.02 sys=0.00, real=0.02 secs] 
2020-04-13T16:02:55.114+0800: 1158.068: [GC pause (G1 Evacuation Pause) (young), 0.0080854 secs]
   [Parallel Time: 6.7 ms, GC Workers: 4]
      [GC Worker Start (ms): Min: 1158068.2, Avg: 1158068.3, Max: 1158068.3, Diff: 0.1]
      [Ext Root Scanning (ms): Min: 0.3, Avg: 0.4, Max: 0.5, Diff: 0.2, Sum: 1.5]
      [Update RS (ms): Min: 1.9, Avg: 2.0, Max: 2.0, Diff: 0.1, Sum: 7.8]
         [Processed Buffers: Min: 1, Avg: 10.5, Max: 18, Diff: 17, Sum: 42]
      [Scan RS (ms): Min: 1.5, Avg: 1.6, Max: 1.8, Diff: 0.4, Sum: 6.6]
      [Code Root Scanning (ms): Min: 0.0, Avg: 0.0, Max: 0.0, Diff: 0.0, Sum: 0.0]
      [Object Copy (ms): Min: 2.5, Avg: 2.6, Max: 2.6, Diff: 0.1, Sum: 10.2]
      [Termination (ms): Min: 0.0, Avg: 0.0, Max: 0.0, Diff: 0.0, Sum: 0.0]
         [Termination Attempts: Min: 1, Avg: 1.0, Max: 1, Diff: 0, Sum: 4]
      [GC Worker Other (ms): Min: 0.0, Avg: 0.0, Max: 0.0, Diff: 0.0, Sum: 0.1]
      [GC Worker Total (ms): Min: 6.5, Avg: 6.6, Max: 6.6, Diff: 0.1, Sum: 26.3]
      [GC Worker End (ms): Min: 1158074.8, Avg: 1158074.8, Max: 1158074.8, Diff: 0.0]
   [Code Root Fixup: 0.0 ms]
   [Code Root Purge: 0.0 ms]
   [Clear CT: 0.1 ms]
   [Other: 1.2 ms]
      [Choose CSet: 0.0 ms]
      [Ref Proc: 1.0 ms]
      [Ref Enq: 0.0 ms]
      [Redirty Cards: 0.1 ms]
      [Humongous Register: 0.0 ms]
      [Humongous Reclaim: 0.0 ms]
      [Free CSet: 0.0 ms]
   [Eden: 77.0M(77.0M)->0.0B(75.0M) Survivors: 2048.0K->3072.0K Heap: 225.8M(256.0M)->150.0M(256.0M)]
 [Times: user=0.02 sys=0.00, real=0.01 secs] 
2020-04-13T16:02:59.002+0800: 1161.956: [GC pause (G1 Evacuation Pause) (young) (initial-mark), 0.0117107 secs]
   [Parallel Time: 10.5 ms, GC Workers: 4]
      [GC Worker Start (ms): Min: 1161956.6, Avg: 1161956.8, Max: 1161957.2, Diff: 0.6]
      [Ext Root Scanning (ms): Min: 0.5, Avg: 0.9, Max: 1.1, Diff: 0.6, Sum: 3.7]
      [Update RS (ms): Min: 1.8, Avg: 2.3, Max: 3.6, Diff: 1.8, Sum: 9.1]
         [Processed Buffers: Min: 0, Avg: 9.2, Max: 29, Diff: 29, Sum: 37]
      [Scan RS (ms): Min: 0.9, Avg: 2.5, Max: 3.9, Diff: 3.0, Sum: 10.1]
      [Code Root Scanning (ms): Min: 0.0, Avg: 0.0, Max: 0.0, Diff: 0.0, Sum: 0.0]
      [Object Copy (ms): Min: 1.9, Avg: 2.9, Max: 3.5, Diff: 1.6, Sum: 11.6]
      [Termination (ms): Min: 0.0, Avg: 0.4, Max: 0.5, Diff: 0.5, Sum: 1.5]
         [Termination Attempts: Min: 1, Avg: 1.2, Max: 2, Diff: 1, Sum: 5]
      [GC Worker Other (ms): Min: 0.0, Avg: 0.0, Max: 0.0, Diff: 0.0, Sum: 0.1]
      [GC Worker Total (ms): Min: 8.7, Avg: 9.0, Max: 9.2, Diff: 0.6, Sum: 36.1]
      [GC Worker End (ms): Min: 1161965.8, Avg: 1161965.8, Max: 1161965.9, Diff: 0.1]
   [Code Root Fixup: 0.0 ms]
   [Code Root Purge: 0.0 ms]
   [Clear CT: 0.0 ms]
   [Other: 1.1 ms]
      [Choose CSet: 0.0 ms]
      [Ref Proc: 0.8 ms]
      [Ref Enq: 0.0 ms]
      [Redirty Cards: 0.1 ms]
      [Humongous Register: 0.0 ms]
      [Humongous Reclaim: 0.0 ms]
      [Free CSet: 0.0 ms]
   [Eden: 75.0M(75.0M)->0.0B(77.0M) Survivors: 3072.0K->2048.0K Heap: 225.0M(256.0M)->149.2M(256.0M)]
 [Times: user=0.03 sys=0.01, real=0.01 secs] 
2020-04-13T16:02:59.014+0800: 1161.968: [GC concurrent-root-region-scan-start]
2020-04-13T16:02:59.019+0800: 1161.974: [GC concurrent-root-region-scan-end, 0.0055604 secs]
2020-04-13T16:02:59.019+0800: 1161.974: [GC concurrent-mark-start]
2020-04-13T16:02:59.052+0800: 1162.006: [GC concurrent-mark-end, 0.0324315 secs]
2020-04-13T16:02:59.052+0800: 1162.006: [GC remark 2020-04-13T16:02:59.052+0800: 1162.006: [Finalize Marking, 0.0001307 secs] 2020-04-13T16:02:59.052+0800: 1162.006: [GC ref-proc, 0.0001044 secs] 2020-04-13T16:02:59.052+0800: 1162.007: [Unloading, 0.0071959 secs], 0.0105763 secs]
 [Times: user=0.02 sys=0.00, real=0.01 secs] 
2020-04-13T16:02:59.063+0800: 1162.017: [GC cleanup 150M->150M(256M), 0.0008708 secs]
 [Times: user=0.00 sys=0.00, real=0.00 secs] 
2020-04-13T16:03:02.363+0800: 1165.317: [GC pause (G1 Evacuation Pause) (young), 0.0075683 secs]
   [Parallel Time: 6.4 ms, GC Workers: 4]
      [GC Worker Start (ms): Min: 1165317.5, Avg: 1165317.5, Max: 1165317.5, Diff: 0.1]
      [Ext Root Scanning (ms): Min: 0.3, Avg: 0.4, Max: 0.6, Diff: 0.3, Sum: 1.6]
      [Update RS (ms): Min: 1.1, Avg: 1.3, Max: 1.5, Diff: 0.4, Sum: 5.3]
         [Processed Buffers: Min: 3, Avg: 8.8, Max: 15, Diff: 12, Sum: 35]
      [Scan RS (ms): Min: 1.8, Avg: 2.5, Max: 4.3, Diff: 2.5, Sum: 10.0]
      [Code Root Scanning (ms): Min: 0.0, Avg: 0.0, Max: 0.0, Diff: 0.0, Sum: 0.0]
      [Object Copy (ms): Min: 0.1, Avg: 1.9, Max: 2.6, Diff: 2.5, Sum: 7.6]
      [Termination (ms): Min: 0.0, Avg: 0.2, Max: 0.2, Diff: 0.2, Sum: 0.7]
         [Termination Attempts: Min: 1, Avg: 1.2, Max: 2, Diff: 1, Sum: 5]
      [GC Worker Other (ms): Min: 0.0, Avg: 0.0, Max: 0.0, Diff: 0.0, Sum: 0.0]
      [GC Worker Total (ms): Min: 6.3, Avg: 6.3, Max: 6.3, Diff: 0.0, Sum: 25.1]
      [GC Worker End (ms): Min: 1165323.7, Avg: 1165323.8, Max: 1165323.8, Diff: 0.1]
   [Code Root Fixup: 0.0 ms]
   [Code Root Purge: 0.0 ms]
   [Clear CT: 0.1 ms]
   [Other: 1.1 ms]
      [Choose CSet: 0.0 ms]
      [Ref Proc: 0.8 ms]
      [Ref Enq: 0.0 ms]
      [Redirty Cards: 0.1 ms]
      [Humongous Register: 0.0 ms]
      [Humongous Reclaim: 0.0 ms]
      [Free CSet: 0.0 ms]
   [Eden: 77.0M(77.0M)->0.0B(75.0M) Survivors: 2048.0K->3072.0K Heap: 226.2M(256.0M)->150.5M(256.0M)]
 [Times: user=0.02 sys=0.00, real=0.01 secs] 
2020-04-13T16:03:04.304+0800: 1167.258: [GC pause (G1 Evacuation Pause) (young), 0.0101793 secs]
   [Parallel Time: 9.0 ms, GC Workers: 4]
      [GC Worker Start (ms): Min: 1167258.1, Avg: 1167258.2, Max: 1167258.2, Diff: 0.0]
      [Ext Root Scanning (ms): Min: 0.3, Avg: 0.4, Max: 0.5, Diff: 0.2, Sum: 1.6]
      [Update RS (ms): Min: 1.3, Avg: 1.3, Max: 1.4, Diff: 0.1, Sum: 5.3]
         [Processed Buffers: Min: 3, Avg: 8.8, Max: 22, Diff: 19, Sum: 35]
      [Scan RS (ms): Min: 2.0, Avg: 2.1, Max: 2.4, Diff: 0.4, Sum: 8.5]
      [Code Root Scanning (ms): Min: 0.0, Avg: 0.0, Max: 0.0, Diff: 0.0, Sum: 0.0]
      [Object Copy (ms): Min: 4.0, Avg: 4.4, Max: 4.7, Diff: 0.7, Sum: 17.5]
      [Termination (ms): Min: 0.0, Avg: 0.5, Max: 0.6, Diff: 0.6, Sum: 1.9]
         [Termination Attempts: Min: 1, Avg: 1.2, Max: 2, Diff: 1, Sum: 5]
      [GC Worker Other (ms): Min: 0.0, Avg: 0.0, Max: 0.0, Diff: 0.0, Sum: 0.0]
      [GC Worker Total (ms): Min: 8.6, Avg: 8.7, Max: 8.8, Diff: 0.2, Sum: 34.9]
      [GC Worker End (ms): Min: 1167266.8, Avg: 1167266.9, Max: 1167267.0, Diff: 0.2]
   [Code Root Fixup: 0.1 ms]
   [Code Root Purge: 0.0 ms]
   [Clear CT: 0.0 ms]
   [Other: 1.0 ms]
      [Choose CSet: 0.0 ms]
      [Ref Proc: 0.7 ms]
      [Ref Enq: 0.0 ms]
      [Redirty Cards: 0.1 ms]
      [Humongous Register: 0.0 ms]
      [Humongous Reclaim: 0.0 ms]
      [Free CSet: 0.0 ms]
   [Eden: 75.0M(75.0M)->0.0B(76.0M) Survivors: 3072.0K->2048.0K Heap: 225.5M(256.0M)->149.5M(256.0M)]
 [Times: user=0.02 sys=0.00, real=0.01 secs] 
2020-04-13T16:03:05.970+0800: 1168.924: [GC pause (G1 Evacuation Pause) (young) (initial-mark), 0.0084879 secs]
   [Parallel Time: 7.5 ms, GC Workers: 4]
      [GC Worker Start (ms): Min: 1168923.9, Avg: 1168924.1, Max: 1168924.5, Diff: 0.6]
      [Ext Root Scanning (ms): Min: 0.3, Avg: 0.7, Max: 0.9, Diff: 0.6, Sum: 2.8]
      [Update RS (ms): Min: 1.2, Avg: 1.4, Max: 1.5, Diff: 0.3, Sum: 5.4]
         [Processed Buffers: Min: 4, Avg: 9.5, Max: 16, Diff: 12, Sum: 38]
      [Scan RS (ms): Min: 2.0, Avg: 2.4, Max: 2.6, Diff: 0.6, Sum: 9.7]
      [Code Root Scanning (ms): Min: 0.0, Avg: 0.0, Max: 0.0, Diff: 0.0, Sum: 0.0]
      [Object Copy (ms): Min: 2.6, Avg: 2.6, Max: 2.9, Diff: 0.3, Sum: 10.6]
      [Termination (ms): Min: 0.0, Avg: 0.0, Max: 0.0, Diff: 0.0, Sum: 0.0]
         [Termination Attempts: Min: 1, Avg: 1.5, Max: 2, Diff: 1, Sum: 6]
      [GC Worker Other (ms): Min: 0.0, Avg: 0.0, Max: 0.0, Diff: 0.0, Sum: 0.1]
      [GC Worker Total (ms): Min: 6.7, Avg: 7.2, Max: 7.3, Diff: 0.6, Sum: 28.6]
      [GC Worker End (ms): Min: 1168931.2, Avg: 1168931.2, Max: 1168931.2, Diff: 0.0]
   [Code Root Fixup: 0.1 ms]
   [Code Root Purge: 0.0 ms]
   [Clear CT: 0.1 ms]
   [Other: 0.8 ms]
      [Choose CSet: 0.0 ms]
      [Ref Proc: 0.6 ms]
      [Ref Enq: 0.0 ms]
      [Redirty Cards: 0.1 ms]
      [Humongous Register: 0.0 ms]
      [Humongous Reclaim: 0.0 ms]
      [Free CSet: 0.0 ms]
   [Eden: 76.0M(76.0M)->0.0B(76.0M) Survivors: 2048.0K->2048.0K Heap: 225.5M(256.0M)->150.0M(256.0M)]
 [Times: user=0.02 sys=0.00, real=0.00 secs] 
2020-04-13T16:03:05.978+0800: 1168.932: [GC concurrent-root-region-scan-start]
2020-04-13T16:03:05.984+0800: 1168.938: [GC concurrent-root-region-scan-end, 0.0054768 secs]
2020-04-13T16:03:05.984+0800: 1168.938: [GC concurrent-mark-start]
2020-04-13T16:03:06.010+0800: 1168.964: [GC concurrent-mark-end, 0.0259756 secs]
2020-04-13T16:03:06.010+0800: 1168.964: [GC remark 2020-04-13T16:03:06.010+0800: 1168.964: [Finalize Marking, 0.0001716 secs] 2020-04-13T16:03:06.010+0800: 1168.964: [GC ref-proc, 0.0000718 secs] 2020-04-13T16:03:06.010+0800: 1168.964: [Unloading, 0.0049581 secs], 0.0078203 secs]
 [Times: user=0.02 sys=0.00, real=0.00 secs] 
2020-04-13T16:03:06.018+0800: 1168.972: [GC cleanup 151M->151M(256M), 0.0004068 secs]
 [Times: user=0.00 sys=0.00, real=0.00 secs] 
2020-04-13T16:03:08.978+0800: 1171.932: [GC pause (G1 Evacuation Pause) (young), 0.0068113 secs]
   [Parallel Time: 5.6 ms, GC Workers: 4]
      [GC Worker Start (ms): Min: 1171931.9, Avg: 1171931.9, Max: 1171931.9, Diff: 0.0]
      [Ext Root Scanning (ms): Min: 0.3, Avg: 0.4, Max: 0.6, Diff: 0.2, Sum: 1.6]
      [Update RS (ms): Min: 1.5, Avg: 1.7, Max: 1.9, Diff: 0.4, Sum: 6.7]
         [Processed Buffers: Min: 4, Avg: 10.2, Max: 19, Diff: 15, Sum: 41]
      [Scan RS (ms): Min: 1.3, Avg: 1.4, Max: 1.6, Diff: 0.3, Sum: 5.7]
      [Code Root Scanning (ms): Min: 0.0, Avg: 0.0, Max: 0.1, Diff: 0.1, Sum: 0.1]
      [Object Copy (ms): Min: 1.9, Avg: 1.9, Max: 2.0, Diff: 0.1, Sum: 7.8]
      [Termination (ms): Min: 0.0, Avg: 0.0, Max: 0.0, Diff: 0.0, Sum: 0.0]
         [Termination Attempts: Min: 1, Avg: 1.0, Max: 1, Diff: 0, Sum: 4]
      [GC Worker Other (ms): Min: 0.0, Avg: 0.0, Max: 0.1, Diff: 0.1, Sum: 0.2]
      [GC Worker Total (ms): Min: 5.5, Avg: 5.5, Max: 5.6, Diff: 0.1, Sum: 22.0]
      [GC Worker End (ms): Min: 1171937.4, Avg: 1171937.4, Max: 1171937.4, Diff: 0.1]
   [Code Root Fixup: 0.0 ms]
   [Code Root Purge: 0.0 ms]
   [Clear CT: 0.1 ms]
   [Other: 1.1 ms]
      [Choose CSet: 0.0 ms]
      [Ref Proc: 0.8 ms]
      [Ref Enq: 0.0 ms]
      [Redirty Cards: 0.1 ms]
      [Humongous Register: 0.0 ms]
      [Humongous Reclaim: 0.0 ms]
      [Free CSet: 0.0 ms]
   [Eden: 76.0M(76.0M)->0.0B(10.0M) Survivors: 2048.0K->2048.0K Heap: 226.0M(256.0M)->149.6M(256.0M)]
 [Times: user=0.02 sys=0.00, real=0.01 secs] 
2020-04-13T16:03:09.383+0800: 1172.337: [GC pause (G1 Evacuation Pause) (mixed), 0.0219691 secs]
   [Parallel Time: 7.7 ms, GC Workers: 4]
      [GC Worker Start (ms): Min: 1172336.9, Avg: 1172336.9, Max: 1172336.9, Diff: 0.0]
      [Ext Root Scanning (ms): Min: 0.4, Avg: 0.5, Max: 0.8, Diff: 0.4, Sum: 2.0]
      [Update RS (ms): Min: 1.8, Avg: 2.4, Max: 3.5, Diff: 1.7, Sum: 9.5]
         [Processed Buffers: Min: 0, Avg: 8.5, Max: 13, Diff: 13, Sum: 34]
      [Scan RS (ms): Min: 0.7, Avg: 1.7, Max: 2.1, Diff: 1.4, Sum: 7.0]
      [Code Root Scanning (ms): Min: 0.0, Avg: 0.0, Max: 0.0, Diff: 0.0, Sum: 0.0]
      [Object Copy (ms): Min: 2.5, Avg: 2.6, Max: 2.7, Diff: 0.2, Sum: 10.4]
      [Termination (ms): Min: 0.0, Avg: 0.0, Max: 0.0, Diff: 0.0, Sum: 0.0]
         [Termination Attempts: Min: 1, Avg: 1.0, Max: 1, Diff: 0, Sum: 4]
      [GC Worker Other (ms): Min: 0.0, Avg: 0.1, Max: 0.2, Diff: 0.2, Sum: 0.3]
      [GC Worker Total (ms): Min: 7.2, Avg: 7.3, Max: 7.5, Diff: 0.2, Sum: 29.2]
      [GC Worker End (ms): Min: 1172344.2, Avg: 1172344.2, Max: 1172344.4, Diff: 0.2]
   [Code Root Fixup: 0.1 ms]
   [Code Root Purge: 0.0 ms]
   [Clear CT: 0.1 ms]
   [Other: 14.1 ms]
      [Choose CSet: 0.0 ms]
      [Ref Proc: 13.7 ms]
      [Ref Enq: 0.0 ms]
      [Redirty Cards: 0.2 ms]
      [Humongous Register: 0.0 ms]
      [Humongous Reclaim: 0.0 ms]
      [Free CSet: 0.0 ms]
   [Eden: 10.0M(10.0M)->0.0B(77.0M) Survivors: 2048.0K->2048.0K Heap: 159.6M(256.0M)->149.2M(256.0M)]
 [Times: user=0.02 sys=0.00, real=0.02 secs] 
2020-04-13T16:03:12.584+0800: 1175.538: [GC pause (G1 Evacuation Pause) (young), 0.0152992 secs]
   [Parallel Time: 6.3 ms, GC Workers: 4]
      [GC Worker Start (ms): Min: 1175537.6, Avg: 1175537.6, Max: 1175537.6, Diff: 0.0]
      [Ext Root Scanning (ms): Min: 0.4, Avg: 0.4, Max: 0.5, Diff: 0.2, Sum: 1.7]
      [Update RS (ms): Min: 1.3, Avg: 1.4, Max: 1.4, Diff: 0.1, Sum: 5.5]
         [Processed Buffers: Min: 3, Avg: 9.5, Max: 20, Diff: 17, Sum: 38]
      [Scan RS (ms): Min: 1.9, Avg: 2.0, Max: 2.0, Diff: 0.1, Sum: 7.8]
      [Code Root Scanning (ms): Min: 0.0, Avg: 0.0, Max: 0.0, Diff: 0.0, Sum: 0.0]
      [Object Copy (ms): Min: 2.3, Avg: 2.4, Max: 2.5, Diff: 0.1, Sum: 9.6]
      [Termination (ms): Min: 0.0, Avg: 0.0, Max: 0.0, Diff: 0.0, Sum: 0.0]
         [Termination Attempts: Min: 1, Avg: 1.2, Max: 2, Diff: 1, Sum: 5]
      [GC Worker Other (ms): Min: 0.0, Avg: 0.0, Max: 0.1, Diff: 0.0, Sum: 0.1]
      [GC Worker Total (ms): Min: 6.2, Avg: 6.2, Max: 6.2, Diff: 0.0, Sum: 24.8]
      [GC Worker End (ms): Min: 1175543.8, Avg: 1175543.8, Max: 1175543.8, Diff: 0.1]
   [Code Root Fixup: 0.1 ms]
   [Code Root Purge: 0.0 ms]
   [Clear CT: 0.1 ms]
   [Other: 8.9 ms]
      [Choose CSet: 0.0 ms]
      [Ref Proc: 8.6 ms]
      [Ref Enq: 0.0 ms]
      [Redirty Cards: 0.1 ms]
      [Humongous Register: 0.0 ms]
      [Humongous Reclaim: 0.0 ms]
      [Free CSet: 0.0 ms]
   [Eden: 77.0M(77.0M)->0.0B(77.0M) Survivors: 2048.0K->2048.0K Heap: 226.2M(256.0M)->149.0M(256.0M)]
 [Times: user=0.03 sys=0.01, real=0.02 secs] 
2020-04-13T16:03:14.294+0800: 1177.248: [GC pause (G1 Evacuation Pause) (young) (initial-mark), 0.0093371 secs]
   [Parallel Time: 6.9 ms, GC Workers: 4]
      [GC Worker Start (ms): Min: 1177248.0, Avg: 1177248.0, Max: 1177248.0, Diff: 0.0]
      [Ext Root Scanning (ms): Min: 0.6, Avg: 0.7, Max: 0.9, Diff: 0.3, Sum: 2.9]
      [Update RS (ms): Min: 1.7, Avg: 1.9, Max: 2.1, Diff: 0.4, Sum: 7.4]
         [Processed Buffers: Min: 4, Avg: 10.0, Max: 25, Diff: 21, Sum: 40]
      [Scan RS (ms): Min: 1.5, Avg: 1.5, Max: 1.6, Diff: 0.1, Sum: 6.0]
      [Code Root Scanning (ms): Min: 0.0, Avg: 0.0, Max: 0.0, Diff: 0.0, Sum: 0.0]
      [Object Copy (ms): Min: 2.5, Avg: 2.5, Max: 2.6, Diff: 0.1, Sum: 10.1]
      [Termination (ms): Min: 0.0, Avg: 0.2, Max: 0.2, Diff: 0.2, Sum: 0.7]
         [Termination Attempts: Min: 1, Avg: 1.0, Max: 1, Diff: 0, Sum: 4]
      [GC Worker Other (ms): Min: 0.0, Avg: 0.0, Max: 0.0, Diff: 0.0, Sum: 0.0]
      [GC Worker Total (ms): Min: 6.7, Avg: 6.8, Max: 6.8, Diff: 0.1, Sum: 27.2]
      [GC Worker End (ms): Min: 1177254.7, Avg: 1177254.8, Max: 1177254.9, Diff: 0.1]
   [Code Root Fixup: 0.1 ms]
   [Code Root Purge: 0.0 ms]
   [Clear CT: 0.1 ms]
   [Other: 2.2 ms]
      [Choose CSet: 0.0 ms]
      [Ref Proc: 1.9 ms]
      [Ref Enq: 0.0 ms]
      [Redirty Cards: 0.2 ms]
      [Humongous Register: 0.0 ms]
      [Humongous Reclaim: 0.0 ms]
      [Free CSet: 0.0 ms]
   [Eden: 77.0M(77.0M)->0.0B(77.0M) Survivors: 2048.0K->2048.0K Heap: 226.0M(256.0M)->149.1M(256.0M)]
 [Times: user=0.03 sys=0.00, real=0.01 secs] 
2020-04-13T16:03:14.304+0800: 1177.258: [GC concurrent-root-region-scan-start]
2020-04-13T16:03:14.309+0800: 1177.263: [GC concurrent-root-region-scan-end, 0.0052106 secs]
2020-04-13T16:03:14.309+0800: 1177.263: [GC concurrent-mark-start]
2020-04-13T16:03:14.344+0800: 1177.298: [GC concurrent-mark-end, 0.0348256 secs]
2020-04-13T16:03:14.344+0800: 1177.298: [GC remark 2020-04-13T16:03:14.344+0800: 1177.298: [Finalize Marking, 0.0002267 secs] 2020-04-13T16:03:14.344+0800: 1177.298: [GC ref-proc, 0.0001171 secs] 2020-04-13T16:03:14.344+0800: 1177.298: [Unloading, 0.0049086 secs], 0.0072820 secs]
 [Times: user=0.02 sys=0.01, real=0.01 secs] 
2020-04-13T16:03:14.351+0800: 1177.305: [GC cleanup 150M->150M(256M), 0.0003302 secs]
 [Times: user=0.00 sys=0.00, real=0.00 secs] 
2020-04-13T16:03:17.179+0800: 1180.133: [GC pause (G1 Evacuation Pause) (young), 0.0117637 secs]
   [Parallel Time: 10.7 ms, GC Workers: 4]
      [GC Worker Start (ms): Min: 1180133.5, Avg: 1180135.8, Max: 1180142.5, Diff: 9.0]
      [Ext Root Scanning (ms): Min: 0.0, Avg: 2.4, Max: 4.3, Diff: 4.3, Sum: 9.8]
      [Update RS (ms): Min: 0.0, Avg: 2.1, Max: 3.4, Diff: 3.4, Sum: 8.3]
         [Processed Buffers: Min: 0, Avg: 7.8, Max: 20, Diff: 20, Sum: 31]
      [Scan RS (ms): Min: 0.0, Avg: 1.3, Max: 1.8, Diff: 1.8, Sum: 5.1]
      [Code Root Scanning (ms): Min: 0.0, Avg: 0.0, Max: 0.0, Diff: 0.0, Sum: 0.0]
      [Object Copy (ms): Min: 1.5, Avg: 2.3, Max: 2.6, Diff: 1.1, Sum: 9.3]
      [Termination (ms): Min: 0.0, Avg: 0.2, Max: 0.2, Diff: 0.2, Sum: 0.7]
         [Termination Attempts: Min: 1, Avg: 1.0, Max: 1, Diff: 0, Sum: 4]
      [GC Worker Other (ms): Min: 0.0, Avg: 0.0, Max: 0.0, Diff: 0.0, Sum: 0.1]
      [GC Worker Total (ms): Min: 1.5, Avg: 8.3, Max: 10.6, Diff: 9.1, Sum: 33.3]
      [GC Worker End (ms): Min: 1180144.0, Avg: 1180144.1, Max: 1180144.1, Diff: 0.1]
   [Code Root Fixup: 0.0 ms]
   [Code Root Purge: 0.0 ms]
   [Clear CT: 0.1 ms]
   [Other: 0.9 ms]
      [Choose CSet: 0.0 ms]
      [Ref Proc: 0.7 ms]
      [Ref Enq: 0.0 ms]
      [Redirty Cards: 0.0 ms]
      [Humongous Register: 0.0 ms]
      [Humongous Reclaim: 0.0 ms]
      [Free CSet: 0.0 ms]
   [Eden: 77.0M(77.0M)->0.0B(75.0M) Survivors: 2048.0K->3072.0K Heap: 226.1M(256.0M)->150.0M(256.0M)]
 [Times: user=0.02 sys=0.00, real=0.02 secs] 
2020-04-13T16:03:19.771+0800: 1182.725: [GC pause (G1 Evacuation Pause) (young), 0.0081294 secs]
   [Parallel Time: 7.1 ms, GC Workers: 4]
      [GC Worker Start (ms): Min: 1182724.6, Avg: 1182724.6, Max: 1182724.7, Diff: 0.0]
      [Ext Root Scanning (ms): Min: 0.3, Avg: 0.4, Max: 0.5, Diff: 0.2, Sum: 1.6]
      [Update RS (ms): Min: 1.2, Avg: 1.4, Max: 1.4, Diff: 0.2, Sum: 5.4]
         [Processed Buffers: Min: 2, Avg: 9.8, Max: 26, Diff: 24, Sum: 39]
      [Scan RS (ms): Min: 2.5, Avg: 3.0, Max: 3.6, Diff: 1.1, Sum: 12.1]
      [Code Root Scanning (ms): Min: 0.0, Avg: 0.0, Max: 0.0, Diff: 0.0, Sum: 0.0]
      [Object Copy (ms): Min: 1.4, Avg: 2.0, Max: 2.5, Diff: 1.1, Sum: 8.1]
      [Termination (ms): Min: 0.0, Avg: 0.0, Max: 0.0, Diff: 0.0, Sum: 0.0]
         [Termination Attempts: Min: 1, Avg: 1.0, Max: 1, Diff: 0, Sum: 4]
      [GC Worker Other (ms): Min: 0.0, Avg: 0.0, Max: 0.0, Diff: 0.0, Sum: 0.0]
      [GC Worker Total (ms): Min: 6.8, Avg: 6.8, Max: 6.8, Diff: 0.0, Sum: 27.3]
      [GC Worker End (ms): Min: 1182731.5, Avg: 1182731.5, Max: 1182731.5, Diff: 0.0]
   [Code Root Fixup: 0.0 ms]
   [Code Root Purge: 0.0 ms]
   [Clear CT: 0.1 ms]
   [Other: 0.9 ms]
      [Choose CSet: 0.0 ms]
      [Ref Proc: 0.5 ms]
      [Ref Enq: 0.0 ms]
      [Redirty Cards: 0.1 ms]
      [Humongous Register: 0.0 ms]
      [Humongous Reclaim: 0.0 ms]
      [Free CSet: 0.0 ms]
   [Eden: 75.0M(75.0M)->0.0B(77.0M) Survivors: 3072.0K->2048.0K Heap: 225.0M(256.0M)->149.2M(256.0M)]
 [Times: user=0.02 sys=0.00, real=0.00 secs] 
2020-04-13T16:03:21.890+0800: 1184.844: [GC pause (G1 Evacuation Pause) (young) (initial-mark), 0.0070065 secs]
   [Parallel Time: 6.1 ms, GC Workers: 4]
      [GC Worker Start (ms): Min: 1184844.0, Avg: 1184844.0, Max: 1184844.1, Diff: 0.0]
      [Ext Root Scanning (ms): Min: 0.6, Avg: 0.6, Max: 0.6, Diff: 0.0, Sum: 2.3]
      [Update RS (ms): Min: 1.3, Avg: 1.4, Max: 1.5, Diff: 0.2, Sum: 5.5]
         [Processed Buffers: Min: 4, Avg: 8.5, Max: 14, Diff: 10, Sum: 34]
      [Scan RS (ms): Min: 1.3, Avg: 1.4, Max: 1.5, Diff: 0.2, Sum: 5.7]
      [Code Root Scanning (ms): Min: 0.0, Avg: 0.0, Max: 0.0, Diff: 0.0, Sum: 0.0]
      [Object Copy (ms): Min: 2.5, Avg: 2.5, Max: 2.6, Diff: 0.1, Sum: 10.0]
      [Termination (ms): Min: 0.0, Avg: 0.1, Max: 0.1, Diff: 0.1, Sum: 0.3]
         [Termination Attempts: Min: 1, Avg: 1.0, Max: 1, Diff: 0, Sum: 4]
      [GC Worker Other (ms): Min: 0.0, Avg: 0.0, Max: 0.0, Diff: 0.0, Sum: 0.0]
      [GC Worker Total (ms): Min: 5.9, Avg: 6.0, Max: 6.0, Diff: 0.0, Sum: 23.9]
      [GC Worker End (ms): Min: 1184850.0, Avg: 1184850.0, Max: 1184850.0, Diff: 0.0]
   [Code Root Fixup: 0.1 ms]
   [Code Root Purge: 0.0 ms]
   [Clear CT: 0.2 ms]
   [Other: 0.6 ms]
      [Choose CSet: 0.0 ms]
      [Ref Proc: 0.4 ms]
      [Ref Enq: 0.0 ms]
      [Redirty Cards: 0.1 ms]
      [Humongous Register: 0.0 ms]
      [Humongous Reclaim: 0.0 ms]
      [Free CSet: 0.0 ms]
   [Eden: 77.0M(77.0M)->0.0B(77.0M) Survivors: 2048.0K->2048.0K Heap: 226.2M(256.0M)->149.1M(256.0M)]
 [Times: user=0.02 sys=0.00, real=0.00 secs] 
2020-04-13T16:03:21.899+0800: 1184.853: [GC concurrent-root-region-scan-start]
2020-04-13T16:03:21.903+0800: 1184.857: [GC concurrent-root-region-scan-end, 0.0041129 secs]
2020-04-13T16:03:21.903+0800: 1184.857: [GC concurrent-mark-start]
2020-04-13T16:03:21.978+0800: 1184.932: [GC concurrent-mark-end, 0.0750652 secs]
2020-04-13T16:03:21.979+0800: 1184.933: [GC remark 2020-04-13T16:03:21.979+0800: 1184.933: [Finalize Marking, 0.0044657 secs] 2020-04-13T16:03:21.983+0800: 1184.937: [GC ref-proc, 0.0000992 secs] 2020-04-13T16:03:21.983+0800: 1184.937: [Unloading, 0.0045387 secs], 0.0103898 secs]
 [Times: user=0.02 sys=0.01, real=0.01 secs] 
2020-04-13T16:03:21.989+0800: 1184.943: [GC cleanup 150M->150M(256M), 0.0002838 secs]
 [Times: user=0.00 sys=0.00, real=0.01 secs] 
2020-04-13T16:03:24.361+0800: 1187.315: [GC pause (G1 Evacuation Pause) (young), 0.0171379 secs]
   [Parallel Time: 16.7 ms, GC Workers: 4]
      [GC Worker Start (ms): Min: 1187315.2, Avg: 1187315.2, Max: 1187315.2, Diff: 0.0]
      [Ext Root Scanning (ms): Min: 0.4, Avg: 1.0, Max: 2.6, Diff: 2.2, Sum: 3.9]
      [Update RS (ms): Min: 0.0, Avg: 1.5, Max: 2.2, Diff: 2.2, Sum: 6.1]
         [Processed Buffers: Min: 0, Avg: 9.5, Max: 26, Diff: 26, Sum: 38]
      [Scan RS (ms): Min: 1.4, Avg: 1.7, Max: 2.3, Diff: 0.9, Sum: 6.9]
      [Code Root Scanning (ms): Min: 0.0, Avg: 0.0, Max: 0.0, Diff: 0.0, Sum: 0.0]
      [Object Copy (ms): Min: 2.9, Avg: 3.5, Max: 4.1, Diff: 1.1, Sum: 14.0]
      [Termination (ms): Min: 0.0, Avg: 2.6, Max: 9.0, Diff: 9.0, Sum: 10.2]
         [Termination Attempts: Min: 1, Avg: 1.0, Max: 1, Diff: 0, Sum: 4]
      [GC Worker Other (ms): Min: 0.0, Avg: 0.0, Max: 0.0, Diff: 0.0, Sum: 0.0]
      [GC Worker Total (ms): Min: 8.2, Avg: 10.3, Max: 16.6, Diff: 8.5, Sum: 41.2]
      [GC Worker End (ms): Min: 1187323.4, Avg: 1187325.5, Max: 1187331.9, Diff: 8.4]
   [Code Root Fixup: 0.1 ms]
   [Code Root Purge: 0.0 ms]
   [Clear CT: 0.1 ms]
   [Other: 0.3 ms]
      [Choose CSet: 0.0 ms]
      [Ref Proc: 0.1 ms]
      [Ref Enq: 0.0 ms]
      [Redirty Cards: 0.1 ms]
      [Humongous Register: 0.0 ms]
      [Humongous Reclaim: 0.0 ms]
      [Free CSet: 0.0 ms]
   [Eden: 77.0M(77.0M)->0.0B(77.0M) Survivors: 2048.0K->2048.0K Heap: 226.1M(256.0M)->149.5M(256.0M)]
 [Times: user=0.02 sys=0.00, real=0.01 secs] 
2020-04-13T16:03:26.206+0800: 1189.160: [GC pause (G1 Evacuation Pause) (young), 0.0173345 secs]
   [Parallel Time: 6.2 ms, GC Workers: 4]
      [GC Worker Start (ms): Min: 1189159.8, Avg: 1189159.8, Max: 1189159.9, Diff: 0.0]
      [Ext Root Scanning (ms): Min: 0.6, Avg: 1.1, Max: 2.5, Diff: 2.0, Sum: 4.5]
      [Update RS (ms): Min: 0.0, Avg: 1.5, Max: 2.3, Diff: 2.3, Sum: 6.2]
         [Processed Buffers: Min: 1, Avg: 8.5, Max: 13, Diff: 12, Sum: 34]
      [Scan RS (ms): Min: 1.0, Avg: 1.3, Max: 1.6, Diff: 0.6, Sum: 5.4]
      [Code Root Scanning (ms): Min: 0.0, Avg: 0.1, Max: 0.3, Diff: 0.3, Sum: 0.3]
      [Object Copy (ms): Min: 2.0, Avg: 2.0, Max: 2.0, Diff: 0.0, Sum: 7.9]
      [Termination (ms): Min: 0.0, Avg: 0.0, Max: 0.0, Diff: 0.0, Sum: 0.0]
         [Termination Attempts: Min: 1, Avg: 1.0, Max: 1, Diff: 0, Sum: 4]
      [GC Worker Other (ms): Min: 0.0, Avg: 0.0, Max: 0.0, Diff: 0.0, Sum: 0.0]
      [GC Worker Total (ms): Min: 6.0, Avg: 6.1, Max: 6.1, Diff: 0.0, Sum: 24.2]
      [GC Worker End (ms): Min: 1189165.9, Avg: 1189165.9, Max: 1189165.9, Diff: 0.0]
   [Code Root Fixup: 0.1 ms]
   [Code Root Purge: 0.0 ms]
   [Clear CT: 0.1 ms]
   [Other: 11.0 ms]
      [Choose CSet: 0.0 ms]
      [Ref Proc: 10.7 ms]
      [Ref Enq: 0.0 ms]
      [Redirty Cards: 0.1 ms]
      [Humongous Register: 0.0 ms]
      [Humongous Reclaim: 0.0 ms]
      [Free CSet: 0.0 ms]
   [Eden: 77.0M(77.0M)->0.0B(75.0M) Survivors: 2048.0K->3072.0K Heap: 226.5M(256.0M)->150.4M(256.0M)]
 [Times: user=0.02 sys=0.00, real=0.02 secs] 
2020-04-13T16:03:27.640+0800: 1190.594: [GC pause (G1 Evacuation Pause) (young) (initial-mark), 0.0067384 secs]
   [Parallel Time: 5.9 ms, GC Workers: 4]
      [GC Worker Start (ms): Min: 1190594.0, Avg: 1190594.1, Max: 1190594.7, Diff: 0.7]
      [Ext Root Scanning (ms): Min: 0.0, Avg: 1.0, Max: 2.3, Diff: 2.3, Sum: 4.1]
      [Update RS (ms): Min: 0.6, Avg: 1.5, Max: 2.2, Diff: 1.6, Sum: 6.1]
         [Processed Buffers: Min: 2, Avg: 8.2, Max: 15, Diff: 13, Sum: 33]
      [Scan RS (ms): Min: 1.0, Avg: 1.2, Max: 1.4, Diff: 0.4, Sum: 4.8]
      [Code Root Scanning (ms): Min: 0.0, Avg: 0.0, Max: 0.0, Diff: 0.0, Sum: 0.0]
      [Object Copy (ms): Min: 1.8, Avg: 1.9, Max: 1.9, Diff: 0.2, Sum: 7.5]
      [Termination (ms): Min: 0.0, Avg: 0.0, Max: 0.0, Diff: 0.0, Sum: 0.0]
         [Termination Attempts: Min: 1, Avg: 1.0, Max: 1, Diff: 0, Sum: 4]
      [GC Worker Other (ms): Min: 0.0, Avg: 0.0, Max: 0.0, Diff: 0.0, Sum: 0.0]
      [GC Worker Total (ms): Min: 5.1, Avg: 5.6, Max: 5.8, Diff: 0.7, Sum: 22.5]
      [GC Worker End (ms): Min: 1190599.8, Avg: 1190599.8, Max: 1190599.8, Diff: 0.0]
   [Code Root Fixup: 0.0 ms]
   [Code Root Purge: 0.0 ms]
   [Clear CT: 0.5 ms]
   [Other: 0.4 ms]
      [Choose CSet: 0.0 ms]
      [Ref Proc: 0.1 ms]
      [Ref Enq: 0.0 ms]
      [Redirty Cards: 0.1 ms]
      [Humongous Register: 0.0 ms]
      [Humongous Reclaim: 0.0 ms]
      [Free CSet: 0.0 ms]
   [Eden: 75.0M(75.0M)->0.0B(77.0M) Survivors: 3072.0K->2048.0K Heap: 225.4M(256.0M)->149.3M(256.0M)]
 [Times: user=0.02 sys=0.00, real=0.00 secs] 
2020-04-13T16:03:27.647+0800: 1190.601: [GC concurrent-root-region-scan-start]
2020-04-13T16:03:27.652+0800: 1190.605: [GC concurrent-root-region-scan-end, 0.0046419 secs]
2020-04-13T16:03:27.652+0800: 1190.605: [GC concurrent-mark-start]
2020-04-13T16:03:27.679+0800: 1190.632: [GC concurrent-mark-end, 0.0269735 secs]
2020-04-13T16:03:27.679+0800: 1190.633: [GC remark 2020-04-13T16:03:27.679+0800: 1190.633: [Finalize Marking, 0.0001751 secs] 2020-04-13T16:03:27.679+0800: 1190.633: [GC ref-proc, 0.0001632 secs] 2020-04-13T16:03:27.679+0800: 1190.633: [Unloading, 0.0040299 secs], 0.0056762 secs]
 [Times: user=0.01 sys=0.00, real=0.01 secs] 
2020-04-13T16:03:27.685+0800: 1190.639: [GC cleanup 150M->150M(256M), 0.0003278 secs]
 [Times: user=0.00 sys=0.00, real=0.00 secs] 
2020-04-13T16:03:29.519+0800: 1192.473: [GC pause (G1 Evacuation Pause) (young), 0.0097166 secs]
   [Parallel Time: 6.4 ms, GC Workers: 4]
      [GC Worker Start (ms): Min: 1192472.8, Avg: 1192473.1, Max: 1192473.8, Diff: 1.0]
      [Ext Root Scanning (ms): Min: 0.0, Avg: 0.4, Max: 0.6, Diff: 0.6, Sum: 1.7]
      [Update RS (ms): Min: 2.1, Avg: 2.2, Max: 2.4, Diff: 0.3, Sum: 8.9]
         [Processed Buffers: Min: 3, Avg: 10.2, Max: 26, Diff: 23, Sum: 41]
      [Scan RS (ms): Min: 1.3, Avg: 1.5, Max: 1.7, Diff: 0.3, Sum: 6.0]
      [Code Root Scanning (ms): Min: 0.0, Avg: 0.0, Max: 0.0, Diff: 0.0, Sum: 0.0]
      [Object Copy (ms): Min: 1.8, Avg: 1.9, Max: 2.0, Diff: 0.2, Sum: 7.5]
      [Termination (ms): Min: 0.0, Avg: 0.0, Max: 0.0, Diff: 0.0, Sum: 0.0]
         [Termination Attempts: Min: 1, Avg: 1.0, Max: 1, Diff: 0, Sum: 4]
      [GC Worker Other (ms): Min: 0.0, Avg: 0.0, Max: 0.0, Diff: 0.0, Sum: 0.0]
      [GC Worker Total (ms): Min: 5.3, Avg: 6.0, Max: 6.3, Diff: 1.0, Sum: 24.2]
      [GC Worker End (ms): Min: 1192479.1, Avg: 1192479.1, Max: 1192479.1, Diff: 0.0]
   [Code Root Fixup: 0.1 ms]
   [Code Root Purge: 0.0 ms]
   [Clear CT: 0.0 ms]
   [Other: 3.2 ms]
      [Choose CSet: 0.0 ms]
      [Ref Proc: 2.8 ms]
      [Ref Enq: 0.0 ms]
      [Redirty Cards: 0.3 ms]
      [Humongous Register: 0.0 ms]
      [Humongous Reclaim: 0.0 ms]
      [Free CSet: 0.0 ms]
   [Eden: 77.0M(77.0M)->0.0B(76.0M) Survivors: 2048.0K->2048.0K Heap: 226.3M(256.0M)->149.8M(256.0M)]
 [Times: user=0.02 sys=0.00, real=0.01 secs] 
2020-04-13T16:03:30.924+0800: 1193.878: [GC pause (G1 Evacuation Pause) (young), 0.0055360 secs]
   [Parallel Time: 5.0 ms, GC Workers: 4]
      [GC Worker Start (ms): Min: 1193877.9, Avg: 1193877.9, Max: 1193877.9, Diff: 0.0]
      [Ext Root Scanning (ms): Min: 0.3, Avg: 0.4, Max: 0.5, Diff: 0.2, Sum: 1.5]
      [Update RS (ms): Min: 1.3, Avg: 1.4, Max: 1.6, Diff: 0.3, Sum: 5.6]
         [Processed Buffers: Min: 4, Avg: 8.2, Max: 13, Diff: 9, Sum: 33]
      [Scan RS (ms): Min: 1.3, Avg: 1.6, Max: 1.9, Diff: 0.6, Sum: 6.4]
      [Code Root Scanning (ms): Min: 0.0, Avg: 0.0, Max: 0.0, Diff: 0.0, Sum: 0.0]
      [Object Copy (ms): Min: 1.2, Avg: 1.6, Max: 1.8, Diff: 0.6, Sum: 6.4]
      [Termination (ms): Min: 0.0, Avg: 0.0, Max: 0.0, Diff: 0.0, Sum: 0.0]
         [Termination Attempts: Min: 1, Avg: 1.0, Max: 1, Diff: 0, Sum: 4]
      [GC Worker Other (ms): Min: 0.0, Avg: 0.0, Max: 0.0, Diff: 0.0, Sum: 0.0]
      [GC Worker Total (ms): Min: 5.0, Avg: 5.0, Max: 5.0, Diff: 0.0, Sum: 20.0]
      [GC Worker End (ms): Min: 1193882.9, Avg: 1193882.9, Max: 1193882.9, Diff: 0.0]
   [Code Root Fixup: 0.1 ms]
   [Code Root Purge: 0.0 ms]
   [Clear CT: 0.1 ms]
   [Other: 0.4 ms]
      [Choose CSet: 0.0 ms]
      [Ref Proc: 0.1 ms]
      [Ref Enq: 0.0 ms]
      [Redirty Cards: 0.1 ms]
      [Humongous Register: 0.0 ms]
      [Humongous Reclaim: 0.0 ms]
      [Free CSet: 0.0 ms]
   [Eden: 76.0M(76.0M)->0.0B(76.0M) Survivors: 2048.0K->2048.0K Heap: 225.8M(256.0M)->149.7M(256.0M)]
 [Times: user=0.02 sys=0.00, real=0.01 secs] 
2020-04-13T16:03:32.523+0800: 1195.477: [GC pause (G1 Evacuation Pause) (young) (initial-mark), 0.0064356 secs]
   [Parallel Time: 5.8 ms, GC Workers: 4]
      [GC Worker Start (ms): Min: 1195476.9, Avg: 1195476.9, Max: 1195476.9, Diff: 0.0]
      [Ext Root Scanning (ms): Min: 0.5, Avg: 0.6, Max: 0.6, Diff: 0.0, Sum: 2.2]
      [Update RS (ms): Min: 1.4, Avg: 1.9, Max: 3.0, Diff: 1.6, Sum: 7.6]
         [Processed Buffers: Min: 3, Avg: 7.8, Max: 14, Diff: 11, Sum: 31]
      [Scan RS (ms): Min: 0.1, Avg: 1.4, Max: 2.5, Diff: 2.4, Sum: 5.8]
      [Code Root Scanning (ms): Min: 0.0, Avg: 0.0, Max: 0.0, Diff: 0.0, Sum: 0.0]
      [Object Copy (ms): Min: 1.1, Avg: 1.9, Max: 2.1, Diff: 1.0, Sum: 7.4]
      [Termination (ms): Min: 0.0, Avg: 0.0, Max: 0.0, Diff: 0.0, Sum: 0.0]
         [Termination Attempts: Min: 1, Avg: 2.5, Max: 6, Diff: 5, Sum: 10]
      [GC Worker Other (ms): Min: 0.0, Avg: 0.0, Max: 0.0, Diff: 0.0, Sum: 0.1]
      [GC Worker Total (ms): Min: 5.8, Avg: 5.8, Max: 5.8, Diff: 0.0, Sum: 23.1]
      [GC Worker End (ms): Min: 1195482.6, Avg: 1195482.6, Max: 1195482.6, Diff: 0.0]
   [Code Root Fixup: 0.1 ms]
   [Code Root Purge: 0.0 ms]
   [Clear CT: 0.1 ms]
   [Other: 0.5 ms]
      [Choose CSet: 0.0 ms]
      [Ref Proc: 0.3 ms]
      [Ref Enq: 0.0 ms]
      [Redirty Cards: 0.1 ms]
      [Humongous Register: 0.0 ms]
      [Humongous Reclaim: 0.0 ms]
      [Free CSet: 0.0 ms]
   [Eden: 76.0M(76.0M)->0.0B(76.0M) Survivors: 2048.0K->2048.0K Heap: 225.7M(256.0M)->150.0M(256.0M)]
 [Times: user=0.02 sys=0.00, real=0.01 secs] 
2020-04-13T16:03:32.530+0800: 1195.483: [GC concurrent-root-region-scan-start]
2020-04-13T16:03:32.533+0800: 1195.486: [GC concurrent-root-region-scan-end, 0.0030650 secs]
2020-04-13T16:03:32.533+0800: 1195.486: [GC concurrent-mark-start]
2020-04-13T16:03:32.554+0800: 1195.508: [GC concurrent-mark-end, 0.0217388 secs]
2020-04-13T16:03:32.555+0800: 1195.508: [GC remark 2020-04-13T16:03:32.555+0800: 1195.508: [Finalize Marking, 0.0001428 secs] 2020-04-13T16:03:32.555+0800: 1195.509: [GC ref-proc, 0.0000605 secs] 2020-04-13T16:03:32.555+0800: 1195.509: [Unloading, 0.0038283 secs], 0.0052953 secs]
 [Times: user=0.02 sys=0.00, real=0.01 secs] 
2020-04-13T16:03:32.560+0800: 1195.514: [GC cleanup 151M->151M(256M), 0.0003421 secs]
 [Times: user=0.00 sys=0.00, real=0.00 secs] 
2020-04-13T16:03:33.996+0800: 1196.950: [GC pause (G1 Evacuation Pause) (young), 0.0056995 secs]
   [Parallel Time: 5.2 ms, GC Workers: 4]
      [GC Worker Start (ms): Min: 1196950.0, Avg: 1196950.0, Max: 1196950.0, Diff: 0.0]
      [Ext Root Scanning (ms): Min: 0.3, Avg: 0.4, Max: 0.5, Diff: 0.2, Sum: 1.6]
      [Update RS (ms): Min: 1.3, Avg: 1.5, Max: 1.7, Diff: 0.4, Sum: 6.1]
         [Processed Buffers: Min: 5, Avg: 8.2, Max: 16, Diff: 11, Sum: 33]
      [Scan RS (ms): Min: 0.6, Avg: 1.4, Max: 3.2, Diff: 2.6, Sum: 5.5]
      [Code Root Scanning (ms): Min: 0.0, Avg: 0.0, Max: 0.0, Diff: 0.0, Sum: 0.0]
      [Object Copy (ms): Min: 0.1, Avg: 1.8, Max: 2.4, Diff: 2.3, Sum: 7.2]
      [Termination (ms): Min: 0.0, Avg: 0.0, Max: 0.0, Diff: 0.0, Sum: 0.0]
         [Termination Attempts: Min: 1, Avg: 1.2, Max: 2, Diff: 1, Sum: 5]
      [GC Worker Other (ms): Min: 0.0, Avg: 0.0, Max: 0.0, Diff: 0.0, Sum: 0.1]
      [GC Worker Total (ms): Min: 5.1, Avg: 5.1, Max: 5.1, Diff: 0.0, Sum: 20.4]
      [GC Worker End (ms): Min: 1196955.1, Avg: 1196955.1, Max: 1196955.1, Diff: 0.0]
   [Code Root Fixup: 0.0 ms]
   [Code Root Purge: 0.0 ms]
   [Clear CT: 0.0 ms]
   [Other: 0.4 ms]
      [Choose CSet: 0.0 ms]
      [Ref Proc: 0.2 ms]
      [Ref Enq: 0.0 ms]
      [Redirty Cards: 0.1 ms]
      [Humongous Register: 0.0 ms]
      [Humongous Reclaim: 0.0 ms]
      [Free CSet: 0.0 ms]
   [Eden: 76.0M(76.0M)->0.0B(10.0M) Survivors: 2048.0K->2048.0K Heap: 226.0M(256.0M)->150.1M(256.0M)]
 [Times: user=0.02 sys=0.01, real=0.01 secs] 
2020-04-13T16:03:34.220+0800: 1197.174: [GC pause (G1 Evacuation Pause) (mixed), 0.0056899 secs]
   [Parallel Time: 4.9 ms, GC Workers: 4]
      [GC Worker Start (ms): Min: 1197174.2, Avg: 1197174.2, Max: 1197174.2, Diff: 0.1]
      [Ext Root Scanning (ms): Min: 0.3, Avg: 0.4, Max: 0.5, Diff: 0.2, Sum: 1.5]
      [Update RS (ms): Min: 1.4, Avg: 1.5, Max: 1.5, Diff: 0.1, Sum: 5.8]
         [Processed Buffers: Min: 5, Avg: 7.0, Max: 10, Diff: 5, Sum: 28]
      [Scan RS (ms): Min: 1.4, Avg: 1.4, Max: 1.5, Diff: 0.1, Sum: 5.7]
      [Code Root Scanning (ms): Min: 0.0, Avg: 0.0, Max: 0.0, Diff: 0.0, Sum: 0.0]
      [Object Copy (ms): Min: 1.6, Avg: 1.6, Max: 1.7, Diff: 0.1, Sum: 6.5]
      [Termination (ms): Min: 0.0, Avg: 0.0, Max: 0.0, Diff: 0.0, Sum: 0.0]
         [Termination Attempts: Min: 1, Avg: 1.0, Max: 1, Diff: 0, Sum: 4]
      [GC Worker Other (ms): Min: 0.0, Avg: 0.0, Max: 0.0, Diff: 0.0, Sum: 0.0]
      [GC Worker Total (ms): Min: 4.8, Avg: 4.9, Max: 4.9, Diff: 0.1, Sum: 19.5]
      [GC Worker End (ms): Min: 1197179.1, Avg: 1197179.1, Max: 1197179.1, Diff: 0.0]
   [Code Root Fixup: 0.0 ms]
   [Code Root Purge: 0.0 ms]
   [Clear CT: 0.1 ms]
   [Other: 0.7 ms]
      [Choose CSet: 0.0 ms]
      [Ref Proc: 0.4 ms]
      [Ref Enq: 0.0 ms]
      [Redirty Cards: 0.0 ms]
      [Humongous Register: 0.0 ms]
      [Humongous Reclaim: 0.0 ms]
      [Free CSet: 0.0 ms]
   [Eden: 10.0M(10.0M)->0.0B(77.0M) Survivors: 2048.0K->2048.0K Heap: 160.1M(256.0M)->148.7M(256.0M)]
 [Times: user=0.02 sys=0.00, real=0.00 secs] 
2020-04-13T16:03:35.794+0800: 1198.747: [GC pause (G1 Evacuation Pause) (young), 0.0056384 secs]
   [Parallel Time: 5.1 ms, GC Workers: 4]
      [GC Worker Start (ms): Min: 1198747.4, Avg: 1198747.4, Max: 1198747.4, Diff: 0.0]
      [Ext Root Scanning (ms): Min: 0.4, Avg: 0.4, Max: 0.6, Diff: 0.2, Sum: 1.8]
      [Update RS (ms): Min: 2.2, Avg: 2.2, Max: 2.3, Diff: 0.2, Sum: 9.0]
         [Processed Buffers: Min: 4, Avg: 9.5, Max: 13, Diff: 9, Sum: 38]
      [Scan RS (ms): Min: 0.6, Avg: 0.7, Max: 0.8, Diff: 0.3, Sum: 2.6]
      [Code Root Scanning (ms): Min: 0.0, Avg: 0.0, Max: 0.0, Diff: 0.0, Sum: 0.0]
      [Object Copy (ms): Min: 1.6, Avg: 1.6, Max: 1.6, Diff: 0.1, Sum: 6.5]
      [Termination (ms): Min: 0.0, Avg: 0.0, Max: 0.0, Diff: 0.0, Sum: 0.0]
         [Termination Attempts: Min: 1, Avg: 1.0, Max: 1, Diff: 0, Sum: 4]
      [GC Worker Other (ms): Min: 0.0, Avg: 0.0, Max: 0.0, Diff: 0.0, Sum: 0.1]
      [GC Worker Total (ms): Min: 5.0, Avg: 5.0, Max: 5.0, Diff: 0.0, Sum: 19.9]
      [GC Worker End (ms): Min: 1198752.4, Avg: 1198752.4, Max: 1198752.4, Diff: 0.0]
   [Code Root Fixup: 0.0 ms]
   [Code Root Purge: 0.0 ms]
   [Clear CT: 0.1 ms]
   [Other: 0.4 ms]
      [Choose CSet: 0.0 ms]
      [Ref Proc: 0.2 ms]
      [Ref Enq: 0.0 ms]
      [Redirty Cards: 0.1 ms]
      [Humongous Register: 0.0 ms]
      [Humongous Reclaim: 0.0 ms]
      [Free CSet: 0.0 ms]
   [Eden: 77.0M(77.0M)->0.0B(77.0M) Survivors: 2048.0K->2048.0K Heap: 225.7M(256.0M)->149.4M(256.0M)]
 [Times: user=0.02 sys=0.00, real=0.00 secs] 
2020-04-13T16:03:37.155+0800: 1200.109: [GC pause (G1 Evacuation Pause) (young) (initial-mark), 0.0061819 secs]
   [Parallel Time: 5.3 ms, GC Workers: 4]
      [GC Worker Start (ms): Min: 1200108.7, Avg: 1200108.7, Max: 1200108.7, Diff: 0.0]
      [Ext Root Scanning (ms): Min: 0.7, Avg: 0.8, Max: 0.9, Diff: 0.2, Sum: 3.1]
      [Update RS (ms): Min: 1.9, Avg: 2.1, Max: 2.6, Diff: 0.7, Sum: 8.5]
         [Processed Buffers: Min: 3, Avg: 8.2, Max: 13, Diff: 10, Sum: 33]
      [Scan RS (ms): Min: 0.3, Avg: 0.7, Max: 0.9, Diff: 0.6, Sum: 2.7]
      [Code Root Scanning (ms): Min: 0.0, Avg: 0.0, Max: 0.0, Diff: 0.0, Sum: 0.0]
      [Object Copy (ms): Min: 1.5, Avg: 1.6, Max: 1.7, Diff: 0.1, Sum: 6.4]
      [Termination (ms): Min: 0.0, Avg: 0.0, Max: 0.0, Diff: 0.0, Sum: 0.0]
         [Termination Attempts: Min: 1, Avg: 1.0, Max: 1, Diff: 0, Sum: 4]
      [GC Worker Other (ms): Min: 0.0, Avg: 0.0, Max: 0.0, Diff: 0.0, Sum: 0.0]
      [GC Worker Total (ms): Min: 5.2, Avg: 5.2, Max: 5.2, Diff: 0.0, Sum: 20.7]
      [GC Worker End (ms): Min: 1200113.9, Avg: 1200113.9, Max: 1200113.9, Diff: 0.0]
   [Code Root Fixup: 0.0 ms]
   [Code Root Purge: 0.0 ms]
   [Clear CT: 0.1 ms]
   [Other: 0.8 ms]
      [Choose CSet: 0.0 ms]
      [Ref Proc: 0.6 ms]
      [Ref Enq: 0.0 ms]
      [Redirty Cards: 0.1 ms]
      [Humongous Register: 0.0 ms]
      [Humongous Reclaim: 0.0 ms]
      [Free CSet: 0.0 ms]
   [Eden: 77.0M(77.0M)->0.0B(77.0M) Survivors: 2048.0K->2048.0K Heap: 226.4M(256.0M)->148.9M(256.0M)]
 [Times: user=0.02 sys=0.01, real=0.01 secs] 
2020-04-13T16:03:37.161+0800: 1200.115: [GC concurrent-root-region-scan-start]
2020-04-13T16:03:37.167+0800: 1200.120: [GC concurrent-root-region-scan-end, 0.0055224 secs]
2020-04-13T16:03:37.167+0800: 1200.120: [GC concurrent-mark-start]
2020-04-13T16:03:37.195+0800: 1200.149: [GC concurrent-mark-end, 0.0285383 secs]
2020-04-13T16:03:37.196+0800: 1200.149: [GC remark 2020-04-13T16:03:37.196+0800: 1200.149: [Finalize Marking, 0.0004385 secs] 2020-04-13T16:03:37.196+0800: 1200.150: [GC ref-proc, 0.0000888 secs] 2020-04-13T16:03:37.196+0800: 1200.150: [Unloading, 0.0048428 secs], 0.0067469 secs]
 [Times: user=0.02 sys=0.00, real=0.01 secs] 
2020-04-13T16:03:37.203+0800: 1200.156: [GC cleanup 150M->150M(256M), 0.0003616 secs]
 [Times: user=0.00 sys=0.00, real=0.00 secs] 
2020-04-13T16:03:38.488+0800: 1201.442: [GC pause (G1 Evacuation Pause) (young), 0.0058358 secs]
   [Parallel Time: 5.5 ms, GC Workers: 4]
      [GC Worker Start (ms): Min: 1201442.1, Avg: 1201442.1, Max: 1201442.1, Diff: 0.0]
      [Ext Root Scanning (ms): Min: 0.3, Avg: 0.4, Max: 0.5, Diff: 0.2, Sum: 1.4]
      [Update RS (ms): Min: 1.2, Avg: 1.5, Max: 1.7, Diff: 0.5, Sum: 6.0]
         [Processed Buffers: Min: 4, Avg: 7.8, Max: 10, Diff: 6, Sum: 31]
      [Scan RS (ms): Min: 0.7, Avg: 0.9, Max: 1.1, Diff: 0.3, Sum: 3.7]
      [Code Root Scanning (ms): Min: 0.0, Avg: 0.0, Max: 0.0, Diff: 0.0, Sum: 0.0]
      [Object Copy (ms): Min: 1.9, Avg: 2.1, Max: 2.6, Diff: 0.7, Sum: 8.5]
      [Termination (ms): Min: 0.0, Avg: 0.5, Max: 0.7, Diff: 0.7, Sum: 1.8]
         [Termination Attempts: Min: 1, Avg: 1.0, Max: 1, Diff: 0, Sum: 4]
      [GC Worker Other (ms): Min: 0.0, Avg: 0.0, Max: 0.0, Diff: 0.0, Sum: 0.0]
      [GC Worker Total (ms): Min: 5.3, Avg: 5.4, Max: 5.4, Diff: 0.1, Sum: 21.4]
      [GC Worker End (ms): Min: 1201447.4, Avg: 1201447.4, Max: 1201447.5, Diff: 0.1]
   [Code Root Fixup: 0.0 ms]
   [Code Root Purge: 0.0 ms]
   [Clear CT: 0.0 ms]
   [Other: 0.3 ms]
      [Choose CSet: 0.0 ms]
      [Ref Proc: 0.1 ms]
      [Ref Enq: 0.0 ms]
      [Redirty Cards: 0.1 ms]
      [Humongous Register: 0.0 ms]
      [Humongous Reclaim: 0.0 ms]
      [Free CSet: 0.0 ms]
   [Eden: 77.0M(77.0M)->0.0B(77.0M) Survivors: 2048.0K->2048.0K Heap: 225.9M(256.0M)->149.2M(256.0M)]
 [Times: user=0.02 sys=0.00, real=0.01 secs] 
2020-04-13T16:03:39.880+0800: 1202.833: [GC pause (G1 Evacuation Pause) (young), 0.0055115 secs]
   [Parallel Time: 5.1 ms, GC Workers: 4]
      [GC Worker Start (ms): Min: 1202833.5, Avg: 1202833.5, Max: 1202833.5, Diff: 0.1]
      [Ext Root Scanning (ms): Min: 0.3, Avg: 0.4, Max: 0.5, Diff: 0.2, Sum: 1.5]
      [Update RS (ms): Min: 1.6, Avg: 1.8, Max: 1.8, Diff: 0.2, Sum: 7.0]
         [Processed Buffers: Min: 3, Avg: 10.2, Max: 18, Diff: 15, Sum: 41]
      [Scan RS (ms): Min: 1.0, Avg: 1.1, Max: 1.2, Diff: 0.3, Sum: 4.4]
      [Code Root Scanning (ms): Min: 0.0, Avg: 0.0, Max: 0.0, Diff: 0.0, Sum: 0.0]
      [Object Copy (ms): Min: 1.7, Avg: 1.7, Max: 1.8, Diff: 0.1, Sum: 6.9]
      [Termination (ms): Min: 0.0, Avg: 0.0, Max: 0.0, Diff: 0.0, Sum: 0.0]
         [Termination Attempts: Min: 1, Avg: 1.0, Max: 1, Diff: 0, Sum: 4]
      [GC Worker Other (ms): Min: 0.0, Avg: 0.0, Max: 0.0, Diff: 0.0, Sum: 0.1]
      [GC Worker Total (ms): Min: 5.0, Avg: 5.0, Max: 5.0, Diff: 0.1, Sum: 19.9]
      [GC Worker End (ms): Min: 1202838.5, Avg: 1202838.5, Max: 1202838.5, Diff: 0.0]
   [Code Root Fixup: 0.0 ms]
   [Code Root Purge: 0.0 ms]
   [Clear CT: 0.1 ms]
   [Other: 0.3 ms]
      [Choose CSet: 0.0 ms]
      [Ref Proc: 0.1 ms]
      [Ref Enq: 0.0 ms]
      [Redirty Cards: 0.1 ms]
      [Humongous Register: 0.0 ms]
      [Humongous Reclaim: 0.0 ms]
      [Free CSet: 0.0 ms]
   [Eden: 77.0M(77.0M)->0.0B(77.0M) Survivors: 2048.0K->2048.0K Heap: 226.2M(256.0M)->149.6M(256.0M)]
 [Times: user=0.02 sys=0.00, real=0.00 secs] 
2020-04-13T16:03:41.414+0800: 1204.367: [GC pause (G1 Evacuation Pause) (young) (initial-mark), 0.0062577 secs]
   [Parallel Time: 5.6 ms, GC Workers: 4]
      [GC Worker Start (ms): Min: 1204367.3, Avg: 1204367.3, Max: 1204367.3, Diff: 0.0]
      [Ext Root Scanning (ms): Min: 0.5, Avg: 0.7, Max: 0.9, Diff: 0.3, Sum: 2.7]
      [Update RS (ms): Min: 1.7, Avg: 2.0, Max: 2.2, Diff: 0.5, Sum: 8.1]
         [Processed Buffers: Min: 2, Avg: 8.5, Max: 18, Diff: 16, Sum: 34]
      [Scan RS (ms): Min: 0.8, Avg: 1.0, Max: 1.2, Diff: 0.4, Sum: 3.9]
      [Code Root Scanning (ms): Min: 0.0, Avg: 0.0, Max: 0.0, Diff: 0.0, Sum: 0.0]
      [Object Copy (ms): Min: 1.7, Avg: 1.8, Max: 1.9, Diff: 0.2, Sum: 7.3]
      [Termination (ms): Min: 0.0, Avg: 0.0, Max: 0.0, Diff: 0.0, Sum: 0.0]
         [Termination Attempts: Min: 1, Avg: 1.0, Max: 1, Diff: 0, Sum: 4]
      [GC Worker Other (ms): Min: 0.0, Avg: 0.0, Max: 0.0, Diff: 0.0, Sum: 0.0]
      [GC Worker Total (ms): Min: 5.5, Avg: 5.5, Max: 5.5, Diff: 0.0, Sum: 22.1]
      [GC Worker End (ms): Min: 1204372.8, Avg: 1204372.8, Max: 1204372.8, Diff: 0.0]
   [Code Root Fixup: 0.1 ms]
   [Code Root Purge: 0.0 ms]
   [Clear CT: 0.1 ms]
   [Other: 0.6 ms]
      [Choose CSet: 0.0 ms]
      [Ref Proc: 0.3 ms]
      [Ref Enq: 0.0 ms]
      [Redirty Cards: 0.1 ms]
      [Humongous Register: 0.0 ms]
      [Humongous Reclaim: 0.0 ms]
      [Free CSet: 0.0 ms]
   [Eden: 77.0M(77.0M)->0.0B(76.0M) Survivors: 2048.0K->2048.0K Heap: 226.6M(256.0M)->149.2M(256.0M)]
 [Times: user=0.02 sys=0.00, real=0.01 secs] 
2020-04-13T16:03:41.420+0800: 1204.374: [GC concurrent-root-region-scan-start]
2020-04-13T16:03:41.426+0800: 1204.380: [GC concurrent-root-region-scan-end, 0.0063119 secs]
2020-04-13T16:03:41.426+0800: 1204.380: [GC concurrent-mark-start]
2020-04-13T16:03:41.448+0800: 1204.402: [GC concurrent-mark-end, 0.0216708 secs]
2020-04-13T16:03:41.448+0800: 1204.402: [GC remark 2020-04-13T16:03:41.448+0800: 1204.402: [Finalize Marking, 0.0001359 secs] 2020-04-13T16:03:41.449+0800: 1204.402: [GC ref-proc, 0.0000718 secs] 2020-04-13T16:03:41.449+0800: 1204.402: [Unloading, 0.0036829 secs], 0.0055812 secs]
 [Times: user=0.01 sys=0.00, real=0.01 secs] 
2020-04-13T16:03:41.454+0800: 1204.408: [GC cleanup 150M->150M(256M), 0.0026802 secs]
 [Times: user=0.00 sys=0.00, real=0.00 secs] 
2020-04-13T16:03:42.755+0800: 1205.708: [GC pause (G1 Evacuation Pause) (young), 0.0086586 secs]
   [Parallel Time: 7.7 ms, GC Workers: 4]
      [GC Worker Start (ms): Min: 1205708.4, Avg: 1205708.6, Max: 1205708.9, Diff: 0.6]
      [Ext Root Scanning (ms): Min: 0.1, Avg: 1.3, Max: 2.8, Diff: 2.7, Sum: 5.0]
      [Update RS (ms): Min: 0.3, Avg: 1.7, Max: 2.8, Diff: 2.5, Sum: 6.8]
         [Processed Buffers: Min: 5, Avg: 8.5, Max: 15, Diff: 10, Sum: 34]
      [Scan RS (ms): Min: 2.0, Avg: 2.4, Max: 3.6, Diff: 1.6, Sum: 9.7]
      [Code Root Scanning (ms): Min: 0.0, Avg: 0.0, Max: 0.0, Diff: 0.0, Sum: 0.0]
      [Object Copy (ms): Min: 0.6, Avg: 1.9, Max: 3.0, Diff: 2.4, Sum: 7.5]
      [Termination (ms): Min: 0.0, Avg: 0.0, Max: 0.0, Diff: 0.0, Sum: 0.0]
         [Termination Attempts: Min: 1, Avg: 1.0, Max: 1, Diff: 0, Sum: 4]
      [GC Worker Other (ms): Min: 0.0, Avg: 0.0, Max: 0.0, Diff: 0.0, Sum: 0.1]
      [GC Worker Total (ms): Min: 6.9, Avg: 7.3, Max: 7.5, Diff: 0.6, Sum: 29.2]
      [GC Worker End (ms): Min: 1205715.8, Avg: 1205715.8, Max: 1205715.9, Diff: 0.0]
   [Code Root Fixup: 0.1 ms]
   [Code Root Purge: 0.0 ms]
   [Clear CT: 0.0 ms]
   [Other: 0.9 ms]
      [Choose CSet: 0.0 ms]
      [Ref Proc: 0.6 ms]
      [Ref Enq: 0.0 ms]
      [Redirty Cards: 0.1 ms]
      [Humongous Register: 0.0 ms]
      [Humongous Reclaim: 0.0 ms]
      [Free CSet: 0.0 ms]
   [Eden: 76.0M(76.0M)->0.0B(10.0M) Survivors: 2048.0K->2048.0K Heap: 225.2M(256.0M)->149.5M(256.0M)]
 [Times: user=0.02 sys=0.00, real=0.01 secs] 
2020-04-13T16:03:42.926+0800: 1205.879: [GC pause (G1 Evacuation Pause) (mixed), 0.0067178 secs]
   [Parallel Time: 5.7 ms, GC Workers: 4]
      [GC Worker Start (ms): Min: 1205879.3, Avg: 1205879.3, Max: 1205879.3, Diff: 0.0]
      [Ext Root Scanning (ms): Min: 0.3, Avg: 0.4, Max: 0.5, Diff: 0.1, Sum: 1.5]
      [Update RS (ms): Min: 2.0, Avg: 2.3, Max: 2.6, Diff: 0.7, Sum: 9.2]
         [Processed Buffers: Min: 3, Avg: 5.8, Max: 13, Diff: 10, Sum: 23]
      [Scan RS (ms): Min: 1.1, Avg: 1.3, Max: 1.6, Diff: 0.5, Sum: 5.3]
      [Code Root Scanning (ms): Min: 0.0, Avg: 0.0, Max: 0.0, Diff: 0.0, Sum: 0.0]
      [Object Copy (ms): Min: 1.5, Avg: 1.6, Max: 1.6, Diff: 0.1, Sum: 6.2]
      [Termination (ms): Min: 0.0, Avg: 0.0, Max: 0.0, Diff: 0.0, Sum: 0.0]
         [Termination Attempts: Min: 1, Avg: 1.0, Max: 1, Diff: 0, Sum: 4]
      [GC Worker Other (ms): Min: 0.0, Avg: 0.0, Max: 0.1, Diff: 0.1, Sum: 0.1]
      [GC Worker Total (ms): Min: 5.6, Avg: 5.6, Max: 5.6, Diff: 0.1, Sum: 22.4]
      [GC Worker End (ms): Min: 1205884.9, Avg: 1205884.9, Max: 1205884.9, Diff: 0.1]
   [Code Root Fixup: 0.1 ms]
   [Code Root Purge: 0.0 ms]
   [Clear CT: 0.1 ms]
   [Other: 0.9 ms]
      [Choose CSet: 0.0 ms]
      [Ref Proc: 0.7 ms]
      [Ref Enq: 0.0 ms]
      [Redirty Cards: 0.1 ms]
      [Humongous Register: 0.0 ms]
      [Humongous Reclaim: 0.0 ms]
      [Free CSet: 0.0 ms]
   [Eden: 10.0M(10.0M)->0.0B(79.0M) Survivors: 2048.0K->1024.0K Heap: 159.5M(256.0M)->148.0M(256.0M)]
 [Times: user=0.02 sys=0.00, real=0.01 secs] 
2020-04-13T16:03:44.433+0800: 1207.387: [GC pause (G1 Evacuation Pause) (young), 0.0066411 secs]
   [Parallel Time: 6.1 ms, GC Workers: 4]
      [GC Worker Start (ms): Min: 1207386.8, Avg: 1207386.8, Max: 1207386.8, Diff: 0.0]
      [Ext Root Scanning (ms): Min: 0.3, Avg: 0.4, Max: 0.5, Diff: 0.2, Sum: 1.5]
      [Update RS (ms): Min: 1.3, Avg: 1.4, Max: 1.5, Diff: 0.3, Sum: 5.5]
         [Processed Buffers: Min: 4, Avg: 8.2, Max: 17, Diff: 13, Sum: 33]
      [Scan RS (ms): Min: 1.5, Avg: 2.2, Max: 3.9, Diff: 2.4, Sum: 8.7]
      [Code Root Scanning (ms): Min: 0.0, Avg: 0.0, Max: 0.0, Diff: 0.0, Sum: 0.0]
      [Object Copy (ms): Min: 0.0, Avg: 1.5, Max: 2.1, Diff: 2.0, Sum: 6.0]
      [Termination (ms): Min: 0.0, Avg: 0.5, Max: 0.8, Diff: 0.8, Sum: 2.0]
         [Termination Attempts: Min: 1, Avg: 2.0, Max: 4, Diff: 3, Sum: 8]
      [GC Worker Other (ms): Min: 0.0, Avg: 0.0, Max: 0.0, Diff: 0.0, Sum: 0.0]
      [GC Worker Total (ms): Min: 5.8, Avg: 5.9, Max: 6.1, Diff: 0.3, Sum: 23.6]
      [GC Worker End (ms): Min: 1207392.6, Avg: 1207392.7, Max: 1207392.9, Diff: 0.2]
   [Code Root Fixup: 0.0 ms]
   [Code Root Purge: 0.0 ms]
   [Clear CT: 0.0 ms]
   [Other: 0.4 ms]
      [Choose CSet: 0.0 ms]
      [Ref Proc: 0.2 ms]
      [Ref Enq: 0.0 ms]
      [Redirty Cards: 0.0 ms]
      [Humongous Register: 0.0 ms]
      [Humongous Reclaim: 0.0 ms]
      [Free CSet: 0.0 ms]
   [Eden: 79.0M(79.0M)->0.0B(77.0M) Survivors: 1024.0K->2048.0K Heap: 227.0M(256.0M)->148.7M(256.0M)]
 [Times: user=0.02 sys=0.01, real=0.01 secs] 
2020-04-13T16:03:45.833+0800: 1208.786: [GC pause (G1 Evacuation Pause) (young) (initial-mark), 0.0061378 secs]
   [Parallel Time: 5.7 ms, GC Workers: 4]
      [GC Worker Start (ms): Min: 1208786.5, Avg: 1208786.7, Max: 1208787.2, Diff: 0.6]
      [Ext Root Scanning (ms): Min: 0.0, Avg: 0.9, Max: 2.2, Diff: 2.2, Sum: 3.5]
      [Update RS (ms): Min: 0.5, Avg: 1.9, Max: 2.9, Diff: 2.4, Sum: 7.7]
         [Processed Buffers: Min: 4, Avg: 8.5, Max: 13, Diff: 9, Sum: 34]
      [Scan RS (ms): Min: 0.4, Avg: 1.1, Max: 1.5, Diff: 1.1, Sum: 4.3]
      [Code Root Scanning (ms): Min: 0.0, Avg: 0.0, Max: 0.0, Diff: 0.0, Sum: 0.0]
      [Object Copy (ms): Min: 1.5, Avg: 1.6, Max: 1.6, Diff: 0.2, Sum: 6.2]
      [Termination (ms): Min: 0.0, Avg: 0.0, Max: 0.0, Diff: 0.0, Sum: 0.0]
         [Termination Attempts: Min: 1, Avg: 1.2, Max: 2, Diff: 1, Sum: 5]
      [GC Worker Other (ms): Min: 0.0, Avg: 0.0, Max: 0.0, Diff: 0.0, Sum: 0.1]
      [GC Worker Total (ms): Min: 5.0, Avg: 5.5, Max: 5.6, Diff: 0.6, Sum: 21.8]
      [GC Worker End (ms): Min: 1208792.1, Avg: 1208792.1, Max: 1208792.1, Diff: 0.0]
   [Code Root Fixup: 0.0 ms]
   [Code Root Purge: 0.0 ms]
   [Clear CT: 0.1 ms]
   [Other: 0.4 ms]
      [Choose CSet: 0.0 ms]
      [Ref Proc: 0.1 ms]
      [Ref Enq: 0.0 ms]
      [Redirty Cards: 0.0 ms]
      [Humongous Register: 0.0 ms]
      [Humongous Reclaim: 0.0 ms]
      [Free CSet: 0.0 ms]
   [Eden: 77.0M(77.0M)->0.0B(77.0M) Survivors: 2048.0K->2048.0K Heap: 225.7M(256.0M)->148.6M(256.0M)]
 [Times: user=0.02 sys=0.00, real=0.00 secs] 
2020-04-13T16:03:45.839+0800: 1208.793: [GC concurrent-root-region-scan-start]
2020-04-13T16:03:45.842+0800: 1208.795: [GC concurrent-root-region-scan-end, 0.0027424 secs]
2020-04-13T16:03:45.842+0800: 1208.795: [GC concurrent-mark-start]
2020-04-13T16:03:45.869+0800: 1208.822: [GC concurrent-mark-end, 0.0267233 secs]
2020-04-13T16:03:45.869+0800: 1208.822: [GC remark 2020-04-13T16:03:45.869+0800: 1208.822: [Finalize Marking, 0.0001257 secs] 2020-04-13T16:03:45.869+0800: 1208.822: [GC ref-proc, 0.0000861 secs] 2020-04-13T16:03:45.869+0800: 1208.823: [Unloading, 0.0036266 secs], 0.0056797 secs]
 [Times: user=0.01 sys=0.00, real=0.01 secs] 
2020-04-13T16:03:45.875+0800: 1208.828: [GC cleanup 150M->150M(256M), 0.0003072 secs]
 [Times: user=0.00 sys=0.00, real=0.00 secs] 
2020-04-13T16:03:47.412+0800: 1210.365: [GC pause (G1 Evacuation Pause) (young), 0.0066371 secs]
   [Parallel Time: 5.7 ms, GC Workers: 4]
      [GC Worker Start (ms): Min: 1210365.4, Avg: 1210365.6, Max: 1210365.7, Diff: 0.4]
      [Ext Root Scanning (ms): Min: 0.4, Avg: 0.6, Max: 0.9, Diff: 0.5, Sum: 2.4]
      [Update RS (ms): Min: 1.8, Avg: 2.3, Max: 3.5, Diff: 1.7, Sum: 9.4]
         [Processed Buffers: Min: 1, Avg: 8.2, Max: 14, Diff: 13, Sum: 33]
      [Scan RS (ms): Min: 0.0, Avg: 0.9, Max: 1.3, Diff: 1.3, Sum: 3.6]
      [Code Root Scanning (ms): Min: 0.0, Avg: 0.0, Max: 0.0, Diff: 0.0, Sum: 0.0]
      [Object Copy (ms): Min: 0.9, Avg: 1.5, Max: 1.7, Diff: 0.7, Sum: 5.9]
      [Termination (ms): Min: 0.0, Avg: 0.0, Max: 0.0, Diff: 0.0, Sum: 0.0]
         [Termination Attempts: Min: 1, Avg: 1.0, Max: 1, Diff: 0, Sum: 4]
      [GC Worker Other (ms): Min: 0.0, Avg: 0.0, Max: 0.0, Diff: 0.0, Sum: 0.0]
      [GC Worker Total (ms): Min: 5.2, Avg: 5.3, Max: 5.6, Diff: 0.4, Sum: 21.3]
      [GC Worker End (ms): Min: 1210371.0, Avg: 1210371.0, Max: 1210371.0, Diff: 0.0]
   [Code Root Fixup: 0.0 ms]
   [Code Root Purge: 0.0 ms]
   [Clear CT: 0.1 ms]
   [Other: 0.9 ms]
      [Choose CSet: 0.0 ms]
      [Ref Proc: 0.7 ms]
      [Ref Enq: 0.0 ms]
      [Redirty Cards: 0.0 ms]
      [Humongous Register: 0.0 ms]
      [Humongous Reclaim: 0.0 ms]
      [Free CSet: 0.0 ms]
   [Eden: 77.0M(77.0M)->0.0B(77.0M) Survivors: 2048.0K->2048.0K Heap: 225.6M(256.0M)->148.9M(256.0M)]
 [Times: user=0.02 sys=0.00, real=0.00 secs] 
2020-04-13T16:03:48.769+0800: 1211.722: [GC pause (G1 Evacuation Pause) (young), 0.0069112 secs]
   [Parallel Time: 6.0 ms, GC Workers: 4]
      [GC Worker Start (ms): Min: 1211722.1, Avg: 1211722.2, Max: 1211722.2, Diff: 0.0]
      [Ext Root Scanning (ms): Min: 0.3, Avg: 0.4, Max: 0.5, Diff: 0.2, Sum: 1.5]
      [Update RS (ms): Min: 1.3, Avg: 2.5, Max: 5.4, Diff: 4.1, Sum: 10.0]
         [Processed Buffers: Min: 2, Avg: 9.0, Max: 25, Diff: 23, Sum: 36]
      [Scan RS (ms): Min: 0.0, Avg: 1.1, Max: 1.6, Diff: 1.6, Sum: 4.6]
      [Code Root Scanning (ms): Min: 0.0, Avg: 0.0, Max: 0.0, Diff: 0.0, Sum: 0.0]
      [Object Copy (ms): Min: 0.1, Avg: 1.5, Max: 2.0, Diff: 1.9, Sum: 6.0]
      [Termination (ms): Min: 0.0, Avg: 0.3, Max: 0.5, Diff: 0.5, Sum: 1.3]
         [Termination Attempts: Min: 1, Avg: 1.0, Max: 1, Diff: 0, Sum: 4]
      [GC Worker Other (ms): Min: 0.0, Avg: 0.0, Max: 0.0, Diff: 0.0, Sum: 0.0]
      [GC Worker Total (ms): Min: 5.8, Avg: 5.8, Max: 5.9, Diff: 0.1, Sum: 23.4]
      [GC Worker End (ms): Min: 1211728.0, Avg: 1211728.0, Max: 1211728.1, Diff: 0.1]
   [Code Root Fixup: 0.0 ms]
   [Code Root Purge: 0.0 ms]
   [Clear CT: 0.1 ms]
   [Other: 0.8 ms]
      [Choose CSet: 0.0 ms]
      [Ref Proc: 0.6 ms]
      [Ref Enq: 0.0 ms]
      [Redirty Cards: 0.1 ms]
      [Humongous Register: 0.0 ms]
      [Humongous Reclaim: 0.0 ms]
      [Free CSet: 0.0 ms]
   [Eden: 77.0M(77.0M)->0.0B(77.0M) Survivors: 2048.0K->2048.0K Heap: 225.9M(256.0M)->149.0M(256.0M)]
 [Times: user=0.02 sys=0.00, real=0.01 secs] 
2020-04-13T16:03:50.129+0800: 1213.082: [GC pause (G1 Evacuation Pause) (young) (initial-mark), 0.0064295 secs]
   [Parallel Time: 5.4 ms, GC Workers: 4]
      [GC Worker Start (ms): Min: 1213082.5, Avg: 1213082.5, Max: 1213082.5, Diff: 0.1]
      [Ext Root Scanning (ms): Min: 0.5, Avg: 0.6, Max: 0.6, Diff: 0.1, Sum: 2.2]
      [Update RS (ms): Min: 1.1, Avg: 1.2, Max: 1.3, Diff: 0.2, Sum: 4.8]
         [Processed Buffers: Min: 3, Avg: 9.2, Max: 17, Diff: 14, Sum: 37]
      [Scan RS (ms): Min: 1.3, Avg: 1.3, Max: 1.4, Diff: 0.2, Sum: 5.3]
      [Code Root Scanning (ms): Min: 0.0, Avg: 0.0, Max: 0.0, Diff: 0.0, Sum: 0.0]
      [Object Copy (ms): Min: 1.4, Avg: 1.6, Max: 2.0, Diff: 0.6, Sum: 6.4]
      [Termination (ms): Min: 0.0, Avg: 0.5, Max: 0.7, Diff: 0.7, Sum: 1.9]
         [Termination Attempts: Min: 1, Avg: 1.0, Max: 1, Diff: 0, Sum: 4]
      [GC Worker Other (ms): Min: 0.0, Avg: 0.0, Max: 0.0, Diff: 0.0, Sum: 0.0]
      [GC Worker Total (ms): Min: 5.1, Avg: 5.2, Max: 5.2, Diff: 0.1, Sum: 20.7]
      [GC Worker End (ms): Min: 1213087.6, Avg: 1213087.7, Max: 1213087.8, Diff: 0.1]
   [Code Root Fixup: 0.0 ms]
   [Code Root Purge: 0.0 ms]
   [Clear CT: 0.1 ms]
   [Other: 1.0 ms]
      [Choose CSet: 0.0 ms]
      [Ref Proc: 0.8 ms]
      [Ref Enq: 0.0 ms]
      [Redirty Cards: 0.1 ms]
      [Humongous Register: 0.0 ms]
      [Humongous Reclaim: 0.0 ms]
      [Free CSet: 0.0 ms]
   [Eden: 77.0M(77.0M)->0.0B(77.0M) Survivors: 2048.0K->2048.0K Heap: 226.0M(256.0M)->148.8M(256.0M)]
 [Times: user=0.02 sys=0.00, real=0.01 secs] 
2020-04-13T16:03:50.136+0800: 1213.089: [GC concurrent-root-region-scan-start]
2020-04-13T16:03:50.140+0800: 1213.094: [GC concurrent-root-region-scan-end, 0.0045219 secs]
2020-04-13T16:03:50.140+0800: 1213.094: [GC concurrent-mark-start]
2020-04-13T16:03:50.165+0800: 1213.119: [GC concurrent-mark-end, 0.0247281 secs]
2020-04-13T16:03:50.165+0800: 1213.119: [GC remark 2020-04-13T16:03:50.165+0800: 1213.119: [Finalize Marking, 0.0119742 secs] 2020-04-13T16:03:50.177+0800: 1213.131: [GC ref-proc, 0.0000998 secs] 2020-04-13T16:03:50.177+0800: 1213.131: [Unloading, 0.0041306 secs], 0.0174516 secs]
 [Times: user=0.01 sys=0.00, real=0.02 secs] 
2020-04-13T16:03:50.183+0800: 1213.136: [GC cleanup 150M->150M(256M), 0.0004106 secs]
 [Times: user=0.00 sys=0.00, real=0.00 secs] 
2020-04-13T16:03:51.596+0800: 1214.549: [GC pause (G1 Evacuation Pause) (young), 0.0076984 secs]
   [Parallel Time: 6.4 ms, GC Workers: 4]
      [GC Worker Start (ms): Min: 1214549.2, Avg: 1214549.3, Max: 1214549.3, Diff: 0.0]
      [Ext Root Scanning (ms): Min: 0.4, Avg: 0.6, Max: 1.2, Diff: 0.8, Sum: 2.5]
      [Update RS (ms): Min: 1.3, Avg: 2.8, Max: 5.7, Diff: 4.4, Sum: 11.1]
         [Processed Buffers: Min: 1, Avg: 8.8, Max: 15, Diff: 14, Sum: 35]
      [Scan RS (ms): Min: 0.0, Avg: 1.2, Max: 1.7, Diff: 1.7, Sum: 4.9]
      [Code Root Scanning (ms): Min: 0.0, Avg: 0.0, Max: 0.0, Diff: 0.0, Sum: 0.0]
      [Object Copy (ms): Min: 0.0, Avg: 1.3, Max: 1.8, Diff: 1.8, Sum: 5.2]
      [Termination (ms): Min: 0.0, Avg: 0.3, Max: 0.5, Diff: 0.5, Sum: 1.1]
         [Termination Attempts: Min: 1, Avg: 15.5, Max: 33, Diff: 32, Sum: 62]
      [GC Worker Other (ms): Min: 0.0, Avg: 0.0, Max: 0.0, Diff: 0.0, Sum: 0.0]
      [GC Worker Total (ms): Min: 6.2, Avg: 6.2, Max: 6.3, Diff: 0.1, Sum: 24.9]
      [GC Worker End (ms): Min: 1214555.5, Avg: 1214555.5, Max: 1214555.5, Diff: 0.0]
   [Code Root Fixup: 0.1 ms]
   [Code Root Purge: 0.0 ms]
   [Clear CT: 0.1 ms]
   [Other: 1.2 ms]
      [Choose CSet: 0.0 ms]
      [Ref Proc: 0.9 ms]
      [Ref Enq: 0.0 ms]
      [Redirty Cards: 0.1 ms]
      [Humongous Register: 0.0 ms]
      [Humongous Reclaim: 0.0 ms]
      [Free CSet: 0.0 ms]
   [Eden: 77.0M(77.0M)->0.0B(77.0M) Survivors: 2048.0K->2048.0K Heap: 225.8M(256.0M)->149.1M(256.0M)]
 [Times: user=0.02 sys=0.00, real=0.01 secs] 
2020-04-13T16:03:52.942+0800: 1215.895: [GC pause (G1 Evacuation Pause) (young), 0.0047100 secs]
   [Parallel Time: 4.3 ms, GC Workers: 4]
      [GC Worker Start (ms): Min: 1215895.5, Avg: 1215895.5, Max: 1215895.6, Diff: 0.1]
      [Ext Root Scanning (ms): Min: 0.3, Avg: 0.4, Max: 0.5, Diff: 0.2, Sum: 1.5]
      [Update RS (ms): Min: 1.1, Avg: 1.2, Max: 1.3, Diff: 0.2, Sum: 4.7]
         [Processed Buffers: Min: 3, Avg: 7.5, Max: 20, Diff: 17, Sum: 30]
      [Scan RS (ms): Min: 1.1, Avg: 1.3, Max: 1.4, Diff: 0.2, Sum: 5.0]
      [Code Root Scanning (ms): Min: 0.0, Avg: 0.0, Max: 0.0, Diff: 0.0, Sum: 0.0]
      [Object Copy (ms): Min: 1.3, Avg: 1.4, Max: 1.4, Diff: 0.1, Sum: 5.5]
      [Termination (ms): Min: 0.0, Avg: 0.0, Max: 0.0, Diff: 0.0, Sum: 0.0]
         [Termination Attempts: Min: 1, Avg: 1.0, Max: 1, Diff: 0, Sum: 4]
      [GC Worker Other (ms): Min: 0.0, Avg: 0.0, Max: 0.0, Diff: 0.0, Sum: 0.0]
      [GC Worker Total (ms): Min: 4.2, Avg: 4.2, Max: 4.2, Diff: 0.1, Sum: 16.8]
      [GC Worker End (ms): Min: 1215899.7, Avg: 1215899.7, Max: 1215899.7, Diff: 0.0]
   [Code Root Fixup: 0.0 ms]
   [Code Root Purge: 0.0 ms]
   [Clear CT: 0.0 ms]
   [Other: 0.4 ms]
      [Choose CSet: 0.0 ms]
      [Ref Proc: 0.1 ms]
      [Ref Enq: 0.0 ms]
      [Redirty Cards: 0.1 ms]
      [Humongous Register: 0.0 ms]
      [Humongous Reclaim: 0.0 ms]
      [Free CSet: 0.0 ms]
   [Eden: 77.0M(77.0M)->0.0B(77.0M) Survivors: 2048.0K->2048.0K Heap: 226.1M(256.0M)->149.2M(256.0M)]
 [Times: user=0.02 sys=0.00, real=0.00 secs] 
2020-04-13T16:03:54.243+0800: 1217.196: [GC pause (G1 Evacuation Pause) (young) (initial-mark), 0.0053655 secs]
   [Parallel Time: 4.9 ms, GC Workers: 4]
      [GC Worker Start (ms): Min: 1217196.3, Avg: 1217196.3, Max: 1217196.4, Diff: 0.0]
      [Ext Root Scanning (ms): Min: 0.5, Avg: 0.6, Max: 0.6, Diff: 0.1, Sum: 2.2]
      [Update RS (ms): Min: 1.1, Avg: 1.2, Max: 1.3, Diff: 0.2, Sum: 5.0]
         [Processed Buffers: Min: 3, Avg: 6.2, Max: 12, Diff: 9, Sum: 25]
      [Scan RS (ms): Min: 1.1, Avg: 1.2, Max: 1.4, Diff: 0.3, Sum: 4.9]
      [Code Root Scanning (ms): Min: 0.0, Avg: 0.0, Max: 0.0, Diff: 0.0, Sum: 0.0]
      [Object Copy (ms): Min: 1.7, Avg: 1.8, Max: 1.8, Diff: 0.1, Sum: 7.2]
      [Termination (ms): Min: 0.0, Avg: 0.0, Max: 0.0, Diff: 0.0, Sum: 0.0]
         [Termination Attempts: Min: 1, Avg: 1.0, Max: 1, Diff: 0, Sum: 4]
      [GC Worker Other (ms): Min: 0.0, Avg: 0.0, Max: 0.0, Diff: 0.0, Sum: 0.0]
      [GC Worker Total (ms): Min: 4.8, Avg: 4.8, Max: 4.9, Diff: 0.0, Sum: 19.3]
      [GC Worker End (ms): Min: 1217201.2, Avg: 1217201.2, Max: 1217201.2, Diff: 0.0]
   [Code Root Fixup: 0.0 ms]
   [Code Root Purge: 0.0 ms]
   [Clear CT: 0.1 ms]
   [Other: 0.3 ms]
      [Choose CSet: 0.0 ms]
      [Ref Proc: 0.1 ms]
      [Ref Enq: 0.0 ms]
      [Redirty Cards: 0.1 ms]
      [Humongous Register: 0.0 ms]
      [Humongous Reclaim: 0.0 ms]
      [Free CSet: 0.0 ms]
   [Eden: 77.0M(77.0M)->0.0B(77.0M) Survivors: 2048.0K->2048.0K Heap: 226.2M(256.0M)->149.0M(256.0M)]
 [Times: user=0.02 sys=0.00, real=0.00 secs] 
2020-04-13T16:03:54.248+0800: 1217.202: [GC concurrent-root-region-scan-start]
2020-04-13T16:03:54.252+0800: 1217.205: [GC concurrent-root-region-scan-end, 0.0034870 secs]
2020-04-13T16:03:54.252+0800: 1217.205: [GC concurrent-mark-start]
2020-04-13T16:03:54.277+0800: 1217.231: [GC concurrent-mark-end, 0.0252831 secs]
2020-04-13T16:03:54.277+0800: 1217.231: [GC remark 2020-04-13T16:03:54.277+0800: 1217.231: [Finalize Marking, 0.0001322 secs] 2020-04-13T16:03:54.278+0800: 1217.231: [GC ref-proc, 0.0000880 secs] 2020-04-13T16:03:54.278+0800: 1217.231: [Unloading, 0.0038443 secs], 0.0053975 secs]
 [Times: user=0.01 sys=0.00, real=0.01 secs] 
2020-04-13T16:03:54.283+0800: 1217.236: [GC cleanup 150M->150M(256M), 0.0003213 secs]
 [Times: user=0.01 sys=0.00, real=0.00 secs] 
2020-04-13T16:03:55.560+0800: 1218.513: [GC pause (G1 Evacuation Pause) (young), 0.0100009 secs]
   [Parallel Time: 9.6 ms, GC Workers: 4]
      [GC Worker Start (ms): Min: 1218513.3, Avg: 1218513.3, Max: 1218513.4, Diff: 0.1]
      [Ext Root Scanning (ms): Min: 0.4, Avg: 0.5, Max: 0.6, Diff: 0.2, Sum: 2.1]
      [Update RS (ms): Min: 4.0, Avg: 5.1, Max: 7.9, Diff: 4.0, Sum: 20.4]
         [Processed Buffers: Min: 0, Avg: 8.2, Max: 18, Diff: 18, Sum: 33]
      [Scan RS (ms): Min: 0.0, Avg: 1.0, Max: 1.4, Diff: 1.4, Sum: 3.8]
      [Code Root Scanning (ms): Min: 0.0, Avg: 0.0, Max: 0.0, Diff: 0.0, Sum: 0.0]
      [Object Copy (ms): Min: 0.0, Avg: 1.4, Max: 1.9, Diff: 1.8, Sum: 5.5]
      [Termination (ms): Min: 0.0, Avg: 0.7, Max: 1.7, Diff: 1.7, Sum: 2.9]
         [Termination Attempts: Min: 1, Avg: 2.5, Max: 5, Diff: 4, Sum: 10]
      [GC Worker Other (ms): Min: 0.0, Avg: 0.0, Max: 0.0, Diff: 0.0, Sum: 0.1]
      [GC Worker Total (ms): Min: 8.4, Avg: 8.7, Max: 9.5, Diff: 1.1, Sum: 34.8]
      [GC Worker End (ms): Min: 1218521.8, Avg: 1218522.0, Max: 1218522.9, Diff: 1.1]
   [Code Root Fixup: 0.0 ms]
   [Code Root Purge: 0.0 ms]
   [Clear CT: 0.0 ms]
   [Other: 0.3 ms]
      [Choose CSet: 0.0 ms]
      [Ref Proc: 0.1 ms]
      [Ref Enq: 0.0 ms]
      [Redirty Cards: 0.0 ms]
      [Humongous Register: 0.0 ms]
      [Humongous Reclaim: 0.0 ms]
      [Free CSet: 0.0 ms]
   [Eden: 77.0M(77.0M)->0.0B(77.0M) Survivors: 2048.0K->2048.0K Heap: 226.0M(256.0M)->149.5M(256.0M)]
 [Times: user=0.02 sys=0.00, real=0.01 secs] 
2020-04-13T16:03:57.369+0800: 1220.322: [GC pause (G1 Evacuation Pause) (young), 0.0055322 secs]
   [Parallel Time: 4.8 ms, GC Workers: 4]
      [GC Worker Start (ms): Min: 1220322.2, Avg: 1220322.3, Max: 1220322.3, Diff: 0.0]
      [Ext Root Scanning (ms): Min: 0.4, Avg: 0.5, Max: 0.7, Diff: 0.3, Sum: 2.0]
      [Update RS (ms): Min: 1.1, Avg: 1.9, Max: 3.8, Diff: 2.7, Sum: 7.4]
         [Processed Buffers: Min: 3, Avg: 9.0, Max: 24, Diff: 21, Sum: 36]
      [Scan RS (ms): Min: 0.0, Avg: 1.1, Max: 1.5, Diff: 1.5, Sum: 4.2]
      [Code Root Scanning (ms): Min: 0.0, Avg: 0.0, Max: 0.0, Diff: 0.0, Sum: 0.0]
      [Object Copy (ms): Min: 0.5, Avg: 1.3, Max: 1.6, Diff: 1.2, Sum: 5.3]
      [Termination (ms): Min: 0.0, Avg: 0.0, Max: 0.0, Diff: 0.0, Sum: 0.0]
         [Termination Attempts: Min: 1, Avg: 1.2, Max: 2, Diff: 1, Sum: 5]
      [GC Worker Other (ms): Min: 0.0, Avg: 0.0, Max: 0.0, Diff: 0.0, Sum: 0.0]
      [GC Worker Total (ms): Min: 4.7, Avg: 4.8, Max: 4.8, Diff: 0.0, Sum: 19.0]
      [GC Worker End (ms): Min: 1220327.0, Avg: 1220327.0, Max: 1220327.0, Diff: 0.0]
   [Code Root Fixup: 0.3 ms]
   [Code Root Purge: 0.0 ms]
   [Clear CT: 0.1 ms]
   [Other: 0.4 ms]
      [Choose CSet: 0.0 ms]
      [Ref Proc: 0.1 ms]
      [Ref Enq: 0.0 ms]
      [Redirty Cards: 0.1 ms]
      [Humongous Register: 0.0 ms]
      [Humongous Reclaim: 0.0 ms]
      [Free CSet: 0.0 ms]
   [Eden: 77.0M(77.0M)->0.0B(78.0M) Survivors: 2048.0K->1024.0K Heap: 226.5M(256.0M)->149.0M(256.0M)]
 [Times: user=0.02 sys=0.00, real=0.01 secs] 
2020-04-13T16:03:59.764+0800: 1222.718: [GC pause (G1 Evacuation Pause) (young) (initial-mark), 0.0056422 secs]
   [Parallel Time: 5.2 ms, GC Workers: 4]
      [GC Worker Start (ms): Min: 1222717.8, Avg: 1222717.8, Max: 1222717.8, Diff: 0.0]
      [Ext Root Scanning (ms): Min: 0.6, Avg: 0.6, Max: 0.6, Diff: 0.0, Sum: 2.3]
      [Update RS (ms): Min: 1.0, Avg: 1.2, Max: 1.4, Diff: 0.3, Sum: 4.9]
         [Processed Buffers: Min: 3, Avg: 8.5, Max: 16, Diff: 13, Sum: 34]
      [Scan RS (ms): Min: 1.7, Avg: 1.9, Max: 2.0, Diff: 0.3, Sum: 7.6]
      [Code Root Scanning (ms): Min: 0.0, Avg: 0.0, Max: 0.0, Diff: 0.0, Sum: 0.0]
      [Object Copy (ms): Min: 1.4, Avg: 1.4, Max: 1.5, Diff: 0.1, Sum: 5.7]
      [Termination (ms): Min: 0.0, Avg: 0.0, Max: 0.0, Diff: 0.0, Sum: 0.0]
         [Termination Attempts: Min: 1, Avg: 1.0, Max: 1, Diff: 0, Sum: 4]
      [GC Worker Other (ms): Min: 0.0, Avg: 0.0, Max: 0.0, Diff: 0.0, Sum: 0.0]
      [GC Worker Total (ms): Min: 5.1, Avg: 5.1, Max: 5.2, Diff: 0.0, Sum: 20.6]
      [GC Worker End (ms): Min: 1222723.0, Avg: 1222723.0, Max: 1222723.0, Diff: 0.0]
   [Code Root Fixup: 0.0 ms]
   [Code Root Purge: 0.0 ms]
   [Clear CT: 0.1 ms]
   [Other: 0.3 ms]
      [Choose CSet: 0.0 ms]
      [Ref Proc: 0.1 ms]
      [Ref Enq: 0.0 ms]
      [Redirty Cards: 0.1 ms]
      [Humongous Register: 0.0 ms]
      [Humongous Reclaim: 0.0 ms]
      [Free CSet: 0.0 ms]
   [Eden: 78.0M(78.0M)->0.0B(76.0M) Survivors: 1024.0K->2048.0K Heap: 227.0M(256.0M)->149.7M(256.0M)]
 [Times: user=0.02 sys=0.00, real=0.01 secs] 
2020-04-13T16:03:59.770+0800: 1222.724: [GC concurrent-root-region-scan-start]
2020-04-13T16:03:59.774+0800: 1222.727: [GC concurrent-root-region-scan-end, 0.0034857 secs]
2020-04-13T16:03:59.774+0800: 1222.727: [GC concurrent-mark-start]
2020-04-13T16:03:59.802+0800: 1222.755: [GC concurrent-mark-end, 0.0279780 secs]
2020-04-13T16:03:59.802+0800: 1222.755: [GC remark 2020-04-13T16:03:59.802+0800: 1222.755: [Finalize Marking, 0.0001234 secs] 2020-04-13T16:03:59.802+0800: 1222.755: [GC ref-proc, 0.0000809 secs] 2020-04-13T16:03:59.802+0800: 1222.755: [Unloading, 0.0040386 secs], 0.0060172 secs]
 [Times: user=0.01 sys=0.00, real=0.00 secs] 
2020-04-13T16:03:59.808+0800: 1222.762: [GC cleanup 151M->151M(256M), 0.0004947 secs]
 [Times: user=0.00 sys=0.00, real=0.00 secs] 
2020-04-13T16:04:01.914+0800: 1224.867: [GC pause (G1 Evacuation Pause) (young), 0.0146282 secs]
   [Parallel Time: 7.4 ms, GC Workers: 4]
      [GC Worker Start (ms): Min: 1224867.6, Avg: 1224868.6, Max: 1224870.8, Diff: 3.2]
      [Ext Root Scanning (ms): Min: 0.0, Avg: 0.3, Max: 0.6, Diff: 0.6, Sum: 1.2]
      [Update RS (ms): Min: 0.6, Avg: 2.9, Max: 5.0, Diff: 4.4, Sum: 11.5]
         [Processed Buffers: Min: 4, Avg: 8.5, Max: 12, Diff: 8, Sum: 34]
      [Scan RS (ms): Min: 0.0, Avg: 1.0, Max: 1.5, Diff: 1.5, Sum: 4.2]
      [Code Root Scanning (ms): Min: 0.0, Avg: 0.0, Max: 0.0, Diff: 0.0, Sum: 0.0]
      [Object Copy (ms): Min: 1.5, Avg: 1.8, Max: 2.0, Diff: 0.5, Sum: 7.3]
      [Termination (ms): Min: 0.0, Avg: 0.0, Max: 0.0, Diff: 0.0, Sum: 0.0]
         [Termination Attempts: Min: 1, Avg: 1.0, Max: 1, Diff: 0, Sum: 4]
      [GC Worker Other (ms): Min: 0.0, Avg: 0.0, Max: 0.0, Diff: 0.0, Sum: 0.1]
      [GC Worker Total (ms): Min: 3.9, Avg: 6.1, Max: 7.1, Diff: 3.2, Sum: 24.4]
      [GC Worker End (ms): Min: 1224874.7, Avg: 1224874.7, Max: 1224874.7, Diff: 0.0]
   [Code Root Fixup: 0.0 ms]
   [Code Root Purge: 0.0 ms]
   [Clear CT: 0.1 ms]
   [Other: 7.2 ms]
      [Choose CSet: 0.0 ms]
      [Ref Proc: 7.0 ms]
      [Ref Enq: 0.0 ms]
      [Redirty Cards: 0.0 ms]
      [Humongous Register: 0.0 ms]
      [Humongous Reclaim: 0.0 ms]
      [Free CSet: 0.0 ms]
   [Eden: 76.0M(76.0M)->0.0B(10.0M) Survivors: 2048.0K->2048.0K Heap: 225.7M(256.0M)->149.4M(256.0M)]
 [Times: user=0.03 sys=0.00, real=0.01 secs] 
2020-04-13T16:04:02.116+0800: 1225.070: [GC pause (G1 Evacuation Pause) (mixed), 0.0049970 secs]
   [Parallel Time: 4.6 ms, GC Workers: 4]
      [GC Worker Start (ms): Min: 1225069.9, Avg: 1225070.1, Max: 1225070.4, Diff: 0.5]
      [Ext Root Scanning (ms): Min: 0.1, Avg: 0.4, Max: 0.6, Diff: 0.5, Sum: 1.5]
      [Update RS (ms): Min: 0.9, Avg: 1.0, Max: 1.0, Diff: 0.1, Sum: 3.9]
         [Processed Buffers: Min: 3, Avg: 5.2, Max: 7, Diff: 4, Sum: 21]
      [Scan RS (ms): Min: 1.6, Avg: 1.6, Max: 1.7, Diff: 0.1, Sum: 6.6]
      [Code Root Scanning (ms): Min: 0.0, Avg: 0.0, Max: 0.0, Diff: 0.0, Sum: 0.0]
      [Object Copy (ms): Min: 1.3, Avg: 1.3, Max: 1.4, Diff: 0.1, Sum: 5.4]
      [Termination (ms): Min: 0.0, Avg: 0.0, Max: 0.0, Diff: 0.0, Sum: 0.0]
         [Termination Attempts: Min: 1, Avg: 1.0, Max: 1, Diff: 0, Sum: 4]
      [GC Worker Other (ms): Min: 0.0, Avg: 0.0, Max: 0.0, Diff: 0.0, Sum: 0.0]
      [GC Worker Total (ms): Min: 4.1, Avg: 4.3, Max: 4.5, Diff: 0.5, Sum: 17.4]
      [GC Worker End (ms): Min: 1225074.4, Avg: 1225074.4, Max: 1225074.4, Diff: 0.0]
   [Code Root Fixup: 0.0 ms]
   [Code Root Purge: 0.0 ms]
   [Clear CT: 0.0 ms]
   [Other: 0.3 ms]
      [Choose CSet: 0.0 ms]
      [Ref Proc: 0.1 ms]
      [Ref Enq: 0.0 ms]
      [Redirty Cards: 0.0 ms]
      [Humongous Register: 0.0 ms]
      [Humongous Reclaim: 0.0 ms]
      [Free CSet: 0.0 ms]
   [Eden: 10.0M(10.0M)->0.0B(77.0M) Survivors: 2048.0K->2048.0K Heap: 159.4M(256.0M)->148.5M(256.0M)]
 [Times: user=0.02 sys=0.00, real=0.01 secs] 
2020-04-13T16:04:03.650+0800: 1226.604: [GC pause (G1 Evacuation Pause) (young), 0.0047753 secs]
   [Parallel Time: 4.4 ms, GC Workers: 4]
      [GC Worker Start (ms): Min: 1226603.6, Avg: 1226603.7, Max: 1226603.8, Diff: 0.2]
      [Ext Root Scanning (ms): Min: 0.2, Avg: 0.4, Max: 0.5, Diff: 0.3, Sum: 1.6]
      [Update RS (ms): Min: 1.2, Avg: 1.3, Max: 1.4, Diff: 0.2, Sum: 5.2]
         [Processed Buffers: Min: 3, Avg: 7.0, Max: 14, Diff: 11, Sum: 28]
      [Scan RS (ms): Min: 1.2, Avg: 1.3, Max: 1.4, Diff: 0.2, Sum: 5.0]
      [Code Root Scanning (ms): Min: 0.0, Avg: 0.0, Max: 0.0, Diff: 0.0, Sum: 0.0]
      [Object Copy (ms): Min: 1.3, Avg: 1.3, Max: 1.4, Diff: 0.1, Sum: 5.4]
      [Termination (ms): Min: 0.0, Avg: 0.0, Max: 0.0, Diff: 0.0, Sum: 0.0]
         [Termination Attempts: Min: 1, Avg: 1.0, Max: 1, Diff: 0, Sum: 4]
      [GC Worker Other (ms): Min: 0.0, Avg: 0.0, Max: 0.0, Diff: 0.0, Sum: 0.1]
      [GC Worker Total (ms): Min: 4.2, Avg: 4.3, Max: 4.4, Diff: 0.2, Sum: 17.2]
      [GC Worker End (ms): Min: 1226608.0, Avg: 1226608.0, Max: 1226608.0, Diff: 0.0]
   [Code Root Fixup: 0.1 ms]
   [Code Root Purge: 0.0 ms]
   [Clear CT: 0.0 ms]
   [Other: 0.3 ms]
      [Choose CSet: 0.0 ms]
      [Ref Proc: 0.1 ms]
      [Ref Enq: 0.0 ms]
      [Redirty Cards: 0.0 ms]
      [Humongous Register: 0.0 ms]
      [Humongous Reclaim: 0.0 ms]
      [Free CSet: 0.0 ms]
   [Eden: 77.0M(77.0M)->0.0B(79.0M) Survivors: 2048.0K->1024.0K Heap: 225.5M(256.0M)->148.2M(256.0M)]
 [Times: user=0.01 sys=0.00, real=0.00 secs] 
2020-04-13T16:04:05.022+0800: 1227.975: [GC pause (G1 Evacuation Pause) (young) (initial-mark), 0.0053590 secs]
   [Parallel Time: 4.4 ms, GC Workers: 4]
      [GC Worker Start (ms): Min: 1227975.2, Avg: 1227975.3, Max: 1227975.3, Diff: 0.0]
      [Ext Root Scanning (ms): Min: 0.6, Avg: 0.6, Max: 0.6, Diff: 0.0, Sum: 2.3]
      [Update RS (ms): Min: 1.2, Avg: 1.3, Max: 1.4, Diff: 0.2, Sum: 5.3]
         [Processed Buffers: Min: 4, Avg: 7.8, Max: 14, Diff: 10, Sum: 31]
      [Scan RS (ms): Min: 1.0, Avg: 1.1, Max: 1.3, Diff: 0.3, Sum: 4.5]
      [Code Root Scanning (ms): Min: 0.0, Avg: 0.0, Max: 0.0, Diff: 0.0, Sum: 0.0]
      [Object Copy (ms): Min: 1.2, Avg: 1.3, Max: 1.3, Diff: 0.1, Sum: 5.1]
      [Termination (ms): Min: 0.0, Avg: 0.0, Max: 0.0, Diff: 0.0, Sum: 0.0]
         [Termination Attempts: Min: 1, Avg: 1.0, Max: 1, Diff: 0, Sum: 4]
      [GC Worker Other (ms): Min: 0.0, Avg: 0.0, Max: 0.0, Diff: 0.0, Sum: 0.0]
      [GC Worker Total (ms): Min: 4.3, Avg: 4.3, Max: 4.4, Diff: 0.0, Sum: 17.3]
      [GC Worker End (ms): Min: 1227979.6, Avg: 1227979.6, Max: 1227979.6, Diff: 0.0]
   [Code Root Fixup: 0.0 ms]
   [Code Root Purge: 0.0 ms]
   [Clear CT: 0.1 ms]
   [Other: 0.9 ms]
      [Choose CSet: 0.0 ms]
      [Ref Proc: 0.3 ms]
      [Ref Enq: 0.0 ms]
      [Redirty Cards: 0.4 ms]
      [Humongous Register: 0.0 ms]
      [Humongous Reclaim: 0.0 ms]
      [Free CSet: 0.0 ms]
   [Eden: 79.0M(79.0M)->0.0B(77.0M) Survivors: 1024.0K->2048.0K Heap: 227.2M(256.0M)->148.9M(256.0M)]
 [Times: user=0.02 sys=0.00, real=0.00 secs] 
2020-04-13T16:04:05.027+0800: 1227.981: [GC concurrent-root-region-scan-start]
2020-04-13T16:04:05.031+0800: 1227.984: [GC concurrent-root-region-scan-end, 0.0033381 secs]
2020-04-13T16:04:05.031+0800: 1227.984: [GC concurrent-mark-start]
2020-04-13T16:04:05.057+0800: 1228.010: [GC concurrent-mark-end, 0.0258275 secs]
2020-04-13T16:04:05.057+0800: 1228.010: [GC remark 2020-04-13T16:04:05.057+0800: 1228.010: [Finalize Marking, 0.0001165 secs] 2020-04-13T16:04:05.057+0800: 1228.010: [GC ref-proc, 0.0000930 secs] 2020-04-13T16:04:05.057+0800: 1228.010: [Unloading, 0.0037336 secs], 0.0056847 secs]
 [Times: user=0.01 sys=0.00, real=0.01 secs] 
2020-04-13T16:04:05.063+0800: 1228.016: [GC cleanup 150M->150M(256M), 0.0003615 secs]
 [Times: user=0.01 sys=0.00, real=0.00 secs] 
2020-04-13T16:04:06.286+0800: 1229.239: [GC pause (G1 Evacuation Pause) (young), 0.0050416 secs]
   [Parallel Time: 4.7 ms, GC Workers: 4]
      [GC Worker Start (ms): Min: 1229238.9, Avg: 1229239.0, Max: 1229239.0, Diff: 0.0]
      [Ext Root Scanning (ms): Min: 0.3, Avg: 0.4, Max: 0.5, Diff: 0.2, Sum: 1.5]
      [Update RS (ms): Min: 1.5, Avg: 2.1, Max: 3.9, Diff: 2.4, Sum: 8.4]
         [Processed Buffers: Min: 2, Avg: 7.5, Max: 14, Diff: 12, Sum: 30]
      [Scan RS (ms): Min: 0.0, Avg: 0.8, Max: 1.2, Diff: 1.2, Sum: 3.4]
      [Code Root Scanning (ms): Min: 0.0, Avg: 0.0, Max: 0.0, Diff: 0.0, Sum: 0.0]
      [Object Copy (ms): Min: 0.3, Avg: 1.2, Max: 1.5, Diff: 1.2, Sum: 4.8]
      [Termination (ms): Min: 0.0, Avg: 0.0, Max: 0.0, Diff: 0.0, Sum: 0.0]
         [Termination Attempts: Min: 1, Avg: 1.0, Max: 1, Diff: 0, Sum: 4]
      [GC Worker Other (ms): Min: 0.0, Avg: 0.0, Max: 0.0, Diff: 0.0, Sum: 0.1]
      [GC Worker Total (ms): Min: 4.6, Avg: 4.6, Max: 4.6, Diff: 0.0, Sum: 18.3]
      [GC Worker End (ms): Min: 1229243.5, Avg: 1229243.5, Max: 1229243.5, Diff: 0.0]
   [Code Root Fixup: 0.0 ms]
   [Code Root Purge: 0.0 ms]
   [Clear CT: 0.1 ms]
   [Other: 0.3 ms]
      [Choose CSet: 0.0 ms]
      [Ref Proc: 0.1 ms]
      [Ref Enq: 0.0 ms]
      [Redirty Cards: 0.1 ms]
      [Humongous Register: 0.0 ms]
      [Humongous Reclaim: 0.0 ms]
      [Free CSet: 0.0 ms]
   [Eden: 77.0M(77.0M)->0.0B(79.0M) Survivors: 2048.0K->1024.0K Heap: 225.9M(256.0M)->148.3M(256.0M)]
 [Times: user=0.02 sys=0.00, real=0.01 secs] 
2020-04-13T16:04:07.758+0800: 1230.712: [GC pause (G1 Evacuation Pause) (young), 0.0062311 secs]
   [Parallel Time: 5.2 ms, GC Workers: 4]
      [GC Worker Start (ms): Min: 1230711.6, Avg: 1230712.0, Max: 1230712.9, Diff: 1.3]
      [Ext Root Scanning (ms): Min: 0.0, Avg: 0.4, Max: 0.7, Diff: 0.7, Sum: 1.5]
      [Update RS (ms): Min: 1.0, Avg: 2.0, Max: 3.4, Diff: 2.3, Sum: 8.0]
         [Processed Buffers: Min: 2, Avg: 8.2, Max: 18, Diff: 16, Sum: 33]
      [Scan RS (ms): Min: 0.0, Avg: 1.0, Max: 1.4, Diff: 1.4, Sum: 3.9]
      [Code Root Scanning (ms): Min: 0.0, Avg: 0.0, Max: 0.0, Diff: 0.0, Sum: 0.0]
      [Object Copy (ms): Min: 1.3, Avg: 1.4, Max: 1.5, Diff: 0.2, Sum: 5.7]
      [Termination (ms): Min: 0.0, Avg: 0.0, Max: 0.0, Diff: 0.0, Sum: 0.0]
         [Termination Attempts: Min: 1, Avg: 1.0, Max: 1, Diff: 0, Sum: 4]
      [GC Worker Other (ms): Min: 0.0, Avg: 0.0, Max: 0.0, Diff: 0.0, Sum: 0.1]
      [GC Worker Total (ms): Min: 3.8, Avg: 4.8, Max: 5.2, Diff: 1.3, Sum: 19.2]
      [GC Worker End (ms): Min: 1230716.8, Avg: 1230716.8, Max: 1230716.8, Diff: 0.0]
   [Code Root Fixup: 0.0 ms]
   [Code Root Purge: 0.0 ms]
   [Clear CT: 0.0 ms]
   [Other: 0.9 ms]
      [Choose CSet: 0.0 ms]
      [Ref Proc: 0.7 ms]
      [Ref Enq: 0.0 ms]
      [Redirty Cards: 0.1 ms]
      [Humongous Register: 0.0 ms]
      [Humongous Reclaim: 0.0 ms]
      [Free CSet: 0.0 ms]
   [Eden: 79.0M(79.0M)->0.0B(77.0M) Survivors: 1024.0K->2048.0K Heap: 227.3M(256.0M)->148.7M(256.0M)]
 [Times: user=0.02 sys=0.01, real=0.01 secs] 
2020-04-13T16:04:09.076+0800: 1232.029: [GC pause (G1 Evacuation Pause) (young) (initial-mark), 0.0063899 secs]
   [Parallel Time: 5.2 ms, GC Workers: 4]
      [GC Worker Start (ms): Min: 1232029.5, Avg: 1232029.8, Max: 1232030.5, Diff: 1.0]
      [Ext Root Scanning (ms): Min: 0.0, Avg: 0.8, Max: 1.3, Diff: 1.2, Sum: 3.2]
      [Update RS (ms): Min: 1.0, Avg: 1.2, Max: 1.5, Diff: 0.4, Sum: 4.8]
         [Processed Buffers: Min: 3, Avg: 9.0, Max: 15, Diff: 12, Sum: 36]
      [Scan RS (ms): Min: 1.1, Avg: 1.3, Max: 1.5, Diff: 0.4, Sum: 5.1]
      [Code Root Scanning (ms): Min: 0.0, Avg: 0.0, Max: 0.0, Diff: 0.0, Sum: 0.0]
      [Object Copy (ms): Min: 1.3, Avg: 1.4, Max: 1.5, Diff: 0.2, Sum: 5.7]
      [Termination (ms): Min: 0.0, Avg: 0.0, Max: 0.0, Diff: 0.0, Sum: 0.0]
         [Termination Attempts: Min: 1, Avg: 1.0, Max: 1, Diff: 0, Sum: 4]
      [GC Worker Other (ms): Min: 0.0, Avg: 0.0, Max: 0.0, Diff: 0.0, Sum: 0.0]
      [GC Worker Total (ms): Min: 4.0, Avg: 4.7, Max: 5.0, Diff: 1.0, Sum: 18.8]
      [GC Worker End (ms): Min: 1232034.5, Avg: 1232034.5, Max: 1232034.5, Diff: 0.0]
   [Code Root Fixup: 0.0 ms]
   [Code Root Purge: 0.0 ms]
   [Clear CT: 0.0 ms]
   [Other: 1.1 ms]
      [Choose CSet: 0.0 ms]
      [Ref Proc: 0.9 ms]
      [Ref Enq: 0.0 ms]
      [Redirty Cards: 0.0 ms]
      [Humongous Register: 0.0 ms]
      [Humongous Reclaim: 0.0 ms]
      [Free CSet: 0.0 ms]
   [Eden: 77.0M(77.0M)->0.0B(77.0M) Survivors: 2048.0K->2048.0K Heap: 225.7M(256.0M)->149.0M(256.0M)]
 [Times: user=0.01 sys=0.00, real=0.01 secs] 
2020-04-13T16:04:09.083+0800: 1232.036: [GC concurrent-root-region-scan-start]
2020-04-13T16:04:09.086+0800: 1232.039: [GC concurrent-root-region-scan-end, 0.0035306 secs]
2020-04-13T16:04:09.086+0800: 1232.039: [GC concurrent-mark-start]
2020-04-13T16:04:09.111+0800: 1232.065: [GC concurrent-mark-end, 0.0251111 secs]
2020-04-13T16:04:09.111+0800: 1232.065: [GC remark 2020-04-13T16:04:09.112+0800: 1232.065: [Finalize Marking, 0.0001146 secs] 2020-04-13T16:04:09.112+0800: 1232.065: [GC ref-proc, 0.0000772 secs] 2020-04-13T16:04:09.112+0800: 1232.065: [Unloading, 0.0035325 secs], 0.0054411 secs]
 [Times: user=0.02 sys=0.00, real=0.00 secs] 
2020-04-13T16:04:09.117+0800: 1232.070: [GC cleanup 150M->150M(256M), 0.0003746 secs]
 [Times: user=0.00 sys=0.00, real=0.00 secs] 
2020-04-13T16:04:10.366+0800: 1233.319: [GC pause (G1 Evacuation Pause) (young), 0.0062468 secs]
   [Parallel Time: 5.9 ms, GC Workers: 4]
      [GC Worker Start (ms): Min: 1233319.0, Avg: 1233319.1, Max: 1233319.1, Diff: 0.1]
      [Ext Root Scanning (ms): Min: 0.3, Avg: 0.4, Max: 0.5, Diff: 0.2, Sum: 1.5]
      [Update RS (ms): Min: 1.3, Avg: 2.3, Max: 5.1, Diff: 3.8, Sum: 9.2]
         [Processed Buffers: Min: 1, Avg: 7.8, Max: 21, Diff: 20, Sum: 31]
      [Scan RS (ms): Min: 0.0, Avg: 1.1, Max: 1.5, Diff: 1.5, Sum: 4.3]
      [Code Root Scanning (ms): Min: 0.0, Avg: 0.0, Max: 0.0, Diff: 0.0, Sum: 0.0]
      [Object Copy (ms): Min: 0.1, Avg: 1.3, Max: 1.7, Diff: 1.6, Sum: 5.0]
      [Termination (ms): Min: 0.0, Avg: 0.5, Max: 0.9, Diff: 0.9, Sum: 2.1]
         [Termination Attempts: Min: 1, Avg: 3.5, Max: 6, Diff: 5, Sum: 14]
      [GC Worker Other (ms): Min: 0.0, Avg: 0.0, Max: 0.0, Diff: 0.0, Sum: 0.0]
      [GC Worker Total (ms): Min: 5.4, Avg: 5.5, Max: 5.8, Diff: 0.4, Sum: 22.1]
      [GC Worker End (ms): Min: 1233324.5, Avg: 1233324.6, Max: 1233324.8, Diff: 0.3]
   [Code Root Fixup: 0.0 ms]
   [Code Root Purge: 0.0 ms]
   [Clear CT: 0.0 ms]
   [Other: 0.3 ms]
      [Choose CSet: 0.0 ms]
      [Ref Proc: 0.1 ms]
      [Ref Enq: 0.0 ms]
      [Redirty Cards: 0.0 ms]
      [Humongous Register: 0.0 ms]
      [Humongous Reclaim: 0.0 ms]
      [Free CSet: 0.0 ms]
   [Eden: 77.0M(77.0M)->0.0B(79.0M) Survivors: 2048.0K->1024.0K Heap: 226.0M(256.0M)->148.7M(256.0M)]
 [Times: user=0.02 sys=0.00, real=0.01 secs] 
2020-04-13T16:04:11.743+0800: 1234.696: [GC pause (G1 Evacuation Pause) (young), 0.0063918 secs]
   [Parallel Time: 5.0 ms, GC Workers: 4]
      [GC Worker Start (ms): Min: 1234696.0, Avg: 1234696.1, Max: 1234696.1, Diff: 0.0]
      [Ext Root Scanning (ms): Min: 0.3, Avg: 0.4, Max: 0.5, Diff: 0.2, Sum: 1.5]
      [Update RS (ms): Min: 0.9, Avg: 1.1, Max: 1.3, Diff: 0.3, Sum: 4.3]
         [Processed Buffers: Min: 3, Avg: 6.8, Max: 10, Diff: 7, Sum: 27]
      [Scan RS (ms): Min: 1.2, Avg: 1.3, Max: 1.5, Diff: 0.3, Sum: 5.3]
      [Code Root Scanning (ms): Min: 0.0, Avg: 0.0, Max: 0.0, Diff: 0.0, Sum: 0.0]
      [Object Copy (ms): Min: 1.5, Avg: 1.7, Max: 2.2, Diff: 0.7, Sum: 6.9]
      [Termination (ms): Min: 0.0, Avg: 0.4, Max: 0.6, Diff: 0.6, Sum: 1.8]
         [Termination Attempts: Min: 1, Avg: 1.0, Max: 1, Diff: 0, Sum: 4]
      [GC Worker Other (ms): Min: 0.0, Avg: 0.0, Max: 0.0, Diff: 0.0, Sum: 0.0]
      [GC Worker Total (ms): Min: 4.9, Avg: 5.0, Max: 5.0, Diff: 0.0, Sum: 19.8]
      [GC Worker End (ms): Min: 1234701.0, Avg: 1234701.0, Max: 1234701.0, Diff: 0.0]
   [Code Root Fixup: 0.0 ms]
   [Code Root Purge: 0.0 ms]
   [Clear CT: 0.3 ms]
   [Other: 1.0 ms]
      [Choose CSet: 0.0 ms]
      [Ref Proc: 0.8 ms]
      [Ref Enq: 0.0 ms]
      [Redirty Cards: 0.1 ms]
      [Humongous Register: 0.0 ms]
      [Humongous Reclaim: 0.0 ms]
      [Free CSet: 0.0 ms]
   [Eden: 79.0M(79.0M)->0.0B(77.0M) Survivors: 1024.0K->2048.0K Heap: 227.7M(256.0M)->149.1M(256.0M)]
 [Times: user=0.02 sys=0.01, real=0.01 secs] 
2020-04-13T16:04:13.239+0800: 1236.192: [GC pause (G1 Evacuation Pause) (young) (initial-mark), 0.0049128 secs]
   [Parallel Time: 4.5 ms, GC Workers: 4]
      [GC Worker Start (ms): Min: 1236192.4, Avg: 1236192.4, Max: 1236192.4, Diff: 0.0]
      [Ext Root Scanning (ms): Min: 0.6, Avg: 0.6, Max: 0.6, Diff: 0.1, Sum: 2.4]
      [Update RS (ms): Min: 1.1, Avg: 1.2, Max: 1.3, Diff: 0.2, Sum: 4.9]
         [Processed Buffers: Min: 4, Avg: 6.8, Max: 13, Diff: 9, Sum: 27]
      [Scan RS (ms): Min: 1.2, Avg: 1.3, Max: 1.4, Diff: 0.3, Sum: 5.2]
      [Code Root Scanning (ms): Min: 0.0, Avg: 0.0, Max: 0.0, Diff: 0.0, Sum: 0.0]
      [Object Copy (ms): Min: 1.3, Avg: 1.3, Max: 1.3, Diff: 0.1, Sum: 5.2]
      [Termination (ms): Min: 0.0, Avg: 0.0, Max: 0.0, Diff: 0.0, Sum: 0.0]
         [Termination Attempts: Min: 1, Avg: 1.0, Max: 1, Diff: 0, Sum: 4]
      [GC Worker Other (ms): Min: 0.0, Avg: 0.0, Max: 0.0, Diff: 0.0, Sum: 0.0]
      [GC Worker Total (ms): Min: 4.4, Avg: 4.5, Max: 4.5, Diff: 0.0, Sum: 17.8]
      [GC Worker End (ms): Min: 1236196.8, Avg: 1236196.8, Max: 1236196.8, Diff: 0.0]
   [Code Root Fixup: 0.0 ms]
   [Code Root Purge: 0.0 ms]
   [Clear CT: 0.0 ms]
   [Other: 0.3 ms]
      [Choose CSet: 0.0 ms]
      [Ref Proc: 0.1 ms]
      [Ref Enq: 0.0 ms]
      [Redirty Cards: 0.1 ms]
      [Humongous Register: 0.0 ms]
      [Humongous Reclaim: 0.0 ms]
      [Free CSet: 0.0 ms]
   [Eden: 77.0M(77.0M)->0.0B(79.0M) Survivors: 2048.0K->1024.0K Heap: 226.1M(256.0M)->148.7M(256.0M)]
 [Times: user=0.01 sys=0.00, real=0.01 secs] 
2020-04-13T16:04:13.244+0800: 1236.197: [GC concurrent-root-region-scan-start]
2020-04-13T16:04:13.249+0800: 1236.202: [GC concurrent-root-region-scan-end, 0.0043882 secs]
2020-04-13T16:04:13.249+0800: 1236.202: [GC concurrent-mark-start]
2020-04-13T16:04:13.274+0800: 1236.228: [GC concurrent-mark-end, 0.0257377 secs]
2020-04-13T16:04:13.274+0800: 1236.228: [GC remark 2020-04-13T16:04:13.275+0800: 1236.228: [Finalize Marking, 0.0001285 secs] 2020-04-13T16:04:13.275+0800: 1236.228: [GC ref-proc, 0.0000892 secs] 2020-04-13T16:04:13.275+0800: 1236.228: [Unloading, 0.0042016 secs], 0.0057228 secs]
 [Times: user=0.02 sys=0.00, real=0.01 secs] 
2020-04-13T16:04:13.280+0800: 1236.234: [GC cleanup 150M->150M(256M), 0.0003137 secs]
 [Times: user=0.00 sys=0.00, real=0.00 secs] 
2020-04-13T16:04:14.624+0800: 1237.578: [GC pause (G1 Evacuation Pause) (young), 0.0049856 secs]
   [Parallel Time: 4.6 ms, GC Workers: 4]
      [GC Worker Start (ms): Min: 1237577.6, Avg: 1237577.6, Max: 1237577.6, Diff: 0.0]
      [Ext Root Scanning (ms): Min: 0.3, Avg: 0.4, Max: 0.5, Diff: 0.2, Sum: 1.5]
      [Update RS (ms): Min: 1.0, Avg: 1.1, Max: 1.2, Diff: 0.3, Sum: 4.4]
         [Processed Buffers: Min: 3, Avg: 7.5, Max: 11, Diff: 8, Sum: 30]
      [Scan RS (ms): Min: 1.3, Avg: 1.8, Max: 2.8, Diff: 1.5, Sum: 7.0]
      [Code Root Scanning (ms): Min: 0.0, Avg: 0.0, Max: 0.0, Diff: 0.0, Sum: 0.0]
      [Object Copy (ms): Min: 0.4, Avg: 1.3, Max: 1.6, Diff: 1.2, Sum: 5.1]
      [Termination (ms): Min: 0.0, Avg: 0.0, Max: 0.0, Diff: 0.0, Sum: 0.0]
         [Termination Attempts: Min: 1, Avg: 1.0, Max: 1, Diff: 0, Sum: 4]
      [GC Worker Other (ms): Min: 0.0, Avg: 0.0, Max: 0.0, Diff: 0.0, Sum: 0.1]
      [GC Worker Total (ms): Min: 4.5, Avg: 4.5, Max: 4.5, Diff: 0.0, Sum: 18.0]
      [GC Worker End (ms): Min: 1237582.1, Avg: 1237582.1, Max: 1237582.1, Diff: 0.0]
   [Code Root Fixup: 0.0 ms]
   [Code Root Purge: 0.0 ms]
   [Clear CT: 0.0 ms]
   [Other: 0.3 ms]
      [Choose CSet: 0.0 ms]
      [Ref Proc: 0.1 ms]
      [Ref Enq: 0.0 ms]
      [Redirty Cards: 0.1 ms]
      [Humongous Register: 0.0 ms]
      [Humongous Reclaim: 0.0 ms]
      [Free CSet: 0.0 ms]
   [Eden: 79.0M(79.0M)->0.0B(77.0M) Survivors: 1024.0K->2048.0K Heap: 227.7M(256.0M)->149.1M(256.0M)]
 [Times: user=0.01 sys=0.00, real=0.00 secs] 
2020-04-13T16:04:15.948+0800: 1238.901: [GC pause (G1 Evacuation Pause) (young), 0.0053005 secs]
   [Parallel Time: 4.0 ms, GC Workers: 4]
      [GC Worker Start (ms): Min: 1238901.5, Avg: 1238901.6, Max: 1238901.6, Diff: 0.0]
      [Ext Root Scanning (ms): Min: 0.3, Avg: 0.4, Max: 0.5, Diff: 0.2, Sum: 1.5]
      [Update RS (ms): Min: 1.0, Avg: 1.2, Max: 1.4, Diff: 0.4, Sum: 4.9]
         [Processed Buffers: Min: 3, Avg: 8.0, Max: 14, Diff: 11, Sum: 32]
      [Scan RS (ms): Min: 1.0, Avg: 1.1, Max: 1.2, Diff: 0.2, Sum: 4.4]
      [Code Root Scanning (ms): Min: 0.0, Avg: 0.0, Max: 0.0, Diff: 0.0, Sum: 0.0]
      [Object Copy (ms): Min: 1.2, Avg: 1.3, Max: 1.3, Diff: 0.0, Sum: 5.0]
      [Termination (ms): Min: 0.0, Avg: 0.0, Max: 0.0, Diff: 0.0, Sum: 0.0]
         [Termination Attempts: Min: 1, Avg: 1.0, Max: 1, Diff: 0, Sum: 4]
      [GC Worker Other (ms): Min: 0.0, Avg: 0.0, Max: 0.0, Diff: 0.0, Sum: 0.1]
      [GC Worker Total (ms): Min: 3.9, Avg: 4.0, Max: 4.0, Diff: 0.0, Sum: 15.8]
      [GC Worker End (ms): Min: 1238905.5, Avg: 1238905.5, Max: 1238905.5, Diff: 0.0]
   [Code Root Fixup: 0.1 ms]
   [Code Root Purge: 0.0 ms]
   [Clear CT: 0.1 ms]
   [Other: 1.1 ms]
      [Choose CSet: 0.0 ms]
      [Ref Proc: 0.9 ms]
      [Ref Enq: 0.0 ms]
      [Redirty Cards: 0.1 ms]
      [Humongous Register: 0.0 ms]
      [Humongous Reclaim: 0.0 ms]
      [Free CSet: 0.0 ms]
   [Eden: 77.0M(77.0M)->0.0B(76.0M) Survivors: 2048.0K->2048.0K Heap: 226.1M(256.0M)->149.3M(256.0M)]
 [Times: user=0.02 sys=0.00, real=0.01 secs] 
2020-04-13T16:04:17.328+0800: 1240.281: [GC pause (G1 Evacuation Pause) (young) (initial-mark), 0.0048775 secs]
   [Parallel Time: 4.5 ms, GC Workers: 4]
      [GC Worker Start (ms): Min: 1240281.5, Avg: 1240281.5, Max: 1240281.5, Diff: 0.0]
      [Ext Root Scanning (ms): Min: 0.7, Avg: 0.7, Max: 0.7, Diff: 0.1, Sum: 2.9]
      [Update RS (ms): Min: 1.2, Avg: 1.4, Max: 1.6, Diff: 0.4, Sum: 5.7]
         [Processed Buffers: Min: 4, Avg: 7.2, Max: 11, Diff: 7, Sum: 29]
      [Scan RS (ms): Min: 0.9, Avg: 1.0, Max: 1.2, Diff: 0.4, Sum: 4.2]
      [Code Root Scanning (ms): Min: 0.0, Avg: 0.0, Max: 0.0, Diff: 0.0, Sum: 0.0]
      [Object Copy (ms): Min: 1.2, Avg: 1.3, Max: 1.3, Diff: 0.1, Sum: 5.0]
      [Termination (ms): Min: 0.0, Avg: 0.0, Max: 0.0, Diff: 0.0, Sum: 0.0]
         [Termination Attempts: Min: 1, Avg: 1.0, Max: 1, Diff: 0, Sum: 4]
      [GC Worker Other (ms): Min: 0.0, Avg: 0.0, Max: 0.0, Diff: 0.0, Sum: 0.0]
      [GC Worker Total (ms): Min: 4.4, Avg: 4.4, Max: 4.5, Diff: 0.0, Sum: 17.8]
      [GC Worker End (ms): Min: 1240286.0, Avg: 1240286.0, Max: 1240286.0, Diff: 0.0]
   [Code Root Fixup: 0.0 ms]
   [Code Root Purge: 0.0 ms]
   [Clear CT: 0.1 ms]
   [Other: 0.3 ms]
      [Choose CSet: 0.0 ms]
      [Ref Proc: 0.1 ms]
      [Ref Enq: 0.0 ms]
      [Redirty Cards: 0.0 ms]
      [Humongous Register: 0.0 ms]
      [Humongous Reclaim: 0.0 ms]
      [Free CSet: 0.0 ms]
   [Eden: 76.0M(76.0M)->0.0B(78.0M) Survivors: 2048.0K->1024.0K Heap: 225.3M(256.0M)->148.9M(256.0M)]
 [Times: user=0.02 sys=0.00, real=0.01 secs] 
2020-04-13T16:04:17.333+0800: 1240.286: [GC concurrent-root-region-scan-start]
2020-04-13T16:04:17.337+0800: 1240.290: [GC concurrent-root-region-scan-end, 0.0035492 secs]
2020-04-13T16:04:17.337+0800: 1240.290: [GC concurrent-mark-start]
2020-04-13T16:04:17.362+0800: 1240.315: [GC concurrent-mark-end, 0.0251475 secs]
2020-04-13T16:04:17.362+0800: 1240.315: [GC remark 2020-04-13T16:04:17.362+0800: 1240.315: [Finalize Marking, 0.0001166 secs] 2020-04-13T16:04:17.362+0800: 1240.316: [GC ref-proc, 0.0000923 secs] 2020-04-13T16:04:17.362+0800: 1240.316: [Unloading, 0.0035968 secs], 0.0057372 secs]
 [Times: user=0.02 sys=0.01, real=0.00 secs] 
2020-04-13T16:04:17.369+0800: 1240.322: [GC cleanup 150M->150M(256M), 0.0008626 secs]
 [Times: user=0.00 sys=0.00, real=0.01 secs] 
2020-04-13T16:04:18.722+0800: 1241.675: [GC pause (G1 Evacuation Pause) (young), 0.0046031 secs]
   [Parallel Time: 4.0 ms, GC Workers: 4]
      [GC Worker Start (ms): Min: 1241675.2, Avg: 1241675.2, Max: 1241675.2, Diff: 0.0]
      [Ext Root Scanning (ms): Min: 0.3, Avg: 0.3, Max: 0.5, Diff: 0.2, Sum: 1.4]
      [Update RS (ms): Min: 1.1, Avg: 1.3, Max: 1.5, Diff: 0.5, Sum: 5.4]
         [Processed Buffers: Min: 4, Avg: 7.8, Max: 14, Diff: 10, Sum: 31]
      [Scan RS (ms): Min: 0.8, Avg: 1.0, Max: 1.1, Diff: 0.3, Sum: 3.9]
      [Code Root Scanning (ms): Min: 0.0, Avg: 0.0, Max: 0.0, Diff: 0.0, Sum: 0.0]
      [Object Copy (ms): Min: 1.2, Avg: 1.2, Max: 1.3, Diff: 0.1, Sum: 5.0]
      [Termination (ms): Min: 0.0, Avg: 0.0, Max: 0.0, Diff: 0.0, Sum: 0.0]
         [Termination Attempts: Min: 1, Avg: 1.0, Max: 1, Diff: 0, Sum: 4]
      [GC Worker Other (ms): Min: 0.0, Avg: 0.0, Max: 0.0, Diff: 0.0, Sum: 0.0]
      [GC Worker Total (ms): Min: 3.9, Avg: 3.9, Max: 4.0, Diff: 0.0, Sum: 15.7]
      [GC Worker End (ms): Min: 1241679.1, Avg: 1241679.1, Max: 1241679.1, Diff: 0.0]
   [Code Root Fixup: 0.0 ms]
   [Code Root Purge: 0.0 ms]
   [Clear CT: 0.0 ms]
   [Other: 0.5 ms]
      [Choose CSet: 0.0 ms]
      [Ref Proc: 0.3 ms]
      [Ref Enq: 0.0 ms]
      [Redirty Cards: 0.0 ms]
      [Humongous Register: 0.0 ms]
      [Humongous Reclaim: 0.0 ms]
      [Free CSet: 0.0 ms]
   [Eden: 78.0M(78.0M)->0.0B(10.0M) Survivors: 1024.0K->2048.0K Heap: 226.9M(256.0M)->149.4M(256.0M)]
 [Times: user=0.02 sys=0.00, real=0.00 secs] 
2020-04-13T16:04:18.899+0800: 1241.852: [GC pause (G1 Evacuation Pause) (mixed), 0.0079917 secs]
   [Parallel Time: 7.0 ms, GC Workers: 4]
      [GC Worker Start (ms): Min: 1241852.5, Avg: 1241852.6, Max: 1241852.7, Diff: 0.2]
      [Ext Root Scanning (ms): Min: 0.4, Avg: 0.8, Max: 1.7, Diff: 1.3, Sum: 3.1]
      [Update RS (ms): Min: 0.8, Avg: 2.6, Max: 5.5, Diff: 4.7, Sum: 10.2]
         [Processed Buffers: Min: 3, Avg: 6.0, Max: 11, Diff: 8, Sum: 24]
      [Scan RS (ms): Min: 0.0, Avg: 1.1, Max: 1.5, Diff: 1.5, Sum: 4.3]
      [Code Root Scanning (ms): Min: 0.0, Avg: 0.0, Max: 0.0, Diff: 0.0, Sum: 0.0]
      [Object Copy (ms): Min: 0.2, Avg: 2.0, Max: 2.9, Diff: 2.7, Sum: 7.9]
      [Termination (ms): Min: 0.0, Avg: 0.5, Max: 0.6, Diff: 0.6, Sum: 1.8]
         [Termination Attempts: Min: 1, Avg: 1.0, Max: 1, Diff: 0, Sum: 4]
      [GC Worker Other (ms): Min: 0.0, Avg: 0.0, Max: 0.0, Diff: 0.0, Sum: 0.1]
      [GC Worker Total (ms): Min: 6.8, Avg: 6.9, Max: 6.9, Diff: 0.1, Sum: 27.5]
      [GC Worker End (ms): Min: 1241859.5, Avg: 1241859.5, Max: 1241859.5, Diff: 0.1]
   [Code Root Fixup: 0.0 ms]
   [Code Root Purge: 0.0 ms]
   [Clear CT: 0.0 ms]
   [Other: 0.9 ms]
      [Choose CSet: 0.0 ms]
      [Ref Proc: 0.7 ms]
      [Ref Enq: 0.0 ms]
      [Redirty Cards: 0.1 ms]
      [Humongous Register: 0.0 ms]
      [Humongous Reclaim: 0.0 ms]
      [Free CSet: 0.0 ms]
   [Eden: 10.0M(10.0M)->0.0B(79.0M) Survivors: 2048.0K->1024.0K Heap: 159.4M(256.0M)->148.1M(256.0M)]
 [Times: user=0.02 sys=0.00, real=0.01 secs] 
2020-04-13T16:04:20.201+0800: 1243.155: [GC pause (G1 Evacuation Pause) (young), 0.0062758 secs]
   [Parallel Time: 5.3 ms, GC Workers: 4]
      [GC Worker Start (ms): Min: 1243154.6, Avg: 1243154.6, Max: 1243154.6, Diff: 0.0]
      [Ext Root Scanning (ms): Min: 0.3, Avg: 0.4, Max: 0.5, Diff: 0.2, Sum: 1.5]
      [Update RS (ms): Min: 1.3, Avg: 1.4, Max: 1.5, Diff: 0.3, Sum: 5.5]
         [Processed Buffers: Min: 4, Avg: 8.2, Max: 10, Diff: 6, Sum: 33]
      [Scan RS (ms): Min: 1.0, Avg: 1.7, Max: 3.2, Diff: 2.2, Sum: 6.9]
      [Code Root Scanning (ms): Min: 0.0, Avg: 0.0, Max: 0.0, Diff: 0.0, Sum: 0.0]
      [Object Copy (ms): Min: 0.0, Avg: 1.2, Max: 1.6, Diff: 1.6, Sum: 4.9]
      [Termination (ms): Min: 0.0, Avg: 0.5, Max: 0.7, Diff: 0.7, Sum: 1.9]
         [Termination Attempts: Min: 1, Avg: 7.5, Max: 13, Diff: 12, Sum: 30]
      [GC Worker Other (ms): Min: 0.0, Avg: 0.0, Max: 0.0, Diff: 0.0, Sum: 0.0]
      [GC Worker Total (ms): Min: 5.2, Avg: 5.2, Max: 5.2, Diff: 0.0, Sum: 20.7]
      [GC Worker End (ms): Min: 1243159.8, Avg: 1243159.8, Max: 1243159.8, Diff: 0.0]
   [Code Root Fixup: 0.0 ms]
   [Code Root Purge: 0.0 ms]
   [Clear CT: 0.0 ms]
   [Other: 0.9 ms]
      [Choose CSet: 0.0 ms]
      [Ref Proc: 0.7 ms]
      [Ref Enq: 0.0 ms]
      [Redirty Cards: 0.1 ms]
      [Humongous Register: 0.0 ms]
      [Humongous Reclaim: 0.0 ms]
      [Free CSet: 0.0 ms]
   [Eden: 79.0M(79.0M)->0.0B(77.0M) Survivors: 1024.0K->2048.0K Heap: 227.1M(256.0M)->148.5M(256.0M)]
 [Times: user=0.02 sys=0.00, real=0.00 secs] 
2020-04-13T16:04:21.701+0800: 1244.654: [GC pause (G1 Evacuation Pause) (young) (initial-mark), 0.0046967 secs]
   [Parallel Time: 4.3 ms, GC Workers: 4]
      [GC Worker Start (ms): Min: 1244654.4, Avg: 1244654.5, Max: 1244654.5, Diff: 0.0]
      [Ext Root Scanning (ms): Min: 0.6, Avg: 0.6, Max: 0.7, Diff: 0.1, Sum: 2.5]
      [Update RS (ms): Min: 1.4, Avg: 1.6, Max: 1.8, Diff: 0.4, Sum: 6.3]
         [Processed Buffers: Min: 4, Avg: 7.8, Max: 12, Diff: 8, Sum: 31]
      [Scan RS (ms): Min: 0.7, Avg: 0.8, Max: 1.0, Diff: 0.3, Sum: 3.3]
      [Code Root Scanning (ms): Min: 0.0, Avg: 0.0, Max: 0.0, Diff: 0.0, Sum: 0.0]
      [Object Copy (ms): Min: 1.1, Avg: 1.1, Max: 1.2, Diff: 0.1, Sum: 4.5]
      [Termination (ms): Min: 0.0, Avg: 0.0, Max: 0.0, Diff: 0.0, Sum: 0.0]
         [Termination Attempts: Min: 1, Avg: 1.0, Max: 1, Diff: 0, Sum: 4]
      [GC Worker Other (ms): Min: 0.0, Avg: 0.0, Max: 0.0, Diff: 0.0, Sum: 0.0]
      [GC Worker Total (ms): Min: 4.2, Avg: 4.2, Max: 4.2, Diff: 0.0, Sum: 16.7]
      [GC Worker End (ms): Min: 1244658.6, Avg: 1244658.6, Max: 1244658.6, Diff: 0.0]
   [Code Root Fixup: 0.1 ms]
   [Code Root Purge: 0.0 ms]
   [Clear CT: 0.1 ms]
   [Other: 0.3 ms]
      [Choose CSet: 0.0 ms]
      [Ref Proc: 0.1 ms]
      [Ref Enq: 0.0 ms]
      [Redirty Cards: 0.1 ms]
      [Humongous Register: 0.0 ms]
      [Humongous Reclaim: 0.0 ms]
      [Free CSet: 0.0 ms]
   [Eden: 77.0M(77.0M)->0.0B(79.0M) Survivors: 2048.0K->1024.0K Heap: 225.5M(256.0M)->148.1M(256.0M)]
 [Times: user=0.01 sys=0.00, real=0.00 secs] 
2020-04-13T16:04:21.706+0800: 1244.659: [GC concurrent-root-region-scan-start]
2020-04-13T16:04:21.709+0800: 1244.662: [GC concurrent-root-region-scan-end, 0.0030032 secs]
2020-04-13T16:04:21.709+0800: 1244.662: [GC concurrent-mark-start]
2020-04-13T16:04:21.731+0800: 1244.684: [GC concurrent-mark-end, 0.0216415 secs]
2020-04-13T16:04:21.731+0800: 1244.684: [GC remark 2020-04-13T16:04:21.731+0800: 1244.684: [Finalize Marking, 0.0017943 secs] 2020-04-13T16:04:21.733+0800: 1244.686: [GC ref-proc, 0.0000820 secs] 2020-04-13T16:04:21.733+0800: 1244.686: [Unloading, 0.0042537 secs], 0.0078006 secs]
 [Times: user=0.02 sys=0.00, real=0.00 secs] 
2020-04-13T16:04:21.739+0800: 1244.692: [GC cleanup 149M->149M(256M), 0.0003516 secs]
 [Times: user=0.00 sys=0.00, real=0.00 secs] 
2020-04-13T16:04:23.208+0800: 1246.161: [GC pause (G1 Evacuation Pause) (young), 0.0047200 secs]
   [Parallel Time: 4.3 ms, GC Workers: 4]
      [GC Worker Start (ms): Min: 1246161.4, Avg: 1246161.4, Max: 1246161.4, Diff: 0.0]
      [Ext Root Scanning (ms): Min: 0.3, Avg: 0.4, Max: 0.5, Diff: 0.2, Sum: 1.5]
      [Update RS (ms): Min: 1.5, Avg: 1.5, Max: 1.6, Diff: 0.1, Sum: 6.1]
         [Processed Buffers: Min: 6, Avg: 7.8, Max: 9, Diff: 3, Sum: 31]
      [Scan RS (ms): Min: 0.5, Avg: 0.6, Max: 0.7, Diff: 0.1, Sum: 2.6]
      [Code Root Scanning (ms): Min: 0.0, Avg: 0.0, Max: 0.0, Diff: 0.0, Sum: 0.0]
      [Object Copy (ms): Min: 1.5, Avg: 1.6, Max: 1.6, Diff: 0.1, Sum: 6.3]
      [Termination (ms): Min: 0.0, Avg: 0.0, Max: 0.0, Diff: 0.0, Sum: 0.0]
         [Termination Attempts: Min: 1, Avg: 1.0, Max: 1, Diff: 0, Sum: 4]
      [GC Worker Other (ms): Min: 0.0, Avg: 0.0, Max: 0.1, Diff: 0.0, Sum: 0.1]
      [GC Worker Total (ms): Min: 4.1, Avg: 4.1, Max: 4.1, Diff: 0.0, Sum: 16.5]
      [GC Worker End (ms): Min: 1246165.5, Avg: 1246165.5, Max: 1246165.6, Diff: 0.0]
   [Code Root Fixup: 0.1 ms]
   [Code Root Purge: 0.0 ms]
   [Clear CT: 0.0 ms]
   [Other: 0.3 ms]
      [Choose CSet: 0.0 ms]
      [Ref Proc: 0.1 ms]
      [Ref Enq: 0.0 ms]
      [Redirty Cards: 0.1 ms]
      [Humongous Register: 0.0 ms]
      [Humongous Reclaim: 0.0 ms]
      [Free CSet: 0.0 ms]
   [Eden: 79.0M(79.0M)->0.0B(79.0M) Survivors: 1024.0K->1024.0K Heap: 227.1M(256.0M)->148.4M(256.0M)]
 [Times: user=0.02 sys=0.00, real=0.01 secs] 
2020-04-13T16:04:24.532+0800: 1247.485: [GC pause (G1 Evacuation Pause) (young), 0.0056197 secs]
   [Parallel Time: 4.6 ms, GC Workers: 4]
      [GC Worker Start (ms): Min: 1247485.5, Avg: 1247485.5, Max: 1247485.5, Diff: 0.0]
      [Ext Root Scanning (ms): Min: 0.3, Avg: 0.4, Max: 0.5, Diff: 0.2, Sum: 1.5]
      [Update RS (ms): Min: 1.5, Avg: 1.6, Max: 1.8, Diff: 0.2, Sum: 6.5]
         [Processed Buffers: Min: 5, Avg: 8.8, Max: 12, Diff: 7, Sum: 35]
      [Scan RS (ms): Min: 0.7, Avg: 1.0, Max: 1.4, Diff: 0.7, Sum: 3.9]
      [Code Root Scanning (ms): Min: 0.0, Avg: 0.0, Max: 0.0, Diff: 0.0, Sum: 0.0]
      [Object Copy (ms): Min: 1.0, Avg: 1.5, Max: 1.7, Diff: 0.7, Sum: 6.0]
      [Termination (ms): Min: 0.0, Avg: 0.0, Max: 0.0, Diff: 0.0, Sum: 0.0]
         [Termination Attempts: Min: 1, Avg: 1.0, Max: 1, Diff: 0, Sum: 4]
      [GC Worker Other (ms): Min: 0.0, Avg: 0.0, Max: 0.0, Diff: 0.0, Sum: 0.1]
      [GC Worker Total (ms): Min: 4.5, Avg: 4.5, Max: 4.5, Diff: 0.0, Sum: 17.9]
      [GC Worker End (ms): Min: 1247490.0, Avg: 1247490.0, Max: 1247490.0, Diff: 0.0]
   [Code Root Fixup: 0.0 ms]
   [Code Root Purge: 0.0 ms]
   [Clear CT: 0.1 ms]
   [Other: 0.9 ms]
      [Choose CSet: 0.0 ms]
      [Ref Proc: 0.7 ms]
      [Ref Enq: 0.0 ms]
      [Redirty Cards: 0.1 ms]
      [Humongous Register: 0.0 ms]
      [Humongous Reclaim: 0.0 ms]
      [Free CSet: 0.0 ms]
   [Eden: 79.0M(79.0M)->0.0B(77.0M) Survivors: 1024.0K->2048.0K Heap: 227.4M(256.0M)->148.8M(256.0M)]
 [Times: user=0.02 sys=0.00, real=0.00 secs] 
2020-04-13T16:04:25.845+0800: 1248.799: [GC pause (G1 Evacuation Pause) (young) (initial-mark), 0.0079833 secs]
   [Parallel Time: 7.2 ms, GC Workers: 4]
      [GC Worker Start (ms): Min: 1248798.6, Avg: 1248798.6, Max: 1248798.6, Diff: 0.0]
      [Ext Root Scanning (ms): Min: 0.6, Avg: 0.6, Max: 0.6, Diff: 0.1, Sum: 2.4]
      [Update RS (ms): Min: 2.1, Avg: 2.8, Max: 4.2, Diff: 2.1, Sum: 11.0]
         [Processed Buffers: Min: 3, Avg: 8.8, Max: 15, Diff: 12, Sum: 35]
      [Scan RS (ms): Min: 0.0, Avg: 0.6, Max: 0.9, Diff: 0.9, Sum: 2.3]
      [Code Root Scanning (ms): Min: 0.0, Avg: 0.0, Max: 0.0, Diff: 0.0, Sum: 0.0]
      [Object Copy (ms): Min: 2.2, Avg: 2.8, Max: 3.4, Diff: 1.2, Sum: 11.1]
      [Termination (ms): Min: 0.0, Avg: 0.4, Max: 0.7, Diff: 0.7, Sum: 1.5]
         [Termination Attempts: Min: 1, Avg: 1.0, Max: 1, Diff: 0, Sum: 4]
      [GC Worker Other (ms): Min: 0.0, Avg: 0.0, Max: 0.0, Diff: 0.0, Sum: 0.0]
      [GC Worker Total (ms): Min: 7.1, Avg: 7.1, Max: 7.1, Diff: 0.0, Sum: 28.4]
      [GC Worker End (ms): Min: 1248805.7, Avg: 1248805.7, Max: 1248805.7, Diff: 0.0]
   [Code Root Fixup: 0.0 ms]
   [Code Root Purge: 0.0 ms]
   [Clear CT: 0.1 ms]
   [Other: 0.7 ms]
      [Choose CSet: 0.0 ms]
      [Ref Proc: 0.5 ms]
      [Ref Enq: 0.0 ms]
      [Redirty Cards: 0.1 ms]
      [Humongous Register: 0.0 ms]
      [Humongous Reclaim: 0.0 ms]
      [Free CSet: 0.0 ms]
   [Eden: 77.0M(77.0M)->0.0B(79.0M) Survivors: 2048.0K->1024.0K Heap: 225.8M(256.0M)->148.6M(256.0M)]
 [Times: user=0.02 sys=0.00, real=0.01 secs] 
2020-04-13T16:04:25.854+0800: 1248.807: [GC concurrent-root-region-scan-start]
2020-04-13T16:04:25.857+0800: 1248.810: [GC concurrent-root-region-scan-end, 0.0033309 secs]
2020-04-13T16:04:25.857+0800: 1248.810: [GC concurrent-mark-start]
2020-04-13T16:04:25.880+0800: 1248.833: [GC concurrent-mark-end, 0.0232376 secs]
2020-04-13T16:04:25.880+0800: 1248.833: [GC remark 2020-04-13T16:04:25.880+0800: 1248.833: [Finalize Marking, 0.0006201 secs] 2020-04-13T16:04:25.881+0800: 1248.834: [GC ref-proc, 0.0000847 secs] 2020-04-13T16:04:25.881+0800: 1248.834: [Unloading, 0.0074729 secs], 0.0096046 secs]
 [Times: user=0.02 sys=0.00, real=0.01 secs] 
2020-04-13T16:04:25.890+0800: 1248.843: [GC cleanup 150M->150M(256M), 0.0002906 secs]
 [Times: user=0.00 sys=0.00, real=0.00 secs] 
2020-04-13T16:04:27.168+0800: 1250.121: [GC pause (G1 Evacuation Pause) (young), 0.0046416 secs]
   [Parallel Time: 4.2 ms, GC Workers: 4]
      [GC Worker Start (ms): Min: 1250120.8, Avg: 1250120.8, Max: 1250120.8, Diff: 0.0]
      [Ext Root Scanning (ms): Min: 0.3, Avg: 0.4, Max: 0.5, Diff: 0.2, Sum: 1.4]
      [Update RS (ms): Min: 1.2, Avg: 1.5, Max: 1.7, Diff: 0.4, Sum: 5.8]
         [Processed Buffers: Min: 8, Avg: 9.2, Max: 11, Diff: 3, Sum: 37]
      [Scan RS (ms): Min: 0.7, Avg: 1.1, Max: 2.0, Diff: 1.2, Sum: 4.5]
      [Code Root Scanning (ms): Min: 0.0, Avg: 0.0, Max: 0.0, Diff: 0.0, Sum: 0.0]
      [Object Copy (ms): Min: 0.4, Avg: 1.1, Max: 1.4, Diff: 1.0, Sum: 4.6]
      [Termination (ms): Min: 0.0, Avg: 0.0, Max: 0.0, Diff: 0.0, Sum: 0.0]
         [Termination Attempts: Min: 1, Avg: 1.5, Max: 2, Diff: 1, Sum: 6]
      [GC Worker Other (ms): Min: 0.0, Avg: 0.0, Max: 0.0, Diff: 0.0, Sum: 0.0]
      [GC Worker Total (ms): Min: 4.1, Avg: 4.1, Max: 4.1, Diff: 0.0, Sum: 16.5]
      [GC Worker End (ms): Min: 1250124.9, Avg: 1250124.9, Max: 1250124.9, Diff: 0.0]
   [Code Root Fixup: 0.0 ms]
   [Code Root Purge: 0.0 ms]
   [Clear CT: 0.1 ms]
   [Other: 0.3 ms]
      [Choose CSet: 0.0 ms]
      [Ref Proc: 0.1 ms]
      [Ref Enq: 0.0 ms]
      [Redirty Cards: 0.0 ms]
      [Humongous Register: 0.0 ms]
      [Humongous Reclaim: 0.0 ms]
      [Free CSet: 0.0 ms]
   [Eden: 79.0M(79.0M)->0.0B(79.0M) Survivors: 1024.0K->1024.0K Heap: 227.6M(256.0M)->148.6M(256.0M)]
 [Times: user=0.01 sys=0.00, real=0.01 secs] 
2020-04-13T16:04:28.632+0800: 1251.585: [GC pause (G1 Evacuation Pause) (young), 0.0056344 secs]
   [Parallel Time: 5.1 ms, GC Workers: 4]
      [GC Worker Start (ms): Min: 1251585.1, Avg: 1251585.1, Max: 1251585.1, Diff: 0.0]
      [Ext Root Scanning (ms): Min: 0.3, Avg: 0.4, Max: 0.5, Diff: 0.2, Sum: 1.5]
      [Update RS (ms): Min: 1.6, Avg: 2.2, Max: 3.5, Diff: 1.9, Sum: 8.7]
         [Processed Buffers: Min: 4, Avg: 8.8, Max: 16, Diff: 12, Sum: 35]
      [Scan RS (ms): Min: 0.0, Avg: 0.6, Max: 0.8, Diff: 0.8, Sum: 2.3]
      [Code Root Scanning (ms): Min: 0.0, Avg: 0.0, Max: 0.0, Diff: 0.0, Sum: 0.0]
      [Object Copy (ms): Min: 1.1, Avg: 1.5, Max: 1.6, Diff: 0.4, Sum: 5.8]
      [Termination (ms): Min: 0.0, Avg: 0.5, Max: 0.7, Diff: 0.7, Sum: 2.0]
         [Termination Attempts: Min: 1, Avg: 1.0, Max: 1, Diff: 0, Sum: 4]
      [GC Worker Other (ms): Min: 0.0, Avg: 0.0, Max: 0.0, Diff: 0.0, Sum: 0.0]
      [GC Worker Total (ms): Min: 5.0, Avg: 5.1, Max: 5.1, Diff: 0.1, Sum: 20.3]
      [GC Worker End (ms): Min: 1251590.1, Avg: 1251590.2, Max: 1251590.2, Diff: 0.1]
   [Code Root Fixup: 0.0 ms]
   [Code Root Purge: 0.0 ms]
   [Clear CT: 0.1 ms]
   [Other: 0.4 ms]
      [Choose CSet: 0.0 ms]
      [Ref Proc: 0.2 ms]
      [Ref Enq: 0.0 ms]
      [Redirty Cards: 0.1 ms]
      [Humongous Register: 0.0 ms]
      [Humongous Reclaim: 0.0 ms]
      [Free CSet: 0.0 ms]
   [Eden: 79.0M(79.0M)->0.0B(77.0M) Survivors: 1024.0K->2048.0K Heap: 227.6M(256.0M)->148.9M(256.0M)]
 [Times: user=0.02 sys=0.01, real=0.00 secs] 
2020-04-13T16:04:29.914+0800: 1252.867: [GC pause (G1 Evacuation Pause) (young) (initial-mark), 0.0059100 secs]
   [Parallel Time: 4.6 ms, GC Workers: 4]
      [GC Worker Start (ms): Min: 1252867.0, Avg: 1252867.0, Max: 1252867.1, Diff: 0.0]
      [Ext Root Scanning (ms): Min: 0.5, Avg: 0.5, Max: 0.6, Diff: 0.1, Sum: 2.2]
      [Update RS (ms): Min: 1.6, Avg: 1.8, Max: 2.0, Diff: 0.4, Sum: 7.1]
         [Processed Buffers: Min: 3, Avg: 8.0, Max: 13, Diff: 10, Sum: 32]
      [Scan RS (ms): Min: 0.8, Avg: 1.0, Max: 1.2, Diff: 0.4, Sum: 4.0]
      [Code Root Scanning (ms): Min: 0.0, Avg: 0.0, Max: 0.0, Diff: 0.0, Sum: 0.0]
      [Object Copy (ms): Min: 1.1, Avg: 1.2, Max: 1.2, Diff: 0.1, Sum: 4.8]
      [Termination (ms): Min: 0.0, Avg: 0.0, Max: 0.0, Diff: 0.0, Sum: 0.0]
         [Termination Attempts: Min: 1, Avg: 1.0, Max: 1, Diff: 0, Sum: 4]
      [GC Worker Other (ms): Min: 0.0, Avg: 0.0, Max: 0.0, Diff: 0.0, Sum: 0.0]
      [GC Worker Total (ms): Min: 4.5, Avg: 4.5, Max: 4.6, Diff: 0.0, Sum: 18.2]
      [GC Worker End (ms): Min: 1252871.6, Avg: 1252871.6, Max: 1252871.6, Diff: 0.0]
   [Code Root Fixup: 0.1 ms]
   [Code Root Purge: 0.0 ms]
   [Clear CT: 0.1 ms]
   [Other: 1.2 ms]
      [Choose CSet: 0.0 ms]
      [Ref Proc: 0.9 ms]
      [Ref Enq: 0.0 ms]
      [Redirty Cards: 0.1 ms]
      [Humongous Register: 0.0 ms]
      [Humongous Reclaim: 0.0 ms]
      [Free CSet: 0.0 ms]
   [Eden: 77.0M(77.0M)->0.0B(79.0M) Survivors: 2048.0K->1024.0K Heap: 225.9M(256.0M)->148.6M(256.0M)]
 [Times: user=0.02 sys=0.00, real=0.01 secs] 
2020-04-13T16:04:29.920+0800: 1252.873: [GC concurrent-root-region-scan-start]
2020-04-13T16:04:29.923+0800: 1252.876: [GC concurrent-root-region-scan-end, 0.0032405 secs]
2020-04-13T16:04:29.923+0800: 1252.876: [GC concurrent-mark-start]
2020-04-13T16:04:29.948+0800: 1252.901: [GC concurrent-mark-end, 0.0251439 secs]
2020-04-13T16:04:29.949+0800: 1252.902: [GC remark 2020-04-13T16:04:29.949+0800: 1252.902: [Finalize Marking, 0.0001171 secs] 2020-04-13T16:04:29.949+0800: 1252.902: [GC ref-proc, 0.0000662 secs] 2020-04-13T16:04:29.949+0800: 1252.902: [Unloading, 0.0036156 secs], 0.0051407 secs]
 [Times: user=0.02 sys=0.00, real=0.01 secs] 
2020-04-13T16:04:29.954+0800: 1252.907: [GC cleanup 150M->150M(256M), 0.0003418 secs]
 [Times: user=0.00 sys=0.00, real=0.00 secs] 
2020-04-13T16:04:31.275+0800: 1254.228: [GC pause (G1 Evacuation Pause) (young), 0.0048353 secs]
   [Parallel Time: 4.4 ms, GC Workers: 4]
      [GC Worker Start (ms): Min: 1254227.6, Avg: 1254227.6, Max: 1254227.6, Diff: 0.0]
      [Ext Root Scanning (ms): Min: 0.3, Avg: 0.4, Max: 0.5, Diff: 0.2, Sum: 1.6]
      [Update RS (ms): Min: 1.8, Avg: 2.0, Max: 2.5, Diff: 0.7, Sum: 8.0]
         [Processed Buffers: Min: 3, Avg: 8.0, Max: 14, Diff: 11, Sum: 32]
      [Scan RS (ms): Min: 0.3, Avg: 0.7, Max: 0.9, Diff: 0.7, Sum: 2.9]
      [Code Root Scanning (ms): Min: 0.0, Avg: 0.0, Max: 0.0, Diff: 0.0, Sum: 0.0]
      [Object Copy (ms): Min: 1.2, Avg: 1.2, Max: 1.3, Diff: 0.1, Sum: 4.9]
      [Termination (ms): Min: 0.0, Avg: 0.0, Max: 0.0, Diff: 0.0, Sum: 0.0]
         [Termination Attempts: Min: 1, Avg: 1.0, Max: 1, Diff: 0, Sum: 4]
      [GC Worker Other (ms): Min: 0.0, Avg: 0.0, Max: 0.0, Diff: 0.0, Sum: 0.1]
      [GC Worker Total (ms): Min: 4.3, Avg: 4.3, Max: 4.3, Diff: 0.0, Sum: 17.3]
      [GC Worker End (ms): Min: 1254231.9, Avg: 1254231.9, Max: 1254232.0, Diff: 0.0]
   [Code Root Fixup: 0.1 ms]
   [Code Root Purge: 0.0 ms]
   [Clear CT: 0.1 ms]
   [Other: 0.3 ms]
      [Choose CSet: 0.0 ms]
      [Ref Proc: 0.1 ms]
      [Ref Enq: 0.0 ms]
      [Redirty Cards: 0.0 ms]
      [Humongous Register: 0.0 ms]
      [Humongous Reclaim: 0.0 ms]
      [Free CSet: 0.0 ms]
   [Eden: 79.0M(79.0M)->0.0B(79.0M) Survivors: 1024.0K->1024.0K Heap: 227.6M(256.0M)->148.8M(256.0M)]
 [Times: user=0.02 sys=0.00, real=0.01 secs] 
2020-04-13T16:04:32.674+0800: 1255.627: [GC pause (G1 Evacuation Pause) (young), 0.0053805 secs]
   [Parallel Time: 4.2 ms, GC Workers: 4]
      [GC Worker Start (ms): Min: 1255627.4, Avg: 1255627.4, Max: 1255627.5, Diff: 0.1]
      [Ext Root Scanning (ms): Min: 0.3, Avg: 0.3, Max: 0.5, Diff: 0.2, Sum: 1.4]
      [Update RS (ms): Min: 1.5, Avg: 1.9, Max: 2.2, Diff: 0.7, Sum: 7.6]
         [Processed Buffers: Min: 3, Avg: 8.0, Max: 13, Diff: 10, Sum: 32]
      [Scan RS (ms): Min: 0.3, Avg: 0.6, Max: 1.0, Diff: 0.7, Sum: 2.5]
      [Code Root Scanning (ms): Min: 0.0, Avg: 0.0, Max: 0.0, Diff: 0.0, Sum: 0.0]
      [Object Copy (ms): Min: 1.2, Avg: 1.2, Max: 1.3, Diff: 0.1, Sum: 4.8]
      [Termination (ms): Min: 0.0, Avg: 0.0, Max: 0.0, Diff: 0.0, Sum: 0.0]
         [Termination Attempts: Min: 1, Avg: 1.0, Max: 1, Diff: 0, Sum: 4]
      [GC Worker Other (ms): Min: 0.0, Avg: 0.0, Max: 0.1, Diff: 0.1, Sum: 0.2]
      [GC Worker Total (ms): Min: 4.1, Avg: 4.1, Max: 4.2, Diff: 0.1, Sum: 16.5]
      [GC Worker End (ms): Min: 1255631.5, Avg: 1255631.6, Max: 1255631.6, Diff: 0.1]
   [Code Root Fixup: 0.0 ms]
   [Code Root Purge: 0.0 ms]
   [Clear CT: 0.1 ms]
   [Other: 1.1 ms]
      [Choose CSet: 0.0 ms]
      [Ref Proc: 0.9 ms]
      [Ref Enq: 0.0 ms]
      [Redirty Cards: 0.1 ms]
      [Humongous Register: 0.0 ms]
      [Humongous Reclaim: 0.0 ms]
      [Free CSet: 0.0 ms]
   [Eden: 79.0M(79.0M)->0.0B(79.0M) Survivors: 1024.0K->1024.0K Heap: 227.8M(256.0M)->148.8M(256.0M)]
 [Times: user=0.02 sys=0.00, real=0.01 secs] 
2020-04-13T16:04:34.053+0800: 1257.006: [GC pause (G1 Evacuation Pause) (young) (initial-mark), 0.0054055 secs]
   [Parallel Time: 4.6 ms, GC Workers: 4]
      [GC Worker Start (ms): Min: 1257006.4, Avg: 1257006.4, Max: 1257006.4, Diff: 0.0]
      [Ext Root Scanning (ms): Min: 0.6, Avg: 0.6, Max: 0.6, Diff: 0.1, Sum: 2.4]
      [Update RS (ms): Min: 1.5, Avg: 1.9, Max: 2.6, Diff: 1.1, Sum: 7.7]
         [Processed Buffers: Min: 5, Avg: 7.8, Max: 12, Diff: 7, Sum: 31]
      [Scan RS (ms): Min: 0.0, Avg: 0.7, Max: 1.0, Diff: 1.0, Sum: 2.6]
      [Code Root Scanning (ms): Min: 0.0, Avg: 0.0, Max: 0.0, Diff: 0.0, Sum: 0.0]
      [Object Copy (ms): Min: 1.2, Avg: 1.3, Max: 1.3, Diff: 0.1, Sum: 5.1]
      [Termination (ms): Min: 0.0, Avg: 0.0, Max: 0.0, Diff: 0.0, Sum: 0.0]
         [Termination Attempts: Min: 1, Avg: 1.0, Max: 1, Diff: 0, Sum: 4]
      [GC Worker Other (ms): Min: 0.0, Avg: 0.0, Max: 0.0, Diff: 0.0, Sum: 0.1]
      [GC Worker Total (ms): Min: 4.5, Avg: 4.5, Max: 4.5, Diff: 0.0, Sum: 17.9]
      [GC Worker End (ms): Min: 1257010.9, Avg: 1257010.9, Max: 1257010.9, Diff: 0.0]
   [Code Root Fixup: 0.0 ms]
   [Code Root Purge: 0.0 ms]
   [Clear CT: 0.1 ms]
   [Other: 0.7 ms]
      [Choose CSet: 0.0 ms]
      [Ref Proc: 0.5 ms]
      [Ref Enq: 0.0 ms]
      [Redirty Cards: 0.1 ms]
      [Humongous Register: 0.0 ms]
      [Humongous Reclaim: 0.0 ms]
      [Free CSet: 0.0 ms]
   [Eden: 79.0M(79.0M)->0.0B(77.0M) Survivors: 1024.0K->2048.0K Heap: 227.8M(256.0M)->149.1M(256.0M)]
 [Times: user=0.02 sys=0.00, real=0.00 secs] 
2020-04-13T16:04:34.059+0800: 1257.012: [GC concurrent-root-region-scan-start]
2020-04-13T16:04:34.062+0800: 1257.015: [GC concurrent-root-region-scan-end, 0.0030624 secs]
2020-04-13T16:04:34.062+0800: 1257.015: [GC concurrent-mark-start]
2020-04-13T16:04:34.087+0800: 1257.040: [GC concurrent-mark-end, 0.0246273 secs]
2020-04-13T16:04:34.087+0800: 1257.040: [GC remark 2020-04-13T16:04:34.087+0800: 1257.040: [Finalize Marking, 0.0004704 secs] 2020-04-13T16:04:34.087+0800: 1257.040: [GC ref-proc, 0.0000688 secs] 2020-04-13T16:04:34.088+0800: 1257.041: [Unloading, 0.0038590 secs], 0.0057743 secs]
 [Times: user=0.01 sys=0.00, real=0.01 secs] 
2020-04-13T16:04:34.093+0800: 1257.046: [GC cleanup 151M->151M(256M), 0.0003052 secs]
 [Times: user=0.00 sys=0.00, real=0.00 secs] 
2020-04-13T16:04:35.325+0800: 1258.278: [GC pause (G1 Evacuation Pause) (young), 0.0069628 secs]
   [Parallel Time: 6.0 ms, GC Workers: 4]
      [GC Worker Start (ms): Min: 1258277.8, Avg: 1258277.8, Max: 1258277.9, Diff: 0.0]
      [Ext Root Scanning (ms): Min: 0.3, Avg: 1.7, Max: 5.9, Diff: 5.6, Sum: 6.9]
      [Update RS (ms): Min: 0.0, Avg: 2.5, Max: 4.0, Diff: 4.0, Sum: 9.9]
         [Processed Buffers: Min: 0, Avg: 9.5, Max: 26, Diff: 26, Sum: 38]
      [Scan RS (ms): Min: 0.0, Avg: 0.4, Max: 0.9, Diff: 0.9, Sum: 1.6]
      [Code Root Scanning (ms): Min: 0.0, Avg: 0.0, Max: 0.0, Diff: 0.0, Sum: 0.0]
      [Object Copy (ms): Min: 0.0, Avg: 1.3, Max: 1.8, Diff: 1.8, Sum: 5.1]
      [Termination (ms): Min: 0.0, Avg: 0.1, Max: 0.1, Diff: 0.1, Sum: 0.2]
         [Termination Attempts: Min: 1, Avg: 1.0, Max: 1, Diff: 0, Sum: 4]
      [GC Worker Other (ms): Min: 0.0, Avg: 0.0, Max: 0.0, Diff: 0.0, Sum: 0.0]
      [GC Worker Total (ms): Min: 5.9, Avg: 5.9, Max: 6.0, Diff: 0.0, Sum: 23.8]
      [GC Worker End (ms): Min: 1258283.8, Avg: 1258283.8, Max: 1258283.8, Diff: 0.0]
   [Code Root Fixup: 0.0 ms]
   [Code Root Purge: 0.0 ms]
   [Clear CT: 0.1 ms]
   [Other: 0.8 ms]
      [Choose CSet: 0.0 ms]
      [Ref Proc: 0.6 ms]
      [Ref Enq: 0.0 ms]
      [Redirty Cards: 0.1 ms]
      [Humongous Register: 0.0 ms]
      [Humongous Reclaim: 0.0 ms]
      [Free CSet: 0.0 ms]
   [Eden: 77.0M(77.0M)->0.0B(78.0M) Survivors: 2048.0K->1024.0K Heap: 226.1M(256.0M)->148.9M(256.0M)]
 [Times: user=0.01 sys=0.00, real=0.01 secs] 
2020-04-13T16:04:36.885+0800: 1259.838: [GC pause (G1 Evacuation Pause) (young), 0.0101102 secs]
   [Parallel Time: 9.7 ms, GC Workers: 4]
      [GC Worker Start (ms): Min: 1259838.0, Avg: 1259838.0, Max: 1259838.0, Diff: 0.0]
      [Ext Root Scanning (ms): Min: 0.5, Avg: 0.8, Max: 1.5, Diff: 1.0, Sum: 3.1]
      [Update RS (ms): Min: 1.3, Avg: 2.3, Max: 3.2, Diff: 1.9, Sum: 9.1]
         [Processed Buffers: Min: 3, Avg: 8.0, Max: 12, Diff: 9, Sum: 32]
      [Scan RS (ms): Min: 0.0, Avg: 1.9, Max: 4.7, Diff: 4.7, Sum: 7.6]
      [Code Root Scanning (ms): Min: 0.0, Avg: 0.0, Max: 0.0, Diff: 0.0, Sum: 0.0]
      [Object Copy (ms): Min: 0.0, Avg: 2.1, Max: 3.2, Diff: 3.2, Sum: 8.3]
      [Termination (ms): Min: 0.0, Avg: 1.1, Max: 2.8, Diff: 2.8, Sum: 4.2]
         [Termination Attempts: Min: 1, Avg: 2.2, Max: 6, Diff: 5, Sum: 9]
      [GC Worker Other (ms): Min: 0.0, Avg: 0.0, Max: 0.0, Diff: 0.0, Sum: 0.0]
      [GC Worker Total (ms): Min: 7.6, Avg: 8.1, Max: 9.6, Diff: 2.1, Sum: 32.4]
      [GC Worker End (ms): Min: 1259845.6, Avg: 1259846.1, Max: 1259847.6, Diff: 2.1]
   [Code Root Fixup: 0.0 ms]
   [Code Root Purge: 0.0 ms]
   [Clear CT: 0.1 ms]
   [Other: 0.3 ms]
      [Choose CSet: 0.0 ms]
      [Ref Proc: 0.1 ms]
      [Ref Enq: 0.0 ms]
      [Redirty Cards: 0.1 ms]
      [Humongous Register: 0.0 ms]
      [Humongous Reclaim: 0.0 ms]
      [Free CSet: 0.0 ms]
   [Eden: 78.0M(78.0M)->0.0B(78.0M) Survivors: 1024.0K->1024.0K Heap: 226.9M(256.0M)->149.0M(256.0M)]
 [Times: user=0.02 sys=0.00, real=0.01 secs] 
2020-04-13T16:04:39.125+0800: 1262.078: [GC pause (G1 Evacuation Pause) (young) (initial-mark), 0.0066632 secs]
   [Parallel Time: 6.1 ms, GC Workers: 4]
      [GC Worker Start (ms): Min: 1262078.2, Avg: 1262078.4, Max: 1262078.9, Diff: 0.7]
      [Ext Root Scanning (ms): Min: 0.0, Avg: 0.7, Max: 1.4, Diff: 1.4, Sum: 2.8]
      [Update RS (ms): Min: 1.3, Avg: 2.6, Max: 4.7, Diff: 3.4, Sum: 10.4]
         [Processed Buffers: Min: 2, Avg: 8.0, Max: 16, Diff: 14, Sum: 32]
      [Scan RS (ms): Min: 0.0, Avg: 0.7, Max: 1.0, Diff: 1.0, Sum: 2.7]
      [Code Root Scanning (ms): Min: 0.0, Avg: 0.0, Max: 0.0, Diff: 0.0, Sum: 0.0]
      [Object Copy (ms): Min: 0.5, Avg: 1.7, Max: 2.2, Diff: 1.6, Sum: 7.0]
      [Termination (ms): Min: 0.0, Avg: 0.1, Max: 0.1, Diff: 0.1, Sum: 0.3]
         [Termination Attempts: Min: 1, Avg: 1.0, Max: 1, Diff: 0, Sum: 4]
      [GC Worker Other (ms): Min: 0.0, Avg: 0.0, Max: 0.0, Diff: 0.0, Sum: 0.0]
      [GC Worker Total (ms): Min: 5.3, Avg: 5.8, Max: 6.0, Diff: 0.7, Sum: 23.2]
      [GC Worker End (ms): Min: 1262084.2, Avg: 1262084.2, Max: 1262084.2, Diff: 0.0]
   [Code Root Fixup: 0.1 ms]
   [Code Root Purge: 0.0 ms]
   [Clear CT: 0.1 ms]
   [Other: 0.5 ms]
      [Choose CSet: 0.0 ms]
      [Ref Proc: 0.2 ms]
      [Ref Enq: 0.0 ms]
      [Redirty Cards: 0.1 ms]
      [Humongous Register: 0.0 ms]
      [Humongous Reclaim: 0.0 ms]
      [Free CSet: 0.0 ms]
   [Eden: 78.0M(78.0M)->0.0B(78.0M) Survivors: 1024.0K->1024.0K Heap: 227.0M(256.0M)->149.0M(256.0M)]
 [Times: user=0.02 sys=0.00, real=0.01 secs] 
2020-04-13T16:04:39.132+0800: 1262.085: [GC concurrent-root-region-scan-start]
2020-04-13T16:04:39.135+0800: 1262.088: [GC concurrent-root-region-scan-end, 0.0032222 secs]
2020-04-13T16:04:39.135+0800: 1262.088: [GC concurrent-mark-start]
2020-04-13T16:04:39.171+0800: 1262.124: [GC concurrent-mark-end, 0.0360538 secs]
2020-04-13T16:04:39.172+0800: 1262.125: [GC remark 2020-04-13T16:04:39.172+0800: 1262.125: [Finalize Marking, 0.0070363 secs] 2020-04-13T16:04:39.179+0800: 1262.132: [GC ref-proc, 0.0000768 secs] 2020-04-13T16:04:39.179+0800: 1262.132: [Unloading, 0.0059590 secs], 0.0150887 secs]
 [Times: user=0.02 sys=0.00, real=0.01 secs] 
2020-04-13T16:04:39.188+0800: 1262.141: [GC cleanup 150M->150M(256M), 0.0003957 secs]
 [Times: user=0.00 sys=0.00, real=0.00 secs] 
2020-04-13T16:04:41.000+0800: 1263.953: [GC pause (G1 Evacuation Pause) (young), 0.0062220 secs]
   [Parallel Time: 4.8 ms, GC Workers: 4]
      [GC Worker Start (ms): Min: 1263953.4, Avg: 1263953.4, Max: 1263953.4, Diff: 0.0]
      [Ext Root Scanning (ms): Min: 0.3, Avg: 0.4, Max: 0.5, Diff: 0.2, Sum: 1.5]
      [Update RS (ms): Min: 1.3, Avg: 1.4, Max: 1.5, Diff: 0.1, Sum: 5.5]
         [Processed Buffers: Min: 3, Avg: 9.5, Max: 17, Diff: 14, Sum: 38]
      [Scan RS (ms): Min: 0.9, Avg: 1.1, Max: 1.3, Diff: 0.4, Sum: 4.2]
      [Code Root Scanning (ms): Min: 0.0, Avg: 0.0, Max: 0.0, Diff: 0.0, Sum: 0.0]
      [Object Copy (ms): Min: 1.7, Avg: 1.8, Max: 1.9, Diff: 0.2, Sum: 7.0]
      [Termination (ms): Min: 0.0, Avg: 0.1, Max: 0.2, Diff: 0.2, Sum: 0.4]
         [Termination Attempts: Min: 1, Avg: 1.0, Max: 1, Diff: 0, Sum: 4]
      [GC Worker Other (ms): Min: 0.0, Avg: 0.0, Max: 0.0, Diff: 0.0, Sum: 0.1]
      [GC Worker Total (ms): Min: 4.7, Avg: 4.7, Max: 4.8, Diff: 0.1, Sum: 18.8]
      [GC Worker End (ms): Min: 1263958.1, Avg: 1263958.1, Max: 1263958.2, Diff: 0.1]
   [Code Root Fixup: 0.1 ms]
   [Code Root Purge: 0.0 ms]
   [Clear CT: 0.1 ms]
   [Other: 1.2 ms]
      [Choose CSet: 0.0 ms]
      [Ref Proc: 0.8 ms]
      [Ref Enq: 0.0 ms]
      [Redirty Cards: 0.2 ms]
      [Humongous Register: 0.0 ms]
      [Humongous Reclaim: 0.0 ms]
      [Free CSet: 0.0 ms]
   [Eden: 78.0M(78.0M)->0.0B(10.0M) Survivors: 1024.0K->2048.0K Heap: 227.0M(256.0M)->149.3M(256.0M)]
 [Times: user=0.02 sys=0.00, real=0.00 secs] 
2020-04-13T16:04:41.268+0800: 1264.221: [GC pause (G1 Evacuation Pause) (mixed), 0.0124946 secs]
   [Parallel Time: 5.1 ms, GC Workers: 4]
      [GC Worker Start (ms): Min: 1264220.8, Avg: 1264220.8, Max: 1264220.8, Diff: 0.1]
      [Ext Root Scanning (ms): Min: 0.4, Avg: 0.5, Max: 0.5, Diff: 0.1, Sum: 1.8]
      [Update RS (ms): Min: 1.2, Avg: 1.2, Max: 1.3, Diff: 0.1, Sum: 4.9]
         [Processed Buffers: Min: 3, Avg: 7.8, Max: 13, Diff: 10, Sum: 31]
      [Scan RS (ms): Min: 1.6, Avg: 1.8, Max: 2.2, Diff: 0.7, Sum: 7.1]
      [Code Root Scanning (ms): Min: 0.0, Avg: 0.0, Max: 0.0, Diff: 0.0, Sum: 0.0]
      [Object Copy (ms): Min: 1.0, Avg: 1.5, Max: 1.7, Diff: 0.6, Sum: 5.9]
      [Termination (ms): Min: 0.0, Avg: 0.0, Max: 0.0, Diff: 0.0, Sum: 0.0]
         [Termination Attempts: Min: 1, Avg: 1.2, Max: 2, Diff: 1, Sum: 5]
      [GC Worker Other (ms): Min: 0.0, Avg: 0.0, Max: 0.0, Diff: 0.0, Sum: 0.0]
      [GC Worker Total (ms): Min: 4.9, Avg: 5.0, Max: 5.0, Diff: 0.1, Sum: 19.8]
      [GC Worker End (ms): Min: 1264225.7, Avg: 1264225.7, Max: 1264225.7, Diff: 0.0]
   [Code Root Fixup: 0.1 ms]
   [Code Root Purge: 0.0 ms]
   [Clear CT: 0.0 ms]
   [Other: 7.3 ms]
      [Choose CSet: 0.0 ms]
      [Ref Proc: 5.9 ms]
      [Ref Enq: 0.0 ms]
      [Redirty Cards: 0.6 ms]
      [Humongous Register: 0.0 ms]
      [Humongous Reclaim: 0.1 ms]
      [Free CSet: 0.2 ms]
   [Eden: 10.0M(10.0M)->0.0B(79.0M) Survivors: 2048.0K->1024.0K Heap: 159.3M(256.0M)->148.2M(256.0M)]
 [Times: user=0.02 sys=0.00, real=0.02 secs] 
2020-04-13T16:04:43.173+0800: 1266.126: [GC pause (G1 Evacuation Pause) (young), 0.0152355 secs]
   [Parallel Time: 14.8 ms, GC Workers: 4]
      [GC Worker Start (ms): Min: 1266126.4, Avg: 1266133.3, Max: 1266138.6, Diff: 12.3]
      [Ext Root Scanning (ms): Min: 0.0, Avg: 0.4, Max: 1.4, Diff: 1.4, Sum: 1.5]
      [Update RS (ms): Min: 0.0, Avg: 2.0, Max: 6.2, Diff: 6.2, Sum: 8.2]
         [Processed Buffers: Min: 0, Avg: 7.8, Max: 18, Diff: 18, Sum: 31]
      [Scan RS (ms): Min: 0.0, Avg: 0.9, Max: 1.8, Diff: 1.8, Sum: 3.5]
      [Code Root Scanning (ms): Min: 0.0, Avg: 0.0, Max: 0.1, Diff: 0.1, Sum: 0.1]
      [Object Copy (ms): Min: 0.0, Avg: 1.4, Max: 2.1, Diff: 2.1, Sum: 5.6]
      [Termination (ms): Min: 0.0, Avg: 2.5, Max: 3.3, Diff: 3.3, Sum: 9.9]
         [Termination Attempts: Min: 1, Avg: 1.0, Max: 1, Diff: 0, Sum: 4]
      [GC Worker Other (ms): Min: 0.0, Avg: 0.0, Max: 0.0, Diff: 0.0, Sum: 0.0]
      [GC Worker Total (ms): Min: 0.0, Avg: 7.2, Max: 14.8, Diff: 14.8, Sum: 28.8]
      [GC Worker End (ms): Min: 1266138.6, Avg: 1266140.5, Max: 1266141.2, Diff: 2.5]
   [Code Root Fixup: 0.0 ms]
   [Code Root Purge: 0.0 ms]
   [Clear CT: 0.1 ms]
   [Other: 0.3 ms]
      [Choose CSet: 0.0 ms]
      [Ref Proc: 0.1 ms]
      [Ref Enq: 0.0 ms]
      [Redirty Cards: 0.0 ms]
      [Humongous Register: 0.0 ms]
      [Humongous Reclaim: 0.0 ms]
      [Free CSet: 0.0 ms]
   [Eden: 79.0M(79.0M)->0.0B(79.0M) Survivors: 1024.0K->1024.0K Heap: 227.2M(256.0M)->148.0M(256.0M)]
 [Times: user=0.01 sys=0.00, real=0.01 secs] 
2020-04-13T16:04:44.545+0800: 1267.498: [GC pause (G1 Evacuation Pause) (young) (initial-mark), 0.0049062 secs]
   [Parallel Time: 4.4 ms, GC Workers: 4]
      [GC Worker Start (ms): Min: 1267497.9, Avg: 1267497.9, Max: 1267498.0, Diff: 0.1]
      [Ext Root Scanning (ms): Min: 0.6, Avg: 0.6, Max: 0.6, Diff: 0.1, Sum: 2.4]
      [Update RS (ms): Min: 1.3, Avg: 1.8, Max: 2.8, Diff: 1.5, Sum: 7.3]
         [Processed Buffers: Min: 4, Avg: 9.2, Max: 17, Diff: 13, Sum: 37]
      [Scan RS (ms): Min: 0.0, Avg: 0.8, Max: 1.2, Diff: 1.2, Sum: 3.0]
      [Code Root Scanning (ms): Min: 0.0, Avg: 0.0, Max: 0.0, Diff: 0.0, Sum: 0.0]
      [Object Copy (ms): Min: 0.9, Avg: 1.1, Max: 1.2, Diff: 0.4, Sum: 4.4]
      [Termination (ms): Min: 0.0, Avg: 0.0, Max: 0.0, Diff: 0.0, Sum: 0.0]
         [Termination Attempts: Min: 1, Avg: 1.0, Max: 1, Diff: 0, Sum: 4]
      [GC Worker Other (ms): Min: 0.0, Avg: 0.0, Max: 0.0, Diff: 0.0, Sum: 0.1]
      [GC Worker Total (ms): Min: 4.3, Avg: 4.3, Max: 4.3, Diff: 0.1, Sum: 17.2]
      [GC Worker End (ms): Min: 1267502.2, Avg: 1267502.2, Max: 1267502.3, Diff: 0.0]
   [Code Root Fixup: 0.0 ms]
   [Code Root Purge: 0.0 ms]
   [Clear CT: 0.1 ms]
   [Other: 0.4 ms]
      [Choose CSet: 0.0 ms]
      [Ref Proc: 0.2 ms]
      [Ref Enq: 0.0 ms]
      [Redirty Cards: 0.1 ms]
      [Humongous Register: 0.0 ms]
      [Humongous Reclaim: 0.0 ms]
      [Free CSet: 0.0 ms]
   [Eden: 79.0M(79.0M)->0.0B(77.0M) Survivors: 1024.0K->2048.0K Heap: 227.0M(256.0M)->148.5M(256.0M)]
 [Times: user=0.01 sys=0.00, real=0.01 secs] 
2020-04-13T16:04:44.550+0800: 1267.503: [GC concurrent-root-region-scan-start]
2020-04-13T16:04:44.553+0800: 1267.506: [GC concurrent-root-region-scan-end, 0.0034214 secs]
2020-04-13T16:04:44.553+0800: 1267.506: [GC concurrent-mark-start]
2020-04-13T16:04:44.578+0800: 1267.531: [GC concurrent-mark-end, 0.0242641 secs]
2020-04-13T16:04:44.578+0800: 1267.531: [GC remark 2020-04-13T16:04:44.578+0800: 1267.531: [Finalize Marking, 0.0001978 secs] 2020-04-13T16:04:44.578+0800: 1267.531: [GC ref-proc, 0.0000739 secs] 2020-04-13T16:04:44.578+0800: 1267.531: [Unloading, 0.0048547 secs], 0.0063686 secs]
 [Times: user=0.01 sys=0.00, real=0.01 secs] 
2020-04-13T16:04:44.585+0800: 1267.537: [GC cleanup 150M->150M(256M), 0.0003207 secs]
 [Times: user=0.01 sys=0.00, real=0.00 secs] 
2020-04-13T16:04:45.879+0800: 1268.832: [GC pause (G1 Evacuation Pause) (young), 0.0048572 secs]
   [Parallel Time: 3.8 ms, GC Workers: 4]
      [GC Worker Start (ms): Min: 1268832.2, Avg: 1268832.3, Max: 1268832.3, Diff: 0.1]
      [Ext Root Scanning (ms): Min: 0.3, Avg: 0.4, Max: 0.5, Diff: 0.2, Sum: 1.5]
      [Update RS (ms): Min: 1.3, Avg: 1.4, Max: 1.6, Diff: 0.3, Sum: 5.8]
         [Processed Buffers: Min: 5, Avg: 7.5, Max: 10, Diff: 5, Sum: 30]
      [Scan RS (ms): Min: 0.6, Avg: 0.8, Max: 0.9, Diff: 0.3, Sum: 3.1]
      [Code Root Scanning (ms): Min: 0.0, Avg: 0.0, Max: 0.0, Diff: 0.0, Sum: 0.0]
      [Object Copy (ms): Min: 1.0, Avg: 1.1, Max: 1.1, Diff: 0.1, Sum: 4.3]
      [Termination (ms): Min: 0.0, Avg: 0.0, Max: 0.0, Diff: 0.0, Sum: 0.0]
         [Termination Attempts: Min: 1, Avg: 1.0, Max: 1, Diff: 0, Sum: 4]
      [GC Worker Other (ms): Min: 0.0, Avg: 0.0, Max: 0.0, Diff: 0.0, Sum: 0.1]
      [GC Worker Total (ms): Min: 3.7, Avg: 3.7, Max: 3.8, Diff: 0.1, Sum: 14.9]
      [GC Worker End (ms): Min: 1268836.0, Avg: 1268836.0, Max: 1268836.0, Diff: 0.0]
   [Code Root Fixup: 0.1 ms]
   [Code Root Purge: 0.0 ms]
   [Clear CT: 0.1 ms]
   [Other: 0.9 ms]
      [Choose CSet: 0.0 ms]
      [Ref Proc: 0.7 ms]
      [Ref Enq: 0.0 ms]
      [Redirty Cards: 0.1 ms]
      [Humongous Register: 0.0 ms]
      [Humongous Reclaim: 0.0 ms]
      [Free CSet: 0.0 ms]
   [Eden: 77.0M(77.0M)->0.0B(79.0M) Survivors: 2048.0K->1024.0K Heap: 225.5M(256.0M)->148.2M(256.0M)]
 [Times: user=0.02 sys=0.00, real=0.01 secs] 
2020-04-13T16:04:47.189+0800: 1270.142: [GC pause (G1 Evacuation Pause) (young), 0.0045535 secs]
   [Parallel Time: 4.2 ms, GC Workers: 4]
      [GC Worker Start (ms): Min: 1270141.9, Avg: 1270142.0, Max: 1270142.0, Diff: 0.0]
      [Ext Root Scanning (ms): Min: 0.3, Avg: 0.4, Max: 0.5, Diff: 0.2, Sum: 1.5]
      [Update RS (ms): Min: 1.5, Avg: 1.8, Max: 1.9, Diff: 0.4, Sum: 7.1]
         [Processed Buffers: Min: 3, Avg: 7.2, Max: 9, Diff: 6, Sum: 29]
      [Scan RS (ms): Min: 0.6, Avg: 0.8, Max: 0.9, Diff: 0.3, Sum: 3.1]
      [Code Root Scanning (ms): Min: 0.0, Avg: 0.0, Max: 0.0, Diff: 0.0, Sum: 0.0]
      [Object Copy (ms): Min: 1.1, Avg: 1.1, Max: 1.2, Diff: 0.1, Sum: 4.5]
      [Termination (ms): Min: 0.0, Avg: 0.0, Max: 0.0, Diff: 0.0, Sum: 0.0]
         [Termination Attempts: Min: 1, Avg: 1.0, Max: 1, Diff: 0, Sum: 4]
      [GC Worker Other (ms): Min: 0.0, Avg: 0.0, Max: 0.0, Diff: 0.0, Sum: 0.0]
      [GC Worker Total (ms): Min: 4.1, Avg: 4.1, Max: 4.1, Diff: 0.0, Sum: 16.4]
      [GC Worker End (ms): Min: 1270146.1, Avg: 1270146.1, Max: 1270146.1, Diff: 0.0]
   [Code Root Fixup: 0.0 ms]
   [Code Root Purge: 0.0 ms]
   [Clear CT: 0.0 ms]
   [Other: 0.3 ms]
      [Choose CSet: 0.0 ms]
      [Ref Proc: 0.1 ms]
      [Ref Enq: 0.0 ms]
      [Redirty Cards: 0.1 ms]
      [Humongous Register: 0.0 ms]
      [Humongous Reclaim: 0.0 ms]
      [Free CSet: 0.0 ms]
   [Eden: 79.0M(79.0M)->0.0B(77.0M) Survivors: 1024.0K->2048.0K Heap: 227.2M(256.0M)->148.6M(256.0M)]
 [Times: user=0.01 sys=0.00, real=0.01 secs] 
2020-04-13T16:04:48.538+0800: 1271.491: [GC pause (G1 Evacuation Pause) (young) (initial-mark), 0.0051284 secs]
   [Parallel Time: 4.1 ms, GC Workers: 4]
      [GC Worker Start (ms): Min: 1271491.0, Avg: 1271491.0, Max: 1271491.0, Diff: 0.0]
      [Ext Root Scanning (ms): Min: 0.6, Avg: 0.6, Max: 0.6, Diff: 0.1, Sum: 2.3]
      [Update RS (ms): Min: 1.5, Avg: 1.6, Max: 1.8, Diff: 0.3, Sum: 6.3]
         [Processed Buffers: Min: 5, Avg: 7.8, Max: 12, Diff: 7, Sum: 31]
      [Scan RS (ms): Min: 0.5, Avg: 0.6, Max: 0.8, Diff: 0.3, Sum: 2.5]
      [Code Root Scanning (ms): Min: 0.0, Avg: 0.0, Max: 0.0, Diff: 0.0, Sum: 0.0]
      [Object Copy (ms): Min: 1.1, Avg: 1.2, Max: 1.3, Diff: 0.1, Sum: 4.8]
      [Termination (ms): Min: 0.0, Avg: 0.0, Max: 0.0, Diff: 0.0, Sum: 0.0]
         [Termination Attempts: Min: 1, Avg: 1.0, Max: 1, Diff: 0, Sum: 4]
      [GC Worker Other (ms): Min: 0.0, Avg: 0.0, Max: 0.0, Diff: 0.0, Sum: 0.0]
      [GC Worker Total (ms): Min: 4.0, Avg: 4.0, Max: 4.0, Diff: 0.0, Sum: 16.0]
      [GC Worker End (ms): Min: 1271495.0, Avg: 1271495.0, Max: 1271495.0, Diff: 0.0]
   [Code Root Fixup: 0.1 ms]
   [Code Root Purge: 0.0 ms]
   [Clear CT: 0.1 ms]
   [Other: 0.9 ms]
      [Choose CSet: 0.0 ms]
      [Ref Proc: 0.7 ms]
      [Ref Enq: 0.0 ms]
      [Redirty Cards: 0.1 ms]
      [Humongous Register: 0.0 ms]
      [Humongous Reclaim: 0.0 ms]
      [Free CSet: 0.0 ms]
   [Eden: 77.0M(77.0M)->0.0B(79.0M) Survivors: 2048.0K->1024.0K Heap: 225.6M(256.0M)->148.2M(256.0M)]
 [Times: user=0.02 sys=0.00, real=0.01 secs] 
2020-04-13T16:04:48.543+0800: 1271.496: [GC concurrent-root-region-scan-start]
2020-04-13T16:04:48.546+0800: 1271.499: [GC concurrent-root-region-scan-end, 0.0029210 secs]
2020-04-13T16:04:48.546+0800: 1271.499: [GC concurrent-mark-start]
2020-04-13T16:04:48.573+0800: 1271.525: [GC concurrent-mark-end, 0.0262858 secs]
2020-04-13T16:04:48.573+0800: 1271.526: [GC remark 2020-04-13T16:04:48.573+0800: 1271.526: [Finalize Marking, 0.0049526 secs] 2020-04-13T16:04:48.578+0800: 1271.531: [GC ref-proc, 0.0000778 secs] 2020-04-13T16:04:48.578+0800: 1271.531: [Unloading, 0.0056054 secs], 0.0128915 secs]
 [Times: user=0.02 sys=0.00, real=0.01 secs] 
2020-04-13T16:04:48.586+0800: 1271.539: [GC cleanup 149M->149M(256M), 0.0005169 secs]
 [Times: user=0.00 sys=0.00, real=0.00 secs] 
2020-04-13T16:04:49.881+0800: 1272.834: [GC pause (G1 Evacuation Pause) (young), 0.0040750 secs]
   [Parallel Time: 3.7 ms, GC Workers: 4]
      [GC Worker Start (ms): Min: 1272834.1, Avg: 1272834.1, Max: 1272834.1, Diff: 0.0]
      [Ext Root Scanning (ms): Min: 0.3, Avg: 0.4, Max: 0.5, Diff: 0.2, Sum: 1.5]
      [Update RS (ms): Min: 1.5, Avg: 1.5, Max: 1.7, Diff: 0.2, Sum: 6.2]
         [Processed Buffers: Min: 5, Avg: 8.5, Max: 13, Diff: 8, Sum: 34]
      [Scan RS (ms): Min: 0.5, Avg: 0.6, Max: 0.7, Diff: 0.3, Sum: 2.4]
      [Code Root Scanning (ms): Min: 0.0, Avg: 0.0, Max: 0.0, Diff: 0.0, Sum: 0.0]
      [Object Copy (ms): Min: 1.1, Avg: 1.1, Max: 1.1, Diff: 0.1, Sum: 4.3]
      [Termination (ms): Min: 0.0, Avg: 0.0, Max: 0.0, Diff: 0.0, Sum: 0.0]
         [Termination Attempts: Min: 1, Avg: 1.0, Max: 1, Diff: 0, Sum: 4]
      [GC Worker Other (ms): Min: 0.0, Avg: 0.0, Max: 0.1, Diff: 0.1, Sum: 0.1]
      [GC Worker Total (ms): Min: 3.6, Avg: 3.6, Max: 3.7, Diff: 0.0, Sum: 14.6]
      [GC Worker End (ms): Min: 1272837.7, Avg: 1272837.7, Max: 1272837.7, Diff: 0.0]
   [Code Root Fixup: 0.0 ms]
   [Code Root Purge: 0.0 ms]
   [Clear CT: 0.0 ms]
   [Other: 0.3 ms]
      [Choose CSet: 0.0 ms]
      [Ref Proc: 0.1 ms]
      [Ref Enq: 0.0 ms]
      [Redirty Cards: 0.1 ms]
      [Humongous Register: 0.0 ms]
      [Humongous Reclaim: 0.0 ms]
      [Free CSet: 0.0 ms]
   [Eden: 79.0M(79.0M)->0.0B(77.0M) Survivors: 1024.0K->2048.0K Heap: 227.2M(256.0M)->148.9M(256.0M)]
 [Times: user=0.01 sys=0.01, real=0.00 secs] 
2020-04-13T16:04:51.165+0800: 1274.118: [GC pause (G1 Evacuation Pause) (young), 0.0057191 secs]
   [Parallel Time: 4.2 ms, GC Workers: 4]
      [GC Worker Start (ms): Min: 1274118.0, Avg: 1274118.1, Max: 1274118.4, Diff: 0.4]
      [Ext Root Scanning (ms): Min: 0.1, Avg: 0.4, Max: 0.5, Diff: 0.4, Sum: 1.4]
      [Update RS (ms): Min: 1.5, Avg: 1.7, Max: 2.1, Diff: 0.6, Sum: 6.8]
         [Processed Buffers: Min: 7, Avg: 8.0, Max: 9, Diff: 2, Sum: 32]
      [Scan RS (ms): Min: 0.3, Avg: 0.8, Max: 1.4, Diff: 1.2, Sum: 3.1]
      [Code Root Scanning (ms): Min: 0.0, Avg: 0.0, Max: 0.0, Diff: 0.0, Sum: 0.0]
      [Object Copy (ms): Min: 0.7, Avg: 1.2, Max: 1.4, Diff: 0.7, Sum: 4.9]
      [Termination (ms): Min: 0.0, Avg: 0.0, Max: 0.0, Diff: 0.0, Sum: 0.0]
         [Termination Attempts: Min: 1, Avg: 1.0, Max: 1, Diff: 0, Sum: 4]
      [GC Worker Other (ms): Min: 0.0, Avg: 0.0, Max: 0.0, Diff: 0.0, Sum: 0.1]
      [GC Worker Total (ms): Min: 3.8, Avg: 4.1, Max: 4.2, Diff: 0.4, Sum: 16.3]
      [GC Worker End (ms): Min: 1274122.2, Avg: 1274122.2, Max: 1274122.2, Diff: 0.0]
   [Code Root Fixup: 0.1 ms]
   [Code Root Purge: 0.0 ms]
   [Clear CT: 0.1 ms]
   [Other: 1.4 ms]
      [Choose CSet: 0.0 ms]
      [Ref Proc: 1.2 ms]
      [Ref Enq: 0.0 ms]
      [Redirty Cards: 0.1 ms]
      [Humongous Register: 0.0 ms]
      [Humongous Reclaim: 0.0 ms]
      [Free CSet: 0.0 ms]
   [Eden: 77.0M(77.0M)->0.0B(79.0M) Survivors: 2048.0K->1024.0K Heap: 225.9M(256.0M)->148.4M(256.0M)]
 [Times: user=0.01 sys=0.00, real=0.01 secs] 
2020-04-13T16:04:52.484+0800: 1275.437: [GC pause (G1 Evacuation Pause) (young) (initial-mark), 0.0071575 secs]
   [Parallel Time: 6.7 ms, GC Workers: 4]
      [GC Worker Start (ms): Min: 1275437.3, Avg: 1275437.3, Max: 1275437.3, Diff: 0.0]
      [Ext Root Scanning (ms): Min: 0.6, Avg: 1.3, Max: 3.3, Diff: 2.7, Sum: 5.4]
      [Update RS (ms): Min: 0.0, Avg: 2.1, Max: 2.9, Diff: 2.9, Sum: 8.3]
         [Processed Buffers: Min: 0, Avg: 7.5, Max: 15, Diff: 15, Sum: 30]
      [Scan RS (ms): Min: 0.4, Avg: 0.5, Max: 0.7, Diff: 0.4, Sum: 2.2]
      [Code Root Scanning (ms): Min: 0.0, Avg: 0.0, Max: 0.0, Diff: 0.0, Sum: 0.0]
      [Object Copy (ms): Min: 1.4, Avg: 1.5, Max: 1.7, Diff: 0.3, Sum: 6.2]
      [Termination (ms): Min: 0.0, Avg: 0.8, Max: 1.3, Diff: 1.3, Sum: 3.2]
         [Termination Attempts: Min: 1, Avg: 1.0, Max: 1, Diff: 0, Sum: 4]
      [GC Worker Other (ms): Min: 0.0, Avg: 0.0, Max: 0.0, Diff: 0.0, Sum: 0.0]
      [GC Worker Total (ms): Min: 5.9, Avg: 6.3, Max: 6.6, Diff: 0.7, Sum: 25.3]
      [GC Worker End (ms): Min: 1275443.2, Avg: 1275443.6, Max: 1275443.9, Diff: 0.7]
   [Code Root Fixup: 0.0 ms]
   [Code Root Purge: 0.0 ms]
   [Clear CT: 0.1 ms]
   [Other: 0.4 ms]
      [Choose CSet: 0.0 ms]
      [Ref Proc: 0.2 ms]
      [Ref Enq: 0.0 ms]
      [Redirty Cards: 0.0 ms]
      [Humongous Register: 0.0 ms]
      [Humongous Reclaim: 0.0 ms]
      [Free CSet: 0.0 ms]
   [Eden: 79.0M(79.0M)->0.0B(79.0M) Survivors: 1024.0K->1024.0K Heap: 227.4M(256.0M)->148.6M(256.0M)]
 [Times: user=0.02 sys=0.00, real=0.01 secs] 
2020-04-13T16:04:52.492+0800: 1275.444: [GC concurrent-root-region-scan-start]
2020-04-13T16:04:52.495+0800: 1275.448: [GC concurrent-root-region-scan-end, 0.0030981 secs]
2020-04-13T16:04:52.495+0800: 1275.448: [GC concurrent-mark-start]
2020-04-13T16:04:52.515+0800: 1275.468: [GC concurrent-mark-end, 0.0200215 secs]
2020-04-13T16:04:52.515+0800: 1275.468: [GC remark 2020-04-13T16:04:52.515+0800: 1275.468: [Finalize Marking, 0.0003500 secs] 2020-04-13T16:04:52.516+0800: 1275.468: [GC ref-proc, 0.0000930 secs] 2020-04-13T16:04:52.516+0800: 1275.468: [Unloading, 0.0056867 secs], 0.0080430 secs]
 [Times: user=0.02 sys=0.00, real=0.01 secs] 
2020-04-13T16:04:52.524+0800: 1275.477: [GC cleanup 150M->150M(256M), 0.0006695 secs]
 [Times: user=0.00 sys=0.00, real=0.00 secs] 
2020-04-13T16:04:53.925+0800: 1276.878: [GC pause (G1 Evacuation Pause) (young), 0.0047764 secs]
   [Parallel Time: 4.4 ms, GC Workers: 4]
      [GC Worker Start (ms): Min: 1276877.6, Avg: 1276877.6, Max: 1276877.6, Diff: 0.0]
      [Ext Root Scanning (ms): Min: 0.3, Avg: 0.4, Max: 0.5, Diff: 0.2, Sum: 1.5]
      [Update RS (ms): Min: 1.4, Avg: 1.6, Max: 1.8, Diff: 0.3, Sum: 6.4]
         [Processed Buffers: Min: 6, Avg: 7.5, Max: 11, Diff: 5, Sum: 30]
      [Scan RS (ms): Min: 0.5, Avg: 1.1, Max: 1.6, Diff: 1.2, Sum: 4.4]
      [Code Root Scanning (ms): Min: 0.0, Avg: 0.0, Max: 0.0, Diff: 0.0, Sum: 0.0]
      [Object Copy (ms): Min: 0.8, Avg: 1.2, Max: 1.7, Diff: 1.0, Sum: 4.8]
      [Termination (ms): Min: 0.0, Avg: 0.0, Max: 0.0, Diff: 0.0, Sum: 0.0]
         [Termination Attempts: Min: 1, Avg: 1.0, Max: 1, Diff: 0, Sum: 4]
      [GC Worker Other (ms): Min: 0.0, Avg: 0.0, Max: 0.0, Diff: 0.0, Sum: 0.1]
      [GC Worker Total (ms): Min: 4.3, Avg: 4.3, Max: 4.3, Diff: 0.0, Sum: 17.3]
      [GC Worker End (ms): Min: 1276881.9, Avg: 1276881.9, Max: 1276881.9, Diff: 0.0]
   [Code Root Fixup: 0.0 ms]
   [Code Root Purge: 0.0 ms]
   [Clear CT: 0.1 ms]
   [Other: 0.3 ms]
      [Choose CSet: 0.0 ms]
      [Ref Proc: 0.1 ms]
      [Ref Enq: 0.0 ms]
      [Redirty Cards: 0.1 ms]
      [Humongous Register: 0.0 ms]
      [Humongous Reclaim: 0.0 ms]
      [Free CSet: 0.0 ms]
   [Eden: 79.0M(79.0M)->0.0B(79.0M) Survivors: 1024.0K->1024.0K Heap: 227.6M(256.0M)->148.6M(256.0M)]
 [Times: user=0.02 sys=0.00, real=0.01 secs] 
2020-04-13T16:04:55.297+0800: 1278.250: [GC pause (G1 Evacuation Pause) (young), 0.0043257 secs]
   [Parallel Time: 3.8 ms, GC Workers: 4]
      [GC Worker Start (ms): Min: 1278249.6, Avg: 1278249.7, Max: 1278249.7, Diff: 0.0]
      [Ext Root Scanning (ms): Min: 0.4, Avg: 0.5, Max: 0.7, Diff: 0.3, Sum: 2.1]
      [Update RS (ms): Min: 1.6, Avg: 1.7, Max: 1.8, Diff: 0.2, Sum: 6.8]
         [Processed Buffers: Min: 6, Avg: 8.8, Max: 12, Diff: 6, Sum: 35]
      [Scan RS (ms): Min: 0.3, Avg: 0.5, Max: 0.5, Diff: 0.2, Sum: 1.8]
      [Code Root Scanning (ms): Min: 0.0, Avg: 0.0, Max: 0.0, Diff: 0.0, Sum: 0.0]
      [Object Copy (ms): Min: 1.0, Avg: 1.1, Max: 1.2, Diff: 0.2, Sum: 4.3]
      [Termination (ms): Min: 0.0, Avg: 0.0, Max: 0.0, Diff: 0.0, Sum: 0.0]
         [Termination Attempts: Min: 1, Avg: 1.0, Max: 1, Diff: 0, Sum: 4]
      [GC Worker Other (ms): Min: 0.0, Avg: 0.0, Max: 0.0, Diff: 0.0, Sum: 0.1]
      [GC Worker Total (ms): Min: 3.7, Avg: 3.8, Max: 3.8, Diff: 0.0, Sum: 15.0]
      [GC Worker End (ms): Min: 1278253.4, Avg: 1278253.4, Max: 1278253.4, Diff: 0.0]
   [Code Root Fixup: 0.0 ms]
   [Code Root Purge: 0.0 ms]
   [Clear CT: 0.0 ms]
   [Other: 0.4 ms]
      [Choose CSet: 0.0 ms]
      [Ref Proc: 0.2 ms]
      [Ref Enq: 0.0 ms]
      [Redirty Cards: 0.1 ms]
      [Humongous Register: 0.0 ms]
      [Humongous Reclaim: 0.0 ms]
      [Free CSet: 0.0 ms]
   [Eden: 79.0M(79.0M)->0.0B(79.0M) Survivors: 1024.0K->1024.0K Heap: 227.6M(256.0M)->148.8M(256.0M)]
 [Times: user=0.01 sys=0.00, real=0.01 secs] 
2020-04-13T16:04:56.666+0800: 1279.619: [GC pause (G1 Evacuation Pause) (young) (initial-mark), 0.0047077 secs]
   [Parallel Time: 4.3 ms, GC Workers: 4]
      [GC Worker Start (ms): Min: 1279619.2, Avg: 1279619.2, Max: 1279619.2, Diff: 0.0]
      [Ext Root Scanning (ms): Min: 0.5, Avg: 0.6, Max: 0.6, Diff: 0.1, Sum: 2.3]
      [Update RS (ms): Min: 1.9, Avg: 2.1, Max: 2.2, Diff: 0.2, Sum: 8.2]
         [Processed Buffers: Min: 5, Avg: 8.8, Max: 15, Diff: 10, Sum: 35]
      [Scan RS (ms): Min: 0.4, Avg: 0.4, Max: 0.5, Diff: 0.2, Sum: 1.8]
      [Code Root Scanning (ms): Min: 0.0, Avg: 0.0, Max: 0.0, Diff: 0.0, Sum: 0.0]
      [Object Copy (ms): Min: 1.1, Avg: 1.1, Max: 1.1, Diff: 0.1, Sum: 4.4]
      [Termination (ms): Min: 0.0, Avg: 0.0, Max: 0.0, Diff: 0.0, Sum: 0.0]
         [Termination Attempts: Min: 1, Avg: 1.0, Max: 1, Diff: 0, Sum: 4]
      [GC Worker Other (ms): Min: 0.0, Avg: 0.0, Max: 0.0, Diff: 0.0, Sum: 0.0]
      [GC Worker Total (ms): Min: 4.2, Avg: 4.2, Max: 4.2, Diff: 0.0, Sum: 16.8]
      [GC Worker End (ms): Min: 1279623.4, Avg: 1279623.4, Max: 1279623.4, Diff: 0.0]
   [Code Root Fixup: 0.0 ms]
   [Code Root Purge: 0.0 ms]
   [Clear CT: 0.0 ms]
   [Other: 0.3 ms]
      [Choose CSet: 0.0 ms]
      [Ref Proc: 0.1 ms]
      [Ref Enq: 0.0 ms]
      [Redirty Cards: 0.0 ms]
      [Humongous Register: 0.0 ms]
      [Humongous Reclaim: 0.0 ms]
      [Free CSet: 0.0 ms]
   [Eden: 79.0M(79.0M)->0.0B(79.0M) Survivors: 1024.0K->1024.0K Heap: 227.8M(256.0M)->148.6M(256.0M)]
 [Times: user=0.01 sys=0.00, real=0.01 secs] 
2020-04-13T16:04:56.671+0800: 1279.624: [GC concurrent-root-region-scan-start]
2020-04-13T16:04:56.674+0800: 1279.627: [GC concurrent-root-region-scan-end, 0.0026641 secs]
2020-04-13T16:04:56.674+0800: 1279.627: [GC concurrent-mark-start]
2020-04-13T16:04:56.703+0800: 1279.655: [GC concurrent-mark-end, 0.0285844 secs]
2020-04-13T16:04:56.703+0800: 1279.655: [GC remark 2020-04-13T16:04:56.703+0800: 1279.655: [Finalize Marking, 0.0001197 secs] 2020-04-13T16:04:56.703+0800: 1279.656: [GC ref-proc, 0.0000775 secs] 2020-04-13T16:04:56.703+0800: 1279.656: [Unloading, 0.0035327 secs], 0.0056154 secs]
 [Times: user=0.01 sys=0.00, real=0.00 secs] 
2020-04-13T16:04:56.709+0800: 1279.662: [GC cleanup 150M->150M(256M), 0.0004194 secs]
 [Times: user=0.00 sys=0.00, real=0.01 secs] 
2020-04-13T16:04:58.014+0800: 1280.967: [GC pause (G1 Evacuation Pause) (young), 0.0053979 secs]
   [Parallel Time: 4.6 ms, GC Workers: 4]
      [GC Worker Start (ms): Min: 1280966.9, Avg: 1280967.0, Max: 1280967.1, Diff: 0.2]
      [Ext Root Scanning (ms): Min: 0.2, Avg: 0.7, Max: 1.7, Diff: 1.5, Sum: 2.8]
      [Update RS (ms): Min: 0.8, Avg: 1.8, Max: 2.2, Diff: 1.4, Sum: 7.1]
         [Processed Buffers: Min: 5, Avg: 9.2, Max: 14, Diff: 9, Sum: 37]
      [Scan RS (ms): Min: 0.5, Avg: 0.8, Max: 1.2, Diff: 0.7, Sum: 3.2]
      [Code Root Scanning (ms): Min: 0.0, Avg: 0.0, Max: 0.0, Diff: 0.0, Sum: 0.0]
      [Object Copy (ms): Min: 0.8, Avg: 1.1, Max: 1.3, Diff: 0.4, Sum: 4.5]
      [Termination (ms): Min: 0.0, Avg: 0.0, Max: 0.0, Diff: 0.0, Sum: 0.0]
         [Termination Attempts: Min: 1, Avg: 1.0, Max: 1, Diff: 0, Sum: 4]
      [GC Worker Other (ms): Min: 0.0, Avg: 0.0, Max: 0.0, Diff: 0.0, Sum: 0.0]
      [GC Worker Total (ms): Min: 4.3, Avg: 4.4, Max: 4.5, Diff: 0.2, Sum: 17.7]
      [GC Worker End (ms): Min: 1280971.5, Avg: 1280971.5, Max: 1280971.5, Diff: 0.0]
   [Code Root Fixup: 0.1 ms]
   [Code Root Purge: 0.0 ms]
   [Clear CT: 0.1 ms]
   [Other: 0.7 ms]
      [Choose CSet: 0.0 ms]
      [Ref Proc: 0.5 ms]
      [Ref Enq: 0.0 ms]
      [Redirty Cards: 0.1 ms]
      [Humongous Register: 0.0 ms]
      [Humongous Reclaim: 0.0 ms]
      [Free CSet: 0.0 ms]
   [Eden: 79.0M(79.0M)->0.0B(79.0M) Survivors: 1024.0K->1024.0K Heap: 227.6M(256.0M)->148.8M(256.0M)]
 [Times: user=0.02 sys=0.00, real=0.01 secs] 
2020-04-13T16:04:59.468+0800: 1282.420: [GC pause (G1 Evacuation Pause) (young), 0.0080491 secs]
   [Parallel Time: 7.3 ms, GC Workers: 4]
      [GC Worker Start (ms): Min: 1282420.3, Avg: 1282420.4, Max: 1282420.4, Diff: 0.1]
      [Ext Root Scanning (ms): Min: 0.7, Avg: 0.9, Max: 1.2, Diff: 0.4, Sum: 3.6]
      [Update RS (ms): Min: 2.7, Avg: 3.0, Max: 3.3, Diff: 0.6, Sum: 11.8]
         [Processed Buffers: Min: 0, Avg: 8.2, Max: 21, Diff: 21, Sum: 33]
      [Scan RS (ms): Min: 0.4, Avg: 0.8, Max: 1.7, Diff: 1.3, Sum: 3.4]
      [Code Root Scanning (ms): Min: 0.0, Avg: 0.0, Max: 0.0, Diff: 0.0, Sum: 0.0]
      [Object Copy (ms): Min: 0.9, Avg: 1.9, Max: 2.7, Diff: 1.8, Sum: 7.6]
      [Termination (ms): Min: 0.0, Avg: 0.5, Max: 0.7, Diff: 0.7, Sum: 1.9]
         [Termination Attempts: Min: 1, Avg: 1.2, Max: 2, Diff: 1, Sum: 5]
      [GC Worker Other (ms): Min: 0.0, Avg: 0.0, Max: 0.0, Diff: 0.0, Sum: 0.0]
      [GC Worker Total (ms): Min: 7.0, Avg: 7.1, Max: 7.2, Diff: 0.2, Sum: 28.3]
      [GC Worker End (ms): Min: 1282427.4, Avg: 1282427.5, Max: 1282427.6, Diff: 0.1]
   [Code Root Fixup: 0.1 ms]
   [Code Root Purge: 0.0 ms]
   [Clear CT: 0.1 ms]
   [Other: 0.7 ms]
      [Choose CSet: 0.0 ms]
      [Ref Proc: 0.5 ms]
      [Ref Enq: 0.0 ms]
      [Redirty Cards: 0.0 ms]
      [Humongous Register: 0.0 ms]
      [Humongous Reclaim: 0.0 ms]
      [Free CSet: 0.0 ms]
   [Eden: 79.0M(79.0M)->0.0B(78.0M) Survivors: 1024.0K->1024.0K Heap: 227.8M(256.0M)->148.8M(256.0M)]
 [Times: user=0.02 sys=0.00, real=0.01 secs] 
2020-04-13T16:05:00.743+0800: 1283.695: [GC pause (G1 Evacuation Pause) (young) (initial-mark), 0.0116561 secs]
   [Parallel Time: 5.8 ms, GC Workers: 4]
      [GC Worker Start (ms): Min: 1283695.2, Avg: 1283695.4, Max: 1283695.9, Diff: 0.7]
      [Ext Root Scanning (ms): Min: 0.0, Avg: 0.5, Max: 0.7, Diff: 0.7, Sum: 2.0]
      [Update RS (ms): Min: 1.8, Avg: 2.3, Max: 3.5, Diff: 1.7, Sum: 9.3]
         [Processed Buffers: Min: 3, Avg: 7.8, Max: 12, Diff: 9, Sum: 31]
      [Scan RS (ms): Min: 0.0, Avg: 0.6, Max: 1.0, Diff: 1.0, Sum: 2.4]
      [Code Root Scanning (ms): Min: 0.0, Avg: 0.0, Max: 0.0, Diff: 0.0, Sum: 0.0]
      [Object Copy (ms): Min: 1.0, Avg: 1.6, Max: 2.1, Diff: 1.1, Sum: 6.5]
      [Termination (ms): Min: 0.0, Avg: 0.3, Max: 0.4, Diff: 0.4, Sum: 1.2]
         [Termination Attempts: Min: 1, Avg: 1.0, Max: 1, Diff: 0, Sum: 4]
      [GC Worker Other (ms): Min: 0.0, Avg: 0.0, Max: 0.0, Diff: 0.0, Sum: 0.0]
      [GC Worker Total (ms): Min: 4.9, Avg: 5.4, Max: 5.6, Diff: 0.7, Sum: 21.5]
      [GC Worker End (ms): Min: 1283700.7, Avg: 1283700.8, Max: 1283700.8, Diff: 0.1]
   [Code Root Fixup: 0.0 ms]
   [Code Root Purge: 0.0 ms]
   [Clear CT: 0.0 ms]
   [Other: 5.8 ms]
      [Choose CSet: 0.0 ms]
      [Ref Proc: 5.6 ms]
      [Ref Enq: 0.0 ms]
      [Redirty Cards: 0.0 ms]
      [Humongous Register: 0.0 ms]
      [Humongous Reclaim: 0.0 ms]
      [Free CSet: 0.0 ms]
   [Eden: 78.0M(78.0M)->0.0B(78.0M) Survivors: 1024.0K->1024.0K Heap: 226.8M(256.0M)->149.0M(256.0M)]
 [Times: user=0.02 sys=0.00, real=0.01 secs] 
2020-04-13T16:05:00.754+0800: 1283.707: [GC concurrent-root-region-scan-start]
2020-04-13T16:05:00.758+0800: 1283.711: [GC concurrent-root-region-scan-end, 0.0040324 secs]
2020-04-13T16:05:00.758+0800: 1283.711: [GC concurrent-mark-start]
2020-04-13T16:05:00.783+0800: 1283.736: [GC concurrent-mark-end, 0.0249295 secs]
2020-04-13T16:05:00.783+0800: 1283.736: [GC remark 2020-04-13T16:05:00.783+0800: 1283.736: [Finalize Marking, 0.0002627 secs] 2020-04-13T16:05:00.784+0800: 1283.736: [GC ref-proc, 0.0000839 secs] 2020-04-13T16:05:00.784+0800: 1283.736: [Unloading, 0.0045826 secs], 0.0061920 secs]
 [Times: user=0.02 sys=0.00, real=0.01 secs] 
2020-04-13T16:05:00.790+0800: 1283.742: [GC cleanup 150M->150M(256M), 0.0003434 secs]
 [Times: user=0.00 sys=0.00, real=0.00 secs] 
2020-04-13T16:05:02.039+0800: 1284.992: [GC pause (G1 Evacuation Pause) (young), 0.0046145 secs]
   [Parallel Time: 3.6 ms, GC Workers: 4]
      [GC Worker Start (ms): Min: 1284992.1, Avg: 1284992.1, Max: 1284992.2, Diff: 0.0]
      [Ext Root Scanning (ms): Min: 0.3, Avg: 0.4, Max: 0.5, Diff: 0.2, Sum: 1.5]
      [Update RS (ms): Min: 1.1, Avg: 1.4, Max: 1.6, Diff: 0.4, Sum: 5.4]
         [Processed Buffers: Min: 4, Avg: 7.5, Max: 10, Diff: 6, Sum: 30]
      [Scan RS (ms): Min: 0.6, Avg: 0.8, Max: 0.9, Diff: 0.3, Sum: 3.3]
      [Code Root Scanning (ms): Min: 0.0, Avg: 0.0, Max: 0.0, Diff: 0.0, Sum: 0.0]
      [Object Copy (ms): Min: 1.0, Avg: 1.0, Max: 1.0, Diff: 0.1, Sum: 4.0]
      [Termination (ms): Min: 0.0, Avg: 0.0, Max: 0.0, Diff: 0.0, Sum: 0.0]
         [Termination Attempts: Min: 1, Avg: 1.0, Max: 1, Diff: 0, Sum: 4]
      [GC Worker Other (ms): Min: 0.0, Avg: 0.0, Max: 0.0, Diff: 0.0, Sum: 0.0]
      [GC Worker Total (ms): Min: 3.6, Avg: 3.6, Max: 3.6, Diff: 0.0, Sum: 14.3]
      [GC Worker End (ms): Min: 1284995.7, Avg: 1284995.7, Max: 1284995.7, Diff: 0.0]
   [Code Root Fixup: 0.0 ms]
   [Code Root Purge: 0.0 ms]
   [Clear CT: 0.1 ms]
   [Other: 0.9 ms]
      [Choose CSet: 0.0 ms]
      [Ref Proc: 0.6 ms]
      [Ref Enq: 0.0 ms]
      [Redirty Cards: 0.1 ms]
      [Humongous Register: 0.0 ms]
      [Humongous Reclaim: 0.0 ms]
      [Free CSet: 0.0 ms]
   [Eden: 78.0M(78.0M)->0.0B(11.0M) Survivors: 1024.0K->1024.0K Heap: 227.0M(256.0M)->148.8M(256.0M)]
 [Times: user=0.02 sys=0.00, real=0.01 secs] 
2020-04-13T16:05:02.207+0800: 1285.160: [GC pause (G1 Evacuation Pause) (mixed), 0.0054266 secs]
   [Parallel Time: 4.9 ms, GC Workers: 4]
      [GC Worker Start (ms): Min: 1285160.0, Avg: 1285160.0, Max: 1285160.0, Diff: 0.0]
      [Ext Root Scanning (ms): Min: 0.6, Avg: 0.6, Max: 0.7, Diff: 0.1, Sum: 2.6]
      [Update RS (ms): Min: 1.3, Avg: 1.3, Max: 1.3, Diff: 0.1, Sum: 5.2]
         [Processed Buffers: Min: 4, Avg: 5.2, Max: 8, Diff: 4, Sum: 21]
      [Scan RS (ms): Min: 1.6, Avg: 1.7, Max: 1.9, Diff: 0.4, Sum: 6.8]
      [Code Root Scanning (ms): Min: 0.0, Avg: 0.0, Max: 0.0, Diff: 0.0, Sum: 0.0]
      [Object Copy (ms): Min: 0.8, Avg: 1.1, Max: 1.2, Diff: 0.4, Sum: 4.5]
      [Termination (ms): Min: 0.0, Avg: 0.0, Max: 0.0, Diff: 0.0, Sum: 0.0]
         [Termination Attempts: Min: 1, Avg: 1.0, Max: 1, Diff: 0, Sum: 4]
      [GC Worker Other (ms): Min: 0.0, Avg: 0.0, Max: 0.1, Diff: 0.1, Sum: 0.1]
      [GC Worker Total (ms): Min: 4.8, Avg: 4.8, Max: 4.8, Diff: 0.0, Sum: 19.1]
      [GC Worker End (ms): Min: 1285164.8, Avg: 1285164.8, Max: 1285164.8, Diff: 0.0]
   [Code Root Fixup: 0.0 ms]
   [Code Root Purge: 0.0 ms]
   [Clear CT: 0.0 ms]
   [Other: 0.5 ms]
      [Choose CSet: 0.0 ms]
      [Ref Proc: 0.3 ms]
      [Ref Enq: 0.0 ms]
      [Redirty Cards: 0.0 ms]
      [Humongous Register: 0.0 ms]
      [Humongous Reclaim: 0.0 ms]
      [Free CSet: 0.0 ms]
   [Eden: 11.0M(11.0M)->0.0B(79.0M) Survivors: 1024.0K->1024.0K Heap: 159.8M(256.0M)->148.1M(256.0M)]
 [Times: user=0.01 sys=0.00, real=0.01 secs] 
2020-04-13T16:05:03.568+0800: 1286.521: [GC pause (G1 Evacuation Pause) (young), 0.0111030 secs]
   [Parallel Time: 6.4 ms, GC Workers: 4]
      [GC Worker Start (ms): Min: 1286521.8, Avg: 1286523.0, Max: 1286524.2, Diff: 2.5]
      [Ext Root Scanning (ms): Min: 0.0, Avg: 0.7, Max: 1.5, Diff: 1.5, Sum: 2.7]
      [Update RS (ms): Min: 1.2, Avg: 1.9, Max: 2.2, Diff: 1.0, Sum: 7.5]
         [Processed Buffers: Min: 4, Avg: 8.0, Max: 11, Diff: 7, Sum: 32]
      [Scan RS (ms): Min: 0.2, Avg: 0.6, Max: 0.8, Diff: 0.6, Sum: 2.6]
      [Code Root Scanning (ms): Min: 0.0, Avg: 0.0, Max: 0.0, Diff: 0.0, Sum: 0.0]
      [Object Copy (ms): Min: 1.0, Avg: 1.1, Max: 1.2, Diff: 0.2, Sum: 4.3]
      [Termination (ms): Min: 0.0, Avg: 0.0, Max: 0.0, Diff: 0.0, Sum: 0.0]
         [Termination Attempts: Min: 1, Avg: 1.0, Max: 1, Diff: 0, Sum: 4]
      [GC Worker Other (ms): Min: 0.0, Avg: 0.0, Max: 0.0, Diff: 0.0, Sum: 0.1]
      [GC Worker Total (ms): Min: 3.1, Avg: 4.3, Max: 5.5, Diff: 2.5, Sum: 17.2]
      [GC Worker End (ms): Min: 1286527.3, Avg: 1286527.3, Max: 1286527.3, Diff: 0.0]
   [Code Root Fixup: 0.0 ms]
   [Code Root Purge: 0.0 ms]
   [Clear CT: 0.1 ms]
   [Other: 4.6 ms]
      [Choose CSet: 0.0 ms]
      [Ref Proc: 4.4 ms]
      [Ref Enq: 0.0 ms]
      [Redirty Cards: 0.1 ms]
      [Humongous Register: 0.0 ms]
      [Humongous Reclaim: 0.0 ms]
      [Free CSet: 0.0 ms]
   [Eden: 79.0M(79.0M)->0.0B(79.0M) Survivors: 1024.0K->1024.0K Heap: 227.1M(256.0M)->147.9M(256.0M)]
 [Times: user=0.02 sys=0.00, real=0.02 secs] 
2020-04-13T16:05:04.980+0800: 1287.932: [GC pause (G1 Evacuation Pause) (young) (initial-mark), 0.0062291 secs]
   [Parallel Time: 4.9 ms, GC Workers: 4]
      [GC Worker Start (ms): Min: 1287932.4, Avg: 1287932.4, Max: 1287932.4, Diff: 0.0]
      [Ext Root Scanning (ms): Min: 0.5, Avg: 0.6, Max: 0.6, Diff: 0.1, Sum: 2.3]
      [Update RS (ms): Min: 1.6, Avg: 1.6, Max: 1.7, Diff: 0.1, Sum: 6.4]
         [Processed Buffers: Min: 4, Avg: 8.5, Max: 13, Diff: 9, Sum: 34]
      [Scan RS (ms): Min: 0.5, Avg: 0.6, Max: 0.6, Diff: 0.1, Sum: 2.3]
      [Code Root Scanning (ms): Min: 0.0, Avg: 0.0, Max: 0.0, Diff: 0.0, Sum: 0.0]
      [Object Copy (ms): Min: 1.4, Avg: 1.6, Max: 1.9, Diff: 0.5, Sum: 6.4]
      [Termination (ms): Min: 0.0, Avg: 0.5, Max: 0.6, Diff: 0.6, Sum: 1.8]
         [Termination Attempts: Min: 1, Avg: 1.0, Max: 1, Diff: 0, Sum: 4]
      [GC Worker Other (ms): Min: 0.0, Avg: 0.0, Max: 0.0, Diff: 0.0, Sum: 0.0]
      [GC Worker Total (ms): Min: 4.7, Avg: 4.8, Max: 4.9, Diff: 0.2, Sum: 19.3]
      [GC Worker End (ms): Min: 1287937.1, Avg: 1287937.2, Max: 1287937.3, Diff: 0.2]
   [Code Root Fixup: 0.1 ms]
   [Code Root Purge: 0.0 ms]
   [Clear CT: 0.1 ms]
   [Other: 1.2 ms]
      [Choose CSet: 0.0 ms]
      [Ref Proc: 0.9 ms]
      [Ref Enq: 0.0 ms]
      [Redirty Cards: 0.1 ms]
      [Humongous Register: 0.0 ms]
      [Humongous Reclaim: 0.0 ms]
      [Free CSet: 0.0 ms]
   [Eden: 79.0M(79.0M)->0.0B(79.0M) Survivors: 1024.0K->1024.0K Heap: 226.9M(256.0M)->148.2M(256.0M)]
 [Times: user=0.02 sys=0.00, real=0.00 secs] 
2020-04-13T16:05:04.986+0800: 1287.939: [GC concurrent-root-region-scan-start]
2020-04-13T16:05:04.992+0800: 1287.944: [GC concurrent-root-region-scan-end, 0.0056135 secs]
2020-04-13T16:05:04.992+0800: 1287.944: [GC concurrent-mark-start]
2020-04-13T16:05:05.016+0800: 1287.969: [GC concurrent-mark-end, 0.0243366 secs]
2020-04-13T16:05:05.016+0800: 1287.969: [GC remark 2020-04-13T16:05:05.016+0800: 1287.969: [Finalize Marking, 0.0002845 secs] 2020-04-13T16:05:05.017+0800: 1287.969: [GC ref-proc, 0.0000908 secs] 2020-04-13T16:05:05.017+0800: 1287.969: [Unloading, 0.0040279 secs], 0.0070813 secs]
 [Times: user=0.01 sys=0.00, real=0.01 secs] 
2020-04-13T16:05:05.024+0800: 1287.976: [GC cleanup 149M->149M(256M), 0.0006499 secs]
 [Times: user=0.00 sys=0.00, real=0.00 secs] 
2020-04-13T16:05:06.327+0800: 1289.279: [GC pause (G1 Evacuation Pause) (young), 0.0043914 secs]
   [Parallel Time: 4.0 ms, GC Workers: 4]
      [GC Worker Start (ms): Min: 1289279.3, Avg: 1289279.3, Max: 1289279.3, Diff: 0.0]
      [Ext Root Scanning (ms): Min: 0.3, Avg: 0.4, Max: 0.5, Diff: 0.2, Sum: 1.4]
      [Update RS (ms): Min: 1.9, Avg: 2.0, Max: 2.2, Diff: 0.3, Sum: 8.2]
         [Processed Buffers: Min: 5, Avg: 8.2, Max: 15, Diff: 10, Sum: 33]
      [Scan RS (ms): Min: 0.4, Avg: 0.4, Max: 0.5, Diff: 0.1, Sum: 1.7]
      [Code Root Scanning (ms): Min: 0.0, Avg: 0.0, Max: 0.0, Diff: 0.0, Sum: 0.0]
      [Object Copy (ms): Min: 1.0, Avg: 1.1, Max: 1.2, Diff: 0.1, Sum: 4.4]
      [Termination (ms): Min: 0.0, Avg: 0.0, Max: 0.0, Diff: 0.0, Sum: 0.0]
         [Termination Attempts: Min: 1, Avg: 1.0, Max: 1, Diff: 0, Sum: 4]
      [GC Worker Other (ms): Min: 0.0, Avg: 0.0, Max: 0.0, Diff: 0.0, Sum: 0.0]
      [GC Worker Total (ms): Min: 3.9, Avg: 3.9, Max: 4.0, Diff: 0.0, Sum: 15.8]
      [GC Worker End (ms): Min: 1289283.3, Avg: 1289283.3, Max: 1289283.3, Diff: 0.0]
   [Code Root Fixup: 0.0 ms]
   [Code Root Purge: 0.0 ms]
   [Clear CT: 0.1 ms]
   [Other: 0.3 ms]
      [Choose CSet: 0.0 ms]
      [Ref Proc: 0.1 ms]
      [Ref Enq: 0.0 ms]
      [Redirty Cards: 0.1 ms]
      [Humongous Register: 0.0 ms]
      [Humongous Reclaim: 0.0 ms]
      [Free CSet: 0.0 ms]
   [Eden: 79.0M(79.0M)->0.0B(79.0M) Survivors: 1024.0K->1024.0K Heap: 227.2M(256.0M)->148.0M(256.0M)]
 [Times: user=0.02 sys=0.00, real=0.01 secs] 
2020-04-13T16:05:07.666+0800: 1290.618: [GC pause (G1 Evacuation Pause) (young), 0.0047430 secs]
   [Parallel Time: 4.4 ms, GC Workers: 4]
      [GC Worker Start (ms): Min: 1290618.3, Avg: 1290618.3, Max: 1290618.3, Diff: 0.0]
      [Ext Root Scanning (ms): Min: 0.3, Avg: 0.4, Max: 0.5, Diff: 0.2, Sum: 1.5]
      [Update RS (ms): Min: 1.9, Avg: 2.3, Max: 3.3, Diff: 1.4, Sum: 9.3]
         [Processed Buffers: Min: 1, Avg: 8.5, Max: 14, Diff: 13, Sum: 34]
      [Scan RS (ms): Min: 0.0, Avg: 0.5, Max: 0.8, Diff: 0.8, Sum: 2.0]
      [Code Root Scanning (ms): Min: 0.0, Avg: 0.0, Max: 0.0, Diff: 0.0, Sum: 0.0]
      [Object Copy (ms): Min: 0.6, Avg: 1.0, Max: 1.2, Diff: 0.6, Sum: 4.2]
      [Termination (ms): Min: 0.0, Avg: 0.0, Max: 0.0, Diff: 0.0, Sum: 0.0]
         [Termination Attempts: Min: 1, Avg: 1.0, Max: 1, Diff: 0, Sum: 4]
      [GC Worker Other (ms): Min: 0.0, Avg: 0.0, Max: 0.0, Diff: 0.0, Sum: 0.1]
      [GC Worker Total (ms): Min: 4.3, Avg: 4.3, Max: 4.3, Diff: 0.0, Sum: 17.1]
      [GC Worker End (ms): Min: 1290622.6, Avg: 1290622.6, Max: 1290622.6, Diff: 0.0]
   [Code Root Fixup: 0.0 ms]
   [Code Root Purge: 0.0 ms]
   [Clear CT: 0.0 ms]
   [Other: 0.3 ms]
      [Choose CSet: 0.0 ms]
      [Ref Proc: 0.1 ms]
      [Ref Enq: 0.0 ms]
      [Redirty Cards: 0.1 ms]
      [Humongous Register: 0.0 ms]
      [Humongous Reclaim: 0.0 ms]
      [Free CSet: 0.0 ms]
   [Eden: 79.0M(79.0M)->0.0B(79.0M) Survivors: 1024.0K->1024.0K Heap: 227.0M(256.0M)->148.2M(256.0M)]
 [Times: user=0.01 sys=0.00, real=0.01 secs] 
2020-04-13T16:05:09.072+0800: 1292.025: [GC pause (G1 Evacuation Pause) (young) (initial-mark), 0.0049215 secs]
   [Parallel Time: 4.3 ms, GC Workers: 4]
      [GC Worker Start (ms): Min: 1292025.0, Avg: 1292025.0, Max: 1292025.0, Diff: 0.0]
      [Ext Root Scanning (ms): Min: 0.5, Avg: 0.6, Max: 0.6, Diff: 0.0, Sum: 2.2]
      [Update RS (ms): Min: 1.3, Avg: 1.4, Max: 1.5, Diff: 0.2, Sum: 5.7]
         [Processed Buffers: Min: 5, Avg: 8.5, Max: 12, Diff: 7, Sum: 34]
      [Scan RS (ms): Min: 0.7, Avg: 0.8, Max: 0.9, Diff: 0.2, Sum: 3.1]
      [Code Root Scanning (ms): Min: 0.0, Avg: 0.0, Max: 0.0, Diff: 0.0, Sum: 0.0]
      [Object Copy (ms): Min: 1.0, Avg: 1.1, Max: 1.3, Diff: 0.2, Sum: 4.5]
      [Termination (ms): Min: 0.0, Avg: 0.2, Max: 0.4, Diff: 0.4, Sum: 0.8]
         [Termination Attempts: Min: 1, Avg: 1.0, Max: 1, Diff: 0, Sum: 4]
      [GC Worker Other (ms): Min: 0.0, Avg: 0.0, Max: 0.1, Diff: 0.0, Sum: 0.1]
      [GC Worker Total (ms): Min: 4.1, Avg: 4.1, Max: 4.3, Diff: 0.2, Sum: 16.5]
      [GC Worker End (ms): Min: 1292029.1, Avg: 1292029.1, Max: 1292029.2, Diff: 0.2]
   [Code Root Fixup: 0.0 ms]
   [Code Root Purge: 0.0 ms]
   [Clear CT: 0.0 ms]
   [Other: 0.5 ms]
      [Choose CSet: 0.0 ms]
      [Ref Proc: 0.3 ms]
      [Ref Enq: 0.0 ms]
      [Redirty Cards: 0.1 ms]
      [Humongous Register: 0.0 ms]
      [Humongous Reclaim: 0.0 ms]
      [Free CSet: 0.0 ms]
   [Eden: 79.0M(79.0M)->0.0B(77.0M) Survivors: 1024.0K->2048.0K Heap: 227.2M(256.0M)->148.7M(256.0M)]
 [Times: user=0.01 sys=0.00, real=0.00 secs] 
2020-04-13T16:05:09.077+0800: 1292.030: [GC concurrent-root-region-scan-start]
2020-04-13T16:05:09.082+0800: 1292.034: [GC concurrent-root-region-scan-end, 0.0045069 secs]
2020-04-13T16:05:09.082+0800: 1292.034: [GC concurrent-mark-start]
2020-04-13T16:05:09.105+0800: 1292.057: [GC concurrent-mark-end, 0.0229751 secs]
2020-04-13T16:05:09.105+0800: 1292.058: [GC remark 2020-04-13T16:05:09.105+0800: 1292.058: [Finalize Marking, 0.0001053 secs] 2020-04-13T16:05:09.105+0800: 1292.058: [GC ref-proc, 0.0000596 secs] 2020-04-13T16:05:09.105+0800: 1292.058: [Unloading, 0.0042177 secs], 0.0056869 secs]
 [Times: user=0.01 sys=0.00, real=0.01 secs] 
2020-04-13T16:05:09.111+0800: 1292.063: [GC cleanup 150M->150M(256M), 0.0003604 secs]
 [Times: user=0.00 sys=0.00, real=0.00 secs] 
2020-04-13T16:05:10.528+0800: 1293.480: [GC pause (G1 Evacuation Pause) (young), 0.0042213 secs]
   [Parallel Time: 3.8 ms, GC Workers: 4]
      [GC Worker Start (ms): Min: 1293480.5, Avg: 1293480.6, Max: 1293480.9, Diff: 0.5]
      [Ext Root Scanning (ms): Min: 0.0, Avg: 0.3, Max: 0.5, Diff: 0.5, Sum: 1.2]
      [Update RS (ms): Min: 1.3, Avg: 1.5, Max: 1.6, Diff: 0.2, Sum: 5.8]
         [Processed Buffers: Min: 5, Avg: 9.0, Max: 16, Diff: 11, Sum: 36]
      [Scan RS (ms): Min: 0.5, Avg: 0.7, Max: 0.8, Diff: 0.3, Sum: 2.8]
      [Code Root Scanning (ms): Min: 0.0, Avg: 0.0, Max: 0.0, Diff: 0.0, Sum: 0.0]
      [Object Copy (ms): Min: 1.0, Avg: 1.1, Max: 1.1, Diff: 0.1, Sum: 4.3]
      [Termination (ms): Min: 0.0, Avg: 0.0, Max: 0.0, Diff: 0.0, Sum: 0.0]
         [Termination Attempts: Min: 1, Avg: 1.0, Max: 1, Diff: 0, Sum: 4]
      [GC Worker Other (ms): Min: 0.0, Avg: 0.0, Max: 0.0, Diff: 0.0, Sum: 0.0]
      [GC Worker Total (ms): Min: 3.2, Avg: 3.5, Max: 3.7, Diff: 0.5, Sum: 14.1]
      [GC Worker End (ms): Min: 1293484.2, Avg: 1293484.2, Max: 1293484.2, Diff: 0.0]
   [Code Root Fixup: 0.0 ms]
   [Code Root Purge: 0.0 ms]
   [Clear CT: 0.1 ms]
   [Other: 0.3 ms]
      [Choose CSet: 0.0 ms]
      [Ref Proc: 0.1 ms]
      [Ref Enq: 0.0 ms]
      [Redirty Cards: 0.1 ms]
      [Humongous Register: 0.0 ms]
      [Humongous Reclaim: 0.0 ms]
      [Free CSet: 0.0 ms]
   [Eden: 77.0M(77.0M)->0.0B(79.0M) Survivors: 2048.0K->1024.0K Heap: 225.7M(256.0M)->148.2M(256.0M)]
 [Times: user=0.01 sys=0.00, real=0.01 secs] 
2020-04-13T16:05:12.033+0800: 1294.985: [GC pause (G1 Evacuation Pause) (young), 0.0043000 secs]
   [Parallel Time: 3.6 ms, GC Workers: 4]
      [GC Worker Start (ms): Min: 1294985.1, Avg: 1294985.2, Max: 1294985.2, Diff: 0.1]
      [Ext Root Scanning (ms): Min: 0.3, Avg: 0.4, Max: 0.5, Diff: 0.2, Sum: 1.5]
      [Update RS (ms): Min: 1.4, Avg: 1.5, Max: 1.6, Diff: 0.2, Sum: 6.0]
         [Processed Buffers: Min: 4, Avg: 8.0, Max: 12, Diff: 8, Sum: 32]
      [Scan RS (ms): Min: 0.5, Avg: 0.6, Max: 0.8, Diff: 0.3, Sum: 2.6]
      [Code Root Scanning (ms): Min: 0.0, Avg: 0.0, Max: 0.0, Diff: 0.0, Sum: 0.0]
      [Object Copy (ms): Min: 1.0, Avg: 1.0, Max: 1.0, Diff: 0.1, Sum: 4.0]
      [Termination (ms): Min: 0.0, Avg: 0.0, Max: 0.0, Diff: 0.0, Sum: 0.0]
         [Termination Attempts: Min: 1, Avg: 1.0, Max: 1, Diff: 0, Sum: 4]
      [GC Worker Other (ms): Min: 0.0, Avg: 0.0, Max: 0.0, Diff: 0.0, Sum: 0.0]
      [GC Worker Total (ms): Min: 3.5, Avg: 3.5, Max: 3.5, Diff: 0.1, Sum: 14.1]
      [GC Worker End (ms): Min: 1294988.7, Avg: 1294988.7, Max: 1294988.7, Diff: 0.0]
   [Code Root Fixup: 0.0 ms]
   [Code Root Purge: 0.0 ms]
   [Clear CT: 0.0 ms]
   [Other: 0.6 ms]
      [Choose CSet: 0.0 ms]
      [Ref Proc: 0.5 ms]
      [Ref Enq: 0.0 ms]
      [Redirty Cards: 0.0 ms]
      [Humongous Register: 0.0 ms]
      [Humongous Reclaim: 0.0 ms]
      [Free CSet: 0.0 ms]
   [Eden: 79.0M(79.0M)->0.0B(79.0M) Survivors: 1024.0K->1024.0K Heap: 227.2M(256.0M)->148.5M(256.0M)]
 [Times: user=0.01 sys=0.00, real=0.00 secs] 
2020-04-13T16:05:13.591+0800: 1296.543: [GC pause (G1 Evacuation Pause) (young) (initial-mark), 0.0044286 secs]
   [Parallel Time: 4.0 ms, GC Workers: 4]
      [GC Worker Start (ms): Min: 1296543.3, Avg: 1296543.3, Max: 1296543.3, Diff: 0.0]
      [Ext Root Scanning (ms): Min: 0.6, Avg: 0.6, Max: 0.6, Diff: 0.0, Sum: 2.4]
      [Update RS (ms): Min: 1.6, Avg: 1.7, Max: 1.8, Diff: 0.2, Sum: 6.6]
         [Processed Buffers: Min: 6, Avg: 7.8, Max: 12, Diff: 6, Sum: 31]
      [Scan RS (ms): Min: 0.4, Avg: 0.6, Max: 0.8, Diff: 0.4, Sum: 2.3]
      [Code Root Scanning (ms): Min: 0.0, Avg: 0.0, Max: 0.0, Diff: 0.0, Sum: 0.0]
      [Object Copy (ms): Min: 1.0, Avg: 1.1, Max: 1.2, Diff: 0.2, Sum: 4.4]
      [Termination (ms): Min: 0.0, Avg: 0.0, Max: 0.0, Diff: 0.0, Sum: 0.0]
         [Termination Attempts: Min: 1, Avg: 1.0, Max: 1, Diff: 0, Sum: 4]
      [GC Worker Other (ms): Min: 0.0, Avg: 0.0, Max: 0.0, Diff: 0.0, Sum: 0.0]
      [GC Worker Total (ms): Min: 3.9, Avg: 3.9, Max: 3.9, Diff: 0.0, Sum: 15.7]
      [GC Worker End (ms): Min: 1296547.2, Avg: 1296547.2, Max: 1296547.2, Diff: 0.0]
   [Code Root Fixup: 0.0 ms]
   [Code Root Purge: 0.0 ms]
   [Clear CT: 0.0 ms]
   [Other: 0.4 ms]
      [Choose CSet: 0.0 ms]
      [Ref Proc: 0.1 ms]
      [Ref Enq: 0.0 ms]
      [Redirty Cards: 0.1 ms]
      [Humongous Register: 0.0 ms]
      [Humongous Reclaim: 0.0 ms]
      [Free CSet: 0.0 ms]
   [Eden: 79.0M(79.0M)->0.0B(79.0M) Survivors: 1024.0K->1024.0K Heap: 227.5M(256.0M)->148.2M(256.0M)]
 [Times: user=0.02 sys=0.00, real=0.00 secs] 
2020-04-13T16:05:13.595+0800: 1296.548: [GC concurrent-root-region-scan-start]
2020-04-13T16:05:13.599+0800: 1296.551: [GC concurrent-root-region-scan-end, 0.0032441 secs]
2020-04-13T16:05:13.599+0800: 1296.551: [GC concurrent-mark-start]
2020-04-13T16:05:13.627+0800: 1296.580: [GC concurrent-mark-end, 0.0284704 secs]
2020-04-13T16:05:13.627+0800: 1296.580: [GC remark 2020-04-13T16:05:13.627+0800: 1296.580: [Finalize Marking, 0.0014876 secs] 2020-04-13T16:05:13.629+0800: 1296.581: [GC ref-proc, 0.0000701 secs] 2020-04-13T16:05:13.629+0800: 1296.581: [Unloading, 0.0036019 secs], 0.0064404 secs]
 [Times: user=0.02 sys=0.00, real=0.01 secs] 
2020-04-13T16:05:13.634+0800: 1296.586: [GC cleanup 149M->149M(256M), 0.0008887 secs]
 [Times: user=0.00 sys=0.00, real=0.00 secs] 
2020-04-13T16:05:15.219+0800: 1298.171: [GC pause (G1 Evacuation Pause) (young), 0.0059273 secs]
   [Parallel Time: 5.2 ms, GC Workers: 4]
      [GC Worker Start (ms): Min: 1298171.4, Avg: 1298171.9, Max: 1298172.9, Diff: 1.4]
      [Ext Root Scanning (ms): Min: 0.0, Avg: 0.4, Max: 0.7, Diff: 0.6, Sum: 1.4]
      [Update RS (ms): Min: 1.7, Avg: 2.7, Max: 4.4, Diff: 2.7, Sum: 10.9]
         [Processed Buffers: Min: 1, Avg: 8.5, Max: 13, Diff: 12, Sum: 34]
      [Scan RS (ms): Min: 0.0, Avg: 0.3, Max: 0.4, Diff: 0.4, Sum: 1.2]
      [Code Root Scanning (ms): Min: 0.0, Avg: 0.0, Max: 0.0, Diff: 0.0, Sum: 0.0]
      [Object Copy (ms): Min: 0.0, Avg: 0.9, Max: 1.3, Diff: 1.2, Sum: 3.7]
      [Termination (ms): Min: 0.0, Avg: 0.3, Max: 0.4, Diff: 0.4, Sum: 1.2]
         [Termination Attempts: Min: 1, Avg: 2.8, Max: 4, Diff: 3, Sum: 11]
      [GC Worker Other (ms): Min: 0.0, Avg: 0.0, Max: 0.0, Diff: 0.0, Sum: 0.1]
      [GC Worker Total (ms): Min: 3.6, Avg: 4.6, Max: 5.1, Diff: 1.4, Sum: 18.5]
      [GC Worker End (ms): Min: 1298176.5, Avg: 1298176.5, Max: 1298176.5, Diff: 0.0]
   [Code Root Fixup: 0.0 ms]
   [Code Root Purge: 0.0 ms]
   [Clear CT: 0.0 ms]
   [Other: 0.7 ms]
      [Choose CSet: 0.0 ms]
      [Ref Proc: 0.5 ms]
      [Ref Enq: 0.0 ms]
      [Redirty Cards: 0.0 ms]
      [Humongous Register: 0.0 ms]
      [Humongous Reclaim: 0.0 ms]
      [Free CSet: 0.0 ms]
   [Eden: 79.0M(79.0M)->0.0B(79.0M) Survivors: 1024.0K->1024.0K Heap: 227.2M(256.0M)->148.6M(256.0M)]
 [Times: user=0.02 sys=0.00, real=0.01 secs] 
2020-04-13T16:05:16.722+0800: 1299.674: [GC pause (G1 Evacuation Pause) (young), 0.0041344 secs]
   [Parallel Time: 3.7 ms, GC Workers: 4]
      [GC Worker Start (ms): Min: 1299674.1, Avg: 1299674.2, Max: 1299674.2, Diff: 0.1]
      [Ext Root Scanning (ms): Min: 0.3, Avg: 0.4, Max: 0.5, Diff: 0.2, Sum: 1.5]
      [Update RS (ms): Min: 1.4, Avg: 1.6, Max: 1.7, Diff: 0.3, Sum: 6.5]
         [Processed Buffers: Min: 4, Avg: 8.0, Max: 11, Diff: 7, Sum: 32]
      [Scan RS (ms): Min: 0.5, Avg: 0.6, Max: 0.8, Diff: 0.3, Sum: 2.4]
      [Code Root Scanning (ms): Min: 0.0, Avg: 0.0, Max: 0.0, Diff: 0.0, Sum: 0.0]
      [Object Copy (ms): Min: 0.9, Avg: 1.0, Max: 1.0, Diff: 0.1, Sum: 4.0]
      [Termination (ms): Min: 0.0, Avg: 0.0, Max: 0.0, Diff: 0.0, Sum: 0.0]
         [Termination Attempts: Min: 1, Avg: 1.0, Max: 1, Diff: 0, Sum: 4]
      [GC Worker Other (ms): Min: 0.0, Avg: 0.0, Max: 0.0, Diff: 0.0, Sum: 0.1]
      [GC Worker Total (ms): Min: 3.6, Avg: 3.6, Max: 3.6, Diff: 0.1, Sum: 14.5]
      [GC Worker End (ms): Min: 1299677.8, Avg: 1299677.8, Max: 1299677.8, Diff: 0.0]
   [Code Root Fixup: 0.0 ms]
   [Code Root Purge: 0.0 ms]
   [Clear CT: 0.1 ms]
   [Other: 0.3 ms]
      [Choose CSet: 0.0 ms]
      [Ref Proc: 0.1 ms]
      [Ref Enq: 0.0 ms]
      [Redirty Cards: 0.0 ms]
      [Humongous Register: 0.0 ms]
      [Humongous Reclaim: 0.0 ms]
      [Free CSet: 0.0 ms]
   [Eden: 79.0M(79.0M)->0.0B(79.0M) Survivors: 1024.0K->1024.0K Heap: 227.6M(256.0M)->148.4M(256.0M)]
 [Times: user=0.01 sys=0.00, real=0.00 secs] 
2020-04-13T16:05:18.254+0800: 1301.206: [GC pause (G1 Evacuation Pause) (young) (initial-mark), 0.0175806 secs]
   [Parallel Time: 17.2 ms, GC Workers: 4]
      [GC Worker Start (ms): Min: 1301206.5, Avg: 1301206.5, Max: 1301206.5, Diff: 0.0]
      [Ext Root Scanning (ms): Min: 0.5, Avg: 0.6, Max: 0.6, Diff: 0.0, Sum: 2.3]
      [Update RS (ms): Min: 2.2, Avg: 4.0, Max: 8.1, Diff: 5.9, Sum: 16.2]
         [Processed Buffers: Min: 5, Avg: 8.5, Max: 16, Diff: 11, Sum: 34]
      [Scan RS (ms): Min: 0.0, Avg: 2.0, Max: 5.9, Diff: 5.9, Sum: 7.9]
      [Code Root Scanning (ms): Min: 0.0, Avg: 0.0, Max: 0.0, Diff: 0.0, Sum: 0.0]
      [Object Copy (ms): Min: 1.2, Avg: 3.5, Max: 5.9, Diff: 4.6, Sum: 13.8]
      [Termination (ms): Min: 0.0, Avg: 3.7, Max: 7.2, Diff: 7.2, Sum: 14.8]
         [Termination Attempts: Min: 1, Avg: 1.0, Max: 1, Diff: 0, Sum: 4]
      [GC Worker Other (ms): Min: 0.0, Avg: 0.0, Max: 0.0, Diff: 0.0, Sum: 0.1]
      [GC Worker Total (ms): Min: 10.5, Avg: 13.8, Max: 17.1, Diff: 6.6, Sum: 55.1]
      [GC Worker End (ms): Min: 1301217.0, Avg: 1301220.3, Max: 1301223.7, Diff: 6.6]
   [Code Root Fixup: 0.0 ms]
   [Code Root Purge: 0.0 ms]
   [Clear CT: 0.0 ms]
   [Other: 0.3 ms]
      [Choose CSet: 0.0 ms]
      [Ref Proc: 0.1 ms]
      [Ref Enq: 0.0 ms]
      [Redirty Cards: 0.1 ms]
      [Humongous Register: 0.0 ms]
      [Humongous Reclaim: 0.0 ms]
      [Free CSet: 0.0 ms]
   [Eden: 79.0M(79.0M)->0.0B(79.0M) Survivors: 1024.0K->1024.0K Heap: 227.4M(256.0M)->148.6M(256.0M)]
 [Times: user=0.02 sys=0.00, real=0.02 secs] 
2020-04-13T16:05:18.272+0800: 1301.224: [GC concurrent-root-region-scan-start]
2020-04-13T16:05:18.275+0800: 1301.227: [GC concurrent-root-region-scan-end, 0.0027452 secs]
2020-04-13T16:05:18.275+0800: 1301.227: [GC concurrent-mark-start]
2020-04-13T16:05:18.300+0800: 1301.252: [GC concurrent-mark-end, 0.0250850 secs]
2020-04-13T16:05:18.300+0800: 1301.252: [GC remark 2020-04-13T16:05:18.300+0800: 1301.252: [Finalize Marking, 0.0001231 secs] 2020-04-13T16:05:18.300+0800: 1301.252: [GC ref-proc, 0.0000669 secs] 2020-04-13T16:05:18.300+0800: 1301.252: [Unloading, 0.0040063 secs], 0.0056092 secs]
 [Times: user=0.01 sys=0.00, real=0.00 secs] 
2020-04-13T16:05:18.306+0800: 1301.258: [GC cleanup 150M->150M(256M), 0.0003444 secs]
 [Times: user=0.00 sys=0.00, real=0.00 secs] 
2020-04-13T16:05:19.839+0800: 1302.791: [GC pause (G1 Evacuation Pause) (young), 0.0041602 secs]
   [Parallel Time: 3.8 ms, GC Workers: 4]
      [GC Worker Start (ms): Min: 1302791.3, Avg: 1302791.3, Max: 1302791.3, Diff: 0.0]
      [Ext Root Scanning (ms): Min: 0.4, Avg: 0.4, Max: 0.5, Diff: 0.1, Sum: 1.6]
      [Update RS (ms): Min: 1.4, Avg: 1.5, Max: 1.6, Diff: 0.2, Sum: 6.1]
         [Processed Buffers: Min: 4, Avg: 9.2, Max: 15, Diff: 11, Sum: 37]
      [Scan RS (ms): Min: 0.7, Avg: 0.7, Max: 0.8, Diff: 0.1, Sum: 2.8]
      [Code Root Scanning (ms): Min: 0.0, Avg: 0.0, Max: 0.0, Diff: 0.0, Sum: 0.0]
      [Object Copy (ms): Min: 1.0, Avg: 1.0, Max: 1.1, Diff: 0.1, Sum: 4.1]
      [Termination (ms): Min: 0.0, Avg: 0.0, Max: 0.0, Diff: 0.0, Sum: 0.0]
         [Termination Attempts: Min: 1, Avg: 1.0, Max: 1, Diff: 0, Sum: 4]
      [GC Worker Other (ms): Min: 0.0, Avg: 0.0, Max: 0.0, Diff: 0.0, Sum: 0.1]
      [GC Worker Total (ms): Min: 3.7, Avg: 3.7, Max: 3.7, Diff: 0.0, Sum: 14.7]
      [GC Worker End (ms): Min: 1302795.0, Avg: 1302795.0, Max: 1302795.0, Diff: 0.0]
   [Code Root Fixup: 0.1 ms]
   [Code Root Purge: 0.0 ms]
   [Clear CT: 0.1 ms]
   [Other: 0.3 ms]
      [Choose CSet: 0.0 ms]
      [Ref Proc: 0.1 ms]
      [Ref Enq: 0.0 ms]
      [Redirty Cards: 0.1 ms]
      [Humongous Register: 0.0 ms]
      [Humongous Reclaim: 0.0 ms]
      [Free CSet: 0.0 ms]
   [Eden: 79.0M(79.0M)->0.0B(79.0M) Survivors: 1024.0K->1024.0K Heap: 227.6M(256.0M)->148.7M(256.0M)]
 [Times: user=0.01 sys=0.01, real=0.01 secs] 
2020-04-13T16:05:21.396+0800: 1304.348: [GC pause (G1 Evacuation Pause) (young), 0.0064133 secs]
   [Parallel Time: 4.6 ms, GC Workers: 4]
      [GC Worker Start (ms): Min: 1304347.9, Avg: 1304348.0, Max: 1304348.0, Diff: 0.1]
      [Ext Root Scanning (ms): Min: 0.3, Avg: 0.4, Max: 0.5, Diff: 0.2, Sum: 1.4]
      [Update RS (ms): Min: 1.5, Avg: 2.0, Max: 2.5, Diff: 1.0, Sum: 8.1]
         [Processed Buffers: Min: 2, Avg: 8.5, Max: 14, Diff: 12, Sum: 34]
      [Scan RS (ms): Min: 0.4, Avg: 0.7, Max: 0.9, Diff: 0.6, Sum: 2.8]
      [Code Root Scanning (ms): Min: 0.0, Avg: 0.0, Max: 0.0, Diff: 0.0, Sum: 0.0]
      [Object Copy (ms): Min: 1.1, Avg: 1.3, Max: 1.7, Diff: 0.7, Sum: 5.1]
      [Termination (ms): Min: 0.0, Avg: 0.0, Max: 0.0, Diff: 0.0, Sum: 0.0]
         [Termination Attempts: Min: 1, Avg: 1.0, Max: 1, Diff: 0, Sum: 4]
      [GC Worker Other (ms): Min: 0.0, Avg: 0.0, Max: 0.0, Diff: 0.0, Sum: 0.0]
      [GC Worker Total (ms): Min: 4.3, Avg: 4.4, Max: 4.4, Diff: 0.1, Sum: 17.5]
      [GC Worker End (ms): Min: 1304352.3, Avg: 1304352.3, Max: 1304352.3, Diff: 0.0]
   [Code Root Fixup: 0.1 ms]
   [Code Root Purge: 0.0 ms]
   [Clear CT: 0.1 ms]
   [Other: 1.7 ms]
      [Choose CSet: 0.0 ms]
      [Ref Proc: 1.5 ms]
      [Ref Enq: 0.0 ms]
      [Redirty Cards: 0.0 ms]
      [Humongous Register: 0.0 ms]
      [Humongous Reclaim: 0.0 ms]
      [Free CSet: 0.0 ms]
   [Eden: 79.0M(79.0M)->0.0B(79.0M) Survivors: 1024.0K->1024.0K Heap: 227.7M(256.0M)->148.5M(256.0M)]
 [Times: user=0.01 sys=0.00, real=0.01 secs] 
2020-04-13T16:05:22.893+0800: 1305.845: [GC pause (G1 Evacuation Pause) (young) (initial-mark), 0.0081002 secs]
   [Parallel Time: 7.0 ms, GC Workers: 4]
      [GC Worker Start (ms): Min: 1305845.4, Avg: 1305845.7, Max: 1305846.3, Diff: 0.9]
      [Ext Root Scanning (ms): Min: 0.1, Avg: 0.6, Max: 1.0, Diff: 0.9, Sum: 2.4]
      [Update RS (ms): Min: 1.6, Avg: 2.7, Max: 5.6, Diff: 4.0, Sum: 10.8]
         [Processed Buffers: Min: 0, Avg: 7.8, Max: 16, Diff: 16, Sum: 31]
      [Scan RS (ms): Min: 0.0, Avg: 0.9, Max: 1.3, Diff: 1.3, Sum: 3.6]
      [Code Root Scanning (ms): Min: 0.0, Avg: 0.0, Max: 0.0, Diff: 0.0, Sum: 0.0]
      [Object Copy (ms): Min: 0.0, Avg: 1.5, Max: 2.1, Diff: 2.1, Sum: 5.8]
      [Termination (ms): Min: 0.0, Avg: 0.7, Max: 1.2, Diff: 1.2, Sum: 2.6]
         [Termination Attempts: Min: 1, Avg: 2.5, Max: 4, Diff: 3, Sum: 10]
      [GC Worker Other (ms): Min: 0.0, Avg: 0.0, Max: 0.0, Diff: 0.0, Sum: 0.0]
      [GC Worker Total (ms): Min: 6.0, Avg: 6.3, Max: 6.6, Diff: 0.5, Sum: 25.3]
      [GC Worker End (ms): Min: 1305851.9, Avg: 1305852.0, Max: 1305852.3, Diff: 0.4]
   [Code Root Fixup: 0.0 ms]
   [Code Root Purge: 0.0 ms]
   [Clear CT: 0.1 ms]
   [Other: 1.0 ms]
      [Choose CSet: 0.0 ms]
      [Ref Proc: 0.5 ms]
      [Ref Enq: 0.0 ms]
      [Redirty Cards: 0.3 ms]
      [Humongous Register: 0.0 ms]
      [Humongous Reclaim: 0.0 ms]
      [Free CSet: 0.0 ms]
   [Eden: 79.0M(79.0M)->0.0B(79.0M) Survivors: 1024.0K->1024.0K Heap: 227.5M(256.0M)->148.5M(256.0M)]
 [Times: user=0.02 sys=0.00, real=0.01 secs] 
2020-04-13T16:05:22.901+0800: 1305.853: [GC concurrent-root-region-scan-start]
2020-04-13T16:05:22.904+0800: 1305.856: [GC concurrent-root-region-scan-end, 0.0029885 secs]
2020-04-13T16:05:22.904+0800: 1305.856: [GC concurrent-mark-start]
2020-04-13T16:05:22.939+0800: 1305.891: [GC concurrent-mark-end, 0.0344266 secs]
2020-04-13T16:05:22.939+0800: 1305.891: [GC remark 2020-04-13T16:05:22.939+0800: 1305.891: [Finalize Marking, 0.0001228 secs] 2020-04-13T16:05:22.939+0800: 1305.891: [GC ref-proc, 0.0000750 secs] 2020-04-13T16:05:22.939+0800: 1305.891: [Unloading, 0.0035177 secs], 0.0049764 secs]
 [Times: user=0.01 sys=0.00, real=0.01 secs] 
2020-04-13T16:05:22.944+0800: 1305.896: [GC cleanup 151M->151M(256M), 0.0003495 secs]
 [Times: user=0.00 sys=0.00, real=0.00 secs] 
2020-04-13T16:05:24.507+0800: 1307.460: [GC pause (G1 Evacuation Pause) (young), 0.0122309 secs]
   [Parallel Time: 11.2 ms, GC Workers: 4]
      [GC Worker Start (ms): Min: 1307459.7, Avg: 1307459.8, Max: 1307459.9, Diff: 0.1]
      [Ext Root Scanning (ms): Min: 0.8, Avg: 5.7, Max: 9.9, Diff: 9.1, Sum: 22.8]
      [Update RS (ms): Min: 0.0, Avg: 2.5, Max: 6.8, Diff: 6.8, Sum: 9.9]
         [Processed Buffers: Min: 0, Avg: 9.2, Max: 20, Diff: 20, Sum: 37]
      [Scan RS (ms): Min: 0.1, Avg: 1.5, Max: 3.0, Diff: 2.9, Sum: 5.8]
      [Code Root Scanning (ms): Min: 0.0, Avg: 0.0, Max: 0.0, Diff: 0.0, Sum: 0.0]
      [Object Copy (ms): Min: 0.4, Avg: 1.4, Max: 2.2, Diff: 1.8, Sum: 5.7]
      [Termination (ms): Min: 0.0, Avg: 0.0, Max: 0.0, Diff: 0.0, Sum: 0.0]
         [Termination Attempts: Min: 1, Avg: 1.2, Max: 2, Diff: 1, Sum: 5]
      [GC Worker Other (ms): Min: 0.0, Avg: 0.0, Max: 0.0, Diff: 0.0, Sum: 0.1]
      [GC Worker Total (ms): Min: 11.0, Avg: 11.1, Max: 11.1, Diff: 0.1, Sum: 44.3]
      [GC Worker End (ms): Min: 1307470.9, Avg: 1307470.9, Max: 1307470.9, Diff: 0.0]
   [Code Root Fixup: 0.1 ms]
   [Code Root Purge: 0.0 ms]
   [Clear CT: 0.0 ms]
   [Other: 0.9 ms]
      [Choose CSet: 0.0 ms]
      [Ref Proc: 0.7 ms]
      [Ref Enq: 0.0 ms]
      [Redirty Cards: 0.1 ms]
      [Humongous Register: 0.0 ms]
      [Humongous Reclaim: 0.0 ms]
      [Free CSet: 0.0 ms]
   [Eden: 79.0M(79.0M)->0.0B(79.0M) Survivors: 1024.0K->1024.0K Heap: 227.5M(256.0M)->148.9M(256.0M)]
 [Times: user=0.02 sys=0.00, real=0.02 secs] 
2020-04-13T16:05:26.047+0800: 1309.000: [GC pause (G1 Evacuation Pause) (young), 0.0044365 secs]
   [Parallel Time: 4.0 ms, GC Workers: 4]
      [GC Worker Start (ms): Min: 1308999.6, Avg: 1308999.6, Max: 1308999.6, Diff: 0.0]
      [Ext Root Scanning (ms): Min: 0.3, Avg: 0.5, Max: 0.9, Diff: 0.6, Sum: 2.0]
      [Update RS (ms): Min: 0.7, Avg: 1.2, Max: 1.5, Diff: 0.8, Sum: 4.8]
         [Processed Buffers: Min: 3, Avg: 8.0, Max: 14, Diff: 11, Sum: 32]
      [Scan RS (ms): Min: 1.0, Avg: 1.2, Max: 1.3, Diff: 0.3, Sum: 4.7]
      [Code Root Scanning (ms): Min: 0.0, Avg: 0.0, Max: 0.0, Diff: 0.0, Sum: 0.0]
      [Object Copy (ms): Min: 1.0, Avg: 1.1, Max: 1.2, Diff: 0.1, Sum: 4.4]
      [Termination (ms): Min: 0.0, Avg: 0.0, Max: 0.0, Diff: 0.0, Sum: 0.0]
         [Termination Attempts: Min: 1, Avg: 1.0, Max: 1, Diff: 0, Sum: 4]
      [GC Worker Other (ms): Min: 0.0, Avg: 0.0, Max: 0.0, Diff: 0.0, Sum: 0.1]
      [GC Worker Total (ms): Min: 4.0, Avg: 4.0, Max: 4.0, Diff: 0.0, Sum: 16.0]
      [GC Worker End (ms): Min: 1309003.6, Avg: 1309003.6, Max: 1309003.6, Diff: 0.0]
   [Code Root Fixup: 0.1 ms]
   [Code Root Purge: 0.0 ms]
   [Clear CT: 0.1 ms]
   [Other: 0.3 ms]
      [Choose CSet: 0.0 ms]
      [Ref Proc: 0.1 ms]
      [Ref Enq: 0.0 ms]
      [Redirty Cards: 0.1 ms]
      [Humongous Register: 0.0 ms]
      [Humongous Reclaim: 0.0 ms]
      [Free CSet: 0.0 ms]
   [Eden: 79.0M(79.0M)->0.0B(79.0M) Survivors: 1024.0K->1024.0K Heap: 227.9M(256.0M)->149.0M(256.0M)]
 [Times: user=0.01 sys=0.00, real=0.01 secs] 
2020-04-13T16:05:27.603+0800: 1310.556: [GC pause (G1 Evacuation Pause) (young) (initial-mark), 0.0067441 secs]
   [Parallel Time: 5.8 ms, GC Workers: 4]
      [GC Worker Start (ms): Min: 1310555.8, Avg: 1310555.9, Max: 1310556.0, Diff: 0.2]
      [Ext Root Scanning (ms): Min: 0.4, Avg: 0.5, Max: 0.6, Diff: 0.2, Sum: 2.1]
      [Update RS (ms): Min: 1.3, Avg: 2.5, Max: 5.0, Diff: 3.7, Sum: 9.9]
         [Processed Buffers: Min: 0, Avg: 6.2, Max: 12, Diff: 12, Sum: 25]
      [Scan RS (ms): Min: 0.0, Avg: 1.0, Max: 1.6, Diff: 1.6, Sum: 4.1]
      [Code Root Scanning (ms): Min: 0.0, Avg: 0.0, Max: 0.0, Diff: 0.0, Sum: 0.0]
      [Object Copy (ms): Min: 0.0, Avg: 1.1, Max: 1.5, Diff: 1.5, Sum: 4.4]
      [Termination (ms): Min: 0.0, Avg: 0.4, Max: 0.6, Diff: 0.6, Sum: 1.8]
         [Termination Attempts: Min: 1, Avg: 4.2, Max: 9, Diff: 8, Sum: 17]
      [GC Worker Other (ms): Min: 0.0, Avg: 0.0, Max: 0.0, Diff: 0.0, Sum: 0.1]
      [GC Worker Total (ms): Min: 5.5, Avg: 5.6, Max: 5.6, Diff: 0.1, Sum: 22.3]
      [GC Worker End (ms): Min: 1310561.4, Avg: 1310561.4, Max: 1310561.5, Diff: 0.0]
   [Code Root Fixup: 0.0 ms]
   [Code Root Purge: 0.0 ms]
   [Clear CT: 0.1 ms]
   [Other: 0.8 ms]
      [Choose CSet: 0.0 ms]
      [Ref Proc: 0.7 ms]
      [Ref Enq: 0.0 ms]
      [Redirty Cards: 0.0 ms]
      [Humongous Register: 0.0 ms]
      [Humongous Reclaim: 0.0 ms]
      [Free CSet: 0.0 ms]
   [Eden: 79.0M(79.0M)->0.0B(78.0M) Survivors: 1024.0K->1024.0K Heap: 228.0M(256.0M)->148.7M(256.0M)]
 [Times: user=0.02 sys=0.00, real=0.01 secs] 
2020-04-13T16:05:27.610+0800: 1310.563: [GC concurrent-root-region-scan-start]
2020-04-13T16:05:27.613+0800: 1310.565: [GC concurrent-root-region-scan-end, 0.0028484 secs]
2020-04-13T16:05:27.613+0800: 1310.565: [GC concurrent-mark-start]
2020-04-13T16:05:27.632+0800: 1310.585: [GC concurrent-mark-end, 0.0193280 secs]
2020-04-13T16:05:27.633+0800: 1310.585: [GC remark 2020-04-13T16:05:27.633+0800: 1310.585: [Finalize Marking, 0.0014334 secs] 2020-04-13T16:05:27.634+0800: 1310.586: [GC ref-proc, 0.0000923 secs] 2020-04-13T16:05:27.634+0800: 1310.587: [Unloading, 0.0080181 secs], 0.0119246 secs]
 [Times: user=0.02 sys=0.00, real=0.01 secs] 
2020-04-13T16:05:27.645+0800: 1310.597: [GC cleanup 150M->150M(256M), 0.0014312 secs]
 [Times: user=0.00 sys=0.00, real=0.00 secs] 
2020-04-13T16:05:29.114+0800: 1312.066: [GC pause (G1 Evacuation Pause) (young), 0.0058044 secs]
   [Parallel Time: 4.4 ms, GC Workers: 4]
      [GC Worker Start (ms): Min: 1312066.4, Avg: 1312066.4, Max: 1312066.4, Diff: 0.0]
      [Ext Root Scanning (ms): Min: 0.3, Avg: 0.4, Max: 0.5, Diff: 0.2, Sum: 1.5]
      [Update RS (ms): Min: 1.0, Avg: 1.8, Max: 3.7, Diff: 2.7, Sum: 7.3]
         [Processed Buffers: Min: 1, Avg: 7.2, Max: 12, Diff: 11, Sum: 29]
      [Scan RS (ms): Min: 0.0, Avg: 1.0, Max: 1.7, Diff: 1.6, Sum: 4.2]
      [Code Root Scanning (ms): Min: 0.0, Avg: 0.0, Max: 0.0, Diff: 0.0, Sum: 0.0]
      [Object Copy (ms): Min: 0.3, Avg: 1.1, Max: 1.4, Diff: 1.1, Sum: 4.3]
      [Termination (ms): Min: 0.0, Avg: 0.0, Max: 0.0, Diff: 0.0, Sum: 0.0]
         [Termination Attempts: Min: 1, Avg: 1.2, Max: 2, Diff: 1, Sum: 5]
      [GC Worker Other (ms): Min: 0.0, Avg: 0.0, Max: 0.0, Diff: 0.0, Sum: 0.1]
      [GC Worker Total (ms): Min: 4.3, Avg: 4.3, Max: 4.4, Diff: 0.0, Sum: 17.4]
      [GC Worker End (ms): Min: 1312070.7, Avg: 1312070.7, Max: 1312070.7, Diff: 0.0]
   [Code Root Fixup: 0.0 ms]
   [Code Root Purge: 0.0 ms]
   [Clear CT: 0.1 ms]
   [Other: 1.3 ms]
      [Choose CSet: 0.0 ms]
      [Ref Proc: 1.1 ms]
      [Ref Enq: 0.0 ms]
      [Redirty Cards: 0.1 ms]
      [Humongous Register: 0.0 ms]
      [Humongous Reclaim: 0.0 ms]
      [Free CSet: 0.0 ms]
   [Eden: 78.0M(78.0M)->0.0B(11.0M) Survivors: 1024.0K->1024.0K Heap: 226.7M(256.0M)->149.0M(256.0M)]
 [Times: user=0.02 sys=0.00, real=0.01 secs] 
2020-04-13T16:05:29.314+0800: 1312.266: [GC pause (G1 Evacuation Pause) (mixed), 0.0051937 secs]
   [Parallel Time: 4.6 ms, GC Workers: 4]
      [GC Worker Start (ms): Min: 1312266.4, Avg: 1312266.4, Max: 1312266.5, Diff: 0.0]
      [Ext Root Scanning (ms): Min: 0.3, Avg: 0.4, Max: 0.5, Diff: 0.1, Sum: 1.6]
      [Update RS (ms): Min: 0.8, Avg: 0.9, Max: 0.9, Diff: 0.1, Sum: 3.6]
         [Processed Buffers: Min: 2, Avg: 6.5, Max: 10, Diff: 8, Sum: 26]
      [Scan RS (ms): Min: 1.9, Avg: 2.1, Max: 2.5, Diff: 0.7, Sum: 8.3]
      [Code Root Scanning (ms): Min: 0.0, Avg: 0.0, Max: 0.1, Diff: 0.1, Sum: 0.1]
      [Object Copy (ms): Min: 0.7, Avg: 1.1, Max: 1.3, Diff: 0.6, Sum: 4.5]
      [Termination (ms): Min: 0.0, Avg: 0.0, Max: 0.0, Diff: 0.0, Sum: 0.0]
         [Termination Attempts: Min: 1, Avg: 1.2, Max: 2, Diff: 1, Sum: 5]
      [GC Worker Other (ms): Min: 0.0, Avg: 0.0, Max: 0.0, Diff: 0.0, Sum: 0.1]
      [GC Worker Total (ms): Min: 4.5, Avg: 4.5, Max: 4.5, Diff: 0.1, Sum: 18.1]
      [GC Worker End (ms): Min: 1312270.9, Avg: 1312270.9, Max: 1312271.0, Diff: 0.0]
   [Code Root Fixup: 0.1 ms]
   [Code Root Purge: 0.0 ms]
   [Clear CT: 0.1 ms]
   [Other: 0.5 ms]
      [Choose CSet: 0.0 ms]
      [Ref Proc: 0.3 ms]
      [Ref Enq: 0.0 ms]
      [Redirty Cards: 0.1 ms]
      [Humongous Register: 0.0 ms]
      [Humongous Reclaim: 0.0 ms]
      [Free CSet: 0.0 ms]
   [Eden: 11.0M(11.0M)->0.0B(79.0M) Survivors: 1024.0K->1024.0K Heap: 160.0M(256.0M)->148.0M(256.0M)]
 [Times: user=0.02 sys=0.00, real=0.00 secs] 
2020-04-13T16:05:30.904+0800: 1313.856: [GC pause (G1 Evacuation Pause) (young), 0.0055845 secs]
   [Parallel Time: 4.6 ms, GC Workers: 4]
      [GC Worker Start (ms): Min: 1313856.5, Avg: 1313856.6, Max: 1313856.6, Diff: 0.0]
      [Ext Root Scanning (ms): Min: 0.3, Avg: 0.4, Max: 0.5, Diff: 0.2, Sum: 1.5]
      [Update RS (ms): Min: 1.0, Avg: 1.2, Max: 1.4, Diff: 0.4, Sum: 4.9]
         [Processed Buffers: Min: 3, Avg: 7.0, Max: 12, Diff: 9, Sum: 28]
      [Scan RS (ms): Min: 0.9, Avg: 1.0, Max: 1.2, Diff: 0.3, Sum: 4.2]
      [Code Root Scanning (ms): Min: 0.0, Avg: 0.0, Max: 0.0, Diff: 0.0, Sum: 0.0]
      [Object Copy (ms): Min: 1.4, Avg: 1.5, Max: 1.7, Diff: 0.3, Sum: 6.0]
      [Termination (ms): Min: 0.0, Avg: 0.3, Max: 0.4, Diff: 0.4, Sum: 1.2]
         [Termination Attempts: Min: 1, Avg: 1.0, Max: 1, Diff: 0, Sum: 4]
      [GC Worker Other (ms): Min: 0.0, Avg: 0.0, Max: 0.0, Diff: 0.0, Sum: 0.0]
      [GC Worker Total (ms): Min: 4.4, Avg: 4.5, Max: 4.5, Diff: 0.0, Sum: 17.8]
      [GC Worker End (ms): Min: 1313861.0, Avg: 1313861.0, Max: 1313861.0, Diff: 0.1]
   [Code Root Fixup: 0.1 ms]
   [Code Root Purge: 0.0 ms]
   [Clear CT: 0.1 ms]
   [Other: 0.8 ms]
      [Choose CSet: 0.0 ms]
      [Ref Proc: 0.6 ms]
      [Ref Enq: 0.0 ms]
      [Redirty Cards: 0.1 ms]
      [Humongous Register: 0.0 ms]
      [Humongous Reclaim: 0.0 ms]
      [Free CSet: 0.0 ms]
   [Eden: 79.0M(79.0M)->0.0B(79.0M) Survivors: 1024.0K->1024.0K Heap: 227.0M(256.0M)->148.1M(256.0M)]
 [Times: user=0.02 sys=0.00, real=0.01 secs] 
2020-04-13T16:05:32.461+0800: 1315.413: [GC pause (G1 Evacuation Pause) (young) (initial-mark), 0.0053586 secs]
   [Parallel Time: 4.5 ms, GC Workers: 4]
      [GC Worker Start (ms): Min: 1315413.2, Avg: 1315413.5, Max: 1315414.0, Diff: 0.8]
      [Ext Root Scanning (ms): Min: 0.0, Avg: 0.6, Max: 0.8, Diff: 0.8, Sum: 2.3]
      [Update RS (ms): Min: 0.5, Avg: 1.4, Max: 1.9, Diff: 1.4, Sum: 5.6]
         [Processed Buffers: Min: 3, Avg: 7.2, Max: 13, Diff: 10, Sum: 29]
      [Scan RS (ms): Min: 0.7, Avg: 0.9, Max: 1.1, Diff: 0.4, Sum: 3.4]
      [Code Root Scanning (ms): Min: 0.0, Avg: 0.0, Max: 0.0, Diff: 0.0, Sum: 0.0]
      [Object Copy (ms): Min: 1.0, Avg: 1.4, Max: 2.1, Diff: 1.1, Sum: 5.4]
      [Termination (ms): Min: 0.0, Avg: 0.0, Max: 0.0, Diff: 0.0, Sum: 0.0]
         [Termination Attempts: Min: 1, Avg: 1.0, Max: 1, Diff: 0, Sum: 4]
      [GC Worker Other (ms): Min: 0.0, Avg: 0.0, Max: 0.0, Diff: 0.0, Sum: 0.1]
      [GC Worker Total (ms): Min: 3.6, Avg: 4.2, Max: 4.5, Diff: 0.8, Sum: 16.8]
      [GC Worker End (ms): Min: 1315417.7, Avg: 1315417.7, Max: 1315417.7, Diff: 0.0]
   [Code Root Fixup: 0.1 ms]
   [Code Root Purge: 0.0 ms]
   [Clear CT: 0.0 ms]
   [Other: 0.7 ms]
      [Choose CSet: 0.0 ms]
      [Ref Proc: 0.5 ms]
      [Ref Enq: 0.0 ms]
      [Redirty Cards: 0.0 ms]
      [Humongous Register: 0.0 ms]
      [Humongous Reclaim: 0.0 ms]
      [Free CSet: 0.0 ms]
   [Eden: 79.0M(79.0M)->0.0B(79.0M) Survivors: 1024.0K->1024.0K Heap: 227.1M(256.0M)->147.9M(256.0M)]
 [Times: user=0.02 sys=0.00, real=0.00 secs] 
2020-04-13T16:05:32.466+0800: 1315.419: [GC concurrent-root-region-scan-start]
2020-04-13T16:05:32.469+0800: 1315.422: [GC concurrent-root-region-scan-end, 0.0029003 secs]
2020-04-13T16:05:32.469+0800: 1315.422: [GC concurrent-mark-start]
2020-04-13T16:05:32.494+0800: 1315.446: [GC concurrent-mark-end, 0.0247708 secs]
2020-04-13T16:05:32.495+0800: 1315.447: [GC remark 2020-04-13T16:05:32.495+0800: 1315.447: [Finalize Marking, 0.0007514 secs] 2020-04-13T16:05:32.495+0800: 1315.448: [GC ref-proc, 0.0000637 secs] 2020-04-13T16:05:32.495+0800: 1315.448: [Unloading, 0.0039638 secs], 0.0060710 secs]
 [Times: user=0.02 sys=0.00, real=0.01 secs] 
2020-04-13T16:05:32.501+0800: 1315.453: [GC cleanup 149M->149M(256M), 0.0003516 secs]
 [Times: user=0.00 sys=0.00, real=0.00 secs] 
2020-04-13T16:05:33.966+0800: 1316.918: [GC pause (G1 Evacuation Pause) (young), 0.0056936 secs]
   [Parallel Time: 5.1 ms, GC Workers: 4]
      [GC Worker Start (ms): Min: 1316918.3, Avg: 1316918.3, Max: 1316918.3, Diff: 0.0]
      [Ext Root Scanning (ms): Min: 0.3, Avg: 0.4, Max: 0.5, Diff: 0.2, Sum: 1.5]
      [Update RS (ms): Min: 1.2, Avg: 2.2, Max: 4.5, Diff: 3.3, Sum: 8.9]
         [Processed Buffers: Min: 3, Avg: 7.0, Max: 12, Diff: 9, Sum: 28]
      [Scan RS (ms): Min: 0.0, Avg: 0.9, Max: 1.4, Diff: 1.4, Sum: 3.7]
      [Code Root Scanning (ms): Min: 0.0, Avg: 0.0, Max: 0.0, Diff: 0.0, Sum: 0.0]
      [Object Copy (ms): Min: 0.0, Avg: 1.0, Max: 1.3, Diff: 1.3, Sum: 4.0]
      [Termination (ms): Min: 0.0, Avg: 0.5, Max: 0.7, Diff: 0.7, Sum: 1.9]
         [Termination Attempts: Min: 1, Avg: 17.8, Max: 28, Diff: 27, Sum: 71]
      [GC Worker Other (ms): Min: 0.0, Avg: 0.0, Max: 0.0, Diff: 0.0, Sum: 0.0]
      [GC Worker Total (ms): Min: 5.0, Avg: 5.0, Max: 5.0, Diff: 0.0, Sum: 20.0]
      [GC Worker End (ms): Min: 1316923.3, Avg: 1316923.3, Max: 1316923.3, Diff: 0.0]
   [Code Root Fixup: 0.0 ms]
   [Code Root Purge: 0.0 ms]
   [Clear CT: 0.1 ms]
   [Other: 0.5 ms]
      [Choose CSet: 0.0 ms]
      [Ref Proc: 0.3 ms]
      [Ref Enq: 0.0 ms]
      [Redirty Cards: 0.1 ms]
      [Humongous Register: 0.0 ms]
      [Humongous Reclaim: 0.0 ms]
      [Free CSet: 0.0 ms]
   [Eden: 79.0M(79.0M)->0.0B(79.0M) Survivors: 1024.0K->1024.0K Heap: 226.9M(256.0M)->148.0M(256.0M)]
 [Times: user=0.01 sys=0.00, real=0.01 secs] 
2020-04-13T16:05:35.557+0800: 1318.510: [GC pause (G1 Evacuation Pause) (young), 0.0051124 secs]
   [Parallel Time: 3.9 ms, GC Workers: 4]
      [GC Worker Start (ms): Min: 1318509.7, Avg: 1318509.7, Max: 1318509.7, Diff: 0.1]
      [Ext Root Scanning (ms): Min: 0.3, Avg: 0.4, Max: 0.5, Diff: 0.2, Sum: 1.6]
      [Update RS (ms): Min: 1.2, Avg: 1.3, Max: 1.5, Diff: 0.3, Sum: 5.3]
         [Processed Buffers: Min: 3, Avg: 7.2, Max: 17, Diff: 14, Sum: 29]
      [Scan RS (ms): Min: 1.0, Avg: 1.1, Max: 1.2, Diff: 0.3, Sum: 4.3]
      [Code Root Scanning (ms): Min: 0.0, Avg: 0.0, Max: 0.0, Diff: 0.0, Sum: 0.0]
      [Object Copy (ms): Min: 0.9, Avg: 1.0, Max: 1.1, Diff: 0.1, Sum: 4.0]
      [Termination (ms): Min: 0.0, Avg: 0.0, Max: 0.0, Diff: 0.0, Sum: 0.0]
         [Termination Attempts: Min: 1, Avg: 1.0, Max: 1, Diff: 0, Sum: 4]
      [GC Worker Other (ms): Min: 0.0, Avg: 0.0, Max: 0.0, Diff: 0.0, Sum: 0.0]
      [GC Worker Total (ms): Min: 3.8, Avg: 3.9, Max: 3.9, Diff: 0.1, Sum: 15.4]
      [GC Worker End (ms): Min: 1318513.5, Avg: 1318513.5, Max: 1318513.5, Diff: 0.0]
   [Code Root Fixup: 0.0 ms]
   [Code Root Purge: 0.0 ms]
   [Clear CT: 0.0 ms]
   [Other: 1.1 ms]
      [Choose CSet: 0.0 ms]
      [Ref Proc: 0.9 ms]
      [Ref Enq: 0.0 ms]
      [Redirty Cards: 0.1 ms]
      [Humongous Register: 0.0 ms]
      [Humongous Reclaim: 0.0 ms]
      [Free CSet: 0.0 ms]
   [Eden: 79.0M(79.0M)->0.0B(79.0M) Survivors: 1024.0K->1024.0K Heap: 227.0M(256.0M)->148.3M(256.0M)]
 [Times: user=0.01 sys=0.00, real=0.01 secs] 
2020-04-13T16:05:37.090+0800: 1320.042: [GC pause (G1 Evacuation Pause) (young) (initial-mark), 0.0141838 secs]
   [Parallel Time: 10.8 ms, GC Workers: 4]
      [GC Worker Start (ms): Min: 1320043.7, Avg: 1320044.1, Max: 1320044.6, Diff: 0.9]
      [Ext Root Scanning (ms): Min: 0.0, Avg: 2.3, Max: 6.0, Diff: 6.0, Sum: 9.2]
      [Update RS (ms): Min: 0.0, Avg: 3.1, Max: 8.9, Diff: 8.9, Sum: 12.6]
         [Processed Buffers: Min: 0, Avg: 7.0, Max: 13, Diff: 13, Sum: 28]
      [Scan RS (ms): Min: 0.0, Avg: 1.7, Max: 3.6, Diff: 3.6, Sum: 6.7]
      [Code Root Scanning (ms): Min: 0.0, Avg: 0.0, Max: 0.0, Diff: 0.0, Sum: 0.0]
      [Object Copy (ms): Min: 0.2, Avg: 1.7, Max: 2.3, Diff: 2.0, Sum: 6.8]
      [Termination (ms): Min: 0.0, Avg: 1.2, Max: 1.7, Diff: 1.7, Sum: 4.9]
         [Termination Attempts: Min: 1, Avg: 1.0, Max: 1, Diff: 0, Sum: 4]
      [GC Worker Other (ms): Min: 0.0, Avg: 0.0, Max: 0.0, Diff: 0.0, Sum: 0.1]
      [GC Worker Total (ms): Min: 9.8, Avg: 10.1, Max: 10.7, Diff: 0.9, Sum: 40.4]
      [GC Worker End (ms): Min: 1320053.7, Avg: 1320054.2, Max: 1320054.4, Diff: 0.6]
   [Code Root Fixup: 0.0 ms]
   [Code Root Purge: 0.0 ms]
   [Clear CT: 0.0 ms]
   [Other: 3.3 ms]
      [Choose CSet: 0.0 ms]
      [Ref Proc: 1.8 ms]
      [Ref Enq: 0.0 ms]
      [Redirty Cards: 0.1 ms]
      [Humongous Register: 0.3 ms]
      [Humongous Reclaim: 0.0 ms]
      [Free CSet: 0.0 ms]
   [Eden: 79.0M(79.0M)->0.0B(79.0M) Survivors: 1024.0K->1024.0K Heap: 227.3M(256.0M)->148.1M(256.0M)]
 [Times: user=0.02 sys=0.00, real=0.01 secs] 
2020-04-13T16:05:37.104+0800: 1320.057: [GC concurrent-root-region-scan-start]
2020-04-13T16:05:37.107+0800: 1320.060: [GC concurrent-root-region-scan-end, 0.0030153 secs]
2020-04-13T16:05:37.107+0800: 1320.060: [GC concurrent-mark-start]
2020-04-13T16:05:37.135+0800: 1320.087: [GC concurrent-mark-end, 0.0277890 secs]
2020-04-13T16:05:37.135+0800: 1320.088: [GC remark 2020-04-13T16:05:37.135+0800: 1320.088: [Finalize Marking, 0.0001723 secs] 2020-04-13T16:05:37.136+0800: 1320.088: [GC ref-proc, 0.0000697 secs] 2020-04-13T16:05:37.136+0800: 1320.088: [Unloading, 0.0040796 secs], 0.0056452 secs]
 [Times: user=0.02 sys=0.00, real=0.01 secs] 
2020-04-13T16:05:37.141+0800: 1320.093: [GC cleanup 149M->149M(256M), 0.0003669 secs]
 [Times: user=0.00 sys=0.00, real=0.00 secs] 
2020-04-13T16:05:38.436+0800: 1321.388: [GC pause (G1 Evacuation Pause) (young), 0.0047553 secs]
   [Parallel Time: 4.2 ms, GC Workers: 4]
      [GC Worker Start (ms): Min: 1321388.1, Avg: 1321388.1, Max: 1321388.2, Diff: 0.0]
      [Ext Root Scanning (ms): Min: 0.3, Avg: 0.4, Max: 0.5, Diff: 0.2, Sum: 1.5]
      [Update RS (ms): Min: 1.5, Avg: 1.7, Max: 1.8, Diff: 0.3, Sum: 6.7]
         [Processed Buffers: Min: 2, Avg: 7.5, Max: 17, Diff: 15, Sum: 30]
      [Scan RS (ms): Min: 0.9, Avg: 1.0, Max: 1.2, Diff: 0.3, Sum: 4.2]
      [Code Root Scanning (ms): Min: 0.0, Avg: 0.0, Max: 0.0, Diff: 0.0, Sum: 0.0]
      [Object Copy (ms): Min: 0.9, Avg: 1.0, Max: 1.1, Diff: 0.2, Sum: 4.1]
      [Termination (ms): Min: 0.0, Avg: 0.0, Max: 0.0, Diff: 0.0, Sum: 0.0]
         [Termination Attempts: Min: 1, Avg: 1.0, Max: 1, Diff: 0, Sum: 4]
      [GC Worker Other (ms): Min: 0.0, Avg: 0.0, Max: 0.0, Diff: 0.0, Sum: 0.1]
      [GC Worker Total (ms): Min: 4.1, Avg: 4.1, Max: 4.2, Diff: 0.0, Sum: 16.6]
      [GC Worker End (ms): Min: 1321392.3, Avg: 1321392.3, Max: 1321392.3, Diff: 0.0]
   [Code Root Fixup: 0.0 ms]
   [Code Root Purge: 0.0 ms]
   [Clear CT: 0.1 ms]
   [Other: 0.5 ms]
      [Choose CSet: 0.0 ms]
      [Ref Proc: 0.2 ms]
      [Ref Enq: 0.0 ms]
      [Redirty Cards: 0.1 ms]
      [Humongous Register: 0.0 ms]
      [Humongous Reclaim: 0.0 ms]
      [Free CSet: 0.0 ms]
   [Eden: 79.0M(79.0M)->0.0B(79.0M) Survivors: 1024.0K->1024.0K Heap: 227.1M(256.0M)->148.3M(256.0M)]
 [Times: user=0.01 sys=0.00, real=0.01 secs] 
2020-04-13T16:05:39.883+0800: 1322.835: [GC pause (G1 Evacuation Pause) (young), 0.0053638 secs]
   [Parallel Time: 3.6 ms, GC Workers: 4]
      [GC Worker Start (ms): Min: 1322835.0, Avg: 1322835.0, Max: 1322835.0, Diff: 0.0]
      [Ext Root Scanning (ms): Min: 0.3, Avg: 0.4, Max: 0.5, Diff: 0.2, Sum: 1.5]
      [Update RS (ms): Min: 1.2, Avg: 1.3, Max: 1.4, Diff: 0.2, Sum: 5.0]
         [Processed Buffers: Min: 5, Avg: 8.0, Max: 12, Diff: 7, Sum: 32]
      [Scan RS (ms): Min: 0.8, Avg: 1.0, Max: 1.1, Diff: 0.3, Sum: 3.8]
      [Code Root Scanning (ms): Min: 0.0, Avg: 0.0, Max: 0.0, Diff: 0.0, Sum: 0.0]
      [Object Copy (ms): Min: 1.0, Avg: 1.0, Max: 1.0, Diff: 0.0, Sum: 4.0]
      [Termination (ms): Min: 0.0, Avg: 0.0, Max: 0.0, Diff: 0.0, Sum: 0.0]
         [Termination Attempts: Min: 1, Avg: 1.2, Max: 2, Diff: 1, Sum: 5]
      [GC Worker Other (ms): Min: 0.0, Avg: 0.0, Max: 0.0, Diff: 0.0, Sum: 0.1]
      [GC Worker Total (ms): Min: 3.6, Avg: 3.6, Max: 3.6, Diff: 0.0, Sum: 14.4]
      [GC Worker End (ms): Min: 1322838.6, Avg: 1322838.6, Max: 1322838.6, Diff: 0.0]
   [Code Root Fixup: 0.0 ms]
   [Code Root Purge: 0.0 ms]
   [Clear CT: 0.0 ms]
   [Other: 1.6 ms]
      [Choose CSet: 0.0 ms]
      [Ref Proc: 1.2 ms]
      [Ref Enq: 0.0 ms]
      [Redirty Cards: 0.3 ms]
      [Humongous Register: 0.0 ms]
      [Humongous Reclaim: 0.0 ms]
      [Free CSet: 0.0 ms]
   [Eden: 79.0M(79.0M)->0.0B(79.0M) Survivors: 1024.0K->1024.0K Heap: 227.3M(256.0M)->148.5M(256.0M)]
 [Times: user=0.02 sys=0.00, real=0.00 secs] 
2020-04-13T16:05:41.264+0800: 1324.216: [GC pause (G1 Evacuation Pause) (young) (initial-mark), 0.0083787 secs]
   [Parallel Time: 7.4 ms, GC Workers: 4]
      [GC Worker Start (ms): Min: 1324216.5, Avg: 1324216.6, Max: 1324216.6, Diff: 0.0]
      [Ext Root Scanning (ms): Min: 0.6, Avg: 0.6, Max: 0.6, Diff: 0.0, Sum: 2.3]
      [Update RS (ms): Min: 1.2, Avg: 1.3, Max: 1.5, Diff: 0.3, Sum: 5.3]
         [Processed Buffers: Min: 4, Avg: 7.5, Max: 11, Diff: 7, Sum: 30]
      [Scan RS (ms): Min: 0.8, Avg: 1.0, Max: 1.2, Diff: 0.3, Sum: 3.9]
      [Code Root Scanning (ms): Min: 0.0, Avg: 0.0, Max: 0.0, Diff: 0.0, Sum: 0.0]
      [Object Copy (ms): Min: 2.6, Avg: 2.8, Max: 3.1, Diff: 0.5, Sum: 11.1]
      [Termination (ms): Min: 0.0, Avg: 0.8, Max: 1.8, Diff: 1.8, Sum: 3.1]
         [Termination Attempts: Min: 1, Avg: 1.0, Max: 1, Diff: 0, Sum: 4]
      [GC Worker Other (ms): Min: 0.0, Avg: 0.0, Max: 0.0, Diff: 0.0, Sum: 0.1]
      [GC Worker Total (ms): Min: 6.1, Avg: 6.4, Max: 7.3, Diff: 1.1, Sum: 25.7]
      [GC Worker End (ms): Min: 1324222.7, Avg: 1324223.0, Max: 1324223.8, Diff: 1.2]
   [Code Root Fixup: 0.1 ms]
   [Code Root Purge: 0.0 ms]
   [Clear CT: 0.0 ms]
   [Other: 0.9 ms]
      [Choose CSet: 0.0 ms]
      [Ref Proc: 0.7 ms]
      [Ref Enq: 0.0 ms]
      [Redirty Cards: 0.0 ms]
      [Humongous Register: 0.0 ms]
      [Humongous Reclaim: 0.0 ms]
      [Free CSet: 0.0 ms]
   [Eden: 79.0M(79.0M)->0.0B(79.0M) Survivors: 1024.0K->1024.0K Heap: 227.5M(256.0M)->148.3M(256.0M)]
 [Times: user=0.02 sys=0.00, real=0.01 secs] 
2020-04-13T16:05:41.273+0800: 1324.225: [GC concurrent-root-region-scan-start]
2020-04-13T16:05:41.276+0800: 1324.228: [GC concurrent-root-region-scan-end, 0.0030454 secs]
2020-04-13T16:05:41.276+0800: 1324.228: [GC concurrent-mark-start]
2020-04-13T16:05:41.300+0800: 1324.252: [GC concurrent-mark-end, 0.0237554 secs]
2020-04-13T16:05:41.300+0800: 1324.252: [GC remark 2020-04-13T16:05:41.300+0800: 1324.252: [Finalize Marking, 0.0001184 secs] 2020-04-13T16:05:41.300+0800: 1324.252: [GC ref-proc, 0.0000615 secs] 2020-04-13T16:05:41.300+0800: 1324.252: [Unloading, 0.0051102 secs], 0.0069147 secs]
 [Times: user=0.02 sys=0.00, real=0.00 secs] 
2020-04-13T16:05:41.307+0800: 1324.259: [GC cleanup 149M->149M(256M), 0.0003754 secs]
 [Times: user=0.00 sys=0.00, real=0.00 secs] 
2020-04-13T16:05:42.650+0800: 1325.602: [GC pause (G1 Evacuation Pause) (young), 0.0052189 secs]
   [Parallel Time: 4.8 ms, GC Workers: 4]
      [GC Worker Start (ms): Min: 1325602.0, Avg: 1325602.1, Max: 1325602.1, Diff: 0.0]
      [Ext Root Scanning (ms): Min: 0.3, Avg: 0.4, Max: 0.5, Diff: 0.2, Sum: 1.5]
      [Update RS (ms): Min: 1.4, Avg: 1.4, Max: 1.5, Diff: 0.2, Sum: 5.6]
         [Processed Buffers: Min: 5, Avg: 8.0, Max: 14, Diff: 9, Sum: 32]
      [Scan RS (ms): Min: 0.8, Avg: 1.5, Max: 3.0, Diff: 2.2, Sum: 5.8]
      [Code Root Scanning (ms): Min: 0.0, Avg: 0.0, Max: 0.0, Diff: 0.0, Sum: 0.0]
      [Object Copy (ms): Min: 0.0, Avg: 1.0, Max: 1.4, Diff: 1.4, Sum: 4.1]
      [Termination (ms): Min: 0.0, Avg: 0.5, Max: 0.7, Diff: 0.7, Sum: 1.9]
         [Termination Attempts: Min: 1, Avg: 10.0, Max: 21, Diff: 20, Sum: 40]
      [GC Worker Other (ms): Min: 0.0, Avg: 0.0, Max: 0.0, Diff: 0.0, Sum: 0.1]
      [GC Worker Total (ms): Min: 4.7, Avg: 4.7, Max: 4.8, Diff: 0.1, Sum: 19.0]
      [GC Worker End (ms): Min: 1325606.8, Avg: 1325606.8, Max: 1325606.8, Diff: 0.1]
   [Code Root Fixup: 0.0 ms]
   [Code Root Purge: 0.0 ms]
   [Clear CT: 0.0 ms]
   [Other: 0.3 ms]
      [Choose CSet: 0.0 ms]
      [Ref Proc: 0.1 ms]
      [Ref Enq: 0.0 ms]
      [Redirty Cards: 0.1 ms]
      [Humongous Register: 0.0 ms]
      [Humongous Reclaim: 0.0 ms]
      [Free CSet: 0.0 ms]
   [Eden: 79.0M(79.0M)->0.0B(79.0M) Survivors: 1024.0K->1024.0K Heap: 227.3M(256.0M)->148.5M(256.0M)]
 [Times: user=0.02 sys=0.00, real=0.00 secs] 
2020-04-13T16:05:43.946+0800: 1326.898: [GC pause (G1 Evacuation Pause) (young), 0.0043867 secs]
   [Parallel Time: 4.0 ms, GC Workers: 4]
      [GC Worker Start (ms): Min: 1326898.5, Avg: 1326898.5, Max: 1326898.5, Diff: 0.0]
      [Ext Root Scanning (ms): Min: 0.3, Avg: 0.4, Max: 0.5, Diff: 0.2, Sum: 1.5]
      [Update RS (ms): Min: 1.8, Avg: 1.8, Max: 1.9, Diff: 0.1, Sum: 7.2]
         [Processed Buffers: Min: 5, Avg: 8.5, Max: 10, Diff: 5, Sum: 34]
      [Scan RS (ms): Min: 0.6, Avg: 0.7, Max: 0.8, Diff: 0.2, Sum: 2.7]
      [Code Root Scanning (ms): Min: 0.0, Avg: 0.0, Max: 0.0, Diff: 0.0, Sum: 0.0]
      [Object Copy (ms): Min: 1.0, Avg: 1.0, Max: 1.1, Diff: 0.1, Sum: 4.2]
      [Termination (ms): Min: 0.0, Avg: 0.0, Max: 0.0, Diff: 0.0, Sum: 0.0]
         [Termination Attempts: Min: 1, Avg: 1.0, Max: 1, Diff: 0, Sum: 4]
      [GC Worker Other (ms): Min: 0.0, Avg: 0.0, Max: 0.0, Diff: 0.0, Sum: 0.1]
      [GC Worker Total (ms): Min: 3.9, Avg: 3.9, Max: 3.9, Diff: 0.0, Sum: 15.7]
      [GC Worker End (ms): Min: 1326902.4, Avg: 1326902.4, Max: 1326902.4, Diff: 0.0]
   [Code Root Fixup: 0.0 ms]
   [Code Root Purge: 0.0 ms]
   [Clear CT: 0.0 ms]
   [Other: 0.3 ms]
      [Choose CSet: 0.0 ms]
      [Ref Proc: 0.1 ms]
      [Ref Enq: 0.0 ms]
      [Redirty Cards: 0.1 ms]
      [Humongous Register: 0.0 ms]
      [Humongous Reclaim: 0.0 ms]
      [Free CSet: 0.0 ms]
   [Eden: 79.0M(79.0M)->0.0B(79.0M) Survivors: 1024.0K->1024.0K Heap: 227.5M(256.0M)->148.5M(256.0M)]
 [Times: user=0.01 sys=0.00, real=0.01 secs] 
2020-04-13T16:05:45.402+0800: 1328.354: [GC pause (G1 Evacuation Pause) (young) (initial-mark), 0.0044218 secs]
   [Parallel Time: 4.1 ms, GC Workers: 4]
      [GC Worker Start (ms): Min: 1328353.8, Avg: 1328353.8, Max: 1328353.8, Diff: 0.0]
      [Ext Root Scanning (ms): Min: 0.5, Avg: 0.6, Max: 0.6, Diff: 0.0, Sum: 2.2]
      [Update RS (ms): Min: 1.5, Avg: 1.9, Max: 2.8, Diff: 1.2, Sum: 7.5]
         [Processed Buffers: Min: 5, Avg: 9.0, Max: 12, Diff: 7, Sum: 36]
      [Scan RS (ms): Min: 0.0, Avg: 0.6, Max: 0.9, Diff: 0.9, Sum: 2.4]
      [Code Root Scanning (ms): Min: 0.0, Avg: 0.0, Max: 0.0, Diff: 0.0, Sum: 0.0]
      [Object Copy (ms): Min: 0.6, Avg: 0.9, Max: 1.0, Diff: 0.4, Sum: 3.8]
      [Termination (ms): Min: 0.0, Avg: 0.0, Max: 0.0, Diff: 0.0, Sum: 0.0]
         [Termination Attempts: Min: 1, Avg: 1.0, Max: 1, Diff: 0, Sum: 4]
      [GC Worker Other (ms): Min: 0.0, Avg: 0.0, Max: 0.0, Diff: 0.0, Sum: 0.0]
      [GC Worker Total (ms): Min: 4.0, Avg: 4.0, Max: 4.0, Diff: 0.0, Sum: 15.9]
      [GC Worker End (ms): Min: 1328357.8, Avg: 1328357.8, Max: 1328357.8, Diff: 0.0]
   [Code Root Fixup: 0.0 ms]
   [Code Root Purge: 0.0 ms]
   [Clear CT: 0.0 ms]
   [Other: 0.3 ms]
      [Choose CSet: 0.0 ms]
      [Ref Proc: 0.1 ms]
      [Ref Enq: 0.0 ms]
      [Redirty Cards: 0.0 ms]
      [Humongous Register: 0.0 ms]
      [Humongous Reclaim: 0.0 ms]
      [Free CSet: 0.0 ms]
   [Eden: 79.0M(79.0M)->0.0B(77.0M) Survivors: 1024.0K->2048.0K Heap: 227.5M(256.0M)->148.9M(256.0M)]
 [Times: user=0.01 sys=0.00, real=0.00 secs] 
2020-04-13T16:05:45.406+0800: 1328.358: [GC concurrent-root-region-scan-start]
2020-04-13T16:05:45.409+0800: 1328.361: [GC concurrent-root-region-scan-end, 0.0029600 secs]
2020-04-13T16:05:45.409+0800: 1328.361: [GC concurrent-mark-start]
2020-04-13T16:05:45.432+0800: 1328.384: [GC concurrent-mark-end, 0.0230652 secs]
2020-04-13T16:05:45.433+0800: 1328.385: [GC remark 2020-04-13T16:05:45.433+0800: 1328.385: [Finalize Marking, 0.0004506 secs] 2020-04-13T16:05:45.433+0800: 1328.385: [GC ref-proc, 0.0000671 secs] 2020-04-13T16:05:45.433+0800: 1328.385: [Unloading, 0.0034834 secs], 0.0055968 secs]
 [Times: user=0.02 sys=0.00, real=0.00 secs] 
2020-04-13T16:05:45.438+0800: 1328.390: [GC cleanup 150M->150M(256M), 0.0003462 secs]
 [Times: user=0.00 sys=0.00, real=0.00 secs] 
2020-04-13T16:05:46.905+0800: 1329.857: [GC pause (G1 Evacuation Pause) (young), 0.0051878 secs]
   [Parallel Time: 4.4 ms, GC Workers: 4]
      [GC Worker Start (ms): Min: 1329857.4, Avg: 1329857.5, Max: 1329857.5, Diff: 0.0]
      [Ext Root Scanning (ms): Min: 0.3, Avg: 0.4, Max: 0.5, Diff: 0.2, Sum: 1.5]
      [Update RS (ms): Min: 1.5, Avg: 1.6, Max: 1.6, Diff: 0.1, Sum: 6.2]
         [Processed Buffers: Min: 6, Avg: 9.0, Max: 13, Diff: 7, Sum: 36]
      [Scan RS (ms): Min: 0.5, Avg: 0.6, Max: 0.6, Diff: 0.2, Sum: 2.2]
      [Code Root Scanning (ms): Min: 0.0, Avg: 0.0, Max: 0.0, Diff: 0.0, Sum: 0.0]
      [Object Copy (ms): Min: 1.6, Avg: 1.6, Max: 1.7, Diff: 0.1, Sum: 6.6]
      [Termination (ms): Min: 0.0, Avg: 0.1, Max: 0.2, Diff: 0.2, Sum: 0.4]
         [Termination Attempts: Min: 1, Avg: 1.5, Max: 2, Diff: 1, Sum: 6]
      [GC Worker Other (ms): Min: 0.0, Avg: 0.0, Max: 0.0, Diff: 0.0, Sum: 0.0]
      [GC Worker Total (ms): Min: 4.2, Avg: 4.3, Max: 4.3, Diff: 0.1, Sum: 17.0]
      [GC Worker End (ms): Min: 1329861.7, Avg: 1329861.7, Max: 1329861.8, Diff: 0.1]
   [Code Root Fixup: 0.0 ms]
   [Code Root Purge: 0.0 ms]
   [Clear CT: 0.1 ms]
   [Other: 0.7 ms]
      [Choose CSet: 0.0 ms]
      [Ref Proc: 0.5 ms]
      [Ref Enq: 0.0 ms]
      [Redirty Cards: 0.1 ms]
      [Humongous Register: 0.0 ms]
      [Humongous Reclaim: 0.0 ms]
      [Free CSet: 0.0 ms]
   [Eden: 77.0M(77.0M)->0.0B(79.0M) Survivors: 2048.0K->1024.0K Heap: 225.9M(256.0M)->148.5M(256.0M)]
 [Times: user=0.01 sys=0.00, real=0.01 secs] 
2020-04-13T16:05:48.276+0800: 1331.228: [GC pause (G1 Evacuation Pause) (young), 0.0055701 secs]
   [Parallel Time: 4.3 ms, GC Workers: 4]
      [GC Worker Start (ms): Min: 1331228.0, Avg: 1331228.0, Max: 1331228.0, Diff: 0.0]
      [Ext Root Scanning (ms): Min: 0.3, Avg: 0.4, Max: 0.5, Diff: 0.2, Sum: 1.5]
      [Update RS (ms): Min: 1.8, Avg: 2.0, Max: 2.1, Diff: 0.3, Sum: 8.0]
         [Processed Buffers: Min: 5, Avg: 8.2, Max: 14, Diff: 9, Sum: 33]
      [Scan RS (ms): Min: 0.4, Avg: 0.5, Max: 0.6, Diff: 0.2, Sum: 2.0]
      [Code Root Scanning (ms): Min: 0.0, Avg: 0.0, Max: 0.0, Diff: 0.0, Sum: 0.0]
      [Object Copy (ms): Min: 1.1, Avg: 1.2, Max: 1.3, Diff: 0.2, Sum: 4.8]
      [Termination (ms): Min: 0.0, Avg: 0.2, Max: 0.2, Diff: 0.2, Sum: 0.6]
         [Termination Attempts: Min: 1, Avg: 1.2, Max: 2, Diff: 1, Sum: 5]
      [GC Worker Other (ms): Min: 0.0, Avg: 0.0, Max: 0.0, Diff: 0.0, Sum: 0.0]
      [GC Worker Total (ms): Min: 4.2, Avg: 4.2, Max: 4.3, Diff: 0.1, Sum: 17.0]
      [GC Worker End (ms): Min: 1331232.2, Avg: 1331232.2, Max: 1331232.3, Diff: 0.1]
   [Code Root Fixup: 0.0 ms]
   [Code Root Purge: 0.0 ms]
   [Clear CT: 0.0 ms]
   [Other: 1.1 ms]
      [Choose CSet: 0.0 ms]
      [Ref Proc: 0.9 ms]
      [Ref Enq: 0.0 ms]
      [Redirty Cards: 0.1 ms]
      [Humongous Register: 0.0 ms]
      [Humongous Reclaim: 0.0 ms]
      [Free CSet: 0.0 ms]
   [Eden: 79.0M(79.0M)->0.0B(79.0M) Survivors: 1024.0K->1024.0K Heap: 227.5M(256.0M)->148.7M(256.0M)]
 [Times: user=0.01 sys=0.00, real=0.01 secs] 
2020-04-13T16:05:49.577+0800: 1332.529: [GC pause (G1 Evacuation Pause) (young) (initial-mark), 0.0084555 secs]
   [Parallel Time: 7.3 ms, GC Workers: 4]
      [GC Worker Start (ms): Min: 1332530.0, Avg: 1332530.5, Max: 1332531.2, Diff: 1.2]
      [Ext Root Scanning (ms): Min: 0.0, Avg: 1.1, Max: 1.6, Diff: 1.6, Sum: 4.2]
      [Update RS (ms): Min: 1.2, Avg: 2.5, Max: 5.0, Diff: 3.8, Sum: 10.0]
         [Processed Buffers: Min: 5, Avg: 8.5, Max: 12, Diff: 7, Sum: 34]
      [Scan RS (ms): Min: 0.0, Avg: 0.3, Max: 0.5, Diff: 0.5, Sum: 1.4]
      [Code Root Scanning (ms): Min: 0.0, Avg: 0.0, Max: 0.0, Diff: 0.0, Sum: 0.0]
      [Object Copy (ms): Min: 0.1, Avg: 1.3, Max: 1.8, Diff: 1.8, Sum: 5.3]
      [Termination (ms): Min: 0.0, Avg: 0.7, Max: 1.0, Diff: 1.0, Sum: 2.9]
         [Termination Attempts: Min: 1, Avg: 1.0, Max: 1, Diff: 0, Sum: 4]
      [GC Worker Other (ms): Min: 0.0, Avg: 0.0, Max: 0.0, Diff: 0.0, Sum: 0.0]
      [GC Worker Total (ms): Min: 5.2, Avg: 6.0, Max: 6.4, Diff: 1.3, Sum: 23.8]
      [GC Worker End (ms): Min: 1332536.4, Avg: 1332536.4, Max: 1332536.5, Diff: 0.1]
   [Code Root Fixup: 0.0 ms]
   [Code Root Purge: 0.0 ms]
   [Clear CT: 0.1 ms]
   [Other: 1.1 ms]
      [Choose CSet: 0.0 ms]
      [Ref Proc: 0.5 ms]
      [Ref Enq: 0.0 ms]
      [Redirty Cards: 0.2 ms]
      [Humongous Register: 0.0 ms]
      [Humongous Reclaim: 0.0 ms]
      [Free CSet: 0.0 ms]
   [Eden: 79.0M(79.0M)->0.0B(79.0M) Survivors: 1024.0K->1024.0K Heap: 227.7M(256.0M)->148.8M(256.0M)]
 [Times: user=0.02 sys=0.00, real=0.01 secs] 
2020-04-13T16:05:49.586+0800: 1332.538: [GC concurrent-root-region-scan-start]
2020-04-13T16:05:49.590+0800: 1332.542: [GC concurrent-root-region-scan-end, 0.0041990 secs]
2020-04-13T16:05:49.590+0800: 1332.542: [GC concurrent-mark-start]
2020-04-13T16:05:49.614+0800: 1332.566: [GC concurrent-mark-end, 0.0244529 secs]
2020-04-13T16:05:49.615+0800: 1332.566: [GC remark 2020-04-13T16:05:49.615+0800: 1332.567: [Finalize Marking, 0.0023948 secs] 2020-04-13T16:05:49.617+0800: 1332.569: [GC ref-proc, 0.0001506 secs] 2020-04-13T16:05:49.617+0800: 1332.569: [Unloading, 0.0060810 secs], 0.0103669 secs]
 [Times: user=0.02 sys=0.00, real=0.01 secs] 
2020-04-13T16:05:49.625+0800: 1332.577: [GC cleanup 151M->151M(256M), 0.0003472 secs]
 [Times: user=0.00 sys=0.00, real=0.00 secs] 
2020-04-13T16:05:50.824+0800: 1333.776: [GC pause (G1 Evacuation Pause) (young), 0.0043534 secs]
   [Parallel Time: 3.9 ms, GC Workers: 4]
      [GC Worker Start (ms): Min: 1333775.8, Avg: 1333775.8, Max: 1333775.8, Diff: 0.0]
      [Ext Root Scanning (ms): Min: 0.3, Avg: 0.4, Max: 0.5, Diff: 0.2, Sum: 1.5]
      [Update RS (ms): Min: 1.5, Avg: 1.6, Max: 1.7, Diff: 0.2, Sum: 6.2]
         [Processed Buffers: Min: 4, Avg: 9.0, Max: 11, Diff: 7, Sum: 36]
      [Scan RS (ms): Min: 0.7, Avg: 0.9, Max: 1.3, Diff: 0.6, Sum: 3.7]
      [Code Root Scanning (ms): Min: 0.0, Avg: 0.0, Max: 0.0, Diff: 0.0, Sum: 0.0]
      [Object Copy (ms): Min: 0.5, Avg: 0.9, Max: 1.2, Diff: 0.7, Sum: 3.8]
      [Termination (ms): Min: 0.0, Avg: 0.0, Max: 0.0, Diff: 0.0, Sum: 0.0]
         [Termination Attempts: Min: 1, Avg: 1.2, Max: 2, Diff: 1, Sum: 5]
      [GC Worker Other (ms): Min: 0.0, Avg: 0.0, Max: 0.0, Diff: 0.0, Sum: 0.0]
      [GC Worker Total (ms): Min: 3.8, Avg: 3.8, Max: 3.8, Diff: 0.0, Sum: 15.3]
      [GC Worker End (ms): Min: 1333779.6, Avg: 1333779.6, Max: 1333779.6, Diff: 0.0]
   [Code Root Fixup: 0.0 ms]
   [Code Root Purge: 0.0 ms]
   [Clear CT: 0.1 ms]
   [Other: 0.4 ms]
      [Choose CSet: 0.0 ms]
      [Ref Proc: 0.1 ms]
      [Ref Enq: 0.0 ms]
      [Redirty Cards: 0.1 ms]
      [Humongous Register: 0.0 ms]
      [Humongous Reclaim: 0.0 ms]
      [Free CSet: 0.0 ms]
   [Eden: 79.0M(79.0M)->0.0B(79.0M) Survivors: 1024.0K->1024.0K Heap: 227.8M(256.0M)->148.6M(256.0M)]
 [Times: user=0.02 sys=0.00, real=0.00 secs] 
2020-04-13T16:05:52.240+0800: 1335.192: [GC pause (G1 Evacuation Pause) (young), 0.0069913 secs]
   [Parallel Time: 5.7 ms, GC Workers: 4]
      [GC Worker Start (ms): Min: 1335192.0, Avg: 1335192.0, Max: 1335192.0, Diff: 0.0]
      [Ext Root Scanning (ms): Min: 0.3, Avg: 0.4, Max: 0.5, Diff: 0.2, Sum: 1.5]
      [Update RS (ms): Min: 1.7, Avg: 2.7, Max: 3.8, Diff: 2.1, Sum: 10.6]
         [Processed Buffers: Min: 3, Avg: 8.5, Max: 13, Diff: 10, Sum: 34]
      [Scan RS (ms): Min: 0.0, Avg: 0.4, Max: 0.9, Diff: 0.9, Sum: 1.8]
      [Code Root Scanning (ms): Min: 0.0, Avg: 0.0, Max: 0.0, Diff: 0.0, Sum: 0.0]
      [Object Copy (ms): Min: 0.7, Avg: 1.6, Max: 1.9, Diff: 1.2, Sum: 6.3]
      [Termination (ms): Min: 0.0, Avg: 0.5, Max: 0.6, Diff: 0.6, Sum: 1.8]
         [Termination Attempts: Min: 1, Avg: 1.2, Max: 2, Diff: 1, Sum: 5]
      [GC Worker Other (ms): Min: 0.0, Avg: 0.0, Max: 0.0, Diff: 0.0, Sum: 0.0]
      [GC Worker Total (ms): Min: 5.5, Avg: 5.5, Max: 5.5, Diff: 0.0, Sum: 22.1]
      [GC Worker End (ms): Min: 1335197.5, Avg: 1335197.5, Max: 1335197.5, Diff: 0.1]
   [Code Root Fixup: 0.1 ms]
   [Code Root Purge: 0.0 ms]
   [Clear CT: 0.1 ms]
   [Other: 1.2 ms]
      [Choose CSet: 0.0 ms]
      [Ref Proc: 0.9 ms]
      [Ref Enq: 0.0 ms]
      [Redirty Cards: 0.1 ms]
      [Humongous Register: 0.0 ms]
      [Humongous Reclaim: 0.0 ms]
      [Free CSet: 0.0 ms]
   [Eden: 79.0M(79.0M)->0.0B(79.0M) Survivors: 1024.0K->1024.0K Heap: 227.6M(256.0M)->148.7M(256.0M)]
 [Times: user=0.02 sys=0.00, real=0.00 secs] 
2020-04-13T16:05:53.576+0800: 1336.527: [GC pause (G1 Evacuation Pause) (young) (initial-mark), 0.0059224 secs]
   [Parallel Time: 5.1 ms, GC Workers: 4]
      [GC Worker Start (ms): Min: 1336527.6, Avg: 1336527.7, Max: 1336528.3, Diff: 0.7]
      [Ext Root Scanning (ms): Min: 0.0, Avg: 1.0, Max: 2.1, Diff: 2.1, Sum: 3.8]
      [Update RS (ms): Min: 1.1, Avg: 2.0, Max: 2.5, Diff: 1.3, Sum: 7.9]
         [Processed Buffers: Min: 5, Avg: 8.2, Max: 13, Diff: 8, Sum: 33]
      [Scan RS (ms): Min: 0.6, Avg: 0.7, Max: 0.8, Diff: 0.2, Sum: 2.9]
      [Code Root Scanning (ms): Min: 0.0, Avg: 0.0, Max: 0.0, Diff: 0.0, Sum: 0.0]
      [Object Copy (ms): Min: 1.1, Avg: 1.2, Max: 1.2, Diff: 0.1, Sum: 4.7]
      [Termination (ms): Min: 0.0, Avg: 0.0, Max: 0.0, Diff: 0.0, Sum: 0.0]
         [Termination Attempts: Min: 1, Avg: 1.0, Max: 1, Diff: 0, Sum: 4]
      [GC Worker Other (ms): Min: 0.0, Avg: 0.0, Max: 0.0, Diff: 0.0, Sum: 0.0]
      [GC Worker Total (ms): Min: 4.3, Avg: 4.8, Max: 5.0, Diff: 0.7, Sum: 19.4]
      [GC Worker End (ms): Min: 1336532.6, Avg: 1336532.6, Max: 1336532.6, Diff: 0.0]
   [Code Root Fixup: 0.0 ms]
   [Code Root Purge: 0.0 ms]
   [Clear CT: 0.1 ms]
   [Other: 0.7 ms]
      [Choose CSet: 0.0 ms]
      [Ref Proc: 0.5 ms]
      [Ref Enq: 0.0 ms]
      [Redirty Cards: 0.1 ms]
      [Humongous Register: 0.0 ms]
      [Humongous Reclaim: 0.0 ms]
      [Free CSet: 0.0 ms]
   [Eden: 79.0M(79.0M)->0.0B(78.0M) Survivors: 1024.0K->1024.0K Heap: 227.7M(256.0M)->148.9M(256.0M)]
 [Times: user=0.02 sys=0.00, real=0.01 secs] 
2020-04-13T16:05:53.582+0800: 1336.534: [GC concurrent-root-region-scan-start]
2020-04-13T16:05:53.584+0800: 1336.536: [GC concurrent-root-region-scan-end, 0.0021856 secs]
2020-04-13T16:05:53.584+0800: 1336.536: [GC concurrent-mark-start]
2020-04-13T16:05:53.629+0800: 1336.581: [GC concurrent-mark-end, 0.0449823 secs]
2020-04-13T16:05:53.629+0800: 1336.581: [GC remark 2020-04-13T16:05:53.629+0800: 1336.581: [Finalize Marking, 0.0001373 secs] 2020-04-13T16:05:53.629+0800: 1336.581: [GC ref-proc, 0.0000832 secs] 2020-04-13T16:05:53.629+0800: 1336.581: [Unloading, 0.0037035 secs], 0.0052403 secs]
 [Times: user=0.01 sys=0.00, real=0.01 secs] 
2020-04-13T16:05:53.634+0800: 1336.586: [GC cleanup 152M->152M(256M), 0.0003331 secs]
 [Times: user=0.00 sys=0.00, real=0.00 secs] 
2020-04-13T16:05:54.906+0800: 1337.858: [GC pause (G1 Evacuation Pause) (young), 0.0062125 secs]
   [Parallel Time: 5.5 ms, GC Workers: 4]
      [GC Worker Start (ms): Min: 1337858.1, Avg: 1337858.5, Max: 1337859.0, Diff: 0.9]
      [Ext Root Scanning (ms): Min: 0.0, Avg: 0.3, Max: 0.6, Diff: 0.6, Sum: 1.2]
      [Update RS (ms): Min: 2.1, Avg: 2.8, Max: 4.5, Diff: 2.4, Sum: 11.1]
         [Processed Buffers: Min: 0, Avg: 9.0, Max: 15, Diff: 15, Sum: 36]
      [Scan RS (ms): Min: 0.0, Avg: 0.5, Max: 0.8, Diff: 0.8, Sum: 2.1]
      [Code Root Scanning (ms): Min: 0.0, Avg: 0.0, Max: 0.0, Diff: 0.0, Sum: 0.0]
      [Object Copy (ms): Min: 0.0, Avg: 0.9, Max: 1.2, Diff: 1.2, Sum: 3.6]
      [Termination (ms): Min: 0.0, Avg: 0.5, Max: 0.7, Diff: 0.7, Sum: 1.9]
         [Termination Attempts: Min: 1, Avg: 4.8, Max: 9, Diff: 8, Sum: 19]
      [GC Worker Other (ms): Min: 0.0, Avg: 0.0, Max: 0.0, Diff: 0.0, Sum: 0.0]
      [GC Worker Total (ms): Min: 4.5, Avg: 5.0, Max: 5.4, Diff: 0.9, Sum: 19.9]
      [GC Worker End (ms): Min: 1337863.5, Avg: 1337863.5, Max: 1337863.5, Diff: 0.0]
   [Code Root Fixup: 0.0 ms]
   [Code Root Purge: 0.0 ms]
   [Clear CT: 0.0 ms]
   [Other: 0.7 ms]
      [Choose CSet: 0.0 ms]
      [Ref Proc: 0.5 ms]
      [Ref Enq: 0.0 ms]
      [Redirty Cards: 0.1 ms]
      [Humongous Register: 0.0 ms]
      [Humongous Reclaim: 0.0 ms]
      [Free CSet: 0.0 ms]
   [Eden: 78.0M(78.0M)->0.0B(11.0M) Survivors: 1024.0K->1024.0K Heap: 226.9M(256.0M)->148.8M(256.0M)]
 [Times: user=0.01 sys=0.00, real=0.01 secs] 
2020-04-13T16:05:55.098+0800: 1338.050: [GC pause (G1 Evacuation Pause) (mixed), 0.0068227 secs]
   [Parallel Time: 5.7 ms, GC Workers: 4]
      [GC Worker Start (ms): Min: 1338050.1, Avg: 1338050.1, Max: 1338050.1, Diff: 0.0]
      [Ext Root Scanning (ms): Min: 0.4, Avg: 0.5, Max: 0.7, Diff: 0.3, Sum: 1.8]
      [Update RS (ms): Min: 1.2, Avg: 1.4, Max: 1.5, Diff: 0.3, Sum: 5.4]
         [Processed Buffers: Min: 4, Avg: 6.0, Max: 9, Diff: 5, Sum: 24]
      [Scan RS (ms): Min: 1.0, Avg: 1.0, Max: 1.0, Diff: 0.0, Sum: 4.0]
      [Code Root Scanning (ms): Min: 0.0, Avg: 0.0, Max: 0.0, Diff: 0.0, Sum: 0.0]
      [Object Copy (ms): Min: 2.0, Avg: 2.1, Max: 2.6, Diff: 0.6, Sum: 8.6]
      [Termination (ms): Min: 0.0, Avg: 0.5, Max: 0.8, Diff: 0.8, Sum: 2.0]
         [Termination Attempts: Min: 1, Avg: 1.2, Max: 2, Diff: 1, Sum: 5]
      [GC Worker Other (ms): Min: 0.0, Avg: 0.0, Max: 0.0, Diff: 0.0, Sum: 0.0]
      [GC Worker Total (ms): Min: 5.4, Avg: 5.5, Max: 5.6, Diff: 0.1, Sum: 22.0]
      [GC Worker End (ms): Min: 1338055.6, Avg: 1338055.6, Max: 1338055.7, Diff: 0.1]
   [Code Root Fixup: 0.1 ms]
   [Code Root Purge: 0.0 ms]
   [Clear CT: 0.0 ms]
   [Other: 1.0 ms]
      [Choose CSet: 0.0 ms]
      [Ref Proc: 0.9 ms]
      [Ref Enq: 0.0 ms]
      [Redirty Cards: 0.0 ms]
      [Humongous Register: 0.0 ms]
      [Humongous Reclaim: 0.0 ms]
      [Free CSet: 0.0 ms]
   [Eden: 11.0M(11.0M)->0.0B(79.0M) Survivors: 1024.0K->1024.0K Heap: 159.8M(256.0M)->148.2M(256.0M)]
 [Times: user=0.02 sys=0.00, real=0.01 secs] 
2020-04-13T16:05:56.671+0800: 1339.623: [GC pause (G1 Evacuation Pause) (young), 0.0053071 secs]
   [Parallel Time: 4.4 ms, GC Workers: 4]
      [GC Worker Start (ms): Min: 1339623.4, Avg: 1339623.5, Max: 1339623.5, Diff: 0.1]
      [Ext Root Scanning (ms): Min: 0.3, Avg: 0.5, Max: 0.9, Diff: 0.6, Sum: 1.9]
      [Update RS (ms): Min: 1.4, Avg: 1.8, Max: 2.1, Diff: 0.7, Sum: 7.1]
         [Processed Buffers: Min: 4, Avg: 8.0, Max: 13, Diff: 9, Sum: 32]
      [Scan RS (ms): Min: 0.7, Avg: 0.9, Max: 1.0, Diff: 0.3, Sum: 3.4]
      [Code Root Scanning (ms): Min: 0.0, Avg: 0.0, Max: 0.0, Diff: 0.0, Sum: 0.0]
      [Object Copy (ms): Min: 1.0, Avg: 1.1, Max: 1.5, Diff: 0.6, Sum: 4.4]
      [Termination (ms): Min: 0.0, Avg: 0.0, Max: 0.0, Diff: 0.0, Sum: 0.0]
         [Termination Attempts: Min: 1, Avg: 1.0, Max: 1, Diff: 0, Sum: 4]
      [GC Worker Other (ms): Min: 0.0, Avg: 0.0, Max: 0.0, Diff: 0.0, Sum: 0.1]
      [GC Worker Total (ms): Min: 4.1, Avg: 4.2, Max: 4.3, Diff: 0.1, Sum: 16.9]
      [GC Worker End (ms): Min: 1339627.7, Avg: 1339627.7, Max: 1339627.7, Diff: 0.0]
   [Code Root Fixup: 0.0 ms]
   [Code Root Purge: 0.0 ms]
   [Clear CT: 0.1 ms]
   [Other: 0.8 ms]
      [Choose CSet: 0.0 ms]
      [Ref Proc: 0.5 ms]
      [Ref Enq: 0.0 ms]
      [Redirty Cards: 0.1 ms]
      [Humongous Register: 0.0 ms]
      [Humongous Reclaim: 0.0 ms]
      [Free CSet: 0.0 ms]
   [Eden: 79.0M(79.0M)->0.0B(79.0M) Survivors: 1024.0K->1024.0K Heap: 227.2M(256.0M)->148.2M(256.0M)]
 [Times: user=0.01 sys=0.00, real=0.00 secs] 
2020-04-13T16:05:58.207+0800: 1341.159: [GC pause (G1 Evacuation Pause) (young) (initial-mark), 0.0055030 secs]
   [Parallel Time: 4.6 ms, GC Workers: 4]
      [GC Worker Start (ms): Min: 1341158.8, Avg: 1341158.9, Max: 1341158.9, Diff: 0.0]
      [Ext Root Scanning (ms): Min: 0.6, Avg: 0.6, Max: 0.6, Diff: 0.1, Sum: 2.4]
      [Update RS (ms): Min: 1.8, Avg: 1.9, Max: 2.0, Diff: 0.2, Sum: 7.7]
         [Processed Buffers: Min: 3, Avg: 8.0, Max: 11, Diff: 8, Sum: 32]
      [Scan RS (ms): Min: 0.6, Avg: 0.9, Max: 1.8, Diff: 1.1, Sum: 3.8]
      [Code Root Scanning (ms): Min: 0.0, Avg: 0.0, Max: 0.0, Diff: 0.0, Sum: 0.0]
      [Object Copy (ms): Min: 0.3, Avg: 1.0, Max: 1.3, Diff: 1.0, Sum: 4.1]
      [Termination (ms): Min: 0.0, Avg: 0.0, Max: 0.0, Diff: 0.0, Sum: 0.0]
         [Termination Attempts: Min: 1, Avg: 1.0, Max: 1, Diff: 0, Sum: 4]
      [GC Worker Other (ms): Min: 0.0, Avg: 0.0, Max: 0.0, Diff: 0.0, Sum: 0.0]
      [GC Worker Total (ms): Min: 4.5, Avg: 4.5, Max: 4.5, Diff: 0.0, Sum: 18.1]
      [GC Worker End (ms): Min: 1341163.4, Avg: 1341163.4, Max: 1341163.4, Diff: 0.0]
   [Code Root Fixup: 0.0 ms]
   [Code Root Purge: 0.0 ms]
   [Clear CT: 0.0 ms]
   [Other: 0.8 ms]
      [Choose CSet: 0.0 ms]
      [Ref Proc: 0.6 ms]
      [Ref Enq: 0.0 ms]
      [Redirty Cards: 0.0 ms]
      [Humongous Register: 0.0 ms]
      [Humongous Reclaim: 0.0 ms]
      [Free CSet: 0.0 ms]
   [Eden: 79.0M(79.0M)->0.0B(79.0M) Survivors: 1024.0K->1024.0K Heap: 227.2M(256.0M)->148.5M(256.0M)]
 [Times: user=0.01 sys=0.00, real=0.01 secs] 
2020-04-13T16:05:58.213+0800: 1341.164: [GC concurrent-root-region-scan-start]
2020-04-13T16:05:58.215+0800: 1341.167: [GC concurrent-root-region-scan-end, 0.0025248 secs]
2020-04-13T16:05:58.215+0800: 1341.167: [GC concurrent-mark-start]
2020-04-13T16:05:58.240+0800: 1341.192: [GC concurrent-mark-end, 0.0245778 secs]
2020-04-13T16:05:58.240+0800: 1341.192: [GC remark 2020-04-13T16:05:58.240+0800: 1341.192: [Finalize Marking, 0.0001099 secs] 2020-04-13T16:05:58.240+0800: 1341.192: [GC ref-proc, 0.0000800 secs] 2020-04-13T16:05:58.240+0800: 1341.192: [Unloading, 0.0037735 secs], 0.0053604 secs]
 [Times: user=0.01 sys=0.00, real=0.00 secs] 
2020-04-13T16:05:58.245+0800: 1341.197: [GC cleanup 150M->150M(256M), 0.0003353 secs]
 [Times: user=0.00 sys=0.00, real=0.00 secs] 
2020-04-13T16:05:59.646+0800: 1342.598: [GC pause (G1 Evacuation Pause) (young), 0.0043682 secs]
   [Parallel Time: 3.9 ms, GC Workers: 4]
      [GC Worker Start (ms): Min: 1342597.9, Avg: 1342597.9, Max: 1342597.9, Diff: 0.0]
      [Ext Root Scanning (ms): Min: 0.3, Avg: 0.4, Max: 0.5, Diff: 0.2, Sum: 1.6]
      [Update RS (ms): Min: 1.7, Avg: 2.0, Max: 2.4, Diff: 0.6, Sum: 8.2]
         [Processed Buffers: Min: 6, Avg: 8.0, Max: 11, Diff: 5, Sum: 32]
      [Scan RS (ms): Min: 0.0, Avg: 0.4, Max: 0.7, Diff: 0.7, Sum: 1.4]
      [Code Root Scanning (ms): Min: 0.0, Avg: 0.0, Max: 0.0, Diff: 0.0, Sum: 0.0]
      [Object Copy (ms): Min: 0.9, Avg: 1.0, Max: 1.1, Diff: 0.2, Sum: 4.2]
      [Termination (ms): Min: 0.0, Avg: 0.0, Max: 0.0, Diff: 0.0, Sum: 0.1]
         [Termination Attempts: Min: 1, Avg: 1.0, Max: 1, Diff: 0, Sum: 4]
      [GC Worker Other (ms): Min: 0.0, Avg: 0.0, Max: 0.0, Diff: 0.0, Sum: 0.0]
      [GC Worker Total (ms): Min: 3.8, Avg: 3.9, Max: 3.9, Diff: 0.0, Sum: 15.5]
      [GC Worker End (ms): Min: 1342601.8, Avg: 1342601.8, Max: 1342601.8, Diff: 0.0]
   [Code Root Fixup: 0.0 ms]
   [Code Root Purge: 0.0 ms]
   [Clear CT: 0.1 ms]
   [Other: 0.3 ms]
      [Choose CSet: 0.0 ms]
      [Ref Proc: 0.1 ms]
      [Ref Enq: 0.0 ms]
      [Redirty Cards: 0.1 ms]
      [Humongous Register: 0.0 ms]
      [Humongous Reclaim: 0.0 ms]
      [Free CSet: 0.0 ms]
   [Eden: 79.0M(79.0M)->0.0B(79.0M) Survivors: 1024.0K->1024.0K Heap: 227.5M(256.0M)->148.6M(256.0M)]
 [Times: user=0.01 sys=0.00, real=0.01 secs] 
2020-04-13T16:06:01.033+0800: 1343.985: [GC pause (G1 Evacuation Pause) (young), 0.0053220 secs]
   [Parallel Time: 4.1 ms, GC Workers: 4]
      [GC Worker Start (ms): Min: 1343985.0, Avg: 1343985.0, Max: 1343985.0, Diff: 0.0]
      [Ext Root Scanning (ms): Min: 0.3, Avg: 0.4, Max: 0.5, Diff: 0.2, Sum: 1.5]
      [Update RS (ms): Min: 1.4, Avg: 1.5, Max: 1.6, Diff: 0.2, Sum: 6.0]
         [Processed Buffers: Min: 4, Avg: 8.5, Max: 14, Diff: 10, Sum: 34]
      [Scan RS (ms): Min: 0.6, Avg: 0.6, Max: 0.7, Diff: 0.2, Sum: 2.5]
      [Code Root Scanning (ms): Min: 0.0, Avg: 0.0, Max: 0.0, Diff: 0.0, Sum: 0.0]
      [Object Copy (ms): Min: 1.1, Avg: 1.2, Max: 1.4, Diff: 0.3, Sum: 4.8]
      [Termination (ms): Min: 0.0, Avg: 0.2, Max: 0.3, Diff: 0.3, Sum: 1.0]
         [Termination Attempts: Min: 1, Avg: 1.0, Max: 1, Diff: 0, Sum: 4]
      [GC Worker Other (ms): Min: 0.0, Avg: 0.0, Max: 0.0, Diff: 0.0, Sum: 0.0]
      [GC Worker Total (ms): Min: 3.9, Avg: 3.9, Max: 4.0, Diff: 0.1, Sum: 15.8]
      [GC Worker End (ms): Min: 1343988.9, Avg: 1343988.9, Max: 1343989.0, Diff: 0.1]
   [Code Root Fixup: 0.0 ms]
   [Code Root Purge: 0.0 ms]
   [Clear CT: 0.1 ms]
   [Other: 1.1 ms]
      [Choose CSet: 0.0 ms]
      [Ref Proc: 0.9 ms]
      [Ref Enq: 0.0 ms]
      [Redirty Cards: 0.1 ms]
      [Humongous Register: 0.0 ms]
      [Humongous Reclaim: 0.0 ms]
      [Free CSet: 0.0 ms]
   [Eden: 79.0M(79.0M)->0.0B(79.0M) Survivors: 1024.0K->1024.0K Heap: 227.6M(256.0M)->148.4M(256.0M)]
 [Times: user=0.02 sys=0.00, real=0.00 secs] 
2020-04-13T16:06:02.515+0800: 1345.467: [GC pause (G1 Evacuation Pause) (young) (initial-mark), 0.0075302 secs]
   [Parallel Time: 6.3 ms, GC Workers: 4]
      [GC Worker Start (ms): Min: 1345466.8, Avg: 1345466.8, Max: 1345466.9, Diff: 0.0]
      [Ext Root Scanning (ms): Min: 0.5, Avg: 0.6, Max: 0.6, Diff: 0.1, Sum: 2.3]
      [Update RS (ms): Min: 2.0, Avg: 3.3, Max: 5.4, Diff: 3.3, Sum: 13.0]
         [Processed Buffers: Min: 4, Avg: 8.0, Max: 20, Diff: 16, Sum: 32]
      [Scan RS (ms): Min: 0.0, Avg: 0.6, Max: 1.3, Diff: 1.3, Sum: 2.5]
      [Code Root Scanning (ms): Min: 0.0, Avg: 0.0, Max: 0.0, Diff: 0.0, Sum: 0.0]
      [Object Copy (ms): Min: 0.1, Avg: 1.3, Max: 1.8, Diff: 1.7, Sum: 5.2]
      [Termination (ms): Min: 0.0, Avg: 0.3, Max: 0.5, Diff: 0.5, Sum: 1.3]
         [Termination Attempts: Min: 1, Avg: 5.5, Max: 19, Diff: 18, Sum: 22]
      [GC Worker Other (ms): Min: 0.0, Avg: 0.0, Max: 0.0, Diff: 0.0, Sum: 0.0]
      [GC Worker Total (ms): Min: 6.0, Avg: 6.1, Max: 6.2, Diff: 0.2, Sum: 24.4]
      [GC Worker End (ms): Min: 1345472.8, Avg: 1345472.9, Max: 1345473.0, Diff: 0.2]
   [Code Root Fixup: 0.1 ms]
   [Code Root Purge: 0.0 ms]
   [Clear CT: 0.1 ms]
   [Other: 1.1 ms]
      [Choose CSet: 0.0 ms]
      [Ref Proc: 0.9 ms]
      [Ref Enq: 0.0 ms]
      [Redirty Cards: 0.1 ms]
      [Humongous Register: 0.0 ms]
      [Humongous Reclaim: 0.0 ms]
      [Free CSet: 0.0 ms]
   [Eden: 79.0M(79.0M)->0.0B(79.0M) Survivors: 1024.0K->1024.0K Heap: 227.4M(256.0M)->148.6M(256.0M)]
 [Times: user=0.02 sys=0.01, real=0.01 secs] 
2020-04-13T16:06:02.523+0800: 1345.474: [GC concurrent-root-region-scan-start]
2020-04-13T16:06:02.525+0800: 1345.477: [GC concurrent-root-region-scan-end, 0.0025129 secs]
2020-04-13T16:06:02.525+0800: 1345.477: [GC concurrent-mark-start]
2020-04-13T16:06:02.549+0800: 1345.500: [GC concurrent-mark-end, 0.0233841 secs]
2020-04-13T16:06:02.549+0800: 1345.501: [GC remark 2020-04-13T16:06:02.549+0800: 1345.501: [Finalize Marking, 0.0001241 secs] 2020-04-13T16:06:02.549+0800: 1345.501: [GC ref-proc, 0.0000844 secs] 2020-04-13T16:06:02.549+0800: 1345.501: [Unloading, 0.0061778 secs], 0.0086461 secs]
 [Times: user=0.02 sys=0.00, real=0.01 secs] 
2020-04-13T16:06:02.558+0800: 1345.510: [GC cleanup 150M->150M(256M), 0.0003028 secs]
 [Times: user=0.00 sys=0.00, real=0.00 secs] 
2020-04-13T16:06:03.913+0800: 1346.865: [GC pause (G1 Evacuation Pause) (young), 0.0076464 secs]
   [Parallel Time: 7.1 ms, GC Workers: 4]
      [GC Worker Start (ms): Min: 1346864.9, Avg: 1346864.9, Max: 1346865.1, Diff: 0.3]
      [Ext Root Scanning (ms): Min: 0.2, Avg: 0.4, Max: 0.5, Diff: 0.4, Sum: 1.6]
      [Update RS (ms): Min: 2.1, Avg: 3.2, Max: 6.4, Diff: 4.3, Sum: 12.7]
         [Processed Buffers: Min: 3, Avg: 8.5, Max: 12, Diff: 9, Sum: 34]
      [Scan RS (ms): Min: 0.0, Avg: 1.4, Max: 3.1, Diff: 3.1, Sum: 5.7]
      [Code Root Scanning (ms): Min: 0.0, Avg: 0.0, Max: 0.0, Diff: 0.0, Sum: 0.0]
      [Object Copy (ms): Min: 0.0, Avg: 1.3, Max: 2.3, Diff: 2.2, Sum: 5.1]
      [Termination (ms): Min: 0.0, Avg: 0.6, Max: 0.8, Diff: 0.8, Sum: 2.2]
         [Termination Attempts: Min: 1, Avg: 6.0, Max: 21, Diff: 20, Sum: 24]
      [GC Worker Other (ms): Min: 0.0, Avg: 0.0, Max: 0.0, Diff: 0.0, Sum: 0.0]
      [GC Worker Total (ms): Min: 6.6, Avg: 6.9, Max: 7.0, Diff: 0.4, Sum: 27.4]
      [GC Worker End (ms): Min: 1346871.8, Avg: 1346871.8, Max: 1346871.9, Diff: 0.1]
   [Code Root Fixup: 0.0 ms]
   [Code Root Purge: 0.0 ms]
   [Clear CT: 0.1 ms]
   [Other: 0.4 ms]
      [Choose CSet: 0.0 ms]
      [Ref Proc: 0.2 ms]
      [Ref Enq: 0.0 ms]
      [Redirty Cards: 0.1 ms]
      [Humongous Register: 0.0 ms]
      [Humongous Reclaim: 0.0 ms]
      [Free CSet: 0.0 ms]
   [Eden: 79.0M(79.0M)->0.0B(79.0M) Survivors: 1024.0K->1024.0K Heap: 227.6M(256.0M)->148.5M(256.0M)]
 [Times: user=0.02 sys=0.00, real=0.01 secs] 
2020-04-13T16:06:05.320+0800: 1348.272: [GC pause (G1 Evacuation Pause) (young), 0.0044206 secs]
   [Parallel Time: 4.0 ms, GC Workers: 4]
      [GC Worker Start (ms): Min: 1348271.9, Avg: 1348271.9, Max: 1348272.0, Diff: 0.0]
      [Ext Root Scanning (ms): Min: 0.5, Avg: 0.6, Max: 1.0, Diff: 0.5, Sum: 2.6]
      [Update RS (ms): Min: 1.0, Avg: 1.4, Max: 1.7, Diff: 0.7, Sum: 5.7]
         [Processed Buffers: Min: 5, Avg: 7.5, Max: 11, Diff: 6, Sum: 30]
      [Scan RS (ms): Min: 0.7, Avg: 0.8, Max: 1.0, Diff: 0.3, Sum: 3.3]
      [Code Root Scanning (ms): Min: 0.0, Avg: 0.0, Max: 0.0, Diff: 0.0, Sum: 0.0]
      [Object Copy (ms): Min: 1.0, Avg: 1.0, Max: 1.0, Diff: 0.1, Sum: 4.0]
      [Termination (ms): Min: 0.0, Avg: 0.0, Max: 0.0, Diff: 0.0, Sum: 0.0]
         [Termination Attempts: Min: 1, Avg: 1.0, Max: 1, Diff: 0, Sum: 4]
      [GC Worker Other (ms): Min: 0.0, Avg: 0.0, Max: 0.0, Diff: 0.0, Sum: 0.1]
      [GC Worker Total (ms): Min: 3.9, Avg: 3.9, Max: 3.9, Diff: 0.0, Sum: 15.7]
      [GC Worker End (ms): Min: 1348275.8, Avg: 1348275.9, Max: 1348275.9, Diff: 0.0]
   [Code Root Fixup: 0.0 ms]
   [Code Root Purge: 0.0 ms]
   [Clear CT: 0.0 ms]
   [Other: 0.4 ms]
      [Choose CSet: 0.0 ms]
      [Ref Proc: 0.1 ms]
      [Ref Enq: 0.0 ms]
      [Redirty Cards: 0.1 ms]
      [Humongous Register: 0.0 ms]
      [Humongous Reclaim: 0.0 ms]
      [Free CSet: 0.0 ms]
   [Eden: 79.0M(79.0M)->0.0B(79.0M) Survivors: 1024.0K->1024.0K Heap: 227.5M(256.0M)->148.8M(256.0M)]
 [Times: user=0.01 sys=0.00, real=0.00 secs] 
2020-04-13T16:06:06.763+0800: 1349.714: [GC pause (G1 Evacuation Pause) (young) (initial-mark), 0.0043289 secs]
   [Parallel Time: 3.9 ms, GC Workers: 4]
      [GC Worker Start (ms): Min: 1349714.5, Avg: 1349714.6, Max: 1349714.6, Diff: 0.1]
      [Ext Root Scanning (ms): Min: 0.5, Avg: 0.6, Max: 0.7, Diff: 0.1, Sum: 2.3]
      [Update RS (ms): Min: 1.3, Avg: 1.4, Max: 1.6, Diff: 0.3, Sum: 5.6]
         [Processed Buffers: Min: 3, Avg: 7.2, Max: 12, Diff: 9, Sum: 29]
      [Scan RS (ms): Min: 0.7, Avg: 0.8, Max: 1.0, Diff: 0.2, Sum: 3.4]
      [Code Root Scanning (ms): Min: 0.0, Avg: 0.0, Max: 0.0, Diff: 0.0, Sum: 0.0]
      [Object Copy (ms): Min: 0.9, Avg: 1.0, Max: 1.1, Diff: 0.1, Sum: 4.0]
      [Termination (ms): Min: 0.0, Avg: 0.0, Max: 0.0, Diff: 0.0, Sum: 0.0]
         [Termination Attempts: Min: 1, Avg: 1.0, Max: 1, Diff: 0, Sum: 4]
      [GC Worker Other (ms): Min: 0.0, Avg: 0.0, Max: 0.0, Diff: 0.0, Sum: 0.0]
      [GC Worker Total (ms): Min: 3.8, Avg: 3.8, Max: 3.9, Diff: 0.1, Sum: 15.4]
      [GC Worker End (ms): Min: 1349718.4, Avg: 1349718.4, Max: 1349718.4, Diff: 0.0]
   [Code Root Fixup: 0.0 ms]
   [Code Root Purge: 0.0 ms]
   [Clear CT: 0.1 ms]
   [Other: 0.3 ms]
      [Choose CSet: 0.0 ms]
      [Ref Proc: 0.1 ms]
      [Ref Enq: 0.0 ms]
      [Redirty Cards: 0.0 ms]
      [Humongous Register: 0.0 ms]
      [Humongous Reclaim: 0.0 ms]
      [Free CSet: 0.0 ms]
   [Eden: 79.0M(79.0M)->0.0B(79.0M) Survivors: 1024.0K->1024.0K Heap: 227.8M(256.0M)->148.6M(256.0M)]
 [Times: user=0.02 sys=0.00, real=0.00 secs] 
2020-04-13T16:06:06.767+0800: 1349.719: [GC concurrent-root-region-scan-start]
2020-04-13T16:06:06.770+0800: 1349.722: [GC concurrent-root-region-scan-end, 0.0032005 secs]
2020-04-13T16:06:06.770+0800: 1349.722: [GC concurrent-mark-start]
2020-04-13T16:06:06.795+0800: 1349.747: [GC concurrent-mark-end, 0.0247145 secs]
2020-04-13T16:06:06.795+0800: 1349.747: [GC remark 2020-04-13T16:06:06.795+0800: 1349.747: [Finalize Marking, 0.0002021 secs] 2020-04-13T16:06:06.796+0800: 1349.747: [GC ref-proc, 0.0000641 secs] 2020-04-13T16:06:06.796+0800: 1349.747: [Unloading, 0.0040152 secs], 0.0056262 secs]
 [Times: user=0.02 sys=0.00, real=0.01 secs] 
2020-04-13T16:06:06.801+0800: 1349.753: [GC cleanup 150M->150M(256M), 0.0003589 secs]
 [Times: user=0.00 sys=0.00, real=0.00 secs] 
2020-04-13T16:06:08.132+0800: 1351.084: [GC pause (G1 Evacuation Pause) (young), 0.0038877 secs]
   [Parallel Time: 3.5 ms, GC Workers: 4]
      [GC Worker Start (ms): Min: 1351084.2, Avg: 1351084.3, Max: 1351084.3, Diff: 0.0]
      [Ext Root Scanning (ms): Min: 0.3, Avg: 0.4, Max: 0.5, Diff: 0.2, Sum: 1.6]
      [Update RS (ms): Min: 1.3, Avg: 1.4, Max: 1.6, Diff: 0.3, Sum: 5.6]
         [Processed Buffers: Min: 4, Avg: 7.2, Max: 11, Diff: 7, Sum: 29]
      [Scan RS (ms): Min: 0.6, Avg: 0.7, Max: 0.8, Diff: 0.2, Sum: 2.9]
      [Code Root Scanning (ms): Min: 0.0, Avg: 0.0, Max: 0.0, Diff: 0.0, Sum: 0.0]
      [Object Copy (ms): Min: 0.9, Avg: 0.9, Max: 1.0, Diff: 0.1, Sum: 3.8]
      [Termination (ms): Min: 0.0, Avg: 0.0, Max: 0.0, Diff: 0.0, Sum: 0.0]
         [Termination Attempts: Min: 1, Avg: 1.0, Max: 1, Diff: 0, Sum: 4]
      [GC Worker Other (ms): Min: 0.0, Avg: 0.0, Max: 0.0, Diff: 0.0, Sum: 0.0]
      [GC Worker Total (ms): Min: 3.4, Avg: 3.5, Max: 3.5, Diff: 0.0, Sum: 13.8]
      [GC Worker End (ms): Min: 1351087.7, Avg: 1351087.7, Max: 1351087.7, Diff: 0.0]
   [Code Root Fixup: 0.0 ms]
   [Code Root Purge: 0.0 ms]
   [Clear CT: 0.1 ms]
   [Other: 0.3 ms]
      [Choose CSet: 0.0 ms]
      [Ref Proc: 0.1 ms]
      [Ref Enq: 0.0 ms]
      [Redirty Cards: 0.0 ms]
      [Humongous Register: 0.0 ms]
      [Humongous Reclaim: 0.0 ms]
      [Free CSet: 0.0 ms]
   [Eden: 79.0M(79.0M)->0.0B(79.0M) Survivors: 1024.0K->1024.0K Heap: 227.6M(256.0M)->148.9M(256.0M)]
 [Times: user=0.01 sys=0.00, real=0.00 secs] 
2020-04-13T16:06:09.425+0800: 1352.377: [GC pause (G1 Evacuation Pause) (young), 0.0051007 secs]
   [Parallel Time: 4.7 ms, GC Workers: 4]
      [GC Worker Start (ms): Min: 1352377.0, Avg: 1352377.0, Max: 1352377.0, Diff: 0.0]
      [Ext Root Scanning (ms): Min: 0.3, Avg: 0.4, Max: 0.5, Diff: 0.2, Sum: 1.6]
      [Update RS (ms): Min: 1.2, Avg: 1.4, Max: 1.6, Diff: 0.4, Sum: 5.7]
         [Processed Buffers: Min: 4, Avg: 8.8, Max: 15, Diff: 11, Sum: 35]
      [Scan RS (ms): Min: 0.6, Avg: 0.7, Max: 0.9, Diff: 0.3, Sum: 3.0]
      [Code Root Scanning (ms): Min: 0.0, Avg: 0.0, Max: 0.0, Diff: 0.0, Sum: 0.0]
      [Object Copy (ms): Min: 1.4, Avg: 1.6, Max: 2.0, Diff: 0.6, Sum: 6.3]
      [Termination (ms): Min: 0.0, Avg: 0.5, Max: 0.7, Diff: 0.6, Sum: 2.0]
         [Termination Attempts: Min: 1, Avg: 1.0, Max: 1, Diff: 0, Sum: 4]
      [GC Worker Other (ms): Min: 0.0, Avg: 0.0, Max: 0.0, Diff: 0.0, Sum: 0.1]
      [GC Worker Total (ms): Min: 4.6, Avg: 4.7, Max: 4.7, Diff: 0.0, Sum: 18.6]
      [GC Worker End (ms): Min: 1352381.6, Avg: 1352381.6, Max: 1352381.7, Diff: 0.0]
   [Code Root Fixup: 0.0 ms]
   [Code Root Purge: 0.0 ms]
   [Clear CT: 0.0 ms]
   [Other: 0.3 ms]
      [Choose CSet: 0.0 ms]
      [Ref Proc: 0.1 ms]
      [Ref Enq: 0.0 ms]
      [Redirty Cards: 0.1 ms]
      [Humongous Register: 0.0 ms]
      [Humongous Reclaim: 0.0 ms]
      [Free CSet: 0.0 ms]
   [Eden: 79.0M(79.0M)->0.0B(78.0M) Survivors: 1024.0K->1024.0K Heap: 227.9M(256.0M)->148.8M(256.0M)]
 [Times: user=0.02 sys=0.01, real=0.01 secs] 
2020-04-13T16:06:10.696+0800: 1353.647: [GC pause (G1 Evacuation Pause) (young) (initial-mark), 0.0071617 secs]
   [Parallel Time: 6.6 ms, GC Workers: 4]
      [GC Worker Start (ms): Min: 1353647.4, Avg: 1353647.4, Max: 1353647.4, Diff: 0.0]
      [Ext Root Scanning (ms): Min: 0.6, Avg: 0.8, Max: 1.5, Diff: 1.0, Sum: 3.3]
      [Update RS (ms): Min: 0.0, Avg: 1.9, Max: 2.6, Diff: 2.6, Sum: 7.5]
         [Processed Buffers: Min: 0, Avg: 8.8, Max: 12, Diff: 12, Sum: 35]
      [Scan RS (ms): Min: 0.0, Avg: 0.6, Max: 0.9, Diff: 0.9, Sum: 2.5]
      [Code Root Scanning (ms): Min: 0.0, Avg: 0.0, Max: 0.0, Diff: 0.0, Sum: 0.0]
      [Object Copy (ms): Min: 1.8, Avg: 2.6, Max: 4.8, Diff: 3.0, Sum: 10.3]
      [Termination (ms): Min: 0.0, Avg: 0.5, Max: 0.8, Diff: 0.8, Sum: 1.9]
         [Termination Attempts: Min: 1, Avg: 1.0, Max: 1, Diff: 0, Sum: 4]
      [GC Worker Other (ms): Min: 0.0, Avg: 0.0, Max: 0.0, Diff: 0.0, Sum: 0.0]
      [GC Worker Total (ms): Min: 6.3, Avg: 6.4, Max: 6.5, Diff: 0.2, Sum: 25.6]
      [GC Worker End (ms): Min: 1353653.8, Avg: 1353653.8, Max: 1353653.9, Diff: 0.2]
   [Code Root Fixup: 0.0 ms]
   [Code Root Purge: 0.0 ms]
   [Clear CT: 0.0 ms]
   [Other: 0.5 ms]
      [Choose CSet: 0.0 ms]
      [Ref Proc: 0.3 ms]
      [Ref Enq: 0.0 ms]
      [Redirty Cards: 0.1 ms]
      [Humongous Register: 0.0 ms]
      [Humongous Reclaim: 0.0 ms]
      [Free CSet: 0.0 ms]
   [Eden: 78.0M(78.0M)->0.0B(78.0M) Survivors: 1024.0K->1024.0K Heap: 226.8M(256.0M)->148.9M(256.0M)]
 [Times: user=0.02 sys=0.00, real=0.01 secs] 
2020-04-13T16:06:10.703+0800: 1353.655: [GC concurrent-root-region-scan-start]
2020-04-13T16:06:10.706+0800: 1353.658: [GC concurrent-root-region-scan-end, 0.0034238 secs]
2020-04-13T16:06:10.706+0800: 1353.658: [GC concurrent-mark-start]
2020-04-13T16:06:10.729+0800: 1353.681: [GC concurrent-mark-end, 0.0225680 secs]
2020-04-13T16:06:10.729+0800: 1353.681: [GC remark 2020-04-13T16:06:10.729+0800: 1353.681: [Finalize Marking, 0.0001428 secs] 2020-04-13T16:06:10.729+0800: 1353.681: [GC ref-proc, 0.0000650 secs] 2020-04-13T16:06:10.729+0800: 1353.681: [Unloading, 0.0053342 secs], 0.0070473 secs]
 [Times: user=0.02 sys=0.00, real=0.01 secs] 
2020-04-13T16:06:10.736+0800: 1353.688: [GC cleanup 150M->150M(256M), 0.0003827 secs]
 [Times: user=0.00 sys=0.00, real=0.00 secs] 
2020-04-13T16:06:12.155+0800: 1355.107: [GC pause (G1 Evacuation Pause) (young), 0.0107507 secs]
   [Parallel Time: 9.1 ms, GC Workers: 4]
      [GC Worker Start (ms): Min: 1355106.7, Avg: 1355106.9, Max: 1355106.9, Diff: 0.2]
      [Ext Root Scanning (ms): Min: 0.4, Avg: 0.5, Max: 0.6, Diff: 0.2, Sum: 2.0]
      [Update RS (ms): Min: 1.9, Avg: 2.3, Max: 2.6, Diff: 0.8, Sum: 9.0]
         [Processed Buffers: Min: 4, Avg: 8.2, Max: 12, Diff: 8, Sum: 33]
      [Scan RS (ms): Min: 0.0, Avg: 0.3, Max: 0.5, Diff: 0.5, Sum: 1.2]
      [Code Root Scanning (ms): Min: 0.0, Avg: 0.0, Max: 0.0, Diff: 0.0, Sum: 0.0]
      [Object Copy (ms): Min: 1.5, Avg: 1.7, Max: 1.9, Diff: 0.4, Sum: 6.8]
      [Termination (ms): Min: 0.0, Avg: 2.2, Max: 4.2, Diff: 4.2, Sum: 9.0]
         [Termination Attempts: Min: 1, Avg: 1.0, Max: 1, Diff: 0, Sum: 4]
      [GC Worker Other (ms): Min: 0.0, Avg: 0.0, Max: 0.0, Diff: 0.0, Sum: 0.1]
      [GC Worker Total (ms): Min: 5.2, Avg: 7.0, Max: 8.8, Diff: 3.6, Sum: 28.0]
      [GC Worker End (ms): Min: 1355112.1, Avg: 1355113.9, Max: 1355115.7, Diff: 3.6]
   [Code Root Fixup: 0.1 ms]
   [Code Root Purge: 0.0 ms]
   [Clear CT: 0.1 ms]
   [Other: 1.5 ms]
      [Choose CSet: 0.0 ms]
      [Ref Proc: 1.2 ms]
      [Ref Enq: 0.0 ms]
      [Redirty Cards: 0.1 ms]
      [Humongous Register: 0.0 ms]
      [Humongous Reclaim: 0.0 ms]
      [Free CSet: 0.0 ms]
   [Eden: 78.0M(78.0M)->0.0B(11.0M) Survivors: 1024.0K->1024.0K Heap: 226.9M(256.0M)->149.0M(256.0M)]
 [Times: user=0.01 sys=0.00, real=0.01 secs] 
2020-04-13T16:06:12.350+0800: 1355.302: [GC pause (G1 Evacuation Pause) (mixed), 0.0044505 secs]
   [Parallel Time: 4.0 ms, GC Workers: 4]
      [GC Worker Start (ms): Min: 1355301.8, Avg: 1355301.8, Max: 1355301.8, Diff: 0.0]
      [Ext Root Scanning (ms): Min: 0.3, Avg: 0.4, Max: 0.5, Diff: 0.1, Sum: 1.5]
      [Update RS (ms): Min: 1.3, Avg: 1.4, Max: 1.6, Diff: 0.3, Sum: 5.7]
         [Processed Buffers: Min: 4, Avg: 5.8, Max: 8, Diff: 4, Sum: 23]
      [Scan RS (ms): Min: 1.0, Avg: 1.2, Max: 1.2, Diff: 0.2, Sum: 4.6]
      [Code Root Scanning (ms): Min: 0.0, Avg: 0.0, Max: 0.1, Diff: 0.1, Sum: 0.1]
      [Object Copy (ms): Min: 0.9, Avg: 1.0, Max: 1.0, Diff: 0.1, Sum: 4.0]
      [Termination (ms): Min: 0.0, Avg: 0.0, Max: 0.0, Diff: 0.0, Sum: 0.0]
         [Termination Attempts: Min: 1, Avg: 1.0, Max: 1, Diff: 0, Sum: 4]
      [GC Worker Other (ms): Min: 0.0, Avg: 0.0, Max: 0.0, Diff: 0.0, Sum: 0.0]
      [GC Worker Total (ms): Min: 4.0, Avg: 4.0, Max: 4.0, Diff: 0.0, Sum: 16.0]
      [GC Worker End (ms): Min: 1355305.8, Avg: 1355305.8, Max: 1355305.8, Diff: 0.0]
   [Code Root Fixup: 0.0 ms]
   [Code Root Purge: 0.0 ms]
   [Clear CT: 0.0 ms]
   [Other: 0.3 ms]
      [Choose CSet: 0.0 ms]
      [Ref Proc: 0.1 ms]
      [Ref Enq: 0.0 ms]
      [Redirty Cards: 0.1 ms]
      [Humongous Register: 0.0 ms]
      [Humongous Reclaim: 0.0 ms]
      [Free CSet: 0.0 ms]
   [Eden: 11.0M(11.0M)->0.0B(79.0M) Survivors: 1024.0K->1024.0K Heap: 160.0M(256.0M)->147.8M(256.0M)]
 [Times: user=0.02 sys=0.01, real=0.00 secs] 
2020-04-13T16:06:13.708+0800: 1356.659: [GC pause (G1 Evacuation Pause) (young), 0.0044218 secs]
   [Parallel Time: 4.0 ms, GC Workers: 4]
      [GC Worker Start (ms): Min: 1356659.5, Avg: 1356659.5, Max: 1356659.5, Diff: 0.0]
      [Ext Root Scanning (ms): Min: 0.3, Avg: 0.4, Max: 0.5, Diff: 0.2, Sum: 1.5]
      [Update RS (ms): Min: 2.0, Avg: 2.1, Max: 2.2, Diff: 0.2, Sum: 8.5]
         [Processed Buffers: Min: 4, Avg: 8.2, Max: 10, Diff: 6, Sum: 33]
      [Scan RS (ms): Min: 0.3, Avg: 0.4, Max: 0.4, Diff: 0.1, Sum: 1.4]
      [Code Root Scanning (ms): Min: 0.0, Avg: 0.0, Max: 0.0, Diff: 0.0, Sum: 0.0]
      [Object Copy (ms): Min: 1.0, Avg: 1.0, Max: 1.0, Diff: 0.1, Sum: 4.0]
      [Termination (ms): Min: 0.0, Avg: 0.0, Max: 0.0, Diff: 0.0, Sum: 0.0]
         [Termination Attempts: Min: 1, Avg: 1.0, Max: 1, Diff: 0, Sum: 4]
      [GC Worker Other (ms): Min: 0.0, Avg: 0.0, Max: 0.1, Diff: 0.0, Sum: 0.1]
      [GC Worker Total (ms): Min: 3.8, Avg: 3.9, Max: 3.9, Diff: 0.1, Sum: 15.5]
      [GC Worker End (ms): Min: 1356663.3, Avg: 1356663.4, Max: 1356663.4, Diff: 0.0]
   [Code Root Fixup: 0.0 ms]
   [Code Root Purge: 0.0 ms]
   [Clear CT: 0.1 ms]
   [Other: 0.3 ms]
      [Choose CSet: 0.0 ms]
      [Ref Proc: 0.1 ms]
      [Ref Enq: 0.0 ms]
      [Redirty Cards: 0.1 ms]
      [Humongous Register: 0.0 ms]
      [Humongous Reclaim: 0.0 ms]
      [Free CSet: 0.0 ms]
   [Eden: 79.0M(79.0M)->0.0B(79.0M) Survivors: 1024.0K->1024.0K Heap: 226.8M(256.0M)->148.0M(256.0M)]
 [Times: user=0.01 sys=0.00, real=0.01 secs] 
2020-04-13T16:06:15.037+0800: 1357.988: [GC pause (G1 Evacuation Pause) (young) (initial-mark), 0.0055111 secs]
   [Parallel Time: 4.7 ms, GC Workers: 4]
      [GC Worker Start (ms): Min: 1357988.5, Avg: 1357988.5, Max: 1357988.5, Diff: 0.0]
      [Ext Root Scanning (ms): Min: 0.8, Avg: 0.9, Max: 1.0, Diff: 0.2, Sum: 3.5]
      [Update RS (ms): Min: 1.7, Avg: 2.4, Max: 3.8, Diff: 2.0, Sum: 9.5]
         [Processed Buffers: Min: 0, Avg: 8.5, Max: 14, Diff: 14, Sum: 34]
      [Scan RS (ms): Min: 0.0, Avg: 0.5, Max: 0.7, Diff: 0.7, Sum: 1.9]
      [Code Root Scanning (ms): Min: 0.0, Avg: 0.0, Max: 0.0, Diff: 0.0, Sum: 0.0]
      [Object Copy (ms): Min: 0.0, Avg: 0.8, Max: 1.2, Diff: 1.2, Sum: 3.4]
      [Termination (ms): Min: 0.0, Avg: 0.0, Max: 0.0, Diff: 0.0, Sum: 0.1]
         [Termination Attempts: Min: 1, Avg: 8.5, Max: 14, Diff: 13, Sum: 34]
      [GC Worker Other (ms): Min: 0.0, Avg: 0.0, Max: 0.0, Diff: 0.0, Sum: 0.0]
      [GC Worker Total (ms): Min: 4.6, Avg: 4.6, Max: 4.6, Diff: 0.0, Sum: 18.4]
      [GC Worker End (ms): Min: 1357993.1, Avg: 1357993.1, Max: 1357993.1, Diff: 0.0]
   [Code Root Fixup: 0.0 ms]
   [Code Root Purge: 0.0 ms]
   [Clear CT: 0.1 ms]
   [Other: 0.7 ms]
      [Choose CSet: 0.0 ms]
      [Ref Proc: 0.4 ms]
      [Ref Enq: 0.0 ms]
      [Redirty Cards: 0.1 ms]
      [Humongous Register: 0.0 ms]
      [Humongous Reclaim: 0.0 ms]
      [Free CSet: 0.0 ms]
   [Eden: 79.0M(79.0M)->0.0B(79.0M) Survivors: 1024.0K->1024.0K Heap: 227.0M(256.0M)->148.1M(256.0M)]
 [Times: user=0.02 sys=0.00, real=0.01 secs] 
2020-04-13T16:06:15.042+0800: 1357.994: [GC concurrent-root-region-scan-start]
2020-04-13T16:06:15.045+0800: 1357.997: [GC concurrent-root-region-scan-end, 0.0027568 secs]
2020-04-13T16:06:15.045+0800: 1357.997: [GC concurrent-mark-start]
2020-04-13T16:06:15.068+0800: 1358.020: [GC concurrent-mark-end, 0.0232109 secs]
2020-04-13T16:06:15.069+0800: 1358.020: [GC remark 2020-04-13T16:06:15.069+0800: 1358.020: [Finalize Marking, 0.0002245 secs] 2020-04-13T16:06:15.069+0800: 1358.021: [GC ref-proc, 0.0000877 secs] 2020-04-13T16:06:15.069+0800: 1358.021: [Unloading, 0.0036156 secs], 0.0056805 secs]
 [Times: user=0.01 sys=0.00, real=0.01 secs] 
2020-04-13T16:06:15.075+0800: 1358.026: [GC cleanup 149M->149M(256M), 0.0003566 secs]
 [Times: user=0.00 sys=0.00, real=0.00 secs] 
2020-04-13T16:06:16.368+0800: 1359.320: [GC pause (G1 Evacuation Pause) (young), 0.0048316 secs]
   [Parallel Time: 3.8 ms, GC Workers: 4]
      [GC Worker Start (ms): Min: 1359320.0, Avg: 1359320.0, Max: 1359320.0, Diff: 0.0]
      [Ext Root Scanning (ms): Min: 0.5, Avg: 0.7, Max: 1.0, Diff: 0.5, Sum: 2.7]
      [Update RS (ms): Min: 1.1, Avg: 1.4, Max: 1.5, Diff: 0.4, Sum: 5.4]
         [Processed Buffers: Min: 3, Avg: 8.2, Max: 14, Diff: 11, Sum: 33]
      [Scan RS (ms): Min: 0.6, Avg: 0.8, Max: 0.9, Diff: 0.3, Sum: 3.0]
      [Code Root Scanning (ms): Min: 0.0, Avg: 0.0, Max: 0.0, Diff: 0.0, Sum: 0.0]
      [Object Copy (ms): Min: 1.0, Avg: 1.0, Max: 1.0, Diff: 0.0, Sum: 4.0]
      [Termination (ms): Min: 0.0, Avg: 0.0, Max: 0.0, Diff: 0.0, Sum: 0.0]
         [Termination Attempts: Min: 1, Avg: 1.0, Max: 1, Diff: 0, Sum: 4]
      [GC Worker Other (ms): Min: 0.0, Avg: 0.0, Max: 0.0, Diff: 0.0, Sum: 0.0]
      [GC Worker Total (ms): Min: 3.8, Avg: 3.8, Max: 3.8, Diff: 0.0, Sum: 15.2]
      [GC Worker End (ms): Min: 1359323.8, Avg: 1359323.8, Max: 1359323.8, Diff: 0.0]
   [Code Root Fixup: 0.1 ms]
   [Code Root Purge: 0.0 ms]
   [Clear CT: 0.1 ms]
   [Other: 0.9 ms]
      [Choose CSet: 0.0 ms]
      [Ref Proc: 0.7 ms]
      [Ref Enq: 0.0 ms]
      [Redirty Cards: 0.0 ms]
      [Humongous Register: 0.0 ms]
      [Humongous Reclaim: 0.0 ms]
      [Free CSet: 0.0 ms]
   [Eden: 79.0M(79.0M)->0.0B(79.0M) Survivors: 1024.0K->1024.0K Heap: 227.1M(256.0M)->148.3M(256.0M)]
 [Times: user=0.01 sys=0.00, real=0.01 secs] 
2020-04-13T16:06:18.010+0800: 1360.962: [GC pause (G1 Evacuation Pause) (young), 0.0075261 secs]
   [Parallel Time: 5.7 ms, GC Workers: 4]
      [GC Worker Start (ms): Min: 1360961.8, Avg: 1360961.8, Max: 1360961.8, Diff: 0.0]
      [Ext Root Scanning (ms): Min: 0.4, Avg: 1.1, Max: 3.0, Diff: 2.7, Sum: 4.5]
      [Update RS (ms): Min: 0.0, Avg: 1.3, Max: 1.8, Diff: 1.8, Sum: 5.1]
         [Processed Buffers: Min: 0, Avg: 7.2, Max: 15, Diff: 15, Sum: 29]
      [Scan RS (ms): Min: 0.0, Avg: 0.6, Max: 0.9, Diff: 0.9, Sum: 2.5]
      [Code Root Scanning (ms): Min: 0.0, Avg: 0.0, Max: 0.0, Diff: 0.0, Sum: 0.0]
      [Object Copy (ms): Min: 1.8, Avg: 1.9, Max: 2.3, Diff: 0.5, Sum: 7.7]
      [Termination (ms): Min: 0.0, Avg: 0.5, Max: 0.8, Diff: 0.8, Sum: 1.9]
         [Termination Attempts: Min: 1, Avg: 1.5, Max: 2, Diff: 1, Sum: 6]
      [GC Worker Other (ms): Min: 0.0, Avg: 0.0, Max: 0.0, Diff: 0.0, Sum: 0.0]
      [GC Worker Total (ms): Min: 5.4, Avg: 5.5, Max: 5.6, Diff: 0.2, Sum: 21.9]
      [GC Worker End (ms): Min: 1360967.2, Avg: 1360967.3, Max: 1360967.4, Diff: 0.2]
   [Code Root Fixup: 0.0 ms]
   [Code Root Purge: 0.0 ms]
   [Clear CT: 0.3 ms]
   [Other: 1.5 ms]
      [Choose CSet: 0.0 ms]
      [Ref Proc: 1.2 ms]
      [Ref Enq: 0.0 ms]
      [Redirty Cards: 0.1 ms]
      [Humongous Register: 0.0 ms]
      [Humongous Reclaim: 0.0 ms]
      [Free CSet: 0.0 ms]
   [Eden: 79.0M(79.0M)->0.0B(79.0M) Survivors: 1024.0K->1024.0K Heap: 227.3M(256.0M)->148.0M(256.0M)]
 [Times: user=0.02 sys=0.00, real=0.00 secs] 
2020-04-13T16:06:19.397+0800: 1362.348: [GC pause (G1 Evacuation Pause) (young) (initial-mark), 0.0043746 secs]
   [Parallel Time: 4.0 ms, GC Workers: 4]
      [GC Worker Start (ms): Min: 1362348.4, Avg: 1362348.4, Max: 1362348.4, Diff: 0.0]
      [Ext Root Scanning (ms): Min: 0.6, Avg: 0.6, Max: 0.7, Diff: 0.1, Sum: 2.5]
      [Update RS (ms): Min: 1.7, Avg: 1.7, Max: 1.7, Diff: 0.1, Sum: 6.9]
         [Processed Buffers: Min: 5, Avg: 8.5, Max: 10, Diff: 5, Sum: 34]
      [Scan RS (ms): Min: 0.6, Avg: 0.7, Max: 0.7, Diff: 0.1, Sum: 2.6]
      [Code Root Scanning (ms): Min: 0.0, Avg: 0.0, Max: 0.0, Diff: 0.0, Sum: 0.0]
      [Object Copy (ms): Min: 0.9, Avg: 1.0, Max: 1.1, Diff: 0.2, Sum: 4.0]
      [Termination (ms): Min: 0.0, Avg: 0.0, Max: 0.0, Diff: 0.0, Sum: 0.0]
         [Termination Attempts: Min: 1, Avg: 1.0, Max: 1, Diff: 0, Sum: 4]
      [GC Worker Other (ms): Min: 0.0, Avg: 0.0, Max: 0.0, Diff: 0.0, Sum: 0.0]
      [GC Worker Total (ms): Min: 4.0, Avg: 4.0, Max: 4.0, Diff: 0.0, Sum: 16.0]
      [GC Worker End (ms): Min: 1362352.4, Avg: 1362352.4, Max: 1362352.4, Diff: 0.0]
   [Code Root Fixup: 0.0 ms]
   [Code Root Purge: 0.0 ms]
   [Clear CT: 0.0 ms]
   [Other: 0.3 ms]
      [Choose CSet: 0.0 ms]
      [Ref Proc: 0.1 ms]
      [Ref Enq: 0.0 ms]
      [Redirty Cards: 0.0 ms]
      [Humongous Register: 0.0 ms]
      [Humongous Reclaim: 0.0 ms]
      [Free CSet: 0.0 ms]
   [Eden: 79.0M(79.0M)->0.0B(79.0M) Survivors: 1024.0K->1024.0K Heap: 227.0M(256.0M)->148.3M(256.0M)]
 [Times: user=0.02 sys=0.00, real=0.01 secs] 
2020-04-13T16:06:19.401+0800: 1362.353: [GC concurrent-root-region-scan-start]
2020-04-13T16:06:19.404+0800: 1362.356: [GC concurrent-root-region-scan-end, 0.0029552 secs]
2020-04-13T16:06:19.404+0800: 1362.356: [GC concurrent-mark-start]
2020-04-13T16:06:19.430+0800: 1362.381: [GC concurrent-mark-end, 0.0253437 secs]
2020-04-13T16:06:19.430+0800: 1362.381: [GC remark 2020-04-13T16:06:19.430+0800: 1362.381: [Finalize Marking, 0.0002485 secs] 2020-04-13T16:06:19.430+0800: 1362.382: [GC ref-proc, 0.0000648 secs] 2020-04-13T16:06:19.430+0800: 1362.382: [Unloading, 0.0035492 secs], 0.0051531 secs]
 [Times: user=0.02 sys=0.00, real=0.00 secs] 
2020-04-13T16:06:19.435+0800: 1362.387: [GC cleanup 149M->149M(256M), 0.0002989 secs]
 [Times: user=0.00 sys=0.00, real=0.00 secs] 
2020-04-13T16:06:20.704+0800: 1363.655: [GC pause (G1 Evacuation Pause) (young), 0.0066904 secs]
   [Parallel Time: 6.1 ms, GC Workers: 4]
      [GC Worker Start (ms): Min: 1363655.2, Avg: 1363655.2, Max: 1363655.3, Diff: 0.0]
      [Ext Root Scanning (ms): Min: 0.3, Avg: 0.4, Max: 0.7, Diff: 0.3, Sum: 1.7]
      [Update RS (ms): Min: 0.0, Avg: 1.4, Max: 1.9, Diff: 1.9, Sum: 5.4]
         [Processed Buffers: Min: 0, Avg: 8.2, Max: 12, Diff: 12, Sum: 33]
      [Scan RS (ms): Min: 0.0, Avg: 0.4, Max: 0.6, Diff: 0.6, Sum: 1.7]
      [Code Root Scanning (ms): Min: 0.0, Avg: 0.0, Max: 0.0, Diff: 0.0, Sum: 0.0]
      [Object Copy (ms): Min: 1.6, Avg: 2.6, Max: 5.5, Diff: 3.9, Sum: 10.5]
      [Termination (ms): Min: 0.0, Avg: 1.2, Max: 1.6, Diff: 1.6, Sum: 4.7]
         [Termination Attempts: Min: 1, Avg: 1.2, Max: 2, Diff: 1, Sum: 5]
      [GC Worker Other (ms): Min: 0.0, Avg: 0.0, Max: 0.0, Diff: 0.0, Sum: 0.0]
      [GC Worker Total (ms): Min: 5.9, Avg: 6.0, Max: 6.1, Diff: 0.2, Sum: 24.1]
      [GC Worker End (ms): Min: 1363661.1, Avg: 1363661.3, Max: 1363661.3, Diff: 0.2]
   [Code Root Fixup: 0.0 ms]
   [Code Root Purge: 0.0 ms]
   [Clear CT: 0.1 ms]
   [Other: 0.4 ms]
      [Choose CSet: 0.0 ms]
      [Ref Proc: 0.3 ms]
      [Ref Enq: 0.0 ms]
      [Redirty Cards: 0.0 ms]
      [Humongous Register: 0.0 ms]
      [Humongous Reclaim: 0.0 ms]
      [Free CSet: 0.0 ms]
   [Eden: 79.0M(79.0M)->0.0B(79.0M) Survivors: 1024.0K->1024.0K Heap: 227.3M(256.0M)->148.1M(256.0M)]
 [Times: user=0.02 sys=0.00, real=0.01 secs] 
2020-04-13T16:06:22.065+0800: 1365.017: [GC pause (G1 Evacuation Pause) (young), 0.0079607 secs]
   [Parallel Time: 4.9 ms, GC Workers: 4]
      [GC Worker Start (ms): Min: 1365016.7, Avg: 1365016.7, Max: 1365016.8, Diff: 0.1]
      [Ext Root Scanning (ms): Min: 0.2, Avg: 0.4, Max: 0.5, Diff: 0.2, Sum: 1.5]
      [Update RS (ms): Min: 1.5, Avg: 1.8, Max: 1.9, Diff: 0.4, Sum: 7.0]
         [Processed Buffers: Min: 5, Avg: 8.0, Max: 11, Diff: 6, Sum: 32]
      [Scan RS (ms): Min: 0.3, Avg: 0.4, Max: 0.5, Diff: 0.2, Sum: 1.7]
      [Code Root Scanning (ms): Min: 0.0, Avg: 0.0, Max: 0.0, Diff: 0.0, Sum: 0.0]
      [Object Copy (ms): Min: 1.5, Avg: 1.7, Max: 1.9, Diff: 0.4, Sum: 6.7]
      [Termination (ms): Min: 0.0, Avg: 0.3, Max: 0.5, Diff: 0.5, Sum: 1.3]
         [Termination Attempts: Min: 1, Avg: 1.0, Max: 1, Diff: 0, Sum: 4]
      [GC Worker Other (ms): Min: 0.0, Avg: 0.0, Max: 0.0, Diff: 0.0, Sum: 0.1]
      [GC Worker Total (ms): Min: 4.4, Avg: 4.6, Max: 4.7, Diff: 0.2, Sum: 18.2]
      [GC Worker End (ms): Min: 1365021.2, Avg: 1365021.3, Max: 1365021.4, Diff: 0.2]
   [Code Root Fixup: 0.1 ms]
   [Code Root Purge: 0.0 ms]
   [Clear CT: 0.2 ms]
   [Other: 2.8 ms]
      [Choose CSet: 0.0 ms]
      [Ref Proc: 2.4 ms]
      [Ref Enq: 0.0 ms]
      [Redirty Cards: 0.2 ms]
      [Humongous Register: 0.0 ms]
      [Humongous Reclaim: 0.0 ms]
      [Free CSet: 0.0 ms]
   [Eden: 79.0M(79.0M)->0.0B(79.0M) Survivors: 1024.0K->1024.0K Heap: 227.1M(256.0M)->148.3M(256.0M)]
 [Times: user=0.02 sys=0.00, real=0.01 secs] 
2020-04-13T16:06:23.424+0800: 1366.375: [GC pause (G1 Evacuation Pause) (young) (initial-mark), 0.0041468 secs]
   [Parallel Time: 3.8 ms, GC Workers: 4]
      [GC Worker Start (ms): Min: 1366375.5, Avg: 1366375.5, Max: 1366375.5, Diff: 0.1]
      [Ext Root Scanning (ms): Min: 0.6, Avg: 0.6, Max: 0.6, Diff: 0.1, Sum: 2.3]
      [Update RS (ms): Min: 1.6, Avg: 1.7, Max: 1.9, Diff: 0.2, Sum: 6.9]
         [Processed Buffers: Min: 6, Avg: 8.2, Max: 13, Diff: 7, Sum: 33]
      [Scan RS (ms): Min: 0.3, Avg: 0.4, Max: 0.5, Diff: 0.3, Sum: 1.7]
      [Code Root Scanning (ms): Min: 0.0, Avg: 0.0, Max: 0.0, Diff: 0.0, Sum: 0.0]
      [Object Copy (ms): Min: 0.9, Avg: 1.0, Max: 1.0, Diff: 0.1, Sum: 3.9]
      [Termination (ms): Min: 0.0, Avg: 0.0, Max: 0.0, Diff: 0.0, Sum: 0.0]
         [Termination Attempts: Min: 1, Avg: 1.0, Max: 1, Diff: 0, Sum: 4]
      [GC Worker Other (ms): Min: 0.0, Avg: 0.0, Max: 0.0, Diff: 0.0, Sum: 0.1]
      [GC Worker Total (ms): Min: 3.7, Avg: 3.7, Max: 3.8, Diff: 0.1, Sum: 14.9]
      [GC Worker End (ms): Min: 1366379.2, Avg: 1366379.2, Max: 1366379.2, Diff: 0.0]
   [Code Root Fixup: 0.0 ms]
   [Code Root Purge: 0.0 ms]
   [Clear CT: 0.0 ms]
   [Other: 0.3 ms]
      [Choose CSet: 0.0 ms]
      [Ref Proc: 0.1 ms]
      [Ref Enq: 0.0 ms]
      [Redirty Cards: 0.0 ms]
      [Humongous Register: 0.0 ms]
      [Humongous Reclaim: 0.0 ms]
      [Free CSet: 0.0 ms]
   [Eden: 79.0M(79.0M)->0.0B(79.0M) Survivors: 1024.0K->1024.0K Heap: 227.3M(256.0M)->148.4M(256.0M)]
 [Times: user=0.01 sys=0.00, real=0.00 secs] 
2020-04-13T16:06:23.428+0800: 1366.380: [GC concurrent-root-region-scan-start]
2020-04-13T16:06:23.431+0800: 1366.382: [GC concurrent-root-region-scan-end, 0.0025713 secs]
2020-04-13T16:06:23.431+0800: 1366.382: [GC concurrent-mark-start]
2020-04-13T16:06:23.456+0800: 1366.407: [GC concurrent-mark-end, 0.0250271 secs]
2020-04-13T16:06:23.456+0800: 1366.407: [GC remark 2020-04-13T16:06:23.456+0800: 1366.408: [Finalize Marking, 0.0001162 secs] 2020-04-13T16:06:23.456+0800: 1366.408: [GC ref-proc, 0.0000654 secs] 2020-04-13T16:06:23.456+0800: 1366.408: [Unloading, 0.0039286 secs], 0.0054007 secs]
 [Times: user=0.02 sys=0.00, real=0.01 secs] 
2020-04-13T16:06:23.462+0800: 1366.413: [GC cleanup 150M->150M(256M), 0.0003237 secs]
 [Times: user=0.00 sys=0.00, real=0.00 secs] 
2020-04-13T16:06:24.673+0800: 1367.624: [GC pause (G1 Evacuation Pause) (young), 0.0060984 secs]
   [Parallel Time: 5.4 ms, GC Workers: 4]
      [GC Worker Start (ms): Min: 1367624.3, Avg: 1367624.4, Max: 1367624.4, Diff: 0.0]
      [Ext Root Scanning (ms): Min: 0.3, Avg: 0.4, Max: 0.5, Diff: 0.2, Sum: 1.5]
      [Update RS (ms): Min: 1.9, Avg: 2.5, Max: 4.2, Diff: 2.2, Sum: 10.2]
         [Processed Buffers: Min: 3, Avg: 9.0, Max: 16, Diff: 13, Sum: 36]
      [Scan RS (ms): Min: 0.0, Avg: 0.2, Max: 0.3, Diff: 0.3, Sum: 0.8]
      [Code Root Scanning (ms): Min: 0.0, Avg: 0.0, Max: 0.0, Diff: 0.0, Sum: 0.0]
      [Object Copy (ms): Min: 0.1, Avg: 1.0, Max: 1.3, Diff: 1.2, Sum: 3.8]
      [Termination (ms): Min: 0.0, Avg: 0.9, Max: 1.4, Diff: 1.4, Sum: 3.5]
         [Termination Attempts: Min: 1, Avg: 1.0, Max: 1, Diff: 0, Sum: 4]
      [GC Worker Other (ms): Min: 0.0, Avg: 0.0, Max: 0.0, Diff: 0.0, Sum: 0.0]
      [GC Worker Total (ms): Min: 4.6, Avg: 4.9, Max: 5.3, Diff: 0.7, Sum: 19.7]
      [GC Worker End (ms): Min: 1367628.9, Avg: 1367629.3, Max: 1367629.7, Diff: 0.7]
   [Code Root Fixup: 0.0 ms]
   [Code Root Purge: 0.0 ms]
   [Clear CT: 0.1 ms]
   [Other: 0.6 ms]
      [Choose CSet: 0.0 ms]
      [Ref Proc: 0.4 ms]
      [Ref Enq: 0.0 ms]
      [Redirty Cards: 0.1 ms]
      [Humongous Register: 0.0 ms]
      [Humongous Reclaim: 0.0 ms]
      [Free CSet: 0.0 ms]
   [Eden: 79.0M(79.0M)->0.0B(79.0M) Survivors: 1024.0K->1024.0K Heap: 227.4M(256.0M)->148.3M(256.0M)]
 [Times: user=0.02 sys=0.00, real=0.00 secs] 
2020-04-13T16:06:26.015+0800: 1368.967: [GC pause (G1 Evacuation Pause) (young), 0.0044631 secs]
   [Parallel Time: 4.1 ms, GC Workers: 4]
      [GC Worker Start (ms): Min: 1368966.9, Avg: 1368967.0, Max: 1368967.0, Diff: 0.0]
      [Ext Root Scanning (ms): Min: 0.3, Avg: 0.4, Max: 0.5, Diff: 0.2, Sum: 1.4]
      [Update RS (ms): Min: 1.8, Avg: 1.9, Max: 2.4, Diff: 0.6, Sum: 7.7]
         [Processed Buffers: Min: 5, Avg: 8.2, Max: 17, Diff: 12, Sum: 33]
      [Scan RS (ms): Min: 0.5, Avg: 0.6, Max: 0.7, Diff: 0.3, Sum: 2.4]
      [Code Root Scanning (ms): Min: 0.0, Avg: 0.0, Max: 0.0, Diff: 0.0, Sum: 0.0]
      [Object Copy (ms): Min: 0.8, Avg: 1.1, Max: 1.2, Diff: 0.4, Sum: 4.3]
      [Termination (ms): Min: 0.0, Avg: 0.0, Max: 0.0, Diff: 0.0, Sum: 0.0]
         [Termination Attempts: Min: 1, Avg: 1.0, Max: 1, Diff: 0, Sum: 4]
      [GC Worker Other (ms): Min: 0.0, Avg: 0.0, Max: 0.0, Diff: 0.0, Sum: 0.0]
      [GC Worker Total (ms): Min: 4.0, Avg: 4.0, Max: 4.0, Diff: 0.0, Sum: 15.9]
      [GC Worker End (ms): Min: 1368970.9, Avg: 1368970.9, Max: 1368970.9, Diff: 0.0]
   [Code Root Fixup: 0.0 ms]
   [Code Root Purge: 0.0 ms]
   [Clear CT: 0.0 ms]
   [Other: 0.3 ms]
      [Choose CSet: 0.0 ms]
      [Ref Proc: 0.1 ms]
      [Ref Enq: 0.0 ms]
      [Redirty Cards: 0.1 ms]
      [Humongous Register: 0.0 ms]
      [Humongous Reclaim: 0.0 ms]
      [Free CSet: 0.0 ms]
   [Eden: 79.0M(79.0M)->0.0B(79.0M) Survivors: 1024.0K->1024.0K Heap: 227.3M(256.0M)->148.5M(256.0M)]
 [Times: user=0.01 sys=0.00, real=0.01 secs] 
2020-04-13T16:06:27.451+0800: 1370.402: [GC pause (G1 Evacuation Pause) (young) (initial-mark), 0.0068030 secs]
   [Parallel Time: 4.8 ms, GC Workers: 4]
      [GC Worker Start (ms): Min: 1370402.5, Avg: 1370402.5, Max: 1370402.5, Diff: 0.0]
      [Ext Root Scanning (ms): Min: 0.6, Avg: 0.7, Max: 0.8, Diff: 0.3, Sum: 2.7]
      [Update RS (ms): Min: 1.5, Avg: 1.7, Max: 1.9, Diff: 0.4, Sum: 6.9]
         [Processed Buffers: Min: 4, Avg: 8.0, Max: 13, Diff: 9, Sum: 32]
      [Scan RS (ms): Min: 0.3, Avg: 0.4, Max: 0.5, Diff: 0.2, Sum: 1.7]
      [Code Root Scanning (ms): Min: 0.0, Avg: 0.0, Max: 0.0, Diff: 0.0, Sum: 0.0]
      [Object Copy (ms): Min: 1.5, Avg: 1.6, Max: 1.8, Diff: 0.3, Sum: 6.4]
      [Termination (ms): Min: 0.0, Avg: 0.2, Max: 0.2, Diff: 0.2, Sum: 0.7]
         [Termination Attempts: Min: 1, Avg: 1.0, Max: 1, Diff: 0, Sum: 4]
      [GC Worker Other (ms): Min: 0.0, Avg: 0.0, Max: 0.0, Diff: 0.0, Sum: 0.0]
      [GC Worker Total (ms): Min: 4.6, Avg: 4.6, Max: 4.6, Diff: 0.0, Sum: 18.4]
      [GC Worker End (ms): Min: 1370407.1, Avg: 1370407.1, Max: 1370407.1, Diff: 0.0]
   [Code Root Fixup: 0.1 ms]
   [Code Root Purge: 0.0 ms]
   [Clear CT: 0.2 ms]
   [Other: 1.8 ms]
      [Choose CSet: 0.0 ms]
      [Ref Proc: 1.1 ms]
      [Ref Enq: 0.0 ms]
      [Redirty Cards: 0.2 ms]
      [Humongous Register: 0.0 ms]
      [Humongous Reclaim: 0.0 ms]
      [Free CSet: 0.1 ms]
   [Eden: 79.0M(79.0M)->0.0B(79.0M) Survivors: 1024.0K->1024.0K Heap: 227.5M(256.0M)->148.4M(256.0M)]
 [Times: user=0.02 sys=0.00, real=0.00 secs] 
2020-04-13T16:06:27.458+0800: 1370.410: [GC concurrent-root-region-scan-start]
2020-04-13T16:06:27.466+0800: 1370.418: [GC concurrent-root-region-scan-end, 0.0081004 secs]
2020-04-13T16:06:27.466+0800: 1370.418: [GC concurrent-mark-start]
2020-04-13T16:06:27.489+0800: 1370.440: [GC concurrent-mark-end, 0.0225294 secs]
2020-04-13T16:06:27.489+0800: 1370.441: [GC remark 2020-04-13T16:06:27.489+0800: 1370.441: [Finalize Marking, 0.0001275 secs] 2020-04-13T16:06:27.490+0800: 1370.441: [GC ref-proc, 0.0000959 secs] 2020-04-13T16:06:27.490+0800: 1370.441: [Unloading, 0.0053616 secs], 0.0072038 secs]
 [Times: user=0.02 sys=0.00, real=0.01 secs] 
2020-04-13T16:06:27.497+0800: 1370.448: [GC cleanup 150M->150M(256M), 0.0006252 secs]
 [Times: user=0.00 sys=0.00, real=0.00 secs] 
2020-04-13T16:06:28.809+0800: 1371.761: [GC pause (G1 Evacuation Pause) (young), 0.0040987 secs]
   [Parallel Time: 3.6 ms, GC Workers: 4]
      [GC Worker Start (ms): Min: 1371760.8, Avg: 1371760.8, Max: 1371760.9, Diff: 0.0]
      [Ext Root Scanning (ms): Min: 0.3, Avg: 0.4, Max: 0.5, Diff: 0.2, Sum: 1.5]
      [Update RS (ms): Min: 1.7, Avg: 1.8, Max: 1.9, Diff: 0.3, Sum: 7.3]
         [Processed Buffers: Min: 5, Avg: 8.2, Max: 13, Diff: 8, Sum: 33]
      [Scan RS (ms): Min: 0.2, Avg: 0.3, Max: 0.4, Diff: 0.2, Sum: 1.3]
      [Code Root Scanning (ms): Min: 0.0, Avg: 0.0, Max: 0.0, Diff: 0.0, Sum: 0.0]
      [Object Copy (ms): Min: 0.9, Avg: 1.0, Max: 1.0, Diff: 0.1, Sum: 3.9]
      [Termination (ms): Min: 0.0, Avg: 0.0, Max: 0.0, Diff: 0.0, Sum: 0.0]
         [Termination Attempts: Min: 1, Avg: 1.0, Max: 1, Diff: 0, Sum: 4]
      [GC Worker Other (ms): Min: 0.0, Avg: 0.0, Max: 0.0, Diff: 0.0, Sum: 0.1]
      [GC Worker Total (ms): Min: 3.5, Avg: 3.5, Max: 3.5, Diff: 0.0, Sum: 14.0]
      [GC Worker End (ms): Min: 1371764.3, Avg: 1371764.3, Max: 1371764.4, Diff: 0.0]
   [Code Root Fixup: 0.1 ms]
   [Code Root Purge: 0.0 ms]
   [Clear CT: 0.1 ms]
   [Other: 0.3 ms]
      [Choose CSet: 0.0 ms]
      [Ref Proc: 0.1 ms]
      [Ref Enq: 0.0 ms]
      [Redirty Cards: 0.0 ms]
      [Humongous Register: 0.0 ms]
      [Humongous Reclaim: 0.0 ms]
      [Free CSet: 0.0 ms]
   [Eden: 79.0M(79.0M)->0.0B(79.0M) Survivors: 1024.0K->1024.0K Heap: 227.4M(256.0M)->148.6M(256.0M)]
 [Times: user=0.02 sys=0.01, real=0.01 secs] 
2020-04-13T16:06:30.207+0800: 1373.159: [GC pause (G1 Evacuation Pause) (young), 0.0045208 secs]
   [Parallel Time: 4.2 ms, GC Workers: 4]
      [GC Worker Start (ms): Min: 1373158.7, Avg: 1373158.7, Max: 1373158.7, Diff: 0.0]
      [Ext Root Scanning (ms): Min: 0.3, Avg: 0.4, Max: 0.5, Diff: 0.2, Sum: 1.6]
      [Update RS (ms): Min: 2.4, Avg: 2.5, Max: 2.5, Diff: 0.1, Sum: 9.9]
         [Processed Buffers: Min: 6, Avg: 9.2, Max: 13, Diff: 7, Sum: 37]
      [Scan RS (ms): Min: 0.1, Avg: 0.2, Max: 0.2, Diff: 0.1, Sum: 0.6]
      [Code Root Scanning (ms): Min: 0.0, Avg: 0.0, Max: 0.0, Diff: 0.0, Sum: 0.0]
      [Object Copy (ms): Min: 1.0, Avg: 1.0, Max: 1.1, Diff: 0.1, Sum: 4.2]
      [Termination (ms): Min: 0.0, Avg: 0.0, Max: 0.0, Diff: 0.0, Sum: 0.0]
         [Termination Attempts: Min: 1, Avg: 1.0, Max: 1, Diff: 0, Sum: 4]
      [GC Worker Other (ms): Min: 0.0, Avg: 0.0, Max: 0.1, Diff: 0.0, Sum: 0.1]
      [GC Worker Total (ms): Min: 4.1, Avg: 4.1, Max: 4.1, Diff: 0.0, Sum: 16.3]
      [GC Worker End (ms): Min: 1373162.8, Avg: 1373162.8, Max: 1373162.8, Diff: 0.0]
   [Code Root Fixup: 0.0 ms]
   [Code Root Purge: 0.0 ms]
   [Clear CT: 0.1 ms]
   [Other: 0.3 ms]
      [Choose CSet: 0.0 ms]
      [Ref Proc: 0.1 ms]
      [Ref Enq: 0.0 ms]
      [Redirty Cards: 0.0 ms]
      [Humongous Register: 0.0 ms]
      [Humongous Reclaim: 0.0 ms]
      [Free CSet: 0.0 ms]
   [Eden: 79.0M(79.0M)->0.0B(79.0M) Survivors: 1024.0K->1024.0K Heap: 227.6M(256.0M)->148.5M(256.0M)]
 [Times: user=0.02 sys=0.00, real=0.01 secs] 
2020-04-13T16:06:31.492+0800: 1374.443: [GC pause (G1 Evacuation Pause) (young) (initial-mark), 0.0041231 secs]
   [Parallel Time: 3.7 ms, GC Workers: 4]
      [GC Worker Start (ms): Min: 1374443.0, Avg: 1374443.1, Max: 1374443.1, Diff: 0.0]
      [Ext Root Scanning (ms): Min: 0.6, Avg: 0.6, Max: 0.6, Diff: 0.0, Sum: 2.5]
      [Update RS (ms): Min: 1.6, Avg: 1.7, Max: 1.8, Diff: 0.1, Sum: 6.9]
         [Processed Buffers: Min: 7, Avg: 8.5, Max: 10, Diff: 3, Sum: 34]
      [Scan RS (ms): Min: 0.2, Avg: 0.3, Max: 0.4, Diff: 0.2, Sum: 1.3]
      [Code Root Scanning (ms): Min: 0.0, Avg: 0.0, Max: 0.0, Diff: 0.0, Sum: 0.0]
      [Object Copy (ms): Min: 0.9, Avg: 0.9, Max: 1.0, Diff: 0.1, Sum: 3.7]
      [Termination (ms): Min: 0.0, Avg: 0.0, Max: 0.0, Diff: 0.0, Sum: 0.0]
         [Termination Attempts: Min: 1, Avg: 1.0, Max: 1, Diff: 0, Sum: 4]
      [GC Worker Other (ms): Min: 0.0, Avg: 0.0, Max: 0.0, Diff: 0.0, Sum: 0.1]
      [GC Worker Total (ms): Min: 3.6, Avg: 3.6, Max: 3.6, Diff: 0.0, Sum: 14.4]
      [GC Worker End (ms): Min: 1374446.7, Avg: 1374446.7, Max: 1374446.7, Diff: 0.0]
   [Code Root Fixup: 0.0 ms]
   [Code Root Purge: 0.0 ms]
   [Clear CT: 0.1 ms]
   [Other: 0.3 ms]
      [Choose CSet: 0.0 ms]
      [Ref Proc: 0.1 ms]
      [Ref Enq: 0.0 ms]
      [Redirty Cards: 0.1 ms]
      [Humongous Register: 0.0 ms]
      [Humongous Reclaim: 0.0 ms]
      [Free CSet: 0.0 ms]
   [Eden: 79.0M(79.0M)->0.0B(79.0M) Survivors: 1024.0K->1024.0K Heap: 227.5M(256.0M)->148.7M(256.0M)]
 [Times: user=0.02 sys=0.00, real=0.00 secs] 
2020-04-13T16:06:31.496+0800: 1374.447: [GC concurrent-root-region-scan-start]
2020-04-13T16:06:31.499+0800: 1374.451: [GC concurrent-root-region-scan-end, 0.0034422 secs]
2020-04-13T16:06:31.499+0800: 1374.451: [GC concurrent-mark-start]
2020-04-13T16:06:31.524+0800: 1374.475: [GC concurrent-mark-end, 0.0243275 secs]
2020-04-13T16:06:31.524+0800: 1374.475: [GC remark 2020-04-13T16:06:31.524+0800: 1374.475: [Finalize Marking, 0.0001274 secs] 2020-04-13T16:06:31.524+0800: 1374.475: [GC ref-proc, 0.0000764 secs] 2020-04-13T16:06:31.524+0800: 1374.475: [Unloading, 0.0037654 secs], 0.0054354 secs]
 [Times: user=0.01 sys=0.00, real=0.00 secs] 
2020-04-13T16:06:31.530+0800: 1374.481: [GC cleanup 150M->150M(256M), 0.0003564 secs]
 [Times: user=0.00 sys=0.00, real=0.00 secs] 
2020-04-13T16:06:32.968+0800: 1375.919: [GC pause (G1 Evacuation Pause) (young), 0.0052459 secs]
   [Parallel Time: 4.8 ms, GC Workers: 4]
      [GC Worker Start (ms): Min: 1375919.4, Avg: 1375919.4, Max: 1375919.4, Diff: 0.1]
      [Ext Root Scanning (ms): Min: 0.3, Avg: 0.4, Max: 0.5, Diff: 0.2, Sum: 1.5]
      [Update RS (ms): Min: 2.2, Avg: 2.2, Max: 2.2, Diff: 0.0, Sum: 8.8]
         [Processed Buffers: Min: 2, Avg: 8.5, Max: 16, Diff: 14, Sum: 34]
      [Scan RS (ms): Min: 0.1, Avg: 0.2, Max: 0.3, Diff: 0.2, Sum: 0.9]
      [Code Root Scanning (ms): Min: 0.0, Avg: 0.0, Max: 0.0, Diff: 0.0, Sum: 0.0]
      [Object Copy (ms): Min: 1.3, Avg: 1.5, Max: 1.9, Diff: 0.6, Sum: 6.0]
      [Termination (ms): Min: 0.0, Avg: 0.4, Max: 0.6, Diff: 0.6, Sum: 1.8]
         [Termination Attempts: Min: 1, Avg: 1.0, Max: 1, Diff: 0, Sum: 4]
      [GC Worker Other (ms): Min: 0.0, Avg: 0.0, Max: 0.0, Diff: 0.0, Sum: 0.0]
      [GC Worker Total (ms): Min: 4.7, Avg: 4.8, Max: 4.8, Diff: 0.1, Sum: 19.0]
      [GC Worker End (ms): Min: 1375924.2, Avg: 1375924.2, Max: 1375924.2, Diff: 0.0]
   [Code Root Fixup: 0.0 ms]
   [Code Root Purge: 0.0 ms]
   [Clear CT: 0.0 ms]
   [Other: 0.3 ms]
      [Choose CSet: 0.0 ms]
      [Ref Proc: 0.1 ms]
      [Ref Enq: 0.0 ms]
      [Redirty Cards: 0.1 ms]
      [Humongous Register: 0.0 ms]
      [Humongous Reclaim: 0.0 ms]
      [Free CSet: 0.0 ms]
   [Eden: 79.0M(79.0M)->0.0B(79.0M) Survivors: 1024.0K->1024.0K Heap: 227.7M(256.0M)->148.5M(256.0M)]
 [Times: user=0.02 sys=0.00, real=0.01 secs] 
2020-04-13T16:06:34.268+0800: 1377.220: [GC pause (G1 Evacuation Pause) (young), 0.0044027 secs]
   [Parallel Time: 3.9 ms, GC Workers: 4]
      [GC Worker Start (ms): Min: 1377219.9, Avg: 1377220.0, Max: 1377220.0, Diff: 0.0]
      [Ext Root Scanning (ms): Min: 0.5, Avg: 0.7, Max: 1.0, Diff: 0.5, Sum: 2.6]
      [Update RS (ms): Min: 1.3, Avg: 1.6, Max: 1.7, Diff: 0.5, Sum: 6.4]
         [Processed Buffers: Min: 5, Avg: 8.0, Max: 13, Diff: 8, Sum: 32]
      [Scan RS (ms): Min: 0.4, Avg: 0.4, Max: 0.4, Diff: 0.0, Sum: 1.7]
      [Code Root Scanning (ms): Min: 0.0, Avg: 0.0, Max: 0.0, Diff: 0.0, Sum: 0.0]
      [Object Copy (ms): Min: 1.1, Avg: 1.2, Max: 1.2, Diff: 0.1, Sum: 4.7]
      [Termination (ms): Min: 0.0, Avg: 0.0, Max: 0.0, Diff: 0.0, Sum: 0.0]
         [Termination Attempts: Min: 1, Avg: 1.0, Max: 1, Diff: 0, Sum: 4]
      [GC Worker Other (ms): Min: 0.0, Avg: 0.0, Max: 0.0, Diff: 0.0, Sum: 0.0]
      [GC Worker Total (ms): Min: 3.8, Avg: 3.9, Max: 3.9, Diff: 0.0, Sum: 15.4]
      [GC Worker End (ms): Min: 1377223.8, Avg: 1377223.8, Max: 1377223.8, Diff: 0.0]
   [Code Root Fixup: 0.0 ms]
   [Code Root Purge: 0.0 ms]
   [Clear CT: 0.1 ms]
   [Other: 0.4 ms]
      [Choose CSet: 0.0 ms]
      [Ref Proc: 0.1 ms]
      [Ref Enq: 0.0 ms]
      [Redirty Cards: 0.1 ms]
      [Humongous Register: 0.0 ms]
      [Humongous Reclaim: 0.0 ms]
      [Free CSet: 0.0 ms]
   [Eden: 79.0M(79.0M)->0.0B(79.0M) Survivors: 1024.0K->1024.0K Heap: 227.5M(256.0M)->148.7M(256.0M)]
 [Times: user=0.01 sys=0.00, real=0.01 secs] 
2020-04-13T16:06:35.584+0800: 1378.535: [GC pause (G1 Evacuation Pause) (young) (initial-mark), 0.0052214 secs]
   [Parallel Time: 3.8 ms, GC Workers: 4]
      [GC Worker Start (ms): Min: 1378535.4, Avg: 1378535.4, Max: 1378535.4, Diff: 0.0]
      [Ext Root Scanning (ms): Min: 0.6, Avg: 0.6, Max: 0.6, Diff: 0.1, Sum: 2.3]
      [Update RS (ms): Min: 1.5, Avg: 1.6, Max: 1.7, Diff: 0.2, Sum: 6.5]
         [Processed Buffers: Min: 4, Avg: 9.0, Max: 14, Diff: 10, Sum: 36]
      [Scan RS (ms): Min: 0.4, Avg: 0.5, Max: 0.6, Diff: 0.2, Sum: 2.0]
      [Code Root Scanning (ms): Min: 0.0, Avg: 0.0, Max: 0.0, Diff: 0.0, Sum: 0.0]
      [Object Copy (ms): Min: 1.0, Avg: 1.0, Max: 1.0, Diff: 0.1, Sum: 4.0]
      [Termination (ms): Min: 0.0, Avg: 0.0, Max: 0.0, Diff: 0.0, Sum: 0.0]
         [Termination Attempts: Min: 1, Avg: 1.0, Max: 1, Diff: 0, Sum: 4]
      [GC Worker Other (ms): Min: 0.0, Avg: 0.0, Max: 0.0, Diff: 0.0, Sum: 0.0]
      [GC Worker Total (ms): Min: 3.7, Avg: 3.7, Max: 3.7, Diff: 0.0, Sum: 14.9]
      [GC Worker End (ms): Min: 1378539.1, Avg: 1378539.1, Max: 1378539.1, Diff: 0.0]
   [Code Root Fixup: 0.0 ms]
   [Code Root Purge: 0.0 ms]
   [Clear CT: 0.1 ms]
   [Other: 1.4 ms]
      [Choose CSet: 0.0 ms]
      [Ref Proc: 0.7 ms]
      [Ref Enq: 0.0 ms]
      [Redirty Cards: 0.4 ms]
      [Humongous Register: 0.0 ms]
      [Humongous Reclaim: 0.0 ms]
      [Free CSet: 0.0 ms]
   [Eden: 79.0M(79.0M)->0.0B(78.0M) Survivors: 1024.0K->1024.0K Heap: 227.7M(256.0M)->149.0M(256.0M)]
 [Times: user=0.02 sys=0.00, real=0.00 secs] 
2020-04-13T16:06:35.589+0800: 1378.541: [GC concurrent-root-region-scan-start]
2020-04-13T16:06:35.593+0800: 1378.544: [GC concurrent-root-region-scan-end, 0.0032393 secs]
2020-04-13T16:06:35.593+0800: 1378.544: [GC concurrent-mark-start]
2020-04-13T16:06:35.618+0800: 1378.569: [GC concurrent-mark-end, 0.0254336 secs]
2020-04-13T16:06:35.619+0800: 1378.570: [GC remark 2020-04-13T16:06:35.619+0800: 1378.570: [Finalize Marking, 0.0001633 secs] 2020-04-13T16:06:35.619+0800: 1378.570: [GC ref-proc, 0.0000838 secs] 2020-04-13T16:06:35.619+0800: 1378.570: [Unloading, 0.0035442 secs], 0.0051154 secs]
 [Times: user=0.01 sys=0.00, real=0.01 secs] 
2020-04-13T16:06:35.624+0800: 1378.575: [GC cleanup 151M->151M(256M), 0.0003110 secs]
 [Times: user=0.00 sys=0.00, real=0.00 secs] 
2020-04-13T16:06:36.913+0800: 1379.864: [GC pause (G1 Evacuation Pause) (young), 0.0045328 secs]
   [Parallel Time: 3.5 ms, GC Workers: 4]
      [GC Worker Start (ms): Min: 1379864.0, Avg: 1379864.0, Max: 1379864.0, Diff: 0.0]
      [Ext Root Scanning (ms): Min: 0.3, Avg: 0.4, Max: 0.5, Diff: 0.2, Sum: 1.6]
      [Update RS (ms): Min: 1.8, Avg: 1.8, Max: 1.9, Diff: 0.1, Sum: 7.4]
         [Processed Buffers: Min: 5, Avg: 9.0, Max: 13, Diff: 8, Sum: 36]
      [Scan RS (ms): Min: 0.2, Avg: 0.2, Max: 0.3, Diff: 0.0, Sum: 1.0]
      [Code Root Scanning (ms): Min: 0.0, Avg: 0.0, Max: 0.0, Diff: 0.0, Sum: 0.0]
      [Object Copy (ms): Min: 0.9, Avg: 1.0, Max: 1.0, Diff: 0.1, Sum: 4.0]
      [Termination (ms): Min: 0.0, Avg: 0.0, Max: 0.0, Diff: 0.0, Sum: 0.0]
         [Termination Attempts: Min: 1, Avg: 1.0, Max: 1, Diff: 0, Sum: 4]
      [GC Worker Other (ms): Min: 0.0, Avg: 0.0, Max: 0.0, Diff: 0.0, Sum: 0.1]
      [GC Worker Total (ms): Min: 3.5, Avg: 3.5, Max: 3.5, Diff: 0.0, Sum: 14.0]
      [GC Worker End (ms): Min: 1379867.5, Avg: 1379867.5, Max: 1379867.5, Diff: 0.0]
   [Code Root Fixup: 0.0 ms]
   [Code Root Purge: 0.0 ms]
   [Clear CT: 0.1 ms]
   [Other: 0.9 ms]
      [Choose CSet: 0.0 ms]
      [Ref Proc: 0.7 ms]
      [Ref Enq: 0.0 ms]
      [Redirty Cards: 0.1 ms]
      [Humongous Register: 0.0 ms]
      [Humongous Reclaim: 0.0 ms]
      [Free CSet: 0.0 ms]
   [Eden: 78.0M(78.0M)->0.0B(11.0M) Survivors: 1024.0K->1024.0K Heap: 227.0M(256.0M)->148.7M(256.0M)]
 [Times: user=0.02 sys=0.00, real=0.00 secs] 
2020-04-13T16:06:37.088+0800: 1380.040: [GC pause (G1 Evacuation Pause) (mixed), 0.0067359 secs]
   [Parallel Time: 6.4 ms, GC Workers: 4]
      [GC Worker Start (ms): Min: 1380039.6, Avg: 1380039.6, Max: 1380039.6, Diff: 0.0]
      [Ext Root Scanning (ms): Min: 0.3, Avg: 1.2, Max: 3.9, Diff: 3.5, Sum: 4.9]
      [Update RS (ms): Min: 0.0, Avg: 1.8, Max: 2.5, Diff: 2.5, Sum: 7.2]
         [Processed Buffers: Min: 0, Avg: 6.8, Max: 14, Diff: 14, Sum: 27]
      [Scan RS (ms): Min: 0.0, Avg: 0.7, Max: 1.0, Diff: 1.0, Sum: 2.7]
      [Code Root Scanning (ms): Min: 0.0, Avg: 0.0, Max: 0.0, Diff: 0.0, Sum: 0.0]
      [Object Copy (ms): Min: 1.4, Avg: 1.7, Max: 2.2, Diff: 0.8, Sum: 6.7]
      [Termination (ms): Min: 0.0, Avg: 0.6, Max: 1.1, Diff: 1.1, Sum: 2.3]
         [Termination Attempts: Min: 1, Avg: 1.0, Max: 1, Diff: 0, Sum: 4]
      [GC Worker Other (ms): Min: 0.0, Avg: 0.0, Max: 0.0, Diff: 0.0, Sum: 0.0]
      [GC Worker Total (ms): Min: 5.8, Avg: 6.0, Max: 6.3, Diff: 0.5, Sum: 23.8]
      [GC Worker End (ms): Min: 1380045.4, Avg: 1380045.6, Max: 1380045.9, Diff: 0.5]
   [Code Root Fixup: 0.0 ms]
   [Code Root Purge: 0.0 ms]
   [Clear CT: 0.0 ms]
   [Other: 0.3 ms]
      [Choose CSet: 0.0 ms]
      [Ref Proc: 0.1 ms]
      [Ref Enq: 0.0 ms]
      [Redirty Cards: 0.0 ms]
      [Humongous Register: 0.0 ms]
      [Humongous Reclaim: 0.0 ms]
      [Free CSet: 0.0 ms]
   [Eden: 11.0M(11.0M)->0.0B(79.0M) Survivors: 1024.0K->1024.0K Heap: 159.7M(256.0M)->147.8M(256.0M)]
 [Times: user=0.02 sys=0.00, real=0.01 secs] 
2020-04-13T16:06:38.502+0800: 1381.453: [GC pause (G1 Evacuation Pause) (young), 0.0058572 secs]
   [Parallel Time: 5.0 ms, GC Workers: 4]
      [GC Worker Start (ms): Min: 1381453.5, Avg: 1381454.3, Max: 1381456.0, Diff: 2.6]
      [Ext Root Scanning (ms): Min: 0.0, Avg: 0.3, Max: 0.7, Diff: 0.7, Sum: 1.4]
      [Update RS (ms): Min: 1.2, Avg: 2.7, Max: 3.6, Diff: 2.5, Sum: 10.7]
         [Processed Buffers: Min: 5, Avg: 9.8, Max: 15, Diff: 10, Sum: 39]
      [Scan RS (ms): Min: 0.0, Avg: 0.0, Max: 0.0, Diff: 0.0, Sum: 0.0]
      [Code Root Scanning (ms): Min: 0.0, Avg: 0.0, Max: 0.0, Diff: 0.0, Sum: 0.0]
      [Object Copy (ms): Min: 0.6, Avg: 1.1, Max: 1.3, Diff: 0.6, Sum: 4.3]
      [Termination (ms): Min: 0.0, Avg: 0.0, Max: 0.0, Diff: 0.0, Sum: 0.0]
         [Termination Attempts: Min: 1, Avg: 1.0, Max: 1, Diff: 0, Sum: 4]
      [GC Worker Other (ms): Min: 0.0, Avg: 0.0, Max: 0.0, Diff: 0.0, Sum: 0.1]
      [GC Worker Total (ms): Min: 2.4, Avg: 4.1, Max: 5.0, Diff: 2.6, Sum: 16.4]
      [GC Worker End (ms): Min: 1381458.4, Avg: 1381458.4, Max: 1381458.4, Diff: 0.0]
   [Code Root Fixup: 0.1 ms]
   [Code Root Purge: 0.0 ms]
   [Clear CT: 0.1 ms]
   [Other: 0.6 ms]
      [Choose CSet: 0.0 ms]
      [Ref Proc: 0.5 ms]
      [Ref Enq: 0.0 ms]
      [Redirty Cards: 0.1 ms]
      [Humongous Register: 0.0 ms]
      [Humongous Reclaim: 0.0 ms]
      [Free CSet: 0.0 ms]
   [Eden: 79.0M(79.0M)->0.0B(79.0M) Survivors: 1024.0K->1024.0K Heap: 226.8M(256.0M)->148.0M(256.0M)]
 [Times: user=0.02 sys=0.00, real=0.00 secs] 
2020-04-13T16:06:39.870+0800: 1382.822: [GC pause (G1 Evacuation Pause) (young) (initial-mark), 0.0102981 secs]
   [Parallel Time: 3.8 ms, GC Workers: 4]
      [GC Worker Start (ms): Min: 1382821.8, Avg: 1382821.8, Max: 1382821.8, Diff: 0.0]
      [Ext Root Scanning (ms): Min: 0.6, Avg: 0.6, Max: 0.6, Diff: 0.1, Sum: 2.3]
      [Update RS (ms): Min: 1.8, Avg: 1.8, Max: 1.9, Diff: 0.1, Sum: 7.4]
         [Processed Buffers: Min: 6, Avg: 10.2, Max: 13, Diff: 7, Sum: 41]
      [Scan RS (ms): Min: 0.3, Avg: 0.3, Max: 0.3, Diff: 0.0, Sum: 1.2]
      [Code Root Scanning (ms): Min: 0.0, Avg: 0.0, Max: 0.0, Diff: 0.0, Sum: 0.0]
      [Object Copy (ms): Min: 1.0, Avg: 1.0, Max: 1.1, Diff: 0.0, Sum: 4.1]
      [Termination (ms): Min: 0.0, Avg: 0.0, Max: 0.0, Diff: 0.0, Sum: 0.0]
         [Termination Attempts: Min: 1, Avg: 1.0, Max: 1, Diff: 0, Sum: 4]
      [GC Worker Other (ms): Min: 0.0, Avg: 0.0, Max: 0.0, Diff: 0.0, Sum: 0.0]
      [GC Worker Total (ms): Min: 3.8, Avg: 3.8, Max: 3.8, Diff: 0.0, Sum: 15.1]
      [GC Worker End (ms): Min: 1382825.6, Avg: 1382825.6, Max: 1382825.6, Diff: 0.0]
   [Code Root Fixup: 0.1 ms]
   [Code Root Purge: 0.0 ms]
   [Clear CT: 0.1 ms]
   [Other: 6.3 ms]
      [Choose CSet: 0.0 ms]
      [Ref Proc: 6.1 ms]
      [Ref Enq: 0.0 ms]
      [Redirty Cards: 0.1 ms]
      [Humongous Register: 0.0 ms]
      [Humongous Reclaim: 0.0 ms]
      [Free CSet: 0.0 ms]
   [Eden: 79.0M(79.0M)->0.0B(79.0M) Survivors: 1024.0K->1024.0K Heap: 227.0M(256.0M)->147.9M(256.0M)]
 [Times: user=0.01 sys=0.00, real=0.01 secs] 
2020-04-13T16:06:39.881+0800: 1382.832: [GC concurrent-root-region-scan-start]
2020-04-13T16:06:39.883+0800: 1382.835: [GC concurrent-root-region-scan-end, 0.0026142 secs]
2020-04-13T16:06:39.883+0800: 1382.835: [GC concurrent-mark-start]
2020-04-13T16:06:39.913+0800: 1382.864: [GC concurrent-mark-end, 0.0294392 secs]
2020-04-13T16:06:39.913+0800: 1382.864: [GC remark 2020-04-13T16:06:39.913+0800: 1382.864: [Finalize Marking, 0.0001585 secs] 2020-04-13T16:06:39.913+0800: 1382.865: [GC ref-proc, 0.0000675 secs] 2020-04-13T16:06:39.913+0800: 1382.865: [Unloading, 0.0044061 secs], 0.0064822 secs]
 [Times: user=0.02 sys=0.00, real=0.01 secs] 
2020-04-13T16:06:39.920+0800: 1382.871: [GC cleanup 149M->149M(256M), 0.0003230 secs]
 [Times: user=0.00 sys=0.00, real=0.00 secs] 
2020-04-13T16:06:41.235+0800: 1384.187: [GC pause (G1 Evacuation Pause) (young), 0.0077562 secs]
   [Parallel Time: 7.3 ms, GC Workers: 4]
      [GC Worker Start (ms): Min: 1384186.9, Avg: 1384186.9, Max: 1384186.9, Diff: 0.1]
      [Ext Root Scanning (ms): Min: 0.4, Avg: 0.7, Max: 1.4, Diff: 1.0, Sum: 2.8]
      [Update RS (ms): Min: 2.5, Avg: 3.8, Max: 5.8, Diff: 3.3, Sum: 15.2]
         [Processed Buffers: Min: 2, Avg: 8.8, Max: 21, Diff: 19, Sum: 35]
      [Scan RS (ms): Min: 0.0, Avg: 0.2, Max: 0.4, Diff: 0.4, Sum: 0.6]
      [Code Root Scanning (ms): Min: 0.0, Avg: 0.0, Max: 0.0, Diff: 0.0, Sum: 0.0]
      [Object Copy (ms): Min: 0.1, Avg: 1.4, Max: 2.2, Diff: 2.1, Sum: 5.6]
      [Termination (ms): Min: 0.0, Avg: 0.6, Max: 1.3, Diff: 1.3, Sum: 2.5]
         [Termination Attempts: Min: 1, Avg: 1.0, Max: 1, Diff: 0, Sum: 4]
      [GC Worker Other (ms): Min: 0.0, Avg: 0.0, Max: 0.0, Diff: 0.0, Sum: 0.1]
      [GC Worker Total (ms): Min: 6.5, Avg: 6.7, Max: 7.1, Diff: 0.6, Sum: 26.8]
      [GC Worker End (ms): Min: 1384193.4, Avg: 1384193.6, Max: 1384194.0, Diff: 0.6]
   [Code Root Fixup: 0.0 ms]
   [Code Root Purge: 0.0 ms]
   [Clear CT: 0.1 ms]
   [Other: 0.3 ms]
      [Choose CSet: 0.0 ms]
      [Ref Proc: 0.1 ms]
      [Ref Enq: 0.0 ms]
      [Redirty Cards: 0.0 ms]
      [Humongous Register: 0.0 ms]
      [Humongous Reclaim: 0.0 ms]
      [Free CSet: 0.0 ms]
   [Eden: 79.0M(79.0M)->0.0B(79.0M) Survivors: 1024.0K->1024.0K Heap: 226.9M(256.0M)->148.0M(256.0M)]
 [Times: user=0.02 sys=0.00, real=0.01 secs] 
2020-04-13T16:06:42.500+0800: 1385.451: [GC pause (G1 Evacuation Pause) (young), 0.0048123 secs]
   [Parallel Time: 4.4 ms, GC Workers: 4]
      [GC Worker Start (ms): Min: 1385451.3, Avg: 1385451.3, Max: 1385451.3, Diff: 0.0]
      [Ext Root Scanning (ms): Min: 0.3, Avg: 0.4, Max: 0.5, Diff: 0.2, Sum: 1.6]
      [Update RS (ms): Min: 1.5, Avg: 1.6, Max: 1.7, Diff: 0.2, Sum: 6.5]
         [Processed Buffers: Min: 6, Avg: 8.0, Max: 12, Diff: 6, Sum: 32]
      [Scan RS (ms): Min: 0.4, Avg: 0.4, Max: 0.5, Diff: 0.2, Sum: 1.7]
      [Code Root Scanning (ms): Min: 0.0, Avg: 0.0, Max: 0.0, Diff: 0.0, Sum: 0.0]
      [Object Copy (ms): Min: 1.2, Avg: 1.4, Max: 1.8, Diff: 0.6, Sum: 5.6]
      [Termination (ms): Min: 0.0, Avg: 0.5, Max: 0.6, Diff: 0.6, Sum: 1.8]
         [Termination Attempts: Min: 1, Avg: 1.0, Max: 1, Diff: 0, Sum: 4]
      [GC Worker Other (ms): Min: 0.0, Avg: 0.0, Max: 0.0, Diff: 0.0, Sum: 0.0]
      [GC Worker Total (ms): Min: 4.3, Avg: 4.3, Max: 4.4, Diff: 0.1, Sum: 17.3]
      [GC Worker End (ms): Min: 1385455.6, Avg: 1385455.6, Max: 1385455.7, Diff: 0.1]
   [Code Root Fixup: 0.0 ms]
   [Code Root Purge: 0.0 ms]
   [Clear CT: 0.1 ms]
   [Other: 0.3 ms]
      [Choose CSet: 0.0 ms]
      [Ref Proc: 0.1 ms]
      [Ref Enq: 0.0 ms]
      [Redirty Cards: 0.1 ms]
      [Humongous Register: 0.0 ms]
      [Humongous Reclaim: 0.0 ms]
      [Free CSet: 0.0 ms]
   [Eden: 79.0M(79.0M)->0.0B(79.0M) Survivors: 1024.0K->1024.0K Heap: 227.0M(256.0M)->148.1M(256.0M)]
 [Times: user=0.01 sys=0.00, real=0.00 secs] 
2020-04-13T16:06:43.895+0800: 1386.846: [GC pause (G1 Evacuation Pause) (young) (initial-mark), 0.0056060 secs]
   [Parallel Time: 4.4 ms, GC Workers: 4]
      [GC Worker Start (ms): Min: 1386846.1, Avg: 1386846.1, Max: 1386846.1, Diff: 0.0]
      [Ext Root Scanning (ms): Min: 0.5, Avg: 0.6, Max: 0.6, Diff: 0.1, Sum: 2.2]
      [Update RS (ms): Min: 2.1, Avg: 2.4, Max: 3.2, Diff: 1.1, Sum: 9.8]
         [Processed Buffers: Min: 2, Avg: 8.2, Max: 17, Diff: 15, Sum: 33]
      [Scan RS (ms): Min: 0.0, Avg: 0.2, Max: 0.3, Diff: 0.3, Sum: 0.8]
      [Code Root Scanning (ms): Min: 0.0, Avg: 0.0, Max: 0.0, Diff: 0.0, Sum: 0.0]
      [Object Copy (ms): Min: 0.6, Avg: 1.1, Max: 1.3, Diff: 0.8, Sum: 4.5]
      [Termination (ms): Min: 0.0, Avg: 0.0, Max: 0.0, Diff: 0.0, Sum: 0.0]
         [Termination Attempts: Min: 1, Avg: 1.0, Max: 1, Diff: 0, Sum: 4]
      [GC Worker Other (ms): Min: 0.0, Avg: 0.0, Max: 0.0, Diff: 0.0, Sum: 0.1]
      [GC Worker Total (ms): Min: 4.4, Avg: 4.4, Max: 4.4, Diff: 0.0, Sum: 17.5]
      [GC Worker End (ms): Min: 1386850.4, Avg: 1386850.4, Max: 1386850.5, Diff: 0.0]
   [Code Root Fixup: 0.0 ms]
   [Code Root Purge: 0.0 ms]
   [Clear CT: 0.1 ms]
   [Other: 1.1 ms]
      [Choose CSet: 0.0 ms]
      [Ref Proc: 0.8 ms]
      [Ref Enq: 0.0 ms]
      [Redirty Cards: 0.0 ms]
      [Humongous Register: 0.0 ms]
      [Humongous Reclaim: 0.0 ms]
      [Free CSet: 0.0 ms]
   [Eden: 79.0M(79.0M)->0.0B(79.0M) Survivors: 1024.0K->1024.0K Heap: 227.1M(256.0M)->148.0M(256.0M)]
 [Times: user=0.01 sys=0.00, real=0.01 secs] 
2020-04-13T16:06:43.900+0800: 1386.852: [GC concurrent-root-region-scan-start]
2020-04-13T16:06:43.903+0800: 1386.854: [GC concurrent-root-region-scan-end, 0.0024271 secs]
2020-04-13T16:06:43.903+0800: 1386.854: [GC concurrent-mark-start]
2020-04-13T16:06:43.926+0800: 1386.878: [GC concurrent-mark-end, 0.0235480 secs]
2020-04-13T16:06:43.927+0800: 1386.878: [GC remark 2020-04-13T16:06:43.927+0800: 1386.878: [Finalize Marking, 0.0001080 secs] 2020-04-13T16:06:43.927+0800: 1386.878: [GC ref-proc, 0.0000819 secs] 2020-04-13T16:06:43.927+0800: 1386.878: [Unloading, 0.0040948 secs], 0.0056622 secs]
 [Times: user=0.01 sys=0.00, real=0.01 secs] 
2020-04-13T16:06:43.933+0800: 1386.884: [GC cleanup 149M->149M(256M), 0.0003314 secs]
 [Times: user=0.00 sys=0.00, real=0.00 secs] 
2020-04-13T16:06:45.200+0800: 1388.151: [GC pause (G1 Evacuation Pause) (young), 0.0037702 secs]
   [Parallel Time: 3.4 ms, GC Workers: 4]
      [GC Worker Start (ms): Min: 1388151.4, Avg: 1388151.4, Max: 1388151.4, Diff: 0.0]
      [Ext Root Scanning (ms): Min: 0.3, Avg: 0.4, Max: 0.5, Diff: 0.2, Sum: 1.5]
      [Update RS (ms): Min: 1.6, Avg: 1.7, Max: 1.8, Diff: 0.2, Sum: 6.7]
         [Processed Buffers: Min: 5, Avg: 8.2, Max: 12, Diff: 7, Sum: 33]
      [Scan RS (ms): Min: 0.2, Avg: 0.3, Max: 0.4, Diff: 0.2, Sum: 1.3]
      [Code Root Scanning (ms): Min: 0.0, Avg: 0.0, Max: 0.0, Diff: 0.0, Sum: 0.0]
      [Object Copy (ms): Min: 0.9, Avg: 0.9, Max: 1.0, Diff: 0.1, Sum: 3.7]
      [Termination (ms): Min: 0.0, Avg: 0.0, Max: 0.0, Diff: 0.0, Sum: 0.0]
         [Termination Attempts: Min: 1, Avg: 1.2, Max: 2, Diff: 1, Sum: 5]
      [GC Worker Other (ms): Min: 0.0, Avg: 0.0, Max: 0.0, Diff: 0.0, Sum: 0.1]
      [GC Worker Total (ms): Min: 3.3, Avg: 3.3, Max: 3.4, Diff: 0.0, Sum: 13.3]
      [GC Worker End (ms): Min: 1388154.7, Avg: 1388154.7, Max: 1388154.7, Diff: 0.0]
   [Code Root Fixup: 0.0 ms]
   [Code Root Purge: 0.0 ms]
   [Clear CT: 0.1 ms]
   [Other: 0.3 ms]
      [Choose CSet: 0.0 ms]
      [Ref Proc: 0.1 ms]
      [Ref Enq: 0.0 ms]
      [Redirty Cards: 0.1 ms]
      [Humongous Register: 0.0 ms]
      [Humongous Reclaim: 0.0 ms]
      [Free CSet: 0.0 ms]
   [Eden: 79.0M(79.0M)->0.0B(79.0M) Survivors: 1024.0K->1024.0K Heap: 227.0M(256.0M)->148.3M(256.0M)]
 [Times: user=0.02 sys=0.00, real=0.00 secs] 
2020-04-13T16:06:46.512+0800: 1389.463: [GC pause (G1 Evacuation Pause) (young), 0.0071844 secs]
   [Parallel Time: 6.4 ms, GC Workers: 4]
      [GC Worker Start (ms): Min: 1389462.8, Avg: 1389462.9, Max: 1389462.9, Diff: 0.0]
      [Ext Root Scanning (ms): Min: 0.3, Avg: 0.5, Max: 0.8, Diff: 0.5, Sum: 2.1]
      [Update RS (ms): Min: 2.2, Avg: 2.7, Max: 3.0, Diff: 0.9, Sum: 10.6]
         [Processed Buffers: Min: 0, Avg: 8.2, Max: 20, Diff: 20, Sum: 33]
      [Scan RS (ms): Min: 0.3, Avg: 1.0, Max: 2.8, Diff: 2.5, Sum: 4.0]
      [Code Root Scanning (ms): Min: 0.0, Avg: 0.0, Max: 0.0, Diff: 0.0, Sum: 0.0]
      [Object Copy (ms): Min: 0.0, Avg: 1.2, Max: 1.7, Diff: 1.6, Sum: 5.0]
      [Termination (ms): Min: 0.0, Avg: 0.6, Max: 1.1, Diff: 1.1, Sum: 2.4]
         [Termination Attempts: Min: 1, Avg: 1.2, Max: 2, Diff: 1, Sum: 5]
      [GC Worker Other (ms): Min: 0.0, Avg: 0.0, Max: 0.0, Diff: 0.0, Sum: 0.0]
      [GC Worker Total (ms): Min: 5.9, Avg: 6.1, Max: 6.4, Diff: 0.5, Sum: 24.2]
      [GC Worker End (ms): Min: 1389468.8, Avg: 1389468.9, Max: 1389469.2, Diff: 0.5]
   [Code Root Fixup: 0.1 ms]
   [Code Root Purge: 0.0 ms]
   [Clear CT: 0.0 ms]
   [Other: 0.7 ms]
      [Choose CSet: 0.0 ms]
      [Ref Proc: 0.5 ms]
      [Ref Enq: 0.0 ms]
      [Redirty Cards: 0.1 ms]
      [Humongous Register: 0.0 ms]
      [Humongous Reclaim: 0.0 ms]
      [Free CSet: 0.0 ms]
   [Eden: 79.0M(79.0M)->0.0B(79.0M) Survivors: 1024.0K->1024.0K Heap: 227.3M(256.0M)->148.1M(256.0M)]
 [Times: user=0.02 sys=0.00, real=0.00 secs] 
2020-04-13T16:06:47.860+0800: 1390.812: [GC pause (G1 Evacuation Pause) (young) (initial-mark), 0.0057678 secs]
   [Parallel Time: 4.7 ms, GC Workers: 4]
      [GC Worker Start (ms): Min: 1390811.6, Avg: 1390811.6, Max: 1390811.7, Diff: 0.0]
      [Ext Root Scanning (ms): Min: 0.5, Avg: 0.5, Max: 0.6, Diff: 0.1, Sum: 2.2]
      [Update RS (ms): Min: 1.1, Avg: 2.1, Max: 3.4, Diff: 2.2, Sum: 8.6]
         [Processed Buffers: Min: 2, Avg: 8.0, Max: 14, Diff: 12, Sum: 32]
      [Scan RS (ms): Min: 0.0, Avg: 0.6, Max: 0.9, Diff: 0.8, Sum: 2.3]
      [Code Root Scanning (ms): Min: 0.0, Avg: 0.0, Max: 0.0, Diff: 0.0, Sum: 0.0]
      [Object Copy (ms): Min: 0.6, Avg: 1.3, Max: 2.2, Diff: 1.6, Sum: 5.3]
      [Termination (ms): Min: 0.0, Avg: 0.0, Max: 0.0, Diff: 0.0, Sum: 0.0]
         [Termination Attempts: Min: 1, Avg: 1.0, Max: 1, Diff: 0, Sum: 4]
      [GC Worker Other (ms): Min: 0.0, Avg: 0.0, Max: 0.0, Diff: 0.0, Sum: 0.0]
      [GC Worker Total (ms): Min: 4.6, Avg: 4.6, Max: 4.6, Diff: 0.0, Sum: 18.5]
      [GC Worker End (ms): Min: 1390816.3, Avg: 1390816.3, Max: 1390816.3, Diff: 0.0]
   [Code Root Fixup: 0.0 ms]
   [Code Root Purge: 0.0 ms]
   [Clear CT: 0.1 ms]
   [Other: 1.0 ms]
      [Choose CSet: 0.0 ms]
      [Ref Proc: 0.7 ms]
      [Ref Enq: 0.0 ms]
      [Redirty Cards: 0.1 ms]
      [Humongous Register: 0.0 ms]
      [Humongous Reclaim: 0.0 ms]
      [Free CSet: 0.0 ms]
   [Eden: 79.0M(79.0M)->0.0B(79.0M) Survivors: 1024.0K->1024.0K Heap: 227.1M(256.0M)->148.3M(256.0M)]
 [Times: user=0.02 sys=0.00, real=0.00 secs] 
2020-04-13T16:06:47.866+0800: 1390.817: [GC concurrent-root-region-scan-start]
2020-04-13T16:06:47.869+0800: 1390.821: [GC concurrent-root-region-scan-end, 0.0032249 secs]
2020-04-13T16:06:47.869+0800: 1390.821: [GC concurrent-mark-start]
2020-04-13T16:06:47.900+0800: 1390.851: [GC concurrent-mark-end, 0.0303802 secs]
2020-04-13T16:06:47.900+0800: 1390.852: [GC remark 2020-04-13T16:06:47.900+0800: 1390.852: [Finalize Marking, 0.0003338 secs] 2020-04-13T16:06:47.901+0800: 1390.852: [GC ref-proc, 0.0000714 secs] 2020-04-13T16:06:47.901+0800: 1390.852: [Unloading, 0.0040135 secs], 0.0061140 secs]
 [Times: user=0.02 sys=0.00, real=0.00 secs] 
2020-04-13T16:06:47.907+0800: 1390.858: [GC cleanup 149M->149M(256M), 0.0005241 secs]
 [Times: user=0.00 sys=0.00, real=0.00 secs] 
2020-04-13T16:06:49.292+0800: 1392.243: [GC pause (G1 Evacuation Pause) (young), 0.0051463 secs]
   [Parallel Time: 4.7 ms, GC Workers: 4]
      [GC Worker Start (ms): Min: 1392243.0, Avg: 1392243.0, Max: 1392243.1, Diff: 0.2]
      [Ext Root Scanning (ms): Min: 0.2, Avg: 0.4, Max: 0.5, Diff: 0.3, Sum: 1.4]
      [Update RS (ms): Min: 1.4, Avg: 1.5, Max: 1.5, Diff: 0.2, Sum: 5.9]
         [Processed Buffers: Min: 5, Avg: 6.8, Max: 11, Diff: 6, Sum: 27]
      [Scan RS (ms): Min: 0.6, Avg: 0.7, Max: 0.8, Diff: 0.2, Sum: 2.7]
      [Code Root Scanning (ms): Min: 0.0, Avg: 0.0, Max: 0.0, Diff: 0.0, Sum: 0.0]
      [Object Copy (ms): Min: 1.2, Avg: 1.5, Max: 2.0, Diff: 0.7, Sum: 6.0]
      [Termination (ms): Min: 0.0, Avg: 0.5, Max: 0.7, Diff: 0.7, Sum: 1.9]
         [Termination Attempts: Min: 1, Avg: 1.0, Max: 1, Diff: 0, Sum: 4]
      [GC Worker Other (ms): Min: 0.0, Avg: 0.0, Max: 0.0, Diff: 0.0, Sum: 0.0]
      [GC Worker Total (ms): Min: 4.4, Avg: 4.5, Max: 4.5, Diff: 0.1, Sum: 18.0]
      [GC Worker End (ms): Min: 1392247.5, Avg: 1392247.5, Max: 1392247.6, Diff: 0.1]
   [Code Root Fixup: 0.0 ms]
   [Code Root Purge: 0.0 ms]
   [Clear CT: 0.1 ms]
   [Other: 0.4 ms]
      [Choose CSet: 0.0 ms]
      [Ref Proc: 0.1 ms]
      [Ref Enq: 0.0 ms]
      [Redirty Cards: 0.2 ms]
      [Humongous Register: 0.0 ms]
      [Humongous Reclaim: 0.0 ms]
      [Free CSet: 0.0 ms]
   [Eden: 79.0M(79.0M)->0.0B(79.0M) Survivors: 1024.0K->1024.0K Heap: 227.3M(256.0M)->148.4M(256.0M)]
 [Times: user=0.02 sys=0.00, real=0.00 secs] 
2020-04-13T16:06:50.665+0800: 1393.617: [GC pause (G1 Evacuation Pause) (young), 0.0059912 secs]
   [Parallel Time: 5.1 ms, GC Workers: 4]
      [GC Worker Start (ms): Min: 1393616.7, Avg: 1393616.7, Max: 1393616.7, Diff: 0.0]
      [Ext Root Scanning (ms): Min: 0.4, Avg: 0.4, Max: 0.5, Diff: 0.2, Sum: 1.6]
      [Update RS (ms): Min: 1.5, Avg: 1.5, Max: 1.6, Diff: 0.2, Sum: 6.1]
         [Processed Buffers: Min: 4, Avg: 8.0, Max: 12, Diff: 8, Sum: 32]
      [Scan RS (ms): Min: 0.5, Avg: 0.6, Max: 0.7, Diff: 0.2, Sum: 2.6]
      [Code Root Scanning (ms): Min: 0.0, Avg: 0.0, Max: 0.0, Diff: 0.0, Sum: 0.0]
      [Object Copy (ms): Min: 1.5, Avg: 1.8, Max: 2.2, Diff: 0.7, Sum: 7.3]
      [Termination (ms): Min: 0.0, Avg: 0.5, Max: 1.0, Diff: 1.0, Sum: 2.0]
         [Termination Attempts: Min: 1, Avg: 1.0, Max: 1, Diff: 0, Sum: 4]
      [GC Worker Other (ms): Min: 0.0, Avg: 0.0, Max: 0.0, Diff: 0.0, Sum: 0.0]
      [GC Worker Total (ms): Min: 4.8, Avg: 4.9, Max: 5.0, Diff: 0.2, Sum: 19.7]
      [GC Worker End (ms): Min: 1393621.5, Avg: 1393621.6, Max: 1393621.7, Diff: 0.2]
   [Code Root Fixup: 0.0 ms]
   [Code Root Purge: 0.0 ms]
   [Clear CT: 0.1 ms]
   [Other: 0.8 ms]
      [Choose CSet: 0.0 ms]
      [Ref Proc: 0.5 ms]
      [Ref Enq: 0.0 ms]
      [Redirty Cards: 0.1 ms]
      [Humongous Register: 0.0 ms]
      [Humongous Reclaim: 0.0 ms]
      [Free CSet: 0.0 ms]
   [Eden: 79.0M(79.0M)->0.0B(79.0M) Survivors: 1024.0K->1024.0K Heap: 227.4M(256.0M)->148.3M(256.0M)]
 [Times: user=0.02 sys=0.00, real=0.01 secs] 
2020-04-13T16:06:51.937+0800: 1394.888: [GC pause (G1 Evacuation Pause) (young) (initial-mark), 0.0064179 secs]
   [Parallel Time: 5.4 ms, GC Workers: 4]
      [GC Worker Start (ms): Min: 1394887.9, Avg: 1394887.9, Max: 1394887.9, Diff: 0.0]
      [Ext Root Scanning (ms): Min: 0.6, Avg: 0.6, Max: 0.6, Diff: 0.1, Sum: 2.4]
      [Update RS (ms): Min: 0.0, Avg: 2.0, Max: 2.8, Diff: 2.8, Sum: 8.1]
         [Processed Buffers: Min: 0, Avg: 8.5, Max: 15, Diff: 15, Sum: 34]
      [Scan RS (ms): Min: 0.0, Avg: 0.5, Max: 0.8, Diff: 0.8, Sum: 2.2]
      [Code Root Scanning (ms): Min: 0.0, Avg: 0.0, Max: 0.0, Diff: 0.0, Sum: 0.0]
      [Object Copy (ms): Min: 1.1, Avg: 2.0, Max: 4.6, Diff: 3.5, Sum: 8.1]
      [Termination (ms): Min: 0.0, Avg: 0.0, Max: 0.0, Diff: 0.0, Sum: 0.0]
         [Termination Attempts: Min: 1, Avg: 1.0, Max: 1, Diff: 0, Sum: 4]
      [GC Worker Other (ms): Min: 0.0, Avg: 0.0, Max: 0.0, Diff: 0.0, Sum: 0.0]
      [GC Worker Total (ms): Min: 5.2, Avg: 5.2, Max: 5.2, Diff: 0.0, Sum: 20.8]
      [GC Worker End (ms): Min: 1394893.1, Avg: 1394893.1, Max: 1394893.1, Diff: 0.0]
   [Code Root Fixup: 0.1 ms]
   [Code Root Purge: 0.0 ms]
   [Clear CT: 0.0 ms]
   [Other: 0.9 ms]
      [Choose CSet: 0.0 ms]
      [Ref Proc: 0.7 ms]
      [Ref Enq: 0.0 ms]
      [Redirty Cards: 0.1 ms]
      [Humongous Register: 0.0 ms]
      [Humongous Reclaim: 0.0 ms]
      [Free CSet: 0.0 ms]
   [Eden: 79.0M(79.0M)->0.0B(79.0M) Survivors: 1024.0K->1024.0K Heap: 227.3M(256.0M)->148.4M(256.0M)]
 [Times: user=0.01 sys=0.00, real=0.01 secs] 
2020-04-13T16:06:51.943+0800: 1394.894: [GC concurrent-root-region-scan-start]
2020-04-13T16:06:51.946+0800: 1394.897: [GC concurrent-root-region-scan-end, 0.0028350 secs]
2020-04-13T16:06:51.946+0800: 1394.897: [GC concurrent-mark-start]
2020-04-13T16:06:51.973+0800: 1394.924: [GC concurrent-mark-end, 0.0270128 secs]
2020-04-13T16:06:51.973+0800: 1394.924: [GC remark 2020-04-13T16:06:51.973+0800: 1394.924: [Finalize Marking, 0.0004317 secs] 2020-04-13T16:06:51.974+0800: 1394.925: [GC ref-proc, 0.0000850 secs] 2020-04-13T16:06:51.974+0800: 1394.925: [Unloading, 0.0040819 secs], 0.0063288 secs]
 [Times: user=0.02 sys=0.00, real=0.01 secs] 
2020-04-13T16:06:51.980+0800: 1394.931: [GC cleanup 150M->150M(256M), 0.0003711 secs]
 [Times: user=0.00 sys=0.00, real=0.00 secs] 
2020-04-13T16:06:53.414+0800: 1396.366: [GC pause (G1 Evacuation Pause) (young), 0.0048341 secs]
   [Parallel Time: 4.3 ms, GC Workers: 4]
      [GC Worker Start (ms): Min: 1396365.6, Avg: 1396365.6, Max: 1396365.7, Diff: 0.0]
      [Ext Root Scanning (ms): Min: 0.3, Avg: 0.4, Max: 0.5, Diff: 0.2, Sum: 1.5]
      [Update RS (ms): Min: 1.4, Avg: 1.6, Max: 1.9, Diff: 0.5, Sum: 6.2]
         [Processed Buffers: Min: 4, Avg: 7.2, Max: 12, Diff: 8, Sum: 29]
      [Scan RS (ms): Min: 0.5, Avg: 0.9, Max: 1.5, Diff: 1.0, Sum: 3.6]
      [Code Root Scanning (ms): Min: 0.0, Avg: 0.0, Max: 0.0, Diff: 0.0, Sum: 0.0]
      [Object Copy (ms): Min: 0.9, Avg: 1.3, Max: 1.5, Diff: 0.6, Sum: 5.1]
      [Termination (ms): Min: 0.0, Avg: 0.1, Max: 0.1, Diff: 0.1, Sum: 0.3]
         [Termination Attempts: Min: 1, Avg: 1.0, Max: 1, Diff: 0, Sum: 4]
      [GC Worker Other (ms): Min: 0.0, Avg: 0.0, Max: 0.0, Diff: 0.0, Sum: 0.0]
      [GC Worker Total (ms): Min: 4.2, Avg: 4.2, Max: 4.2, Diff: 0.1, Sum: 16.8]
      [GC Worker End (ms): Min: 1396369.8, Avg: 1396369.8, Max: 1396369.9, Diff: 0.0]
   [Code Root Fixup: 0.0 ms]
   [Code Root Purge: 0.0 ms]
   [Clear CT: 0.1 ms]
   [Other: 0.5 ms]
      [Choose CSet: 0.0 ms]
      [Ref Proc: 0.3 ms]
      [Ref Enq: 0.0 ms]
      [Redirty Cards: 0.0 ms]
      [Humongous Register: 0.0 ms]
      [Humongous Reclaim: 0.0 ms]
      [Free CSet: 0.0 ms]
   [Eden: 79.0M(79.0M)->0.0B(79.0M) Survivors: 1024.0K->1024.0K Heap: 227.4M(256.0M)->148.4M(256.0M)]
 [Times: user=0.01 sys=0.00, real=0.00 secs] 
2020-04-13T16:06:54.682+0800: 1397.633: [GC pause (G1 Evacuation Pause) (young), 0.0043945 secs]
   [Parallel Time: 3.9 ms, GC Workers: 4]
      [GC Worker Start (ms): Min: 1397633.0, Avg: 1397633.0, Max: 1397633.0, Diff: 0.0]
      [Ext Root Scanning (ms): Min: 0.4, Avg: 0.7, Max: 1.3, Diff: 0.9, Sum: 2.8]
      [Update RS (ms): Min: 0.9, Avg: 1.4, Max: 1.5, Diff: 0.7, Sum: 5.4]
         [Processed Buffers: Min: 5, Avg: 8.2, Max: 14, Diff: 9, Sum: 33]
      [Scan RS (ms): Min: 0.6, Avg: 0.7, Max: 0.8, Diff: 0.2, Sum: 2.9]
      [Code Root Scanning (ms): Min: 0.0, Avg: 0.0, Max: 0.0, Diff: 0.0, Sum: 0.0]
      [Object Copy (ms): Min: 0.9, Avg: 1.0, Max: 1.0, Diff: 0.1, Sum: 3.9]
      [Termination (ms): Min: 0.0, Avg: 0.0, Max: 0.0, Diff: 0.0, Sum: 0.0]
         [Termination Attempts: Min: 1, Avg: 1.0, Max: 1, Diff: 0, Sum: 4]
      [GC Worker Other (ms): Min: 0.0, Avg: 0.0, Max: 0.0, Diff: 0.0, Sum: 0.0]
      [GC Worker Total (ms): Min: 3.8, Avg: 3.8, Max: 3.8, Diff: 0.0, Sum: 15.1]
      [GC Worker End (ms): Min: 1397636.8, Avg: 1397636.8, Max: 1397636.8, Diff: 0.0]
   [Code Root Fixup: 0.0 ms]
   [Code Root Purge: 0.0 ms]
   [Clear CT: 0.0 ms]
   [Other: 0.5 ms]
      [Choose CSet: 0.0 ms]
      [Ref Proc: 0.2 ms]
      [Ref Enq: 0.0 ms]
      [Redirty Cards: 0.1 ms]
      [Humongous Register: 0.0 ms]
      [Humongous Reclaim: 0.0 ms]
      [Free CSet: 0.0 ms]
   [Eden: 79.0M(79.0M)->0.0B(79.0M) Survivors: 1024.0K->1024.0K Heap: 227.4M(256.0M)->148.7M(256.0M)]
 [Times: user=0.02 sys=0.00, real=0.00 secs] 
2020-04-13T16:06:56.001+0800: 1398.953: [GC pause (G1 Evacuation Pause) (young) (initial-mark), 0.0048529 secs]
   [Parallel Time: 3.7 ms, GC Workers: 4]
      [GC Worker Start (ms): Min: 1398952.6, Avg: 1398952.7, Max: 1398952.7, Diff: 0.0]
      [Ext Root Scanning (ms): Min: 0.6, Avg: 0.6, Max: 0.6, Diff: 0.1, Sum: 2.5]
      [Update RS (ms): Min: 1.5, Avg: 1.6, Max: 1.7, Diff: 0.2, Sum: 6.3]
         [Processed Buffers: Min: 4, Avg: 8.0, Max: 12, Diff: 8, Sum: 32]
      [Scan RS (ms): Min: 0.4, Avg: 0.5, Max: 0.6, Diff: 0.3, Sum: 2.0]
      [Code Root Scanning (ms): Min: 0.0, Avg: 0.0, Max: 0.0, Diff: 0.0, Sum: 0.0]
      [Object Copy (ms): Min: 0.9, Avg: 1.0, Max: 1.1, Diff: 0.2, Sum: 3.8]
      [Termination (ms): Min: 0.0, Avg: 0.0, Max: 0.0, Diff: 0.0, Sum: 0.0]
         [Termination Attempts: Min: 1, Avg: 1.0, Max: 1, Diff: 0, Sum: 4]
      [GC Worker Other (ms): Min: 0.0, Avg: 0.0, Max: 0.0, Diff: 0.0, Sum: 0.0]
      [GC Worker Total (ms): Min: 3.7, Avg: 3.7, Max: 3.7, Diff: 0.0, Sum: 14.7]
      [GC Worker End (ms): Min: 1398956.3, Avg: 1398956.3, Max: 1398956.3, Diff: 0.0]
   [Code Root Fixup: 0.0 ms]
   [Code Root Purge: 0.0 ms]
   [Clear CT: 0.0 ms]
   [Other: 1.0 ms]
      [Choose CSet: 0.0 ms]
      [Ref Proc: 0.8 ms]
      [Ref Enq: 0.0 ms]
      [Redirty Cards: 0.1 ms]
      [Humongous Register: 0.0 ms]
      [Humongous Reclaim: 0.0 ms]
      [Free CSet: 0.0 ms]
   [Eden: 79.0M(79.0M)->0.0B(79.0M) Survivors: 1024.0K->1024.0K Heap: 227.7M(256.0M)->148.5M(256.0M)]
 [Times: user=0.02 sys=0.00, real=0.00 secs] 
2020-04-13T16:06:56.006+0800: 1398.958: [GC concurrent-root-region-scan-start]
2020-04-13T16:06:56.009+0800: 1398.960: [GC concurrent-root-region-scan-end, 0.0025503 secs]
2020-04-13T16:06:56.009+0800: 1398.960: [GC concurrent-mark-start]
2020-04-13T16:06:56.031+0800: 1398.982: [GC concurrent-mark-end, 0.0215387 secs]
2020-04-13T16:06:56.031+0800: 1398.982: [GC remark 2020-04-13T16:06:56.031+0800: 1398.982: [Finalize Marking, 0.0001041 secs] 2020-04-13T16:06:56.031+0800: 1398.982: [GC ref-proc, 0.0000816 secs] 2020-04-13T16:06:56.031+0800: 1398.982: [Unloading, 0.0036372 secs], 0.0050709 secs]
 [Times: user=0.02 sys=0.00, real=0.00 secs] 
2020-04-13T16:06:56.036+0800: 1398.987: [GC cleanup 150M->150M(256M), 0.0002667 secs]
 [Times: user=0.00 sys=0.00, real=0.00 secs] 
2020-04-13T16:06:57.250+0800: 1400.201: [GC pause (G1 Evacuation Pause) (young), 0.0056685 secs]
   [Parallel Time: 5.1 ms, GC Workers: 4]
      [GC Worker Start (ms): Min: 1400200.9, Avg: 1400201.1, Max: 1400201.6, Diff: 0.7]
      [Ext Root Scanning (ms): Min: 0.0, Avg: 0.4, Max: 0.6, Diff: 0.5, Sum: 1.4]
      [Update RS (ms): Min: 1.3, Avg: 1.6, Max: 1.8, Diff: 0.5, Sum: 6.3]
         [Processed Buffers: Min: 5, Avg: 8.8, Max: 15, Diff: 10, Sum: 35]
      [Scan RS (ms): Min: 0.5, Avg: 0.6, Max: 0.8, Diff: 0.3, Sum: 2.5]
      [Code Root Scanning (ms): Min: 0.0, Avg: 0.0, Max: 0.0, Diff: 0.0, Sum: 0.0]
      [Object Copy (ms): Min: 1.3, Avg: 1.5, Max: 1.9, Diff: 0.7, Sum: 5.9]
      [Termination (ms): Min: 0.0, Avg: 0.7, Max: 1.0, Diff: 1.0, Sum: 2.6]
         [Termination Attempts: Min: 1, Avg: 1.0, Max: 1, Diff: 0, Sum: 4]
      [GC Worker Other (ms): Min: 0.0, Avg: 0.0, Max: 0.1, Diff: 0.1, Sum: 0.1]
      [GC Worker Total (ms): Min: 4.3, Avg: 4.7, Max: 5.1, Diff: 0.7, Sum: 18.9]
      [GC Worker End (ms): Min: 1400205.6, Avg: 1400205.8, Max: 1400206.0, Diff: 0.4]
   [Code Root Fixup: 0.0 ms]
   [Code Root Purge: 0.0 ms]
   [Clear CT: 0.1 ms]
   [Other: 0.5 ms]
      [Choose CSet: 0.0 ms]
      [Ref Proc: 0.2 ms]
      [Ref Enq: 0.0 ms]
      [Redirty Cards: 0.1 ms]
      [Humongous Register: 0.0 ms]
      [Humongous Reclaim: 0.0 ms]
      [Free CSet: 0.0 ms]
   [Eden: 79.0M(79.0M)->0.0B(79.0M) Survivors: 1024.0K->1024.0K Heap: 227.5M(256.0M)->148.6M(256.0M)]
 [Times: user=0.02 sys=0.00, real=0.00 secs] 
2020-04-13T16:06:58.619+0800: 1401.570: [GC pause (G1 Evacuation Pause) (young), 0.0051246 secs]
   [Parallel Time: 4.4 ms, GC Workers: 4]
      [GC Worker Start (ms): Min: 1401570.4, Avg: 1401570.6, Max: 1401570.8, Diff: 0.4]
      [Ext Root Scanning (ms): Min: 0.2, Avg: 0.4, Max: 0.7, Diff: 0.5, Sum: 1.7]
      [Update RS (ms): Min: 2.1, Avg: 2.2, Max: 2.2, Diff: 0.1, Sum: 8.7]
         [Processed Buffers: Min: 2, Avg: 8.2, Max: 18, Diff: 16, Sum: 33]
      [Scan RS (ms): Min: 0.1, Avg: 0.3, Max: 0.4, Diff: 0.3, Sum: 1.2]
      [Code Root Scanning (ms): Min: 0.0, Avg: 0.0, Max: 0.1, Diff: 0.1, Sum: 0.1]
      [Object Copy (ms): Min: 1.1, Avg: 1.2, Max: 1.5, Diff: 0.4, Sum: 4.7]
      [Termination (ms): Min: 0.0, Avg: 0.0, Max: 0.0, Diff: 0.0, Sum: 0.0]
         [Termination Attempts: Min: 1, Avg: 1.0, Max: 1, Diff: 0, Sum: 4]
      [GC Worker Other (ms): Min: 0.0, Avg: 0.0, Max: 0.0, Diff: 0.0, Sum: 0.1]
      [GC Worker Total (ms): Min: 3.9, Avg: 4.1, Max: 4.3, Diff: 0.4, Sum: 16.5]
      [GC Worker End (ms): Min: 1401574.7, Avg: 1401574.7, Max: 1401574.7, Diff: 0.0]
   [Code Root Fixup: 0.0 ms]
   [Code Root Purge: 0.0 ms]
   [Clear CT: 0.0 ms]
   [Other: 0.7 ms]
      [Choose CSet: 0.0 ms]
      [Ref Proc: 0.3 ms]
      [Ref Enq: 0.0 ms]
      [Redirty Cards: 0.2 ms]
      [Humongous Register: 0.0 ms]
      [Humongous Reclaim: 0.0 ms]
      [Free CSet: 0.0 ms]
   [Eden: 79.0M(79.0M)->0.0B(79.0M) Survivors: 1024.0K->1024.0K Heap: 227.6M(256.0M)->148.7M(256.0M)]
 [Times: user=0.01 sys=0.00, real=0.01 secs] 
2020-04-13T16:06:59.957+0800: 1402.908: [GC pause (G1 Evacuation Pause) (young) (initial-mark), 0.0054020 secs]
   [Parallel Time: 4.2 ms, GC Workers: 4]
      [GC Worker Start (ms): Min: 1402908.5, Avg: 1402908.6, Max: 1402908.6, Diff: 0.0]
      [Ext Root Scanning (ms): Min: 0.7, Avg: 0.8, Max: 0.8, Diff: 0.1, Sum: 3.0]
      [Update RS (ms): Min: 1.6, Avg: 1.7, Max: 1.8, Diff: 0.2, Sum: 7.0]
         [Processed Buffers: Min: 4, Avg: 8.8, Max: 14, Diff: 10, Sum: 35]
      [Scan RS (ms): Min: 0.5, Avg: 0.6, Max: 0.8, Diff: 0.3, Sum: 2.5]
      [Code Root Scanning (ms): Min: 0.0, Avg: 0.0, Max: 0.0, Diff: 0.0, Sum: 0.0]
      [Object Copy (ms): Min: 1.0, Avg: 1.0, Max: 1.1, Diff: 0.1, Sum: 4.1]
      [Termination (ms): Min: 0.0, Avg: 0.0, Max: 0.0, Diff: 0.0, Sum: 0.0]
         [Termination Attempts: Min: 1, Avg: 1.0, Max: 1, Diff: 0, Sum: 4]
      [GC Worker Other (ms): Min: 0.0, Avg: 0.0, Max: 0.0, Diff: 0.0, Sum: 0.1]
      [GC Worker Total (ms): Min: 4.1, Avg: 4.2, Max: 4.2, Diff: 0.0, Sum: 16.7]
      [GC Worker End (ms): Min: 1402912.7, Avg: 1402912.7, Max: 1402912.7, Diff: 0.0]
   [Code Root Fixup: 0.0 ms]
   [Code Root Purge: 0.0 ms]
   [Clear CT: 0.0 ms]
   [Other: 1.1 ms]
      [Choose CSet: 0.0 ms]
      [Ref Proc: 0.8 ms]
      [Ref Enq: 0.0 ms]
      [Redirty Cards: 0.1 ms]
      [Humongous Register: 0.0 ms]
      [Humongous Reclaim: 0.0 ms]
      [Free CSet: 0.0 ms]
   [Eden: 79.0M(79.0M)->0.0B(79.0M) Survivors: 1024.0K->1024.0K Heap: 227.7M(256.0M)->148.6M(256.0M)]
 [Times: user=0.02 sys=0.00, real=0.01 secs] 
2020-04-13T16:06:59.963+0800: 1402.914: [GC concurrent-root-region-scan-start]
2020-04-13T16:06:59.966+0800: 1402.917: [GC concurrent-root-region-scan-end, 0.0027887 secs]
2020-04-13T16:06:59.966+0800: 1402.917: [GC concurrent-mark-start]
2020-04-13T16:06:59.993+0800: 1402.944: [GC concurrent-mark-end, 0.0273377 secs]
2020-04-13T16:06:59.994+0800: 1402.945: [GC remark 2020-04-13T16:06:59.994+0800: 1402.945: [Finalize Marking, 0.0002664 secs] 2020-04-13T16:06:59.994+0800: 1402.945: [GC ref-proc, 0.0000636 secs] 2020-04-13T16:06:59.994+0800: 1402.945: [Unloading, 0.0037616 secs], 0.0059912 secs]
 [Times: user=0.01 sys=0.00, real=0.01 secs] 
2020-04-13T16:07:00.000+0800: 1402.951: [GC cleanup 150M->150M(256M), 0.0003271 secs]
 [Times: user=0.00 sys=0.00, real=0.00 secs] 
2020-04-13T16:07:01.296+0800: 1404.247: [GC pause (G1 Evacuation Pause) (young), 0.0046089 secs]
   [Parallel Time: 4.1 ms, GC Workers: 4]
      [GC Worker Start (ms): Min: 1404247.0, Avg: 1404247.0, Max: 1404247.0, Diff: 0.0]
      [Ext Root Scanning (ms): Min: 0.3, Avg: 0.4, Max: 0.5, Diff: 0.2, Sum: 1.5]
      [Update RS (ms): Min: 1.8, Avg: 2.1, Max: 2.7, Diff: 0.9, Sum: 8.5]
         [Processed Buffers: Min: 3, Avg: 8.0, Max: 11, Diff: 8, Sum: 32]
      [Scan RS (ms): Min: 0.0, Avg: 0.5, Max: 0.7, Diff: 0.7, Sum: 1.9]
      [Code Root Scanning (ms): Min: 0.0, Avg: 0.0, Max: 0.0, Diff: 0.0, Sum: 0.0]
      [Object Copy (ms): Min: 0.9, Avg: 1.0, Max: 1.1, Diff: 0.1, Sum: 4.1]
      [Termination (ms): Min: 0.0, Avg: 0.0, Max: 0.0, Diff: 0.0, Sum: 0.0]
         [Termination Attempts: Min: 1, Avg: 1.0, Max: 1, Diff: 0, Sum: 4]
      [GC Worker Other (ms): Min: 0.0, Avg: 0.0, Max: 0.0, Diff: 0.0, Sum: 0.1]
      [GC Worker Total (ms): Min: 4.0, Avg: 4.0, Max: 4.1, Diff: 0.0, Sum: 16.2]
      [GC Worker End (ms): Min: 1404251.1, Avg: 1404251.1, Max: 1404251.1, Diff: 0.0]
   [Code Root Fixup: 0.1 ms]
   [Code Root Purge: 0.0 ms]
   [Clear CT: 0.1 ms]
   [Other: 0.3 ms]
      [Choose CSet: 0.0 ms]
      [Ref Proc: 0.2 ms]
      [Ref Enq: 0.0 ms]
      [Redirty Cards: 0.0 ms]
      [Humongous Register: 0.0 ms]
      [Humongous Reclaim: 0.0 ms]
      [Free CSet: 0.0 ms]
   [Eden: 79.0M(79.0M)->0.0B(79.0M) Survivors: 1024.0K->1024.0K Heap: 227.6M(256.0M)->148.7M(256.0M)]
 [Times: user=0.01 sys=0.00, real=0.01 secs] 
2020-04-13T16:07:02.593+0800: 1405.544: [GC pause (G1 Evacuation Pause) (young), 0.0039896 secs]
   [Parallel Time: 3.6 ms, GC Workers: 4]
      [GC Worker Start (ms): Min: 1405543.8, Avg: 1405543.8, Max: 1405543.9, Diff: 0.0]
      [Ext Root Scanning (ms): Min: 0.3, Avg: 0.4, Max: 0.5, Diff: 0.2, Sum: 1.5]
      [Update RS (ms): Min: 1.2, Avg: 1.5, Max: 1.6, Diff: 0.4, Sum: 6.0]
         [Processed Buffers: Min: 4, Avg: 7.5, Max: 11, Diff: 7, Sum: 30]
      [Scan RS (ms): Min: 0.6, Avg: 0.6, Max: 0.8, Diff: 0.2, Sum: 2.5]
      [Code Root Scanning (ms): Min: 0.0, Avg: 0.0, Max: 0.0, Diff: 0.0, Sum: 0.0]
      [Object Copy (ms): Min: 1.0, Avg: 1.1, Max: 1.1, Diff: 0.1, Sum: 4.3]
      [Termination (ms): Min: 0.0, Avg: 0.0, Max: 0.0, Diff: 0.0, Sum: 0.0]
         [Termination Attempts: Min: 1, Avg: 1.0, Max: 1, Diff: 0, Sum: 4]
      [GC Worker Other (ms): Min: 0.0, Avg: 0.0, Max: 0.0, Diff: 0.0, Sum: 0.1]
      [GC Worker Total (ms): Min: 3.6, Avg: 3.6, Max: 3.6, Diff: 0.0, Sum: 14.4]
      [GC Worker End (ms): Min: 1405547.4, Avg: 1405547.4, Max: 1405547.4, Diff: 0.0]
   [Code Root Fixup: 0.0 ms]
   [Code Root Purge: 0.0 ms]
   [Clear CT: 0.0 ms]
   [Other: 0.3 ms]
      [Choose CSet: 0.0 ms]
      [Ref Proc: 0.1 ms]
      [Ref Enq: 0.0 ms]
      [Redirty Cards: 0.1 ms]
      [Humongous Register: 0.0 ms]
      [Humongous Reclaim: 0.0 ms]
      [Free CSet: 0.0 ms]
   [Eden: 79.0M(79.0M)->0.0B(78.0M) Survivors: 1024.0K->1024.0K Heap: 227.7M(256.0M)->148.7M(256.0M)]
 [Times: user=0.01 sys=0.00, real=0.00 secs] 
2020-04-13T16:07:04.000+0800: 1406.951: [GC pause (G1 Evacuation Pause) (young) (initial-mark), 0.0070398 secs]
   [Parallel Time: 6.1 ms, GC Workers: 4]
      [GC Worker Start (ms): Min: 1406951.3, Avg: 1406951.3, Max: 1406951.4, Diff: 0.0]
      [Ext Root Scanning (ms): Min: 0.6, Avg: 0.6, Max: 0.6, Diff: 0.0, Sum: 2.3]
      [Update RS (ms): Min: 1.4, Avg: 1.6, Max: 1.7, Diff: 0.3, Sum: 6.3]
         [Processed Buffers: Min: 5, Avg: 8.5, Max: 13, Diff: 8, Sum: 34]
      [Scan RS (ms): Min: 0.6, Avg: 0.6, Max: 0.7, Diff: 0.1, Sum: 2.6]
      [Code Root Scanning (ms): Min: 0.0, Avg: 0.0, Max: 0.0, Diff: 0.0, Sum: 0.0]
      [Object Copy (ms): Min: 1.8, Avg: 2.2, Max: 2.8, Diff: 1.0, Sum: 8.7]
      [Termination (ms): Min: 0.0, Avg: 0.8, Max: 1.3, Diff: 1.3, Sum: 3.2]
         [Termination Attempts: Min: 1, Avg: 1.0, Max: 1, Diff: 0, Sum: 4]
      [GC Worker Other (ms): Min: 0.0, Avg: 0.0, Max: 0.0, Diff: 0.0, Sum: 0.0]
      [GC Worker Total (ms): Min: 5.6, Avg: 5.8, Max: 6.0, Diff: 0.4, Sum: 23.1]
      [GC Worker End (ms): Min: 1406957.0, Avg: 1406957.1, Max: 1406957.4, Diff: 0.4]
   [Code Root Fixup: 0.0 ms]
   [Code Root Purge: 0.0 ms]
   [Clear CT: 0.0 ms]
   [Other: 0.9 ms]
      [Choose CSet: 0.0 ms]
      [Ref Proc: 0.7 ms]
      [Ref Enq: 0.0 ms]
      [Redirty Cards: 0.1 ms]
      [Humongous Register: 0.0 ms]
      [Humongous Reclaim: 0.0 ms]
      [Free CSet: 0.0 ms]
   [Eden: 78.0M(78.0M)->0.0B(78.0M) Survivors: 1024.0K->1024.0K Heap: 226.7M(256.0M)->148.8M(256.0M)]
 [Times: user=0.02 sys=0.00, real=0.00 secs] 
2020-04-13T16:07:04.007+0800: 1406.958: [GC concurrent-root-region-scan-start]
2020-04-13T16:07:04.010+0800: 1406.961: [GC concurrent-root-region-scan-end, 0.0030113 secs]
2020-04-13T16:07:04.010+0800: 1406.961: [GC concurrent-mark-start]
2020-04-13T16:07:04.034+0800: 1406.985: [GC concurrent-mark-end, 0.0237685 secs]
2020-04-13T16:07:04.034+0800: 1406.985: [GC remark 2020-04-13T16:07:04.034+0800: 1406.985: [Finalize Marking, 0.0001609 secs] 2020-04-13T16:07:04.035+0800: 1406.986: [GC ref-proc, 0.0000837 secs] 2020-04-13T16:07:04.035+0800: 1406.986: [Unloading, 0.0052867 secs], 0.0072418 secs]
 [Times: user=0.01 sys=0.00, real=0.01 secs] 
2020-04-13T16:07:04.042+0800: 1406.993: [GC cleanup 150M->150M(256M), 0.0003194 secs]
 [Times: user=0.00 sys=0.01, real=0.00 secs] 
2020-04-13T16:07:05.264+0800: 1408.215: [GC pause (G1 Evacuation Pause) (young), 0.0062967 secs]
   [Parallel Time: 4.7 ms, GC Workers: 4]
      [GC Worker Start (ms): Min: 1408215.2, Avg: 1408215.3, Max: 1408215.3, Diff: 0.1]
      [Ext Root Scanning (ms): Min: 0.3, Avg: 0.4, Max: 0.5, Diff: 0.2, Sum: 1.5]
      [Update RS (ms): Min: 1.5, Avg: 1.6, Max: 1.7, Diff: 0.2, Sum: 6.4]
         [Processed Buffers: Min: 5, Avg: 8.2, Max: 10, Diff: 5, Sum: 33]
      [Scan RS (ms): Min: 0.5, Avg: 0.6, Max: 0.6, Diff: 0.1, Sum: 2.2]
      [Code Root Scanning (ms): Min: 0.0, Avg: 0.0, Max: 0.0, Diff: 0.0, Sum: 0.0]
      [Object Copy (ms): Min: 1.3, Avg: 1.5, Max: 2.0, Diff: 0.8, Sum: 6.0]
      [Termination (ms): Min: 0.0, Avg: 0.5, Max: 0.7, Diff: 0.7, Sum: 2.1]
         [Termination Attempts: Min: 1, Avg: 1.5, Max: 2, Diff: 1, Sum: 6]
      [GC Worker Other (ms): Min: 0.0, Avg: 0.0, Max: 0.0, Diff: 0.0, Sum: 0.0]
      [GC Worker Total (ms): Min: 4.6, Avg: 4.6, Max: 4.6, Diff: 0.1, Sum: 18.3]
      [GC Worker End (ms): Min: 1408219.8, Avg: 1408219.8, Max: 1408219.9, Diff: 0.1]
   [Code Root Fixup: 0.0 ms]
   [Code Root Purge: 0.0 ms]
   [Clear CT: 0.1 ms]
   [Other: 1.5 ms]
      [Choose CSet: 0.0 ms]
      [Ref Proc: 1.3 ms]
      [Ref Enq: 0.0 ms]
      [Redirty Cards: 0.1 ms]
      [Humongous Register: 0.0 ms]
      [Humongous Reclaim: 0.0 ms]
      [Free CSet: 0.0 ms]
   [Eden: 78.0M(78.0M)->0.0B(11.0M) Survivors: 1024.0K->1024.0K Heap: 226.8M(256.0M)->149.1M(256.0M)]
 [Times: user=0.02 sys=0.00, real=0.01 secs] 
2020-04-13T16:07:05.454+0800: 1408.405: [GC pause (G1 Evacuation Pause) (mixed), 0.0058523 secs]
   [Parallel Time: 5.5 ms, GC Workers: 4]
      [GC Worker Start (ms): Min: 1408405.2, Avg: 1408405.3, Max: 1408405.3, Diff: 0.0]
      [Ext Root Scanning (ms): Min: 0.3, Avg: 0.4, Max: 0.5, Diff: 0.1, Sum: 1.6]
      [Update RS (ms): Min: 1.7, Avg: 2.1, Max: 3.2, Diff: 1.6, Sum: 8.6]
         [Processed Buffers: Min: 1, Avg: 7.5, Max: 15, Diff: 14, Sum: 30]
      [Scan RS (ms): Min: 0.3, Avg: 1.6, Max: 2.6, Diff: 2.4, Sum: 6.3]
      [Code Root Scanning (ms): Min: 0.0, Avg: 0.0, Max: 0.0, Diff: 0.0, Sum: 0.0]
      [Object Copy (ms): Min: 0.5, Avg: 1.2, Max: 1.5, Diff: 0.9, Sum: 4.9]
      [Termination (ms): Min: 0.0, Avg: 0.0, Max: 0.0, Diff: 0.0, Sum: 0.0]
         [Termination Attempts: Min: 1, Avg: 1.0, Max: 1, Diff: 0, Sum: 4]
      [GC Worker Other (ms): Min: 0.0, Avg: 0.1, Max: 0.1, Diff: 0.1, Sum: 0.2]
      [GC Worker Total (ms): Min: 5.4, Avg: 5.4, Max: 5.4, Diff: 0.1, Sum: 21.6]
      [GC Worker End (ms): Min: 1408410.6, Avg: 1408410.7, Max: 1408410.7, Diff: 0.1]
   [Code Root Fixup: 0.0 ms]
   [Code Root Purge: 0.0 ms]
   [Clear CT: 0.0 ms]
   [Other: 0.3 ms]
      [Choose CSet: 0.0 ms]
      [Ref Proc: 0.1 ms]
      [Ref Enq: 0.0 ms]
      [Redirty Cards: 0.1 ms]
      [Humongous Register: 0.0 ms]
      [Humongous Reclaim: 0.0 ms]
      [Free CSet: 0.0 ms]
   [Eden: 11.0M(11.0M)->0.0B(79.0M) Survivors: 1024.0K->1024.0K Heap: 160.1M(256.0M)->147.7M(256.0M)]
 [Times: user=0.02 sys=0.00, real=0.01 secs] 
2020-04-13T16:07:06.751+0800: 1409.702: [GC pause (G1 Evacuation Pause) (young), 0.0038698 secs]
   [Parallel Time: 3.5 ms, GC Workers: 4]
      [GC Worker Start (ms): Min: 1409702.2, Avg: 1409702.2, Max: 1409702.2, Diff: 0.0]
      [Ext Root Scanning (ms): Min: 0.3, Avg: 0.4, Max: 0.5, Diff: 0.2, Sum: 1.5]
      [Update RS (ms): Min: 1.7, Avg: 1.8, Max: 1.8, Diff: 0.1, Sum: 7.0]
         [Processed Buffers: Min: 4, Avg: 7.5, Max: 10, Diff: 6, Sum: 30]
      [Scan RS (ms): Min: 0.3, Avg: 0.4, Max: 0.4, Diff: 0.1, Sum: 1.4]
      [Code Root Scanning (ms): Min: 0.0, Avg: 0.0, Max: 0.0, Diff: 0.0, Sum: 0.0]
      [Object Copy (ms): Min: 0.8, Avg: 0.9, Max: 0.9, Diff: 0.1, Sum: 3.7]
      [Termination (ms): Min: 0.0, Avg: 0.0, Max: 0.0, Diff: 0.0, Sum: 0.0]
         [Termination Attempts: Min: 1, Avg: 1.0, Max: 1, Diff: 0, Sum: 4]
      [GC Worker Other (ms): Min: 0.0, Avg: 0.0, Max: 0.0, Diff: 0.0, Sum: 0.1]
      [GC Worker Total (ms): Min: 3.4, Avg: 3.4, Max: 3.4, Diff: 0.0, Sum: 13.6]
      [GC Worker End (ms): Min: 1409705.6, Avg: 1409705.6, Max: 1409705.6, Diff: 0.0]
   [Code Root Fixup: 0.0 ms]
   [Code Root Purge: 0.0 ms]
   [Clear CT: 0.1 ms]
   [Other: 0.3 ms]
      [Choose CSet: 0.0 ms]
      [Ref Proc: 0.1 ms]
      [Ref Enq: 0.0 ms]
      [Redirty Cards: 0.1 ms]
      [Humongous Register: 0.0 ms]
      [Humongous Reclaim: 0.0 ms]
      [Free CSet: 0.0 ms]
   [Eden: 79.0M(79.0M)->0.0B(79.0M) Survivors: 1024.0K->1024.0K Heap: 226.7M(256.0M)->148.1M(256.0M)]
 [Times: user=0.02 sys=0.00, real=0.00 secs] 
2020-04-13T16:07:08.018+0800: 1410.969: [GC pause (G1 Evacuation Pause) (young) (initial-mark), 0.0056351 secs]
   [Parallel Time: 5.3 ms, GC Workers: 4]
      [GC Worker Start (ms): Min: 1410968.9, Avg: 1410968.9, Max: 1410969.0, Diff: 0.1]
      [Ext Root Scanning (ms): Min: 0.7, Avg: 0.7, Max: 0.8, Diff: 0.1, Sum: 2.8]
      [Update RS (ms): Min: 1.4, Avg: 1.7, Max: 1.8, Diff: 0.4, Sum: 6.8]
         [Processed Buffers: Min: 4, Avg: 8.2, Max: 13, Diff: 9, Sum: 33]
      [Scan RS (ms): Min: 0.3, Avg: 0.9, Max: 2.3, Diff: 2.0, Sum: 3.4]
      [Code Root Scanning (ms): Min: 0.0, Avg: 0.0, Max: 0.0, Diff: 0.0, Sum: 0.0]
      [Object Copy (ms): Min: 0.1, Avg: 1.0, Max: 1.3, Diff: 1.2, Sum: 4.0]
      [Termination (ms): Min: 0.0, Avg: 0.6, Max: 1.0, Diff: 1.0, Sum: 2.2]
         [Termination Attempts: Min: 1, Avg: 2.0, Max: 3, Diff: 2, Sum: 8]
      [GC Worker Other (ms): Min: 0.0, Avg: 0.0, Max: 0.1, Diff: 0.1, Sum: 0.1]
      [GC Worker Total (ms): Min: 4.6, Avg: 4.8, Max: 5.2, Diff: 0.6, Sum: 19.4]
      [GC Worker End (ms): Min: 1410973.7, Avg: 1410973.8, Max: 1410974.1, Diff: 0.4]
   [Code Root Fixup: 0.0 ms]
   [Code Root Purge: 0.0 ms]
   [Clear CT: 0.0 ms]
   [Other: 0.3 ms]
      [Choose CSet: 0.0 ms]
      [Ref Proc: 0.1 ms]
      [Ref Enq: 0.0 ms]
      [Redirty Cards: 0.1 ms]
      [Humongous Register: 0.0 ms]
      [Humongous Reclaim: 0.0 ms]
      [Free CSet: 0.0 ms]
   [Eden: 79.0M(79.0M)->0.0B(79.0M) Survivors: 1024.0K->1024.0K Heap: 227.1M(256.0M)->148.0M(256.0M)]
 [Times: user=0.01 sys=0.00, real=0.01 secs] 
2020-04-13T16:07:08.024+0800: 1410.975: [GC concurrent-root-region-scan-start]
2020-04-13T16:07:08.026+0800: 1410.977: [GC concurrent-root-region-scan-end, 0.0020925 secs]
2020-04-13T16:07:08.026+0800: 1410.977: [GC concurrent-mark-start]
2020-04-13T16:07:08.052+0800: 1411.002: [GC concurrent-mark-end, 0.0258034 secs]
2020-04-13T16:07:08.052+0800: 1411.003: [GC remark 2020-04-13T16:07:08.052+0800: 1411.003: [Finalize Marking, 0.0002068 secs] 2020-04-13T16:07:08.052+0800: 1411.003: [GC ref-proc, 0.0000773 secs] 2020-04-13T16:07:08.052+0800: 1411.003: [Unloading, 0.0035707 secs], 0.0052401 secs]
 [Times: user=0.01 sys=0.00, real=0.00 secs] 
2020-04-13T16:07:08.057+0800: 1411.008: [GC cleanup 149M->149M(256M), 0.0002808 secs]
 [Times: user=0.00 sys=0.00, real=0.00 secs] 
2020-04-13T16:07:09.427+0800: 1412.378: [GC pause (G1 Evacuation Pause) (young), 0.0056149 secs]
   [Parallel Time: 4.7 ms, GC Workers: 4]
      [GC Worker Start (ms): Min: 1412378.4, Avg: 1412378.4, Max: 1412378.4, Diff: 0.1]
      [Ext Root Scanning (ms): Min: 0.5, Avg: 0.7, Max: 1.2, Diff: 0.7, Sum: 2.8]
      [Update RS (ms): Min: 2.1, Avg: 2.6, Max: 2.8, Diff: 0.7, Sum: 10.2]
         [Processed Buffers: Min: 1, Avg: 9.5, Max: 18, Diff: 17, Sum: 38]
      [Scan RS (ms): Min: 0.2, Avg: 0.3, Max: 0.4, Diff: 0.1, Sum: 1.1]
      [Code Root Scanning (ms): Min: 0.0, Avg: 0.0, Max: 0.0, Diff: 0.0, Sum: 0.0]
      [Object Copy (ms): Min: 1.0, Avg: 1.0, Max: 1.0, Diff: 0.1, Sum: 4.0]
      [Termination (ms): Min: 0.0, Avg: 0.0, Max: 0.0, Diff: 0.0, Sum: 0.0]
         [Termination Attempts: Min: 1, Avg: 1.0, Max: 1, Diff: 0, Sum: 4]
      [GC Worker Other (ms): Min: 0.0, Avg: 0.0, Max: 0.0, Diff: 0.0, Sum: 0.1]
      [GC Worker Total (ms): Min: 4.5, Avg: 4.6, Max: 4.6, Diff: 0.1, Sum: 18.2]
      [GC Worker End (ms): Min: 1412382.9, Avg: 1412382.9, Max: 1412382.9, Diff: 0.0]
   [Code Root Fixup: 0.1 ms]
   [Code Root Purge: 0.0 ms]
   [Clear CT: 0.0 ms]
   [Other: 0.8 ms]
      [Choose CSet: 0.0 ms]
      [Ref Proc: 0.5 ms]
      [Ref Enq: 0.0 ms]
      [Redirty Cards: 0.0 ms]
      [Humongous Register: 0.0 ms]
      [Humongous Reclaim: 0.0 ms]
      [Free CSet: 0.0 ms]
   [Eden: 79.0M(79.0M)->0.0B(79.0M) Survivors: 1024.0K->1024.0K Heap: 227.0M(256.0M)->148.3M(256.0M)]
 [Times: user=0.01 sys=0.01, real=0.01 secs] 
2020-04-13T16:07:10.711+0800: 1413.662: [GC pause (G1 Evacuation Pause) (young), 0.0046073 secs]
   [Parallel Time: 4.1 ms, GC Workers: 4]
      [GC Worker Start (ms): Min: 1413661.8, Avg: 1413661.8, Max: 1413661.8, Diff: 0.0]
      [Ext Root Scanning (ms): Min: 0.5, Avg: 0.5, Max: 0.6, Diff: 0.1, Sum: 2.2]
      [Update RS (ms): Min: 1.6, Avg: 1.7, Max: 1.8, Diff: 0.2, Sum: 6.8]
         [Processed Buffers: Min: 4, Avg: 7.8, Max: 17, Diff: 13, Sum: 31]
      [Scan RS (ms): Min: 0.3, Avg: 0.4, Max: 0.4, Diff: 0.1, Sum: 1.5]
      [Code Root Scanning (ms): Min: 0.0, Avg: 0.0, Max: 0.0, Diff: 0.0, Sum: 0.0]
      [Object Copy (ms): Min: 0.9, Avg: 1.1, Max: 1.3, Diff: 0.4, Sum: 4.5]
      [Termination (ms): Min: 0.0, Avg: 0.2, Max: 0.4, Diff: 0.4, Sum: 0.9]
         [Termination Attempts: Min: 1, Avg: 1.0, Max: 1, Diff: 0, Sum: 4]
      [GC Worker Other (ms): Min: 0.0, Avg: 0.0, Max: 0.0, Diff: 0.0, Sum: 0.0]
      [GC Worker Total (ms): Min: 3.9, Avg: 4.0, Max: 4.0, Diff: 0.1, Sum: 15.8]
      [GC Worker End (ms): Min: 1413665.7, Avg: 1413665.8, Max: 1413665.8, Diff: 0.1]
   [Code Root Fixup: 0.0 ms]
   [Code Root Purge: 0.0 ms]
   [Clear CT: 0.0 ms]
   [Other: 0.4 ms]
      [Choose CSet: 0.0 ms]
      [Ref Proc: 0.2 ms]
      [Ref Enq: 0.0 ms]
      [Redirty Cards: 0.1 ms]
      [Humongous Register: 0.0 ms]
      [Humongous Reclaim: 0.0 ms]
      [Free CSet: 0.0 ms]
   [Eden: 79.0M(79.0M)->0.0B(79.0M) Survivors: 1024.0K->1024.0K Heap: 227.3M(256.0M)->148.0M(256.0M)]
 [Times: user=0.01 sys=0.00, real=0.00 secs] 
2020-04-13T16:07:12.104+0800: 1415.055: [GC pause (G1 Evacuation Pause) (young) (initial-mark), 0.0041521 secs]
   [Parallel Time: 3.8 ms, GC Workers: 4]
      [GC Worker Start (ms): Min: 1415054.6, Avg: 1415054.7, Max: 1415054.7, Diff: 0.1]
      [Ext Root Scanning (ms): Min: 0.5, Avg: 0.6, Max: 0.6, Diff: 0.1, Sum: 2.3]
      [Update RS (ms): Min: 1.7, Avg: 1.8, Max: 1.8, Diff: 0.1, Sum: 7.0]
         [Processed Buffers: Min: 4, Avg: 8.0, Max: 14, Diff: 10, Sum: 32]
      [Scan RS (ms): Min: 0.4, Avg: 0.4, Max: 0.5, Diff: 0.1, Sum: 1.6]
      [Code Root Scanning (ms): Min: 0.0, Avg: 0.0, Max: 0.0, Diff: 0.0, Sum: 0.0]
      [Object Copy (ms): Min: 0.9, Avg: 0.9, Max: 1.0, Diff: 0.2, Sum: 3.7]
      [Termination (ms): Min: 0.0, Avg: 0.0, Max: 0.0, Diff: 0.0, Sum: 0.0]
         [Termination Attempts: Min: 1, Avg: 1.0, Max: 1, Diff: 0, Sum: 4]
      [GC Worker Other (ms): Min: 0.0, Avg: 0.0, Max: 0.0, Diff: 0.0, Sum: 0.1]
      [GC Worker Total (ms): Min: 3.6, Avg: 3.7, Max: 3.7, Diff: 0.1, Sum: 14.7]
      [GC Worker End (ms): Min: 1415058.3, Avg: 1415058.3, Max: 1415058.3, Diff: 0.0]
   [Code Root Fixup: 0.0 ms]
   [Code Root Purge: 0.0 ms]
   [Clear CT: 0.1 ms]
   [Other: 0.3 ms]
      [Choose CSet: 0.0 ms]
      [Ref Proc: 0.1 ms]
      [Ref Enq: 0.0 ms]
      [Redirty Cards: 0.1 ms]
      [Humongous Register: 0.0 ms]
      [Humongous Reclaim: 0.0 ms]
      [Free CSet: 0.0 ms]
   [Eden: 79.0M(79.0M)->0.0B(79.0M) Survivors: 1024.0K->1024.0K Heap: 227.0M(256.0M)->148.3M(256.0M)]
 [Times: user=0.01 sys=0.00, real=0.00 secs] 
2020-04-13T16:07:12.108+0800: 1415.059: [GC concurrent-root-region-scan-start]
2020-04-13T16:07:12.111+0800: 1415.062: [GC concurrent-root-region-scan-end, 0.0030571 secs]
2020-04-13T16:07:12.111+0800: 1415.062: [GC concurrent-mark-start]
2020-04-13T16:07:12.137+0800: 1415.088: [GC concurrent-mark-end, 0.0259156 secs]
2020-04-13T16:07:12.137+0800: 1415.088: [GC remark 2020-04-13T16:07:12.137+0800: 1415.088: [Finalize Marking, 0.0001356 secs] 2020-04-13T16:07:12.137+0800: 1415.088: [GC ref-proc, 0.0000820 secs] 2020-04-13T16:07:12.138+0800: 1415.088: [Unloading, 0.0040275 secs], 0.0055804 secs]
 [Times: user=0.01 sys=0.00, real=0.01 secs] 
2020-04-13T16:07:12.143+0800: 1415.094: [GC cleanup 150M->150M(256M), 0.0003256 secs]
 [Times: user=0.00 sys=0.00, real=0.00 secs] 
2020-04-13T16:07:13.460+0800: 1416.411: [GC pause (G1 Evacuation Pause) (young), 0.0039401 secs]
   [Parallel Time: 3.5 ms, GC Workers: 4]
      [GC Worker Start (ms): Min: 1416410.7, Avg: 1416410.7, Max: 1416410.7, Diff: 0.0]
      [Ext Root Scanning (ms): Min: 0.3, Avg: 0.4, Max: 0.5, Diff: 0.2, Sum: 1.5]
      [Update RS (ms): Min: 1.6, Avg: 1.8, Max: 1.9, Diff: 0.2, Sum: 7.1]
         [Processed Buffers: Min: 5, Avg: 8.5, Max: 18, Diff: 13, Sum: 34]
      [Scan RS (ms): Min: 0.2, Avg: 0.3, Max: 0.4, Diff: 0.2, Sum: 1.3]
      [Code Root Scanning (ms): Min: 0.0, Avg: 0.0, Max: 0.0, Diff: 0.0, Sum: 0.0]
      [Object Copy (ms): Min: 0.9, Avg: 0.9, Max: 0.9, Diff: 0.1, Sum: 3.6]
      [Termination (ms): Min: 0.0, Avg: 0.0, Max: 0.0, Diff: 0.0, Sum: 0.0]
         [Termination Attempts: Min: 1, Avg: 1.0, Max: 1, Diff: 0, Sum: 4]
      [GC Worker Other (ms): Min: 0.0, Avg: 0.0, Max: 0.0, Diff: 0.0, Sum: 0.0]
      [GC Worker Total (ms): Min: 3.4, Avg: 3.4, Max: 3.4, Diff: 0.0, Sum: 13.6]
      [GC Worker End (ms): Min: 1416414.1, Avg: 1416414.1, Max: 1416414.1, Diff: 0.0]
   [Code Root Fixup: 0.0 ms]
   [Code Root Purge: 0.0 ms]
   [Clear CT: 0.0 ms]
   [Other: 0.4 ms]
      [Choose CSet: 0.0 ms]
      [Ref Proc: 0.2 ms]
      [Ref Enq: 0.0 ms]
      [Redirty Cards: 0.1 ms]
      [Humongous Register: 0.0 ms]
      [Humongous Reclaim: 0.0 ms]
      [Free CSet: 0.0 ms]
   [Eden: 79.0M(79.0M)->0.0B(79.0M) Survivors: 1024.0K->1024.0K Heap: 227.3M(256.0M)->148.1M(256.0M)]
 [Times: user=0.01 sys=0.00, real=0.00 secs] 
2020-04-13T16:07:14.820+0800: 1417.771: [GC pause (G1 Evacuation Pause) (young), 0.0057949 secs]
   [Parallel Time: 4.8 ms, GC Workers: 4]
      [GC Worker Start (ms): Min: 1417771.0, Avg: 1417771.2, Max: 1417771.7, Diff: 0.7]
      [Ext Root Scanning (ms): Min: 0.0, Avg: 0.4, Max: 0.6, Diff: 0.6, Sum: 1.6]
      [Update RS (ms): Min: 2.2, Avg: 2.7, Max: 4.0, Diff: 1.8, Sum: 10.8]
         [Processed Buffers: Min: 1, Avg: 8.8, Max: 14, Diff: 13, Sum: 35]
      [Scan RS (ms): Min: 0.0, Avg: 0.2, Max: 0.3, Diff: 0.3, Sum: 0.8]
      [Code Root Scanning (ms): Min: 0.0, Avg: 0.0, Max: 0.0, Diff: 0.0, Sum: 0.0]
      [Object Copy (ms): Min: 0.0, Avg: 0.9, Max: 1.2, Diff: 1.2, Sum: 3.4]
      [Termination (ms): Min: 0.0, Avg: 0.3, Max: 0.5, Diff: 0.5, Sum: 1.1]
         [Termination Attempts: Min: 1, Avg: 2.2, Max: 4, Diff: 3, Sum: 9]
      [GC Worker Other (ms): Min: 0.0, Avg: 0.0, Max: 0.0, Diff: 0.0, Sum: 0.0]
      [GC Worker Total (ms): Min: 3.9, Avg: 4.4, Max: 4.6, Diff: 0.7, Sum: 17.6]
      [GC Worker End (ms): Min: 1417775.6, Avg: 1417775.6, Max: 1417775.6, Diff: 0.0]
   [Code Root Fixup: 0.1 ms]
   [Code Root Purge: 0.0 ms]
   [Clear CT: 0.0 ms]
   [Other: 0.9 ms]
      [Choose CSet: 0.0 ms]
      [Ref Proc: 0.7 ms]
      [Ref Enq: 0.0 ms]
      [Redirty Cards: 0.0 ms]
      [Humongous Register: 0.0 ms]
      [Humongous Reclaim: 0.0 ms]
      [Free CSet: 0.0 ms]
   [Eden: 79.0M(79.0M)->0.0B(79.0M) Survivors: 1024.0K->1024.0K Heap: 227.1M(256.0M)->148.4M(256.0M)]
 [Times: user=0.02 sys=0.00, real=0.00 secs] 
2020-04-13T16:07:16.161+0800: 1419.111: [GC pause (G1 Evacuation Pause) (young) (initial-mark), 0.0041993 secs]
   [Parallel Time: 3.8 ms, GC Workers: 4]
      [GC Worker Start (ms): Min: 1419111.5, Avg: 1419111.5, Max: 1419111.5, Diff: 0.0]
      [Ext Root Scanning (ms): Min: 0.6, Avg: 0.6, Max: 0.7, Diff: 0.1, Sum: 2.5]
      [Update RS (ms): Min: 1.7, Avg: 1.8, Max: 1.9, Diff: 0.2, Sum: 7.3]
         [Processed Buffers: Min: 5, Avg: 7.8, Max: 11, Diff: 6, Sum: 31]
      [Scan RS (ms): Min: 0.3, Avg: 0.3, Max: 0.4, Diff: 0.2, Sum: 1.3]
      [Code Root Scanning (ms): Min: 0.0, Avg: 0.0, Max: 0.0, Diff: 0.0, Sum: 0.0]
      [Object Copy (ms): Min: 0.9, Avg: 0.9, Max: 1.0, Diff: 0.0, Sum: 3.8]
      [Termination (ms): Min: 0.0, Avg: 0.0, Max: 0.0, Diff: 0.0, Sum: 0.0]
         [Termination Attempts: Min: 1, Avg: 1.0, Max: 1, Diff: 0, Sum: 4]
      [GC Worker Other (ms): Min: 0.0, Avg: 0.0, Max: 0.0, Diff: 0.0, Sum: 0.0]
      [GC Worker Total (ms): Min: 3.7, Avg: 3.7, Max: 3.8, Diff: 0.0, Sum: 15.0]
      [GC Worker End (ms): Min: 1419115.2, Avg: 1419115.2, Max: 1419115.2, Diff: 0.0]
   [Code Root Fixup: 0.0 ms]
   [Code Root Purge: 0.0 ms]
   [Clear CT: 0.1 ms]
   [Other: 0.3 ms]
      [Choose CSet: 0.0 ms]
      [Ref Proc: 0.1 ms]
      [Ref Enq: 0.0 ms]
      [Redirty Cards: 0.1 ms]
      [Humongous Register: 0.0 ms]
      [Humongous Reclaim: 0.0 ms]
      [Free CSet: 0.0 ms]
   [Eden: 79.0M(79.0M)->0.0B(79.0M) Survivors: 1024.0K->1024.0K Heap: 227.4M(256.0M)->148.1M(256.0M)]
 [Times: user=0.01 sys=0.00, real=0.00 secs] 
2020-04-13T16:07:16.165+0800: 1419.116: [GC concurrent-root-region-scan-start]
2020-04-13T16:07:16.168+0800: 1419.119: [GC concurrent-root-region-scan-end, 0.0031299 secs]
2020-04-13T16:07:16.168+0800: 1419.119: [GC concurrent-mark-start]
2020-04-13T16:07:16.192+0800: 1419.143: [GC concurrent-mark-end, 0.0238833 secs]
2020-04-13T16:07:16.192+0800: 1419.143: [GC remark 2020-04-13T16:07:16.192+0800: 1419.143: [Finalize Marking, 0.0001294 secs] 2020-04-13T16:07:16.192+0800: 1419.143: [GC ref-proc, 0.0000672 secs] 2020-04-13T16:07:16.192+0800: 1419.143: [Unloading, 0.0040827 secs], 0.0055727 secs]
 [Times: user=0.01 sys=0.00, real=0.00 secs] 
2020-04-13T16:07:16.198+0800: 1419.149: [GC cleanup 149M->149M(256M), 0.0003817 secs]
 [Times: user=0.00 sys=0.00, real=0.00 secs] 
2020-04-13T16:07:17.528+0800: 1420.478: [GC pause (G1 Evacuation Pause) (young), 0.0043115 secs]
   [Parallel Time: 3.9 ms, GC Workers: 4]
      [GC Worker Start (ms): Min: 1420478.5, Avg: 1420478.5, Max: 1420478.5, Diff: 0.0]
      [Ext Root Scanning (ms): Min: 0.3, Avg: 0.4, Max: 0.5, Diff: 0.2, Sum: 1.5]
      [Update RS (ms): Min: 2.0, Avg: 2.3, Max: 2.9, Diff: 0.8, Sum: 9.2]
         [Processed Buffers: Min: 3, Avg: 7.5, Max: 12, Diff: 9, Sum: 30]
      [Scan RS (ms): Min: 0.0, Avg: 0.3, Max: 0.4, Diff: 0.4, Sum: 1.1]
      [Code Root Scanning (ms): Min: 0.0, Avg: 0.0, Max: 0.0, Diff: 0.0, Sum: 0.0]
      [Object Copy (ms): Min: 0.7, Avg: 0.9, Max: 1.0, Diff: 0.4, Sum: 3.6]
      [Termination (ms): Min: 0.0, Avg: 0.0, Max: 0.0, Diff: 0.0, Sum: 0.0]
         [Termination Attempts: Min: 1, Avg: 1.0, Max: 1, Diff: 0, Sum: 4]
      [GC Worker Other (ms): Min: 0.0, Avg: 0.0, Max: 0.0, Diff: 0.0, Sum: 0.0]
      [GC Worker Total (ms): Min: 3.8, Avg: 3.8, Max: 3.9, Diff: 0.0, Sum: 15.4]
      [GC Worker End (ms): Min: 1420482.3, Avg: 1420482.3, Max: 1420482.3, Diff: 0.0]
   [Code Root Fixup: 0.0 ms]
   [Code Root Purge: 0.0 ms]
   [Clear CT: 0.1 ms]
   [Other: 0.3 ms]
      [Choose CSet: 0.0 ms]
      [Ref Proc: 0.1 ms]
      [Ref Enq: 0.0 ms]
      [Redirty Cards: 0.1 ms]
      [Humongous Register: 0.0 ms]
      [Humongous Reclaim: 0.0 ms]
      [Free CSet: 0.0 ms]
   [Eden: 79.0M(79.0M)->0.0B(79.0M) Survivors: 1024.0K->1024.0K Heap: 227.1M(256.0M)->148.4M(256.0M)]
 [Times: user=0.01 sys=0.00, real=0.01 secs] 
2020-04-13T16:07:18.886+0800: 1421.837: [GC pause (G1 Evacuation Pause) (young), 0.0058879 secs]
   [Parallel Time: 5.0 ms, GC Workers: 4]
      [GC Worker Start (ms): Min: 1421836.8, Avg: 1421836.8, Max: 1421836.8, Diff: 0.1]
      [Ext Root Scanning (ms): Min: 0.4, Avg: 0.6, Max: 1.2, Diff: 0.9, Sum: 2.5]
      [Update RS (ms): Min: 2.2, Avg: 2.3, Max: 2.4, Diff: 0.1, Sum: 9.3]
         [Processed Buffers: Min: 3, Avg: 7.5, Max: 14, Diff: 11, Sum: 30]
      [Scan RS (ms): Min: 0.0, Avg: 0.8, Max: 1.8, Diff: 1.7, Sum: 3.4]
      [Code Root Scanning (ms): Min: 0.0, Avg: 0.0, Max: 0.0, Diff: 0.0, Sum: 0.0]
      [Object Copy (ms): Min: 0.3, Avg: 1.1, Max: 1.4, Diff: 1.1, Sum: 4.4]
      [Termination (ms): Min: 0.0, Avg: 0.0, Max: 0.0, Diff: 0.0, Sum: 0.0]
         [Termination Attempts: Min: 1, Avg: 1.0, Max: 1, Diff: 0, Sum: 4]
      [GC Worker Other (ms): Min: 0.0, Avg: 0.0, Max: 0.0, Diff: 0.0, Sum: 0.0]
      [GC Worker Total (ms): Min: 4.9, Avg: 4.9, Max: 4.9, Diff: 0.1, Sum: 19.6]
      [GC Worker End (ms): Min: 1421841.7, Avg: 1421841.7, Max: 1421841.7, Diff: 0.0]
   [Code Root Fixup: 0.1 ms]
   [Code Root Purge: 0.0 ms]
   [Clear CT: 0.1 ms]
   [Other: 0.7 ms]
      [Choose CSet: 0.0 ms]
      [Ref Proc: 0.3 ms]
      [Ref Enq: 0.0 ms]
      [Redirty Cards: 0.1 ms]
      [Humongous Register: 0.0 ms]
      [Humongous Reclaim: 0.0 ms]
      [Free CSet: 0.0 ms]
   [Eden: 79.0M(79.0M)->0.0B(79.0M) Survivors: 1024.0K->1024.0K Heap: 227.4M(256.0M)->148.5M(256.0M)]
 [Times: user=0.01 sys=0.00, real=0.01 secs] 
2020-04-13T16:07:20.256+0800: 1423.206: [GC pause (G1 Evacuation Pause) (young) (initial-mark), 0.0047000 secs]
   [Parallel Time: 4.3 ms, GC Workers: 4]
      [GC Worker Start (ms): Min: 1423206.5, Avg: 1423206.5, Max: 1423206.5, Diff: 0.0]
      [Ext Root Scanning (ms): Min: 0.6, Avg: 0.6, Max: 0.6, Diff: 0.1, Sum: 2.4]
      [Update RS (ms): Min: 1.3, Avg: 1.4, Max: 1.6, Diff: 0.3, Sum: 5.7]
         [Processed Buffers: Min: 4, Avg: 8.2, Max: 16, Diff: 12, Sum: 33]
      [Scan RS (ms): Min: 0.9, Avg: 1.2, Max: 1.5, Diff: 0.6, Sum: 4.9]
      [Code Root Scanning (ms): Min: 0.0, Avg: 0.0, Max: 0.0, Diff: 0.0, Sum: 0.0]
      [Object Copy (ms): Min: 0.6, Avg: 1.0, Max: 1.1, Diff: 0.6, Sum: 4.0]
      [Termination (ms): Min: 0.0, Avg: 0.0, Max: 0.0, Diff: 0.0, Sum: 0.0]
         [Termination Attempts: Min: 1, Avg: 1.0, Max: 1, Diff: 0, Sum: 4]
      [GC Worker Other (ms): Min: 0.0, Avg: 0.0, Max: 0.0, Diff: 0.0, Sum: 0.0]
      [GC Worker Total (ms): Min: 4.2, Avg: 4.3, Max: 4.3, Diff: 0.0, Sum: 17.0]
      [GC Worker End (ms): Min: 1423210.7, Avg: 1423210.7, Max: 1423210.7, Diff: 0.0]
   [Code Root Fixup: 0.1 ms]
   [Code Root Purge: 0.0 ms]
   [Clear CT: 0.0 ms]
   [Other: 0.3 ms]
      [Choose CSet: 0.0 ms]
      [Ref Proc: 0.1 ms]
      [Ref Enq: 0.0 ms]
      [Redirty Cards: 0.1 ms]
      [Humongous Register: 0.0 ms]
      [Humongous Reclaim: 0.0 ms]
      [Free CSet: 0.0 ms]
   [Eden: 79.0M(79.0M)->0.0B(79.0M) Survivors: 1024.0K->1024.0K Heap: 227.5M(256.0M)->148.3M(256.0M)]
 [Times: user=0.01 sys=0.00, real=0.01 secs] 
2020-04-13T16:07:20.260+0800: 1423.211: [GC concurrent-root-region-scan-start]
2020-04-13T16:07:20.263+0800: 1423.214: [GC concurrent-root-region-scan-end, 0.0025899 secs]
2020-04-13T16:07:20.263+0800: 1423.214: [GC concurrent-mark-start]
2020-04-13T16:07:20.292+0800: 1423.243: [GC concurrent-mark-end, 0.0293590 secs]
2020-04-13T16:07:20.293+0800: 1423.243: [GC remark 2020-04-13T16:07:20.293+0800: 1423.243: [Finalize Marking, 0.0001219 secs] 2020-04-13T16:07:20.293+0800: 1423.244: [GC ref-proc, 0.0000986 secs] 2020-04-13T16:07:20.293+0800: 1423.244: [Unloading, 0.0039437 secs], 0.0055513 secs]
 [Times: user=0.01 sys=0.00, real=0.00 secs] 
2020-04-13T16:07:20.299+0800: 1423.249: [GC cleanup 150M->150M(256M), 0.0008128 secs]
 [Times: user=0.01 sys=0.00, real=0.00 secs] 
2020-04-13T16:07:21.777+0800: 1424.728: [GC pause (G1 Evacuation Pause) (young), 0.0061983 secs]
   [Parallel Time: 5.7 ms, GC Workers: 4]
      [GC Worker Start (ms): Min: 1424728.0, Avg: 1424728.1, Max: 1424728.1, Diff: 0.1]
      [Ext Root Scanning (ms): Min: 0.4, Avg: 0.6, Max: 1.0, Diff: 0.6, Sum: 2.5]
      [Update RS (ms): Min: 1.6, Avg: 2.6, Max: 4.6, Diff: 3.0, Sum: 10.2]
         [Processed Buffers: Min: 2, Avg: 7.2, Max: 11, Diff: 9, Sum: 29]
      [Scan RS (ms): Min: 0.0, Avg: 0.5, Max: 0.7, Diff: 0.7, Sum: 2.1]
      [Code Root Scanning (ms): Min: 0.0, Avg: 0.0, Max: 0.0, Diff: 0.0, Sum: 0.0]
      [Object Copy (ms): Min: 0.1, Avg: 0.9, Max: 1.3, Diff: 1.2, Sum: 3.6]
      [Termination (ms): Min: 0.0, Avg: 0.6, Max: 1.2, Diff: 1.2, Sum: 2.4]
         [Termination Attempts: Min: 1, Avg: 16.0, Max: 35, Diff: 34, Sum: 64]
      [GC Worker Other (ms): Min: 0.0, Avg: 0.0, Max: 0.0, Diff: 0.0, Sum: 0.0]
      [GC Worker Total (ms): Min: 5.1, Avg: 5.2, Max: 5.6, Diff: 0.6, Sum: 20.9]
      [GC Worker End (ms): Min: 1424733.2, Avg: 1424733.3, Max: 1424733.7, Diff: 0.5]
   [Code Root Fixup: 0.0 ms]
   [Code Root Purge: 0.0 ms]
   [Clear CT: 0.1 ms]
   [Other: 0.4 ms]
      [Choose CSet: 0.0 ms]
      [Ref Proc: 0.2 ms]
      [Ref Enq: 0.0 ms]
      [Redirty Cards: 0.0 ms]
      [Humongous Register: 0.0 ms]
      [Humongous Reclaim: 0.0 ms]
      [Free CSet: 0.0 ms]
   [Eden: 79.0M(79.0M)->0.0B(79.0M) Survivors: 1024.0K->1024.0K Heap: 227.3M(256.0M)->148.5M(256.0M)]
 [Times: user=0.01 sys=0.00, real=0.01 secs] 
2020-04-13T16:07:23.105+0800: 1426.056: [GC pause (G1 Evacuation Pause) (young), 0.0041662 secs]
   [Parallel Time: 3.6 ms, GC Workers: 4]
      [GC Worker Start (ms): Min: 1426056.1, Avg: 1426056.2, Max: 1426056.4, Diff: 0.3]
      [Ext Root Scanning (ms): Min: 0.2, Avg: 0.4, Max: 0.6, Diff: 0.4, Sum: 1.7]
      [Update RS (ms): Min: 1.3, Avg: 1.4, Max: 1.6, Diff: 0.3, Sum: 5.7]
         [Processed Buffers: Min: 4, Avg: 7.2, Max: 11, Diff: 7, Sum: 29]
      [Scan RS (ms): Min: 0.6, Avg: 0.7, Max: 0.9, Diff: 0.3, Sum: 3.0]
      [Code Root Scanning (ms): Min: 0.0, Avg: 0.0, Max: 0.0, Diff: 0.0, Sum: 0.0]
      [Object Copy (ms): Min: 0.9, Avg: 0.9, Max: 0.9, Diff: 0.1, Sum: 3.6]
      [Termination (ms): Min: 0.0, Avg: 0.0, Max: 0.0, Diff: 0.0, Sum: 0.0]
         [Termination Attempts: Min: 1, Avg: 1.0, Max: 1, Diff: 0, Sum: 4]
      [GC Worker Other (ms): Min: 0.0, Avg: 0.0, Max: 0.0, Diff: 0.0, Sum: 0.0]
      [GC Worker Total (ms): Min: 3.3, Avg: 3.5, Max: 3.6, Diff: 0.3, Sum: 14.1]
      [GC Worker End (ms): Min: 1426059.7, Avg: 1426059.7, Max: 1426059.7, Diff: 0.0]
   [Code Root Fixup: 0.0 ms]
   [Code Root Purge: 0.0 ms]
   [Clear CT: 0.1 ms]
   [Other: 0.4 ms]
      [Choose CSet: 0.0 ms]
      [Ref Proc: 0.2 ms]
      [Ref Enq: 0.0 ms]
      [Redirty Cards: 0.1 ms]
      [Humongous Register: 0.0 ms]
      [Humongous Reclaim: 0.0 ms]
      [Free CSet: 0.0 ms]
   [Eden: 79.0M(79.0M)->0.0B(79.0M) Survivors: 1024.0K->1024.0K Heap: 227.5M(256.0M)->148.6M(256.0M)]
 [Times: user=0.01 sys=0.00, real=0.01 secs] 
2020-04-13T16:07:24.643+0800: 1427.594: [GC pause (G1 Evacuation Pause) (young) (initial-mark), 0.0084549 secs]
   [Parallel Time: 7.2 ms, GC Workers: 4]
      [GC Worker Start (ms): Min: 1427593.9, Avg: 1427594.5, Max: 1427595.0, Diff: 1.0]
      [Ext Root Scanning (ms): Min: 0.0, Avg: 0.7, Max: 1.3, Diff: 1.3, Sum: 2.8]
      [Update RS (ms): Min: 1.5, Avg: 2.3, Max: 4.4, Diff: 2.9, Sum: 9.2]
         [Processed Buffers: Min: 2, Avg: 7.8, Max: 12, Diff: 10, Sum: 31]
      [Scan RS (ms): Min: 0.0, Avg: 0.8, Max: 1.1, Diff: 1.1, Sum: 3.0]
      [Code Root Scanning (ms): Min: 0.0, Avg: 0.0, Max: 0.0, Diff: 0.0, Sum: 0.0]
      [Object Copy (ms): Min: 0.1, Avg: 1.0, Max: 1.4, Diff: 1.3, Sum: 3.9]
      [Termination (ms): Min: 0.0, Avg: 1.4, Max: 2.0, Diff: 2.0, Sum: 5.7]
         [Termination Attempts: Min: 1, Avg: 1.0, Max: 1, Diff: 0, Sum: 4]
      [GC Worker Other (ms): Min: 0.0, Avg: 0.0, Max: 0.0, Diff: 0.0, Sum: 0.0]
      [GC Worker Total (ms): Min: 5.7, Avg: 6.2, Max: 6.7, Diff: 1.0, Sum: 24.7]
      [GC Worker End (ms): Min: 1427599.7, Avg: 1427600.7, Max: 1427601.1, Diff: 1.4]
   [Code Root Fixup: 0.0 ms]
   [Code Root Purge: 0.0 ms]
   [Clear CT: 0.0 ms]
   [Other: 1.2 ms]
      [Choose CSet: 0.0 ms]
      [Ref Proc: 0.9 ms]
      [Ref Enq: 0.0 ms]
      [Redirty Cards: 0.1 ms]
      [Humongous Register: 0.0 ms]
      [Humongous Reclaim: 0.0 ms]
      [Free CSet: 0.0 ms]
   [Eden: 79.0M(79.0M)->0.0B(79.0M) Survivors: 1024.0K->1024.0K Heap: 227.6M(256.0M)->148.6M(256.0M)]
 [Times: user=0.02 sys=0.00, real=0.01 secs] 
2020-04-13T16:07:24.652+0800: 1427.602: [GC concurrent-root-region-scan-start]
2020-04-13T16:07:24.654+0800: 1427.605: [GC concurrent-root-region-scan-end, 0.0025491 secs]
2020-04-13T16:07:24.654+0800: 1427.605: [GC concurrent-mark-start]
2020-04-13T16:07:24.685+0800: 1427.635: [GC concurrent-mark-end, 0.0304624 secs]
2020-04-13T16:07:24.685+0800: 1427.636: [GC remark 2020-04-13T16:07:24.685+0800: 1427.636: [Finalize Marking, 0.0007780 secs] 2020-04-13T16:07:24.686+0800: 1427.636: [GC ref-proc, 0.0000925 secs] 2020-04-13T16:07:24.686+0800: 1427.637: [Unloading, 0.0057875 secs], 0.0086458 secs]
 [Times: user=0.02 sys=0.00, real=0.01 secs] 
2020-04-13T16:07:24.694+0800: 1427.645: [GC cleanup 150M->150M(256M), 0.0004184 secs]
 [Times: user=0.00 sys=0.00, real=0.00 secs] 
2020-04-13T16:07:26.430+0800: 1429.381: [GC pause (G1 Evacuation Pause) (young), 0.0045014 secs]
   [Parallel Time: 3.5 ms, GC Workers: 4]
      [GC Worker Start (ms): Min: 1429381.2, Avg: 1429381.2, Max: 1429381.2, Diff: 0.0]
      [Ext Root Scanning (ms): Min: 0.3, Avg: 0.3, Max: 0.4, Diff: 0.1, Sum: 1.4]
      [Update RS (ms): Min: 1.0, Avg: 1.2, Max: 1.4, Diff: 0.4, Sum: 4.7]
         [Processed Buffers: Min: 4, Avg: 7.0, Max: 12, Diff: 8, Sum: 28]
      [Scan RS (ms): Min: 0.7, Avg: 0.9, Max: 1.0, Diff: 0.3, Sum: 3.5]
      [Code Root Scanning (ms): Min: 0.0, Avg: 0.0, Max: 0.0, Diff: 0.0, Sum: 0.0]
      [Object Copy (ms): Min: 0.9, Avg: 0.9, Max: 1.0, Diff: 0.1, Sum: 3.8]
      [Termination (ms): Min: 0.0, Avg: 0.1, Max: 0.1, Diff: 0.1, Sum: 0.3]
         [Termination Attempts: Min: 1, Avg: 1.0, Max: 1, Diff: 0, Sum: 4]
      [GC Worker Other (ms): Min: 0.0, Avg: 0.0, Max: 0.0, Diff: 0.0, Sum: 0.0]
      [GC Worker Total (ms): Min: 3.4, Avg: 3.4, Max: 3.4, Diff: 0.0, Sum: 13.7]
      [GC Worker End (ms): Min: 1429384.6, Avg: 1429384.7, Max: 1429384.7, Diff: 0.0]
   [Code Root Fixup: 0.0 ms]
   [Code Root Purge: 0.0 ms]
   [Clear CT: 0.1 ms]
   [Other: 0.9 ms]
      [Choose CSet: 0.0 ms]
      [Ref Proc: 0.7 ms]
      [Ref Enq: 0.0 ms]
      [Redirty Cards: 0.1 ms]
      [Humongous Register: 0.0 ms]
      [Humongous Reclaim: 0.0 ms]
      [Free CSet: 0.0 ms]
   [Eden: 79.0M(79.0M)->0.0B(79.0M) Survivors: 1024.0K->1024.0K Heap: 227.6M(256.0M)->148.8M(256.0M)]
 [Times: user=0.02 sys=0.00, real=0.00 secs] 
2020-04-13T16:07:27.824+0800: 1430.775: [GC pause (G1 Evacuation Pause) (young), 0.0043184 secs]
   [Parallel Time: 3.9 ms, GC Workers: 4]
      [GC Worker Start (ms): Min: 1430775.1, Avg: 1430775.3, Max: 1430775.8, Diff: 0.7]
      [Ext Root Scanning (ms): Min: 0.0, Avg: 0.3, Max: 0.6, Diff: 0.6, Sum: 1.4]
      [Update RS (ms): Min: 1.2, Avg: 1.4, Max: 1.6, Diff: 0.4, Sum: 5.5]
         [Processed Buffers: Min: 3, Avg: 7.0, Max: 11, Diff: 8, Sum: 28]
      [Scan RS (ms): Min: 0.6, Avg: 0.8, Max: 1.0, Diff: 0.4, Sum: 3.3]
      [Code Root Scanning (ms): Min: 0.0, Avg: 0.0, Max: 0.0, Diff: 0.0, Sum: 0.0]
      [Object Copy (ms): Min: 1.1, Avg: 1.1, Max: 1.2, Diff: 0.1, Sum: 4.5]
      [Termination (ms): Min: 0.0, Avg: 0.0, Max: 0.0, Diff: 0.0, Sum: 0.0]
         [Termination Attempts: Min: 1, Avg: 1.0, Max: 1, Diff: 0, Sum: 4]
      [GC Worker Other (ms): Min: 0.0, Avg: 0.0, Max: 0.0, Diff: 0.0, Sum: 0.0]
      [GC Worker Total (ms): Min: 3.2, Avg: 3.7, Max: 3.9, Diff: 0.7, Sum: 14.7]
      [GC Worker End (ms): Min: 1430779.0, Avg: 1430779.0, Max: 1430779.0, Diff: 0.0]
   [Code Root Fixup: 0.0 ms]
   [Code Root Purge: 0.0 ms]
   [Clear CT: 0.0 ms]
   [Other: 0.3 ms]
      [Choose CSet: 0.0 ms]
      [Ref Proc: 0.1 ms]
      [Ref Enq: 0.0 ms]
      [Redirty Cards: 0.0 ms]
      [Humongous Register: 0.0 ms]
      [Humongous Reclaim: 0.0 ms]
      [Free CSet: 0.0 ms]
   [Eden: 79.0M(79.0M)->0.0B(79.0M) Survivors: 1024.0K->1024.0K Heap: 227.8M(256.0M)->148.5M(256.0M)]
 [Times: user=0.01 sys=0.00, real=0.00 secs] 
2020-04-13T16:07:29.337+0800: 1432.288: [GC pause (G1 Evacuation Pause) (young) (initial-mark), 0.0047828 secs]
   [Parallel Time: 4.2 ms, GC Workers: 4]
      [GC Worker Start (ms): Min: 1432288.1, Avg: 1432288.2, Max: 1432288.2, Diff: 0.0]
      [Ext Root Scanning (ms): Min: 0.6, Avg: 0.6, Max: 0.6, Diff: 0.0, Sum: 2.3]
      [Update RS (ms): Min: 1.1, Avg: 1.6, Max: 1.8, Diff: 0.8, Sum: 6.5]
         [Processed Buffers: Min: 5, Avg: 7.5, Max: 9, Diff: 4, Sum: 30]
      [Scan RS (ms): Min: 0.6, Avg: 0.7, Max: 0.8, Diff: 0.1, Sum: 2.9]
      [Code Root Scanning (ms): Min: 0.0, Avg: 0.0, Max: 0.0, Diff: 0.0, Sum: 0.0]
      [Object Copy (ms): Min: 0.9, Avg: 1.2, Max: 1.8, Diff: 0.8, Sum: 4.8]
      [Termination (ms): Min: 0.0, Avg: 0.0, Max: 0.0, Diff: 0.0, Sum: 0.0]
         [Termination Attempts: Min: 1, Avg: 1.0, Max: 1, Diff: 0, Sum: 4]
      [GC Worker Other (ms): Min: 0.0, Avg: 0.0, Max: 0.0, Diff: 0.0, Sum: 0.0]
      [GC Worker Total (ms): Min: 4.1, Avg: 4.1, Max: 4.2, Diff: 0.0, Sum: 16.5]
      [GC Worker End (ms): Min: 1432292.3, Avg: 1432292.3, Max: 1432292.3, Diff: 0.0]
   [Code Root Fixup: 0.0 ms]
   [Code Root Purge: 0.0 ms]
   [Clear CT: 0.1 ms]
   [Other: 0.4 ms]
      [Choose CSet: 0.0 ms]
      [Ref Proc: 0.3 ms]
      [Ref Enq: 0.0 ms]
      [Redirty Cards: 0.1 ms]
      [Humongous Register: 0.0 ms]
      [Humongous Reclaim: 0.0 ms]
      [Free CSet: 0.0 ms]
   [Eden: 79.0M(79.0M)->0.0B(79.0M) Survivors: 1024.0K->1024.0K Heap: 227.5M(256.0M)->148.9M(256.0M)]
 [Times: user=0.01 sys=0.00, real=0.01 secs] 
2020-04-13T16:07:29.342+0800: 1432.293: [GC concurrent-root-region-scan-start]
2020-04-13T16:07:29.345+0800: 1432.296: [GC concurrent-root-region-scan-end, 0.0025922 secs]
2020-04-13T16:07:29.345+0800: 1432.296: [GC concurrent-mark-start]
2020-04-13T16:07:29.377+0800: 1432.328: [GC concurrent-mark-end, 0.0324003 secs]
2020-04-13T16:07:29.378+0800: 1432.328: [GC remark 2020-04-13T16:07:29.378+0800: 1432.328: [Finalize Marking, 0.0042131 secs] 2020-04-13T16:07:29.382+0800: 1432.332: [GC ref-proc, 0.0000828 secs] 2020-04-13T16:07:29.382+0800: 1432.333: [Unloading, 0.0041178 secs], 0.0098734 secs]
 [Times: user=0.01 sys=0.00, real=0.01 secs] 
2020-04-13T16:07:29.388+0800: 1432.338: [GC cleanup 150M->150M(256M), 0.0003451 secs]
 [Times: user=0.00 sys=0.00, real=0.00 secs] 
2020-04-13T16:07:30.847+0800: 1433.797: [GC pause (G1 Evacuation Pause) (young), 0.0056460 secs]
   [Parallel Time: 4.9 ms, GC Workers: 4]
      [GC Worker Start (ms): Min: 1433797.5, Avg: 1433797.5, Max: 1433797.5, Diff: 0.0]
      [Ext Root Scanning (ms): Min: 0.3, Avg: 0.4, Max: 0.5, Diff: 0.2, Sum: 1.5]
      [Update RS (ms): Min: 1.3, Avg: 1.5, Max: 1.6, Diff: 0.3, Sum: 6.0]
         [Processed Buffers: Min: 5, Avg: 7.2, Max: 9, Diff: 4, Sum: 29]
      [Scan RS (ms): Min: 0.5, Avg: 0.7, Max: 1.0, Diff: 0.5, Sum: 2.9]
      [Code Root Scanning (ms): Min: 0.0, Avg: 0.0, Max: 0.0, Diff: 0.0, Sum: 0.0]
      [Object Copy (ms): Min: 0.6, Avg: 1.3, Max: 1.7, Diff: 1.1, Sum: 5.1]
      [Termination (ms): Min: 0.0, Avg: 0.5, Max: 0.7, Diff: 0.7, Sum: 1.9]
         [Termination Attempts: Min: 1, Avg: 1.2, Max: 2, Diff: 1, Sum: 5]
      [GC Worker Other (ms): Min: 0.0, Avg: 0.4, Max: 1.6, Diff: 1.6, Sum: 1.7]
      [GC Worker Total (ms): Min: 4.7, Avg: 4.8, Max: 4.8, Diff: 0.1, Sum: 19.0]
      [GC Worker End (ms): Min: 1433802.2, Avg: 1433802.3, Max: 1433802.3, Diff: 0.1]
   [Code Root Fixup: 0.0 ms]
   [Code Root Purge: 0.0 ms]
   [Clear CT: 0.1 ms]
   [Other: 0.7 ms]
      [Choose CSet: 0.0 ms]
      [Ref Proc: 0.5 ms]
      [Ref Enq: 0.0 ms]
      [Redirty Cards: 0.1 ms]
      [Humongous Register: 0.0 ms]
      [Humongous Reclaim: 0.0 ms]
      [Free CSet: 0.0 ms]
   [Eden: 79.0M(79.0M)->0.0B(78.0M) Survivors: 1024.0K->1024.0K Heap: 227.9M(256.0M)->148.8M(256.0M)]
 [Times: user=0.02 sys=0.00, real=0.01 secs] 
2020-04-13T16:07:32.267+0800: 1435.218: [GC pause (G1 Evacuation Pause) (young), 0.0147557 secs]
   [Parallel Time: 14.0 ms, GC Workers: 4]
      [GC Worker Start (ms): Min: 1435217.8, Avg: 1435217.8, Max: 1435217.8, Diff: 0.0]
      [Ext Root Scanning (ms): Min: 0.3, Avg: 0.4, Max: 0.5, Diff: 0.2, Sum: 1.5]
      [Update RS (ms): Min: 1.3, Avg: 1.6, Max: 1.7, Diff: 0.4, Sum: 6.3]
         [Processed Buffers: Min: 5, Avg: 8.2, Max: 14, Diff: 9, Sum: 33]
      [Scan RS (ms): Min: 1.6, Avg: 2.3, Max: 4.3, Diff: 2.8, Sum: 9.4]
      [Code Root Scanning (ms): Min: 0.0, Avg: 0.0, Max: 0.0, Diff: 0.0, Sum: 0.0]
      [Object Copy (ms): Min: 0.0, Avg: 1.4, Max: 1.9, Diff: 1.9, Sum: 5.7]
      [Termination (ms): Min: 0.0, Avg: 2.4, Max: 8.3, Diff: 8.3, Sum: 9.7]
         [Termination Attempts: Min: 1, Avg: 4.2, Max: 9, Diff: 8, Sum: 17]
      [GC Worker Other (ms): Min: 0.0, Avg: 0.0, Max: 0.0, Diff: 0.0, Sum: 0.0]
      [GC Worker Total (ms): Min: 6.2, Avg: 8.1, Max: 13.9, Diff: 7.7, Sum: 32.6]
      [GC Worker End (ms): Min: 1435224.0, Avg: 1435225.9, Max: 1435231.7, Diff: 7.7]
   [Code Root Fixup: 0.1 ms]
   [Code Root Purge: 0.0 ms]
   [Clear CT: 0.1 ms]
   [Other: 0.6 ms]
      [Choose CSet: 0.0 ms]
      [Ref Proc: 0.5 ms]
      [Ref Enq: 0.0 ms]
      [Redirty Cards: 0.0 ms]
      [Humongous Register: 0.0 ms]
      [Humongous Reclaim: 0.0 ms]
      [Free CSet: 0.0 ms]
   [Eden: 78.0M(78.0M)->0.0B(78.0M) Survivors: 1024.0K->1024.0K Heap: 226.8M(256.0M)->148.7M(256.0M)]
 [Times: user=0.02 sys=0.00, real=0.02 secs] 
2020-04-13T16:07:33.687+0800: 1436.638: [GC pause (G1 Evacuation Pause) (young) (initial-mark), 0.0050516 secs]
   [Parallel Time: 4.4 ms, GC Workers: 4]
      [GC Worker Start (ms): Min: 1436637.8, Avg: 1436637.8, Max: 1436637.8, Diff: 0.0]
      [Ext Root Scanning (ms): Min: 0.5, Avg: 0.6, Max: 0.6, Diff: 0.0, Sum: 2.3]
      [Update RS (ms): Min: 2.1, Avg: 2.2, Max: 2.3, Diff: 0.2, Sum: 8.8]
         [Processed Buffers: Min: 4, Avg: 8.2, Max: 14, Diff: 10, Sum: 33]
      [Scan RS (ms): Min: 0.4, Avg: 0.5, Max: 0.5, Diff: 0.1, Sum: 1.9]
      [Code Root Scanning (ms): Min: 0.0, Avg: 0.0, Max: 0.0, Diff: 0.0, Sum: 0.0]
      [Object Copy (ms): Min: 1.1, Avg: 1.1, Max: 1.1, Diff: 0.0, Sum: 4.2]
      [Termination (ms): Min: 0.0, Avg: 0.0, Max: 0.0, Diff: 0.0, Sum: 0.0]
         [Termination Attempts: Min: 1, Avg: 1.0, Max: 1, Diff: 0, Sum: 4]
      [GC Worker Other (ms): Min: 0.0, Avg: 0.0, Max: 0.0, Diff: 0.0, Sum: 0.1]
      [GC Worker Total (ms): Min: 4.3, Avg: 4.3, Max: 4.3, Diff: 0.0, Sum: 17.3]
      [GC Worker End (ms): Min: 1436642.2, Avg: 1436642.2, Max: 1436642.2, Diff: 0.0]
   [Code Root Fixup: 0.0 ms]
   [Code Root Purge: 0.0 ms]
   [Clear CT: 0.0 ms]
   [Other: 0.5 ms]
      [Choose CSet: 0.0 ms]
      [Ref Proc: 0.3 ms]
      [Ref Enq: 0.0 ms]
      [Redirty Cards: 0.1 ms]
      [Humongous Register: 0.0 ms]
      [Humongous Reclaim: 0.0 ms]
      [Free CSet: 0.0 ms]
   [Eden: 78.0M(78.0M)->0.0B(78.0M) Survivors: 1024.0K->1024.0K Heap: 226.7M(256.0M)->149.0M(256.0M)]
 [Times: user=0.02 sys=0.01, real=0.01 secs] 
2020-04-13T16:07:33.692+0800: 1436.643: [GC concurrent-root-region-scan-start]
2020-04-13T16:07:33.695+0800: 1436.646: [GC concurrent-root-region-scan-end, 0.0030044 secs]
2020-04-13T16:07:33.695+0800: 1436.646: [GC concurrent-mark-start]
2020-04-13T16:07:33.723+0800: 1436.674: [GC concurrent-mark-end, 0.0281273 secs]
2020-04-13T16:07:33.724+0800: 1436.674: [GC remark 2020-04-13T16:07:33.724+0800: 1436.674: [Finalize Marking, 0.0001564 secs] 2020-04-13T16:07:33.724+0800: 1436.675: [GC ref-proc, 0.0000665 secs] 2020-04-13T16:07:33.724+0800: 1436.675: [Unloading, 0.0036946 secs], 0.0052141 secs]
 [Times: user=0.01 sys=0.00, real=0.00 secs] 
2020-04-13T16:07:33.729+0800: 1436.680: [GC cleanup 151M->151M(256M), 0.0003812 secs]
 [Times: user=0.00 sys=0.00, real=0.01 secs] 
2020-04-13T16:07:35.354+0800: 1438.305: [GC pause (G1 Evacuation Pause) (young), 0.0042854 secs]
   [Parallel Time: 3.7 ms, GC Workers: 4]
      [GC Worker Start (ms): Min: 1438304.8, Avg: 1438304.8, Max: 1438304.8, Diff: 0.0]
      [Ext Root Scanning (ms): Min: 0.4, Avg: 0.4, Max: 0.5, Diff: 0.2, Sum: 1.6]
      [Update RS (ms): Min: 1.4, Avg: 1.5, Max: 1.6, Diff: 0.2, Sum: 6.1]
         [Processed Buffers: Min: 5, Avg: 8.2, Max: 14, Diff: 9, Sum: 33]
      [Scan RS (ms): Min: 0.6, Avg: 0.7, Max: 0.8, Diff: 0.2, Sum: 2.8]
      [Code Root Scanning (ms): Min: 0.0, Avg: 0.0, Max: 0.0, Diff: 0.0, Sum: 0.0]
      [Object Copy (ms): Min: 1.0, Avg: 1.0, Max: 1.1, Diff: 0.1, Sum: 4.2]
      [Termination (ms): Min: 0.0, Avg: 0.0, Max: 0.0, Diff: 0.0, Sum: 0.0]
         [Termination Attempts: Min: 1, Avg: 1.0, Max: 1, Diff: 0, Sum: 4]
      [GC Worker Other (ms): Min: 0.0, Avg: 0.0, Max: 0.0, Diff: 0.0, Sum: 0.0]
      [GC Worker Total (ms): Min: 3.6, Avg: 3.7, Max: 3.7, Diff: 0.0, Sum: 14.6]
      [GC Worker End (ms): Min: 1438308.4, Avg: 1438308.4, Max: 1438308.4, Diff: 0.0]
   [Code Root Fixup: 0.0 ms]
   [Code Root Purge: 0.0 ms]
   [Clear CT: 0.1 ms]
   [Other: 0.5 ms]
      [Choose CSet: 0.0 ms]
      [Ref Proc: 0.3 ms]
      [Ref Enq: 0.0 ms]
      [Redirty Cards: 0.1 ms]
      [Humongous Register: 0.0 ms]
      [Humongous Reclaim: 0.0 ms]
      [Free CSet: 0.0 ms]
   [Eden: 78.0M(78.0M)->0.0B(11.0M) Survivors: 1024.0K->1024.0K Heap: 227.0M(256.0M)->148.8M(256.0M)]
 [Times: user=0.02 sys=0.00, real=0.00 secs] 
2020-04-13T16:07:35.553+0800: 1438.503: [GC pause (G1 Evacuation Pause) (mixed), 0.0078454 secs]
   [Parallel Time: 6.7 ms, GC Workers: 4]
      [GC Worker Start (ms): Min: 1438503.2, Avg: 1438503.2, Max: 1438503.2, Diff: 0.0]
      [Ext Root Scanning (ms): Min: 0.3, Avg: 0.4, Max: 0.7, Diff: 0.4, Sum: 1.8]
      [Update RS (ms): Min: 1.2, Avg: 1.4, Max: 1.5, Diff: 0.3, Sum: 5.6]
         [Processed Buffers: Min: 4, Avg: 6.8, Max: 13, Diff: 9, Sum: 27]
      [Scan RS (ms): Min: 1.1, Avg: 1.2, Max: 1.3, Diff: 0.1, Sum: 4.7]
      [Code Root Scanning (ms): Min: 0.0, Avg: 0.9, Max: 3.5, Diff: 3.5, Sum: 3.5]
      [Object Copy (ms): Min: 0.0, Avg: 1.6, Max: 2.2, Diff: 2.1, Sum: 6.2]
      [Termination (ms): Min: 0.0, Avg: 1.1, Max: 1.6, Diff: 1.6, Sum: 4.4]
         [Termination Attempts: Min: 1, Avg: 1.5, Max: 2, Diff: 1, Sum: 6]
      [GC Worker Other (ms): Min: 0.0, Avg: 0.0, Max: 0.0, Diff: 0.0, Sum: 0.0]
      [GC Worker Total (ms): Min: 6.5, Avg: 6.6, Max: 6.6, Diff: 0.2, Sum: 26.2]
      [GC Worker End (ms): Min: 1438509.7, Avg: 1438509.8, Max: 1438509.8, Diff: 0.1]
   [Code Root Fixup: 0.6 ms]
   [Code Root Purge: 0.0 ms]
   [Clear CT: 0.0 ms]
   [Other: 0.5 ms]
      [Choose CSet: 0.0 ms]
      [Ref Proc: 0.1 ms]
      [Ref Enq: 0.0 ms]
      [Redirty Cards: 0.1 ms]
      [Humongous Register: 0.0 ms]
      [Humongous Reclaim: 0.0 ms]
      [Free CSet: 0.2 ms]
   [Eden: 11.0M(11.0M)->0.0B(79.0M) Survivors: 1024.0K->1024.0K Heap: 159.8M(256.0M)->148.1M(256.0M)]
 [Times: user=0.03 sys=0.00, real=0.01 secs] 
2020-04-13T16:07:37.156+0800: 1440.107: [GC pause (G1 Evacuation Pause) (young), 0.0176257 secs]
   [Parallel Time: 16.6 ms, GC Workers: 4]
      [GC Worker Start (ms): Min: 1440106.7, Avg: 1440106.8, Max: 1440106.8, Diff: 0.0]
      [Ext Root Scanning (ms): Min: 0.3, Avg: 0.4, Max: 0.5, Diff: 0.2, Sum: 1.5]
      [Update RS (ms): Min: 2.0, Avg: 2.8, Max: 4.1, Diff: 2.1, Sum: 11.1]
         [Processed Buffers: Min: 8, Avg: 10.2, Max: 13, Diff: 5, Sum: 41]
      [Scan RS (ms): Min: 0.0, Avg: 1.1, Max: 1.9, Diff: 1.9, Sum: 4.6]
      [Code Root Scanning (ms): Min: 0.0, Avg: 0.0, Max: 0.0, Diff: 0.0, Sum: 0.0]
      [Object Copy (ms): Min: 7.7, Avg: 8.6, Max: 9.8, Diff: 2.1, Sum: 34.4]
      [Termination (ms): Min: 0.0, Avg: 2.5, Max: 4.6, Diff: 4.6, Sum: 10.0]
         [Termination Attempts: Min: 1, Avg: 1.0, Max: 1, Diff: 0, Sum: 4]
      [GC Worker Other (ms): Min: 0.0, Avg: 0.0, Max: 0.0, Diff: 0.0, Sum: 0.1]
      [GC Worker Total (ms): Min: 14.1, Avg: 15.4, Max: 16.5, Diff: 2.4, Sum: 61.7]
      [GC Worker End (ms): Min: 1440120.9, Avg: 1440122.2, Max: 1440123.3, Diff: 2.4]
   [Code Root Fixup: 0.0 ms]
   [Code Root Purge: 0.0 ms]
   [Clear CT: 0.2 ms]
   [Other: 0.8 ms]
      [Choose CSet: 0.0 ms]
      [Ref Proc: 0.6 ms]
      [Ref Enq: 0.0 ms]
      [Redirty Cards: 0.0 ms]
      [Humongous Register: 0.0 ms]
      [Humongous Reclaim: 0.0 ms]
      [Free CSet: 0.0 ms]
   [Eden: 79.0M(79.0M)->0.0B(79.0M) Survivors: 1024.0K->1024.0K Heap: 227.1M(256.0M)->148.1M(256.0M)]
 [Times: user=0.03 sys=0.01, real=0.02 secs] 
2020-04-13T16:07:38.605+0800: 1441.556: [GC pause (G1 Evacuation Pause) (young) (initial-mark), 0.0059435 secs]
   [Parallel Time: 4.0 ms, GC Workers: 4]
      [GC Worker Start (ms): Min: 1441556.0, Avg: 1441556.0, Max: 1441556.0, Diff: 0.0]
      [Ext Root Scanning (ms): Min: 0.5, Avg: 0.6, Max: 0.6, Diff: 0.0, Sum: 2.3]
      [Update RS (ms): Min: 1.3, Avg: 1.4, Max: 1.6, Diff: 0.3, Sum: 5.7]
         [Processed Buffers: Min: 4, Avg: 9.2, Max: 20, Diff: 16, Sum: 37]
      [Scan RS (ms): Min: 0.6, Avg: 0.8, Max: 0.8, Diff: 0.3, Sum: 3.0]
      [Code Root Scanning (ms): Min: 0.0, Avg: 0.0, Max: 0.0, Diff: 0.0, Sum: 0.0]
      [Object Copy (ms): Min: 0.9, Avg: 1.2, Max: 1.5, Diff: 0.5, Sum: 4.6]
      [Termination (ms): Min: 0.0, Avg: 0.0, Max: 0.0, Diff: 0.0, Sum: 0.0]
         [Termination Attempts: Min: 1, Avg: 1.0, Max: 1, Diff: 0, Sum: 4]
      [GC Worker Other (ms): Min: 0.0, Avg: 0.0, Max: 0.0, Diff: 0.0, Sum: 0.0]
      [GC Worker Total (ms): Min: 3.9, Avg: 3.9, Max: 3.9, Diff: 0.0, Sum: 15.7]
      [GC Worker End (ms): Min: 1441559.9, Avg: 1441559.9, Max: 1441559.9, Diff: 0.0]
   [Code Root Fixup: 0.0 ms]
   [Code Root Purge: 0.0 ms]
   [Clear CT: 0.1 ms]
   [Other: 1.9 ms]
      [Choose CSet: 0.0 ms]
      [Ref Proc: 1.6 ms]
      [Ref Enq: 0.0 ms]
      [Redirty Cards: 0.1 ms]
      [Humongous Register: 0.0 ms]
      [Humongous Reclaim: 0.0 ms]
      [Free CSet: 0.0 ms]
   [Eden: 79.0M(79.0M)->0.0B(79.0M) Survivors: 1024.0K->1024.0K Heap: 227.1M(256.0M)->148.3M(256.0M)]
 [Times: user=0.02 sys=0.00, real=0.01 secs] 
2020-04-13T16:07:38.611+0800: 1441.562: [GC concurrent-root-region-scan-start]
2020-04-13T16:07:38.614+0800: 1441.565: [GC concurrent-root-region-scan-end, 0.0025600 secs]
2020-04-13T16:07:38.614+0800: 1441.565: [GC concurrent-mark-start]
2020-04-13T16:07:38.639+0800: 1441.589: [GC concurrent-mark-end, 0.0248985 secs]
2020-04-13T16:07:38.639+0800: 1441.590: [GC remark 2020-04-13T16:07:38.639+0800: 1441.590: [Finalize Marking, 0.0004024 secs] 2020-04-13T16:07:38.640+0800: 1441.590: [GC ref-proc, 0.0000809 secs] 2020-04-13T16:07:38.640+0800: 1441.590: [Unloading, 0.0036228 secs], 0.0054958 secs]
 [Times: user=0.02 sys=0.00, real=0.01 secs] 
2020-04-13T16:07:38.645+0800: 1441.595: [GC cleanup 149M->149M(256M), 0.0002904 secs]
 [Times: user=0.00 sys=0.00, real=0.00 secs] 
2020-04-13T16:07:40.232+0800: 1443.183: [GC pause (G1 Evacuation Pause) (young), 0.0037776 secs]
   [Parallel Time: 3.4 ms, GC Workers: 4]
      [GC Worker Start (ms): Min: 1443182.9, Avg: 1443182.9, Max: 1443182.9, Diff: 0.1]
      [Ext Root Scanning (ms): Min: 0.3, Avg: 0.4, Max: 0.5, Diff: 0.2, Sum: 1.5]
      [Update RS (ms): Min: 1.4, Avg: 1.5, Max: 1.6, Diff: 0.2, Sum: 6.1]
         [Processed Buffers: Min: 5, Avg: 10.5, Max: 15, Diff: 10, Sum: 42]
      [Scan RS (ms): Min: 0.5, Avg: 0.6, Max: 0.6, Diff: 0.1, Sum: 2.4]
      [Code Root Scanning (ms): Min: 0.0, Avg: 0.0, Max: 0.0, Diff: 0.0, Sum: 0.0]
      [Object Copy (ms): Min: 0.9, Avg: 0.9, Max: 0.9, Diff: 0.0, Sum: 3.5]
      [Termination (ms): Min: 0.0, Avg: 0.0, Max: 0.0, Diff: 0.0, Sum: 0.0]
         [Termination Attempts: Min: 1, Avg: 1.0, Max: 1, Diff: 0, Sum: 4]
      [GC Worker Other (ms): Min: 0.0, Avg: 0.0, Max: 0.0, Diff: 0.0, Sum: 0.1]
      [GC Worker Total (ms): Min: 3.4, Avg: 3.4, Max: 3.4, Diff: 0.0, Sum: 13.5]
      [GC Worker End (ms): Min: 1443186.3, Avg: 1443186.3, Max: 1443186.3, Diff: 0.0]
   [Code Root Fixup: 0.0 ms]
   [Code Root Purge: 0.0 ms]
   [Clear CT: 0.0 ms]
   [Other: 0.3 ms]
      [Choose CSet: 0.0 ms]
      [Ref Proc: 0.1 ms]
      [Ref Enq: 0.0 ms]
      [Redirty Cards: 0.1 ms]
      [Humongous Register: 0.0 ms]
      [Humongous Reclaim: 0.0 ms]
      [Free CSet: 0.0 ms]
   [Eden: 79.0M(79.0M)->0.0B(79.0M) Survivors: 1024.0K->1024.0K Heap: 227.3M(256.0M)->148.5M(256.0M)]
 [Times: user=0.01 sys=0.00, real=0.00 secs] 
2020-04-13T16:07:41.780+0800: 1444.730: [GC pause (G1 Evacuation Pause) (young), 0.0080913 secs]
   [Parallel Time: 7.0 ms, GC Workers: 4]
      [GC Worker Start (ms): Min: 1444730.5, Avg: 1444730.7, Max: 1444731.2, Diff: 0.7]
      [Ext Root Scanning (ms): Min: 0.0, Avg: 0.5, Max: 0.7, Diff: 0.7, Sum: 1.9]
      [Update RS (ms): Min: 0.0, Avg: 1.9, Max: 2.6, Diff: 2.6, Sum: 7.8]
         [Processed Buffers: Min: 0, Avg: 8.0, Max: 14, Diff: 14, Sum: 32]
      [Scan RS (ms): Min: 0.0, Avg: 1.0, Max: 1.5, Diff: 1.4, Sum: 3.9]
      [Code Root Scanning (ms): Min: 0.0, Avg: 0.0, Max: 0.0, Diff: 0.0, Sum: 0.0]
      [Object Copy (ms): Min: 2.1, Avg: 3.1, Max: 6.2, Diff: 4.1, Sum: 12.5]
      [Termination (ms): Min: 0.0, Avg: 0.0, Max: 0.0, Diff: 0.0, Sum: 0.0]
         [Termination Attempts: Min: 1, Avg: 1.0, Max: 1, Diff: 0, Sum: 4]
      [GC Worker Other (ms): Min: 0.0, Avg: 0.1, Max: 0.5, Diff: 0.5, Sum: 0.5]
      [GC Worker Total (ms): Min: 6.2, Avg: 6.7, Max: 6.8, Diff: 0.7, Sum: 26.6]
      [GC Worker End (ms): Min: 1444737.4, Avg: 1444737.4, Max: 1444737.4, Diff: 0.0]
   [Code Root Fixup: 0.0 ms]
   [Code Root Purge: 0.0 ms]
   [Clear CT: 0.1 ms]
   [Other: 1.0 ms]
      [Choose CSet: 0.0 ms]
      [Ref Proc: 0.7 ms]
      [Ref Enq: 0.0 ms]
      [Redirty Cards: 0.1 ms]
      [Humongous Register: 0.0 ms]
      [Humongous Reclaim: 0.0 ms]
      [Free CSet: 0.0 ms]
   [Eden: 79.0M(79.0M)->0.0B(79.0M) Survivors: 1024.0K->1024.0K Heap: 227.5M(256.0M)->148.2M(256.0M)]
 [Times: user=0.02 sys=0.00, real=0.00 secs] 
2020-04-13T16:07:43.641+0800: 1446.591: [GC pause (G1 Evacuation Pause) (young) (initial-mark), 0.0065183 secs]
   [Parallel Time: 5.7 ms, GC Workers: 4]
      [GC Worker Start (ms): Min: 1446591.4, Avg: 1446591.4, Max: 1446591.4, Diff: 0.0]
      [Ext Root Scanning (ms): Min: 0.6, Avg: 0.6, Max: 0.7, Diff: 0.1, Sum: 2.5]
      [Update RS (ms): Min: 2.2, Avg: 2.8, Max: 4.2, Diff: 2.0, Sum: 11.1]
         [Processed Buffers: Min: 1, Avg: 8.2, Max: 19, Diff: 18, Sum: 33]
      [Scan RS (ms): Min: 0.0, Avg: 0.5, Max: 0.7, Diff: 0.7, Sum: 1.9]
      [Code Root Scanning (ms): Min: 0.0, Avg: 0.0, Max: 0.0, Diff: 0.0, Sum: 0.0]
      [Object Copy (ms): Min: 0.1, Avg: 1.2, Max: 2.0, Diff: 1.9, Sum: 4.9]
      [Termination (ms): Min: 0.0, Avg: 0.5, Max: 0.7, Diff: 0.7, Sum: 2.1]
         [Termination Attempts: Min: 1, Avg: 1.5, Max: 2, Diff: 1, Sum: 6]
      [GC Worker Other (ms): Min: 0.0, Avg: 0.0, Max: 0.0, Diff: 0.0, Sum: 0.0]
      [GC Worker Total (ms): Min: 5.6, Avg: 5.6, Max: 5.7, Diff: 0.1, Sum: 22.5]
      [GC Worker End (ms): Min: 1446596.9, Avg: 1446597.0, Max: 1446597.1, Diff: 0.1]
   [Code Root Fixup: 0.0 ms]
   [Code Root Purge: 0.0 ms]
   [Clear CT: 0.1 ms]
   [Other: 0.7 ms]
      [Choose CSet: 0.0 ms]
      [Ref Proc: 0.5 ms]
      [Ref Enq: 0.0 ms]
      [Redirty Cards: 0.1 ms]
      [Humongous Register: 0.0 ms]
      [Humongous Reclaim: 0.0 ms]
      [Free CSet: 0.0 ms]
   [Eden: 79.0M(79.0M)->0.0B(79.0M) Survivors: 1024.0K->1024.0K Heap: 227.2M(256.0M)->148.4M(256.0M)]
 [Times: user=0.02 sys=0.00, real=0.00 secs] 
2020-04-13T16:07:43.647+0800: 1446.598: [GC concurrent-root-region-scan-start]
2020-04-13T16:07:43.650+0800: 1446.601: [GC concurrent-root-region-scan-end, 0.0028715 secs]
2020-04-13T16:07:43.650+0800: 1446.601: [GC concurrent-mark-start]
2020-04-13T16:07:43.674+0800: 1446.625: [GC concurrent-mark-end, 0.0237854 secs]
2020-04-13T16:07:43.674+0800: 1446.625: [GC remark 2020-04-13T16:07:43.674+0800: 1446.625: [Finalize Marking, 0.0001250 secs] 2020-04-13T16:07:43.674+0800: 1446.625: [GC ref-proc, 0.0000712 secs] 2020-04-13T16:07:43.675+0800: 1446.625: [Unloading, 0.0058382 secs], 0.0080635 secs]
 [Times: user=0.02 sys=0.00, real=0.01 secs] 
2020-04-13T16:07:43.683+0800: 1446.634: [GC cleanup 150M->150M(256M), 0.0006017 secs]
 [Times: user=0.00 sys=0.00, real=0.00 secs] 
2020-04-13T16:07:45.394+0800: 1448.344: [GC pause (G1 Evacuation Pause) (young), 0.0041093 secs]
   [Parallel Time: 3.5 ms, GC Workers: 4]
      [GC Worker Start (ms): Min: 1448344.2, Avg: 1448344.2, Max: 1448344.2, Diff: 0.0]
      [Ext Root Scanning (ms): Min: 0.3, Avg: 0.4, Max: 0.5, Diff: 0.2, Sum: 1.5]
      [Update RS (ms): Min: 1.5, Avg: 1.6, Max: 1.7, Diff: 0.2, Sum: 6.3]
         [Processed Buffers: Min: 5, Avg: 8.8, Max: 12, Diff: 7, Sum: 35]
      [Scan RS (ms): Min: 0.5, Avg: 0.5, Max: 0.6, Diff: 0.2, Sum: 2.2]
      [Code Root Scanning (ms): Min: 0.0, Avg: 0.0, Max: 0.0, Diff: 0.0, Sum: 0.0]
      [Object Copy (ms): Min: 0.9, Avg: 0.9, Max: 1.0, Diff: 0.1, Sum: 3.8]
      [Termination (ms): Min: 0.0, Avg: 0.0, Max: 0.0, Diff: 0.0, Sum: 0.0]
         [Termination Attempts: Min: 1, Avg: 1.0, Max: 1, Diff: 0, Sum: 4]
      [GC Worker Other (ms): Min: 0.0, Avg: 0.0, Max: 0.0, Diff: 0.0, Sum: 0.0]
      [GC Worker Total (ms): Min: 3.5, Avg: 3.5, Max: 3.5, Diff: 0.0, Sum: 13.8]
      [GC Worker End (ms): Min: 1448347.7, Avg: 1448347.7, Max: 1448347.7, Diff: 0.0]
   [Code Root Fixup: 0.1 ms]
   [Code Root Purge: 0.0 ms]
   [Clear CT: 0.1 ms]
   [Other: 0.5 ms]
      [Choose CSet: 0.0 ms]
      [Ref Proc: 0.1 ms]
      [Ref Enq: 0.0 ms]
      [Redirty Cards: 0.0 ms]
      [Humongous Register: 0.0 ms]
      [Humongous Reclaim: 0.0 ms]
      [Free CSet: 0.0 ms]
   [Eden: 79.0M(79.0M)->0.0B(79.0M) Survivors: 1024.0K->1024.0K Heap: 227.4M(256.0M)->148.6M(256.0M)]
 [Times: user=0.02 sys=0.00, real=0.00 secs] 
2020-04-13T16:07:46.915+0800: 1449.866: [GC pause (G1 Evacuation Pause) (young), 0.0052578 secs]
   [Parallel Time: 4.4 ms, GC Workers: 4]
      [GC Worker Start (ms): Min: 1449865.7, Avg: 1449865.7, Max: 1449865.7, Diff: 0.0]
      [Ext Root Scanning (ms): Min: 0.3, Avg: 0.4, Max: 0.5, Diff: 0.2, Sum: 1.5]
      [Update RS (ms): Min: 1.5, Avg: 1.6, Max: 1.8, Diff: 0.3, Sum: 6.5]
         [Processed Buffers: Min: 5, Avg: 8.0, Max: 11, Diff: 6, Sum: 32]
      [Scan RS (ms): Min: 0.2, Avg: 0.4, Max: 0.6, Diff: 0.3, Sum: 1.8]
      [Code Root Scanning (ms): Min: 0.0, Avg: 0.0, Max: 0.0, Diff: 0.0, Sum: 0.0]
      [Object Copy (ms): Min: 1.2, Avg: 1.4, Max: 1.8, Diff: 0.6, Sum: 5.7]
      [Termination (ms): Min: 0.0, Avg: 0.4, Max: 0.7, Diff: 0.7, Sum: 1.8]
         [Termination Attempts: Min: 1, Avg: 1.0, Max: 1, Diff: 0, Sum: 4]
      [GC Worker Other (ms): Min: 0.0, Avg: 0.0, Max: 0.0, Diff: 0.0, Sum: 0.0]
      [GC Worker Total (ms): Min: 4.3, Avg: 4.3, Max: 4.4, Diff: 0.1, Sum: 17.3]
      [GC Worker End (ms): Min: 1449870.0, Avg: 1449870.0, Max: 1449870.1, Diff: 0.1]
   [Code Root Fixup: 0.1 ms]
   [Code Root Purge: 0.0 ms]
   [Clear CT: 0.1 ms]
   [Other: 0.7 ms]
      [Choose CSet: 0.0 ms]
      [Ref Proc: 0.5 ms]
      [Ref Enq: 0.0 ms]
      [Redirty Cards: 0.1 ms]
      [Humongous Register: 0.0 ms]
      [Humongous Reclaim: 0.0 ms]
      [Free CSet: 0.0 ms]
   [Eden: 79.0M(79.0M)->0.0B(79.0M) Survivors: 1024.0K->1024.0K Heap: 227.6M(256.0M)->148.4M(256.0M)]
 [Times: user=0.02 sys=0.00, real=0.01 secs] 
2020-04-13T16:07:48.346+0800: 1451.297: [GC pause (G1 Evacuation Pause) (young) (initial-mark), 0.0056805 secs]
   [Parallel Time: 4.6 ms, GC Workers: 4]
      [GC Worker Start (ms): Min: 1451296.6, Avg: 1451296.6, Max: 1451296.7, Diff: 0.0]
      [Ext Root Scanning (ms): Min: 0.5, Avg: 0.6, Max: 0.6, Diff: 0.1, Sum: 2.3]
      [Update RS (ms): Min: 1.7, Avg: 1.8, Max: 1.8, Diff: 0.1, Sum: 7.0]
         [Processed Buffers: Min: 5, Avg: 8.2, Max: 11, Diff: 6, Sum: 33]
      [Scan RS (ms): Min: 0.2, Avg: 0.3, Max: 0.4, Diff: 0.2, Sum: 1.4]
      [Code Root Scanning (ms): Min: 0.0, Avg: 0.0, Max: 0.0, Diff: 0.0, Sum: 0.0]
      [Object Copy (ms): Min: 1.2, Avg: 1.4, Max: 1.8, Diff: 0.7, Sum: 5.5]
      [Termination (ms): Min: 0.0, Avg: 0.4, Max: 0.6, Diff: 0.6, Sum: 1.8]
         [Termination Attempts: Min: 1, Avg: 1.0, Max: 1, Diff: 0, Sum: 4]
      [GC Worker Other (ms): Min: 0.0, Avg: 0.0, Max: 0.0, Diff: 0.0, Sum: 0.0]
      [GC Worker Total (ms): Min: 4.5, Avg: 4.5, Max: 4.5, Diff: 0.0, Sum: 18.0]
      [GC Worker End (ms): Min: 1451301.1, Avg: 1451301.1, Max: 1451301.2, Diff: 0.0]
   [Code Root Fixup: 0.0 ms]
   [Code Root Purge: 0.0 ms]
   [Clear CT: 0.1 ms]
   [Other: 1.0 ms]
      [Choose CSet: 0.0 ms]
      [Ref Proc: 0.7 ms]
      [Ref Enq: 0.0 ms]
      [Redirty Cards: 0.1 ms]
      [Humongous Register: 0.0 ms]
      [Humongous Reclaim: 0.0 ms]
      [Free CSet: 0.0 ms]
   [Eden: 79.0M(79.0M)->0.0B(79.0M) Survivors: 1024.0K->1024.0K Heap: 227.4M(256.0M)->148.6M(256.0M)]
 [Times: user=0.01 sys=0.00, real=0.01 secs] 
2020-04-13T16:07:48.352+0800: 1451.302: [GC concurrent-root-region-scan-start]
2020-04-13T16:07:48.355+0800: 1451.306: [GC concurrent-root-region-scan-end, 0.0030573 secs]
2020-04-13T16:07:48.355+0800: 1451.306: [GC concurrent-mark-start]
2020-04-13T16:07:48.381+0800: 1451.332: [GC concurrent-mark-end, 0.0260841 secs]
2020-04-13T16:07:48.382+0800: 1451.333: [GC remark 2020-04-13T16:07:48.382+0800: 1451.333: [Finalize Marking, 0.0016159 secs] 2020-04-13T16:07:48.384+0800: 1451.335: [GC ref-proc, 0.0000908 secs] 2020-04-13T16:07:48.384+0800: 1451.335: [Unloading, 0.0048120 secs], 0.0083872 secs]
 [Times: user=0.01 sys=0.00, real=0.01 secs] 
2020-04-13T16:07:48.391+0800: 1451.341: [GC cleanup 150M->150M(256M), 0.0003088 secs]
 [Times: user=0.00 sys=0.00, real=0.00 secs] 
2020-04-13T16:07:49.911+0800: 1452.861: [GC pause (G1 Evacuation Pause) (young), 0.0094849 secs]
   [Parallel Time: 4.8 ms, GC Workers: 4]
      [GC Worker Start (ms): Min: 1452861.3, Avg: 1452861.6, Max: 1452862.3, Diff: 1.0]
      [Ext Root Scanning (ms): Min: 0.0, Avg: 0.4, Max: 0.6, Diff: 0.6, Sum: 1.6]
      [Update RS (ms): Min: 2.2, Avg: 2.5, Max: 2.7, Diff: 0.5, Sum: 10.0]
         [Processed Buffers: Min: 0, Avg: 8.8, Max: 16, Diff: 16, Sum: 35]
      [Scan RS (ms): Min: 0.0, Avg: 0.2, Max: 0.3, Diff: 0.3, Sum: 0.9]
      [Code Root Scanning (ms): Min: 0.0, Avg: 0.0, Max: 0.0, Diff: 0.0, Sum: 0.0]
      [Object Copy (ms): Min: 0.9, Avg: 1.2, Max: 1.5, Diff: 0.6, Sum: 4.7]
      [Termination (ms): Min: 0.0, Avg: 0.0, Max: 0.0, Diff: 0.0, Sum: 0.0]
         [Termination Attempts: Min: 1, Avg: 1.0, Max: 1, Diff: 0, Sum: 4]
      [GC Worker Other (ms): Min: 0.0, Avg: 0.0, Max: 0.0, Diff: 0.0, Sum: 0.0]
      [GC Worker Total (ms): Min: 3.6, Avg: 4.3, Max: 4.6, Diff: 1.0, Sum: 17.2]
      [GC Worker End (ms): Min: 1452865.9, Avg: 1452865.9, Max: 1452865.9, Diff: 0.0]
   [Code Root Fixup: 0.1 ms]
   [Code Root Purge: 0.0 ms]
   [Clear CT: 0.1 ms]
   [Other: 4.6 ms]
      [Choose CSet: 0.0 ms]
      [Ref Proc: 4.3 ms]
      [Ref Enq: 0.0 ms]
      [Redirty Cards: 0.0 ms]
      [Humongous Register: 0.0 ms]
      [Humongous Reclaim: 0.0 ms]
      [Free CSet: 0.0 ms]
   [Eden: 79.0M(79.0M)->0.0B(79.0M) Survivors: 1024.0K->1024.0K Heap: 227.6M(256.0M)->148.8M(256.0M)]
 [Times: user=0.02 sys=0.00, real=0.01 secs] 
2020-04-13T16:07:51.455+0800: 1454.405: [GC pause (G1 Evacuation Pause) (young), 0.0180667 secs]
   [Parallel Time: 8.4 ms, GC Workers: 4]
      [GC Worker Start (ms): Min: 1454405.2, Avg: 1454405.3, Max: 1454405.3, Diff: 0.0]
      [Ext Root Scanning (ms): Min: 0.3, Avg: 0.4, Max: 0.5, Diff: 0.2, Sum: 1.5]
      [Update RS (ms): Min: 1.5, Avg: 3.0, Max: 7.0, Diff: 5.4, Sum: 12.1]
         [Processed Buffers: Min: 4, Avg: 7.8, Max: 10, Diff: 6, Sum: 31]
      [Scan RS (ms): Min: 0.0, Avg: 0.5, Max: 0.8, Diff: 0.8, Sum: 2.1]
      [Code Root Scanning (ms): Min: 0.0, Avg: 0.0, Max: 0.0, Diff: 0.0, Sum: 0.0]
      [Object Copy (ms): Min: 0.0, Avg: 2.1, Max: 4.5, Diff: 4.5, Sum: 8.5]
      [Termination (ms): Min: 0.0, Avg: 1.8, Max: 3.5, Diff: 3.5, Sum: 7.2]
         [Termination Attempts: Min: 1, Avg: 1.2, Max: 2, Diff: 1, Sum: 5]
      [GC Worker Other (ms): Min: 0.0, Avg: 0.0, Max: 0.0, Diff: 0.0, Sum: 0.0]
      [GC Worker Total (ms): Min: 7.4, Avg: 7.8, Max: 8.3, Diff: 1.0, Sum: 31.4]
      [GC Worker End (ms): Min: 1454412.6, Avg: 1454413.1, Max: 1454413.6, Diff: 1.0]
   [Code Root Fixup: 0.1 ms]
   [Code Root Purge: 0.0 ms]
   [Clear CT: 1.0 ms]
   [Other: 8.7 ms]
      [Choose CSet: 0.0 ms]
      [Ref Proc: 7.6 ms]
      [Ref Enq: 0.0 ms]
      [Redirty Cards: 0.7 ms]
      [Humongous Register: 0.0 ms]
      [Humongous Reclaim: 0.0 ms]
      [Free CSet: 0.0 ms]
   [Eden: 79.0M(79.0M)->0.0B(79.0M) Survivors: 1024.0K->1024.0K Heap: 227.8M(256.0M)->148.7M(256.0M)]
 [Times: user=0.03 sys=0.00, real=0.02 secs] 
2020-04-13T16:07:52.988+0800: 1455.939: [GC pause (G1 Evacuation Pause) (young) (initial-mark), 0.0075953 secs]
   [Parallel Time: 6.4 ms, GC Workers: 4]
      [GC Worker Start (ms): Min: 1455938.8, Avg: 1455939.2, Max: 1455939.9, Diff: 1.0]
      [Ext Root Scanning (ms): Min: 1.0, Avg: 2.3, Max: 5.1, Diff: 4.2, Sum: 9.3]
      [Update RS (ms): Min: 0.0, Avg: 1.7, Max: 2.7, Diff: 2.7, Sum: 6.9]
         [Processed Buffers: Min: 0, Avg: 7.8, Max: 14, Diff: 14, Sum: 31]
      [Scan RS (ms): Min: 0.0, Avg: 0.5, Max: 0.7, Diff: 0.7, Sum: 2.0]
      [Code Root Scanning (ms): Min: 0.0, Avg: 0.0, Max: 0.0, Diff: 0.0, Sum: 0.0]
      [Object Copy (ms): Min: 0.0, Avg: 0.8, Max: 1.2, Diff: 1.2, Sum: 3.2]
      [Termination (ms): Min: 0.0, Avg: 0.5, Max: 0.8, Diff: 0.8, Sum: 2.2]
         [Termination Attempts: Min: 1, Avg: 1.0, Max: 1, Diff: 0, Sum: 4]
      [GC Worker Other (ms): Min: 0.0, Avg: 0.0, Max: 0.0, Diff: 0.0, Sum: 0.0]
      [GC Worker Total (ms): Min: 5.1, Avg: 5.9, Max: 6.3, Diff: 1.2, Sum: 23.6]
      [GC Worker End (ms): Min: 1455945.0, Avg: 1455945.1, Max: 1455945.2, Diff: 0.1]
   [Code Root Fixup: 0.0 ms]
   [Code Root Purge: 0.0 ms]
   [Clear CT: 0.4 ms]
   [Other: 0.8 ms]
      [Choose CSet: 0.0 ms]
      [Ref Proc: 0.5 ms]
      [Ref Enq: 0.0 ms]
      [Redirty Cards: 0.1 ms]
      [Humongous Register: 0.0 ms]
      [Humongous Reclaim: 0.0 ms]
      [Free CSet: 0.0 ms]
   [Eden: 79.0M(79.0M)->0.0B(79.0M) Survivors: 1024.0K->1024.0K Heap: 227.7M(256.0M)->148.6M(256.0M)]
 [Times: user=0.02 sys=0.00, real=0.01 secs] 
2020-04-13T16:07:52.996+0800: 1455.946: [GC concurrent-root-region-scan-start]
2020-04-13T16:07:52.999+0800: 1455.949: [GC concurrent-root-region-scan-end, 0.0028765 secs]
2020-04-13T16:07:52.999+0800: 1455.949: [GC concurrent-mark-start]
2020-04-13T16:07:53.020+0800: 1455.971: [GC concurrent-mark-end, 0.0214956 secs]
2020-04-13T16:07:53.021+0800: 1455.971: [GC remark 2020-04-13T16:07:53.021+0800: 1455.971: [Finalize Marking, 0.0008217 secs] 2020-04-13T16:07:53.022+0800: 1455.972: [GC ref-proc, 0.0001044 secs] 2020-04-13T16:07:53.022+0800: 1455.972: [Unloading, 0.0041729 secs], 0.0068028 secs]
 [Times: user=0.01 sys=0.00, real=0.00 secs] 
2020-04-13T16:07:53.028+0800: 1455.978: [GC cleanup 150M->150M(256M), 0.0003530 secs]
 [Times: user=0.00 sys=0.00, real=0.00 secs] 
2020-04-13T16:07:54.346+0800: 1457.296: [GC pause (G1 Evacuation Pause) (young), 0.0050232 secs]
   [Parallel Time: 3.5 ms, GC Workers: 4]
      [GC Worker Start (ms): Min: 1457296.5, Avg: 1457296.5, Max: 1457296.5, Diff: 0.0]
      [Ext Root Scanning (ms): Min: 0.3, Avg: 0.4, Max: 0.5, Diff: 0.2, Sum: 1.5]
      [Update RS (ms): Min: 1.5, Avg: 1.6, Max: 1.6, Diff: 0.1, Sum: 6.3]
         [Processed Buffers: Min: 5, Avg: 7.8, Max: 10, Diff: 5, Sum: 31]
      [Scan RS (ms): Min: 0.4, Avg: 0.5, Max: 0.6, Diff: 0.2, Sum: 2.1]
      [Code Root Scanning (ms): Min: 0.0, Avg: 0.0, Max: 0.0, Diff: 0.0, Sum: 0.0]
      [Object Copy (ms): Min: 0.9, Avg: 0.9, Max: 1.0, Diff: 0.1, Sum: 3.8]
      [Termination (ms): Min: 0.0, Avg: 0.0, Max: 0.0, Diff: 0.0, Sum: 0.0]
         [Termination Attempts: Min: 1, Avg: 1.0, Max: 1, Diff: 0, Sum: 4]
      [GC Worker Other (ms): Min: 0.0, Avg: 0.0, Max: 0.0, Diff: 0.0, Sum: 0.0]
      [GC Worker Total (ms): Min: 3.4, Avg: 3.4, Max: 3.4, Diff: 0.0, Sum: 13.7]
      [GC Worker End (ms): Min: 1457299.9, Avg: 1457299.9, Max: 1457299.9, Diff: 0.0]
   [Code Root Fixup: 0.1 ms]
   [Code Root Purge: 0.0 ms]
   [Clear CT: 0.1 ms]
   [Other: 1.3 ms]
      [Choose CSet: 0.0 ms]
      [Ref Proc: 1.1 ms]
      [Ref Enq: 0.0 ms]
      [Redirty Cards: 0.1 ms]
      [Humongous Register: 0.0 ms]
      [Humongous Reclaim: 0.0 ms]
      [Free CSet: 0.0 ms]
   [Eden: 79.0M(79.0M)->0.0B(78.0M) Survivors: 1024.0K->1024.0K Heap: 227.6M(256.0M)->148.8M(256.0M)]
 [Times: user=0.02 sys=0.01, real=0.01 secs] 
2020-04-13T16:07:55.829+0800: 1458.780: [GC pause (G1 Evacuation Pause) (young), 0.0047618 secs]
   [Parallel Time: 4.3 ms, GC Workers: 4]
      [GC Worker Start (ms): Min: 1458779.6, Avg: 1458779.7, Max: 1458779.7, Diff: 0.1]
      [Ext Root Scanning (ms): Min: 0.3, Avg: 0.4, Max: 0.5, Diff: 0.2, Sum: 1.5]
      [Update RS (ms): Min: 0.0, Avg: 1.5, Max: 2.1, Diff: 2.1, Sum: 6.1]
         [Processed Buffers: Min: 0, Avg: 8.0, Max: 12, Diff: 12, Sum: 32]
      [Scan RS (ms): Min: 0.4, Avg: 0.5, Max: 0.7, Diff: 0.3, Sum: 1.8]
      [Code Root Scanning (ms): Min: 0.0, Avg: 0.0, Max: 0.0, Diff: 0.0, Sum: 0.0]
      [Object Copy (ms): Min: 1.0, Avg: 1.8, Max: 3.4, Diff: 2.5, Sum: 7.1]
      [Termination (ms): Min: 0.0, Avg: 0.0, Max: 0.0, Diff: 0.0, Sum: 0.0]
         [Termination Attempts: Min: 1, Avg: 1.0, Max: 1, Diff: 0, Sum: 4]
      [GC Worker Other (ms): Min: 0.0, Avg: 0.0, Max: 0.0, Diff: 0.0, Sum: 0.1]
      [GC Worker Total (ms): Min: 4.2, Avg: 4.2, Max: 4.2, Diff: 0.0, Sum: 16.7]
      [GC Worker End (ms): Min: 1458783.8, Avg: 1458783.8, Max: 1458783.9, Diff: 0.0]
   [Code Root Fixup: 0.1 ms]
   [Code Root Purge: 0.0 ms]
   [Clear CT: 0.1 ms]
   [Other: 0.4 ms]
      [Choose CSet: 0.0 ms]
      [Ref Proc: 0.1 ms]
      [Ref Enq: 0.0 ms]
      [Redirty Cards: 0.1 ms]
      [Humongous Register: 0.0 ms]
      [Humongous Reclaim: 0.0 ms]
      [Free CSet: 0.0 ms]
   [Eden: 78.0M(78.0M)->0.0B(78.0M) Survivors: 1024.0K->1024.0K Heap: 226.8M(256.0M)->148.7M(256.0M)]
 [Times: user=0.01 sys=0.00, real=0.01 secs] 
2020-04-13T16:07:57.155+0800: 1460.105: [GC pause (G1 Evacuation Pause) (young) (initial-mark), 0.0048067 secs]
   [Parallel Time: 4.0 ms, GC Workers: 4]
      [GC Worker Start (ms): Min: 1460105.2, Avg: 1460105.2, Max: 1460105.3, Diff: 0.0]
      [Ext Root Scanning (ms): Min: 0.6, Avg: 0.6, Max: 0.6, Diff: 0.0, Sum: 2.3]
      [Update RS (ms): Min: 1.6, Avg: 1.7, Max: 1.8, Diff: 0.2, Sum: 6.8]
         [Processed Buffers: Min: 6, Avg: 8.5, Max: 13, Diff: 7, Sum: 34]
      [Scan RS (ms): Min: 0.4, Avg: 0.5, Max: 0.5, Diff: 0.1, Sum: 1.8]
      [Code Root Scanning (ms): Min: 0.0, Avg: 0.0, Max: 0.0, Diff: 0.0, Sum: 0.0]
      [Object Copy (ms): Min: 1.1, Avg: 1.2, Max: 1.2, Diff: 0.0, Sum: 4.7]
      [Termination (ms): Min: 0.0, Avg: 0.0, Max: 0.0, Diff: 0.0, Sum: 0.1]
         [Termination Attempts: Min: 1, Avg: 1.0, Max: 1, Diff: 0, Sum: 4]
      [GC Worker Other (ms): Min: 0.0, Avg: 0.0, Max: 0.0, Diff: 0.0, Sum: 0.0]
      [GC Worker Total (ms): Min: 3.9, Avg: 3.9, Max: 3.9, Diff: 0.0, Sum: 15.7]
      [GC Worker End (ms): Min: 1460109.1, Avg: 1460109.1, Max: 1460109.1, Diff: 0.0]
   [Code Root Fixup: 0.0 ms]
   [Code Root Purge: 0.0 ms]
   [Clear CT: 0.0 ms]
   [Other: 0.7 ms]
      [Choose CSet: 0.0 ms]
      [Ref Proc: 0.5 ms]
      [Ref Enq: 0.0 ms]
      [Redirty Cards: 0.0 ms]
      [Humongous Register: 0.0 ms]
      [Humongous Reclaim: 0.0 ms]
      [Free CSet: 0.0 ms]
   [Eden: 78.0M(78.0M)->0.0B(78.0M) Survivors: 1024.0K->1024.0K Heap: 226.7M(256.0M)->148.9M(256.0M)]
 [Times: user=0.02 sys=0.00, real=0.01 secs] 
2020-04-13T16:07:57.160+0800: 1460.110: [GC concurrent-root-region-scan-start]
2020-04-13T16:07:57.163+0800: 1460.113: [GC concurrent-root-region-scan-end, 0.0029135 secs]
2020-04-13T16:07:57.163+0800: 1460.113: [GC concurrent-mark-start]
2020-04-13T16:07:57.195+0800: 1460.145: [GC concurrent-mark-end, 0.0321715 secs]
2020-04-13T16:07:57.195+0800: 1460.145: [GC remark 2020-04-13T16:07:57.195+0800: 1460.146: [Finalize Marking, 0.0001661 secs] 2020-04-13T16:07:57.195+0800: 1460.146: [GC ref-proc, 0.0000872 secs] 2020-04-13T16:07:57.195+0800: 1460.146: [Unloading, 0.0039323 secs], 0.0055394 secs]
 [Times: user=0.02 sys=0.00, real=0.01 secs] 
2020-04-13T16:07:57.201+0800: 1460.151: [GC cleanup 150M->150M(256M), 0.0003202 secs]
 [Times: user=0.00 sys=0.00, real=0.00 secs] 
2020-04-13T16:07:58.423+0800: 1461.373: [GC pause (G1 Evacuation Pause) (young), 0.0039970 secs]
   [Parallel Time: 3.5 ms, GC Workers: 4]
      [GC Worker Start (ms): Min: 1461373.3, Avg: 1461373.3, Max: 1461373.3, Diff: 0.0]
      [Ext Root Scanning (ms): Min: 0.3, Avg: 0.4, Max: 0.5, Diff: 0.2, Sum: 1.5]
      [Update RS (ms): Min: 1.7, Avg: 1.8, Max: 1.9, Diff: 0.2, Sum: 7.2]
         [Processed Buffers: Min: 5, Avg: 8.2, Max: 12, Diff: 7, Sum: 33]
      [Scan RS (ms): Min: 0.2, Avg: 0.2, Max: 0.3, Diff: 0.0, Sum: 0.9]
      [Code Root Scanning (ms): Min: 0.0, Avg: 0.0, Max: 0.0, Diff: 0.0, Sum: 0.0]
      [Object Copy (ms): Min: 1.0, Avg: 1.0, Max: 1.1, Diff: 0.1, Sum: 4.0]
      [Termination (ms): Min: 0.0, Avg: 0.0, Max: 0.0, Diff: 0.0, Sum: 0.0]
         [Termination Attempts: Min: 1, Avg: 1.0, Max: 1, Diff: 0, Sum: 4]
      [GC Worker Other (ms): Min: 0.0, Avg: 0.0, Max: 0.0, Diff: 0.0, Sum: 0.1]
      [GC Worker Total (ms): Min: 3.4, Avg: 3.4, Max: 3.5, Diff: 0.0, Sum: 13.8]
      [GC Worker End (ms): Min: 1461376.7, Avg: 1461376.7, Max: 1461376.7, Diff: 0.0]
   [Code Root Fixup: 0.0 ms]
   [Code Root Purge: 0.0 ms]
   [Clear CT: 0.1 ms]
   [Other: 0.4 ms]
      [Choose CSet: 0.0 ms]
      [Ref Proc: 0.2 ms]
      [Ref Enq: 0.0 ms]
      [Redirty Cards: 0.1 ms]
      [Humongous Register: 0.0 ms]
      [Humongous Reclaim: 0.0 ms]
      [Free CSet: 0.0 ms]
   [Eden: 78.0M(78.0M)->0.0B(11.0M) Survivors: 1024.0K->1024.0K Heap: 226.9M(256.0M)->149.1M(256.0M)]
 [Times: user=0.01 sys=0.00, real=0.00 secs] 
2020-04-13T16:07:58.606+0800: 1461.556: [GC pause (G1 Evacuation Pause) (mixed), 0.0074029 secs]
   [Parallel Time: 6.5 ms, GC Workers: 4]
      [GC Worker Start (ms): Min: 1461555.9, Avg: 1461555.9, Max: 1461556.0, Diff: 0.0]
      [Ext Root Scanning (ms): Min: 0.3, Avg: 0.4, Max: 0.5, Diff: 0.2, Sum: 1.5]
      [Update RS (ms): Min: 2.1, Avg: 3.1, Max: 5.9, Diff: 3.8, Sum: 12.5]
         [Processed Buffers: Min: 1, Avg: 7.5, Max: 16, Diff: 15, Sum: 30]
      [Scan RS (ms): Min: 0.0, Avg: 1.0, Max: 1.4, Diff: 1.4, Sum: 4.1]
      [Code Root Scanning (ms): Min: 0.0, Avg: 0.0, Max: 0.0, Diff: 0.0, Sum: 0.0]
      [Object Copy (ms): Min: 0.0, Avg: 1.3, Max: 1.8, Diff: 1.8, Sum: 5.3]
      [Termination (ms): Min: 0.0, Avg: 0.6, Max: 0.8, Diff: 0.8, Sum: 2.3]
         [Termination Attempts: Min: 1, Avg: 1.5, Max: 2, Diff: 1, Sum: 6]
      [GC Worker Other (ms): Min: 0.0, Avg: 0.0, Max: 0.0, Diff: 0.0, Sum: 0.0]
      [GC Worker Total (ms): Min: 6.4, Avg: 6.4, Max: 6.4, Diff: 0.0, Sum: 25.7]
      [GC Worker End (ms): Min: 1461562.4, Avg: 1461562.4, Max: 1461562.4, Diff: 0.0]
   [Code Root Fixup: 0.0 ms]
   [Code Root Purge: 0.0 ms]
   [Clear CT: 0.0 ms]
   [Other: 0.8 ms]
      [Choose CSet: 0.0 ms]
      [Ref Proc: 0.7 ms]
      [Ref Enq: 0.0 ms]
      [Redirty Cards: 0.0 ms]
      [Humongous Register: 0.0 ms]
      [Humongous Reclaim: 0.0 ms]
      [Free CSet: 0.0 ms]
   [Eden: 11.0M(11.0M)->0.0B(79.0M) Survivors: 1024.0K->1024.0K Heap: 160.1M(256.0M)->147.9M(256.0M)]
 [Times: user=0.02 sys=0.00, real=0.01 secs] 
2020-04-13T16:07:59.944+0800: 1462.894: [GC pause (G1 Evacuation Pause) (young), 0.0047719 secs]
   [Parallel Time: 4.3 ms, GC Workers: 4]
      [GC Worker Start (ms): Min: 1462894.5, Avg: 1462895.2, Max: 1462895.7, Diff: 1.2]
      [Ext Root Scanning (ms): Min: 0.0, Avg: 0.5, Max: 1.1, Diff: 1.1, Sum: 1.9]
      [Update RS (ms): Min: 1.4, Avg: 1.7, Max: 1.8, Diff: 0.4, Sum: 6.8]
         [Processed Buffers: Min: 4, Avg: 8.8, Max: 16, Diff: 12, Sum: 35]
      [Scan RS (ms): Min: 0.4, Avg: 0.4, Max: 0.5, Diff: 0.1, Sum: 1.6]
      [Code Root Scanning (ms): Min: 0.0, Avg: 0.0, Max: 0.0, Diff: 0.0, Sum: 0.0]
      [Object Copy (ms): Min: 0.9, Avg: 1.0, Max: 1.3, Diff: 0.4, Sum: 4.2]
      [Termination (ms): Min: 0.0, Avg: 0.0, Max: 0.0, Diff: 0.0, Sum: 0.0]
         [Termination Attempts: Min: 1, Avg: 1.0, Max: 1, Diff: 0, Sum: 4]
      [GC Worker Other (ms): Min: 0.0, Avg: 0.0, Max: 0.0, Diff: 0.0, Sum: 0.1]
      [GC Worker Total (ms): Min: 3.1, Avg: 3.6, Max: 4.3, Diff: 1.2, Sum: 14.6]
      [GC Worker End (ms): Min: 1462898.8, Avg: 1462898.8, Max: 1462898.8, Diff: 0.0]
   [Code Root Fixup: 0.0 ms]
   [Code Root Purge: 0.0 ms]
   [Clear CT: 0.1 ms]
   [Other: 0.3 ms]
      [Choose CSet: 0.0 ms]
      [Ref Proc: 0.1 ms]
      [Ref Enq: 0.0 ms]
      [Redirty Cards: 0.0 ms]
      [Humongous Register: 0.0 ms]
      [Humongous Reclaim: 0.0 ms]
      [Free CSet: 0.0 ms]
   [Eden: 79.0M(79.0M)->0.0B(79.0M) Survivors: 1024.0K->1024.0K Heap: 226.9M(256.0M)->148.2M(256.0M)]
 [Times: user=0.02 sys=0.00, real=0.00 secs] 
2020-04-13T16:08:01.437+0800: 1464.387: [GC pause (G1 Evacuation Pause) (young) (initial-mark), 0.0056623 secs]
   [Parallel Time: 5.2 ms, GC Workers: 4]
      [GC Worker Start (ms): Min: 1464387.1, Avg: 1464387.3, Max: 1464387.9, Diff: 0.8]
      [Ext Root Scanning (ms): Min: 0.0, Avg: 0.8, Max: 1.5, Diff: 1.5, Sum: 3.2]
      [Update RS (ms): Min: 2.2, Avg: 2.7, Max: 3.0, Diff: 0.8, Sum: 10.9]
         [Processed Buffers: Min: 4, Avg: 8.2, Max: 18, Diff: 14, Sum: 33]
      [Scan RS (ms): Min: 0.1, Avg: 0.2, Max: 0.3, Diff: 0.1, Sum: 0.9]
      [Code Root Scanning (ms): Min: 0.0, Avg: 0.0, Max: 0.0, Diff: 0.0, Sum: 0.0]
      [Object Copy (ms): Min: 0.9, Avg: 1.0, Max: 1.1, Diff: 0.1, Sum: 4.0]
      [Termination (ms): Min: 0.0, Avg: 0.0, Max: 0.0, Diff: 0.0, Sum: 0.0]
         [Termination Attempts: Min: 1, Avg: 1.0, Max: 1, Diff: 0, Sum: 4]
      [GC Worker Other (ms): Min: 0.0, Avg: 0.0, Max: 0.0, Diff: 0.0, Sum: 0.1]
      [GC Worker Total (ms): Min: 4.2, Avg: 4.8, Max: 5.0, Diff: 0.8, Sum: 19.0]
      [GC Worker End (ms): Min: 1464392.1, Avg: 1464392.1, Max: 1464392.1, Diff: 0.0]
   [Code Root Fixup: 0.0 ms]
   [Code Root Purge: 0.0 ms]
   [Clear CT: 0.1 ms]
   [Other: 0.3 ms]
      [Choose CSet: 0.0 ms]
      [Ref Proc: 0.1 ms]
      [Ref Enq: 0.0 ms]
      [Redirty Cards: 0.1 ms]
      [Humongous Register: 0.0 ms]
      [Humongous Reclaim: 0.0 ms]
      [Free CSet: 0.0 ms]
   [Eden: 79.0M(79.0M)->0.0B(79.0M) Survivors: 1024.0K->1024.0K Heap: 227.2M(256.0M)->147.9M(256.0M)]
 [Times: user=0.02 sys=0.00, real=0.01 secs] 
2020-04-13T16:08:01.442+0800: 1464.393: [GC concurrent-root-region-scan-start]
2020-04-13T16:08:01.445+0800: 1464.395: [GC concurrent-root-region-scan-end, 0.0025108 secs]
2020-04-13T16:08:01.445+0800: 1464.395: [GC concurrent-mark-start]
2020-04-13T16:08:01.471+0800: 1464.421: [GC concurrent-mark-end, 0.0255894 secs]
2020-04-13T16:08:01.471+0800: 1464.421: [GC remark 2020-04-13T16:08:01.471+0800: 1464.421: [Finalize Marking, 0.0015119 secs] 2020-04-13T16:08:01.472+0800: 1464.423: [GC ref-proc, 0.0000944 secs] 2020-04-13T16:08:01.472+0800: 1464.423: [Unloading, 0.0042899 secs], 0.0073375 secs]
 [Times: user=0.02 sys=0.00, real=0.00 secs] 
2020-04-13T16:08:01.478+0800: 1464.428: [GC cleanup 149M->149M(256M), 0.0004976 secs]
 [Times: user=0.00 sys=0.00, real=0.00 secs] 
2020-04-13T16:08:02.747+0800: 1465.698: [GC pause (G1 Evacuation Pause) (young), 0.0044272 secs]
   [Parallel Time: 3.9 ms, GC Workers: 4]
      [GC Worker Start (ms): Min: 1465697.7, Avg: 1465697.7, Max: 1465697.7, Diff: 0.0]
      [Ext Root Scanning (ms): Min: 0.4, Avg: 0.4, Max: 0.5, Diff: 0.2, Sum: 1.6]
      [Update RS (ms): Min: 1.5, Avg: 1.7, Max: 1.7, Diff: 0.2, Sum: 6.6]
         [Processed Buffers: Min: 4, Avg: 7.8, Max: 9, Diff: 5, Sum: 31]
      [Scan RS (ms): Min: 0.6, Avg: 0.8, Max: 1.2, Diff: 0.6, Sum: 3.2]
      [Code Root Scanning (ms): Min: 0.0, Avg: 0.0, Max: 0.0, Diff: 0.0, Sum: 0.0]
      [Object Copy (ms): Min: 0.5, Avg: 1.0, Max: 1.2, Diff: 0.7, Sum: 3.9]
      [Termination (ms): Min: 0.0, Avg: 0.0, Max: 0.0, Diff: 0.0, Sum: 0.0]
         [Termination Attempts: Min: 1, Avg: 1.0, Max: 1, Diff: 0, Sum: 4]
      [GC Worker Other (ms): Min: 0.0, Avg: 0.0, Max: 0.0, Diff: 0.0, Sum: 0.0]
      [GC Worker Total (ms): Min: 3.8, Avg: 3.9, Max: 3.9, Diff: 0.0, Sum: 15.4]
      [GC Worker End (ms): Min: 1465701.5, Avg: 1465701.5, Max: 1465701.5, Diff: 0.0]
   [Code Root Fixup: 0.0 ms]
   [Code Root Purge: 0.0 ms]
   [Clear CT: 0.0 ms]
   [Other: 0.4 ms]
      [Choose CSet: 0.0 ms]
      [Ref Proc: 0.1 ms]
      [Ref Enq: 0.0 ms]
      [Redirty Cards: 0.2 ms]
      [Humongous Register: 0.0 ms]
      [Humongous Reclaim: 0.0 ms]
      [Free CSet: 0.0 ms]
   [Eden: 79.0M(79.0M)->0.0B(79.0M) Survivors: 1024.0K->1024.0K Heap: 226.9M(256.0M)->148.1M(256.0M)]
 [Times: user=0.02 sys=0.00, real=0.01 secs] 
2020-04-13T16:08:04.074+0800: 1467.024: [GC pause (G1 Evacuation Pause) (young), 0.0059724 secs]
   [Parallel Time: 5.5 ms, GC Workers: 4]
      [GC Worker Start (ms): Min: 1467024.5, Avg: 1467024.5, Max: 1467024.5, Diff: 0.0]
      [Ext Root Scanning (ms): Min: 0.3, Avg: 0.4, Max: 0.5, Diff: 0.2, Sum: 1.5]
      [Update RS (ms): Min: 1.9, Avg: 2.0, Max: 2.0, Diff: 0.1, Sum: 8.0]
         [Processed Buffers: Min: 3, Avg: 8.2, Max: 12, Diff: 9, Sum: 33]
      [Scan RS (ms): Min: 0.7, Avg: 0.7, Max: 0.7, Diff: 0.1, Sum: 2.8]
      [Code Root Scanning (ms): Min: 0.0, Avg: 0.0, Max: 0.0, Diff: 0.0, Sum: 0.0]
      [Object Copy (ms): Min: 1.5, Avg: 1.8, Max: 2.2, Diff: 0.6, Sum: 7.2]
      [Termination (ms): Min: 0.0, Avg: 0.4, Max: 0.7, Diff: 0.7, Sum: 1.8]
         [Termination Attempts: Min: 1, Avg: 1.0, Max: 1, Diff: 0, Sum: 4]
      [GC Worker Other (ms): Min: 0.0, Avg: 0.0, Max: 0.0, Diff: 0.0, Sum: 0.0]
      [GC Worker Total (ms): Min: 5.3, Avg: 5.3, Max: 5.4, Diff: 0.2, Sum: 21.3]
      [GC Worker End (ms): Min: 1467029.8, Avg: 1467029.8, Max: 1467029.9, Diff: 0.2]
   [Code Root Fixup: 0.0 ms]
   [Code Root Purge: 0.0 ms]
   [Clear CT: 0.0 ms]
   [Other: 0.4 ms]
      [Choose CSet: 0.0 ms]
      [Ref Proc: 0.1 ms]
      [Ref Enq: 0.0 ms]
      [Redirty Cards: 0.1 ms]
      [Humongous Register: 0.0 ms]
      [Humongous Reclaim: 0.0 ms]
      [Free CSet: 0.0 ms]
   [Eden: 79.0M(79.0M)->0.0B(79.0M) Survivors: 1024.0K->1024.0K Heap: 227.1M(256.0M)->148.1M(256.0M)]
 [Times: user=0.02 sys=0.00, real=0.01 secs] 
2020-04-13T16:08:05.419+0800: 1468.369: [GC pause (G1 Evacuation Pause) (young) (initial-mark), 0.0045937 secs]
   [Parallel Time: 4.1 ms, GC Workers: 4]
      [GC Worker Start (ms): Min: 1468368.9, Avg: 1468369.0, Max: 1468369.1, Diff: 0.2]
      [Ext Root Scanning (ms): Min: 0.5, Avg: 0.7, Max: 0.7, Diff: 0.2, Sum: 2.6]
      [Update RS (ms): Min: 1.3, Avg: 1.5, Max: 1.7, Diff: 0.3, Sum: 6.0]
         [Processed Buffers: Min: 4, Avg: 8.5, Max: 19, Diff: 15, Sum: 34]
      [Scan RS (ms): Min: 0.6, Avg: 0.7, Max: 0.8, Diff: 0.2, Sum: 2.8]
      [Code Root Scanning (ms): Min: 0.0, Avg: 0.0, Max: 0.0, Diff: 0.0, Sum: 0.0]
      [Object Copy (ms): Min: 0.9, Avg: 1.1, Max: 1.4, Diff: 0.4, Sum: 4.2]
      [Termination (ms): Min: 0.0, Avg: 0.0, Max: 0.0, Diff: 0.0, Sum: 0.0]
         [Termination Attempts: Min: 1, Avg: 1.0, Max: 1, Diff: 0, Sum: 4]
      [GC Worker Other (ms): Min: 0.0, Avg: 0.0, Max: 0.0, Diff: 0.0, Sum: 0.0]
      [GC Worker Total (ms): Min: 3.8, Avg: 3.9, Max: 4.0, Diff: 0.2, Sum: 15.7]
      [GC Worker End (ms): Min: 1468372.9, Avg: 1468372.9, Max: 1468372.9, Diff: 0.0]
   [Code Root Fixup: 0.1 ms]
   [Code Root Purge: 0.0 ms]
   [Clear CT: 0.1 ms]
   [Other: 0.4 ms]
      [Choose CSet: 0.0 ms]
      [Ref Proc: 0.2 ms]
      [Ref Enq: 0.0 ms]
      [Redirty Cards: 0.1 ms]
      [Humongous Register: 0.0 ms]
      [Humongous Reclaim: 0.0 ms]
      [Free CSet: 0.0 ms]
   [Eden: 79.0M(79.0M)->0.0B(79.0M) Survivors: 1024.0K->1024.0K Heap: 227.1M(256.0M)->148.3M(256.0M)]
 [Times: user=0.02 sys=0.00, real=0.01 secs] 
2020-04-13T16:08:05.423+0800: 1468.374: [GC concurrent-root-region-scan-start]
2020-04-13T16:08:05.426+0800: 1468.376: [GC concurrent-root-region-scan-end, 0.0026630 secs]
2020-04-13T16:08:05.426+0800: 1468.376: [GC concurrent-mark-start]
2020-04-13T16:08:05.453+0800: 1468.403: [GC concurrent-mark-end, 0.0266280 secs]
2020-04-13T16:08:05.453+0800: 1468.403: [GC remark 2020-04-13T16:08:05.453+0800: 1468.403: [Finalize Marking, 0.0001143 secs] 2020-04-13T16:08:05.453+0800: 1468.403: [GC ref-proc, 0.0000768 secs] 2020-04-13T16:08:05.453+0800: 1468.403: [Unloading, 0.0037002 secs], 0.0053257 secs]
 [Times: user=0.01 sys=0.00, real=0.00 secs] 
2020-04-13T16:08:05.458+0800: 1468.409: [GC cleanup 149M->149M(256M), 0.0004726 secs]
 [Times: user=0.00 sys=0.00, real=0.00 secs] 
2020-04-13T16:08:06.875+0800: 1469.825: [GC pause (G1 Evacuation Pause) (young), 0.0051059 secs]
   [Parallel Time: 4.6 ms, GC Workers: 4]
      [GC Worker Start (ms): Min: 1469825.3, Avg: 1469825.3, Max: 1469825.3, Diff: 0.0]
      [Ext Root Scanning (ms): Min: 0.3, Avg: 0.4, Max: 0.5, Diff: 0.2, Sum: 1.5]
      [Update RS (ms): Min: 0.0, Avg: 1.5, Max: 2.1, Diff: 2.1, Sum: 6.0]
         [Processed Buffers: Min: 0, Avg: 8.5, Max: 13, Diff: 13, Sum: 34]
      [Scan RS (ms): Min: 0.4, Avg: 0.5, Max: 0.5, Diff: 0.2, Sum: 1.8]
      [Code Root Scanning (ms): Min: 0.0, Avg: 0.0, Max: 0.0, Diff: 0.0, Sum: 0.0]
      [Object Copy (ms): Min: 1.3, Avg: 2.1, Max: 3.7, Diff: 2.5, Sum: 8.4]
      [Termination (ms): Min: 0.0, Avg: 0.2, Max: 0.2, Diff: 0.2, Sum: 0.6]
         [Termination Attempts: Min: 1, Avg: 1.0, Max: 1, Diff: 0, Sum: 4]
      [GC Worker Other (ms): Min: 0.0, Avg: 0.0, Max: 0.0, Diff: 0.0, Sum: 0.0]
      [GC Worker Total (ms): Min: 4.5, Avg: 4.6, Max: 4.6, Diff: 0.1, Sum: 18.3]
      [GC Worker End (ms): Min: 1469829.8, Avg: 1469829.9, Max: 1469829.9, Diff: 0.1]
   [Code Root Fixup: 0.0 ms]
   [Code Root Purge: 0.0 ms]
   [Clear CT: 0.0 ms]
   [Other: 0.4 ms]
      [Choose CSet: 0.0 ms]
      [Ref Proc: 0.1 ms]
      [Ref Enq: 0.0 ms]
      [Redirty Cards: 0.1 ms]
      [Humongous Register: 0.0 ms]
      [Humongous Reclaim: 0.0 ms]
      [Free CSet: 0.0 ms]
   [Eden: 79.0M(79.0M)->0.0B(79.0M) Survivors: 1024.0K->1024.0K Heap: 227.3M(256.0M)->148.1M(256.0M)]
 [Times: user=0.02 sys=0.00, real=0.01 secs] 
2020-04-13T16:08:08.449+0800: 1471.399: [GC pause (G1 Evacuation Pause) (young), 0.0077957 secs]
   [Parallel Time: 7.3 ms, GC Workers: 4]
      [GC Worker Start (ms): Min: 1471398.7, Avg: 1471398.7, Max: 1471398.8, Diff: 0.0]
      [Ext Root Scanning (ms): Min: 0.3, Avg: 0.4, Max: 0.5, Diff: 0.2, Sum: 1.5]
      [Update RS (ms): Min: 2.9, Avg: 4.0, Max: 6.2, Diff: 3.3, Sum: 16.0]
         [Processed Buffers: Min: 4, Avg: 8.0, Max: 14, Diff: 10, Sum: 32]
      [Scan RS (ms): Min: 0.0, Avg: 0.5, Max: 1.1, Diff: 1.1, Sum: 2.1]
      [Code Root Scanning (ms): Min: 0.0, Avg: 0.0, Max: 0.0, Diff: 0.0, Sum: 0.0]
      [Object Copy (ms): Min: 0.0, Avg: 1.1, Max: 1.6, Diff: 1.5, Sum: 4.6]
      [Termination (ms): Min: 0.0, Avg: 0.7, Max: 1.4, Diff: 1.4, Sum: 2.7]
         [Termination Attempts: Min: 1, Avg: 1.2, Max: 2, Diff: 1, Sum: 5]
      [GC Worker Other (ms): Min: 0.0, Avg: 0.0, Max: 0.0, Diff: 0.0, Sum: 0.1]
      [GC Worker Total (ms): Min: 6.6, Avg: 6.8, Max: 7.3, Diff: 0.7, Sum: 27.0]
      [GC Worker End (ms): Min: 1471405.3, Avg: 1471405.5, Max: 1471406.0, Diff: 0.7]
   [Code Root Fixup: 0.0 ms]
   [Code Root Purge: 0.0 ms]
   [Clear CT: 0.1 ms]
   [Other: 0.3 ms]
      [Choose CSet: 0.0 ms]
      [Ref Proc: 0.1 ms]
      [Ref Enq: 0.0 ms]
      [Redirty Cards: 0.1 ms]
      [Humongous Register: 0.0 ms]
      [Humongous Reclaim: 0.0 ms]
      [Free CSet: 0.0 ms]
   [Eden: 79.0M(79.0M)->0.0B(79.0M) Survivors: 1024.0K->1024.0K Heap: 227.1M(256.0M)->148.3M(256.0M)]
 [Times: user=0.01 sys=0.00, real=0.01 secs] 
2020-04-13T16:08:09.834+0800: 1472.784: [GC pause (G1 Evacuation Pause) (young) (initial-mark), 0.0064627 secs]
   [Parallel Time: 4.8 ms, GC Workers: 4]
      [GC Worker Start (ms): Min: 1472784.4, Avg: 1472784.4, Max: 1472784.4, Diff: 0.0]
      [Ext Root Scanning (ms): Min: 0.5, Avg: 0.6, Max: 0.6, Diff: 0.1, Sum: 2.3]
      [Update RS (ms): Min: 1.6, Avg: 2.3, Max: 4.1, Diff: 2.5, Sum: 9.4]
         [Processed Buffers: Min: 5, Avg: 10.8, Max: 18, Diff: 13, Sum: 43]
      [Scan RS (ms): Min: 0.0, Avg: 0.5, Max: 0.9, Diff: 0.9, Sum: 2.1]
      [Code Root Scanning (ms): Min: 0.0, Avg: 0.0, Max: 0.0, Diff: 0.0, Sum: 0.0]
      [Object Copy (ms): Min: 0.0, Avg: 0.9, Max: 1.3, Diff: 1.3, Sum: 3.8]
      [Termination (ms): Min: 0.0, Avg: 0.3, Max: 0.5, Diff: 0.5, Sum: 1.3]
         [Termination Attempts: Min: 1, Avg: 5.0, Max: 9, Diff: 8, Sum: 20]
      [GC Worker Other (ms): Min: 0.0, Avg: 0.0, Max: 0.0, Diff: 0.0, Sum: 0.0]
      [GC Worker Total (ms): Min: 4.7, Avg: 4.7, Max: 4.7, Diff: 0.1, Sum: 18.8]
      [GC Worker End (ms): Min: 1472789.1, Avg: 1472789.1, Max: 1472789.1, Diff: 0.0]
   [Code Root Fixup: 0.0 ms]
   [Code Root Purge: 0.0 ms]
   [Clear CT: 0.1 ms]
   [Other: 1.5 ms]
      [Choose CSet: 0.0 ms]
      [Ref Proc: 1.3 ms]
      [Ref Enq: 0.0 ms]
      [Redirty Cards: 0.1 ms]
      [Humongous Register: 0.0 ms]
      [Humongous Reclaim: 0.0 ms]
      [Free CSet: 0.0 ms]
   [Eden: 79.0M(79.0M)->0.0B(79.0M) Survivors: 1024.0K->1024.0K Heap: 227.3M(256.0M)->148.5M(256.0M)]
 [Times: user=0.01 sys=0.00, real=0.01 secs] 
2020-04-13T16:08:09.841+0800: 1472.791: [GC concurrent-root-region-scan-start]
2020-04-13T16:08:09.843+0800: 1472.793: [GC concurrent-root-region-scan-end, 0.0021990 secs]
2020-04-13T16:08:09.843+0800: 1472.793: [GC concurrent-mark-start]
2020-04-13T16:08:09.867+0800: 1472.817: [GC concurrent-mark-end, 0.0243226 secs]
2020-04-13T16:08:09.868+0800: 1472.818: [GC remark 2020-04-13T16:08:09.868+0800: 1472.818: [Finalize Marking, 0.0007594 secs] 2020-04-13T16:08:09.868+0800: 1472.819: [GC ref-proc, 0.0000659 secs] 2020-04-13T16:08:09.869+0800: 1472.819: [Unloading, 0.0042994 secs], 0.0064051 secs]
 [Times: user=0.01 sys=0.01, real=0.01 secs] 
2020-04-13T16:08:09.874+0800: 1472.824: [GC cleanup 150M->150M(256M), 0.0003631 secs]
 [Times: user=0.00 sys=0.00, real=0.00 secs] 
2020-04-13T16:08:11.186+0800: 1474.136: [GC pause (G1 Evacuation Pause) (young), 0.0041139 secs]
   [Parallel Time: 3.6 ms, GC Workers: 4]
      [GC Worker Start (ms): Min: 1474136.3, Avg: 1474136.3, Max: 1474136.3, Diff: 0.0]
      [Ext Root Scanning (ms): Min: 0.3, Avg: 0.4, Max: 0.5, Diff: 0.2, Sum: 1.5]
      [Update RS (ms): Min: 1.4, Avg: 1.4, Max: 1.6, Diff: 0.2, Sum: 5.8]
         [Processed Buffers: Min: 4, Avg: 7.8, Max: 13, Diff: 9, Sum: 31]
      [Scan RS (ms): Min: 0.6, Avg: 0.7, Max: 0.8, Diff: 0.2, Sum: 2.9]
      [Code Root Scanning (ms): Min: 0.0, Avg: 0.0, Max: 0.0, Diff: 0.0, Sum: 0.0]
      [Object Copy (ms): Min: 0.9, Avg: 0.9, Max: 1.0, Diff: 0.1, Sum: 3.7]
      [Termination (ms): Min: 0.0, Avg: 0.0, Max: 0.0, Diff: 0.0, Sum: 0.0]
         [Termination Attempts: Min: 1, Avg: 1.0, Max: 1, Diff: 0, Sum: 4]
      [GC Worker Other (ms): Min: 0.0, Avg: 0.0, Max: 0.0, Diff: 0.0, Sum: 0.0]
      [GC Worker Total (ms): Min: 3.5, Avg: 3.5, Max: 3.5, Diff: 0.0, Sum: 14.0]
      [GC Worker End (ms): Min: 1474139.8, Avg: 1474139.8, Max: 1474139.8, Diff: 0.0]
   [Code Root Fixup: 0.0 ms]
   [Code Root Purge: 0.0 ms]
   [Clear CT: 0.0 ms]
   [Other: 0.5 ms]
      [Choose CSet: 0.0 ms]
      [Ref Proc: 0.1 ms]
      [Ref Enq: 0.0 ms]
      [Redirty Cards: 0.1 ms]
      [Humongous Register: 0.0 ms]
      [Humongous Reclaim: 0.0 ms]
      [Free CSet: 0.2 ms]
   [Eden: 79.0M(79.0M)->0.0B(79.0M) Survivors: 1024.0K->1024.0K Heap: 227.5M(256.0M)->148.2M(256.0M)]
 [Times: user=0.01 sys=0.00, real=0.01 secs] 
2020-04-13T16:08:12.682+0800: 1475.632: [GC pause (G1 Evacuation Pause) (young), 0.0044819 secs]
   [Parallel Time: 3.6 ms, GC Workers: 4]
      [GC Worker Start (ms): Min: 1475632.5, Avg: 1475632.5, Max: 1475632.5, Diff: 0.0]
      [Ext Root Scanning (ms): Min: 0.3, Avg: 0.4, Max: 0.5, Diff: 0.2, Sum: 1.5]
      [Update RS (ms): Min: 1.2, Avg: 1.5, Max: 1.7, Diff: 0.5, Sum: 6.0]
         [Processed Buffers: Min: 5, Avg: 7.8, Max: 14, Diff: 9, Sum: 31]
      [Scan RS (ms): Min: 0.5, Avg: 0.7, Max: 0.9, Diff: 0.4, Sum: 2.8]
      [Code Root Scanning (ms): Min: 0.0, Avg: 0.0, Max: 0.0, Diff: 0.0, Sum: 0.0]
      [Object Copy (ms): Min: 0.9, Avg: 0.9, Max: 1.0, Diff: 0.1, Sum: 3.7]
      [Termination (ms): Min: 0.0, Avg: 0.0, Max: 0.0, Diff: 0.0, Sum: 0.0]
         [Termination Attempts: Min: 1, Avg: 1.0, Max: 1, Diff: 0, Sum: 4]
      [GC Worker Other (ms): Min: 0.0, Avg: 0.0, Max: 0.0, Diff: 0.0, Sum: 0.0]
      [GC Worker Total (ms): Min: 3.5, Avg: 3.5, Max: 3.5, Diff: 0.0, Sum: 14.1]
      [GC Worker End (ms): Min: 1475636.0, Avg: 1475636.0, Max: 1475636.0, Diff: 0.0]
   [Code Root Fixup: 0.0 ms]
   [Code Root Purge: 0.0 ms]
   [Clear CT: 0.1 ms]
   [Other: 0.8 ms]
      [Choose CSet: 0.0 ms]
      [Ref Proc: 0.5 ms]
      [Ref Enq: 0.0 ms]
      [Redirty Cards: 0.1 ms]
      [Humongous Register: 0.0 ms]
      [Humongous Reclaim: 0.0 ms]
      [Free CSet: 0.0 ms]
   [Eden: 79.0M(79.0M)->0.0B(79.0M) Survivors: 1024.0K->1024.0K Heap: 227.2M(256.0M)->148.5M(256.0M)]
 [Times: user=0.02 sys=0.00, real=0.00 secs] 
2020-04-13T16:08:14.034+0800: 1476.984: [GC pause (G1 Evacuation Pause) (young) (initial-mark), 0.0080492 secs]
   [Parallel Time: 6.9 ms, GC Workers: 4]
      [GC Worker Start (ms): Min: 1476984.4, Avg: 1476984.4, Max: 1476984.4, Diff: 0.0]
      [Ext Root Scanning (ms): Min: 0.6, Avg: 0.6, Max: 0.6, Diff: 0.1, Sum: 2.4]
      [Update RS (ms): Min: 1.5, Avg: 2.4, Max: 4.5, Diff: 2.9, Sum: 9.7]
         [Processed Buffers: Min: 3, Avg: 7.2, Max: 10, Diff: 7, Sum: 29]
      [Scan RS (ms): Min: 0.0, Avg: 0.7, Max: 1.1, Diff: 1.1, Sum: 2.7]
      [Code Root Scanning (ms): Min: 0.0, Avg: 0.0, Max: 0.0, Diff: 0.0, Sum: 0.0]
      [Object Copy (ms): Min: 0.3, Avg: 1.8, Max: 2.8, Diff: 2.5, Sum: 7.3]
      [Termination (ms): Min: 0.0, Avg: 0.9, Max: 1.6, Diff: 1.6, Sum: 3.7]
         [Termination Attempts: Min: 1, Avg: 1.0, Max: 1, Diff: 0, Sum: 4]
      [GC Worker Other (ms): Min: 0.0, Avg: 0.0, Max: 0.0, Diff: 0.0, Sum: 0.0]
      [GC Worker Total (ms): Min: 6.0, Avg: 6.5, Max: 6.9, Diff: 0.9, Sum: 25.8]
      [GC Worker End (ms): Min: 1476990.4, Avg: 1476990.9, Max: 1476991.3, Diff: 0.9]
   [Code Root Fixup: 0.0 ms]
   [Code Root Purge: 0.0 ms]
   [Clear CT: 0.1 ms]
   [Other: 1.0 ms]
      [Choose CSet: 0.0 ms]
      [Ref Proc: 0.8 ms]
      [Ref Enq: 0.0 ms]
      [Redirty Cards: 0.1 ms]
      [Humongous Register: 0.0 ms]
      [Humongous Reclaim: 0.0 ms]
      [Free CSet: 0.0 ms]
   [Eden: 79.0M(79.0M)->0.0B(79.0M) Survivors: 1024.0K->1024.0K Heap: 227.5M(256.0M)->148.3M(256.0M)]
 [Times: user=0.02 sys=0.00, real=0.01 secs] 
2020-04-13T16:08:14.042+0800: 1476.993: [GC concurrent-root-region-scan-start]
2020-04-13T16:08:14.045+0800: 1476.995: [GC concurrent-root-region-scan-end, 0.0027377 secs]
2020-04-13T16:08:14.045+0800: 1476.995: [GC concurrent-mark-start]
2020-04-13T16:08:14.067+0800: 1477.017: [GC concurrent-mark-end, 0.0222122 secs]
2020-04-13T16:08:14.068+0800: 1477.018: [GC remark 2020-04-13T16:08:14.068+0800: 1477.018: [Finalize Marking, 0.0001599 secs] 2020-04-13T16:08:14.068+0800: 1477.018: [GC ref-proc, 0.0000670 secs] 2020-04-13T16:08:14.068+0800: 1477.018: [Unloading, 0.0065966 secs], 0.0085421 secs]
 [Times: user=0.02 sys=0.00, real=0.01 secs] 
2020-04-13T16:08:14.076+0800: 1477.026: [GC cleanup 149M->149M(256M), 0.0008715 secs]
 [Times: user=0.00 sys=0.00, real=0.00 secs] 
2020-04-13T16:08:15.433+0800: 1478.384: [GC pause (G1 Evacuation Pause) (young), 0.0119017 secs]
   [Parallel Time: 11.1 ms, GC Workers: 4]
      [GC Worker Start (ms): Min: 1478383.6, Avg: 1478384.8, Max: 1478388.2, Diff: 4.6]
      [Ext Root Scanning (ms): Min: 0.2, Avg: 3.7, Max: 5.5, Diff: 5.3, Sum: 15.0]
      [Update RS (ms): Min: 2.0, Avg: 2.7, Max: 3.4, Diff: 1.4, Sum: 10.7]
         [Processed Buffers: Min: 0, Avg: 8.8, Max: 20, Diff: 20, Sum: 35]
      [Scan RS (ms): Min: 0.7, Avg: 1.7, Max: 3.5, Diff: 2.8, Sum: 7.0]
      [Code Root Scanning (ms): Min: 0.0, Avg: 0.0, Max: 0.0, Diff: 0.0, Sum: 0.0]
      [Object Copy (ms): Min: 0.0, Avg: 1.1, Max: 1.6, Diff: 1.6, Sum: 4.3]
      [Termination (ms): Min: 0.0, Avg: 0.6, Max: 0.8, Diff: 0.8, Sum: 2.4]
         [Termination Attempts: Min: 1, Avg: 1.5, Max: 2, Diff: 1, Sum: 6]
      [GC Worker Other (ms): Min: 0.0, Avg: 0.0, Max: 0.0, Diff: 0.0, Sum: 0.1]
      [GC Worker Total (ms): Min: 6.5, Avg: 9.9, Max: 11.1, Diff: 4.6, Sum: 39.5]
      [GC Worker End (ms): Min: 1478394.6, Avg: 1478394.6, Max: 1478394.7, Diff: 0.1]
   [Code Root Fixup: 0.0 ms]
   [Code Root Purge: 0.0 ms]
   [Clear CT: 0.0 ms]
   [Other: 0.7 ms]
      [Choose CSet: 0.0 ms]
      [Ref Proc: 0.5 ms]
      [Ref Enq: 0.0 ms]
      [Redirty Cards: 0.1 ms]
      [Humongous Register: 0.0 ms]
      [Humongous Reclaim: 0.0 ms]
      [Free CSet: 0.0 ms]
   [Eden: 79.0M(79.0M)->0.0B(79.0M) Survivors: 1024.0K->1024.0K Heap: 227.3M(256.0M)->148.6M(256.0M)]
 [Times: user=0.02 sys=0.00, real=0.01 secs] 
2020-04-13T16:08:16.823+0800: 1479.773: [GC pause (G1 Evacuation Pause) (young), 0.0091655 secs]
   [Parallel Time: 5.9 ms, GC Workers: 4]
      [GC Worker Start (ms): Min: 1479773.4, Avg: 1479773.5, Max: 1479773.5, Diff: 0.1]
      [Ext Root Scanning (ms): Min: 0.4, Avg: 0.7, Max: 1.7, Diff: 1.3, Sum: 2.9]
      [Update RS (ms): Min: 1.5, Avg: 2.5, Max: 3.4, Diff: 1.9, Sum: 10.1]
         [Processed Buffers: Min: 1, Avg: 8.2, Max: 16, Diff: 15, Sum: 33]
      [Scan RS (ms): Min: 0.8, Avg: 1.0, Max: 1.3, Diff: 0.4, Sum: 4.1]
      [Code Root Scanning (ms): Min: 0.0, Avg: 0.0, Max: 0.0, Diff: 0.0, Sum: 0.0]
      [Object Copy (ms): Min: 0.9, Avg: 1.4, Max: 2.5, Diff: 1.6, Sum: 5.5]
      [Termination (ms): Min: 0.0, Avg: 0.0, Max: 0.0, Diff: 0.0, Sum: 0.0]
         [Termination Attempts: Min: 1, Avg: 1.0, Max: 1, Diff: 0, Sum: 4]
      [GC Worker Other (ms): Min: 0.0, Avg: 0.0, Max: 0.0, Diff: 0.0, Sum: 0.1]
      [GC Worker Total (ms): Min: 5.6, Avg: 5.7, Max: 5.7, Diff: 0.1, Sum: 22.6]
      [GC Worker End (ms): Min: 1479779.1, Avg: 1479779.1, Max: 1479779.1, Diff: 0.0]
   [Code Root Fixup: 0.0 ms]
   [Code Root Purge: 0.0 ms]
   [Clear CT: 0.2 ms]
   [Other: 3.0 ms]
      [Choose CSet: 0.0 ms]
      [Ref Proc: 2.6 ms]
      [Ref Enq: 0.0 ms]
      [Redirty Cards: 0.2 ms]
      [Humongous Register: 0.0 ms]
      [Humongous Reclaim: 0.0 ms]
      [Free CSet: 0.0 ms]
   [Eden: 79.0M(79.0M)->0.0B(79.0M) Survivors: 1024.0K->1024.0K Heap: 227.6M(256.0M)->148.4M(256.0M)]
 [Times: user=0.02 sys=0.01, real=0.01 secs] 
2020-04-13T16:08:18.238+0800: 1481.189: [GC pause (G1 Evacuation Pause) (young) (initial-mark), 0.0060752 secs]
   [Parallel Time: 5.7 ms, GC Workers: 4]
      [GC Worker Start (ms): Min: 1481188.6, Avg: 1481188.6, Max: 1481188.6, Diff: 0.0]
      [Ext Root Scanning (ms): Min: 0.9, Avg: 0.9, Max: 0.9, Diff: 0.0, Sum: 3.6]
      [Update RS (ms): Min: 1.1, Avg: 1.4, Max: 1.6, Diff: 0.5, Sum: 5.4]
         [Processed Buffers: Min: 3, Avg: 7.2, Max: 13, Diff: 10, Sum: 29]
      [Scan RS (ms): Min: 0.9, Avg: 1.6, Max: 3.3, Diff: 2.4, Sum: 6.5]
      [Code Root Scanning (ms): Min: 0.0, Avg: 0.0, Max: 0.0, Diff: 0.0, Sum: 0.0]
      [Object Copy (ms): Min: 0.0, Avg: 1.1, Max: 1.5, Diff: 1.5, Sum: 4.3]
      [Termination (ms): Min: 0.0, Avg: 0.6, Max: 0.8, Diff: 0.8, Sum: 2.4]
         [Termination Attempts: Min: 1, Avg: 1.0, Max: 1, Diff: 0, Sum: 4]
      [GC Worker Other (ms): Min: 0.0, Avg: 0.0, Max: 0.0, Diff: 0.0, Sum: 0.0]
      [GC Worker Total (ms): Min: 5.4, Avg: 5.6, Max: 5.6, Diff: 0.2, Sum: 22.3]
      [GC Worker End (ms): Min: 1481194.0, Avg: 1481194.2, Max: 1481194.2, Diff: 0.2]
   [Code Root Fixup: 0.0 ms]
   [Code Root Purge: 0.0 ms]
   [Clear CT: 0.0 ms]
   [Other: 0.3 ms]
      [Choose CSet: 0.0 ms]
      [Ref Proc: 0.1 ms]
      [Ref Enq: 0.0 ms]
      [Redirty Cards: 0.1 ms]
      [Humongous Register: 0.0 ms]
      [Humongous Reclaim: 0.0 ms]
      [Free CSet: 0.0 ms]
   [Eden: 79.0M(79.0M)->0.0B(79.0M) Survivors: 1024.0K->1024.0K Heap: 227.4M(256.0M)->148.5M(256.0M)]
 [Times: user=0.02 sys=0.00, real=0.01 secs] 
2020-04-13T16:08:18.245+0800: 1481.195: [GC concurrent-root-region-scan-start]
2020-04-13T16:08:18.247+0800: 1481.197: [GC concurrent-root-region-scan-end, 0.0025003 secs]
2020-04-13T16:08:18.247+0800: 1481.197: [GC concurrent-mark-start]
2020-04-13T16:08:18.271+0800: 1481.221: [GC concurrent-mark-end, 0.0240629 secs]
2020-04-13T16:08:18.271+0800: 1481.221: [GC remark 2020-04-13T16:08:18.271+0800: 1481.222: [Finalize Marking, 0.0001942 secs] 2020-04-13T16:08:18.272+0800: 1481.222: [GC ref-proc, 0.0000904 secs] 2020-04-13T16:08:18.272+0800: 1481.222: [Unloading, 0.0036056 secs], 0.0057034 secs]
 [Times: user=0.02 sys=0.00, real=0.00 secs] 
2020-04-13T16:08:18.277+0800: 1481.227: [GC cleanup 150M->150M(256M), 0.0002845 secs]
 [Times: user=0.00 sys=0.00, real=0.00 secs] 
2020-04-13T16:08:19.637+0800: 1482.587: [GC pause (G1 Evacuation Pause) (young), 0.0044923 secs]
   [Parallel Time: 4.1 ms, GC Workers: 4]
      [GC Worker Start (ms): Min: 1482586.7, Avg: 1482586.7, Max: 1482586.7, Diff: 0.0]
      [Ext Root Scanning (ms): Min: 0.3, Avg: 0.4, Max: 0.5, Diff: 0.2, Sum: 1.5]
      [Update RS (ms): Min: 1.0, Avg: 1.1, Max: 1.3, Diff: 0.3, Sum: 4.6]
         [Processed Buffers: Min: 5, Avg: 8.5, Max: 13, Diff: 8, Sum: 34]
      [Scan RS (ms): Min: 1.1, Avg: 1.4, Max: 1.9, Diff: 0.8, Sum: 5.7]
      [Code Root Scanning (ms): Min: 0.0, Avg: 0.0, Max: 0.0, Diff: 0.0, Sum: 0.0]
      [Object Copy (ms): Min: 0.7, Avg: 1.0, Max: 1.2, Diff: 0.5, Sum: 3.8]
      [Termination (ms): Min: 0.0, Avg: 0.0, Max: 0.0, Diff: 0.0, Sum: 0.0]
         [Termination Attempts: Min: 1, Avg: 1.2, Max: 2, Diff: 1, Sum: 5]
      [GC Worker Other (ms): Min: 0.0, Avg: 0.0, Max: 0.1, Diff: 0.1, Sum: 0.1]
      [GC Worker Total (ms): Min: 3.9, Avg: 4.0, Max: 4.0, Diff: 0.1, Sum: 15.8]
      [GC Worker End (ms): Min: 1482590.6, Avg: 1482590.6, Max: 1482590.7, Diff: 0.1]
   [Code Root Fixup: 0.0 ms]
   [Code Root Purge: 0.0 ms]
   [Clear CT: 0.0 ms]
   [Other: 0.4 ms]
      [Choose CSet: 0.0 ms]
      [Ref Proc: 0.1 ms]
      [Ref Enq: 0.0 ms]
      [Redirty Cards: 0.1 ms]
      [Humongous Register: 0.0 ms]
      [Humongous Reclaim: 0.0 ms]
      [Free CSet: 0.0 ms]
   [Eden: 79.0M(79.0M)->0.0B(79.0M) Survivors: 1024.0K->1024.0K Heap: 227.5M(256.0M)->148.7M(256.0M)]
 [Times: user=0.02 sys=0.00, real=0.01 secs] 
2020-04-13T16:08:20.936+0800: 1483.886: [GC pause (G1 Evacuation Pause) (young), 0.0050374 secs]
   [Parallel Time: 4.3 ms, GC Workers: 4]
      [GC Worker Start (ms): Min: 1483885.7, Avg: 1483885.8, Max: 1483885.9, Diff: 0.1]
      [Ext Root Scanning (ms): Min: 0.3, Avg: 0.4, Max: 0.7, Diff: 0.4, Sum: 1.7]
      [Update RS (ms): Min: 1.1, Avg: 1.2, Max: 1.4, Diff: 0.3, Sum: 4.7]
         [Processed Buffers: Min: 4, Avg: 8.8, Max: 16, Diff: 12, Sum: 35]
      [Scan RS (ms): Min: 0.8, Avg: 1.0, Max: 1.2, Diff: 0.3, Sum: 4.0]
      [Code Root Scanning (ms): Min: 0.0, Avg: 0.0, Max: 0.0, Diff: 0.0, Sum: 0.0]
      [Object Copy (ms): Min: 1.3, Avg: 1.4, Max: 1.6, Diff: 0.3, Sum: 5.6]
      [Termination (ms): Min: 0.0, Avg: 0.2, Max: 0.2, Diff: 0.2, Sum: 0.6]
         [Termination Attempts: Min: 1, Avg: 1.0, Max: 1, Diff: 0, Sum: 4]
      [GC Worker Other (ms): Min: 0.0, Avg: 0.0, Max: 0.0, Diff: 0.0, Sum: 0.0]
      [GC Worker Total (ms): Min: 4.0, Avg: 4.2, Max: 4.2, Diff: 0.2, Sum: 16.7]
      [GC Worker End (ms): Min: 1483889.9, Avg: 1483889.9, Max: 1483890.0, Diff: 0.1]
   [Code Root Fixup: 0.0 ms]
   [Code Root Purge: 0.0 ms]
   [Clear CT: 0.1 ms]
   [Other: 0.7 ms]
      [Choose CSet: 0.0 ms]
      [Ref Proc: 0.5 ms]
      [Ref Enq: 0.0 ms]
      [Redirty Cards: 0.1 ms]
      [Humongous Register: 0.0 ms]
      [Humongous Reclaim: 0.0 ms]
      [Free CSet: 0.0 ms]
   [Eden: 79.0M(79.0M)->0.0B(79.0M) Survivors: 1024.0K->1024.0K Heap: 227.7M(256.0M)->148.9M(256.0M)]
 [Times: user=0.01 sys=0.00, real=0.01 secs] 
2020-04-13T16:08:22.403+0800: 1485.353: [GC pause (G1 Evacuation Pause) (young) (initial-mark), 0.0043709 secs]
   [Parallel Time: 4.0 ms, GC Workers: 4]
      [GC Worker Start (ms): Min: 1485353.3, Avg: 1485353.3, Max: 1485353.3, Diff: 0.0]
      [Ext Root Scanning (ms): Min: 0.6, Avg: 0.6, Max: 0.6, Diff: 0.0, Sum: 2.3]
      [Update RS (ms): Min: 1.1, Avg: 1.3, Max: 1.5, Diff: 0.4, Sum: 5.1]
         [Processed Buffers: Min: 3, Avg: 9.2, Max: 17, Diff: 14, Sum: 37]
      [Scan RS (ms): Min: 0.8, Avg: 1.0, Max: 1.2, Diff: 0.5, Sum: 4.1]
      [Code Root Scanning (ms): Min: 0.0, Avg: 0.0, Max: 0.0, Diff: 0.0, Sum: 0.0]
      [Object Copy (ms): Min: 1.0, Avg: 1.0, Max: 1.1, Diff: 0.1, Sum: 4.1]
      [Termination (ms): Min: 0.0, Avg: 0.0, Max: 0.0, Diff: 0.0, Sum: 0.0]
         [Termination Attempts: Min: 1, Avg: 1.0, Max: 1, Diff: 0, Sum: 4]
      [GC Worker Other (ms): Min: 0.0, Avg: 0.0, Max: 0.0, Diff: 0.0, Sum: 0.0]
      [GC Worker Total (ms): Min: 3.9, Avg: 3.9, Max: 3.9, Diff: 0.0, Sum: 15.6]
      [GC Worker End (ms): Min: 1485357.2, Avg: 1485357.2, Max: 1485357.2, Diff: 0.0]
   [Code Root Fixup: 0.0 ms]
   [Code Root Purge: 0.0 ms]
   [Clear CT: 0.1 ms]
   [Other: 0.3 ms]
      [Choose CSet: 0.0 ms]
      [Ref Proc: 0.1 ms]
      [Ref Enq: 0.0 ms]
      [Redirty Cards: 0.1 ms]
      [Humongous Register: 0.0 ms]
      [Humongous Reclaim: 0.0 ms]
      [Free CSet: 0.0 ms]
   [Eden: 79.0M(79.0M)->0.0B(79.0M) Survivors: 1024.0K->1024.0K Heap: 227.9M(256.0M)->148.6M(256.0M)]
 [Times: user=0.01 sys=0.00, real=0.00 secs] 
2020-04-13T16:08:22.408+0800: 1485.358: [GC concurrent-root-region-scan-start]
2020-04-13T16:08:22.411+0800: 1485.361: [GC concurrent-root-region-scan-end, 0.0033275 secs]
2020-04-13T16:08:22.411+0800: 1485.361: [GC concurrent-mark-start]
2020-04-13T16:08:22.436+0800: 1485.386: [GC concurrent-mark-end, 0.0252510 secs]
2020-04-13T16:08:22.436+0800: 1485.386: [GC remark 2020-04-13T16:08:22.437+0800: 1485.387: [Finalize Marking, 0.0001078 secs] 2020-04-13T16:08:22.437+0800: 1485.387: [GC ref-proc, 0.0000940 secs] 2020-04-13T16:08:22.437+0800: 1485.387: [Unloading, 0.0047667 secs], 0.0063066 secs]
 [Times: user=0.02 sys=0.00, real=0.01 secs] 
2020-04-13T16:08:22.443+0800: 1485.393: [GC cleanup 150M->150M(256M), 0.0003340 secs]
 [Times: user=0.00 sys=0.00, real=0.00 secs] 
2020-04-13T16:08:23.721+0800: 1486.671: [GC pause (G1 Evacuation Pause) (young), 0.0043574 secs]
   [Parallel Time: 4.0 ms, GC Workers: 4]
      [GC Worker Start (ms): Min: 1486671.2, Avg: 1486671.3, Max: 1486671.3, Diff: 0.0]
      [Ext Root Scanning (ms): Min: 0.3, Avg: 0.4, Max: 0.5, Diff: 0.2, Sum: 1.4]
      [Update RS (ms): Min: 1.5, Avg: 1.9, Max: 2.9, Diff: 1.4, Sum: 7.6]
         [Processed Buffers: Min: 0, Avg: 7.5, Max: 13, Diff: 13, Sum: 30]
      [Scan RS (ms): Min: 0.0, Avg: 0.7, Max: 1.1, Diff: 1.1, Sum: 2.8]
      [Code Root Scanning (ms): Min: 0.0, Avg: 0.0, Max: 0.0, Diff: 0.0, Sum: 0.0]
      [Object Copy (ms): Min: 0.8, Avg: 1.0, Max: 1.1, Diff: 0.3, Sum: 4.0]
      [Termination (ms): Min: 0.0, Avg: 0.0, Max: 0.0, Diff: 0.0, Sum: 0.0]
         [Termination Attempts: Min: 1, Avg: 1.0, Max: 1, Diff: 0, Sum: 4]
      [GC Worker Other (ms): Min: 0.0, Avg: 0.0, Max: 0.0, Diff: 0.0, Sum: 0.0]
      [GC Worker Total (ms): Min: 4.0, Avg: 4.0, Max: 4.0, Diff: 0.0, Sum: 15.9]
      [GC Worker End (ms): Min: 1486675.2, Avg: 1486675.2, Max: 1486675.2, Diff: 0.0]
   [Code Root Fixup: 0.0 ms]
   [Code Root Purge: 0.0 ms]
   [Clear CT: 0.0 ms]
   [Other: 0.3 ms]
      [Choose CSet: 0.0 ms]
      [Ref Proc: 0.1 ms]
      [Ref Enq: 0.0 ms]
      [Redirty Cards: 0.0 ms]
      [Humongous Register: 0.0 ms]
      [Humongous Reclaim: 0.0 ms]
      [Free CSet: 0.0 ms]
   [Eden: 79.0M(79.0M)->0.0B(78.0M) Survivors: 1024.0K->1024.0K Heap: 227.6M(256.0M)->148.8M(256.0M)]
 [Times: user=0.01 sys=0.00, real=0.00 secs] 
2020-04-13T16:08:25.029+0800: 1487.979: [GC pause (G1 Evacuation Pause) (young), 0.0044769 secs]
   [Parallel Time: 4.1 ms, GC Workers: 4]
      [GC Worker Start (ms): Min: 1487979.0, Avg: 1487979.1, Max: 1487979.1, Diff: 0.0]
      [Ext Root Scanning (ms): Min: 0.3, Avg: 0.4, Max: 0.5, Diff: 0.2, Sum: 1.5]
      [Update RS (ms): Min: 1.7, Avg: 2.1, Max: 2.9, Diff: 1.2, Sum: 8.4]
         [Processed Buffers: Min: 1, Avg: 7.5, Max: 11, Diff: 10, Sum: 30]
      [Scan RS (ms): Min: 0.0, Avg: 0.5, Max: 0.8, Diff: 0.8, Sum: 2.2]
      [Code Root Scanning (ms): Min: 0.0, Avg: 0.0, Max: 0.0, Diff: 0.0, Sum: 0.0]
      [Object Copy (ms): Min: 0.8, Avg: 1.0, Max: 1.1, Diff: 0.3, Sum: 3.9]
      [Termination (ms): Min: 0.0, Avg: 0.0, Max: 0.0, Diff: 0.0, Sum: 0.0]
         [Termination Attempts: Min: 1, Avg: 1.0, Max: 1, Diff: 0, Sum: 4]
      [GC Worker Other (ms): Min: 0.0, Avg: 0.0, Max: 0.0, Diff: 0.0, Sum: 0.0]
      [GC Worker Total (ms): Min: 4.0, Avg: 4.0, Max: 4.0, Diff: 0.0, Sum: 16.0]
      [GC Worker End (ms): Min: 1487983.1, Avg: 1487983.1, Max: 1487983.1, Diff: 0.0]
   [Code Root Fixup: 0.0 ms]
   [Code Root Purge: 0.0 ms]
   [Clear CT: 0.0 ms]
   [Other: 0.3 ms]
      [Choose CSet: 0.0 ms]
      [Ref Proc: 0.1 ms]
      [Ref Enq: 0.0 ms]
      [Redirty Cards: 0.1 ms]
      [Humongous Register: 0.0 ms]
      [Humongous Reclaim: 0.0 ms]
      [Free CSet: 0.0 ms]
   [Eden: 78.0M(78.0M)->0.0B(78.0M) Survivors: 1024.0K->1024.0K Heap: 226.8M(256.0M)->149.0M(256.0M)]
 [Times: user=0.02 sys=0.00, real=0.01 secs] 
2020-04-13T16:08:26.414+0800: 1489.364: [GC pause (G1 Evacuation Pause) (young) (initial-mark), 0.0055511 secs]
   [Parallel Time: 4.9 ms, GC Workers: 4]
      [GC Worker Start (ms): Min: 1489364.3, Avg: 1489364.4, Max: 1489364.4, Diff: 0.0]
      [Ext Root Scanning (ms): Min: 0.6, Avg: 0.6, Max: 0.6, Diff: 0.1, Sum: 2.5]
      [Update RS (ms): Min: 1.4, Avg: 2.1, Max: 3.9, Diff: 2.4, Sum: 8.4]
         [Processed Buffers: Min: 1, Avg: 7.2, Max: 12, Diff: 11, Sum: 29]
      [Scan RS (ms): Min: 0.0, Avg: 0.7, Max: 1.1, Diff: 1.1, Sum: 3.0]
      [Code Root Scanning (ms): Min: 0.0, Avg: 0.0, Max: 0.0, Diff: 0.0, Sum: 0.0]
      [Object Copy (ms): Min: 0.0, Avg: 1.0, Max: 1.5, Diff: 1.5, Sum: 4.0]
      [Termination (ms): Min: 0.1, Avg: 0.3, Max: 0.6, Diff: 0.4, Sum: 1.1]
         [Termination Attempts: Min: 1, Avg: 26.2, Max: 50, Diff: 49, Sum: 105]
      [GC Worker Other (ms): Min: 0.0, Avg: 0.0, Max: 0.0, Diff: 0.0, Sum: 0.0]
      [GC Worker Total (ms): Min: 4.7, Avg: 4.7, Max: 4.9, Diff: 0.2, Sum: 19.0]
      [GC Worker End (ms): Min: 1489369.0, Avg: 1489369.1, Max: 1489369.3, Diff: 0.2]
   [Code Root Fixup: 0.0 ms]
   [Code Root Purge: 0.0 ms]
   [Clear CT: 0.0 ms]
   [Other: 0.5 ms]
      [Choose CSet: 0.0 ms]
      [Ref Proc: 0.3 ms]
      [Ref Enq: 0.0 ms]
      [Redirty Cards: 0.0 ms]
      [Humongous Register: 0.0 ms]
      [Humongous Reclaim: 0.0 ms]
      [Free CSet: 0.0 ms]
   [Eden: 78.0M(78.0M)->0.0B(78.0M) Survivors: 1024.0K->1024.0K Heap: 227.0M(256.0M)->148.7M(256.0M)]
 [Times: user=0.02 sys=0.00, real=0.01 secs] 
2020-04-13T16:08:26.420+0800: 1489.370: [GC concurrent-root-region-scan-start]
2020-04-13T16:08:26.422+0800: 1489.372: [GC concurrent-root-region-scan-end, 0.0020813 secs]
2020-04-13T16:08:26.422+0800: 1489.372: [GC concurrent-mark-start]
2020-04-13T16:08:26.456+0800: 1489.406: [GC concurrent-mark-end, 0.0341001 secs]
2020-04-13T16:08:26.456+0800: 1489.406: [GC remark 2020-04-13T16:08:26.456+0800: 1489.406: [Finalize Marking, 0.0001421 secs] 2020-04-13T16:08:26.457+0800: 1489.407: [GC ref-proc, 0.0000939 secs] 2020-04-13T16:08:26.457+0800: 1489.407: [Unloading, 0.0040014 secs], 0.0057565 secs]
 [Times: user=0.01 sys=0.00, real=0.01 secs] 
2020-04-13T16:08:26.462+0800: 1489.412: [GC cleanup 151M->151M(256M), 0.0002953 secs]
 [Times: user=0.01 sys=0.00, real=0.00 secs] 
2020-04-13T16:08:27.870+0800: 1490.820: [GC pause (G1 Evacuation Pause) (young), 0.0073343 secs]
   [Parallel Time: 6.5 ms, GC Workers: 4]
      [GC Worker Start (ms): Min: 1490820.3, Avg: 1490821.5, Max: 1490824.5, Diff: 4.2]
      [Ext Root Scanning (ms): Min: 0.0, Avg: 0.4, Max: 0.6, Diff: 0.6, Sum: 1.4]
      [Update RS (ms): Min: 0.0, Avg: 1.3, Max: 1.7, Diff: 1.7, Sum: 5.1]
         [Processed Buffers: Min: 0, Avg: 6.5, Max: 12, Diff: 12, Sum: 26]
      [Scan RS (ms): Min: 0.0, Avg: 1.1, Max: 1.5, Diff: 1.5, Sum: 4.2]
      [Code Root Scanning (ms): Min: 0.0, Avg: 0.0, Max: 0.0, Diff: 0.0, Sum: 0.0]
      [Object Copy (ms): Min: 1.0, Avg: 1.5, Max: 2.1, Diff: 1.1, Sum: 6.2]
      [Termination (ms): Min: 0.0, Avg: 0.5, Max: 0.8, Diff: 0.8, Sum: 2.2]
         [Termination Attempts: Min: 1, Avg: 1.0, Max: 1, Diff: 0, Sum: 4]
      [GC Worker Other (ms): Min: 0.0, Avg: 0.0, Max: 0.0, Diff: 0.0, Sum: 0.1]
      [GC Worker Total (ms): Min: 1.7, Avg: 4.8, Max: 5.9, Diff: 4.2, Sum: 19.2]
      [GC Worker End (ms): Min: 1490826.2, Avg: 1490826.3, Max: 1490826.5, Diff: 0.3]
   [Code Root Fixup: 0.1 ms]
   [Code Root Purge: 0.0 ms]
   [Clear CT: 0.0 ms]
   [Other: 0.8 ms]
      [Choose CSet: 0.0 ms]
      [Ref Proc: 0.5 ms]
      [Ref Enq: 0.0 ms]
      [Redirty Cards: 0.1 ms]
      [Humongous Register: 0.0 ms]
      [Humongous Reclaim: 0.0 ms]
      [Free CSet: 0.0 ms]
   [Eden: 78.0M(78.0M)->0.0B(11.0M) Survivors: 1024.0K->1024.0K Heap: 226.7M(256.0M)->148.8M(256.0M)]
 [Times: user=0.02 sys=0.00, real=0.00 secs] 
2020-04-13T16:08:28.059+0800: 1491.009: [GC pause (G1 Evacuation Pause) (mixed), 0.0052236 secs]
   [Parallel Time: 4.3 ms, GC Workers: 4]
      [GC Worker Start (ms): Min: 1491008.7, Avg: 1491008.8, Max: 1491009.0, Diff: 0.2]
      [Ext Root Scanning (ms): Min: 0.3, Avg: 0.7, Max: 1.4, Diff: 1.1, Sum: 2.7]
      [Update RS (ms): Min: 0.3, Avg: 1.1, Max: 1.4, Diff: 1.0, Sum: 4.2]
         [Processed Buffers: Min: 2, Avg: 4.8, Max: 11, Diff: 9, Sum: 19]
      [Scan RS (ms): Min: 1.4, Avg: 1.5, Max: 1.5, Diff: 0.2, Sum: 5.9]
      [Code Root Scanning (ms): Min: 0.0, Avg: 0.0, Max: 0.0, Diff: 0.0, Sum: 0.0]
      [Object Copy (ms): Min: 1.0, Avg: 1.0, Max: 1.1, Diff: 0.1, Sum: 4.1]
      [Termination (ms): Min: 0.0, Avg: 0.0, Max: 0.0, Diff: 0.0, Sum: 0.0]
         [Termination Attempts: Min: 1, Avg: 1.0, Max: 1, Diff: 0, Sum: 4]
      [GC Worker Other (ms): Min: 0.0, Avg: 0.0, Max: 0.0, Diff: 0.0, Sum: 0.1]
      [GC Worker Total (ms): Min: 4.1, Avg: 4.2, Max: 4.3, Diff: 0.2, Sum: 17.0]
      [GC Worker End (ms): Min: 1491013.1, Avg: 1491013.1, Max: 1491013.1, Diff: 0.0]
   [Code Root Fixup: 0.0 ms]
   [Code Root Purge: 0.0 ms]
   [Clear CT: 0.1 ms]
   [Other: 0.7 ms]
      [Choose CSet: 0.0 ms]
      [Ref Proc: 0.5 ms]
      [Ref Enq: 0.0 ms]
      [Redirty Cards: 0.1 ms]
      [Humongous Register: 0.0 ms]
      [Humongous Reclaim: 0.0 ms]
      [Free CSet: 0.0 ms]
   [Eden: 11.0M(11.0M)->0.0B(79.0M) Survivors: 1024.0K->1024.0K Heap: 159.8M(256.0M)->148.1M(256.0M)]
 [Times: user=0.02 sys=0.00, real=0.01 secs] 
2020-04-13T16:08:29.376+0800: 1492.326: [GC pause (G1 Evacuation Pause) (young), 0.0054437 secs]
   [Parallel Time: 4.6 ms, GC Workers: 4]
      [GC Worker Start (ms): Min: 1492326.1, Avg: 1492327.0, Max: 1492327.7, Diff: 1.6]
      [Ext Root Scanning (ms): Min: 0.0, Avg: 0.3, Max: 0.8, Diff: 0.8, Sum: 1.4]
      [Update RS (ms): Min: 0.7, Avg: 1.2, Max: 1.8, Diff: 1.1, Sum: 5.0]
         [Processed Buffers: Min: 4, Avg: 7.2, Max: 12, Diff: 8, Sum: 29]
      [Scan RS (ms): Min: 1.0, Avg: 1.2, Max: 1.5, Diff: 0.5, Sum: 4.8]
      [Code Root Scanning (ms): Min: 0.0, Avg: 0.0, Max: 0.0, Diff: 0.0, Sum: 0.0]
      [Object Copy (ms): Min: 0.7, Avg: 0.9, Max: 1.1, Diff: 0.4, Sum: 3.8]
      [Termination (ms): Min: 0.0, Avg: 0.0, Max: 0.0, Diff: 0.0, Sum: 0.0]
         [Termination Attempts: Min: 1, Avg: 1.0, Max: 1, Diff: 0, Sum: 4]
      [GC Worker Other (ms): Min: 0.0, Avg: 0.0, Max: 0.0, Diff: 0.0, Sum: 0.0]
      [GC Worker Total (ms): Min: 3.0, Avg: 3.8, Max: 4.6, Diff: 1.6, Sum: 15.0]
      [GC Worker End (ms): Min: 1492330.7, Avg: 1492330.7, Max: 1492330.7, Diff: 0.0]
   [Code Root Fixup: 0.1 ms]
   [Code Root Purge: 0.0 ms]
   [Clear CT: 0.1 ms]
   [Other: 0.7 ms]
      [Choose CSet: 0.0 ms]
      [Ref Proc: 0.5 ms]
      [Ref Enq: 0.0 ms]
      [Redirty Cards: 0.1 ms]
      [Humongous Register: 0.0 ms]
      [Humongous Reclaim: 0.0 ms]
      [Free CSet: 0.0 ms]
   [Eden: 79.0M(79.0M)->0.0B(79.0M) Survivors: 1024.0K->1024.0K Heap: 227.1M(256.0M)->148.0M(256.0M)]
 [Times: user=0.02 sys=0.00, real=0.01 secs] 
2020-04-13T16:08:30.743+0800: 1493.693: [GC pause (G1 Evacuation Pause) (young) (initial-mark), 0.0060422 secs]
   [Parallel Time: 5.0 ms, GC Workers: 4]
      [GC Worker Start (ms): Min: 1493693.4, Avg: 1493693.4, Max: 1493693.4, Diff: 0.0]
      [Ext Root Scanning (ms): Min: 0.7, Avg: 0.7, Max: 0.7, Diff: 0.0, Sum: 2.7]
      [Update RS (ms): Min: 1.3, Avg: 1.5, Max: 1.7, Diff: 0.4, Sum: 5.8]
         [Processed Buffers: Min: 6, Avg: 7.2, Max: 10, Diff: 4, Sum: 29]
      [Scan RS (ms): Min: 0.6, Avg: 0.8, Max: 1.0, Diff: 0.4, Sum: 3.1]
      [Code Root Scanning (ms): Min: 0.0, Avg: 0.0, Max: 0.0, Diff: 0.0, Sum: 0.0]
      [Object Copy (ms): Min: 1.2, Avg: 1.4, Max: 1.8, Diff: 0.6, Sum: 5.6]
      [Termination (ms): Min: 0.0, Avg: 0.5, Max: 0.7, Diff: 0.7, Sum: 1.9]
         [Termination Attempts: Min: 1, Avg: 1.0, Max: 1, Diff: 0, Sum: 4]
      [GC Worker Other (ms): Min: 0.0, Avg: 0.0, Max: 0.0, Diff: 0.0, Sum: 0.0]
      [GC Worker Total (ms): Min: 4.7, Avg: 4.8, Max: 4.9, Diff: 0.2, Sum: 19.2]
      [GC Worker End (ms): Min: 1493698.2, Avg: 1493698.2, Max: 1493698.3, Diff: 0.1]
   [Code Root Fixup: 0.0 ms]
   [Code Root Purge: 0.0 ms]
   [Clear CT: 0.1 ms]
   [Other: 1.0 ms]
      [Choose CSet: 0.0 ms]
      [Ref Proc: 0.8 ms]
      [Ref Enq: 0.0 ms]
      [Redirty Cards: 0.1 ms]
      [Humongous Register: 0.0 ms]
      [Humongous Reclaim: 0.0 ms]
      [Free CSet: 0.0 ms]
   [Eden: 79.0M(79.0M)->0.0B(79.0M) Survivors: 1024.0K->1024.0K Heap: 227.0M(256.0M)->148.3M(256.0M)]
 [Times: user=0.02 sys=0.00, real=0.01 secs] 
2020-04-13T16:08:30.750+0800: 1493.700: [GC concurrent-root-region-scan-start]
2020-04-13T16:08:30.753+0800: 1493.703: [GC concurrent-root-region-scan-end, 0.0029068 secs]
2020-04-13T16:08:30.753+0800: 1493.703: [GC concurrent-mark-start]
2020-04-13T16:08:30.787+0800: 1493.737: [GC concurrent-mark-end, 0.0341742 secs]
2020-04-13T16:08:30.788+0800: 1493.738: [GC remark 2020-04-13T16:08:30.788+0800: 1493.738: [Finalize Marking, 0.0001617 secs] 2020-04-13T16:08:30.788+0800: 1493.738: [GC ref-proc, 0.0000646 secs] 2020-04-13T16:08:30.788+0800: 1493.738: [Unloading, 0.0040444 secs], 0.0061471 secs]
 [Times: user=0.02 sys=0.00, real=0.01 secs] 
2020-04-13T16:08:30.794+0800: 1493.744: [GC cleanup 149M->149M(256M), 0.0002744 secs]
 [Times: user=0.00 sys=0.00, real=0.00 secs] 
2020-04-13T16:08:32.069+0800: 1495.019: [GC pause (G1 Evacuation Pause) (young), 0.0048400 secs]
   [Parallel Time: 4.4 ms, GC Workers: 4]
      [GC Worker Start (ms): Min: 1495019.0, Avg: 1495019.1, Max: 1495019.1, Diff: 0.0]
      [Ext Root Scanning (ms): Min: 0.3, Avg: 0.4, Max: 0.5, Diff: 0.2, Sum: 1.5]
      [Update RS (ms): Min: 1.8, Avg: 2.4, Max: 3.9, Diff: 2.0, Sum: 9.6]
         [Processed Buffers: Min: 1, Avg: 8.2, Max: 14, Diff: 13, Sum: 33]
      [Scan RS (ms): Min: 0.0, Avg: 0.6, Max: 0.8, Diff: 0.8, Sum: 2.2]
      [Code Root Scanning (ms): Min: 0.0, Avg: 0.0, Max: 0.0, Diff: 0.0, Sum: 0.0]
      [Object Copy (ms): Min: 0.0, Avg: 0.9, Max: 1.2, Diff: 1.1, Sum: 3.4]
      [Termination (ms): Min: 0.0, Avg: 0.1, Max: 0.2, Diff: 0.2, Sum: 0.3]
         [Termination Attempts: Min: 1, Avg: 11.0, Max: 18, Diff: 17, Sum: 44]
      [GC Worker Other (ms): Min: 0.0, Avg: 0.0, Max: 0.0, Diff: 0.0, Sum: 0.0]
      [GC Worker Total (ms): Min: 4.2, Avg: 4.3, Max: 4.3, Diff: 0.1, Sum: 17.1]
      [GC Worker End (ms): Min: 1495023.3, Avg: 1495023.3, Max: 1495023.4, Diff: 0.1]
   [Code Root Fixup: 0.0 ms]
   [Code Root Purge: 0.0 ms]
   [Clear CT: 0.1 ms]
   [Other: 0.3 ms]
      [Choose CSet: 0.0 ms]
      [Ref Proc: 0.1 ms]
      [Ref Enq: 0.0 ms]
      [Redirty Cards: 0.1 ms]
      [Humongous Register: 0.0 ms]
      [Humongous Reclaim: 0.0 ms]
      [Free CSet: 0.0 ms]
   [Eden: 79.0M(79.0M)->0.0B(79.0M) Survivors: 1024.0K->1024.0K Heap: 227.3M(256.0M)->148.0M(256.0M)]
 [Times: user=0.01 sys=0.00, real=0.01 secs] 
2020-04-13T16:08:33.548+0800: 1496.498: [GC pause (G1 Evacuation Pause) (young), 0.0047679 secs]
   [Parallel Time: 4.2 ms, GC Workers: 4]
      [GC Worker Start (ms): Min: 1496498.0, Avg: 1496498.0, Max: 1496498.0, Diff: 0.0]
      [Ext Root Scanning (ms): Min: 0.4, Avg: 0.4, Max: 0.5, Diff: 0.2, Sum: 1.6]
      [Update RS (ms): Min: 1.3, Avg: 1.4, Max: 1.6, Diff: 0.3, Sum: 5.8]
         [Processed Buffers: Min: 5, Avg: 7.2, Max: 9, Diff: 4, Sum: 29]
      [Scan RS (ms): Min: 0.9, Avg: 1.3, Max: 2.3, Diff: 1.4, Sum: 5.4]
      [Code Root Scanning (ms): Min: 0.0, Avg: 0.0, Max: 0.0, Diff: 0.0, Sum: 0.0]
      [Object Copy (ms): Min: 0.1, Avg: 1.0, Max: 1.3, Diff: 1.2, Sum: 3.9]
      [Termination (ms): Min: 0.0, Avg: 0.0, Max: 0.0, Diff: 0.0, Sum: 0.0]
         [Termination Attempts: Min: 1, Avg: 1.0, Max: 1, Diff: 0, Sum: 4]
      [GC Worker Other (ms): Min: 0.0, Avg: 0.0, Max: 0.0, Diff: 0.0, Sum: 0.0]
      [GC Worker Total (ms): Min: 4.2, Avg: 4.2, Max: 4.2, Diff: 0.0, Sum: 16.8]
      [GC Worker End (ms): Min: 1496502.2, Avg: 1496502.2, Max: 1496502.2, Diff: 0.0]
   [Code Root Fixup: 0.1 ms]
   [Code Root Purge: 0.0 ms]
   [Clear CT: 0.1 ms]
   [Other: 0.3 ms]
      [Choose CSet: 0.0 ms]
      [Ref Proc: 0.2 ms]
      [Ref Enq: 0.0 ms]
      [Redirty Cards: 0.1 ms]
      [Humongous Register: 0.0 ms]
      [Humongous Reclaim: 0.0 ms]
      [Free CSet: 0.0 ms]
   [Eden: 79.0M(79.0M)->0.0B(79.0M) Survivors: 1024.0K->1024.0K Heap: 227.0M(256.0M)->148.3M(256.0M)]
 [Times: user=0.01 sys=0.00, real=0.01 secs] 
2020-04-13T16:08:35.015+0800: 1497.964: [GC pause (G1 Evacuation Pause) (young) (initial-mark), 0.0043839 secs]
   [Parallel Time: 3.9 ms, GC Workers: 4]
      [GC Worker Start (ms): Min: 1497964.6, Avg: 1497964.6, Max: 1497964.6, Diff: 0.0]
      [Ext Root Scanning (ms): Min: 0.6, Avg: 0.6, Max: 0.6, Diff: 0.1, Sum: 2.4]
      [Update RS (ms): Min: 1.3, Avg: 1.5, Max: 1.7, Diff: 0.4, Sum: 6.0]
         [Processed Buffers: Min: 4, Avg: 8.0, Max: 11, Diff: 7, Sum: 32]
      [Scan RS (ms): Min: 0.6, Avg: 0.8, Max: 0.9, Diff: 0.3, Sum: 3.1]
      [Code Root Scanning (ms): Min: 0.0, Avg: 0.0, Max: 0.0, Diff: 0.0, Sum: 0.0]
      [Object Copy (ms): Min: 0.9, Avg: 0.9, Max: 1.0, Diff: 0.2, Sum: 3.8]
      [Termination (ms): Min: 0.0, Avg: 0.0, Max: 0.0, Diff: 0.0, Sum: 0.0]
         [Termination Attempts: Min: 1, Avg: 1.0, Max: 1, Diff: 0, Sum: 4]
      [GC Worker Other (ms): Min: 0.0, Avg: 0.0, Max: 0.0, Diff: 0.0, Sum: 0.0]
      [GC Worker Total (ms): Min: 3.8, Avg: 3.8, Max: 3.9, Diff: 0.0, Sum: 15.4]
      [GC Worker End (ms): Min: 1497968.4, Avg: 1497968.4, Max: 1497968.4, Diff: 0.0]
   [Code Root Fixup: 0.0 ms]
   [Code Root Purge: 0.0 ms]
   [Clear CT: 0.1 ms]
   [Other: 0.4 ms]
      [Choose CSet: 0.0 ms]
      [Ref Proc: 0.1 ms]
      [Ref Enq: 0.0 ms]
      [Redirty Cards: 0.1 ms]
      [Humongous Register: 0.0 ms]
      [Humongous Reclaim: 0.0 ms]
      [Free CSet: 0.0 ms]
   [Eden: 79.0M(79.0M)->0.0B(79.0M) Survivors: 1024.0K->1024.0K Heap: 227.3M(256.0M)->148.5M(256.0M)]
 [Times: user=0.02 sys=0.00, real=0.00 secs] 
2020-04-13T16:08:35.019+0800: 1497.969: [GC concurrent-root-region-scan-start]
2020-04-13T16:08:35.023+0800: 1497.973: [GC concurrent-root-region-scan-end, 0.0036730 secs]
2020-04-13T16:08:35.023+0800: 1497.973: [GC concurrent-mark-start]
2020-04-13T16:08:35.049+0800: 1497.999: [GC concurrent-mark-end, 0.0258956 secs]
2020-04-13T16:08:35.049+0800: 1497.999: [GC remark 2020-04-13T16:08:35.049+0800: 1497.999: [Finalize Marking, 0.0001119 secs] 2020-04-13T16:08:35.049+0800: 1497.999: [GC ref-proc, 0.0000624 secs] 2020-04-13T16:08:35.049+0800: 1497.999: [Unloading, 0.0045399 secs], 0.0065339 secs]
 [Times: user=0.02 sys=0.00, real=0.01 secs] 
2020-04-13T16:08:35.056+0800: 1498.005: [GC cleanup 150M->150M(256M), 0.0003807 secs]
 [Times: user=0.00 sys=0.00, real=0.00 secs] 
2020-04-13T16:08:36.374+0800: 1499.324: [GC pause (G1 Evacuation Pause) (young), 0.0045500 secs]
   [Parallel Time: 3.5 ms, GC Workers: 4]
      [GC Worker Start (ms): Min: 1499324.2, Avg: 1499324.2, Max: 1499324.2, Diff: 0.0]
      [Ext Root Scanning (ms): Min: 0.3, Avg: 0.4, Max: 0.5, Diff: 0.2, Sum: 1.5]
      [Update RS (ms): Min: 1.3, Avg: 1.4, Max: 1.6, Diff: 0.2, Sum: 5.8]
         [Processed Buffers: Min: 5, Avg: 7.5, Max: 11, Diff: 6, Sum: 30]
      [Scan RS (ms): Min: 0.5, Avg: 0.7, Max: 0.8, Diff: 0.3, Sum: 2.6]
      [Code Root Scanning (ms): Min: 0.0, Avg: 0.0, Max: 0.0, Diff: 0.0, Sum: 0.0]
      [Object Copy (ms): Min: 0.9, Avg: 0.9, Max: 1.0, Diff: 0.1, Sum: 3.7]
      [Termination (ms): Min: 0.0, Avg: 0.0, Max: 0.0, Diff: 0.0, Sum: 0.0]
         [Termination Attempts: Min: 1, Avg: 1.0, Max: 1, Diff: 0, Sum: 4]
      [GC Worker Other (ms): Min: 0.0, Avg: 0.0, Max: 0.0, Diff: 0.0, Sum: 0.0]
      [GC Worker Total (ms): Min: 3.4, Avg: 3.4, Max: 3.4, Diff: 0.0, Sum: 13.6]
      [GC Worker End (ms): Min: 1499327.6, Avg: 1499327.6, Max: 1499327.6, Diff: 0.0]
   [Code Root Fixup: 0.0 ms]
   [Code Root Purge: 0.0 ms]
   [Clear CT: 0.1 ms]
   [Other: 1.0 ms]
      [Choose CSet: 0.0 ms]
      [Ref Proc: 0.8 ms]
      [Ref Enq: 0.0 ms]
      [Redirty Cards: 0.1 ms]
      [Humongous Register: 0.0 ms]
      [Humongous Reclaim: 0.0 ms]
      [Free CSet: 0.0 ms]
   [Eden: 79.0M(79.0M)->0.0B(79.0M) Survivors: 1024.0K->1024.0K Heap: 227.5M(256.0M)->148.2M(256.0M)]
 [Times: user=0.02 sys=0.00, real=0.00 secs] 
2020-04-13T16:08:37.829+0800: 1500.779: [GC pause (G1 Evacuation Pause) (young), 0.0070787 secs]
   [Parallel Time: 5.0 ms, GC Workers: 4]
      [GC Worker Start (ms): Min: 1500779.1, Avg: 1500779.4, Max: 1500780.0, Diff: 0.9]
      [Ext Root Scanning (ms): Min: 0.0, Avg: 0.4, Max: 0.7, Diff: 0.7, Sum: 1.7]
      [Update RS (ms): Min: 2.2, Avg: 2.3, Max: 2.4, Diff: 0.2, Sum: 9.3]
         [Processed Buffers: Min: 3, Avg: 7.5, Max: 12, Diff: 9, Sum: 30]
      [Scan RS (ms): Min: 0.6, Avg: 0.6, Max: 0.8, Diff: 0.2, Sum: 2.6]
      [Code Root Scanning (ms): Min: 0.0, Avg: 0.0, Max: 0.0, Diff: 0.0, Sum: 0.0]
      [Object Copy (ms): Min: 1.2, Avg: 1.2, Max: 1.2, Diff: 0.1, Sum: 4.8]
      [Termination (ms): Min: 0.0, Avg: 0.0, Max: 0.0, Diff: 0.0, Sum: 0.0]
         [Termination Attempts: Min: 1, Avg: 1.0, Max: 1, Diff: 0, Sum: 4]
      [GC Worker Other (ms): Min: 0.0, Avg: 0.0, Max: 0.0, Diff: 0.0, Sum: 0.1]
      [GC Worker Total (ms): Min: 4.0, Avg: 4.6, Max: 4.9, Diff: 0.9, Sum: 18.4]
      [GC Worker End (ms): Min: 1500784.0, Avg: 1500784.0, Max: 1500784.0, Diff: 0.0]
   [Code Root Fixup: 0.0 ms]
   [Code Root Purge: 0.0 ms]
   [Clear CT: 0.2 ms]
   [Other: 1.8 ms]
      [Choose CSet: 0.0 ms]
      [Ref Proc: 1.4 ms]
      [Ref Enq: 0.0 ms]
      [Redirty Cards: 0.1 ms]
      [Humongous Register: 0.0 ms]
      [Humongous Reclaim: 0.0 ms]
      [Free CSet: 0.0 ms]
   [Eden: 79.0M(79.0M)->0.0B(79.0M) Survivors: 1024.0K->1024.0K Heap: 227.2M(256.0M)->148.3M(256.0M)]
 [Times: user=0.02 sys=0.00, real=0.01 secs] 
2020-04-13T16:08:39.205+0800: 1502.155: [GC pause (G1 Evacuation Pause) (young) (initial-mark), 0.0043817 secs]
   [Parallel Time: 4.0 ms, GC Workers: 4]
      [GC Worker Start (ms): Min: 1502154.7, Avg: 1502154.7, Max: 1502154.7, Diff: 0.0]
      [Ext Root Scanning (ms): Min: 0.6, Avg: 0.6, Max: 0.6, Diff: 0.1, Sum: 2.5]
      [Update RS (ms): Min: 1.5, Avg: 1.6, Max: 1.8, Diff: 0.3, Sum: 6.4]
         [Processed Buffers: Min: 4, Avg: 7.5, Max: 12, Diff: 8, Sum: 30]
      [Scan RS (ms): Min: 0.5, Avg: 0.8, Max: 0.9, Diff: 0.4, Sum: 3.0]
      [Code Root Scanning (ms): Min: 0.0, Avg: 0.0, Max: 0.0, Diff: 0.0, Sum: 0.0]
      [Object Copy (ms): Min: 0.9, Avg: 0.9, Max: 1.0, Diff: 0.1, Sum: 3.7]
      [Termination (ms): Min: 0.0, Avg: 0.0, Max: 0.0, Diff: 0.0, Sum: 0.0]
         [Termination Attempts: Min: 1, Avg: 1.0, Max: 1, Diff: 0, Sum: 4]
      [GC Worker Other (ms): Min: 0.0, Avg: 0.0, Max: 0.0, Diff: 0.0, Sum: 0.0]
      [GC Worker Total (ms): Min: 3.9, Avg: 3.9, Max: 3.9, Diff: 0.0, Sum: 15.7]
      [GC Worker End (ms): Min: 1502158.6, Avg: 1502158.6, Max: 1502158.6, Diff: 0.0]
   [Code Root Fixup: 0.0 ms]
   [Code Root Purge: 0.0 ms]
   [Clear CT: 0.0 ms]
   [Other: 0.3 ms]
      [Choose CSet: 0.0 ms]
      [Ref Proc: 0.1 ms]
      [Ref Enq: 0.0 ms]
      [Redirty Cards: 0.1 ms]
      [Humongous Register: 0.0 ms]
      [Humongous Reclaim: 0.0 ms]
      [Free CSet: 0.0 ms]
   [Eden: 79.0M(79.0M)->0.0B(79.0M) Survivors: 1024.0K->1024.0K Heap: 227.3M(256.0M)->148.6M(256.0M)]
 [Times: user=0.02 sys=0.00, real=0.00 secs] 
2020-04-13T16:08:39.209+0800: 1502.159: [GC concurrent-root-region-scan-start]
2020-04-13T16:08:39.214+0800: 1502.163: [GC concurrent-root-region-scan-end, 0.0042655 secs]
2020-04-13T16:08:39.214+0800: 1502.163: [GC concurrent-mark-start]
2020-04-13T16:08:39.239+0800: 1502.189: [GC concurrent-mark-end, 0.0252779 secs]
2020-04-13T16:08:39.239+0800: 1502.189: [GC remark 2020-04-13T16:08:39.239+0800: 1502.189: [Finalize Marking, 0.0002092 secs] 2020-04-13T16:08:39.239+0800: 1502.189: [GC ref-proc, 0.0000894 secs] 2020-04-13T16:08:39.239+0800: 1502.189: [Unloading, 0.0041624 secs], 0.0061504 secs]
 [Times: user=0.01 sys=0.00, real=0.01 secs] 
2020-04-13T16:08:39.245+0800: 1502.195: [GC cleanup 150M->150M(256M), 0.0005119 secs]
 [Times: user=0.00 sys=0.00, real=0.00 secs] 
2020-04-13T16:08:40.589+0800: 1503.538: [GC pause (G1 Evacuation Pause) (young), 0.0056134 secs]
   [Parallel Time: 4.7 ms, GC Workers: 4]
      [GC Worker Start (ms): Min: 1503538.5, Avg: 1503538.5, Max: 1503538.5, Diff: 0.0]
      [Ext Root Scanning (ms): Min: 0.3, Avg: 0.4, Max: 0.5, Diff: 0.2, Sum: 1.4]
      [Update RS (ms): Min: 1.7, Avg: 1.9, Max: 2.7, Diff: 1.1, Sum: 7.8]
         [Processed Buffers: Min: 3, Avg: 8.8, Max: 17, Diff: 14, Sum: 35]
      [Scan RS (ms): Min: 0.0, Avg: 0.5, Max: 0.8, Diff: 0.8, Sum: 2.2]
      [Code Root Scanning (ms): Min: 0.0, Avg: 0.0, Max: 0.0, Diff: 0.0, Sum: 0.0]
      [Object Copy (ms): Min: 1.2, Avg: 1.3, Max: 1.4, Diff: 0.1, Sum: 5.1]
      [Termination (ms): Min: 0.0, Avg: 0.5, Max: 0.6, Diff: 0.6, Sum: 1.8]
         [Termination Attempts: Min: 1, Avg: 1.0, Max: 1, Diff: 0, Sum: 4]
      [GC Worker Other (ms): Min: 0.0, Avg: 0.0, Max: 0.0, Diff: 0.0, Sum: 0.1]
      [GC Worker Total (ms): Min: 4.6, Avg: 4.6, Max: 4.6, Diff: 0.0, Sum: 18.5]
      [GC Worker End (ms): Min: 1503543.1, Avg: 1503543.1, Max: 1503543.2, Diff: 0.0]
   [Code Root Fixup: 0.0 ms]
   [Code Root Purge: 0.0 ms]
   [Clear CT: 0.0 ms]
   [Other: 0.9 ms]
      [Choose CSet: 0.0 ms]
      [Ref Proc: 0.7 ms]
      [Ref Enq: 0.0 ms]
      [Redirty Cards: 0.0 ms]
      [Humongous Register: 0.0 ms]
      [Humongous Reclaim: 0.0 ms]
      [Free CSet: 0.0 ms]
   [Eden: 79.0M(79.0M)->0.0B(79.0M) Survivors: 1024.0K->1024.0K Heap: 227.6M(256.0M)->148.4M(256.0M)]
 [Times: user=0.02 sys=0.00, real=0.01 secs] 
2020-04-13T16:08:41.981+0800: 1504.930: [GC pause (G1 Evacuation Pause) (young), 0.0049629 secs]
   [Parallel Time: 3.8 ms, GC Workers: 4]
      [GC Worker Start (ms): Min: 1504930.5, Avg: 1504930.5, Max: 1504930.6, Diff: 0.0]
      [Ext Root Scanning (ms): Min: 0.3, Avg: 0.4, Max: 0.5, Diff: 0.2, Sum: 1.5]
      [Update RS (ms): Min: 1.3, Avg: 1.5, Max: 1.7, Diff: 0.4, Sum: 6.1]
         [Processed Buffers: Min: 4, Avg: 8.5, Max: 16, Diff: 12, Sum: 34]
      [Scan RS (ms): Min: 0.5, Avg: 0.6, Max: 0.7, Diff: 0.2, Sum: 2.3]
      [Code Root Scanning (ms): Min: 0.0, Avg: 0.0, Max: 0.0, Diff: 0.0, Sum: 0.0]
      [Object Copy (ms): Min: 1.0, Avg: 1.0, Max: 1.1, Diff: 0.1, Sum: 4.1]
      [Termination (ms): Min: 0.0, Avg: 0.0, Max: 0.0, Diff: 0.0, Sum: 0.0]
         [Termination Attempts: Min: 1, Avg: 1.0, Max: 1, Diff: 0, Sum: 4]
      [GC Worker Other (ms): Min: 0.0, Avg: 0.0, Max: 0.0, Diff: 0.0, Sum: 0.0]
      [GC Worker Total (ms): Min: 3.5, Avg: 3.5, Max: 3.5, Diff: 0.0, Sum: 14.1]
      [GC Worker End (ms): Min: 1504934.1, Avg: 1504934.1, Max: 1504934.1, Diff: 0.0]
   [Code Root Fixup: 0.0 ms]
   [Code Root Purge: 0.0 ms]
   [Clear CT: 0.1 ms]
   [Other: 1.1 ms]
      [Choose CSet: 0.0 ms]
      [Ref Proc: 0.8 ms]
      [Ref Enq: 0.0 ms]
      [Redirty Cards: 0.1 ms]
      [Humongous Register: 0.0 ms]
      [Humongous Reclaim: 0.0 ms]
      [Free CSet: 0.0 ms]
   [Eden: 79.0M(79.0M)->0.0B(79.0M) Survivors: 1024.0K->1024.0K Heap: 227.4M(256.0M)->148.6M(256.0M)]
 [Times: user=0.01 sys=0.00, real=0.00 secs] 
2020-04-13T16:08:43.339+0800: 1506.288: [GC pause (G1 Evacuation Pause) (young) (initial-mark), 0.0067619 secs]
   [Parallel Time: 5.6 ms, GC Workers: 4]
      [GC Worker Start (ms): Min: 1506288.5, Avg: 1506288.8, Max: 1506289.7, Diff: 1.2]
      [Ext Root Scanning (ms): Min: 0.0, Avg: 2.3, Max: 5.4, Diff: 5.4, Sum: 9.1]
      [Update RS (ms): Min: 0.0, Avg: 1.6, Max: 2.7, Diff: 2.7, Sum: 6.3]
         [Processed Buffers: Min: 0, Avg: 7.8, Max: 19, Diff: 19, Sum: 31]
      [Scan RS (ms): Min: 0.0, Avg: 0.3, Max: 0.5, Diff: 0.5, Sum: 1.3]
      [Code Root Scanning (ms): Min: 0.0, Avg: 0.0, Max: 0.0, Diff: 0.0, Sum: 0.0]
      [Object Copy (ms): Min: 0.0, Avg: 0.9, Max: 1.2, Diff: 1.1, Sum: 3.5]
      [Termination (ms): Min: 0.0, Avg: 0.1, Max: 0.2, Diff: 0.2, Sum: 0.5]
         [Termination Attempts: Min: 1, Avg: 1.2, Max: 2, Diff: 1, Sum: 5]
      [GC Worker Other (ms): Min: 0.0, Avg: 0.0, Max: 0.0, Diff: 0.0, Sum: 0.1]
      [GC Worker Total (ms): Min: 4.4, Avg: 5.2, Max: 5.5, Diff: 1.2, Sum: 20.8]
      [GC Worker End (ms): Min: 1506294.0, Avg: 1506294.0, Max: 1506294.1, Diff: 0.1]
   [Code Root Fixup: 0.0 ms]
   [Code Root Purge: 0.0 ms]
   [Clear CT: 0.1 ms]
   [Other: 1.1 ms]
      [Choose CSet: 0.0 ms]
      [Ref Proc: 0.9 ms]
      [Ref Enq: 0.0 ms]
      [Redirty Cards: 0.0 ms]
      [Humongous Register: 0.0 ms]
      [Humongous Reclaim: 0.0 ms]
      [Free CSet: 0.0 ms]
   [Eden: 79.0M(79.0M)->0.0B(79.0M) Survivors: 1024.0K->1024.0K Heap: 227.6M(256.0M)->148.4M(256.0M)]
 [Times: user=0.01 sys=0.00, real=0.01 secs] 
2020-04-13T16:08:43.346+0800: 1506.295: [GC concurrent-root-region-scan-start]
2020-04-13T16:08:43.348+0800: 1506.298: [GC concurrent-root-region-scan-end, 0.0026278 secs]
2020-04-13T16:08:43.348+0800: 1506.298: [GC concurrent-mark-start]
2020-04-13T16:08:43.401+0800: 1506.351: [GC concurrent-mark-end, 0.0528822 secs]
2020-04-13T16:08:43.401+0800: 1506.351: [GC remark 2020-04-13T16:08:43.401+0800: 1506.351: [Finalize Marking, 0.0010446 secs] 2020-04-13T16:08:43.403+0800: 1506.352: [GC ref-proc, 0.0000820 secs] 2020-04-13T16:08:43.403+0800: 1506.352: [Unloading, 0.0049443 secs], 0.0074259 secs]
 [Times: user=0.02 sys=0.00, real=0.00 secs] 
2020-04-13T16:08:43.409+0800: 1506.359: [GC cleanup 151M->151M(256M), 0.0003567 secs]
 [Times: user=0.00 sys=0.00, real=0.00 secs] 
2020-04-13T16:08:44.687+0800: 1507.636: [GC pause (G1 Evacuation Pause) (young), 0.0038503 secs]
   [Parallel Time: 3.4 ms, GC Workers: 4]
      [GC Worker Start (ms): Min: 1507636.5, Avg: 1507636.5, Max: 1507636.5, Diff: 0.0]
      [Ext Root Scanning (ms): Min: 0.3, Avg: 0.4, Max: 0.5, Diff: 0.2, Sum: 1.5]
      [Update RS (ms): Min: 1.5, Avg: 1.7, Max: 1.8, Diff: 0.3, Sum: 6.8]
         [Processed Buffers: Min: 5, Avg: 8.0, Max: 13, Diff: 8, Sum: 32]
      [Scan RS (ms): Min: 0.3, Avg: 0.4, Max: 0.5, Diff: 0.2, Sum: 1.4]
      [Code Root Scanning (ms): Min: 0.0, Avg: 0.0, Max: 0.0, Diff: 0.0, Sum: 0.0]
      [Object Copy (ms): Min: 0.8, Avg: 0.9, Max: 1.0, Diff: 0.2, Sum: 3.6]
      [Termination (ms): Min: 0.0, Avg: 0.0, Max: 0.0, Diff: 0.0, Sum: 0.0]
         [Termination Attempts: Min: 1, Avg: 1.0, Max: 1, Diff: 0, Sum: 4]
      [GC Worker Other (ms): Min: 0.0, Avg: 0.0, Max: 0.0, Diff: 0.0, Sum: 0.0]
      [GC Worker Total (ms): Min: 3.4, Avg: 3.4, Max: 3.4, Diff: 0.0, Sum: 13.4]
      [GC Worker End (ms): Min: 1507639.8, Avg: 1507639.8, Max: 1507639.8, Diff: 0.0]
   [Code Root Fixup: 0.0 ms]
   [Code Root Purge: 0.0 ms]
   [Clear CT: 0.1 ms]
   [Other: 0.3 ms]
      [Choose CSet: 0.0 ms]
      [Ref Proc: 0.1 ms]
      [Ref Enq: 0.0 ms]
      [Redirty Cards: 0.1 ms]
      [Humongous Register: 0.0 ms]
      [Humongous Reclaim: 0.0 ms]
      [Free CSet: 0.0 ms]
   [Eden: 79.0M(79.0M)->0.0B(79.0M) Survivors: 1024.0K->1024.0K Heap: 227.4M(256.0M)->148.7M(256.0M)]
 [Times: user=0.02 sys=0.00, real=0.01 secs] 
2020-04-13T16:08:46.042+0800: 1508.992: [GC pause (G1 Evacuation Pause) (young), 0.0039623 secs]
   [Parallel Time: 3.5 ms, GC Workers: 4]
      [GC Worker Start (ms): Min: 1508991.6, Avg: 1508991.6, Max: 1508991.6, Diff: 0.0]
      [Ext Root Scanning (ms): Min: 0.3, Avg: 0.4, Max: 0.6, Diff: 0.3, Sum: 1.6]
      [Update RS (ms): Min: 1.6, Avg: 1.8, Max: 1.9, Diff: 0.3, Sum: 7.3]
         [Processed Buffers: Min: 6, Avg: 9.2, Max: 13, Diff: 7, Sum: 37]
      [Scan RS (ms): Min: 0.1, Avg: 0.2, Max: 0.3, Diff: 0.2, Sum: 1.0]
      [Code Root Scanning (ms): Min: 0.0, Avg: 0.0, Max: 0.0, Diff: 0.0, Sum: 0.0]
      [Object Copy (ms): Min: 0.9, Avg: 1.0, Max: 1.1, Diff: 0.2, Sum: 3.8]
      [Termination (ms): Min: 0.0, Avg: 0.0, Max: 0.0, Diff: 0.0, Sum: 0.0]
         [Termination Attempts: Min: 1, Avg: 1.0, Max: 1, Diff: 0, Sum: 4]
      [GC Worker Other (ms): Min: 0.0, Avg: 0.0, Max: 0.0, Diff: 0.0, Sum: 0.1]
      [GC Worker Total (ms): Min: 3.4, Avg: 3.4, Max: 3.5, Diff: 0.0, Sum: 13.8]
      [GC Worker End (ms): Min: 1508995.0, Avg: 1508995.0, Max: 1508995.0, Diff: 0.0]
   [Code Root Fixup: 0.0 ms]
   [Code Root Purge: 0.0 ms]
   [Clear CT: 0.0 ms]
   [Other: 0.4 ms]
      [Choose CSet: 0.0 ms]
      [Ref Proc: 0.2 ms]
      [Ref Enq: 0.0 ms]
      [Redirty Cards: 0.0 ms]
      [Humongous Register: 0.0 ms]
      [Humongous Reclaim: 0.0 ms]
      [Free CSet: 0.0 ms]
   [Eden: 79.0M(79.0M)->0.0B(79.0M) Survivors: 1024.0K->1024.0K Heap: 227.7M(256.0M)->148.6M(256.0M)]
 [Times: user=0.01 sys=0.00, real=0.00 secs] 
2020-04-13T16:08:47.317+0800: 1510.267: [GC pause (G1 Evacuation Pause) (young) (initial-mark), 0.0043818 secs]
   [Parallel Time: 4.0 ms, GC Workers: 4]
      [GC Worker Start (ms): Min: 1510267.1, Avg: 1510267.1, Max: 1510267.1, Diff: 0.0]
      [Ext Root Scanning (ms): Min: 0.6, Avg: 0.6, Max: 0.6, Diff: 0.1, Sum: 2.4]
      [Update RS (ms): Min: 2.1, Avg: 2.3, Max: 2.4, Diff: 0.3, Sum: 9.0]
         [Processed Buffers: Min: 4, Avg: 8.8, Max: 14, Diff: 10, Sum: 35]
      [Scan RS (ms): Min: 0.0, Avg: 0.1, Max: 0.3, Diff: 0.2, Sum: 0.5]
      [Code Root Scanning (ms): Min: 0.0, Avg: 0.0, Max: 0.0, Diff: 0.0, Sum: 0.0]
      [Object Copy (ms): Min: 0.9, Avg: 1.0, Max: 1.1, Diff: 0.2, Sum: 3.9]
      [Termination (ms): Min: 0.0, Avg: 0.0, Max: 0.0, Diff: 0.0, Sum: 0.0]
         [Termination Attempts: Min: 1, Avg: 1.0, Max: 1, Diff: 0, Sum: 4]
      [GC Worker Other (ms): Min: 0.0, Avg: 0.0, Max: 0.0, Diff: 0.0, Sum: 0.0]
      [GC Worker Total (ms): Min: 3.9, Avg: 4.0, Max: 4.0, Diff: 0.0, Sum: 15.9]
      [GC Worker End (ms): Min: 1510271.1, Avg: 1510271.1, Max: 1510271.1, Diff: 0.0]
   [Code Root Fixup: 0.0 ms]
   [Code Root Purge: 0.0 ms]
   [Clear CT: 0.0 ms]
   [Other: 0.3 ms]
      [Choose CSet: 0.0 ms]
      [Ref Proc: 0.1 ms]
      [Ref Enq: 0.0 ms]
      [Redirty Cards: 0.1 ms]
      [Humongous Register: 0.0 ms]
      [Humongous Reclaim: 0.0 ms]
      [Free CSet: 0.0 ms]
   [Eden: 79.0M(79.0M)->0.0B(79.0M) Survivors: 1024.0K->1024.0K Heap: 227.6M(256.0M)->148.8M(256.0M)]
 [Times: user=0.01 sys=0.00, real=0.01 secs] 
2020-04-13T16:08:47.322+0800: 1510.272: [GC concurrent-root-region-scan-start]
2020-04-13T16:08:47.325+0800: 1510.275: [GC concurrent-root-region-scan-end, 0.0030322 secs]
2020-04-13T16:08:47.325+0800: 1510.275: [GC concurrent-mark-start]
2020-04-13T16:08:47.352+0800: 1510.301: [GC concurrent-mark-end, 0.0267623 secs]
2020-04-13T16:08:47.352+0800: 1510.302: [GC remark 2020-04-13T16:08:47.352+0800: 1510.302: [Finalize Marking, 0.0001588 secs] 2020-04-13T16:08:47.352+0800: 1510.302: [GC ref-proc, 0.0000693 secs] 2020-04-13T16:08:47.352+0800: 1510.302: [Unloading, 0.0036423 secs], 0.0052577 secs]
 [Times: user=0.01 sys=0.00, real=0.00 secs] 
2020-04-13T16:08:47.358+0800: 1510.308: [GC cleanup 150M->150M(256M), 0.0004410 secs]
 [Times: user=0.00 sys=0.00, real=0.00 secs] 
2020-04-13T16:08:48.744+0800: 1511.694: [GC pause (G1 Evacuation Pause) (young), 0.0038663 secs]
   [Parallel Time: 3.4 ms, GC Workers: 4]
      [GC Worker Start (ms): Min: 1511694.0, Avg: 1511694.0, Max: 1511694.0, Diff: 0.0]
      [Ext Root Scanning (ms): Min: 0.4, Avg: 0.4, Max: 0.5, Diff: 0.2, Sum: 1.6]
      [Update RS (ms): Min: 1.6, Avg: 1.7, Max: 1.8, Diff: 0.1, Sum: 6.9]
         [Processed Buffers: Min: 5, Avg: 8.8, Max: 12, Diff: 7, Sum: 35]
      [Scan RS (ms): Min: 0.3, Avg: 0.3, Max: 0.3, Diff: 0.0, Sum: 1.2]
      [Code Root Scanning (ms): Min: 0.0, Avg: 0.0, Max: 0.0, Diff: 0.0, Sum: 0.0]
      [Object Copy (ms): Min: 0.9, Avg: 0.9, Max: 1.0, Diff: 0.1, Sum: 3.6]
      [Termination (ms): Min: 0.0, Avg: 0.0, Max: 0.0, Diff: 0.0, Sum: 0.0]
         [Termination Attempts: Min: 1, Avg: 1.0, Max: 1, Diff: 0, Sum: 4]
      [GC Worker Other (ms): Min: 0.0, Avg: 0.0, Max: 0.0, Diff: 0.0, Sum: 0.1]
      [GC Worker Total (ms): Min: 3.3, Avg: 3.4, Max: 3.4, Diff: 0.0, Sum: 13.4]
      [GC Worker End (ms): Min: 1511697.3, Avg: 1511697.3, Max: 1511697.4, Diff: 0.0]
   [Code Root Fixup: 0.0 ms]
   [Code Root Purge: 0.0 ms]
   [Clear CT: 0.0 ms]
   [Other: 0.4 ms]
      [Choose CSet: 0.0 ms]
      [Ref Proc: 0.2 ms]
      [Ref Enq: 0.0 ms]
      [Redirty Cards: 0.0 ms]
      [Humongous Register: 0.0 ms]
      [Humongous Reclaim: 0.0 ms]
      [Free CSet: 0.0 ms]
   [Eden: 79.0M(79.0M)->0.0B(78.0M) Survivors: 1024.0K->1024.0K Heap: 227.8M(256.0M)->148.6M(256.0M)]
 [Times: user=0.01 sys=0.00, real=0.00 secs] 
2020-04-13T16:08:50.083+0800: 1513.033: [GC pause (G1 Evacuation Pause) (young), 0.0062454 secs]
   [Parallel Time: 5.6 ms, GC Workers: 4]
      [GC Worker Start (ms): Min: 1513032.6, Avg: 1513032.6, Max: 1513032.7, Diff: 0.0]
      [Ext Root Scanning (ms): Min: 0.3, Avg: 0.4, Max: 0.7, Diff: 0.3, Sum: 1.7]
      [Update RS (ms): Min: 2.6, Avg: 3.0, Max: 3.8, Diff: 1.3, Sum: 12.0]
         [Processed Buffers: Min: 0, Avg: 9.5, Max: 13, Diff: 13, Sum: 38]
      [Scan RS (ms): Min: 0.0, Avg: 0.2, Max: 0.3, Diff: 0.3, Sum: 0.7]
      [Code Root Scanning (ms): Min: 0.0, Avg: 0.0, Max: 0.0, Diff: 0.0, Sum: 0.0]
      [Object Copy (ms): Min: 1.0, Avg: 1.1, Max: 1.2, Diff: 0.2, Sum: 4.5]
      [Termination (ms): Min: 0.0, Avg: 0.6, Max: 1.0, Diff: 1.0, Sum: 2.6]
         [Termination Attempts: Min: 1, Avg: 1.0, Max: 1, Diff: 0, Sum: 4]
      [GC Worker Other (ms): Min: 0.0, Avg: 0.0, Max: 0.0, Diff: 0.0, Sum: 0.0]
      [GC Worker Total (ms): Min: 5.2, Avg: 5.4, Max: 5.6, Diff: 0.4, Sum: 21.5]
      [GC Worker End (ms): Min: 1513037.8, Avg: 1513038.0, Max: 1513038.2, Diff: 0.4]
   [Code Root Fixup: 0.0 ms]
   [Code Root Purge: 0.0 ms]
   [Clear CT: 0.1 ms]
   [Other: 0.5 ms]
      [Choose CSet: 0.0 ms]
      [Ref Proc: 0.3 ms]
      [Ref Enq: 0.0 ms]
      [Redirty Cards: 0.0 ms]
      [Humongous Register: 0.0 ms]
      [Humongous Reclaim: 0.0 ms]
      [Free CSet: 0.0 ms]
   [Eden: 78.0M(78.0M)->0.0B(78.0M) Survivors: 1024.0K->1024.0K Heap: 226.6M(256.0M)->148.9M(256.0M)]
 [Times: user=0.02 sys=0.00, real=0.00 secs] 
2020-04-13T16:08:51.416+0800: 1514.366: [GC pause (G1 Evacuation Pause) (young) (initial-mark), 0.0073639 secs]
   [Parallel Time: 6.0 ms, GC Workers: 4]
      [GC Worker Start (ms): Min: 1514365.8, Avg: 1514366.4, Max: 1514367.0, Diff: 1.2]
      [Ext Root Scanning (ms): Min: 0.0, Avg: 1.3, Max: 2.7, Diff: 2.6, Sum: 5.2]
      [Update RS (ms): Min: 0.7, Avg: 2.5, Max: 3.2, Diff: 2.5, Sum: 10.0]
         [Processed Buffers: Min: 4, Avg: 8.5, Max: 15, Diff: 11, Sum: 34]
      [Scan RS (ms): Min: 0.3, Avg: 0.4, Max: 0.5, Diff: 0.2, Sum: 1.6]
      [Code Root Scanning (ms): Min: 0.0, Avg: 0.0, Max: 0.0, Diff: 0.0, Sum: 0.0]
      [Object Copy (ms): Min: 1.0, Avg: 1.1, Max: 1.2, Diff: 0.2, Sum: 4.4]
      [Termination (ms): Min: 0.0, Avg: 0.0, Max: 0.0, Diff: 0.0, Sum: 0.0]
         [Termination Attempts: Min: 1, Avg: 1.0, Max: 1, Diff: 0, Sum: 4]
      [GC Worker Other (ms): Min: 0.0, Avg: 0.0, Max: 0.0, Diff: 0.0, Sum: 0.1]
      [GC Worker Total (ms): Min: 4.7, Avg: 5.3, Max: 5.9, Diff: 1.2, Sum: 21.2]
      [GC Worker End (ms): Min: 1514371.7, Avg: 1514371.7, Max: 1514371.7, Diff: 0.0]
   [Code Root Fixup: 0.0 ms]
   [Code Root Purge: 0.0 ms]
   [Clear CT: 0.1 ms]
   [Other: 1.2 ms]
      [Choose CSet: 0.0 ms]
      [Ref Proc: 0.9 ms]
      [Ref Enq: 0.0 ms]
      [Redirty Cards: 0.0 ms]
      [Humongous Register: 0.0 ms]
      [Humongous Reclaim: 0.0 ms]
      [Free CSet: 0.0 ms]
   [Eden: 78.0M(78.0M)->0.0B(78.0M) Survivors: 1024.0K->1024.0K Heap: 226.9M(256.0M)->148.7M(256.0M)]
 [Times: user=0.02 sys=0.00, real=0.01 secs] 
2020-04-13T16:08:51.423+0800: 1514.373: [GC concurrent-root-region-scan-start]
2020-04-13T16:08:51.427+0800: 1514.377: [GC concurrent-root-region-scan-end, 0.0034652 secs]
2020-04-13T16:08:51.427+0800: 1514.377: [GC concurrent-mark-start]
2020-04-13T16:08:51.453+0800: 1514.402: [GC concurrent-mark-end, 0.0257264 secs]
2020-04-13T16:08:51.453+0800: 1514.402: [GC remark 2020-04-13T16:08:51.453+0800: 1514.402: [Finalize Marking, 0.0007072 secs] 2020-04-13T16:08:51.454+0800: 1514.403: [GC ref-proc, 0.0000729 secs] 2020-04-13T16:08:51.454+0800: 1514.403: [Unloading, 0.0040238 secs], 0.0063135 secs]
 [Times: user=0.01 sys=0.00, real=0.00 secs] 
2020-04-13T16:08:51.459+0800: 1514.409: [GC cleanup 150M->150M(256M), 0.0005057 secs]
 [Times: user=0.00 sys=0.00, real=0.01 secs] 
2020-04-13T16:08:52.770+0800: 1515.719: [GC pause (G1 Evacuation Pause) (young), 0.0054049 secs]
   [Parallel Time: 4.9 ms, GC Workers: 4]
      [GC Worker Start (ms): Min: 1515719.4, Avg: 1515719.4, Max: 1515719.4, Diff: 0.0]
      [Ext Root Scanning (ms): Min: 0.4, Avg: 0.5, Max: 0.5, Diff: 0.1, Sum: 1.8]
      [Update RS (ms): Min: 2.0, Avg: 2.2, Max: 2.8, Diff: 0.8, Sum: 9.0]
         [Processed Buffers: Min: 0, Avg: 9.2, Max: 14, Diff: 14, Sum: 37]
      [Scan RS (ms): Min: 0.1, Avg: 0.9, Max: 1.9, Diff: 1.8, Sum: 3.4]
      [Code Root Scanning (ms): Min: 0.0, Avg: 0.0, Max: 0.0, Diff: 0.0, Sum: 0.0]
      [Object Copy (ms): Min: 0.4, Avg: 1.2, Max: 1.5, Diff: 1.1, Sum: 5.0]
      [Termination (ms): Min: 0.0, Avg: 0.0, Max: 0.0, Diff: 0.0, Sum: 0.0]
         [Termination Attempts: Min: 1, Avg: 1.2, Max: 2, Diff: 1, Sum: 5]
      [GC Worker Other (ms): Min: 0.0, Avg: 0.0, Max: 0.0, Diff: 0.0, Sum: 0.0]
      [GC Worker Total (ms): Min: 4.8, Avg: 4.8, Max: 4.8, Diff: 0.0, Sum: 19.3]
      [GC Worker End (ms): Min: 1515724.2, Avg: 1515724.2, Max: 1515724.2, Diff: 0.0]
   [Code Root Fixup: 0.0 ms]
   [Code Root Purge: 0.0 ms]
   [Clear CT: 0.1 ms]
   [Other: 0.4 ms]
      [Choose CSet: 0.0 ms]
      [Ref Proc: 0.1 ms]
      [Ref Enq: 0.0 ms]
      [Redirty Cards: 0.1 ms]
      [Humongous Register: 0.0 ms]
      [Humongous Reclaim: 0.0 ms]
      [Free CSet: 0.0 ms]
   [Eden: 78.0M(78.0M)->0.0B(11.0M) Survivors: 1024.0K->1024.0K Heap: 226.7M(256.0M)->148.9M(256.0M)]
 [Times: user=0.01 sys=0.00, real=0.00 secs] 
2020-04-13T16:08:53.014+0800: 1515.964: [GC pause (G1 Evacuation Pause) (mixed), 0.0183864 secs]
   [Parallel Time: 9.8 ms, GC Workers: 4]
      [GC Worker Start (ms): Min: 1515963.8, Avg: 1515966.0, Max: 1515971.1, Diff: 7.3]
      [Ext Root Scanning (ms): Min: 0.0, Avg: 0.3, Max: 0.6, Diff: 0.6, Sum: 1.3]
      [Update RS (ms): Min: 0.0, Avg: 4.8, Max: 7.5, Diff: 7.5, Sum: 19.1]
         [Processed Buffers: Min: 0, Avg: 7.2, Max: 23, Diff: 23, Sum: 29]
      [Scan RS (ms): Min: 0.0, Avg: 1.3, Max: 2.1, Diff: 2.1, Sum: 5.4]
      [Code Root Scanning (ms): Min: 0.0, Avg: 0.0, Max: 0.0, Diff: 0.0, Sum: 0.0]
      [Object Copy (ms): Min: 0.5, Avg: 1.0, Max: 1.2, Diff: 0.7, Sum: 3.8]
      [Termination (ms): Min: 0.0, Avg: 0.0, Max: 0.0, Diff: 0.0, Sum: 0.0]
         [Termination Attempts: Min: 1, Avg: 1.0, Max: 1, Diff: 0, Sum: 4]
      [GC Worker Other (ms): Min: 0.0, Avg: 0.0, Max: 0.0, Diff: 0.0, Sum: 0.1]
      [GC Worker Total (ms): Min: 2.4, Avg: 7.4, Max: 9.7, Diff: 7.3, Sum: 29.7]
      [GC Worker End (ms): Min: 1515973.4, Avg: 1515973.4, Max: 1515973.4, Diff: 0.0]
   [Code Root Fixup: 0.0 ms]
   [Code Root Purge: 0.0 ms]
   [Clear CT: 0.1 ms]
   [Other: 8.5 ms]
      [Choose CSet: 0.0 ms]
      [Ref Proc: 8.2 ms]
      [Ref Enq: 0.0 ms]
      [Redirty Cards: 0.1 ms]
      [Humongous Register: 0.0 ms]
      [Humongous Reclaim: 0.0 ms]
      [Free CSet: 0.0 ms]
   [Eden: 11.0M(11.0M)->0.0B(79.0M) Survivors: 1024.0K->1024.0K Heap: 159.9M(256.0M)->147.8M(256.0M)]
 [Times: user=0.02 sys=0.00, real=0.02 secs] 
2020-04-13T16:08:54.455+0800: 1517.405: [GC pause (G1 Evacuation Pause) (young), 0.0058380 secs]
   [Parallel Time: 5.1 ms, GC Workers: 4]
      [GC Worker Start (ms): Min: 1517404.9, Avg: 1517405.3, Max: 1517406.0, Diff: 1.1]
      [Ext Root Scanning (ms): Min: 0.0, Avg: 0.4, Max: 0.8, Diff: 0.8, Sum: 1.5]
      [Update RS (ms): Min: 1.2, Avg: 1.3, Max: 1.6, Diff: 0.4, Sum: 5.4]
         [Processed Buffers: Min: 6, Avg: 8.8, Max: 11, Diff: 5, Sum: 35]
      [Scan RS (ms): Min: 0.8, Avg: 0.9, Max: 1.1, Diff: 0.3, Sum: 3.8]
      [Code Root Scanning (ms): Min: 0.0, Avg: 0.0, Max: 0.0, Diff: 0.0, Sum: 0.0]
      [Object Copy (ms): Min: 1.2, Avg: 1.3, Max: 1.4, Diff: 0.2, Sum: 5.1]
      [Termination (ms): Min: 0.0, Avg: 0.3, Max: 0.5, Diff: 0.5, Sum: 1.3]
         [Termination Attempts: Min: 1, Avg: 1.0, Max: 1, Diff: 0, Sum: 4]
      [GC Worker Other (ms): Min: 0.0, Avg: 0.0, Max: 0.0, Diff: 0.0, Sum: 0.0]
      [GC Worker Total (ms): Min: 3.7, Avg: 4.3, Max: 4.8, Diff: 1.1, Sum: 17.2]
      [GC Worker End (ms): Min: 1517409.5, Avg: 1517409.6, Max: 1517409.7, Diff: 0.2]
   [Code Root Fixup: 0.1 ms]
   [Code Root Purge: 0.0 ms]
   [Clear CT: 0.1 ms]
   [Other: 0.6 ms]
      [Choose CSet: 0.0 ms]
      [Ref Proc: 0.5 ms]
      [Ref Enq: 0.0 ms]
      [Redirty Cards: 0.0 ms]
      [Humongous Register: 0.0 ms]
      [Humongous Reclaim: 0.0 ms]
      [Free CSet: 0.0 ms]
   [Eden: 79.0M(79.0M)->0.0B(79.0M) Survivors: 1024.0K->1024.0K Heap: 226.8M(256.0M)->148.1M(256.0M)]
 [Times: user=0.01 sys=0.00, real=0.01 secs] 
2020-04-13T16:08:55.785+0800: 1518.735: [GC pause (G1 Evacuation Pause) (young) (initial-mark), 0.0072463 secs]
   [Parallel Time: 6.1 ms, GC Workers: 4]
      [GC Worker Start (ms): Min: 1518735.0, Avg: 1518735.0, Max: 1518735.1, Diff: 0.0]
      [Ext Root Scanning (ms): Min: 0.6, Avg: 0.6, Max: 0.6, Diff: 0.0, Sum: 2.5]
      [Update RS (ms): Min: 1.3, Avg: 1.4, Max: 1.5, Diff: 0.2, Sum: 5.5]
         [Processed Buffers: Min: 3, Avg: 8.8, Max: 13, Diff: 10, Sum: 35]
      [Scan RS (ms): Min: 1.0, Avg: 1.3, Max: 2.2, Diff: 1.2, Sum: 5.1]
      [Code Root Scanning (ms): Min: 0.0, Avg: 0.0, Max: 0.0, Diff: 0.0, Sum: 0.0]
      [Object Copy (ms): Min: 1.3, Avg: 2.3, Max: 2.8, Diff: 1.5, Sum: 9.1]
      [Termination (ms): Min: 0.0, Avg: 0.3, Max: 0.5, Diff: 0.5, Sum: 1.2]
         [Termination Attempts: Min: 1, Avg: 1.0, Max: 1, Diff: 0, Sum: 4]
      [GC Worker Other (ms): Min: 0.0, Avg: 0.0, Max: 0.0, Diff: 0.0, Sum: 0.0]
      [GC Worker Total (ms): Min: 5.8, Avg: 5.9, Max: 6.0, Diff: 0.2, Sum: 23.5]
      [GC Worker End (ms): Min: 1518740.9, Avg: 1518740.9, Max: 1518741.0, Diff: 0.1]
   [Code Root Fixup: 0.1 ms]
   [Code Root Purge: 0.0 ms]
   [Clear CT: 0.1 ms]
   [Other: 1.0 ms]
      [Choose CSet: 0.0 ms]
      [Ref Proc: 0.8 ms]
      [Ref Enq: 0.0 ms]
      [Redirty Cards: 0.1 ms]
      [Humongous Register: 0.0 ms]
      [Humongous Reclaim: 0.0 ms]
      [Free CSet: 0.0 ms]
   [Eden: 79.0M(79.0M)->0.0B(79.0M) Survivors: 1024.0K->1024.0K Heap: 227.1M(256.0M)->148.0M(256.0M)]
 [Times: user=0.02 sys=0.00, real=0.01 secs] 
2020-04-13T16:08:55.793+0800: 1518.742: [GC concurrent-root-region-scan-start]
2020-04-13T16:08:55.795+0800: 1518.745: [GC concurrent-root-region-scan-end, 0.0026374 secs]
2020-04-13T16:08:55.795+0800: 1518.745: [GC concurrent-mark-start]
2020-04-13T16:08:55.823+0800: 1518.773: [GC concurrent-mark-end, 0.0279831 secs]
2020-04-13T16:08:55.824+0800: 1518.773: [GC remark 2020-04-13T16:08:55.824+0800: 1518.773: [Finalize Marking, 0.0001887 secs] 2020-04-13T16:08:55.824+0800: 1518.773: [GC ref-proc, 0.0000952 secs] 2020-04-13T16:08:55.824+0800: 1518.774: [Unloading, 0.0039608 secs], 0.0060689 secs]
 [Times: user=0.01 sys=0.00, real=0.01 secs] 
2020-04-13T16:08:55.830+0800: 1518.779: [GC cleanup 149M->149M(256M), 0.0003504 secs]
 [Times: user=0.00 sys=0.00, real=0.00 secs] 
2020-04-13T16:08:57.200+0800: 1520.150: [GC pause (G1 Evacuation Pause) (young), 0.0072459 secs]
   [Parallel Time: 6.7 ms, GC Workers: 4]
      [GC Worker Start (ms): Min: 1520149.8, Avg: 1520150.0, Max: 1520150.2, Diff: 0.4]
      [Ext Root Scanning (ms): Min: 0.2, Avg: 1.2, Max: 3.7, Diff: 3.4, Sum: 4.9]
      [Update RS (ms): Min: 0.0, Avg: 1.6, Max: 2.2, Diff: 2.2, Sum: 6.4]
         [Processed Buffers: Min: 0, Avg: 7.2, Max: 20, Diff: 20, Sum: 29]
      [Scan RS (ms): Min: 0.1, Avg: 1.3, Max: 3.2, Diff: 3.1, Sum: 5.2]
      [Code Root Scanning (ms): Min: 0.0, Avg: 0.0, Max: 0.0, Diff: 0.0, Sum: 0.0]
      [Object Copy (ms): Min: 0.0, Avg: 1.2, Max: 1.7, Diff: 1.6, Sum: 4.9]
      [Termination (ms): Min: 0.0, Avg: 0.9, Max: 1.2, Diff: 1.2, Sum: 3.6]
         [Termination Attempts: Min: 1, Avg: 1.8, Max: 3, Diff: 2, Sum: 7]
      [GC Worker Other (ms): Min: 0.0, Avg: 0.0, Max: 0.0, Diff: 0.0, Sum: 0.0]
      [GC Worker Total (ms): Min: 5.7, Avg: 6.3, Max: 6.6, Diff: 0.9, Sum: 25.1]
      [GC Worker End (ms): Min: 1520155.9, Avg: 1520156.3, Max: 1520156.4, Diff: 0.5]
   [Code Root Fixup: 0.0 ms]
   [Code Root Purge: 0.0 ms]
   [Clear CT: 0.1 ms]
   [Other: 0.4 ms]
      [Choose CSet: 0.0 ms]
      [Ref Proc: 0.1 ms]
      [Ref Enq: 0.0 ms]
      [Redirty Cards: 0.1 ms]
      [Humongous Register: 0.0 ms]
      [Humongous Reclaim: 0.0 ms]
      [Free CSet: 0.0 ms]
   [Eden: 79.0M(79.0M)->0.0B(79.0M) Survivors: 1024.0K->1024.0K Heap: 227.0M(256.0M)->148.1M(256.0M)]
 [Times: user=0.02 sys=0.00, real=0.00 secs] 
2020-04-13T16:08:58.665+0800: 1521.615: [GC pause (G1 Evacuation Pause) (young), 0.0064542 secs]
   [Parallel Time: 5.0 ms, GC Workers: 4]
      [GC Worker Start (ms): Min: 1521614.8, Avg: 1521614.9, Max: 1521615.2, Diff: 0.4]
      [Ext Root Scanning (ms): Min: 0.2, Avg: 1.5, Max: 4.7, Diff: 4.5, Sum: 5.8]
      [Update RS (ms): Min: 0.0, Avg: 1.8, Max: 2.5, Diff: 2.5, Sum: 7.1]
         [Processed Buffers: Min: 0, Avg: 7.0, Max: 11, Diff: 11, Sum: 28]
      [Scan RS (ms): Min: 0.0, Avg: 0.6, Max: 0.9, Diff: 0.9, Sum: 2.3]
      [Code Root Scanning (ms): Min: 0.0, Avg: 0.0, Max: 0.0, Diff: 0.0, Sum: 0.0]
      [Object Copy (ms): Min: 0.2, Avg: 1.0, Max: 1.3, Diff: 1.1, Sum: 4.0]
      [Termination (ms): Min: 0.0, Avg: 0.0, Max: 0.0, Diff: 0.0, Sum: 0.0]
         [Termination Attempts: Min: 1, Avg: 1.0, Max: 1, Diff: 0, Sum: 4]
      [GC Worker Other (ms): Min: 0.0, Avg: 0.0, Max: 0.0, Diff: 0.0, Sum: 0.0]
      [GC Worker Total (ms): Min: 4.6, Avg: 4.8, Max: 5.0, Diff: 0.4, Sum: 19.4]
      [GC Worker End (ms): Min: 1521619.8, Avg: 1521619.8, Max: 1521619.8, Diff: 0.0]
   [Code Root Fixup: 0.1 ms]
   [Code Root Purge: 0.0 ms]
   [Clear CT: 0.0 ms]
   [Other: 1.3 ms]
      [Choose CSet: 0.0 ms]
      [Ref Proc: 1.1 ms]
      [Ref Enq: 0.0 ms]
      [Redirty Cards: 0.0 ms]
      [Humongous Register: 0.0 ms]
      [Humongous Reclaim: 0.0 ms]
      [Free CSet: 0.0 ms]
   [Eden: 79.0M(79.0M)->0.0B(79.0M) Survivors: 1024.0K->1024.0K Heap: 227.1M(256.0M)->148.2M(256.0M)]
 [Times: user=0.01 sys=0.00, real=0.01 secs] 
2020-04-13T16:09:00.053+0800: 1523.002: [GC pause (G1 Evacuation Pause) (young) (initial-mark), 0.0049737 secs]
   [Parallel Time: 4.6 ms, GC Workers: 4]
      [GC Worker Start (ms): Min: 1523002.4, Avg: 1523002.4, Max: 1523002.4, Diff: 0.0]
      [Ext Root Scanning (ms): Min: 0.6, Avg: 0.6, Max: 0.6, Diff: 0.1, Sum: 2.3]
      [Update RS (ms): Min: 1.4, Avg: 1.6, Max: 2.0, Diff: 0.6, Sum: 6.5]
         [Processed Buffers: Min: 4, Avg: 7.5, Max: 11, Diff: 7, Sum: 30]
      [Scan RS (ms): Min: 0.4, Avg: 1.0, Max: 2.1, Diff: 1.7, Sum: 4.2]
      [Code Root Scanning (ms): Min: 0.0, Avg: 0.1, Max: 0.4, Diff: 0.4, Sum: 0.4]
      [Object Copy (ms): Min: 0.1, Avg: 0.9, Max: 1.2, Diff: 1.2, Sum: 3.6]
      [Termination (ms): Min: 0.0, Avg: 0.3, Max: 0.4, Diff: 0.4, Sum: 1.2]
         [Termination Attempts: Min: 1, Avg: 1.2, Max: 2, Diff: 1, Sum: 5]
      [GC Worker Other (ms): Min: 0.0, Avg: 0.0, Max: 0.0, Diff: 0.0, Sum: 0.0]
      [GC Worker Total (ms): Min: 4.6, Avg: 4.6, Max: 4.6, Diff: 0.0, Sum: 18.3]
      [GC Worker End (ms): Min: 1523007.0, Avg: 1523007.0, Max: 1523007.0, Diff: 0.0]
   [Code Root Fixup: 0.0 ms]
   [Code Root Purge: 0.0 ms]
   [Clear CT: 0.0 ms]
   [Other: 0.3 ms]
      [Choose CSet: 0.0 ms]
      [Ref Proc: 0.1 ms]
      [Ref Enq: 0.0 ms]
      [Redirty Cards: 0.0 ms]
      [Humongous Register: 0.0 ms]
      [Humongous Reclaim: 0.0 ms]
      [Free CSet: 0.0 ms]
   [Eden: 79.0M(79.0M)->0.0B(79.0M) Survivors: 1024.0K->1024.0K Heap: 227.2M(256.0M)->148.1M(256.0M)]
 [Times: user=0.01 sys=0.00, real=0.00 secs] 
2020-04-13T16:09:00.058+0800: 1523.007: [GC concurrent-root-region-scan-start]
2020-04-13T16:09:00.061+0800: 1523.010: [GC concurrent-root-region-scan-end, 0.0028500 secs]
2020-04-13T16:09:00.061+0800: 1523.010: [GC concurrent-mark-start]
2020-04-13T16:09:00.087+0800: 1523.036: [GC concurrent-mark-end, 0.0259005 secs]
2020-04-13T16:09:00.087+0800: 1523.036: [GC remark 2020-04-13T16:09:00.087+0800: 1523.036: [Finalize Marking, 0.0001224 secs] 2020-04-13T16:09:00.087+0800: 1523.037: [GC ref-proc, 0.0000644 secs] 2020-04-13T16:09:00.087+0800: 1523.037: [Unloading, 0.0043664 secs], 0.0058361 secs]
 [Times: user=0.02 sys=0.00, real=0.01 secs] 
2020-04-13T16:09:00.093+0800: 1523.042: [GC cleanup 149M->149M(256M), 0.0007336 secs]
 [Times: user=0.00 sys=0.00, real=0.00 secs] 
2020-04-13T16:09:01.419+0800: 1524.368: [GC pause (G1 Evacuation Pause) (young), 0.0137078 secs]
   [Parallel Time: 3.9 ms, GC Workers: 4]
      [GC Worker Start (ms): Min: 1524368.3, Avg: 1524368.3, Max: 1524368.4, Diff: 0.1]
      [Ext Root Scanning (ms): Min: 0.3, Avg: 0.6, Max: 1.3, Diff: 1.0, Sum: 2.3]
      [Update RS (ms): Min: 1.0, Avg: 1.7, Max: 2.0, Diff: 1.1, Sum: 6.8]
         [Processed Buffers: Min: 6, Avg: 7.5, Max: 11, Diff: 5, Sum: 30]
      [Scan RS (ms): Min: 0.4, Avg: 0.5, Max: 0.7, Diff: 0.2, Sum: 2.2]
      [Code Root Scanning (ms): Min: 0.0, Avg: 0.0, Max: 0.0, Diff: 0.0, Sum: 0.0]
      [Object Copy (ms): Min: 0.9, Avg: 0.9, Max: 1.0, Diff: 0.1, Sum: 3.8]
      [Termination (ms): Min: 0.0, Avg: 0.0, Max: 0.0, Diff: 0.0, Sum: 0.0]
         [Termination Attempts: Min: 1, Avg: 1.0, Max: 1, Diff: 0, Sum: 4]
      [GC Worker Other (ms): Min: 0.0, Avg: 0.0, Max: 0.0, Diff: 0.0, Sum: 0.0]
      [GC Worker Total (ms): Min: 3.8, Avg: 3.8, Max: 3.8, Diff: 0.1, Sum: 15.2]
      [GC Worker End (ms): Min: 1524372.1, Avg: 1524372.1, Max: 1524372.1, Diff: 0.0]
   [Code Root Fixup: 0.1 ms]
   [Code Root Purge: 0.0 ms]
   [Clear CT: 0.0 ms]
   [Other: 9.7 ms]
      [Choose CSet: 0.0 ms]
      [Ref Proc: 9.5 ms]
      [Ref Enq: 0.0 ms]
      [Redirty Cards: 0.1 ms]
      [Humongous Register: 0.0 ms]
      [Humongous Reclaim: 0.0 ms]
      [Free CSet: 0.0 ms]
   [Eden: 79.0M(79.0M)->0.0B(79.0M) Survivors: 1024.0K->1024.0K Heap: 227.1M(256.0M)->148.3M(256.0M)]
 [Times: user=0.02 sys=0.00, real=0.02 secs] 
2020-04-13T16:09:02.826+0800: 1525.775: [GC pause (G1 Evacuation Pause) (young), 0.0038739 secs]
   [Parallel Time: 3.5 ms, GC Workers: 4]
      [GC Worker Start (ms): Min: 1525775.5, Avg: 1525775.5, Max: 1525775.5, Diff: 0.1]
      [Ext Root Scanning (ms): Min: 0.3, Avg: 0.4, Max: 0.5, Diff: 0.3, Sum: 1.4]
      [Update RS (ms): Min: 1.6, Avg: 1.6, Max: 1.7, Diff: 0.1, Sum: 6.6]
         [Processed Buffers: Min: 4, Avg: 8.2, Max: 13, Diff: 9, Sum: 33]
      [Scan RS (ms): Min: 0.4, Avg: 0.5, Max: 0.5, Diff: 0.2, Sum: 1.8]
      [Code Root Scanning (ms): Min: 0.0, Avg: 0.0, Max: 0.0, Diff: 0.0, Sum: 0.0]
      [Object Copy (ms): Min: 0.9, Avg: 0.9, Max: 0.9, Diff: 0.1, Sum: 3.6]
      [Termination (ms): Min: 0.0, Avg: 0.0, Max: 0.0, Diff: 0.0, Sum: 0.0]
         [Termination Attempts: Min: 1, Avg: 1.0, Max: 1, Diff: 0, Sum: 4]
      [GC Worker Other (ms): Min: 0.0, Avg: 0.0, Max: 0.1, Diff: 0.0, Sum: 0.1]
      [GC Worker Total (ms): Min: 3.4, Avg: 3.4, Max: 3.4, Diff: 0.1, Sum: 13.5]
      [GC Worker End (ms): Min: 1525778.9, Avg: 1525778.9, Max: 1525778.9, Diff: 0.1]
   [Code Root Fixup: 0.0 ms]
   [Code Root Purge: 0.0 ms]
   [Clear CT: 0.1 ms]
   [Other: 0.3 ms]
      [Choose CSet: 0.0 ms]
      [Ref Proc: 0.1 ms]
      [Ref Enq: 0.0 ms]
      [Redirty Cards: 0.0 ms]
      [Humongous Register: 0.0 ms]
      [Humongous Reclaim: 0.0 ms]
      [Free CSet: 0.0 ms]
   [Eden: 79.0M(79.0M)->0.0B(79.0M) Survivors: 1024.0K->1024.0K Heap: 227.3M(256.0M)->148.1M(256.0M)]
 [Times: user=0.01 sys=0.00, real=0.01 secs] 
2020-04-13T16:09:04.273+0800: 1527.223: [GC pause (G1 Evacuation Pause) (young) (initial-mark), 0.0040517 secs]
   [Parallel Time: 3.7 ms, GC Workers: 4]
      [GC Worker Start (ms): Min: 1527222.8, Avg: 1527222.8, Max: 1527222.8, Diff: 0.0]
      [Ext Root Scanning (ms): Min: 0.5, Avg: 0.6, Max: 0.6, Diff: 0.1, Sum: 2.2]
      [Update RS (ms): Min: 1.6, Avg: 1.7, Max: 1.8, Diff: 0.2, Sum: 7.0]
         [Processed Buffers: Min: 5, Avg: 7.8, Max: 12, Diff: 7, Sum: 31]
      [Scan RS (ms): Min: 0.3, Avg: 0.3, Max: 0.4, Diff: 0.2, Sum: 1.4]
      [Code Root Scanning (ms): Min: 0.0, Avg: 0.0, Max: 0.0, Diff: 0.0, Sum: 0.0]
      [Object Copy (ms): Min: 0.9, Avg: 0.9, Max: 1.0, Diff: 0.1, Sum: 3.7]
      [Termination (ms): Min: 0.0, Avg: 0.0, Max: 0.0, Diff: 0.0, Sum: 0.0]
         [Termination Attempts: Min: 1, Avg: 1.0, Max: 1, Diff: 0, Sum: 4]
      [GC Worker Other (ms): Min: 0.0, Avg: 0.0, Max: 0.0, Diff: 0.0, Sum: 0.0]
      [GC Worker Total (ms): Min: 3.6, Avg: 3.6, Max: 3.6, Diff: 0.0, Sum: 14.3]
      [GC Worker End (ms): Min: 1527226.4, Avg: 1527226.4, Max: 1527226.4, Diff: 0.0]
   [Code Root Fixup: 0.0 ms]
   [Code Root Purge: 0.0 ms]
   [Clear CT: 0.0 ms]
   [Other: 0.3 ms]
      [Choose CSet: 0.0 ms]
      [Ref Proc: 0.1 ms]
      [Ref Enq: 0.0 ms]
      [Redirty Cards: 0.0 ms]
      [Humongous Register: 0.0 ms]
      [Humongous Reclaim: 0.0 ms]
      [Free CSet: 0.0 ms]
   [Eden: 79.0M(79.0M)->0.0B(79.0M) Survivors: 1024.0K->1024.0K Heap: 227.1M(256.0M)->148.4M(256.0M)]
 [Times: user=0.01 sys=0.00, real=0.00 secs] 
2020-04-13T16:09:04.277+0800: 1527.227: [GC concurrent-root-region-scan-start]
2020-04-13T16:09:04.280+0800: 1527.230: [GC concurrent-root-region-scan-end, 0.0030260 secs]
2020-04-13T16:09:04.281+0800: 1527.230: [GC concurrent-mark-start]
2020-04-13T16:09:04.305+0800: 1527.255: [GC concurrent-mark-end, 0.0246193 secs]
2020-04-13T16:09:04.305+0800: 1527.255: [GC remark 2020-04-13T16:09:04.305+0800: 1527.255: [Finalize Marking, 0.0001610 secs] 2020-04-13T16:09:04.306+0800: 1527.255: [GC ref-proc, 0.0000731 secs] 2020-04-13T16:09:04.306+0800: 1527.255: [Unloading, 0.0036951 secs], 0.0053553 secs]
 [Times: user=0.01 sys=0.00, real=0.01 secs] 
2020-04-13T16:09:04.311+0800: 1527.260: [GC cleanup 150M->150M(256M), 0.0003171 secs]
 [Times: user=0.00 sys=0.00, real=0.00 secs] 
2020-04-13T16:09:05.591+0800: 1528.540: [GC pause (G1 Evacuation Pause) (young), 0.0053380 secs]
   [Parallel Time: 4.0 ms, GC Workers: 4]
      [GC Worker Start (ms): Min: 1528540.6, Avg: 1528540.6, Max: 1528540.6, Diff: 0.0]
      [Ext Root Scanning (ms): Min: 0.3, Avg: 0.4, Max: 0.5, Diff: 0.2, Sum: 1.5]
      [Update RS (ms): Min: 1.9, Avg: 2.4, Max: 3.6, Diff: 1.6, Sum: 9.4]
         [Processed Buffers: Min: 4, Avg: 8.8, Max: 19, Diff: 15, Sum: 35]
      [Scan RS (ms): Min: 0.0, Avg: 0.2, Max: 0.3, Diff: 0.3, Sum: 0.8]
      [Code Root Scanning (ms): Min: 0.0, Avg: 0.0, Max: 0.0, Diff: 0.0, Sum: 0.0]
      [Object Copy (ms): Min: 0.0, Avg: 0.9, Max: 1.2, Diff: 1.2, Sum: 3.6]
      [Termination (ms): Min: 0.0, Avg: 0.2, Max: 0.2, Diff: 0.2, Sum: 0.6]
         [Termination Attempts: Min: 1, Avg: 1.0, Max: 1, Diff: 0, Sum: 4]
      [GC Worker Other (ms): Min: 0.0, Avg: 0.0, Max: 0.0, Diff: 0.0, Sum: 0.0]
      [GC Worker Total (ms): Min: 4.0, Avg: 4.0, Max: 4.0, Diff: 0.0, Sum: 15.9]
      [GC Worker End (ms): Min: 1528544.5, Avg: 1528544.6, Max: 1528544.6, Diff: 0.0]
   [Code Root Fixup: 0.0 ms]
   [Code Root Purge: 0.0 ms]
   [Clear CT: 0.0 ms]
   [Other: 1.2 ms]
      [Choose CSet: 0.0 ms]
      [Ref Proc: 1.0 ms]
      [Ref Enq: 0.0 ms]
      [Redirty Cards: 0.1 ms]
      [Humongous Register: 0.0 ms]
      [Humongous Reclaim: 0.0 ms]
      [Free CSet: 0.0 ms]
   [Eden: 79.0M(79.0M)->0.0B(79.0M) Survivors: 1024.0K->1024.0K Heap: 227.4M(256.0M)->148.3M(256.0M)]
 [Times: user=0.01 sys=0.00, real=0.00 secs] 
2020-04-13T16:09:06.908+0800: 1529.857: [GC pause (G1 Evacuation Pause) (young), 0.0077624 secs]
   [Parallel Time: 6.8 ms, GC Workers: 4]
      [GC Worker Start (ms): Min: 1529857.0, Avg: 1529857.0, Max: 1529857.0, Diff: 0.0]
      [Ext Root Scanning (ms): Min: 0.3, Avg: 0.4, Max: 0.5, Diff: 0.2, Sum: 1.5]
      [Update RS (ms): Min: 1.7, Avg: 1.7, Max: 1.9, Diff: 0.2, Sum: 6.9]
         [Processed Buffers: Min: 4, Avg: 8.8, Max: 15, Diff: 11, Sum: 35]
      [Scan RS (ms): Min: 1.3, Avg: 2.4, Max: 4.5, Diff: 3.2, Sum: 9.6]
      [Code Root Scanning (ms): Min: 0.0, Avg: 0.0, Max: 0.0, Diff: 0.0, Sum: 0.0]
      [Object Copy (ms): Min: 0.0, Avg: 1.7, Max: 3.0, Diff: 3.0, Sum: 7.0]
      [Termination (ms): Min: 0.0, Avg: 0.4, Max: 0.8, Diff: 0.8, Sum: 1.6]
         [Termination Attempts: Min: 1, Avg: 7.2, Max: 26, Diff: 25, Sum: 29]
      [GC Worker Other (ms): Min: 0.0, Avg: 0.0, Max: 0.0, Diff: 0.0, Sum: 0.1]
      [GC Worker Total (ms): Min: 6.6, Avg: 6.7, Max: 6.7, Diff: 0.0, Sum: 26.6]
      [GC Worker End (ms): Min: 1529863.6, Avg: 1529863.7, Max: 1529863.7, Diff: 0.1]
   [Code Root Fixup: 0.0 ms]
   [Code Root Purge: 0.0 ms]
   [Clear CT: 0.1 ms]
   [Other: 0.9 ms]
      [Choose CSet: 0.0 ms]
      [Ref Proc: 0.7 ms]
      [Ref Enq: 0.0 ms]
      [Redirty Cards: 0.0 ms]
      [Humongous Register: 0.0 ms]
      [Humongous Reclaim: 0.0 ms]
      [Free CSet: 0.0 ms]
   [Eden: 79.0M(79.0M)->0.0B(79.0M) Survivors: 1024.0K->1024.0K Heap: 227.3M(256.0M)->148.3M(256.0M)]
 [Times: user=0.02 sys=0.00, real=0.01 secs] 
2020-04-13T16:09:08.277+0800: 1531.226: [GC pause (G1 Evacuation Pause) (young) (initial-mark), 0.0067069 secs]
   [Parallel Time: 5.9 ms, GC Workers: 4]
      [GC Worker Start (ms): Min: 1531226.4, Avg: 1531226.6, Max: 1531226.9, Diff: 0.4]
      [Ext Root Scanning (ms): Min: 0.6, Avg: 1.2, Max: 2.2, Diff: 1.5, Sum: 4.6]
      [Update RS (ms): Min: 2.2, Avg: 3.2, Max: 3.8, Diff: 1.6, Sum: 12.9]
         [Processed Buffers: Min: 1, Avg: 8.5, Max: 16, Diff: 15, Sum: 34]
      [Scan RS (ms): Min: 0.0, Avg: 0.2, Max: 0.4, Diff: 0.4, Sum: 0.9]
      [Code Root Scanning (ms): Min: 0.0, Avg: 0.0, Max: 0.0, Diff: 0.0, Sum: 0.0]
      [Object Copy (ms): Min: 0.9, Avg: 1.1, Max: 1.2, Diff: 0.3, Sum: 4.3]
      [Termination (ms): Min: 0.0, Avg: 0.0, Max: 0.0, Diff: 0.0, Sum: 0.0]
         [Termination Attempts: Min: 1, Avg: 1.0, Max: 1, Diff: 0, Sum: 4]
      [GC Worker Other (ms): Min: 0.0, Avg: 0.0, Max: 0.0, Diff: 0.0, Sum: 0.1]
      [GC Worker Total (ms): Min: 5.4, Avg: 5.7, Max: 5.8, Diff: 0.5, Sum: 22.9]
      [GC Worker End (ms): Min: 1531232.3, Avg: 1531232.3, Max: 1531232.3, Diff: 0.0]
   [Code Root Fixup: 0.1 ms]
   [Code Root Purge: 0.0 ms]
   [Clear CT: 0.0 ms]
   [Other: 0.7 ms]
      [Choose CSet: 0.0 ms]
      [Ref Proc: 0.5 ms]
      [Ref Enq: 0.0 ms]
      [Redirty Cards: 0.1 ms]
      [Humongous Register: 0.0 ms]
      [Humongous Reclaim: 0.0 ms]
      [Free CSet: 0.0 ms]
   [Eden: 79.0M(79.0M)->0.0B(79.0M) Survivors: 1024.0K->1024.0K Heap: 227.3M(256.0M)->148.5M(256.0M)]
 [Times: user=0.02 sys=0.00, real=0.01 secs] 
2020-04-13T16:09:08.284+0800: 1531.233: [GC concurrent-root-region-scan-start]
2020-04-13T16:09:08.286+0800: 1531.236: [GC concurrent-root-region-scan-end, 0.0024425 secs]
2020-04-13T16:09:08.286+0800: 1531.236: [GC concurrent-mark-start]
2020-04-13T16:09:08.313+0800: 1531.262: [GC concurrent-mark-end, 0.0268073 secs]
2020-04-13T16:09:08.313+0800: 1531.263: [GC remark 2020-04-13T16:09:08.313+0800: 1531.263: [Finalize Marking, 0.0006694 secs] 2020-04-13T16:09:08.314+0800: 1531.263: [GC ref-proc, 0.0000687 secs] 2020-04-13T16:09:08.314+0800: 1531.263: [Unloading, 0.0036920 secs], 0.0058507 secs]
 [Times: user=0.02 sys=0.00, real=0.00 secs] 
2020-04-13T16:09:08.319+0800: 1531.269: [GC cleanup 150M->150M(256M), 0.0007144 secs]
 [Times: user=0.00 sys=0.00, real=0.01 secs] 
2020-04-13T16:09:09.782+0800: 1532.731: [GC pause (G1 Evacuation Pause) (young), 0.0060044 secs]
   [Parallel Time: 4.9 ms, GC Workers: 4]
      [GC Worker Start (ms): Min: 1532731.4, Avg: 1532731.5, Max: 1532731.5, Diff: 0.0]
      [Ext Root Scanning (ms): Min: 0.4, Avg: 0.4, Max: 0.5, Diff: 0.1, Sum: 1.8]
      [Update RS (ms): Min: 1.6, Avg: 1.6, Max: 1.7, Diff: 0.1, Sum: 6.6]
         [Processed Buffers: Min: 7, Avg: 9.8, Max: 13, Diff: 6, Sum: 39]
      [Scan RS (ms): Min: 0.6, Avg: 1.2, Max: 2.7, Diff: 2.1, Sum: 4.7]
      [Code Root Scanning (ms): Min: 0.0, Avg: 0.0, Max: 0.0, Diff: 0.0, Sum: 0.0]
      [Object Copy (ms): Min: 0.0, Avg: 1.0, Max: 1.4, Diff: 1.4, Sum: 4.0]
      [Termination (ms): Min: 0.0, Avg: 0.5, Max: 0.7, Diff: 0.7, Sum: 2.2]
         [Termination Attempts: Min: 1, Avg: 1.2, Max: 2, Diff: 1, Sum: 5]
      [GC Worker Other (ms): Min: 0.0, Avg: 0.0, Max: 0.0, Diff: 0.0, Sum: 0.0]
      [GC Worker Total (ms): Min: 4.8, Avg: 4.8, Max: 4.8, Diff: 0.0, Sum: 19.2]
      [GC Worker End (ms): Min: 1532736.2, Avg: 1532736.3, Max: 1532736.3, Diff: 0.0]
   [Code Root Fixup: 0.0 ms]
   [Code Root Purge: 0.0 ms]
   [Clear CT: 0.1 ms]
   [Other: 1.0 ms]
      [Choose CSet: 0.0 ms]
      [Ref Proc: 0.8 ms]
      [Ref Enq: 0.0 ms]
      [Redirty Cards: 0.0 ms]
      [Humongous Register: 0.0 ms]
      [Humongous Reclaim: 0.0 ms]
      [Free CSet: 0.0 ms]
   [Eden: 79.0M(79.0M)->0.0B(79.0M) Survivors: 1024.0K->1024.0K Heap: 227.5M(256.0M)->148.5M(256.0M)]
 [Times: user=0.02 sys=0.00, real=0.00 secs] 
2020-04-13T16:09:11.122+0800: 1534.071: [GC pause (G1 Evacuation Pause) (young), 0.0044125 secs]
   [Parallel Time: 3.6 ms, GC Workers: 4]
      [GC Worker Start (ms): Min: 1534071.5, Avg: 1534071.5, Max: 1534071.5, Diff: 0.0]
      [Ext Root Scanning (ms): Min: 0.3, Avg: 0.4, Max: 0.5, Diff: 0.2, Sum: 1.5]
      [Update RS (ms): Min: 1.6, Avg: 1.6, Max: 1.7, Diff: 0.2, Sum: 6.5]
         [Processed Buffers: Min: 6, Avg: 8.5, Max: 10, Diff: 4, Sum: 34]
      [Scan RS (ms): Min: 0.4, Avg: 0.5, Max: 0.7, Diff: 0.2, Sum: 2.2]
      [Code Root Scanning (ms): Min: 0.0, Avg: 0.0, Max: 0.0, Diff: 0.0, Sum: 0.0]
      [Object Copy (ms): Min: 0.9, Avg: 1.0, Max: 1.0, Diff: 0.1, Sum: 4.0]
      [Termination (ms): Min: 0.0, Avg: 0.0, Max: 0.0, Diff: 0.0, Sum: 0.0]
         [Termination Attempts: Min: 1, Avg: 1.0, Max: 1, Diff: 0, Sum: 4]
      [GC Worker Other (ms): Min: 0.0, Avg: 0.0, Max: 0.0, Diff: 0.0, Sum: 0.0]
      [GC Worker Total (ms): Min: 3.5, Avg: 3.5, Max: 3.6, Diff: 0.0, Sum: 14.2]
      [GC Worker End (ms): Min: 1534075.1, Avg: 1534075.1, Max: 1534075.1, Diff: 0.0]
   [Code Root Fixup: 0.1 ms]
   [Code Root Purge: 0.0 ms]
   [Clear CT: 0.2 ms]
   [Other: 0.6 ms]
      [Choose CSet: 0.0 ms]
      [Ref Proc: 0.2 ms]
      [Ref Enq: 0.0 ms]
      [Redirty Cards: 0.2 ms]
      [Humongous Register: 0.0 ms]
      [Humongous Reclaim: 0.0 ms]
      [Free CSet: 0.0 ms]
   [Eden: 79.0M(79.0M)->0.0B(79.0M) Survivors: 1024.0K->1024.0K Heap: 227.5M(256.0M)->148.7M(256.0M)]
 [Times: user=0.01 sys=0.00, real=0.00 secs] 
2020-04-13T16:09:12.540+0800: 1535.489: [GC pause (G1 Evacuation Pause) (young) (initial-mark), 0.0051218 secs]
   [Parallel Time: 3.9 ms, GC Workers: 4]
      [GC Worker Start (ms): Min: 1535489.3, Avg: 1535489.4, Max: 1535489.5, Diff: 0.2]
      [Ext Root Scanning (ms): Min: 0.5, Avg: 0.7, Max: 0.7, Diff: 0.2, Sum: 2.7]
      [Update RS (ms): Min: 1.7, Avg: 1.9, Max: 1.9, Diff: 0.2, Sum: 7.4]
         [Processed Buffers: Min: 5, Avg: 7.5, Max: 12, Diff: 7, Sum: 30]
      [Scan RS (ms): Min: 0.1, Avg: 0.3, Max: 0.3, Diff: 0.2, Sum: 1.0]
      [Code Root Scanning (ms): Min: 0.0, Avg: 0.0, Max: 0.0, Diff: 0.0, Sum: 0.0]
      [Object Copy (ms): Min: 0.9, Avg: 1.0, Max: 1.0, Diff: 0.1, Sum: 3.8]
      [Termination (ms): Min: 0.0, Avg: 0.0, Max: 0.0, Diff: 0.0, Sum: 0.0]
         [Termination Attempts: Min: 1, Avg: 1.0, Max: 1, Diff: 0, Sum: 4]
      [GC Worker Other (ms): Min: 0.0, Avg: 0.0, Max: 0.0, Diff: 0.0, Sum: 0.0]
      [GC Worker Total (ms): Min: 3.6, Avg: 3.8, Max: 3.8, Diff: 0.2, Sum: 15.0]
      [GC Worker End (ms): Min: 1535493.1, Avg: 1535493.1, Max: 1535493.1, Diff: 0.0]
   [Code Root Fixup: 0.1 ms]
   [Code Root Purge: 0.0 ms]
   [Clear CT: 0.0 ms]
   [Other: 1.1 ms]
      [Choose CSet: 0.0 ms]
      [Ref Proc: 0.9 ms]
      [Ref Enq: 0.0 ms]
      [Redirty Cards: 0.1 ms]
      [Humongous Register: 0.0 ms]
      [Humongous Reclaim: 0.0 ms]
      [Free CSet: 0.0 ms]
   [Eden: 79.0M(79.0M)->0.0B(79.0M) Survivors: 1024.0K->1024.0K Heap: 227.7M(256.0M)->148.4M(256.0M)]
 [Times: user=0.02 sys=0.00, real=0.00 secs] 
2020-04-13T16:09:12.545+0800: 1535.494: [GC concurrent-root-region-scan-start]
2020-04-13T16:09:12.548+0800: 1535.497: [GC concurrent-root-region-scan-end, 0.0026572 secs]
2020-04-13T16:09:12.548+0800: 1535.497: [GC concurrent-mark-start]
2020-04-13T16:09:12.583+0800: 1535.532: [GC concurrent-mark-end, 0.0347634 secs]
2020-04-13T16:09:12.583+0800: 1535.532: [GC remark 2020-04-13T16:09:12.583+0800: 1535.532: [Finalize Marking, 0.0001861 secs] 2020-04-13T16:09:12.583+0800: 1535.532: [GC ref-proc, 0.0000896 secs] 2020-04-13T16:09:12.583+0800: 1535.532: [Unloading, 0.0038373 secs], 0.0054962 secs]
 [Times: user=0.01 sys=0.00, real=0.00 secs] 
2020-04-13T16:09:12.588+0800: 1535.538: [GC cleanup 150M->150M(256M), 0.0003770 secs]
 [Times: user=0.00 sys=0.00, real=0.00 secs] 
2020-04-13T16:09:14.011+0800: 1536.960: [GC pause (G1 Evacuation Pause) (young), 0.0048627 secs]
   [Parallel Time: 3.6 ms, GC Workers: 4]
      [GC Worker Start (ms): Min: 1536960.0, Avg: 1536960.2, Max: 1536960.4, Diff: 0.4]
      [Ext Root Scanning (ms): Min: 0.2, Avg: 0.4, Max: 0.8, Diff: 0.6, Sum: 1.8]
      [Update RS (ms): Min: 1.6, Avg: 1.8, Max: 1.9, Diff: 0.3, Sum: 7.1]
         [Processed Buffers: Min: 7, Avg: 8.8, Max: 11, Diff: 4, Sum: 35]
      [Scan RS (ms): Min: 0.1, Avg: 0.2, Max: 0.3, Diff: 0.1, Sum: 0.9]
      [Code Root Scanning (ms): Min: 0.0, Avg: 0.0, Max: 0.0, Diff: 0.0, Sum: 0.0]
      [Object Copy (ms): Min: 0.9, Avg: 0.9, Max: 1.0, Diff: 0.1, Sum: 3.6]
      [Termination (ms): Min: 0.0, Avg: 0.0, Max: 0.0, Diff: 0.0, Sum: 0.0]
         [Termination Attempts: Min: 1, Avg: 1.0, Max: 1, Diff: 0, Sum: 4]
      [GC Worker Other (ms): Min: 0.0, Avg: 0.0, Max: 0.1, Diff: 0.0, Sum: 0.1]
      [GC Worker Total (ms): Min: 3.2, Avg: 3.4, Max: 3.5, Diff: 0.4, Sum: 13.4]
      [GC Worker End (ms): Min: 1536963.5, Avg: 1536963.5, Max: 1536963.5, Diff: 0.0]
   [Code Root Fixup: 0.0 ms]
   [Code Root Purge: 0.0 ms]
   [Clear CT: 0.1 ms]
   [Other: 1.2 ms]
      [Choose CSet: 0.0 ms]
      [Ref Proc: 1.0 ms]
      [Ref Enq: 0.0 ms]
      [Redirty Cards: 0.0 ms]
      [Humongous Register: 0.0 ms]
      [Humongous Reclaim: 0.0 ms]
      [Free CSet: 0.0 ms]
   [Eden: 79.0M(79.0M)->0.0B(79.0M) Survivors: 1024.0K->1024.0K Heap: 227.4M(256.0M)->148.7M(256.0M)]
 [Times: user=0.01 sys=0.00, real=0.00 secs] 
2020-04-13T16:09:15.316+0800: 1538.265: [GC pause (G1 Evacuation Pause) (young), 0.0046443 secs]
   [Parallel Time: 4.1 ms, GC Workers: 4]
      [GC Worker Start (ms): Min: 1538265.6, Avg: 1538265.6, Max: 1538265.6, Diff: 0.1]
      [Ext Root Scanning (ms): Min: 0.3, Avg: 0.4, Max: 0.5, Diff: 0.2, Sum: 1.5]
      [Update RS (ms): Min: 1.7, Avg: 1.8, Max: 1.9, Diff: 0.1, Sum: 7.4]
         [Processed Buffers: Min: 7, Avg: 9.5, Max: 12, Diff: 5, Sum: 38]
      [Scan RS (ms): Min: 0.1, Avg: 0.1, Max: 0.2, Diff: 0.1, Sum: 0.5]
      [Code Root Scanning (ms): Min: 0.0, Avg: 0.0, Max: 0.0, Diff: 0.0, Sum: 0.0]
      [Object Copy (ms): Min: 1.2, Avg: 1.3, Max: 1.5, Diff: 0.4, Sum: 5.2]
      [Termination (ms): Min: 0.0, Avg: 0.3, Max: 0.4, Diff: 0.4, Sum: 1.2]
         [Termination Attempts: Min: 1, Avg: 1.0, Max: 1, Diff: 0, Sum: 4]
      [GC Worker Other (ms): Min: 0.0, Avg: 0.0, Max: 0.0, Diff: 0.0, Sum: 0.1]
      [GC Worker Total (ms): Min: 4.0, Avg: 4.0, Max: 4.0, Diff: 0.0, Sum: 15.9]
      [GC Worker End (ms): Min: 1538269.6, Avg: 1538269.6, Max: 1538269.6, Diff: 0.0]
   [Code Root Fixup: 0.1 ms]
   [Code Root Purge: 0.0 ms]
   [Clear CT: 0.0 ms]
   [Other: 0.5 ms]
      [Choose CSet: 0.0 ms]
      [Ref Proc: 0.2 ms]
      [Ref Enq: 0.0 ms]
      [Redirty Cards: 0.0 ms]
      [Humongous Register: 0.0 ms]
      [Humongous Reclaim: 0.0 ms]
      [Free CSet: 0.0 ms]
   [Eden: 79.0M(79.0M)->0.0B(79.0M) Survivors: 1024.0K->1024.0K Heap: 227.7M(256.0M)->148.6M(256.0M)]
 [Times: user=0.01 sys=0.00, real=0.01 secs] 
2020-04-13T16:09:16.610+0800: 1539.560: [GC pause (G1 Evacuation Pause) (young) (initial-mark), 0.0047590 secs]
   [Parallel Time: 4.3 ms, GC Workers: 4]
      [GC Worker Start (ms): Min: 1539559.6, Avg: 1539559.6, Max: 1539559.6, Diff: 0.0]
      [Ext Root Scanning (ms): Min: 0.4, Avg: 1.3, Max: 3.4, Diff: 3.0, Sum: 5.2]
      [Update RS (ms): Min: 0.0, Avg: 1.7, Max: 2.3, Diff: 2.3, Sum: 6.7]
         [Processed Buffers: Min: 0, Avg: 9.2, Max: 13, Diff: 13, Sum: 37]
      [Scan RS (ms): Min: 0.0, Avg: 0.1, Max: 0.2, Diff: 0.2, Sum: 0.5]
      [Code Root Scanning (ms): Min: 0.0, Avg: 0.0, Max: 0.0, Diff: 0.0, Sum: 0.0]
      [Object Copy (ms): Min: 0.9, Avg: 1.2, Max: 1.7, Diff: 0.9, Sum: 4.6]
      [Termination (ms): Min: 0.0, Avg: 0.0, Max: 0.0, Diff: 0.0, Sum: 0.0]
         [Termination Attempts: Min: 1, Avg: 1.0, Max: 1, Diff: 0, Sum: 4]
      [GC Worker Other (ms): Min: 0.0, Avg: 0.0, Max: 0.0, Diff: 0.0, Sum: 0.0]
      [GC Worker Total (ms): Min: 4.2, Avg: 4.3, Max: 4.3, Diff: 0.0, Sum: 17.0]
      [GC Worker End (ms): Min: 1539563.8, Avg: 1539563.8, Max: 1539563.8, Diff: 0.0]
   [Code Root Fixup: 0.0 ms]
   [Code Root Purge: 0.0 ms]
   [Clear CT: 0.1 ms]
   [Other: 0.3 ms]
      [Choose CSet: 0.0 ms]
      [Ref Proc: 0.1 ms]
      [Ref Enq: 0.0 ms]
      [Redirty Cards: 0.1 ms]
      [Humongous Register: 0.0 ms]
      [Humongous Reclaim: 0.0 ms]
      [Free CSet: 0.0 ms]
   [Eden: 79.0M(79.0M)->0.0B(78.0M) Survivors: 1024.0K->1024.0K Heap: 227.6M(256.0M)->148.7M(256.0M)]
 [Times: user=0.01 sys=0.00, real=0.00 secs] 
2020-04-13T16:09:16.615+0800: 1539.564: [GC concurrent-root-region-scan-start]
2020-04-13T16:09:16.618+0800: 1539.567: [GC concurrent-root-region-scan-end, 0.0026089 secs]
2020-04-13T16:09:16.618+0800: 1539.567: [GC concurrent-mark-start]
2020-04-13T16:09:16.644+0800: 1539.593: [GC concurrent-mark-end, 0.0257644 secs]
2020-04-13T16:09:16.644+0800: 1539.593: [GC remark 2020-04-13T16:09:16.644+0800: 1539.593: [Finalize Marking, 0.0001227 secs] 2020-04-13T16:09:16.644+0800: 1539.593: [GC ref-proc, 0.0000835 secs] 2020-04-13T16:09:16.644+0800: 1539.593: [Unloading, 0.0038745 secs], 0.0057079 secs]
 [Times: user=0.01 sys=0.00, real=0.01 secs] 
2020-04-13T16:09:16.650+0800: 1539.599: [GC cleanup 150M->150M(256M), 0.0002949 secs]
 [Times: user=0.00 sys=0.00, real=0.00 secs] 
2020-04-13T16:09:18.150+0800: 1541.099: [GC pause (G1 Evacuation Pause) (young), 0.0073912 secs]
   [Parallel Time: 6.6 ms, GC Workers: 4]
      [GC Worker Start (ms): Min: 1541099.2, Avg: 1541099.3, Max: 1541099.4, Diff: 0.2]
      [Ext Root Scanning (ms): Min: 0.4, Avg: 1.3, Max: 3.9, Diff: 3.4, Sum: 5.3]
      [Update RS (ms): Min: 0.0, Avg: 3.0, Max: 5.7, Diff: 5.7, Sum: 12.0]
         [Processed Buffers: Min: 0, Avg: 9.8, Max: 20, Diff: 20, Sum: 39]
      [Scan RS (ms): Min: 0.0, Avg: 0.1, Max: 0.2, Diff: 0.2, Sum: 0.3]
      [Code Root Scanning (ms): Min: 0.0, Avg: 0.0, Max: 0.0, Diff: 0.0, Sum: 0.0]
      [Object Copy (ms): Min: 0.1, Avg: 1.4, Max: 1.8, Diff: 1.8, Sum: 5.5]
      [Termination (ms): Min: 0.0, Avg: 0.5, Max: 0.7, Diff: 0.7, Sum: 2.0]
         [Termination Attempts: Min: 1, Avg: 2.8, Max: 8, Diff: 7, Sum: 11]
      [GC Worker Other (ms): Min: 0.0, Avg: 0.0, Max: 0.0, Diff: 0.0, Sum: 0.1]
      [GC Worker Total (ms): Min: 6.2, Avg: 6.3, Max: 6.4, Diff: 0.2, Sum: 25.2]
      [GC Worker End (ms): Min: 1541105.5, Avg: 1541105.6, Max: 1541105.6, Diff: 0.1]
   [Code Root Fixup: 0.1 ms]
   [Code Root Purge: 0.0 ms]
   [Clear CT: 0.1 ms]
   [Other: 0.6 ms]
      [Choose CSet: 0.0 ms]
      [Ref Proc: 0.4 ms]
      [Ref Enq: 0.0 ms]
      [Redirty Cards: 0.1 ms]
      [Humongous Register: 0.0 ms]
      [Humongous Reclaim: 0.0 ms]
      [Free CSet: 0.0 ms]
   [Eden: 78.0M(78.0M)->0.0B(11.0M) Survivors: 1024.0K->1024.0K Heap: 226.7M(256.0M)->148.7M(256.0M)]
 [Times: user=0.02 sys=0.00, real=0.00 secs] 
2020-04-13T16:09:18.343+0800: 1541.292: [GC pause (G1 Evacuation Pause) (mixed), 0.0043841 secs]
   [Parallel Time: 4.0 ms, GC Workers: 4]
      [GC Worker Start (ms): Min: 1541292.1, Avg: 1541292.1, Max: 1541292.1, Diff: 0.0]
      [Ext Root Scanning (ms): Min: 0.3, Avg: 0.4, Max: 0.5, Diff: 0.2, Sum: 1.5]
      [Update RS (ms): Min: 1.8, Avg: 1.9, Max: 1.9, Diff: 0.1, Sum: 7.5]
         [Processed Buffers: Min: 5, Avg: 7.0, Max: 11, Diff: 6, Sum: 28]
      [Scan RS (ms): Min: 0.6, Avg: 0.7, Max: 0.8, Diff: 0.2, Sum: 2.9]
      [Code Root Scanning (ms): Min: 0.0, Avg: 0.0, Max: 0.0, Diff: 0.0, Sum: 0.0]
      [Object Copy (ms): Min: 0.9, Avg: 0.9, Max: 1.0, Diff: 0.0, Sum: 3.8]
      [Termination (ms): Min: 0.0, Avg: 0.0, Max: 0.0, Diff: 0.0, Sum: 0.0]
         [Termination Attempts: Min: 1, Avg: 1.0, Max: 1, Diff: 0, Sum: 4]
      [GC Worker Other (ms): Min: 0.0, Avg: 0.0, Max: 0.1, Diff: 0.1, Sum: 0.1]
      [GC Worker Total (ms): Min: 3.9, Avg: 3.9, Max: 4.0, Diff: 0.1, Sum: 15.8]
      [GC Worker End (ms): Min: 1541296.0, Avg: 1541296.0, Max: 1541296.1, Diff: 0.0]
   [Code Root Fixup: 0.0 ms]
   [Code Root Purge: 0.0 ms]
   [Clear CT: 0.0 ms]
   [Other: 0.3 ms]
      [Choose CSet: 0.0 ms]
      [Ref Proc: 0.1 ms]
      [Ref Enq: 0.0 ms]
      [Redirty Cards: 0.0 ms]
      [Humongous Register: 0.0 ms]
      [Humongous Reclaim: 0.0 ms]
      [Free CSet: 0.0 ms]
   [Eden: 11.0M(11.0M)->0.0B(79.0M) Survivors: 1024.0K->1024.0K Heap: 159.7M(256.0M)->147.6M(256.0M)]
 [Times: user=0.01 sys=0.00, real=0.00 secs] 
2020-04-13T16:09:19.768+0800: 1542.718: [GC pause (G1 Evacuation Pause) (young), 0.0057488 secs]
   [Parallel Time: 5.0 ms, GC Workers: 4]
      [GC Worker Start (ms): Min: 1542717.6, Avg: 1542717.6, Max: 1542717.7, Diff: 0.0]
      [Ext Root Scanning (ms): Min: 0.3, Avg: 0.4, Max: 0.5, Diff: 0.2, Sum: 1.5]
      [Update RS (ms): Min: 2.5, Avg: 3.0, Max: 4.3, Diff: 1.8, Sum: 12.0]
         [Processed Buffers: Min: 2, Avg: 9.2, Max: 19, Diff: 17, Sum: 37]
      [Scan RS (ms): Min: 0.0, Avg: 0.0, Max: 0.1, Diff: 0.1, Sum: 0.2]
      [Code Root Scanning (ms): Min: 0.0, Avg: 0.0, Max: 0.0, Diff: 0.0, Sum: 0.0]
      [Object Copy (ms): Min: 0.1, Avg: 0.9, Max: 1.2, Diff: 1.1, Sum: 3.4]
      [Termination (ms): Min: 0.0, Avg: 0.5, Max: 0.7, Diff: 0.7, Sum: 2.0]
         [Termination Attempts: Min: 1, Avg: 1.5, Max: 2, Diff: 1, Sum: 6]
      [GC Worker Other (ms): Min: 0.0, Avg: 0.0, Max: 0.1, Diff: 0.1, Sum: 0.1]
      [GC Worker Total (ms): Min: 4.7, Avg: 4.8, Max: 4.8, Diff: 0.1, Sum: 19.1]
      [GC Worker End (ms): Min: 1542722.4, Avg: 1542722.4, Max: 1542722.4, Diff: 0.1]
   [Code Root Fixup: 0.0 ms]
   [Code Root Purge: 0.0 ms]
   [Clear CT: 0.1 ms]
   [Other: 0.7 ms]
      [Choose CSet: 0.0 ms]
      [Ref Proc: 0.5 ms]
      [Ref Enq: 0.0 ms]
      [Redirty Cards: 0.0 ms]
      [Humongous Register: 0.0 ms]
      [Humongous Reclaim: 0.0 ms]
      [Free CSet: 0.0 ms]
   [Eden: 79.0M(79.0M)->0.0B(79.0M) Survivors: 1024.0K->1024.0K Heap: 226.6M(256.0M)->148.0M(256.0M)]
 [Times: user=0.02 sys=0.00, real=0.01 secs] 
2020-04-13T16:09:21.187+0800: 1544.136: [GC pause (G1 Evacuation Pause) (young) (initial-mark), 0.0059196 secs]
   [Parallel Time: 4.9 ms, GC Workers: 4]
      [GC Worker Start (ms): Min: 1544136.2, Avg: 1544136.2, Max: 1544136.2, Diff: 0.0]
      [Ext Root Scanning (ms): Min: 0.6, Avg: 0.6, Max: 0.7, Diff: 0.1, Sum: 2.5]
      [Update RS (ms): Min: 1.9, Avg: 2.0, Max: 2.2, Diff: 0.3, Sum: 8.1]
         [Processed Buffers: Min: 4, Avg: 9.2, Max: 14, Diff: 10, Sum: 37]
      [Scan RS (ms): Min: 0.2, Avg: 0.3, Max: 0.5, Diff: 0.3, Sum: 1.3]
      [Code Root Scanning (ms): Min: 0.0, Avg: 0.0, Max: 0.0, Diff: 0.0, Sum: 0.0]
      [Object Copy (ms): Min: 1.3, Avg: 1.6, Max: 1.8, Diff: 0.6, Sum: 6.5]
      [Termination (ms): Min: 0.0, Avg: 0.2, Max: 0.2, Diff: 0.2, Sum: 0.6]
         [Termination Attempts: Min: 1, Avg: 1.2, Max: 2, Diff: 1, Sum: 5]
      [GC Worker Other (ms): Min: 0.0, Avg: 0.0, Max: 0.0, Diff: 0.0, Sum: 0.0]
      [GC Worker Total (ms): Min: 4.7, Avg: 4.8, Max: 4.9, Diff: 0.1, Sum: 19.2]
      [GC Worker End (ms): Min: 1544140.9, Avg: 1544141.0, Max: 1544141.0, Diff: 0.1]
   [Code Root Fixup: 0.0 ms]
   [Code Root Purge: 0.0 ms]
   [Clear CT: 0.1 ms]
   [Other: 0.9 ms]
      [Choose CSet: 0.0 ms]
      [Ref Proc: 0.7 ms]
      [Ref Enq: 0.0 ms]
      [Redirty Cards: 0.1 ms]
      [Humongous Register: 0.0 ms]
      [Humongous Reclaim: 0.0 ms]
      [Free CSet: 0.0 ms]
   [Eden: 79.0M(79.0M)->0.0B(79.0M) Survivors: 1024.0K->1024.0K Heap: 227.0M(256.0M)->147.9M(256.0M)]
 [Times: user=0.02 sys=0.00, real=0.01 secs] 
2020-04-13T16:09:21.193+0800: 1544.142: [GC concurrent-root-region-scan-start]
2020-04-13T16:09:21.196+0800: 1544.145: [GC concurrent-root-region-scan-end, 0.0026015 secs]
2020-04-13T16:09:21.196+0800: 1544.145: [GC concurrent-mark-start]
2020-04-13T16:09:21.222+0800: 1544.171: [GC concurrent-mark-end, 0.0261844 secs]
2020-04-13T16:09:21.222+0800: 1544.171: [GC remark 2020-04-13T16:09:21.222+0800: 1544.171: [Finalize Marking, 0.0003804 secs] 2020-04-13T16:09:21.222+0800: 1544.172: [GC ref-proc, 0.0000641 secs] 2020-04-13T16:09:21.222+0800: 1544.172: [Unloading, 0.0036795 secs], 0.0057718 secs]
 [Times: user=0.01 sys=0.00, real=0.00 secs] 
2020-04-13T16:09:21.228+0800: 1544.177: [GC cleanup 149M->149M(256M), 0.0003010 secs]
 [Times: user=0.00 sys=0.00, real=0.00 secs] 
2020-04-13T16:09:22.639+0800: 1545.588: [GC pause (G1 Evacuation Pause) (young), 0.0079501 secs]
   [Parallel Time: 7.1 ms, GC Workers: 4]
      [GC Worker Start (ms): Min: 1545588.5, Avg: 1545588.8, Max: 1545589.3, Diff: 0.8]
      [Ext Root Scanning (ms): Min: 0.0, Avg: 0.6, Max: 1.0, Diff: 1.0, Sum: 2.4]
      [Update RS (ms): Min: 0.0, Avg: 2.3, Max: 3.5, Diff: 3.5, Sum: 9.3]
         [Processed Buffers: Min: 0, Avg: 9.0, Max: 21, Diff: 21, Sum: 36]
      [Scan RS (ms): Min: 0.0, Avg: 0.5, Max: 0.9, Diff: 0.9, Sum: 2.0]
      [Code Root Scanning (ms): Min: 0.0, Avg: 0.0, Max: 0.0, Diff: 0.0, Sum: 0.0]
      [Object Copy (ms): Min: 1.1, Avg: 2.8, Max: 6.2, Diff: 5.1, Sum: 11.4]
      [Termination (ms): Min: 0.0, Avg: 0.5, Max: 0.7, Diff: 0.7, Sum: 2.0]
         [Termination Attempts: Min: 1, Avg: 1.2, Max: 2, Diff: 1, Sum: 5]
      [GC Worker Other (ms): Min: 0.0, Avg: 0.0, Max: 0.0, Diff: 0.0, Sum: 0.1]
      [GC Worker Total (ms): Min: 6.2, Avg: 6.8, Max: 7.0, Diff: 0.8, Sum: 27.3]
      [GC Worker End (ms): Min: 1545595.6, Avg: 1545595.6, Max: 1545595.6, Diff: 0.0]
   [Code Root Fixup: 0.1 ms]
   [Code Root Purge: 0.0 ms]
   [Clear CT: 0.1 ms]
   [Other: 0.7 ms]
      [Choose CSet: 0.0 ms]
      [Ref Proc: 0.5 ms]
      [Ref Enq: 0.0 ms]
      [Redirty Cards: 0.1 ms]
      [Humongous Register: 0.0 ms]
      [Humongous Reclaim: 0.0 ms]
      [Free CSet: 0.0 ms]
   [Eden: 79.0M(79.0M)->0.0B(79.0M) Survivors: 1024.0K->1024.0K Heap: 226.9M(256.0M)->148.0M(256.0M)]
 [Times: user=0.01 sys=0.00, real=0.01 secs] 
2020-04-13T16:09:24.185+0800: 1547.134: [GC pause (G1 Evacuation Pause) (young), 0.0043621 secs]
   [Parallel Time: 3.6 ms, GC Workers: 4]
      [GC Worker Start (ms): Min: 1547134.2, Avg: 1547134.2, Max: 1547134.2, Diff: 0.0]
      [Ext Root Scanning (ms): Min: 0.3, Avg: 0.4, Max: 0.5, Diff: 0.2, Sum: 1.5]
      [Update RS (ms): Min: 1.6, Avg: 1.6, Max: 1.7, Diff: 0.1, Sum: 6.6]
         [Processed Buffers: Min: 4, Avg: 8.0, Max: 13, Diff: 9, Sum: 32]
      [Scan RS (ms): Min: 0.5, Avg: 0.6, Max: 0.6, Diff: 0.2, Sum: 2.2]
      [Code Root Scanning (ms): Min: 0.0, Avg: 0.0, Max: 0.0, Diff: 0.0, Sum: 0.0]
      [Object Copy (ms): Min: 0.9, Avg: 0.9, Max: 1.0, Diff: 0.1, Sum: 3.8]
      [Termination (ms): Min: 0.0, Avg: 0.0, Max: 0.0, Diff: 0.0, Sum: 0.0]
         [Termination Attempts: Min: 1, Avg: 1.0, Max: 1, Diff: 0, Sum: 4]
      [GC Worker Other (ms): Min: 0.0, Avg: 0.0, Max: 0.0, Diff: 0.0, Sum: 0.1]
      [GC Worker Total (ms): Min: 3.5, Avg: 3.5, Max: 3.5, Diff: 0.0, Sum: 14.1]
      [GC Worker End (ms): Min: 1547137.7, Avg: 1547137.7, Max: 1547137.7, Diff: 0.0]
   [Code Root Fixup: 0.0 ms]
   [Code Root Purge: 0.0 ms]
   [Clear CT: 0.1 ms]
   [Other: 0.7 ms]
      [Choose CSet: 0.0 ms]
      [Ref Proc: 0.5 ms]
      [Ref Enq: 0.0 ms]
      [Redirty Cards: 0.1 ms]
      [Humongous Register: 0.0 ms]
      [Humongous Reclaim: 0.0 ms]
      [Free CSet: 0.0 ms]
   [Eden: 79.0M(79.0M)->0.0B(79.0M) Survivors: 1024.0K->1024.0K Heap: 227.0M(256.0M)->148.1M(256.0M)]
 [Times: user=0.02 sys=0.00, real=0.00 secs] 
2020-04-13T16:09:25.894+0800: 1548.843: [GC pause (G1 Evacuation Pause) (young) (initial-mark), 0.0060211 secs]
   [Parallel Time: 4.7 ms, GC Workers: 4]
      [GC Worker Start (ms): Min: 1548843.2, Avg: 1548843.2, Max: 1548843.2, Diff: 0.0]
      [Ext Root Scanning (ms): Min: 0.6, Avg: 0.6, Max: 0.6, Diff: 0.1, Sum: 2.3]
      [Update RS (ms): Min: 1.5, Avg: 1.6, Max: 1.6, Diff: 0.1, Sum: 6.3]
         [Processed Buffers: Min: 4, Avg: 8.5, Max: 12, Diff: 8, Sum: 34]
      [Scan RS (ms): Min: 0.5, Avg: 0.6, Max: 0.6, Diff: 0.2, Sum: 2.2]
      [Code Root Scanning (ms): Min: 0.0, Avg: 0.0, Max: 0.0, Diff: 0.0, Sum: 0.0]
      [Object Copy (ms): Min: 0.9, Avg: 1.1, Max: 1.6, Diff: 0.7, Sum: 4.4]
      [Termination (ms): Min: 0.0, Avg: 0.5, Max: 0.7, Diff: 0.7, Sum: 2.1]
         [Termination Attempts: Min: 1, Avg: 1.0, Max: 1, Diff: 0, Sum: 4]
      [GC Worker Other (ms): Min: 0.0, Avg: 0.0, Max: 0.0, Diff: 0.0, Sum: 0.0]
      [GC Worker Total (ms): Min: 4.3, Avg: 4.4, Max: 4.4, Diff: 0.1, Sum: 17.4]
      [GC Worker End (ms): Min: 1548847.5, Avg: 1548847.6, Max: 1548847.6, Diff: 0.1]
   [Code Root Fixup: 0.0 ms]
   [Code Root Purge: 0.0 ms]
   [Clear CT: 0.1 ms]
   [Other: 1.2 ms]
      [Choose CSet: 0.0 ms]
      [Ref Proc: 1.0 ms]
      [Ref Enq: 0.0 ms]
      [Redirty Cards: 0.0 ms]
      [Humongous Register: 0.0 ms]
      [Humongous Reclaim: 0.0 ms]
      [Free CSet: 0.0 ms]
   [Eden: 79.0M(79.0M)->0.0B(79.0M) Survivors: 1024.0K->1024.0K Heap: 227.1M(256.0M)->148.0M(256.0M)]
 [Times: user=0.02 sys=0.00, real=0.01 secs] 
2020-04-13T16:09:25.900+0800: 1548.849: [GC concurrent-root-region-scan-start]
2020-04-13T16:09:25.903+0800: 1548.852: [GC concurrent-root-region-scan-end, 0.0026984 secs]
2020-04-13T16:09:25.903+0800: 1548.852: [GC concurrent-mark-start]
2020-04-13T16:09:25.927+0800: 1548.876: [GC concurrent-mark-end, 0.0236508 secs]
2020-04-13T16:09:25.927+0800: 1548.876: [GC remark 2020-04-13T16:09:25.927+0800: 1548.876: [Finalize Marking, 0.0001088 secs] 2020-04-13T16:09:25.927+0800: 1548.876: [GC ref-proc, 0.0000854 secs] 2020-04-13T16:09:25.927+0800: 1548.876: [Unloading, 0.0038372 secs], 0.0062905 secs]
 [Times: user=0.02 sys=0.00, real=0.01 secs] 
2020-04-13T16:09:25.933+0800: 1548.883: [GC cleanup 149M->149M(256M), 0.0004673 secs]
 [Times: user=0.00 sys=0.00, real=0.00 secs] 
2020-04-13T16:09:27.358+0800: 1550.307: [GC pause (G1 Evacuation Pause) (young), 0.0081143 secs]
   [Parallel Time: 6.9 ms, GC Workers: 4]
      [GC Worker Start (ms): Min: 1550306.9, Avg: 1550306.9, Max: 1550307.0, Diff: 0.1]
      [Ext Root Scanning (ms): Min: 0.4, Avg: 0.5, Max: 0.5, Diff: 0.1, Sum: 1.8]
      [Update RS (ms): Min: 1.8, Avg: 2.1, Max: 2.5, Diff: 0.6, Sum: 8.2]
         [Processed Buffers: Min: 3, Avg: 7.8, Max: 11, Diff: 8, Sum: 31]
      [Scan RS (ms): Min: 0.6, Avg: 1.1, Max: 2.4, Diff: 1.9, Sum: 4.3]
      [Code Root Scanning (ms): Min: 0.0, Avg: 0.0, Max: 0.0, Diff: 0.0, Sum: 0.0]
      [Object Copy (ms): Min: 0.6, Avg: 1.9, Max: 3.0, Diff: 2.4, Sum: 7.6]
      [Termination (ms): Min: 0.0, Avg: 0.7, Max: 1.2, Diff: 1.2, Sum: 2.8]
         [Termination Attempts: Min: 1, Avg: 1.0, Max: 1, Diff: 0, Sum: 4]
      [GC Worker Other (ms): Min: 0.0, Avg: 0.0, Max: 0.0, Diff: 0.0, Sum: 0.1]
      [GC Worker Total (ms): Min: 6.0, Avg: 6.2, Max: 6.5, Diff: 0.4, Sum: 24.8]
      [GC Worker End (ms): Min: 1550312.9, Avg: 1550313.1, Max: 1550313.4, Diff: 0.5]
   [Code Root Fixup: 0.0 ms]
   [Code Root Purge: 0.0 ms]
   [Clear CT: 0.1 ms]
   [Other: 1.1 ms]
      [Choose CSet: 0.0 ms]
      [Ref Proc: 0.9 ms]
      [Ref Enq: 0.0 ms]
      [Redirty Cards: 0.1 ms]
      [Humongous Register: 0.0 ms]
      [Humongous Reclaim: 0.0 ms]
      [Free CSet: 0.0 ms]
   [Eden: 79.0M(79.0M)->0.0B(79.0M) Survivors: 1024.0K->1024.0K Heap: 227.0M(256.0M)->148.0M(256.0M)]
 [Times: user=0.02 sys=0.00, real=0.01 secs] 
2020-04-13T16:09:28.743+0800: 1551.692: [GC pause (G1 Evacuation Pause) (young), 0.0040879 secs]
   [Parallel Time: 3.7 ms, GC Workers: 4]
      [GC Worker Start (ms): Min: 1551692.4, Avg: 1551692.5, Max: 1551692.5, Diff: 0.0]
      [Ext Root Scanning (ms): Min: 0.3, Avg: 0.5, Max: 0.8, Diff: 0.5, Sum: 2.1]
      [Update RS (ms): Min: 1.1, Avg: 1.5, Max: 1.8, Diff: 0.7, Sum: 6.1]
         [Processed Buffers: Min: 5, Avg: 7.8, Max: 13, Diff: 8, Sum: 31]
      [Scan RS (ms): Min: 0.5, Avg: 0.6, Max: 0.8, Diff: 0.3, Sum: 2.6]
      [Code Root Scanning (ms): Min: 0.0, Avg: 0.0, Max: 0.0, Diff: 0.0, Sum: 0.0]
      [Object Copy (ms): Min: 0.9, Avg: 0.9, Max: 1.0, Diff: 0.1, Sum: 3.8]
      [Termination (ms): Min: 0.0, Avg: 0.0, Max: 0.0, Diff: 0.0, Sum: 0.0]
         [Termination Attempts: Min: 1, Avg: 1.0, Max: 1, Diff: 0, Sum: 4]
      [GC Worker Other (ms): Min: 0.0, Avg: 0.0, Max: 0.0, Diff: 0.0, Sum: 0.0]
      [GC Worker Total (ms): Min: 3.6, Avg: 3.6, Max: 3.6, Diff: 0.0, Sum: 14.6]
      [GC Worker End (ms): Min: 1551696.1, Avg: 1551696.1, Max: 1551696.1, Diff: 0.0]
   [Code Root Fixup: 0.0 ms]
   [Code Root Purge: 0.0 ms]
   [Clear CT: 0.1 ms]
   [Other: 0.3 ms]
      [Choose CSet: 0.0 ms]
      [Ref Proc: 0.1 ms]
      [Ref Enq: 0.0 ms]
      [Redirty Cards: 0.1 ms]
      [Humongous Register: 0.0 ms]
      [Humongous Reclaim: 0.0 ms]
      [Free CSet: 0.0 ms]
   [Eden: 79.0M(79.0M)->0.0B(79.0M) Survivors: 1024.0K->1024.0K Heap: 227.0M(256.0M)->148.2M(256.0M)]
 [Times: user=0.01 sys=0.00, real=0.00 secs] 
2020-04-13T16:09:30.333+0800: 1553.282: [GC pause (G1 Evacuation Pause) (young) (initial-mark), 0.0062740 secs]
   [Parallel Time: 3.9 ms, GC Workers: 4]
      [GC Worker Start (ms): Min: 1553282.1, Avg: 1553282.1, Max: 1553282.1, Diff: 0.0]
      [Ext Root Scanning (ms): Min: 0.6, Avg: 0.6, Max: 0.6, Diff: 0.0, Sum: 2.3]
      [Update RS (ms): Min: 1.5, Avg: 1.6, Max: 1.6, Diff: 0.2, Sum: 6.3]
         [Processed Buffers: Min: 5, Avg: 8.5, Max: 12, Diff: 7, Sum: 34]
      [Scan RS (ms): Min: 0.6, Avg: 0.7, Max: 0.7, Diff: 0.1, Sum: 2.7]
      [Code Root Scanning (ms): Min: 0.0, Avg: 0.0, Max: 0.0, Diff: 0.0, Sum: 0.0]
      [Object Copy (ms): Min: 1.0, Avg: 1.0, Max: 1.0, Diff: 0.0, Sum: 3.9]
      [Termination (ms): Min: 0.0, Avg: 0.0, Max: 0.0, Diff: 0.0, Sum: 0.0]
         [Termination Attempts: Min: 1, Avg: 1.0, Max: 1, Diff: 0, Sum: 4]
      [GC Worker Other (ms): Min: 0.0, Avg: 0.0, Max: 0.0, Diff: 0.0, Sum: 0.0]
      [GC Worker Total (ms): Min: 3.8, Avg: 3.8, Max: 3.8, Diff: 0.0, Sum: 15.2]
      [GC Worker End (ms): Min: 1553285.9, Avg: 1553285.9, Max: 1553285.9, Diff: 0.0]
   [Code Root Fixup: 0.0 ms]
   [Code Root Purge: 0.0 ms]
   [Clear CT: 0.4 ms]
   [Other: 2.0 ms]
      [Choose CSet: 0.0 ms]
      [Ref Proc: 1.7 ms]
      [Ref Enq: 0.0 ms]
      [Redirty Cards: 0.1 ms]
      [Humongous Register: 0.0 ms]
      [Humongous Reclaim: 0.0 ms]
      [Free CSet: 0.0 ms]
   [Eden: 79.0M(79.0M)->0.0B(79.0M) Survivors: 1024.0K->1024.0K Heap: 227.2M(256.0M)->148.1M(256.0M)]
 [Times: user=0.02 sys=0.00, real=0.00 secs] 
2020-04-13T16:09:30.339+0800: 1553.288: [GC concurrent-root-region-scan-start]
2020-04-13T16:09:30.342+0800: 1553.291: [GC concurrent-root-region-scan-end, 0.0027850 secs]
2020-04-13T16:09:30.342+0800: 1553.291: [GC concurrent-mark-start]
2020-04-13T16:09:30.364+0800: 1553.313: [GC concurrent-mark-end, 0.0218811 secs]
2020-04-13T16:09:30.364+0800: 1553.313: [GC remark 2020-04-13T16:09:30.364+0800: 1553.313: [Finalize Marking, 0.0001278 secs] 2020-04-13T16:09:30.364+0800: 1553.313: [GC ref-proc, 0.0000863 secs] 2020-04-13T16:09:30.364+0800: 1553.314: [Unloading, 0.0036438 secs], 0.0054780 secs]
 [Times: user=0.02 sys=0.00, real=0.01 secs] 
2020-04-13T16:09:30.370+0800: 1553.319: [GC cleanup 149M->149M(256M), 0.0003169 secs]
 [Times: user=0.00 sys=0.00, real=0.00 secs] 
2020-04-13T16:09:31.764+0800: 1554.713: [GC pause (G1 Evacuation Pause) (young), 0.0150217 secs]
   [Parallel Time: 14.5 ms, GC Workers: 4]
      [GC Worker Start (ms): Min: 1554713.4, Avg: 1554713.4, Max: 1554713.4, Diff: 0.0]
      [Ext Root Scanning (ms): Min: 0.3, Avg: 0.4, Max: 0.5, Diff: 0.2, Sum: 1.6]
      [Update RS (ms): Min: 1.8, Avg: 2.4, Max: 4.1, Diff: 2.3, Sum: 9.7]
         [Processed Buffers: Min: 3, Avg: 8.2, Max: 19, Diff: 16, Sum: 33]
      [Scan RS (ms): Min: 0.0, Avg: 0.3, Max: 0.4, Diff: 0.4, Sum: 1.1]
      [Code Root Scanning (ms): Min: 0.0, Avg: 0.0, Max: 0.0, Diff: 0.0, Sum: 0.0]
      [Object Copy (ms): Min: 0.0, Avg: 0.9, Max: 1.2, Diff: 1.2, Sum: 3.6]
      [Termination (ms): Min: 0.0, Avg: 3.0, Max: 10.6, Diff: 10.6, Sum: 11.8]
         [Termination Attempts: Min: 1, Avg: 3.5, Max: 6, Diff: 5, Sum: 14]
      [GC Worker Other (ms): Min: 0.0, Avg: 0.0, Max: 0.1, Diff: 0.0, Sum: 0.1]
      [GC Worker Total (ms): Min: 4.5, Avg: 7.0, Max: 14.5, Diff: 10.0, Sum: 27.9]
      [GC Worker End (ms): Min: 1554717.9, Avg: 1554720.4, Max: 1554727.9, Diff: 10.0]
   [Code Root Fixup: 0.1 ms]
   [Code Root Purge: 0.0 ms]
   [Clear CT: 0.1 ms]
   [Other: 0.4 ms]
      [Choose CSet: 0.0 ms]
      [Ref Proc: 0.1 ms]
      [Ref Enq: 0.0 ms]
      [Redirty Cards: 0.1 ms]
      [Humongous Register: 0.0 ms]
      [Humongous Reclaim: 0.0 ms]
      [Free CSet: 0.0 ms]
   [Eden: 79.0M(79.0M)->0.0B(79.0M) Survivors: 1024.0K->1024.0K Heap: 227.1M(256.0M)->148.3M(256.0M)]
 [Times: user=0.02 sys=0.00, real=0.01 secs] 
2020-04-13T16:09:33.179+0800: 1556.128: [GC pause (G1 Evacuation Pause) (young), 0.0076815 secs]
   [Parallel Time: 6.9 ms, GC Workers: 4]
      [GC Worker Start (ms): Min: 1556127.8, Avg: 1556127.9, Max: 1556127.9, Diff: 0.0]
      [Ext Root Scanning (ms): Min: 0.3, Avg: 0.4, Max: 0.6, Diff: 0.3, Sum: 1.5]
      [Update RS (ms): Min: 2.6, Avg: 2.7, Max: 2.9, Diff: 0.2, Sum: 10.9]
         [Processed Buffers: Min: 1, Avg: 8.0, Max: 18, Diff: 17, Sum: 32]
      [Scan RS (ms): Min: 1.1, Avg: 1.9, Max: 3.7, Diff: 2.6, Sum: 7.6]
      [Code Root Scanning (ms): Min: 0.0, Avg: 0.0, Max: 0.0, Diff: 0.0, Sum: 0.0]
      [Object Copy (ms): Min: 0.1, Avg: 1.1, Max: 1.8, Diff: 1.7, Sum: 4.4]
      [Termination (ms): Min: 0.0, Avg: 0.7, Max: 0.9, Diff: 0.9, Sum: 2.7]
         [Termination Attempts: Min: 1, Avg: 1.2, Max: 2, Diff: 1, Sum: 5]
      [GC Worker Other (ms): Min: 0.0, Avg: 0.0, Max: 0.0, Diff: 0.0, Sum: 0.0]
      [GC Worker Total (ms): Min: 6.7, Avg: 6.8, Max: 6.8, Diff: 0.1, Sum: 27.1]
      [GC Worker End (ms): Min: 1556134.5, Avg: 1556134.6, Max: 1556134.7, Diff: 0.1]
   [Code Root Fixup: 0.0 ms]
   [Code Root Purge: 0.0 ms]
   [Clear CT: 0.1 ms]
   [Other: 0.7 ms]
      [Choose CSet: 0.0 ms]
      [Ref Proc: 0.5 ms]
      [Ref Enq: 0.0 ms]
      [Redirty Cards: 0.1 ms]
      [Humongous Register: 0.0 ms]
      [Humongous Reclaim: 0.0 ms]
      [Free CSet: 0.0 ms]
   [Eden: 79.0M(79.0M)->0.0B(79.0M) Survivors: 1024.0K->1024.0K Heap: 227.3M(256.0M)->148.3M(256.0M)]
 [Times: user=0.01 sys=0.00, real=0.01 secs] 
2020-04-13T16:09:34.792+0800: 1557.741: [GC pause (G1 Evacuation Pause) (young) (initial-mark), 0.0056112 secs]
   [Parallel Time: 5.0 ms, GC Workers: 4]
      [GC Worker Start (ms): Min: 1557741.5, Avg: 1557741.7, Max: 1557742.2, Diff: 0.7]
      [Ext Root Scanning (ms): Min: 0.0, Avg: 0.6, Max: 0.8, Diff: 0.8, Sum: 2.2]
      [Update RS (ms): Min: 1.2, Avg: 1.4, Max: 1.6, Diff: 0.3, Sum: 5.7]
         [Processed Buffers: Min: 6, Avg: 8.2, Max: 11, Diff: 5, Sum: 33]
      [Scan RS (ms): Min: 0.8, Avg: 1.3, Max: 2.3, Diff: 1.5, Sum: 5.1]
      [Code Root Scanning (ms): Min: 0.0, Avg: 0.0, Max: 0.0, Diff: 0.0, Sum: 0.0]
      [Object Copy (ms): Min: 0.3, Avg: 1.4, Max: 1.8, Diff: 1.5, Sum: 5.5]
      [Termination (ms): Min: 0.0, Avg: 0.0, Max: 0.0, Diff: 0.0, Sum: 0.0]
         [Termination Attempts: Min: 1, Avg: 1.2, Max: 2, Diff: 1, Sum: 5]
      [GC Worker Other (ms): Min: 0.0, Avg: 0.0, Max: 0.0, Diff: 0.0, Sum: 0.1]
      [GC Worker Total (ms): Min: 4.1, Avg: 4.6, Max: 4.8, Diff: 0.7, Sum: 18.6]
      [GC Worker End (ms): Min: 1557746.4, Avg: 1557746.4, Max: 1557746.4, Diff: 0.0]
   [Code Root Fixup: 0.0 ms]
   [Code Root Purge: 0.0 ms]
   [Clear CT: 0.1 ms]
   [Other: 0.5 ms]
      [Choose CSet: 0.0 ms]
      [Ref Proc: 0.3 ms]
      [Ref Enq: 0.0 ms]
      [Redirty Cards: 0.1 ms]
      [Humongous Register: 0.0 ms]
      [Humongous Reclaim: 0.0 ms]
      [Free CSet: 0.0 ms]
   [Eden: 79.0M(79.0M)->0.0B(79.0M) Survivors: 1024.0K->1024.0K Heap: 227.3M(256.0M)->148.5M(256.0M)]
 [Times: user=0.01 sys=0.00, real=0.00 secs] 
2020-04-13T16:09:34.798+0800: 1557.747: [GC concurrent-root-region-scan-start]
2020-04-13T16:09:34.801+0800: 1557.750: [GC concurrent-root-region-scan-end, 0.0029362 secs]
2020-04-13T16:09:34.801+0800: 1557.750: [GC concurrent-mark-start]
2020-04-13T16:09:34.833+0800: 1557.782: [GC concurrent-mark-end, 0.0321744 secs]
2020-04-13T16:09:34.834+0800: 1557.783: [GC remark 2020-04-13T16:09:34.834+0800: 1557.783: [Finalize Marking, 0.0001583 secs] 2020-04-13T16:09:34.834+0800: 1557.783: [GC ref-proc, 0.0000678 secs] 2020-04-13T16:09:34.834+0800: 1557.783: [Unloading, 0.0039034 secs], 0.0055025 secs]
 [Times: user=0.02 sys=0.00, real=0.00 secs] 
2020-04-13T16:09:34.839+0800: 1557.788: [GC cleanup 150M->150M(256M), 0.0004039 secs]
 [Times: user=0.00 sys=0.00, real=0.01 secs] 
2020-04-13T16:09:36.270+0800: 1559.220: [GC pause (G1 Evacuation Pause) (young), 0.0087546 secs]
   [Parallel Time: 7.6 ms, GC Workers: 4]
      [GC Worker Start (ms): Min: 1559219.6, Avg: 1559219.6, Max: 1559219.6, Diff: 0.0]
      [Ext Root Scanning (ms): Min: 0.3, Avg: 0.5, Max: 1.0, Diff: 0.7, Sum: 2.1]
      [Update RS (ms): Min: 0.8, Avg: 1.6, Max: 2.0, Diff: 1.2, Sum: 6.3]
         [Processed Buffers: Min: 5, Avg: 7.8, Max: 10, Diff: 5, Sum: 31]
      [Scan RS (ms): Min: 0.9, Avg: 1.2, Max: 1.9, Diff: 0.9, Sum: 4.7]
      [Code Root Scanning (ms): Min: 0.0, Avg: 0.0, Max: 0.0, Diff: 0.0, Sum: 0.0]
      [Object Copy (ms): Min: 1.0, Avg: 2.0, Max: 3.0, Diff: 2.0, Sum: 7.9]
      [Termination (ms): Min: 0.0, Avg: 1.4, Max: 2.5, Diff: 2.5, Sum: 5.6]
         [Termination Attempts: Min: 1, Avg: 1.0, Max: 1, Diff: 0, Sum: 4]
      [GC Worker Other (ms): Min: 0.0, Avg: 0.0, Max: 0.0, Diff: 0.0, Sum: 0.0]
      [GC Worker Total (ms): Min: 5.7, Avg: 6.6, Max: 7.6, Diff: 1.9, Sum: 26.6]
      [GC Worker End (ms): Min: 1559225.3, Avg: 1559226.3, Max: 1559227.2, Diff: 1.9]
   [Code Root Fixup: 0.0 ms]
   [Code Root Purge: 0.0 ms]
   [Clear CT: 0.0 ms]
   [Other: 1.0 ms]
      [Choose CSet: 0.0 ms]
      [Ref Proc: 0.8 ms]
      [Ref Enq: 0.0 ms]
      [Redirty Cards: 0.0 ms]
      [Humongous Register: 0.0 ms]
      [Humongous Reclaim: 0.0 ms]
      [Free CSet: 0.0 ms]
   [Eden: 79.0M(79.0M)->0.0B(79.0M) Survivors: 1024.0K->1024.0K Heap: 227.5M(256.0M)->148.3M(256.0M)]
 [Times: user=0.02 sys=0.01, real=0.00 secs] 
2020-04-13T16:09:37.824+0800: 1560.773: [GC pause (G1 Evacuation Pause) (young), 0.0047924 secs]
   [Parallel Time: 4.2 ms, GC Workers: 4]
      [GC Worker Start (ms): Min: 1560772.9, Avg: 1560772.9, Max: 1560772.9, Diff: 0.0]
      [Ext Root Scanning (ms): Min: 0.2, Avg: 0.4, Max: 0.5, Diff: 0.3, Sum: 1.5]
      [Update RS (ms): Min: 1.4, Avg: 1.5, Max: 1.7, Diff: 0.3, Sum: 6.0]
         [Processed Buffers: Min: 4, Avg: 7.2, Max: 13, Diff: 9, Sum: 29]
      [Scan RS (ms): Min: 0.6, Avg: 1.1, Max: 1.8, Diff: 1.1, Sum: 4.3]
      [Code Root Scanning (ms): Min: 0.0, Avg: 0.0, Max: 0.0, Diff: 0.0, Sum: 0.0]
      [Object Copy (ms): Min: 0.8, Avg: 1.2, Max: 1.5, Diff: 0.7, Sum: 4.8]
      [Termination (ms): Min: 0.0, Avg: 0.0, Max: 0.0, Diff: 0.0, Sum: 0.0]
         [Termination Attempts: Min: 1, Avg: 1.0, Max: 1, Diff: 0, Sum: 4]
      [GC Worker Other (ms): Min: 0.0, Avg: 0.0, Max: 0.0, Diff: 0.0, Sum: 0.1]
      [GC Worker Total (ms): Min: 4.1, Avg: 4.2, Max: 4.2, Diff: 0.0, Sum: 16.7]
      [GC Worker End (ms): Min: 1560777.1, Avg: 1560777.1, Max: 1560777.1, Diff: 0.0]
   [Code Root Fixup: 0.1 ms]
   [Code Root Purge: 0.0 ms]
   [Clear CT: 0.1 ms]
   [Other: 0.4 ms]
      [Choose CSet: 0.0 ms]
      [Ref Proc: 0.2 ms]
      [Ref Enq: 0.0 ms]
      [Redirty Cards: 0.0 ms]
      [Humongous Register: 0.0 ms]
      [Humongous Reclaim: 0.0 ms]
      [Free CSet: 0.0 ms]
   [Eden: 79.0M(79.0M)->0.0B(79.0M) Survivors: 1024.0K->1024.0K Heap: 227.3M(256.0M)->148.4M(256.0M)]
 [Times: user=0.02 sys=0.00, real=0.00 secs] 
2020-04-13T16:09:39.339+0800: 1562.288: [GC pause (G1 Evacuation Pause) (young) (initial-mark), 0.0048227 secs]
   [Parallel Time: 4.3 ms, GC Workers: 4]
      [GC Worker Start (ms): Min: 1562287.8, Avg: 1562287.8, Max: 1562287.8, Diff: 0.0]
      [Ext Root Scanning (ms): Min: 0.5, Avg: 0.6, Max: 0.6, Diff: 0.1, Sum: 2.3]
      [Update RS (ms): Min: 2.0, Avg: 2.0, Max: 2.2, Diff: 0.2, Sum: 8.1]
         [Processed Buffers: Min: 2, Avg: 7.8, Max: 12, Diff: 10, Sum: 31]
      [Scan RS (ms): Min: 0.5, Avg: 0.6, Max: 0.7, Diff: 0.2, Sum: 2.4]
      [Code Root Scanning (ms): Min: 0.0, Avg: 0.0, Max: 0.0, Diff: 0.0, Sum: 0.0]
      [Object Copy (ms): Min: 0.9, Avg: 1.0, Max: 1.0, Diff: 0.1, Sum: 3.8]
      [Termination (ms): Min: 0.0, Avg: 0.0, Max: 0.0, Diff: 0.0, Sum: 0.0]
         [Termination Attempts: Min: 1, Avg: 1.0, Max: 1, Diff: 0, Sum: 4]
      [GC Worker Other (ms): Min: 0.0, Avg: 0.0, Max: 0.0, Diff: 0.0, Sum: 0.0]
      [GC Worker Total (ms): Min: 4.2, Avg: 4.2, Max: 4.2, Diff: 0.0, Sum: 16.7]
      [GC Worker End (ms): Min: 1562291.9, Avg: 1562291.9, Max: 1562291.9, Diff: 0.0]
   [Code Root Fixup: 0.0 ms]
   [Code Root Purge: 0.0 ms]
   [Clear CT: 0.1 ms]
   [Other: 0.5 ms]
      [Choose CSet: 0.0 ms]
      [Ref Proc: 0.3 ms]
      [Ref Enq: 0.0 ms]
      [Redirty Cards: 0.1 ms]
      [Humongous Register: 0.0 ms]
      [Humongous Reclaim: 0.0 ms]
      [Free CSet: 0.0 ms]
   [Eden: 79.0M(79.0M)->0.0B(79.0M) Survivors: 1024.0K->1024.0K Heap: 227.4M(256.0M)->148.5M(256.0M)]
 [Times: user=0.01 sys=0.00, real=0.01 secs] 
2020-04-13T16:09:39.344+0800: 1562.293: [GC concurrent-root-region-scan-start]
2020-04-13T16:09:39.346+0800: 1562.295: [GC concurrent-root-region-scan-end, 0.0022448 secs]
2020-04-13T16:09:39.346+0800: 1562.295: [GC concurrent-mark-start]
2020-04-13T16:09:39.370+0800: 1562.319: [GC concurrent-mark-end, 0.0241467 secs]
2020-04-13T16:09:39.370+0800: 1562.319: [GC remark 2020-04-13T16:09:39.370+0800: 1562.319: [Finalize Marking, 0.0041607 secs] 2020-04-13T16:09:39.375+0800: 1562.324: [GC ref-proc, 0.0000941 secs] 2020-04-13T16:09:39.375+0800: 1562.324: [Unloading, 0.0038041 secs], 0.0101923 secs]
 [Times: user=0.02 sys=0.00, real=0.01 secs] 
2020-04-13T16:09:39.381+0800: 1562.330: [GC cleanup 150M->150M(256M), 0.0007757 secs]
 [Times: user=0.00 sys=0.00, real=0.00 secs] 
2020-04-13T16:09:40.967+0800: 1563.916: [GC pause (G1 Evacuation Pause) (young), 0.0160520 secs]
   [Parallel Time: 15.4 ms, GC Workers: 4]
      [GC Worker Start (ms): Min: 1563915.8, Avg: 1563916.3, Max: 1563916.4, Diff: 0.6]
      [Ext Root Scanning (ms): Min: 0.3, Avg: 0.5, Max: 0.9, Diff: 0.6, Sum: 2.2]
      [Update RS (ms): Min: 0.0, Avg: 1.3, Max: 1.8, Diff: 1.8, Sum: 5.1]
         [Processed Buffers: Min: 0, Avg: 8.5, Max: 14, Diff: 14, Sum: 34]
      [Scan RS (ms): Min: 0.0, Avg: 0.6, Max: 0.8, Diff: 0.8, Sum: 2.3]
      [Code Root Scanning (ms): Min: 0.0, Avg: 0.0, Max: 0.0, Diff: 0.0, Sum: 0.0]
      [Object Copy (ms): Min: 1.2, Avg: 2.0, Max: 4.4, Diff: 3.2, Sum: 8.2]
      [Termination (ms): Min: 0.0, Avg: 8.0, Max: 10.6, Diff: 10.6, Sum: 31.8]
         [Termination Attempts: Min: 1, Avg: 1.0, Max: 1, Diff: 0, Sum: 4]
      [GC Worker Other (ms): Min: 0.0, Avg: 0.0, Max: 0.0, Diff: 0.0, Sum: 0.1]
      [GC Worker Total (ms): Min: 4.8, Avg: 12.4, Max: 15.3, Diff: 10.5, Sum: 49.6]
      [GC Worker End (ms): Min: 1563921.2, Avg: 1563928.7, Max: 1563931.2, Diff: 10.0]
   [Code Root Fixup: 0.1 ms]
   [Code Root Purge: 0.0 ms]
   [Clear CT: 0.0 ms]
   [Other: 0.5 ms]
      [Choose CSet: 0.0 ms]
      [Ref Proc: 0.3 ms]
      [Ref Enq: 0.0 ms]
      [Redirty Cards: 0.0 ms]
      [Humongous Register: 0.0 ms]
      [Humongous Reclaim: 0.0 ms]
      [Free CSet: 0.0 ms]
   [Eden: 79.0M(79.0M)->0.0B(79.0M) Survivors: 1024.0K->1024.0K Heap: 227.5M(256.0M)->148.7M(256.0M)]
 [Times: user=0.02 sys=0.00, real=0.02 secs] 
2020-04-13T16:09:42.461+0800: 1565.410: [GC pause (G1 Evacuation Pause) (young), 0.0065386 secs]
   [Parallel Time: 5.4 ms, GC Workers: 4]
      [GC Worker Start (ms): Min: 1565410.1, Avg: 1565410.7, Max: 1565412.2, Diff: 2.2]
      [Ext Root Scanning (ms): Min: 0.0, Avg: 0.4, Max: 0.7, Diff: 0.7, Sum: 1.6]
      [Update RS (ms): Min: 2.2, Avg: 2.5, Max: 3.2, Diff: 1.0, Sum: 9.9]
         [Processed Buffers: Min: 1, Avg: 7.2, Max: 13, Diff: 12, Sum: 29]
      [Scan RS (ms): Min: 0.0, Avg: 0.5, Max: 0.7, Diff: 0.7, Sum: 1.9]
      [Code Root Scanning (ms): Min: 0.0, Avg: 0.0, Max: 0.0, Diff: 0.0, Sum: 0.0]
      [Object Copy (ms): Min: 0.0, Avg: 0.9, Max: 1.2, Diff: 1.2, Sum: 3.6]
      [Termination (ms): Min: 0.0, Avg: 0.5, Max: 0.7, Diff: 0.7, Sum: 2.0]
         [Termination Attempts: Min: 1, Avg: 20.8, Max: 32, Diff: 31, Sum: 83]
      [GC Worker Other (ms): Min: 0.0, Avg: 0.0, Max: 0.0, Diff: 0.0, Sum: 0.1]
      [GC Worker Total (ms): Min: 3.2, Avg: 4.8, Max: 5.4, Diff: 2.2, Sum: 19.0]
      [GC Worker End (ms): Min: 1565415.4, Avg: 1565415.4, Max: 1565415.4, Diff: 0.0]
   [Code Root Fixup: 0.0 ms]
   [Code Root Purge: 0.0 ms]
   [Clear CT: 0.1 ms]
   [Other: 1.0 ms]
      [Choose CSet: 0.0 ms]
      [Ref Proc: 0.7 ms]
      [Ref Enq: 0.0 ms]
      [Redirty Cards: 0.0 ms]
      [Humongous Register: 0.0 ms]
      [Humongous Reclaim: 0.0 ms]
      [Free CSet: 0.0 ms]
   [Eden: 79.0M(79.0M)->0.0B(79.0M) Survivors: 1024.0K->1024.0K Heap: 227.7M(256.0M)->148.4M(256.0M)]
 [Times: user=0.02 sys=0.00, real=0.00 secs] 
2020-04-13T16:09:43.873+0800: 1566.822: [GC pause (G1 Evacuation Pause) (young) (initial-mark), 0.0050048 secs]
   [Parallel Time: 4.5 ms, GC Workers: 4]
      [GC Worker Start (ms): Min: 1566822.2, Avg: 1566822.3, Max: 1566822.3, Diff: 0.0]
      [Ext Root Scanning (ms): Min: 0.6, Avg: 0.6, Max: 0.6, Diff: 0.0, Sum: 2.3]
      [Update RS (ms): Min: 1.3, Avg: 1.6, Max: 1.9, Diff: 0.6, Sum: 6.3]
         [Processed Buffers: Min: 4, Avg: 7.5, Max: 13, Diff: 9, Sum: 30]
      [Scan RS (ms): Min: 0.8, Avg: 1.3, Max: 1.7, Diff: 0.9, Sum: 5.0]
      [Code Root Scanning (ms): Min: 0.0, Avg: 0.0, Max: 0.0, Diff: 0.0, Sum: 0.0]
      [Object Copy (ms): Min: 0.7, Avg: 1.0, Max: 1.1, Diff: 0.4, Sum: 4.0]
      [Termination (ms): Min: 0.0, Avg: 0.0, Max: 0.0, Diff: 0.0, Sum: 0.0]
         [Termination Attempts: Min: 1, Avg: 1.0, Max: 1, Diff: 0, Sum: 4]
      [GC Worker Other (ms): Min: 0.0, Avg: 0.0, Max: 0.0, Diff: 0.0, Sum: 0.0]
      [GC Worker Total (ms): Min: 4.4, Avg: 4.4, Max: 4.4, Diff: 0.0, Sum: 17.7]
      [GC Worker End (ms): Min: 1566826.7, Avg: 1566826.7, Max: 1566826.7, Diff: 0.0]
   [Code Root Fixup: 0.0 ms]
   [Code Root Purge: 0.0 ms]
   [Clear CT: 0.1 ms]
   [Other: 0.4 ms]
      [Choose CSet: 0.0 ms]
      [Ref Proc: 0.1 ms]
      [Ref Enq: 0.0 ms]
      [Redirty Cards: 0.1 ms]
      [Humongous Register: 0.0 ms]
      [Humongous Reclaim: 0.0 ms]
      [Free CSet: 0.0 ms]
   [Eden: 79.0M(79.0M)->0.0B(79.0M) Survivors: 1024.0K->1024.0K Heap: 227.4M(256.0M)->148.5M(256.0M)]
 [Times: user=0.01 sys=0.00, real=0.00 secs] 
2020-04-13T16:09:43.878+0800: 1566.827: [GC concurrent-root-region-scan-start]
2020-04-13T16:09:43.881+0800: 1566.830: [GC concurrent-root-region-scan-end, 0.0030615 secs]
2020-04-13T16:09:43.881+0800: 1566.830: [GC concurrent-mark-start]
2020-04-13T16:09:43.910+0800: 1566.859: [GC concurrent-mark-end, 0.0285395 secs]
2020-04-13T16:09:43.910+0800: 1566.859: [GC remark 2020-04-13T16:09:43.910+0800: 1566.859: [Finalize Marking, 0.0002875 secs] 2020-04-13T16:09:43.911+0800: 1566.860: [GC ref-proc, 0.0000681 secs] 2020-04-13T16:09:43.911+0800: 1566.860: [Unloading, 0.0044479 secs], 0.0065658 secs]
 [Times: user=0.02 sys=0.00, real=0.00 secs] 
2020-04-13T16:09:43.917+0800: 1566.866: [GC cleanup 150M->150M(256M), 0.0005778 secs]
 [Times: user=0.00 sys=0.00, real=0.00 secs] 
2020-04-13T16:09:45.496+0800: 1568.445: [GC pause (G1 Evacuation Pause) (young), 0.0063945 secs]
   [Parallel Time: 4.8 ms, GC Workers: 4]
      [GC Worker Start (ms): Min: 1568444.6, Avg: 1568444.6, Max: 1568444.7, Diff: 0.1]
      [Ext Root Scanning (ms): Min: 0.4, Avg: 0.5, Max: 0.6, Diff: 0.2, Sum: 2.1]
      [Update RS (ms): Min: 1.0, Avg: 1.7, Max: 2.1, Diff: 1.2, Sum: 6.7]
         [Processed Buffers: Min: 6, Avg: 8.8, Max: 13, Diff: 7, Sum: 35]
      [Scan RS (ms): Min: 0.6, Avg: 0.8, Max: 0.9, Diff: 0.3, Sum: 3.0]
      [Code Root Scanning (ms): Min: 0.0, Avg: 0.0, Max: 0.0, Diff: 0.0, Sum: 0.0]
      [Object Copy (ms): Min: 1.2, Avg: 1.5, Max: 2.2, Diff: 1.0, Sum: 6.0]
      [Termination (ms): Min: 0.0, Avg: 0.2, Max: 0.3, Diff: 0.3, Sum: 0.7]
         [Termination Attempts: Min: 1, Avg: 1.0, Max: 1, Diff: 0, Sum: 4]
      [GC Worker Other (ms): Min: 0.0, Avg: 0.0, Max: 0.0, Diff: 0.0, Sum: 0.0]
      [GC Worker Total (ms): Min: 4.6, Avg: 4.6, Max: 4.7, Diff: 0.1, Sum: 18.6]
      [GC Worker End (ms): Min: 1568449.2, Avg: 1568449.3, Max: 1568449.3, Diff: 0.1]
   [Code Root Fixup: 0.1 ms]
   [Code Root Purge: 0.0 ms]
   [Clear CT: 0.0 ms]
   [Other: 1.5 ms]
      [Choose CSet: 0.0 ms]
      [Ref Proc: 1.3 ms]
      [Ref Enq: 0.0 ms]
      [Redirty Cards: 0.1 ms]
      [Humongous Register: 0.0 ms]
      [Humongous Reclaim: 0.0 ms]
      [Free CSet: 0.0 ms]
   [Eden: 79.0M(79.0M)->0.0B(79.0M) Survivors: 1024.0K->1024.0K Heap: 227.5M(256.0M)->148.8M(256.0M)]
 [Times: user=0.02 sys=0.00, real=0.01 secs] 
2020-04-13T16:09:46.988+0800: 1569.937: [GC pause (G1 Evacuation Pause) (young), 0.0054131 secs]
   [Parallel Time: 5.0 ms, GC Workers: 4]
      [GC Worker Start (ms): Min: 1569937.3, Avg: 1569937.4, Max: 1569937.4, Diff: 0.1]
      [Ext Root Scanning (ms): Min: 0.4, Avg: 0.4, Max: 0.5, Diff: 0.1, Sum: 1.6]
      [Update RS (ms): Min: 1.4, Avg: 1.5, Max: 1.6, Diff: 0.2, Sum: 6.0]
         [Processed Buffers: Min: 4, Avg: 8.8, Max: 15, Diff: 11, Sum: 35]
      [Scan RS (ms): Min: 0.6, Avg: 0.7, Max: 0.8, Diff: 0.2, Sum: 2.9]
      [Code Root Scanning (ms): Min: 0.0, Avg: 0.0, Max: 0.0, Diff: 0.0, Sum: 0.0]
      [Object Copy (ms): Min: 1.6, Avg: 1.8, Max: 2.3, Diff: 0.7, Sum: 7.2]
      [Termination (ms): Min: 0.0, Avg: 0.5, Max: 0.7, Diff: 0.7, Sum: 1.9]
         [Termination Attempts: Min: 1, Avg: 1.0, Max: 1, Diff: 0, Sum: 4]
      [GC Worker Other (ms): Min: 0.0, Avg: 0.0, Max: 0.0, Diff: 0.0, Sum: 0.0]
      [GC Worker Total (ms): Min: 4.9, Avg: 4.9, Max: 5.0, Diff: 0.1, Sum: 19.7]
      [GC Worker End (ms): Min: 1569942.3, Avg: 1569942.3, Max: 1569942.3, Diff: 0.0]
   [Code Root Fixup: 0.0 ms]
   [Code Root Purge: 0.0 ms]
   [Clear CT: 0.0 ms]
   [Other: 0.3 ms]
      [Choose CSet: 0.0 ms]
      [Ref Proc: 0.1 ms]
      [Ref Enq: 0.0 ms]
      [Redirty Cards: 0.1 ms]
      [Humongous Register: 0.0 ms]
      [Humongous Reclaim: 0.0 ms]
      [Free CSet: 0.0 ms]
   [Eden: 79.0M(79.0M)->0.0B(79.0M) Survivors: 1024.0K->1024.0K Heap: 227.8M(256.0M)->148.7M(256.0M)]
 [Times: user=0.01 sys=0.00, real=0.01 secs] 
2020-04-13T16:09:48.455+0800: 1571.404: [GC pause (G1 Evacuation Pause) (young) (initial-mark), 0.0055873 secs]
   [Parallel Time: 4.1 ms, GC Workers: 4]
      [GC Worker Start (ms): Min: 1571404.3, Avg: 1571404.3, Max: 1571404.3, Diff: 0.0]
      [Ext Root Scanning (ms): Min: 0.6, Avg: 0.6, Max: 0.6, Diff: 0.0, Sum: 2.4]
      [Update RS (ms): Min: 1.5, Avg: 1.6, Max: 1.7, Diff: 0.3, Sum: 6.3]
         [Processed Buffers: Min: 5, Avg: 8.5, Max: 13, Diff: 8, Sum: 34]
      [Scan RS (ms): Min: 0.6, Avg: 0.8, Max: 0.9, Diff: 0.2, Sum: 3.1]
      [Code Root Scanning (ms): Min: 0.0, Avg: 0.0, Max: 0.0, Diff: 0.0, Sum: 0.0]
      [Object Copy (ms): Min: 1.0, Avg: 1.0, Max: 1.1, Diff: 0.2, Sum: 4.2]
      [Termination (ms): Min: 0.0, Avg: 0.0, Max: 0.0, Diff: 0.0, Sum: 0.0]
         [Termination Attempts: Min: 1, Avg: 1.0, Max: 1, Diff: 0, Sum: 4]
      [GC Worker Other (ms): Min: 0.0, Avg: 0.0, Max: 0.0, Diff: 0.0, Sum: 0.1]
      [GC Worker Total (ms): Min: 4.0, Avg: 4.0, Max: 4.0, Diff: 0.0, Sum: 16.0]
      [GC Worker End (ms): Min: 1571408.3, Avg: 1571408.3, Max: 1571408.3, Diff: 0.0]
   [Code Root Fixup: 0.0 ms]
   [Code Root Purge: 0.0 ms]
   [Clear CT: 0.1 ms]
   [Other: 1.4 ms]
      [Choose CSet: 0.0 ms]
      [Ref Proc: 1.0 ms]
      [Ref Enq: 0.0 ms]
      [Redirty Cards: 0.1 ms]
      [Humongous Register: 0.0 ms]
      [Humongous Reclaim: 0.0 ms]
      [Free CSet: 0.0 ms]
   [Eden: 79.0M(79.0M)->0.0B(78.0M) Survivors: 1024.0K->1024.0K Heap: 227.7M(256.0M)->148.9M(256.0M)]
 [Times: user=0.02 sys=0.00, real=0.01 secs] 
2020-04-13T16:09:48.461+0800: 1571.410: [GC concurrent-root-region-scan-start]
2020-04-13T16:09:48.465+0800: 1571.413: [GC concurrent-root-region-scan-end, 0.0035173 secs]
2020-04-13T16:09:48.465+0800: 1571.413: [GC concurrent-mark-start]
2020-04-13T16:09:48.493+0800: 1571.442: [GC concurrent-mark-end, 0.0281938 secs]
2020-04-13T16:09:48.493+0800: 1571.442: [GC remark 2020-04-13T16:09:48.493+0800: 1571.442: [Finalize Marking, 0.0003878 secs] 2020-04-13T16:09:48.494+0800: 1571.442: [GC ref-proc, 0.0000734 secs] 2020-04-13T16:09:48.494+0800: 1571.442: [Unloading, 0.0043561 secs], 0.0062929 secs]
 [Times: user=0.01 sys=0.00, real=0.00 secs] 
2020-04-13T16:09:48.500+0800: 1571.448: [GC cleanup 150M->150M(256M), 0.0003940 secs]
 [Times: user=0.00 sys=0.00, real=0.00 secs] 
2020-04-13T16:09:50.073+0800: 1573.022: [GC pause (G1 Evacuation Pause) (young), 0.0075129 secs]
   [Parallel Time: 6.4 ms, GC Workers: 4]
      [GC Worker Start (ms): Min: 1573021.8, Avg: 1573021.8, Max: 1573021.8, Diff: 0.0]
      [Ext Root Scanning (ms): Min: 0.6, Avg: 0.6, Max: 0.6, Diff: 0.0, Sum: 2.4]
      [Update RS (ms): Min: 3.5, Avg: 4.1, Max: 5.6, Diff: 2.0, Sum: 16.5]
         [Processed Buffers: Min: 2, Avg: 8.2, Max: 17, Diff: 15, Sum: 33]
      [Scan RS (ms): Min: 0.0, Avg: 0.5, Max: 0.8, Diff: 0.8, Sum: 2.1]
      [Code Root Scanning (ms): Min: 0.0, Avg: 0.0, Max: 0.0, Diff: 0.0, Sum: 0.0]
      [Object Copy (ms): Min: 0.1, Avg: 1.0, Max: 1.4, Diff: 1.3, Sum: 4.1]
      [Termination (ms): Min: 0.0, Avg: 0.0, Max: 0.0, Diff: 0.0, Sum: 0.0]
         [Termination Attempts: Min: 1, Avg: 1.0, Max: 1, Diff: 0, Sum: 4]
      [GC Worker Other (ms): Min: 0.0, Avg: 0.0, Max: 0.0, Diff: 0.0, Sum: 0.0]
      [GC Worker Total (ms): Min: 6.3, Avg: 6.3, Max: 6.3, Diff: 0.0, Sum: 25.2]
      [GC Worker End (ms): Min: 1573028.1, Avg: 1573028.1, Max: 1573028.1, Diff: 0.0]
   [Code Root Fixup: 0.0 ms]
   [Code Root Purge: 0.0 ms]
   [Clear CT: 0.1 ms]
   [Other: 1.0 ms]
      [Choose CSet: 0.0 ms]
      [Ref Proc: 0.7 ms]
      [Ref Enq: 0.0 ms]
      [Redirty Cards: 0.1 ms]
      [Humongous Register: 0.0 ms]
      [Humongous Reclaim: 0.0 ms]
      [Free CSet: 0.0 ms]
   [Eden: 78.0M(78.0M)->0.0B(11.0M) Survivors: 1024.0K->1024.0K Heap: 226.9M(256.0M)->148.8M(256.0M)]
 [Times: user=0.02 sys=0.00, real=0.01 secs] 
2020-04-13T16:09:50.299+0800: 1573.248: [GC pause (G1 Evacuation Pause) (mixed), 0.0054547 secs]
   [Parallel Time: 4.7 ms, GC Workers: 4]
      [GC Worker Start (ms): Min: 1573248.2, Avg: 1573248.2, Max: 1573248.3, Diff: 0.1]
      [Ext Root Scanning (ms): Min: 0.4, Avg: 0.4, Max: 0.5, Diff: 0.1, Sum: 1.6]
      [Update RS (ms): Min: 1.8, Avg: 1.8, Max: 1.9, Diff: 0.1, Sum: 7.3]
         [Processed Buffers: Min: 4, Avg: 6.0, Max: 7, Diff: 3, Sum: 24]
      [Scan RS (ms): Min: 1.3, Avg: 1.3, Max: 1.3, Diff: 0.0, Sum: 5.2]
      [Code Root Scanning (ms): Min: 0.0, Avg: 0.0, Max: 0.0, Diff: 0.0, Sum: 0.0]
      [Object Copy (ms): Min: 1.1, Avg: 1.1, Max: 1.2, Diff: 0.1, Sum: 4.5]
      [Termination (ms): Min: 0.0, Avg: 0.0, Max: 0.0, Diff: 0.0, Sum: 0.0]
         [Termination Attempts: Min: 1, Avg: 1.0, Max: 1, Diff: 0, Sum: 4]
      [GC Worker Other (ms): Min: 0.0, Avg: 0.0, Max: 0.0, Diff: 0.0, Sum: 0.1]
      [GC Worker Total (ms): Min: 4.6, Avg: 4.6, Max: 4.7, Diff: 0.0, Sum: 18.6]
      [GC Worker End (ms): Min: 1573252.9, Avg: 1573252.9, Max: 1573252.9, Diff: 0.0]
   [Code Root Fixup: 0.1 ms]
   [Code Root Purge: 0.0 ms]
   [Clear CT: 0.0 ms]
   [Other: 0.6 ms]
      [Choose CSet: 0.0 ms]
      [Ref Proc: 0.4 ms]
      [Ref Enq: 0.0 ms]
      [Redirty Cards: 0.1 ms]
      [Humongous Register: 0.0 ms]
      [Humongous Reclaim: 0.0 ms]
      [Free CSet: 0.0 ms]
   [Eden: 11.0M(11.0M)->0.0B(79.0M) Survivors: 1024.0K->1024.0K Heap: 159.8M(256.0M)->147.9M(256.0M)]
 [Times: user=0.02 sys=0.00, real=0.01 secs] 
2020-04-13T16:09:51.769+0800: 1574.718: [GC pause (G1 Evacuation Pause) (young), 0.0143227 secs]
   [Parallel Time: 13.9 ms, GC Workers: 4]
      [GC Worker Start (ms): Min: 1574717.8, Avg: 1574717.8, Max: 1574717.9, Diff: 0.1]
      [Ext Root Scanning (ms): Min: 0.4, Avg: 1.0, Max: 2.8, Diff: 2.4, Sum: 4.2]
      [Update RS (ms): Min: 0.8, Avg: 2.7, Max: 3.7, Diff: 2.9, Sum: 10.7]
         [Processed Buffers: Min: 5, Avg: 8.0, Max: 10, Diff: 5, Sum: 32]
      [Scan RS (ms): Min: 0.2, Avg: 1.2, Max: 2.9, Diff: 2.7, Sum: 4.7]
      [Code Root Scanning (ms): Min: 0.0, Avg: 0.0, Max: 0.0, Diff: 0.0, Sum: 0.0]
      [Object Copy (ms): Min: 0.1, Avg: 1.2, Max: 1.6, Diff: 1.5, Sum: 4.7]
      [Termination (ms): Min: 0.0, Avg: 2.3, Max: 7.9, Diff: 7.9, Sum: 9.2]
         [Termination Attempts: Min: 1, Avg: 3.2, Max: 6, Diff: 5, Sum: 13]
      [GC Worker Other (ms): Min: 0.0, Avg: 0.0, Max: 0.0, Diff: 0.0, Sum: 0.1]
      [GC Worker Total (ms): Min: 6.5, Avg: 8.4, Max: 13.8, Diff: 7.3, Sum: 33.5]
      [GC Worker End (ms): Min: 1574724.4, Avg: 1574726.2, Max: 1574731.7, Diff: 7.3]
   [Code Root Fixup: 0.0 ms]
   [Code Root Purge: 0.0 ms]
   [Clear CT: 0.1 ms]
   [Other: 0.3 ms]
      [Choose CSet: 0.0 ms]
      [Ref Proc: 0.1 ms]
      [Ref Enq: 0.0 ms]
      [Redirty Cards: 0.1 ms]
      [Humongous Register: 0.0 ms]
      [Humongous Reclaim: 0.0 ms]
      [Free CSet: 0.0 ms]
   [Eden: 79.0M(79.0M)->0.0B(79.0M) Survivors: 1024.0K->1024.0K Heap: 226.9M(256.0M)->148.0M(256.0M)]
 [Times: user=0.02 sys=0.00, real=0.02 secs] 
2020-04-13T16:09:53.266+0800: 1576.214: [GC pause (G1 Evacuation Pause) (young) (initial-mark), 0.0102659 secs]
   [Parallel Time: 7.9 ms, GC Workers: 4]
      [GC Worker Start (ms): Min: 1576214.5, Avg: 1576214.7, Max: 1576215.2, Diff: 0.7]
      [Ext Root Scanning (ms): Min: 0.8, Avg: 2.0, Max: 5.5, Diff: 4.8, Sum: 7.8]
      [Update RS (ms): Min: 0.0, Avg: 3.1, Max: 6.3, Diff: 6.3, Sum: 12.3]
         [Processed Buffers: Min: 0, Avg: 7.5, Max: 21, Diff: 21, Sum: 30]
      [Scan RS (ms): Min: 0.0, Avg: 1.5, Max: 2.8, Diff: 2.8, Sum: 5.9]
      [Code Root Scanning (ms): Min: 0.0, Avg: 0.0, Max: 0.0, Diff: 0.0, Sum: 0.0]
      [Object Copy (ms): Min: 0.7, Avg: 1.1, Max: 1.2, Diff: 0.6, Sum: 4.3]
      [Termination (ms): Min: 0.0, Avg: 0.0, Max: 0.0, Diff: 0.0, Sum: 0.0]
         [Termination Attempts: Min: 1, Avg: 1.0, Max: 1, Diff: 0, Sum: 4]
      [GC Worker Other (ms): Min: 0.0, Avg: 0.0, Max: 0.1, Diff: 0.0, Sum: 0.1]
      [GC Worker Total (ms): Min: 7.1, Avg: 7.6, Max: 7.8, Diff: 0.7, Sum: 30.5]
      [GC Worker End (ms): Min: 1576222.3, Avg: 1576222.3, Max: 1576222.3, Diff: 0.0]
   [Code Root Fixup: 0.0 ms]
   [Code Root Purge: 0.0 ms]
   [Clear CT: 0.0 ms]
   [Other: 2.3 ms]
      [Choose CSet: 0.0 ms]
      [Ref Proc: 2.1 ms]
      [Ref Enq: 0.0 ms]
      [Redirty Cards: 0.0 ms]
      [Humongous Register: 0.0 ms]
      [Humongous Reclaim: 0.0 ms]
      [Free CSet: 0.0 ms]
   [Eden: 79.0M(79.0M)->0.0B(79.0M) Survivors: 1024.0K->1024.0K Heap: 227.0M(256.0M)->147.9M(256.0M)]
 [Times: user=0.02 sys=0.00, real=0.01 secs] 
2020-04-13T16:09:53.276+0800: 1576.225: [GC concurrent-root-region-scan-start]
2020-04-13T16:09:53.279+0800: 1576.228: [GC concurrent-root-region-scan-end, 0.0028113 secs]
2020-04-13T16:09:53.279+0800: 1576.228: [GC concurrent-mark-start]
2020-04-13T16:09:53.303+0800: 1576.252: [GC concurrent-mark-end, 0.0246009 secs]
2020-04-13T16:09:53.304+0800: 1576.253: [GC remark 2020-04-13T16:09:53.304+0800: 1576.253: [Finalize Marking, 0.0009386 secs] 2020-04-13T16:09:53.305+0800: 1576.254: [GC ref-proc, 0.0000682 secs] 2020-04-13T16:09:53.305+0800: 1576.254: [Unloading, 0.0041827 secs], 0.0069681 secs]
 [Times: user=0.02 sys=0.00, real=0.01 secs] 
2020-04-13T16:09:53.311+0800: 1576.260: [GC cleanup 149M->149M(256M), 0.0006775 secs]
 [Times: user=0.00 sys=0.00, real=0.00 secs] 
2020-04-13T16:09:54.774+0800: 1577.723: [GC pause (G1 Evacuation Pause) (young), 0.0057687 secs]
   [Parallel Time: 5.0 ms, GC Workers: 4]
      [GC Worker Start (ms): Min: 1577723.0, Avg: 1577723.2, Max: 1577723.3, Diff: 0.3]
      [Ext Root Scanning (ms): Min: 0.1, Avg: 0.9, Max: 2.7, Diff: 2.6, Sum: 3.5]
      [Update RS (ms): Min: 0.0, Avg: 1.1, Max: 1.6, Diff: 1.6, Sum: 4.4]
         [Processed Buffers: Min: 0, Avg: 8.0, Max: 14, Diff: 14, Sum: 32]
      [Scan RS (ms): Min: 0.3, Avg: 0.9, Max: 1.1, Diff: 0.8, Sum: 3.5]
      [Code Root Scanning (ms): Min: 0.0, Avg: 0.0, Max: 0.0, Diff: 0.0, Sum: 0.0]
      [Object Copy (ms): Min: 1.2, Avg: 1.4, Max: 1.8, Diff: 0.7, Sum: 5.6]
      [Termination (ms): Min: 0.0, Avg: 0.5, Max: 0.7, Diff: 0.7, Sum: 1.9]
         [Termination Attempts: Min: 1, Avg: 1.0, Max: 1, Diff: 0, Sum: 4]
      [GC Worker Other (ms): Min: 0.0, Avg: 0.0, Max: 0.0, Diff: 0.0, Sum: 0.0]
      [GC Worker Total (ms): Min: 4.6, Avg: 4.7, Max: 4.9, Diff: 0.3, Sum: 19.0]
      [GC Worker End (ms): Min: 1577727.9, Avg: 1577727.9, Max: 1577728.0, Diff: 0.1]
   [Code Root Fixup: 0.0 ms]
   [Code Root Purge: 0.0 ms]
   [Clear CT: 0.1 ms]
   [Other: 0.7 ms]
      [Choose CSet: 0.0 ms]
      [Ref Proc: 0.5 ms]
      [Ref Enq: 0.0 ms]
      [Redirty Cards: 0.0 ms]
      [Humongous Register: 0.0 ms]
      [Humongous Reclaim: 0.0 ms]
      [Free CSet: 0.0 ms]
   [Eden: 79.0M(79.0M)->0.0B(79.0M) Survivors: 1024.0K->1024.0K Heap: 226.9M(256.0M)->148.1M(256.0M)]
 [Times: user=0.01 sys=0.00, real=0.01 secs] 
2020-04-13T16:09:56.467+0800: 1579.416: [GC pause (G1 Evacuation Pause) (young), 0.0155825 secs]
   [Parallel Time: 15.1 ms, GC Workers: 4]
      [GC Worker Start (ms): Min: 1579415.9, Avg: 1579416.2, Max: 1579416.3, Diff: 0.4]
      [Ext Root Scanning (ms): Min: 0.4, Avg: 0.6, Max: 0.8, Diff: 0.3, Sum: 2.2]
      [Update RS (ms): Min: 1.4, Avg: 1.5, Max: 1.9, Diff: 0.5, Sum: 6.2]
         [Processed Buffers: Min: 3, Avg: 7.5, Max: 13, Diff: 10, Sum: 30]
      [Scan RS (ms): Min: 0.6, Avg: 0.9, Max: 1.1, Diff: 0.5, Sum: 3.8]
      [Code Root Scanning (ms): Min: 0.0, Avg: 0.0, Max: 0.0, Diff: 0.0, Sum: 0.0]
      [Object Copy (ms): Min: 1.2, Avg: 1.4, Max: 1.9, Diff: 0.7, Sum: 5.7]
      [Termination (ms): Min: 0.0, Avg: 2.9, Max: 10.4, Diff: 10.4, Sum: 11.6]
         [Termination Attempts: Min: 1, Avg: 1.0, Max: 1, Diff: 0, Sum: 4]
      [GC Worker Other (ms): Min: 0.0, Avg: 0.0, Max: 0.0, Diff: 0.0, Sum: 0.0]
      [GC Worker Total (ms): Min: 4.8, Avg: 7.4, Max: 14.7, Diff: 9.8, Sum: 29.5]
      [GC Worker End (ms): Min: 1579421.1, Avg: 1579423.6, Max: 1579430.9, Diff: 9.8]
   [Code Root Fixup: 0.1 ms]
   [Code Root Purge: 0.0 ms]
   [Clear CT: 0.0 ms]
   [Other: 0.4 ms]
      [Choose CSet: 0.0 ms]
      [Ref Proc: 0.1 ms]
      [Ref Enq: 0.0 ms]
      [Redirty Cards: 0.1 ms]
      [Humongous Register: 0.0 ms]
      [Humongous Reclaim: 0.0 ms]
      [Free CSet: 0.0 ms]
   [Eden: 79.0M(79.0M)->0.0B(79.0M) Survivors: 1024.0K->1024.0K Heap: 227.1M(256.0M)->147.9M(256.0M)]
 [Times: user=0.02 sys=0.00, real=0.02 secs] 
2020-04-13T16:09:58.085+0800: 1581.034: [GC pause (G1 Evacuation Pause) (young) (initial-mark), 0.0084727 secs]
   [Parallel Time: 7.1 ms, GC Workers: 4]
      [GC Worker Start (ms): Min: 1581033.7, Avg: 1581033.7, Max: 1581033.7, Diff: 0.0]
      [Ext Root Scanning (ms): Min: 0.6, Avg: 0.6, Max: 0.6, Diff: 0.1, Sum: 2.3]
      [Update RS (ms): Min: 1.4, Avg: 1.7, Max: 2.0, Diff: 0.6, Sum: 6.9]
         [Processed Buffers: Min: 1, Avg: 7.5, Max: 12, Diff: 11, Sum: 30]
      [Scan RS (ms): Min: 0.7, Avg: 1.1, Max: 1.9, Diff: 1.2, Sum: 4.6]
      [Code Root Scanning (ms): Min: 0.0, Avg: 0.0, Max: 0.0, Diff: 0.0, Sum: 0.0]
      [Object Copy (ms): Min: 1.7, Avg: 2.0, Max: 2.7, Diff: 1.1, Sum: 8.0]
      [Termination (ms): Min: 0.0, Avg: 1.0, Max: 2.0, Diff: 2.0, Sum: 4.2]
         [Termination Attempts: Min: 1, Avg: 1.0, Max: 1, Diff: 0, Sum: 4]
      [GC Worker Other (ms): Min: 0.0, Avg: 0.0, Max: 0.1, Diff: 0.0, Sum: 0.1]
      [GC Worker Total (ms): Min: 6.1, Avg: 6.5, Max: 7.0, Diff: 0.9, Sum: 26.1]
      [GC Worker End (ms): Min: 1581039.8, Avg: 1581040.2, Max: 1581040.7, Diff: 0.9]
   [Code Root Fixup: 0.0 ms]
   [Code Root Purge: 0.0 ms]
   [Clear CT: 0.1 ms]
   [Other: 1.2 ms]
      [Choose CSet: 0.0 ms]
      [Ref Proc: 0.9 ms]
      [Ref Enq: 0.0 ms]
      [Redirty Cards: 0.1 ms]
      [Humongous Register: 0.0 ms]
      [Humongous Reclaim: 0.0 ms]
      [Free CSet: 0.0 ms]
   [Eden: 79.0M(79.0M)->0.0B(79.0M) Survivors: 1024.0K->1024.0K Heap: 226.9M(256.0M)->148.0M(256.0M)]
 [Times: user=0.02 sys=0.00, real=0.01 secs] 
2020-04-13T16:09:58.094+0800: 1581.043: [GC concurrent-root-region-scan-start]
2020-04-13T16:09:58.097+0800: 1581.046: [GC concurrent-root-region-scan-end, 0.0030137 secs]
2020-04-13T16:09:58.097+0800: 1581.046: [GC concurrent-mark-start]
2020-04-13T16:09:58.124+0800: 1581.073: [GC concurrent-mark-end, 0.0274922 secs]
2020-04-13T16:09:58.125+0800: 1581.074: [GC remark 2020-04-13T16:09:58.125+0800: 1581.074: [Finalize Marking, 0.0078344 secs] 2020-04-13T16:09:58.133+0800: 1581.082: [GC ref-proc, 0.0000983 secs] 2020-04-13T16:09:58.133+0800: 1581.082: [Unloading, 0.0038793 secs], 0.0134982 secs]
 [Times: user=0.02 sys=0.00, real=0.01 secs] 
2020-04-13T16:09:58.139+0800: 1581.087: [GC cleanup 149M->149M(256M), 0.0003989 secs]
 [Times: user=0.00 sys=0.00, real=0.00 secs] 
2020-04-13T16:09:59.806+0800: 1582.754: [GC pause (G1 Evacuation Pause) (young), 0.0043405 secs]
   [Parallel Time: 3.8 ms, GC Workers: 4]
      [GC Worker Start (ms): Min: 1582754.4, Avg: 1582754.4, Max: 1582754.4, Diff: 0.0]
      [Ext Root Scanning (ms): Min: 0.4, Avg: 0.4, Max: 0.4, Diff: 0.1, Sum: 1.5]
      [Update RS (ms): Min: 1.4, Avg: 1.5, Max: 1.6, Diff: 0.2, Sum: 6.0]
         [Processed Buffers: Min: 5, Avg: 7.8, Max: 10, Diff: 5, Sum: 31]
      [Scan RS (ms): Min: 0.3, Avg: 0.7, Max: 0.9, Diff: 0.6, Sum: 2.6]
      [Code Root Scanning (ms): Min: 0.0, Avg: 0.0, Max: 0.0, Diff: 0.0, Sum: 0.0]
      [Object Copy (ms): Min: 1.0, Avg: 1.0, Max: 1.1, Diff: 0.1, Sum: 4.1]
      [Termination (ms): Min: 0.0, Avg: 0.0, Max: 0.0, Diff: 0.0, Sum: 0.0]
         [Termination Attempts: Min: 1, Avg: 1.0, Max: 1, Diff: 0, Sum: 4]
      [GC Worker Other (ms): Min: 0.0, Avg: 0.1, Max: 0.5, Diff: 0.5, Sum: 0.5]
      [GC Worker Total (ms): Min: 3.7, Avg: 3.7, Max: 3.7, Diff: 0.0, Sum: 14.8]
      [GC Worker End (ms): Min: 1582758.1, Avg: 1582758.1, Max: 1582758.1, Diff: 0.0]
   [Code Root Fixup: 0.1 ms]
   [Code Root Purge: 0.0 ms]
   [Clear CT: 0.1 ms]
   [Other: 0.4 ms]
      [Choose CSet: 0.0 ms]
      [Ref Proc: 0.1 ms]
      [Ref Enq: 0.0 ms]
      [Redirty Cards: 0.1 ms]
      [Humongous Register: 0.0 ms]
      [Humongous Reclaim: 0.0 ms]
      [Free CSet: 0.0 ms]
   [Eden: 79.0M(79.0M)->0.0B(79.0M) Survivors: 1024.0K->1024.0K Heap: 227.0M(256.0M)->148.3M(256.0M)]
 [Times: user=0.02 sys=0.00, real=0.01 secs] 
2020-04-13T16:10:01.371+0800: 1584.319: [GC pause (G1 Evacuation Pause) (young), 0.0043536 secs]
   [Parallel Time: 4.0 ms, GC Workers: 4]
      [GC Worker Start (ms): Min: 1584319.3, Avg: 1584319.3, Max: 1584319.3, Diff: 0.0]
      [Ext Root Scanning (ms): Min: 0.3, Avg: 0.4, Max: 0.5, Diff: 0.2, Sum: 1.5]
      [Update RS (ms): Min: 1.9, Avg: 2.0, Max: 2.1, Diff: 0.2, Sum: 7.9]
         [Processed Buffers: Min: 0, Avg: 7.8, Max: 13, Diff: 13, Sum: 31]
      [Scan RS (ms): Min: 0.5, Avg: 0.6, Max: 0.8, Diff: 0.3, Sum: 2.3]
      [Code Root Scanning (ms): Min: 0.0, Avg: 0.0, Max: 0.0, Diff: 0.0, Sum: 0.0]
      [Object Copy (ms): Min: 0.9, Avg: 1.0, Max: 1.0, Diff: 0.1, Sum: 3.9]
      [Termination (ms): Min: 0.0, Avg: 0.0, Max: 0.0, Diff: 0.0, Sum: 0.0]
         [Termination Attempts: Min: 1, Avg: 1.0, Max: 1, Diff: 0, Sum: 4]
      [GC Worker Other (ms): Min: 0.0, Avg: 0.0, Max: 0.0, Diff: 0.0, Sum: 0.1]
      [GC Worker Total (ms): Min: 3.9, Avg: 3.9, Max: 3.9, Diff: 0.0, Sum: 15.6]
      [GC Worker End (ms): Min: 1584323.2, Avg: 1584323.2, Max: 1584323.2, Diff: 0.0]
   [Code Root Fixup: 0.0 ms]
   [Code Root Purge: 0.0 ms]
   [Clear CT: 0.0 ms]
   [Other: 0.3 ms]
      [Choose CSet: 0.0 ms]
      [Ref Proc: 0.1 ms]
      [Ref Enq: 0.0 ms]
      [Redirty Cards: 0.0 ms]
      [Humongous Register: 0.0 ms]
      [Humongous Reclaim: 0.0 ms]
      [Free CSet: 0.0 ms]
   [Eden: 79.0M(79.0M)->0.0B(79.0M) Survivors: 1024.0K->1024.0K Heap: 227.3M(256.0M)->148.0M(256.0M)]
 [Times: user=0.02 sys=0.00, real=0.00 secs] 
2020-04-13T16:10:02.839+0800: 1585.788: [GC pause (G1 Evacuation Pause) (young) (initial-mark), 0.0074429 secs]
   [Parallel Time: 6.4 ms, GC Workers: 4]
      [GC Worker Start (ms): Min: 1585788.2, Avg: 1585788.3, Max: 1585788.3, Diff: 0.0]
      [Ext Root Scanning (ms): Min: 0.6, Avg: 1.2, Max: 1.9, Diff: 1.3, Sum: 4.8]
      [Update RS (ms): Min: 1.0, Avg: 1.7, Max: 2.4, Diff: 1.4, Sum: 6.8]
         [Processed Buffers: Min: 4, Avg: 8.2, Max: 12, Diff: 8, Sum: 33]
      [Scan RS (ms): Min: 0.6, Avg: 1.3, Max: 3.2, Diff: 2.6, Sum: 5.1]
      [Code Root Scanning (ms): Min: 0.0, Avg: 0.0, Max: 0.0, Diff: 0.0, Sum: 0.0]
      [Object Copy (ms): Min: 0.2, Avg: 1.6, Max: 2.1, Diff: 1.9, Sum: 6.4]
      [Termination (ms): Min: 0.0, Avg: 0.5, Max: 0.8, Diff: 0.8, Sum: 2.2]
         [Termination Attempts: Min: 1, Avg: 1.5, Max: 3, Diff: 2, Sum: 6]
      [GC Worker Other (ms): Min: 0.0, Avg: 0.0, Max: 0.0, Diff: 0.0, Sum: 0.1]
      [GC Worker Total (ms): Min: 6.3, Avg: 6.3, Max: 6.4, Diff: 0.1, Sum: 25.4]
      [GC Worker End (ms): Min: 1585794.6, Avg: 1585794.6, Max: 1585794.6, Diff: 0.1]
   [Code Root Fixup: 0.1 ms]
   [Code Root Purge: 0.0 ms]
   [Clear CT: 0.1 ms]
   [Other: 0.9 ms]
      [Choose CSet: 0.0 ms]
      [Ref Proc: 0.7 ms]
      [Ref Enq: 0.0 ms]
      [Redirty Cards: 0.1 ms]
      [Humongous Register: 0.0 ms]
      [Humongous Reclaim: 0.0 ms]
      [Free CSet: 0.0 ms]
   [Eden: 79.0M(79.0M)->0.0B(79.0M) Survivors: 1024.0K->1024.0K Heap: 227.0M(256.0M)->148.2M(256.0M)]
 [Times: user=0.01 sys=0.00, real=0.01 secs] 
2020-04-13T16:10:02.847+0800: 1585.796: [GC concurrent-root-region-scan-start]
2020-04-13T16:10:02.850+0800: 1585.798: [GC concurrent-root-region-scan-end, 0.0026045 secs]
2020-04-13T16:10:02.850+0800: 1585.798: [GC concurrent-mark-start]
2020-04-13T16:10:02.872+0800: 1585.821: [GC concurrent-mark-end, 0.0226236 secs]
2020-04-13T16:10:02.872+0800: 1585.821: [GC remark 2020-04-13T16:10:02.872+0800: 1585.821: [Finalize Marking, 0.0001144 secs] 2020-04-13T16:10:02.873+0800: 1585.821: [GC ref-proc, 0.0000645 secs] 2020-04-13T16:10:02.873+0800: 1585.821: [Unloading, 0.0038588 secs], 0.0073532 secs]
 [Times: user=0.02 sys=0.00, real=0.01 secs] 
2020-04-13T16:10:02.881+0800: 1585.829: [GC cleanup 149M->149M(256M), 0.0003950 secs]
 [Times: user=0.00 sys=0.00, real=0.00 secs] 
2020-04-13T16:10:04.208+0800: 1587.157: [GC pause (G1 Evacuation Pause) (young), 0.0071703 secs]
   [Parallel Time: 6.5 ms, GC Workers: 4]
      [GC Worker Start (ms): Min: 1587156.8, Avg: 1587156.8, Max: 1587156.9, Diff: 0.1]
      [Ext Root Scanning (ms): Min: 0.4, Avg: 0.7, Max: 1.4, Diff: 1.1, Sum: 2.9]
      [Update RS (ms): Min: 1.2, Avg: 2.3, Max: 3.1, Diff: 1.9, Sum: 9.0]
         [Processed Buffers: Min: 2, Avg: 7.8, Max: 14, Diff: 12, Sum: 31]
      [Scan RS (ms): Min: 0.1, Avg: 1.7, Max: 3.4, Diff: 3.3, Sum: 7.0]
      [Code Root Scanning (ms): Min: 0.0, Avg: 0.0, Max: 0.0, Diff: 0.0, Sum: 0.0]
      [Object Copy (ms): Min: 0.0, Avg: 1.1, Max: 2.0, Diff: 2.0, Sum: 4.3]
      [Termination (ms): Min: 0.0, Avg: 0.5, Max: 0.7, Diff: 0.7, Sum: 2.0]
         [Termination Attempts: Min: 1, Avg: 11.2, Max: 23, Diff: 22, Sum: 45]
      [GC Worker Other (ms): Min: 0.0, Avg: 0.0, Max: 0.0, Diff: 0.0, Sum: 0.0]
      [GC Worker Total (ms): Min: 6.2, Avg: 6.3, Max: 6.4, Diff: 0.2, Sum: 25.3]
      [GC Worker End (ms): Min: 1587163.1, Avg: 1587163.1, Max: 1587163.2, Diff: 0.1]
   [Code Root Fixup: 0.0 ms]
   [Code Root Purge: 0.0 ms]
   [Clear CT: 0.0 ms]
   [Other: 0.6 ms]
      [Choose CSet: 0.0 ms]
      [Ref Proc: 0.5 ms]
      [Ref Enq: 0.0 ms]
      [Redirty Cards: 0.0 ms]
      [Humongous Register: 0.0 ms]
      [Humongous Reclaim: 0.0 ms]
      [Free CSet: 0.0 ms]
   [Eden: 79.0M(79.0M)->0.0B(79.0M) Survivors: 1024.0K->1024.0K Heap: 227.2M(256.0M)->148.2M(256.0M)]
 [Times: user=0.02 sys=0.00, real=0.01 secs] 
2020-04-13T16:10:05.557+0800: 1588.506: [GC pause (G1 Evacuation Pause) (young), 0.0048189 secs]
   [Parallel Time: 4.1 ms, GC Workers: 4]
      [GC Worker Start (ms): Min: 1588506.1, Avg: 1588506.1, Max: 1588506.1, Diff: 0.0]
      [Ext Root Scanning (ms): Min: 0.3, Avg: 0.4, Max: 0.5, Diff: 0.2, Sum: 1.5]
      [Update RS (ms): Min: 1.6, Avg: 1.7, Max: 1.8, Diff: 0.3, Sum: 6.7]
         [Processed Buffers: Min: 6, Avg: 8.0, Max: 12, Diff: 6, Sum: 32]
      [Scan RS (ms): Min: 0.3, Avg: 0.4, Max: 0.5, Diff: 0.1, Sum: 1.7]
      [Code Root Scanning (ms): Min: 0.0, Avg: 0.0, Max: 0.0, Diff: 0.0, Sum: 0.0]
      [Object Copy (ms): Min: 1.6, Avg: 1.6, Max: 1.7, Diff: 0.1, Sum: 6.4]
      [Termination (ms): Min: 0.0, Avg: 0.0, Max: 0.0, Diff: 0.0, Sum: 0.0]
         [Termination Attempts: Min: 1, Avg: 1.0, Max: 1, Diff: 0, Sum: 4]
      [GC Worker Other (ms): Min: 0.0, Avg: 0.0, Max: 0.0, Diff: 0.0, Sum: 0.1]
      [GC Worker Total (ms): Min: 4.1, Avg: 4.1, Max: 4.1, Diff: 0.0, Sum: 16.4]
      [GC Worker End (ms): Min: 1588510.2, Avg: 1588510.2, Max: 1588510.2, Diff: 0.0]
   [Code Root Fixup: 0.1 ms]
   [Code Root Purge: 0.0 ms]
   [Clear CT: 0.1 ms]
   [Other: 0.5 ms]
      [Choose CSet: 0.0 ms]
      [Ref Proc: 0.3 ms]
      [Ref Enq: 0.0 ms]
      [Redirty Cards: 0.1 ms]
      [Humongous Register: 0.0 ms]
      [Humongous Reclaim: 0.0 ms]
      [Free CSet: 0.0 ms]
   [Eden: 79.0M(79.0M)->0.0B(79.0M) Survivors: 1024.0K->1024.0K Heap: 227.2M(256.0M)->148.5M(256.0M)]
 [Times: user=0.02 sys=0.00, real=0.01 secs] 
2020-04-13T16:10:07.003+0800: 1589.951: [GC pause (G1 Evacuation Pause) (young) (initial-mark), 0.0081134 secs]
   [Parallel Time: 6.8 ms, GC Workers: 4]
      [GC Worker Start (ms): Min: 1589951.3, Avg: 1589952.2, Max: 1589953.3, Diff: 2.1]
      [Ext Root Scanning (ms): Min: 0.1, Avg: 1.6, Max: 2.4, Diff: 2.3, Sum: 6.3]
      [Update RS (ms): Min: 1.3, Avg: 2.5, Max: 4.0, Diff: 2.7, Sum: 10.2]
         [Processed Buffers: Min: 2, Avg: 8.5, Max: 14, Diff: 12, Sum: 34]
      [Scan RS (ms): Min: 0.0, Avg: 0.4, Max: 0.7, Diff: 0.7, Sum: 1.7]
      [Code Root Scanning (ms): Min: 0.0, Avg: 0.0, Max: 0.0, Diff: 0.0, Sum: 0.0]
      [Object Copy (ms): Min: 0.5, Avg: 1.1, Max: 1.4, Diff: 0.9, Sum: 4.5]
      [Termination (ms): Min: 0.0, Avg: 0.0, Max: 0.0, Diff: 0.0, Sum: 0.0]
         [Termination Attempts: Min: 1, Avg: 1.0, Max: 1, Diff: 0, Sum: 4]
      [GC Worker Other (ms): Min: 0.0, Avg: 0.0, Max: 0.0, Diff: 0.0, Sum: 0.1]
      [GC Worker Total (ms): Min: 4.6, Avg: 5.7, Max: 6.7, Diff: 2.1, Sum: 22.8]
      [GC Worker End (ms): Min: 1589957.9, Avg: 1589957.9, Max: 1589957.9, Diff: 0.0]
   [Code Root Fixup: 0.0 ms]
   [Code Root Purge: 0.0 ms]
   [Clear CT: 0.1 ms]
   [Other: 1.2 ms]
      [Choose CSet: 0.0 ms]
      [Ref Proc: 0.9 ms]
      [Ref Enq: 0.0 ms]
      [Redirty Cards: 0.1 ms]
      [Humongous Register: 0.0 ms]
      [Humongous Reclaim: 0.0 ms]
      [Free CSet: 0.0 ms]
   [Eden: 79.0M(79.0M)->0.0B(79.0M) Survivors: 1024.0K->1024.0K Heap: 227.5M(256.0M)->148.2M(256.0M)]
 [Times: user=0.02 sys=0.00, real=0.01 secs] 
2020-04-13T16:10:07.011+0800: 1589.959: [GC concurrent-root-region-scan-start]
2020-04-13T16:10:07.014+0800: 1589.962: [GC concurrent-root-region-scan-end, 0.0030242 secs]
2020-04-13T16:10:07.014+0800: 1589.962: [GC concurrent-mark-start]
2020-04-13T16:10:07.044+0800: 1589.992: [GC concurrent-mark-end, 0.0298042 secs]
2020-04-13T16:10:07.044+0800: 1589.993: [GC remark 2020-04-13T16:10:07.044+0800: 1589.993: [Finalize Marking, 0.0001919 secs] 2020-04-13T16:10:07.044+0800: 1589.993: [GC ref-proc, 0.0000761 secs] 2020-04-13T16:10:07.044+0800: 1589.993: [Unloading, 0.0040191 secs], 0.0058863 secs]
 [Times: user=0.02 sys=0.00, real=0.01 secs] 
2020-04-13T16:10:07.050+0800: 1589.999: [GC cleanup 150M->150M(256M), 0.0004085 secs]
 [Times: user=0.00 sys=0.00, real=0.00 secs] 
2020-04-13T16:10:08.387+0800: 1591.335: [GC pause (G1 Evacuation Pause) (young), 0.0040647 secs]
   [Parallel Time: 3.7 ms, GC Workers: 4]
      [GC Worker Start (ms): Min: 1591335.5, Avg: 1591335.5, Max: 1591335.6, Diff: 0.1]
      [Ext Root Scanning (ms): Min: 0.3, Avg: 0.4, Max: 0.5, Diff: 0.2, Sum: 1.6]
      [Update RS (ms): Min: 1.3, Avg: 1.5, Max: 1.6, Diff: 0.3, Sum: 6.0]
         [Processed Buffers: Min: 4, Avg: 7.8, Max: 14, Diff: 10, Sum: 31]
      [Scan RS (ms): Min: 0.6, Avg: 0.7, Max: 0.8, Diff: 0.3, Sum: 2.9]
      [Code Root Scanning (ms): Min: 0.0, Avg: 0.0, Max: 0.0, Diff: 0.0, Sum: 0.0]
      [Object Copy (ms): Min: 0.9, Avg: 0.9, Max: 1.0, Diff: 0.1, Sum: 3.8]
      [Termination (ms): Min: 0.0, Avg: 0.0, Max: 0.0, Diff: 0.0, Sum: 0.0]
         [Termination Attempts: Min: 1, Avg: 1.0, Max: 1, Diff: 0, Sum: 4]
      [GC Worker Other (ms): Min: 0.0, Avg: 0.0, Max: 0.0, Diff: 0.0, Sum: 0.1]
      [GC Worker Total (ms): Min: 3.5, Avg: 3.6, Max: 3.6, Diff: 0.1, Sum: 14.3]
      [GC Worker End (ms): Min: 1591339.1, Avg: 1591339.1, Max: 1591339.1, Diff: 0.0]
   [Code Root Fixup: 0.0 ms]
   [Code Root Purge: 0.0 ms]
   [Clear CT: 0.0 ms]
   [Other: 0.3 ms]
      [Choose CSet: 0.0 ms]
      [Ref Proc: 0.1 ms]
      [Ref Enq: 0.0 ms]
      [Redirty Cards: 0.0 ms]
      [Humongous Register: 0.0 ms]
      [Humongous Reclaim: 0.0 ms]
      [Free CSet: 0.0 ms]
   [Eden: 79.0M(79.0M)->0.0B(79.0M) Survivors: 1024.0K->1024.0K Heap: 227.2M(256.0M)->148.5M(256.0M)]
 [Times: user=0.01 sys=0.00, real=0.01 secs] 
2020-04-13T16:10:09.718+0800: 1592.666: [GC pause (G1 Evacuation Pause) (young), 0.0046395 secs]
   [Parallel Time: 4.1 ms, GC Workers: 4]
      [GC Worker Start (ms): Min: 1592666.4, Avg: 1592666.5, Max: 1592666.5, Diff: 0.0]
      [Ext Root Scanning (ms): Min: 0.3, Avg: 0.4, Max: 0.5, Diff: 0.2, Sum: 1.5]
      [Update RS (ms): Min: 1.5, Avg: 1.6, Max: 1.8, Diff: 0.2, Sum: 6.6]
         [Processed Buffers: Min: 4, Avg: 10.0, Max: 16, Diff: 12, Sum: 40]
      [Scan RS (ms): Min: 0.7, Avg: 0.9, Max: 1.6, Diff: 0.9, Sum: 3.8]
      [Code Root Scanning (ms): Min: 0.0, Avg: 0.0, Max: 0.0, Diff: 0.0, Sum: 0.0]
      [Object Copy (ms): Min: 0.5, Avg: 1.1, Max: 1.3, Diff: 0.8, Sum: 4.3]
      [Termination (ms): Min: 0.0, Avg: 0.0, Max: 0.0, Diff: 0.0, Sum: 0.0]
         [Termination Attempts: Min: 1, Avg: 1.2, Max: 2, Diff: 1, Sum: 5]
      [GC Worker Other (ms): Min: 0.0, Avg: 0.0, Max: 0.0, Diff: 0.0, Sum: 0.1]
      [GC Worker Total (ms): Min: 4.1, Avg: 4.1, Max: 4.1, Diff: 0.0, Sum: 16.3]
      [GC Worker End (ms): Min: 1592670.5, Avg: 1592670.5, Max: 1592670.5, Diff: 0.0]
   [Code Root Fixup: 0.1 ms]
   [Code Root Purge: 0.0 ms]
   [Clear CT: 0.1 ms]
   [Other: 0.4 ms]
      [Choose CSet: 0.0 ms]
      [Ref Proc: 0.1 ms]
      [Ref Enq: 0.0 ms]
      [Redirty Cards: 0.1 ms]
      [Humongous Register: 0.0 ms]
      [Humongous Reclaim: 0.0 ms]
      [Free CSet: 0.0 ms]
   [Eden: 79.0M(79.0M)->0.0B(79.0M) Survivors: 1024.0K->1024.0K Heap: 227.5M(256.0M)->148.4M(256.0M)]
 [Times: user=0.01 sys=0.00, real=0.01 secs] 
2020-04-13T16:10:11.065+0800: 1594.013: [GC pause (G1 Evacuation Pause) (young) (initial-mark), 0.0042954 secs]
   [Parallel Time: 3.9 ms, GC Workers: 4]
      [GC Worker Start (ms): Min: 1594013.6, Avg: 1594013.6, Max: 1594013.6, Diff: 0.0]
      [Ext Root Scanning (ms): Min: 0.6, Avg: 0.6, Max: 0.7, Diff: 0.1, Sum: 2.5]
      [Update RS (ms): Min: 1.6, Avg: 1.7, Max: 1.9, Diff: 0.3, Sum: 6.7]
         [Processed Buffers: Min: 4, Avg: 7.5, Max: 10, Diff: 6, Sum: 30]
      [Scan RS (ms): Min: 0.5, Avg: 0.6, Max: 0.7, Diff: 0.2, Sum: 2.3]
      [Code Root Scanning (ms): Min: 0.0, Avg: 0.0, Max: 0.0, Diff: 0.0, Sum: 0.0]
      [Object Copy (ms): Min: 0.9, Avg: 1.0, Max: 1.0, Diff: 0.1, Sum: 3.8]
      [Termination (ms): Min: 0.0, Avg: 0.0, Max: 0.0, Diff: 0.0, Sum: 0.0]
         [Termination Attempts: Min: 1, Avg: 1.0, Max: 1, Diff: 0, Sum: 4]
      [GC Worker Other (ms): Min: 0.0, Avg: 0.0, Max: 0.0, Diff: 0.0, Sum: 0.0]
      [GC Worker Total (ms): Min: 3.8, Avg: 3.8, Max: 3.9, Diff: 0.0, Sum: 15.4]
      [GC Worker End (ms): Min: 1594017.4, Avg: 1594017.4, Max: 1594017.4, Diff: 0.0]
   [Code Root Fixup: 0.0 ms]
   [Code Root Purge: 0.0 ms]
   [Clear CT: 0.1 ms]
   [Other: 0.3 ms]
      [Choose CSet: 0.0 ms]
      [Ref Proc: 0.1 ms]
      [Ref Enq: 0.0 ms]
      [Redirty Cards: 0.1 ms]
      [Humongous Register: 0.0 ms]
      [Humongous Reclaim: 0.0 ms]
      [Free CSet: 0.0 ms]
   [Eden: 79.0M(79.0M)->0.0B(79.0M) Survivors: 1024.0K->1024.0K Heap: 227.4M(256.0M)->148.7M(256.0M)]
 [Times: user=0.01 sys=0.00, real=0.00 secs] 
2020-04-13T16:10:11.069+0800: 1594.018: [GC concurrent-root-region-scan-start]
2020-04-13T16:10:11.072+0800: 1594.021: [GC concurrent-root-region-scan-end, 0.0026626 secs]
2020-04-13T16:10:11.072+0800: 1594.021: [GC concurrent-mark-start]
2020-04-13T16:10:11.098+0800: 1594.046: [GC concurrent-mark-end, 0.0256446 secs]
2020-04-13T16:10:11.098+0800: 1594.046: [GC remark 2020-04-13T16:10:11.098+0800: 1594.046: [Finalize Marking, 0.0001180 secs] 2020-04-13T16:10:11.098+0800: 1594.047: [GC ref-proc, 0.0000805 secs] 2020-04-13T16:10:11.098+0800: 1594.047: [Unloading, 0.0051088 secs], 0.0067798 secs]
 [Times: user=0.01 sys=0.00, real=0.01 secs] 
2020-04-13T16:10:11.105+0800: 1594.053: [GC cleanup 150M->150M(256M), 0.0003510 secs]
 [Times: user=0.01 sys=0.00, real=0.00 secs] 
2020-04-13T16:10:12.648+0800: 1595.596: [GC pause (G1 Evacuation Pause) (young), 0.0050464 secs]
   [Parallel Time: 3.6 ms, GC Workers: 4]
      [GC Worker Start (ms): Min: 1595596.2, Avg: 1595596.2, Max: 1595596.2, Diff: 0.0]
      [Ext Root Scanning (ms): Min: 0.3, Avg: 0.4, Max: 0.5, Diff: 0.2, Sum: 1.6]
      [Update RS (ms): Min: 1.6, Avg: 1.7, Max: 1.8, Diff: 0.3, Sum: 6.9]
         [Processed Buffers: Min: 5, Avg: 8.2, Max: 12, Diff: 7, Sum: 33]
      [Scan RS (ms): Min: 0.3, Avg: 0.4, Max: 0.5, Diff: 0.3, Sum: 1.5]
      [Code Root Scanning (ms): Min: 0.0, Avg: 0.0, Max: 0.0, Diff: 0.0, Sum: 0.0]
      [Object Copy (ms): Min: 0.8, Avg: 0.9, Max: 0.9, Diff: 0.1, Sum: 3.6]
      [Termination (ms): Min: 0.0, Avg: 0.0, Max: 0.0, Diff: 0.0, Sum: 0.0]
         [Termination Attempts: Min: 1, Avg: 1.0, Max: 1, Diff: 0, Sum: 4]
      [GC Worker Other (ms): Min: 0.0, Avg: 0.0, Max: 0.0, Diff: 0.0, Sum: 0.0]
      [GC Worker Total (ms): Min: 3.4, Avg: 3.4, Max: 3.4, Diff: 0.0, Sum: 13.6]
      [GC Worker End (ms): Min: 1595599.6, Avg: 1595599.6, Max: 1595599.6, Diff: 0.0]
   [Code Root Fixup: 0.1 ms]
   [Code Root Purge: 0.0 ms]
   [Clear CT: 0.1 ms]
   [Other: 1.3 ms]
      [Choose CSet: 0.0 ms]
      [Ref Proc: 1.1 ms]
      [Ref Enq: 0.0 ms]
      [Redirty Cards: 0.1 ms]
      [Humongous Register: 0.0 ms]
      [Humongous Reclaim: 0.0 ms]
      [Free CSet: 0.0 ms]
   [Eden: 79.0M(79.0M)->0.0B(79.0M) Survivors: 1024.0K->1024.0K Heap: 227.7M(256.0M)->148.4M(256.0M)]
 [Times: user=0.01 sys=0.00, real=0.01 secs] 
2020-04-13T16:10:13.950+0800: 1596.899: [GC pause (G1 Evacuation Pause) (young), 0.0072120 secs]
   [Parallel Time: 6.1 ms, GC Workers: 4]
      [GC Worker Start (ms): Min: 1596898.6, Avg: 1596899.7, Max: 1596902.8, Diff: 4.2]
      [Ext Root Scanning (ms): Min: 0.0, Avg: 0.4, Max: 0.6, Diff: 0.6, Sum: 1.5]
      [Update RS (ms): Min: 0.0, Avg: 2.7, Max: 3.9, Diff: 3.9, Sum: 11.0]
         [Processed Buffers: Min: 0, Avg: 8.2, Max: 17, Diff: 17, Sum: 33]
      [Scan RS (ms): Min: 0.2, Avg: 1.0, Max: 1.7, Diff: 1.5, Sum: 4.2]
      [Code Root Scanning (ms): Min: 0.0, Avg: 0.0, Max: 0.0, Diff: 0.0, Sum: 0.0]
      [Object Copy (ms): Min: 0.2, Avg: 0.8, Max: 1.4, Diff: 1.3, Sum: 3.2]
      [Termination (ms): Min: 0.0, Avg: 0.0, Max: 0.0, Diff: 0.0, Sum: 0.0]
         [Termination Attempts: Min: 1, Avg: 1.2, Max: 2, Diff: 1, Sum: 5]
      [GC Worker Other (ms): Min: 0.0, Avg: 0.0, Max: 0.0, Diff: 0.0, Sum: 0.1]
      [GC Worker Total (ms): Min: 1.9, Avg: 5.0, Max: 6.1, Diff: 4.2, Sum: 20.0]
      [GC Worker End (ms): Min: 1596904.7, Avg: 1596904.7, Max: 1596904.7, Diff: 0.0]
   [Code Root Fixup: 0.0 ms]
   [Code Root Purge: 0.0 ms]
   [Clear CT: 0.1 ms]
   [Other: 1.0 ms]
      [Choose CSet: 0.0 ms]
      [Ref Proc: 0.8 ms]
      [Ref Enq: 0.0 ms]
      [Redirty Cards: 0.1 ms]
      [Humongous Register: 0.0 ms]
      [Humongous Reclaim: 0.0 ms]
      [Free CSet: 0.0 ms]
   [Eden: 79.0M(79.0M)->0.0B(79.0M) Survivors: 1024.0K->1024.0K Heap: 227.4M(256.0M)->148.7M(256.0M)]
 [Times: user=0.01 sys=0.00, real=0.00 secs] 
2020-04-13T16:10:15.249+0800: 1598.198: [GC pause (G1 Evacuation Pause) (young) (initial-mark), 0.0064674 secs]
   [Parallel Time: 5.2 ms, GC Workers: 4]
      [GC Worker Start (ms): Min: 1598197.7, Avg: 1598197.7, Max: 1598197.8, Diff: 0.0]
      [Ext Root Scanning (ms): Min: 0.9, Avg: 1.0, Max: 1.0, Diff: 0.1, Sum: 3.8]
      [Update RS (ms): Min: 2.4, Avg: 2.8, Max: 3.9, Diff: 1.5, Sum: 11.3]
         [Processed Buffers: Min: 0, Avg: 9.0, Max: 17, Diff: 17, Sum: 36]
      [Scan RS (ms): Min: 0.0, Avg: 0.4, Max: 0.6, Diff: 0.6, Sum: 1.6]
      [Code Root Scanning (ms): Min: 0.0, Avg: 0.0, Max: 0.0, Diff: 0.0, Sum: 0.0]
      [Object Copy (ms): Min: 0.2, Avg: 0.9, Max: 1.2, Diff: 0.9, Sum: 3.6]
      [Termination (ms): Min: 0.0, Avg: 0.0, Max: 0.0, Diff: 0.0, Sum: 0.0]
         [Termination Attempts: Min: 1, Avg: 1.0, Max: 1, Diff: 0, Sum: 4]
      [GC Worker Other (ms): Min: 0.0, Avg: 0.0, Max: 0.0, Diff: 0.0, Sum: 0.0]
      [GC Worker Total (ms): Min: 5.1, Avg: 5.1, Max: 5.1, Diff: 0.0, Sum: 20.4]
      [GC Worker End (ms): Min: 1598202.9, Avg: 1598202.9, Max: 1598202.9, Diff: 0.0]
   [Code Root Fixup: 0.1 ms]
   [Code Root Purge: 0.0 ms]
   [Clear CT: 0.1 ms]
   [Other: 1.1 ms]
      [Choose CSet: 0.0 ms]
      [Ref Proc: 0.9 ms]
      [Ref Enq: 0.0 ms]
      [Redirty Cards: 0.1 ms]
      [Humongous Register: 0.0 ms]
      [Humongous Reclaim: 0.0 ms]
      [Free CSet: 0.0 ms]
   [Eden: 79.0M(79.0M)->0.0B(79.0M) Survivors: 1024.0K->1024.0K Heap: 227.7M(256.0M)->148.6M(256.0M)]
 [Times: user=0.02 sys=0.00, real=0.01 secs] 
2020-04-13T16:10:15.256+0800: 1598.204: [GC concurrent-root-region-scan-start]
2020-04-13T16:10:15.259+0800: 1598.208: [GC concurrent-root-region-scan-end, 0.0035154 secs]
2020-04-13T16:10:15.259+0800: 1598.208: [GC concurrent-mark-start]
2020-04-13T16:10:15.287+0800: 1598.235: [GC concurrent-mark-end, 0.0273839 secs]
2020-04-13T16:10:15.287+0800: 1598.236: [GC remark 2020-04-13T16:10:15.287+0800: 1598.236: [Finalize Marking, 0.0001725 secs] 2020-04-13T16:10:15.287+0800: 1598.236: [GC ref-proc, 0.0000749 secs] 2020-04-13T16:10:15.288+0800: 1598.236: [Unloading, 0.0043634 secs], 0.0061378 secs]
 [Times: user=0.02 sys=0.00, real=0.01 secs] 
2020-04-13T16:10:15.294+0800: 1598.242: [GC cleanup 150M->150M(256M), 0.0004628 secs]
 [Times: user=0.00 sys=0.00, real=0.00 secs] 
2020-04-13T16:10:16.594+0800: 1599.543: [GC pause (G1 Evacuation Pause) (young), 0.0337772 secs]
   [Parallel Time: 21.0 ms, GC Workers: 4]
      [GC Worker Start (ms): Min: 1599542.7, Avg: 1599543.9, Max: 1599546.9, Diff: 4.2]
      [Ext Root Scanning (ms): Min: 0.0, Avg: 0.3, Max: 0.7, Diff: 0.7, Sum: 1.3]
      [Update RS (ms): Min: 0.0, Avg: 3.2, Max: 7.1, Diff: 7.1, Sum: 12.7]
         [Processed Buffers: Min: 0, Avg: 8.8, Max: 26, Diff: 26, Sum: 35]
      [Scan RS (ms): Min: 0.0, Avg: 0.9, Max: 1.9, Diff: 1.9, Sum: 3.8]
      [Code Root Scanning (ms): Min: 0.0, Avg: 0.0, Max: 0.0, Diff: 0.0, Sum: 0.0]
      [Object Copy (ms): Min: 0.0, Avg: 1.8, Max: 3.1, Diff: 3.1, Sum: 7.1]
      [Termination (ms): Min: 0.0, Avg: 6.4, Max: 12.7, Diff: 12.7, Sum: 25.4]
         [Termination Attempts: Min: 1, Avg: 18.2, Max: 70, Diff: 69, Sum: 73]
      [GC Worker Other (ms): Min: 0.0, Avg: 0.0, Max: 0.1, Diff: 0.1, Sum: 0.1]
      [GC Worker Total (ms): Min: 3.8, Avg: 12.6, Max: 19.9, Diff: 16.1, Sum: 50.5]
      [GC Worker End (ms): Min: 1599550.7, Avg: 1599556.6, Max: 1599562.5, Diff: 11.9]
   [Code Root Fixup: 0.0 ms]
   [Code Root Purge: 0.0 ms]
   [Clear CT: 0.1 ms]
   [Other: 12.6 ms]
      [Choose CSet: 0.0 ms]
      [Ref Proc: 12.3 ms]
      [Ref Enq: 0.0 ms]
      [Redirty Cards: 0.1 ms]
      [Humongous Register: 0.0 ms]
      [Humongous Reclaim: 0.0 ms]
      [Free CSet: 0.0 ms]
   [Eden: 79.0M(79.0M)->0.0B(79.0M) Survivors: 1024.0K->1024.0K Heap: 227.6M(256.0M)->148.6M(256.0M)]
 [Times: user=0.02 sys=0.00, real=0.03 secs] 
2020-04-13T16:10:18.136+0800: 1601.085: [GC pause (G1 Evacuation Pause) (young), 0.0062441 secs]
   [Parallel Time: 4.8 ms, GC Workers: 4]
      [GC Worker Start (ms): Min: 1601084.8, Avg: 1601084.8, Max: 1601084.8, Diff: 0.0]
      [Ext Root Scanning (ms): Min: 0.3, Avg: 0.4, Max: 0.5, Diff: 0.2, Sum: 1.4]
      [Update RS (ms): Min: 1.2, Avg: 1.4, Max: 1.5, Diff: 0.3, Sum: 5.7]
         [Processed Buffers: Min: 3, Avg: 8.8, Max: 16, Diff: 13, Sum: 35]
      [Scan RS (ms): Min: 0.7, Avg: 0.8, Max: 0.9, Diff: 0.2, Sum: 3.1]
      [Code Root Scanning (ms): Min: 0.0, Avg: 0.0, Max: 0.0, Diff: 0.0, Sum: 0.0]
      [Object Copy (ms): Min: 1.1, Avg: 1.4, Max: 2.1, Diff: 1.0, Sum: 5.6]
      [Termination (ms): Min: 0.0, Avg: 0.8, Max: 1.0, Diff: 1.0, Sum: 3.1]
         [Termination Attempts: Min: 1, Avg: 1.0, Max: 1, Diff: 0, Sum: 4]
      [GC Worker Other (ms): Min: 0.0, Avg: 0.0, Max: 0.0, Diff: 0.0, Sum: 0.0]
      [GC Worker Total (ms): Min: 4.6, Avg: 4.7, Max: 4.8, Diff: 0.2, Sum: 18.9]
      [GC Worker End (ms): Min: 1601089.4, Avg: 1601089.5, Max: 1601089.6, Diff: 0.2]
   [Code Root Fixup: 0.0 ms]
   [Code Root Purge: 0.0 ms]
   [Clear CT: 0.1 ms]
   [Other: 1.3 ms]
      [Choose CSet: 0.0 ms]
      [Ref Proc: 1.1 ms]
      [Ref Enq: 0.0 ms]
      [Redirty Cards: 0.0 ms]
      [Humongous Register: 0.0 ms]
      [Humongous Reclaim: 0.0 ms]
      [Free CSet: 0.0 ms]
   [Eden: 79.0M(79.0M)->0.0B(78.0M) Survivors: 1024.0K->1024.0K Heap: 227.6M(256.0M)->148.9M(256.0M)]
 [Times: user=0.02 sys=0.00, real=0.01 secs] 
2020-04-13T16:10:19.492+0800: 1602.441: [GC pause (G1 Evacuation Pause) (young) (initial-mark), 0.0047692 secs]
   [Parallel Time: 4.3 ms, GC Workers: 4]
      [GC Worker Start (ms): Min: 1602440.9, Avg: 1602441.1, Max: 1602441.3, Diff: 0.4]
      [Ext Root Scanning (ms): Min: 0.4, Avg: 0.6, Max: 0.8, Diff: 0.4, Sum: 2.3]
      [Update RS (ms): Min: 1.2, Avg: 1.5, Max: 1.7, Diff: 0.4, Sum: 5.9]
         [Processed Buffers: Min: 4, Avg: 6.5, Max: 9, Diff: 5, Sum: 26]
      [Scan RS (ms): Min: 0.6, Avg: 0.8, Max: 1.0, Diff: 0.3, Sum: 3.3]
      [Code Root Scanning (ms): Min: 0.0, Avg: 0.0, Max: 0.0, Diff: 0.0, Sum: 0.0]
      [Object Copy (ms): Min: 1.0, Avg: 1.1, Max: 1.3, Diff: 0.3, Sum: 4.4]
      [Termination (ms): Min: 0.0, Avg: 0.0, Max: 0.0, Diff: 0.0, Sum: 0.0]
         [Termination Attempts: Min: 1, Avg: 1.0, Max: 1, Diff: 0, Sum: 4]
      [GC Worker Other (ms): Min: 0.0, Avg: 0.0, Max: 0.0, Diff: 0.0, Sum: 0.0]
      [GC Worker Total (ms): Min: 3.8, Avg: 4.0, Max: 4.2, Diff: 0.4, Sum: 16.0]
      [GC Worker End (ms): Min: 1602445.1, Avg: 1602445.1, Max: 1602445.1, Diff: 0.0]
   [Code Root Fixup: 0.0 ms]
   [Code Root Purge: 0.0 ms]
   [Clear CT: 0.0 ms]
   [Other: 0.4 ms]
      [Choose CSet: 0.0 ms]
      [Ref Proc: 0.1 ms]
      [Ref Enq: 0.0 ms]
      [Redirty Cards: 0.1 ms]
      [Humongous Register: 0.0 ms]
      [Humongous Reclaim: 0.0 ms]
      [Free CSet: 0.0 ms]
   [Eden: 78.0M(78.0M)->0.0B(78.0M) Survivors: 1024.0K->1024.0K Heap: 226.9M(256.0M)->148.7M(256.0M)]
 [Times: user=0.01 sys=0.00, real=0.00 secs] 
2020-04-13T16:10:19.497+0800: 1602.446: [GC concurrent-root-region-scan-start]
2020-04-13T16:10:19.500+0800: 1602.449: [GC concurrent-root-region-scan-end, 0.0031527 secs]
2020-04-13T16:10:19.500+0800: 1602.449: [GC concurrent-mark-start]
2020-04-13T16:10:19.525+0800: 1602.473: [GC concurrent-mark-end, 0.0246135 secs]
2020-04-13T16:10:19.525+0800: 1602.474: [GC remark 2020-04-13T16:10:19.525+0800: 1602.474: [Finalize Marking, 0.0001468 secs] 2020-04-13T16:10:19.525+0800: 1602.474: [GC ref-proc, 0.0000920 secs] 2020-04-13T16:10:19.525+0800: 1602.474: [Unloading, 0.0042060 secs], 0.0062817 secs]
 [Times: user=0.01 sys=0.00, real=0.01 secs] 
2020-04-13T16:10:19.532+0800: 1602.480: [GC cleanup 150M->150M(256M), 0.0003617 secs]
 [Times: user=0.00 sys=0.00, real=0.00 secs] 
2020-04-13T16:10:20.863+0800: 1603.811: [GC pause (G1 Evacuation Pause) (young), 0.0061342 secs]
   [Parallel Time: 4.8 ms, GC Workers: 4]
      [GC Worker Start (ms): Min: 1603811.5, Avg: 1603811.5, Max: 1603811.5, Diff: 0.0]
      [Ext Root Scanning (ms): Min: 0.3, Avg: 0.4, Max: 0.5, Diff: 0.2, Sum: 1.5]
      [Update RS (ms): Min: 1.6, Avg: 1.6, Max: 1.7, Diff: 0.1, Sum: 6.5]
         [Processed Buffers: Min: 4, Avg: 7.5, Max: 11, Diff: 7, Sum: 30]
      [Scan RS (ms): Min: 0.5, Avg: 0.6, Max: 0.7, Diff: 0.2, Sum: 2.6]
      [Code Root Scanning (ms): Min: 0.0, Avg: 0.0, Max: 0.0, Diff: 0.0, Sum: 0.0]
      [Object Copy (ms): Min: 1.2, Avg: 1.4, Max: 1.9, Diff: 0.7, Sum: 5.6]
      [Termination (ms): Min: 0.0, Avg: 0.6, Max: 0.8, Diff: 0.8, Sum: 2.2]
         [Termination Attempts: Min: 1, Avg: 1.0, Max: 1, Diff: 0, Sum: 4]
      [GC Worker Other (ms): Min: 0.0, Avg: 0.0, Max: 0.0, Diff: 0.0, Sum: 0.1]
      [GC Worker Total (ms): Min: 4.6, Avg: 4.6, Max: 4.7, Diff: 0.2, Sum: 18.5]
      [GC Worker End (ms): Min: 1603816.0, Avg: 1603816.1, Max: 1603816.2, Diff: 0.2]
   [Code Root Fixup: 0.1 ms]
   [Code Root Purge: 0.0 ms]
   [Clear CT: 0.1 ms]
   [Other: 1.2 ms]
      [Choose CSet: 0.0 ms]
      [Ref Proc: 0.9 ms]
      [Ref Enq: 0.0 ms]
      [Redirty Cards: 0.1 ms]
      [Humongous Register: 0.0 ms]
      [Humongous Reclaim: 0.0 ms]
      [Free CSet: 0.0 ms]
   [Eden: 78.0M(78.0M)->0.0B(11.0M) Survivors: 1024.0K->1024.0K Heap: 226.7M(256.0M)->149.0M(256.0M)]
 [Times: user=0.02 sys=0.00, real=0.00 secs] 
2020-04-13T16:10:21.085+0800: 1604.033: [GC pause (G1 Evacuation Pause) (mixed), 0.0048888 secs]
   [Parallel Time: 4.4 ms, GC Workers: 4]
      [GC Worker Start (ms): Min: 1604033.1, Avg: 1604033.3, Max: 1604033.5, Diff: 0.4]
      [Ext Root Scanning (ms): Min: 0.2, Avg: 0.5, Max: 0.6, Diff: 0.4, Sum: 1.9]
      [Update RS (ms): Min: 1.4, Avg: 1.5, Max: 1.5, Diff: 0.1, Sum: 5.9]
         [Processed Buffers: Min: 4, Avg: 6.2, Max: 11, Diff: 7, Sum: 25]
      [Scan RS (ms): Min: 1.2, Avg: 1.2, Max: 1.3, Diff: 0.1, Sum: 5.0]
      [Code Root Scanning (ms): Min: 0.0, Avg: 0.0, Max: 0.0, Diff: 0.0, Sum: 0.0]
      [Object Copy (ms): Min: 1.0, Avg: 1.0, Max: 1.0, Diff: 0.0, Sum: 4.0]
      [Termination (ms): Min: 0.0, Avg: 0.0, Max: 0.0, Diff: 0.0, Sum: 0.0]
         [Termination Attempts: Min: 1, Avg: 1.0, Max: 1, Diff: 0, Sum: 4]
      [GC Worker Other (ms): Min: 0.0, Avg: 0.0, Max: 0.0, Diff: 0.0, Sum: 0.0]
      [GC Worker Total (ms): Min: 3.9, Avg: 4.2, Max: 4.3, Diff: 0.4, Sum: 16.8]
      [GC Worker End (ms): Min: 1604037.5, Avg: 1604037.5, Max: 1604037.5, Diff: 0.0]
   [Code Root Fixup: 0.1 ms]
   [Code Root Purge: 0.0 ms]
   [Clear CT: 0.1 ms]
   [Other: 0.3 ms]
      [Choose CSet: 0.0 ms]
      [Ref Proc: 0.1 ms]
      [Ref Enq: 0.0 ms]
      [Redirty Cards: 0.1 ms]
      [Humongous Register: 0.0 ms]
      [Humongous Reclaim: 0.0 ms]
      [Free CSet: 0.0 ms]
   [Eden: 11.0M(11.0M)->0.0B(79.0M) Survivors: 1024.0K->1024.0K Heap: 160.0M(256.0M)->147.8M(256.0M)]
 [Times: user=0.02 sys=0.00, real=0.01 secs] 
2020-04-13T16:10:22.708+0800: 1605.656: [GC pause (G1 Evacuation Pause) (young), 0.0058430 secs]
   [Parallel Time: 4.7 ms, GC Workers: 4]
      [GC Worker Start (ms): Min: 1605656.4, Avg: 1605656.5, Max: 1605656.5, Diff: 0.0]
      [Ext Root Scanning (ms): Min: 0.4, Avg: 0.5, Max: 0.8, Diff: 0.5, Sum: 2.1]
      [Update RS (ms): Min: 1.6, Avg: 1.8, Max: 1.9, Diff: 0.3, Sum: 7.1]
         [Processed Buffers: Min: 4, Avg: 7.2, Max: 11, Diff: 7, Sum: 29]
      [Scan RS (ms): Min: 0.3, Avg: 0.4, Max: 0.5, Diff: 0.2, Sum: 1.7]
      [Code Root Scanning (ms): Min: 0.0, Avg: 0.0, Max: 0.0, Diff: 0.0, Sum: 0.0]
      [Object Copy (ms): Min: 1.2, Avg: 1.4, Max: 1.9, Diff: 0.6, Sum: 5.6]
      [Termination (ms): Min: 0.0, Avg: 0.5, Max: 0.6, Diff: 0.6, Sum: 1.9]
         [Termination Attempts: Min: 1, Avg: 1.0, Max: 1, Diff: 0, Sum: 4]
      [GC Worker Other (ms): Min: 0.0, Avg: 0.0, Max: 0.0, Diff: 0.0, Sum: 0.1]
      [GC Worker Total (ms): Min: 4.6, Avg: 4.6, Max: 4.6, Diff: 0.1, Sum: 18.5]
      [GC Worker End (ms): Min: 1605661.1, Avg: 1605661.1, Max: 1605661.1, Diff: 0.0]
   [Code Root Fixup: 0.0 ms]
   [Code Root Purge: 0.0 ms]
   [Clear CT: 0.1 ms]
   [Other: 1.0 ms]
      [Choose CSet: 0.0 ms]
      [Ref Proc: 0.8 ms]
      [Ref Enq: 0.0 ms]
      [Redirty Cards: 0.1 ms]
      [Humongous Register: 0.0 ms]
      [Humongous Reclaim: 0.0 ms]
      [Free CSet: 0.0 ms]
   [Eden: 79.0M(79.0M)->0.0B(79.0M) Survivors: 1024.0K->1024.0K Heap: 226.8M(256.0M)->147.9M(256.0M)]
 [Times: user=0.02 sys=0.00, real=0.01 secs] 
2020-04-13T16:10:24.114+0800: 1607.062: [GC pause (G1 Evacuation Pause) (young) (initial-mark), 0.0042295 secs]
   [Parallel Time: 3.8 ms, GC Workers: 4]
      [GC Worker Start (ms): Min: 1607062.5, Avg: 1607062.6, Max: 1607062.6, Diff: 0.0]
      [Ext Root Scanning (ms): Min: 0.6, Avg: 0.6, Max: 0.6, Diff: 0.1, Sum: 2.3]
      [Update RS (ms): Min: 1.8, Avg: 1.9, Max: 1.9, Diff: 0.1, Sum: 7.4]
         [Processed Buffers: Min: 5, Avg: 7.5, Max: 11, Diff: 6, Sum: 30]
      [Scan RS (ms): Min: 0.2, Avg: 0.3, Max: 0.4, Diff: 0.2, Sum: 1.3]
      [Code Root Scanning (ms): Min: 0.0, Avg: 0.0, Max: 0.0, Diff: 0.0, Sum: 0.0]
      [Object Copy (ms): Min: 0.9, Avg: 1.0, Max: 1.0, Diff: 0.1, Sum: 3.8]
      [Termination (ms): Min: 0.0, Avg: 0.0, Max: 0.0, Diff: 0.0, Sum: 0.0]
         [Termination Attempts: Min: 1, Avg: 1.0, Max: 1, Diff: 0, Sum: 4]
      [GC Worker Other (ms): Min: 0.0, Avg: 0.0, Max: 0.0, Diff: 0.0, Sum: 0.0]
      [GC Worker Total (ms): Min: 3.7, Avg: 3.7, Max: 3.8, Diff: 0.0, Sum: 14.9]
      [GC Worker End (ms): Min: 1607066.3, Avg: 1607066.3, Max: 1607066.3, Diff: 0.0]
   [Code Root Fixup: 0.0 ms]
   [Code Root Purge: 0.0 ms]
   [Clear CT: 0.1 ms]
   [Other: 0.4 ms]
      [Choose CSet: 0.0 ms]
      [Ref Proc: 0.2 ms]
      [Ref Enq: 0.0 ms]
      [Redirty Cards: 0.0 ms]
      [Humongous Register: 0.0 ms]
      [Humongous Reclaim: 0.0 ms]
      [Free CSet: 0.0 ms]
   [Eden: 79.0M(79.0M)->0.0B(79.0M) Survivors: 1024.0K->1024.0K Heap: 226.9M(256.0M)->148.1M(256.0M)]
 [Times: user=0.01 sys=0.00, real=0.00 secs] 
2020-04-13T16:10:24.118+0800: 1607.067: [GC concurrent-root-region-scan-start]
2020-04-13T16:10:24.121+0800: 1607.070: [GC concurrent-root-region-scan-end, 0.0028487 secs]
2020-04-13T16:10:24.121+0800: 1607.070: [GC concurrent-mark-start]
2020-04-13T16:10:24.146+0800: 1607.095: [GC concurrent-mark-end, 0.0247947 secs]
2020-04-13T16:10:24.146+0800: 1607.095: [GC remark 2020-04-13T16:10:24.146+0800: 1607.095: [Finalize Marking, 0.0001265 secs] 2020-04-13T16:10:24.146+0800: 1607.095: [GC ref-proc, 0.0000925 secs] 2020-04-13T16:10:24.147+0800: 1607.095: [Unloading, 0.0041364 secs], 0.0061551 secs]
 [Times: user=0.01 sys=0.00, real=0.01 secs] 
2020-04-13T16:10:24.153+0800: 1607.101: [GC cleanup 149M->149M(256M), 0.0003096 secs]
 [Times: user=0.00 sys=0.00, real=0.00 secs] 
2020-04-13T16:10:25.468+0800: 1608.417: [GC pause (G1 Evacuation Pause) (young), 0.0054560 secs]
   [Parallel Time: 4.9 ms, GC Workers: 4]
      [GC Worker Start (ms): Min: 1608416.6, Avg: 1608416.6, Max: 1608416.6, Diff: 0.0]
      [Ext Root Scanning (ms): Min: 0.4, Avg: 0.4, Max: 0.5, Diff: 0.1, Sum: 1.6]
      [Update RS (ms): Min: 1.9, Avg: 1.9, Max: 2.0, Diff: 0.1, Sum: 7.7]
         [Processed Buffers: Min: 6, Avg: 9.2, Max: 13, Diff: 7, Sum: 37]
      [Scan RS (ms): Min: 0.2, Avg: 0.2, Max: 0.3, Diff: 0.1, Sum: 0.9]
      [Code Root Scanning (ms): Min: 0.0, Avg: 0.0, Max: 0.0, Diff: 0.0, Sum: 0.0]
      [Object Copy (ms): Min: 1.6, Avg: 1.9, Max: 2.2, Diff: 0.6, Sum: 7.5]
      [Termination (ms): Min: 0.0, Avg: 0.3, Max: 0.7, Diff: 0.7, Sum: 1.4]
         [Termination Attempts: Min: 1, Avg: 1.0, Max: 1, Diff: 0, Sum: 4]
      [GC Worker Other (ms): Min: 0.0, Avg: 0.0, Max: 0.0, Diff: 0.0, Sum: 0.1]
      [GC Worker Total (ms): Min: 4.8, Avg: 4.8, Max: 4.8, Diff: 0.1, Sum: 19.2]
      [GC Worker End (ms): Min: 1608421.4, Avg: 1608421.4, Max: 1608421.4, Diff: 0.1]
   [Code Root Fixup: 0.0 ms]
   [Code Root Purge: 0.0 ms]
   [Clear CT: 0.1 ms]
   [Other: 0.4 ms]
      [Choose CSet: 0.0 ms]
      [Ref Proc: 0.2 ms]
      [Ref Enq: 0.0 ms]
      [Redirty Cards: 0.1 ms]
      [Humongous Register: 0.0 ms]
      [Humongous Reclaim: 0.0 ms]
      [Free CSet: 0.0 ms]
   [Eden: 79.0M(79.0M)->0.0B(79.0M) Survivors: 1024.0K->1024.0K Heap: 227.1M(256.0M)->148.0M(256.0M)]
 [Times: user=0.01 sys=0.00, real=0.01 secs] 
2020-04-13T16:10:26.863+0800: 1609.811: [GC pause (G1 Evacuation Pause) (young), 0.0051326 secs]
   [Parallel Time: 4.1 ms, GC Workers: 4]
      [GC Worker Start (ms): Min: 1609811.3, Avg: 1609811.4, Max: 1609811.5, Diff: 0.1]
      [Ext Root Scanning (ms): Min: 0.3, Avg: 0.4, Max: 0.5, Diff: 0.2, Sum: 1.6]
      [Update RS (ms): Min: 2.1, Avg: 2.2, Max: 2.5, Diff: 0.4, Sum: 8.7]
         [Processed Buffers: Min: 3, Avg: 8.8, Max: 15, Diff: 12, Sum: 35]
      [Scan RS (ms): Min: 0.0, Avg: 0.1, Max: 0.2, Diff: 0.2, Sum: 0.5]
      [Code Root Scanning (ms): Min: 0.0, Avg: 0.0, Max: 0.0, Diff: 0.0, Sum: 0.0]
      [Object Copy (ms): Min: 0.7, Avg: 1.0, Max: 1.2, Diff: 0.4, Sum: 3.8]
      [Termination (ms): Min: 0.0, Avg: 0.1, Max: 0.1, Diff: 0.1, Sum: 0.3]
         [Termination Attempts: Min: 1, Avg: 1.0, Max: 1, Diff: 0, Sum: 4]
      [GC Worker Other (ms): Min: 0.0, Avg: 0.0, Max: 0.0, Diff: 0.0, Sum: 0.0]
      [GC Worker Total (ms): Min: 3.7, Avg: 3.8, Max: 3.9, Diff: 0.2, Sum: 15.0]
      [GC Worker End (ms): Min: 1609815.2, Avg: 1609815.2, Max: 1609815.2, Diff: 0.1]
   [Code Root Fixup: 0.0 ms]
   [Code Root Purge: 0.0 ms]
   [Clear CT: 0.0 ms]
   [Other: 1.0 ms]
      [Choose CSet: 0.0 ms]
      [Ref Proc: 0.7 ms]
      [Ref Enq: 0.0 ms]
      [Redirty Cards: 0.1 ms]
      [Humongous Register: 0.0 ms]
      [Humongous Reclaim: 0.0 ms]
      [Free CSet: 0.0 ms]
   [Eden: 79.0M(79.0M)->0.0B(79.0M) Survivors: 1024.0K->1024.0K Heap: 227.0M(256.0M)->148.1M(256.0M)]
 [Times: user=0.02 sys=0.00, real=0.00 secs] 
2020-04-13T16:10:28.296+0800: 1611.244: [GC pause (G1 Evacuation Pause) (young) (initial-mark), 0.0051596 secs]
   [Parallel Time: 3.8 ms, GC Workers: 4]
      [GC Worker Start (ms): Min: 1611244.2, Avg: 1611244.2, Max: 1611244.2, Diff: 0.0]
      [Ext Root Scanning (ms): Min: 0.5, Avg: 0.6, Max: 0.6, Diff: 0.1, Sum: 2.3]
      [Update RS (ms): Min: 1.6, Avg: 1.7, Max: 1.8, Diff: 0.2, Sum: 6.9]
         [Processed Buffers: Min: 6, Avg: 8.5, Max: 13, Diff: 7, Sum: 34]
      [Scan RS (ms): Min: 0.3, Avg: 0.4, Max: 0.5, Diff: 0.2, Sum: 1.7]
      [Code Root Scanning (ms): Min: 0.0, Avg: 0.0, Max: 0.0, Diff: 0.0, Sum: 0.0]
      [Object Copy (ms): Min: 1.0, Avg: 1.0, Max: 1.0, Diff: 0.1, Sum: 4.0]
      [Termination (ms): Min: 0.0, Avg: 0.0, Max: 0.0, Diff: 0.0, Sum: 0.0]
         [Termination Attempts: Min: 1, Avg: 1.0, Max: 1, Diff: 0, Sum: 4]
      [GC Worker Other (ms): Min: 0.0, Avg: 0.0, Max: 0.0, Diff: 0.0, Sum: 0.0]
      [GC Worker Total (ms): Min: 3.7, Avg: 3.7, Max: 3.7, Diff: 0.0, Sum: 14.9]
      [GC Worker End (ms): Min: 1611247.9, Avg: 1611247.9, Max: 1611247.9, Diff: 0.0]
   [Code Root Fixup: 0.0 ms]
   [Code Root Purge: 0.0 ms]
   [Clear CT: 0.1 ms]
   [Other: 1.3 ms]
      [Choose CSet: 0.0 ms]
      [Ref Proc: 1.0 ms]
      [Ref Enq: 0.0 ms]
      [Redirty Cards: 0.1 ms]
      [Humongous Register: 0.0 ms]
      [Humongous Reclaim: 0.0 ms]
      [Free CSet: 0.0 ms]
   [Eden: 79.0M(79.0M)->0.0B(79.0M) Survivors: 1024.0K->1024.0K Heap: 227.1M(256.0M)->148.2M(256.0M)]
 [Times: user=0.02 sys=0.00, real=0.01 secs] 
2020-04-13T16:10:28.301+0800: 1611.249: [GC concurrent-root-region-scan-start]
2020-04-13T16:10:28.304+0800: 1611.252: [GC concurrent-root-region-scan-end, 0.0030101 secs]
2020-04-13T16:10:28.304+0800: 1611.252: [GC concurrent-mark-start]
2020-04-13T16:10:28.328+0800: 1611.277: [GC concurrent-mark-end, 0.0241618 secs]
2020-04-13T16:10:28.328+0800: 1611.277: [GC remark 2020-04-13T16:10:28.328+0800: 1611.277: [Finalize Marking, 0.0001167 secs] 2020-04-13T16:10:28.329+0800: 1611.277: [GC ref-proc, 0.0000700 secs] 2020-04-13T16:10:28.329+0800: 1611.277: [Unloading, 0.0042394 secs], 0.0057461 secs]
 [Times: user=0.01 sys=0.00, real=0.01 secs] 
2020-04-13T16:10:28.334+0800: 1611.283: [GC cleanup 149M->149M(256M), 0.0003588 secs]
 [Times: user=0.00 sys=0.00, real=0.00 secs] 
2020-04-13T16:10:29.597+0800: 1612.545: [GC pause (G1 Evacuation Pause) (young), 0.0044578 secs]
   [Parallel Time: 3.7 ms, GC Workers: 4]
      [GC Worker Start (ms): Min: 1612545.5, Avg: 1612545.5, Max: 1612545.6, Diff: 0.0]
      [Ext Root Scanning (ms): Min: 0.3, Avg: 0.4, Max: 0.5, Diff: 0.2, Sum: 1.5]
      [Update RS (ms): Min: 1.8, Avg: 1.8, Max: 1.9, Diff: 0.1, Sum: 7.3]
         [Processed Buffers: Min: 5, Avg: 8.2, Max: 10, Diff: 5, Sum: 33]
      [Scan RS (ms): Min: 0.2, Avg: 0.2, Max: 0.2, Diff: 0.0, Sum: 0.9]
      [Code Root Scanning (ms): Min: 0.0, Avg: 0.0, Max: 0.0, Diff: 0.0, Sum: 0.0]
      [Object Copy (ms): Min: 1.0, Avg: 1.1, Max: 1.1, Diff: 0.1, Sum: 4.4]
      [Termination (ms): Min: 0.0, Avg: 0.0, Max: 0.0, Diff: 0.0, Sum: 0.0]
         [Termination Attempts: Min: 1, Avg: 1.0, Max: 1, Diff: 0, Sum: 4]
      [GC Worker Other (ms): Min: 0.0, Avg: 0.0, Max: 0.0, Diff: 0.0, Sum: 0.0]
      [GC Worker Total (ms): Min: 3.6, Avg: 3.6, Max: 3.6, Diff: 0.0, Sum: 14.3]
      [GC Worker End (ms): Min: 1612549.1, Avg: 1612549.1, Max: 1612549.1, Diff: 0.0]
   [Code Root Fixup: 0.0 ms]
   [Code Root Purge: 0.0 ms]
   [Clear CT: 0.0 ms]
   [Other: 0.7 ms]
      [Choose CSet: 0.0 ms]
      [Ref Proc: 0.5 ms]
      [Ref Enq: 0.0 ms]
      [Redirty Cards: 0.1 ms]
      [Humongous Register: 0.0 ms]
      [Humongous Reclaim: 0.0 ms]
      [Free CSet: 0.0 ms]
   [Eden: 79.0M(79.0M)->0.0B(79.0M) Survivors: 1024.0K->1024.0K Heap: 227.2M(256.0M)->148.0M(256.0M)]
 [Times: user=0.01 sys=0.00, real=0.01 secs] 
2020-04-13T16:10:30.950+0800: 1613.898: [GC pause (G1 Evacuation Pause) (young), 0.0060291 secs]
   [Parallel Time: 5.1 ms, GC Workers: 4]
      [GC Worker Start (ms): Min: 1613898.5, Avg: 1613898.5, Max: 1613898.5, Diff: 0.0]
      [Ext Root Scanning (ms): Min: 0.3, Avg: 0.4, Max: 0.5, Diff: 0.2, Sum: 1.5]
      [Update RS (ms): Min: 2.3, Avg: 2.9, Max: 4.5, Diff: 2.1, Sum: 11.6]
         [Processed Buffers: Min: 3, Avg: 8.5, Max: 20, Diff: 17, Sum: 34]
      [Scan RS (ms): Min: 0.0, Avg: 0.2, Max: 0.3, Diff: 0.3, Sum: 0.8]
      [Code Root Scanning (ms): Min: 0.0, Avg: 0.0, Max: 0.0, Diff: 0.0, Sum: 0.0]
      [Object Copy (ms): Min: 0.0, Avg: 1.0, Max: 1.3, Diff: 1.3, Sum: 3.8]
      [Termination (ms): Min: 0.0, Avg: 0.6, Max: 0.9, Diff: 0.9, Sum: 2.3]
         [Termination Attempts: Min: 1, Avg: 31.5, Max: 62, Diff: 61, Sum: 126]
      [GC Worker Other (ms): Min: 0.0, Avg: 0.0, Max: 0.0, Diff: 0.0, Sum: 0.1]
      [GC Worker Total (ms): Min: 5.0, Avg: 5.0, Max: 5.1, Diff: 0.1, Sum: 20.0]
      [GC Worker End (ms): Min: 1613903.5, Avg: 1613903.5, Max: 1613903.6, Diff: 0.1]
   [Code Root Fixup: 0.1 ms]
   [Code Root Purge: 0.0 ms]
   [Clear CT: 0.1 ms]
   [Other: 0.8 ms]
      [Choose CSet: 0.0 ms]
      [Ref Proc: 0.6 ms]
      [Ref Enq: 0.0 ms]
      [Redirty Cards: 0.1 ms]
      [Humongous Register: 0.0 ms]
      [Humongous Reclaim: 0.0 ms]
      [Free CSet: 0.0 ms]
   [Eden: 79.0M(79.0M)->0.0B(79.0M) Survivors: 1024.0K->1024.0K Heap: 227.0M(256.0M)->148.3M(256.0M)]
 [Times: user=0.02 sys=0.00, real=0.00 secs] 
2020-04-13T16:10:32.401+0800: 1615.349: [GC pause (G1 Evacuation Pause) (young) (initial-mark), 0.0071962 secs]
   [Parallel Time: 5.8 ms, GC Workers: 4]
      [GC Worker Start (ms): Min: 1615349.0, Avg: 1615349.0, Max: 1615349.1, Diff: 0.1]
      [Ext Root Scanning (ms): Min: 0.8, Avg: 0.9, Max: 1.0, Diff: 0.1, Sum: 3.7]
      [Update RS (ms): Min: 2.2, Avg: 2.8, Max: 4.6, Diff: 2.4, Sum: 11.2]
         [Processed Buffers: Min: 3, Avg: 8.2, Max: 20, Diff: 17, Sum: 33]
      [Scan RS (ms): Min: 0.0, Avg: 0.3, Max: 0.4, Diff: 0.4, Sum: 1.1]
      [Code Root Scanning (ms): Min: 0.0, Avg: 0.0, Max: 0.0, Diff: 0.0, Sum: 0.0]
      [Object Copy (ms): Min: 0.0, Avg: 1.0, Max: 1.4, Diff: 1.4, Sum: 4.0]
      [Termination (ms): Min: 0.0, Avg: 0.6, Max: 0.8, Diff: 0.8, Sum: 2.3]
         [Termination Attempts: Min: 1, Avg: 1.0, Max: 1, Diff: 0, Sum: 4]
      [GC Worker Other (ms): Min: 0.0, Avg: 0.0, Max: 0.0, Diff: 0.0, Sum: 0.0]
      [GC Worker Total (ms): Min: 5.6, Avg: 5.6, Max: 5.7, Diff: 0.2, Sum: 22.5]
      [GC Worker End (ms): Min: 1615354.6, Avg: 1615354.7, Max: 1615354.7, Diff: 0.1]
   [Code Root Fixup: 0.0 ms]
   [Code Root Purge: 0.0 ms]
   [Clear CT: 0.1 ms]
   [Other: 1.2 ms]
      [Choose CSet: 0.0 ms]
      [Ref Proc: 0.9 ms]
      [Ref Enq: 0.0 ms]
      [Redirty Cards: 0.2 ms]
      [Humongous Register: 0.0 ms]
      [Humongous Reclaim: 0.0 ms]
      [Free CSet: 0.0 ms]
   [Eden: 79.0M(79.0M)->0.0B(79.0M) Survivors: 1024.0K->1024.0K Heap: 227.3M(256.0M)->148.4M(256.0M)]
 [Times: user=0.02 sys=0.00, real=0.00 secs] 
2020-04-13T16:10:32.408+0800: 1615.356: [GC concurrent-root-region-scan-start]
2020-04-13T16:10:32.411+0800: 1615.359: [GC concurrent-root-region-scan-end, 0.0028149 secs]
2020-04-13T16:10:32.411+0800: 1615.359: [GC concurrent-mark-start]
2020-04-13T16:10:32.435+0800: 1615.383: [GC concurrent-mark-end, 0.0239597 secs]
2020-04-13T16:10:32.435+0800: 1615.383: [GC remark 2020-04-13T16:10:32.435+0800: 1615.383: [Finalize Marking, 0.0009921 secs] 2020-04-13T16:10:32.436+0800: 1615.384: [GC ref-proc, 0.0001344 secs] 2020-04-13T16:10:32.436+0800: 1615.384: [Unloading, 0.0065344 secs], 0.0094605 secs]
 [Times: user=0.02 sys=0.00, real=0.01 secs] 
2020-04-13T16:10:32.445+0800: 1615.393: [GC cleanup 149M->149M(256M), 0.0004632 secs]
 [Times: user=0.00 sys=0.00, real=0.00 secs] 
2020-04-13T16:10:33.775+0800: 1616.723: [GC pause (G1 Evacuation Pause) (young), 0.0054502 secs]
   [Parallel Time: 4.5 ms, GC Workers: 4]
      [GC Worker Start (ms): Min: 1616723.5, Avg: 1616723.6, Max: 1616723.6, Diff: 0.0]
      [Ext Root Scanning (ms): Min: 0.4, Avg: 0.4, Max: 0.5, Diff: 0.2, Sum: 1.7]
      [Update RS (ms): Min: 2.1, Avg: 2.3, Max: 2.3, Diff: 0.2, Sum: 9.1]
         [Processed Buffers: Min: 3, Avg: 8.0, Max: 13, Diff: 10, Sum: 32]
      [Scan RS (ms): Min: 0.5, Avg: 0.6, Max: 0.7, Diff: 0.1, Sum: 2.4]
      [Code Root Scanning (ms): Min: 0.0, Avg: 0.0, Max: 0.0, Diff: 0.0, Sum: 0.0]
      [Object Copy (ms): Min: 1.0, Avg: 1.0, Max: 1.1, Diff: 0.1, Sum: 4.1]
      [Termination (ms): Min: 0.0, Avg: 0.0, Max: 0.0, Diff: 0.0, Sum: 0.0]
         [Termination Attempts: Min: 1, Avg: 1.0, Max: 1, Diff: 0, Sum: 4]
      [GC Worker Other (ms): Min: 0.0, Avg: 0.0, Max: 0.1, Diff: 0.0, Sum: 0.1]
      [GC Worker Total (ms): Min: 4.3, Avg: 4.4, Max: 4.4, Diff: 0.1, Sum: 17.5]
      [GC Worker End (ms): Min: 1616727.9, Avg: 1616727.9, Max: 1616728.0, Diff: 0.0]
   [Code Root Fixup: 0.0 ms]
   [Code Root Purge: 0.0 ms]
   [Clear CT: 0.0 ms]
   [Other: 0.9 ms]
      [Choose CSet: 0.0 ms]
      [Ref Proc: 0.7 ms]
      [Ref Enq: 0.0 ms]
      [Redirty Cards: 0.1 ms]
      [Humongous Register: 0.0 ms]
      [Humongous Reclaim: 0.0 ms]
      [Free CSet: 0.0 ms]
   [Eden: 79.0M(79.0M)->0.0B(79.0M) Survivors: 1024.0K->1024.0K Heap: 227.4M(256.0M)->148.2M(256.0M)]
 [Times: user=0.02 sys=0.00, real=0.01 secs] 
2020-04-13T16:10:35.154+0800: 1618.102: [GC pause (G1 Evacuation Pause) (young), 0.0048430 secs]
   [Parallel Time: 4.1 ms, GC Workers: 4]
      [GC Worker Start (ms): Min: 1618102.0, Avg: 1618102.0, Max: 1618102.0, Diff: 0.0]
      [Ext Root Scanning (ms): Min: 0.3, Avg: 0.4, Max: 0.5, Diff: 0.2, Sum: 1.5]
      [Update RS (ms): Min: 1.7, Avg: 2.0, Max: 2.5, Diff: 0.8, Sum: 7.9]
         [Processed Buffers: Min: 1, Avg: 8.5, Max: 15, Diff: 14, Sum: 34]
      [Scan RS (ms): Min: 0.2, Avg: 0.6, Max: 0.9, Diff: 0.7, Sum: 2.6]
      [Code Root Scanning (ms): Min: 0.0, Avg: 0.0, Max: 0.0, Diff: 0.0, Sum: 0.0]
      [Object Copy (ms): Min: 1.0, Avg: 1.0, Max: 1.1, Diff: 0.1, Sum: 4.1]
      [Termination (ms): Min: 0.0, Avg: 0.0, Max: 0.0, Diff: 0.0, Sum: 0.0]
         [Termination Attempts: Min: 1, Avg: 1.0, Max: 1, Diff: 0, Sum: 4]
      [GC Worker Other (ms): Min: 0.0, Avg: 0.0, Max: 0.0, Diff: 0.0, Sum: 0.1]
      [GC Worker Total (ms): Min: 4.0, Avg: 4.0, Max: 4.1, Diff: 0.0, Sum: 16.2]
      [GC Worker End (ms): Min: 1618106.0, Avg: 1618106.0, Max: 1618106.0, Diff: 0.0]
   [Code Root Fixup: 0.0 ms]
   [Code Root Purge: 0.0 ms]
   [Clear CT: 0.1 ms]
   [Other: 0.6 ms]
      [Choose CSet: 0.0 ms]
      [Ref Proc: 0.4 ms]
      [Ref Enq: 0.0 ms]
      [Redirty Cards: 0.0 ms]
      [Humongous Register: 0.0 ms]
      [Humongous Reclaim: 0.0 ms]
      [Free CSet: 0.0 ms]
   [Eden: 79.0M(79.0M)->0.0B(79.0M) Survivors: 1024.0K->1024.0K Heap: 227.2M(256.0M)->148.5M(256.0M)]
 [Times: user=0.01 sys=0.00, real=0.00 secs] 
2020-04-13T16:10:36.589+0800: 1619.537: [GC pause (G1 Evacuation Pause) (young) (initial-mark), 0.0067160 secs]
   [Parallel Time: 4.9 ms, GC Workers: 4]
      [GC Worker Start (ms): Min: 1619537.6, Avg: 1619537.6, Max: 1619537.6, Diff: 0.0]
      [Ext Root Scanning (ms): Min: 0.5, Avg: 0.6, Max: 0.6, Diff: 0.1, Sum: 2.2]
      [Update RS (ms): Min: 1.7, Avg: 2.2, Max: 3.1, Diff: 1.5, Sum: 9.0]
         [Processed Buffers: Min: 3, Avg: 7.8, Max: 12, Diff: 9, Sum: 31]
      [Scan RS (ms): Min: 0.0, Avg: 0.8, Max: 1.3, Diff: 1.3, Sum: 3.3]
      [Code Root Scanning (ms): Min: 0.0, Avg: 0.0, Max: 0.0, Diff: 0.0, Sum: 0.0]
      [Object Copy (ms): Min: 0.9, Avg: 1.0, Max: 1.1, Diff: 0.2, Sum: 4.1]
      [Termination (ms): Min: 0.0, Avg: 0.0, Max: 0.0, Diff: 0.0, Sum: 0.0]
         [Termination Attempts: Min: 1, Avg: 1.0, Max: 1, Diff: 0, Sum: 4]
      [GC Worker Other (ms): Min: 0.0, Avg: 0.0, Max: 0.0, Diff: 0.0, Sum: 0.1]
      [GC Worker Total (ms): Min: 4.7, Avg: 4.7, Max: 4.7, Diff: 0.0, Sum: 18.7]
      [GC Worker End (ms): Min: 1619542.2, Avg: 1619542.2, Max: 1619542.3, Diff: 0.0]
   [Code Root Fixup: 0.0 ms]
   [Code Root Purge: 0.0 ms]
   [Clear CT: 0.1 ms]
   [Other: 1.7 ms]
      [Choose CSet: 0.0 ms]
      [Ref Proc: 1.5 ms]
      [Ref Enq: 0.0 ms]
      [Redirty Cards: 0.1 ms]
      [Humongous Register: 0.0 ms]
      [Humongous Reclaim: 0.0 ms]
      [Free CSet: 0.0 ms]
   [Eden: 79.0M(79.0M)->0.0B(79.0M) Survivors: 1024.0K->1024.0K Heap: 227.5M(256.0M)->148.3M(256.0M)]
 [Times: user=0.02 sys=0.00, real=0.01 secs] 
2020-04-13T16:10:36.596+0800: 1619.544: [GC concurrent-root-region-scan-start]
2020-04-13T16:10:36.600+0800: 1619.548: [GC concurrent-root-region-scan-end, 0.0034556 secs]
2020-04-13T16:10:36.600+0800: 1619.548: [GC concurrent-mark-start]
2020-04-13T16:10:36.626+0800: 1619.574: [GC concurrent-mark-end, 0.0260057 secs]
2020-04-13T16:10:36.626+0800: 1619.574: [GC remark 2020-04-13T16:10:36.626+0800: 1619.574: [Finalize Marking, 0.0001620 secs] 2020-04-13T16:10:36.626+0800: 1619.574: [GC ref-proc, 0.0000703 secs] 2020-04-13T16:10:36.626+0800: 1619.574: [Unloading, 0.0045499 secs], 0.0071461 secs]
 [Times: user=0.01 sys=0.00, real=0.01 secs] 
2020-04-13T16:10:36.633+0800: 1619.582: [GC cleanup 149M->149M(256M), 0.0009440 secs]
 [Times: user=0.00 sys=0.00, real=0.00 secs] 
2020-04-13T16:10:38.288+0800: 1621.236: [GC pause (G1 Evacuation Pause) (young), 0.0063202 secs]
   [Parallel Time: 5.5 ms, GC Workers: 4]
      [GC Worker Start (ms): Min: 1621236.0, Avg: 1621236.0, Max: 1621236.0, Diff: 0.0]
      [Ext Root Scanning (ms): Min: 0.3, Avg: 0.4, Max: 0.5, Diff: 0.2, Sum: 1.5]
      [Update RS (ms): Min: 1.3, Avg: 2.4, Max: 4.9, Diff: 3.6, Sum: 9.5]
         [Processed Buffers: Min: 3, Avg: 7.8, Max: 13, Diff: 10, Sum: 31]
      [Scan RS (ms): Min: 0.0, Avg: 0.7, Max: 1.1, Diff: 1.0, Sum: 2.7]
      [Code Root Scanning (ms): Min: 0.0, Avg: 0.0, Max: 0.0, Diff: 0.0, Sum: 0.0]
      [Object Copy (ms): Min: 0.0, Avg: 1.4, Max: 2.4, Diff: 2.4, Sum: 5.5]
      [Termination (ms): Min: 0.0, Avg: 0.6, Max: 1.3, Diff: 1.3, Sum: 2.3]
         [Termination Attempts: Min: 1, Avg: 10.0, Max: 37, Diff: 36, Sum: 40]
      [GC Worker Other (ms): Min: 0.0, Avg: 0.0, Max: 0.0, Diff: 0.0, Sum: 0.0]
      [GC Worker Total (ms): Min: 5.3, Avg: 5.4, Max: 5.4, Diff: 0.1, Sum: 21.5]
      [GC Worker End (ms): Min: 1621241.4, Avg: 1621241.4, Max: 1621241.5, Diff: 0.1]
   [Code Root Fixup: 0.0 ms]
   [Code Root Purge: 0.0 ms]
   [Clear CT: 0.1 ms]
   [Other: 0.8 ms]
      [Choose CSet: 0.0 ms]
      [Ref Proc: 0.5 ms]
      [Ref Enq: 0.0 ms]
      [Redirty Cards: 0.1 ms]
      [Humongous Register: 0.0 ms]
      [Humongous Reclaim: 0.0 ms]
      [Free CSet: 0.0 ms]
   [Eden: 79.0M(79.0M)->0.0B(79.0M) Survivors: 1024.0K->1024.0K Heap: 227.3M(256.0M)->148.5M(256.0M)]
 [Times: user=0.01 sys=0.00, real=0.01 secs] 
2020-04-13T16:10:39.700+0800: 1622.649: [GC pause (G1 Evacuation Pause) (young), 0.0048914 secs]
   [Parallel Time: 4.4 ms, GC Workers: 4]
      [GC Worker Start (ms): Min: 1622648.7, Avg: 1622648.7, Max: 1622648.7, Diff: 0.0]
      [Ext Root Scanning (ms): Min: 0.5, Avg: 0.7, Max: 0.9, Diff: 0.4, Sum: 2.7]
      [Update RS (ms): Min: 1.1, Avg: 1.4, Max: 1.6, Diff: 0.5, Sum: 5.5]
         [Processed Buffers: Min: 4, Avg: 7.5, Max: 11, Diff: 7, Sum: 30]
      [Scan RS (ms): Min: 1.1, Avg: 1.2, Max: 1.4, Diff: 0.3, Sum: 5.0]
      [Code Root Scanning (ms): Min: 0.0, Avg: 0.0, Max: 0.0, Diff: 0.0, Sum: 0.0]
      [Object Copy (ms): Min: 0.9, Avg: 1.0, Max: 1.1, Diff: 0.2, Sum: 4.0]
      [Termination (ms): Min: 0.0, Avg: 0.0, Max: 0.0, Diff: 0.0, Sum: 0.0]
         [Termination Attempts: Min: 1, Avg: 1.0, Max: 1, Diff: 0, Sum: 4]
      [GC Worker Other (ms): Min: 0.0, Avg: 0.0, Max: 0.0, Diff: 0.0, Sum: 0.0]
      [GC Worker Total (ms): Min: 4.3, Avg: 4.3, Max: 4.3, Diff: 0.0, Sum: 17.2]
      [GC Worker End (ms): Min: 1622653.0, Avg: 1622653.0, Max: 1622653.0, Diff: 0.0]
   [Code Root Fixup: 0.0 ms]
   [Code Root Purge: 0.0 ms]
   [Clear CT: 0.1 ms]
   [Other: 0.4 ms]
      [Choose CSet: 0.0 ms]
      [Ref Proc: 0.2 ms]
      [Ref Enq: 0.0 ms]
      [Redirty Cards: 0.1 ms]
      [Humongous Register: 0.0 ms]
      [Humongous Reclaim: 0.0 ms]
      [Free CSet: 0.0 ms]
   [Eden: 79.0M(79.0M)->0.0B(79.0M) Survivors: 1024.0K->1024.0K Heap: 227.5M(256.0M)->148.7M(256.0M)]
 [Times: user=0.02 sys=0.01, real=0.00 secs] 
2020-04-13T16:10:41.262+0800: 1624.210: [GC pause (G1 Evacuation Pause) (young) (initial-mark), 0.0049096 secs]
   [Parallel Time: 4.0 ms, GC Workers: 4]
      [GC Worker Start (ms): Min: 1624209.8, Avg: 1624210.0, Max: 1624210.5, Diff: 0.7]
      [Ext Root Scanning (ms): Min: 0.0, Avg: 0.5, Max: 0.7, Diff: 0.7, Sum: 2.0]
      [Update RS (ms): Min: 1.2, Avg: 1.3, Max: 1.6, Diff: 0.4, Sum: 5.3]
         [Processed Buffers: Min: 4, Avg: 8.0, Max: 13, Diff: 9, Sum: 32]
      [Scan RS (ms): Min: 0.7, Avg: 0.9, Max: 1.1, Diff: 0.4, Sum: 3.7]
      [Code Root Scanning (ms): Min: 0.0, Avg: 0.0, Max: 0.0, Diff: 0.0, Sum: 0.0]
      [Object Copy (ms): Min: 0.9, Avg: 0.9, Max: 1.0, Diff: 0.1, Sum: 3.7]
      [Termination (ms): Min: 0.0, Avg: 0.0, Max: 0.0, Diff: 0.0, Sum: 0.0]
         [Termination Attempts: Min: 1, Avg: 1.0, Max: 1, Diff: 0, Sum: 4]
      [GC Worker Other (ms): Min: 0.0, Avg: 0.0, Max: 0.1, Diff: 0.0, Sum: 0.1]
      [GC Worker Total (ms): Min: 3.2, Avg: 3.7, Max: 3.9, Diff: 0.7, Sum: 14.9]
      [GC Worker End (ms): Min: 1624213.7, Avg: 1624213.7, Max: 1624213.7, Diff: 0.0]
   [Code Root Fixup: 0.0 ms]
   [Code Root Purge: 0.0 ms]
   [Clear CT: 0.1 ms]
   [Other: 0.8 ms]
      [Choose CSet: 0.0 ms]
      [Ref Proc: 0.6 ms]
      [Ref Enq: 0.0 ms]
      [Redirty Cards: 0.1 ms]
      [Humongous Register: 0.0 ms]
      [Humongous Reclaim: 0.0 ms]
      [Free CSet: 0.0 ms]
   [Eden: 79.0M(79.0M)->0.0B(79.0M) Survivors: 1024.0K->1024.0K Heap: 227.7M(256.0M)->148.5M(256.0M)]
 [Times: user=0.02 sys=0.00, real=0.00 secs] 
2020-04-13T16:10:41.267+0800: 1624.215: [GC concurrent-root-region-scan-start]
2020-04-13T16:10:41.270+0800: 1624.218: [GC concurrent-root-region-scan-end, 0.0027943 secs]
2020-04-13T16:10:41.270+0800: 1624.218: [GC concurrent-mark-start]
2020-04-13T16:10:41.297+0800: 1624.245: [GC concurrent-mark-end, 0.0273368 secs]
2020-04-13T16:10:41.297+0800: 1624.245: [GC remark 2020-04-13T16:10:41.297+0800: 1624.245: [Finalize Marking, 0.0001528 secs] 2020-04-13T16:10:41.297+0800: 1624.245: [GC ref-proc, 0.0000874 secs] 2020-04-13T16:10:41.297+0800: 1624.246: [Unloading, 0.0050000 secs], 0.0069774 secs]
 [Times: user=0.01 sys=0.00, real=0.01 secs] 
2020-04-13T16:10:41.304+0800: 1624.253: [GC cleanup 150M->150M(256M), 0.0005579 secs]
 [Times: user=0.00 sys=0.00, real=0.00 secs] 
2020-04-13T16:10:43.209+0800: 1626.158: [GC pause (G1 Evacuation Pause) (young), 0.0064259 secs]
   [Parallel Time: 5.8 ms, GC Workers: 4]
      [GC Worker Start (ms): Min: 1626157.7, Avg: 1626157.7, Max: 1626157.7, Diff: 0.0]
      [Ext Root Scanning (ms): Min: 0.4, Avg: 0.4, Max: 0.6, Diff: 0.2, Sum: 1.7]
      [Update RS (ms): Min: 1.2, Avg: 1.2, Max: 1.4, Diff: 0.3, Sum: 5.0]
         [Processed Buffers: Min: 5, Avg: 8.5, Max: 14, Diff: 9, Sum: 34]
      [Scan RS (ms): Min: 1.2, Avg: 1.9, Max: 3.4, Diff: 2.2, Sum: 7.6]
      [Code Root Scanning (ms): Min: 0.0, Avg: 0.0, Max: 0.0, Diff: 0.0, Sum: 0.0]
      [Object Copy (ms): Min: 0.0, Avg: 1.1, Max: 1.4, Diff: 1.4, Sum: 4.3]
      [Termination (ms): Min: 0.0, Avg: 0.8, Max: 1.3, Diff: 1.3, Sum: 3.3]
         [Termination Attempts: Min: 1, Avg: 1.2, Max: 2, Diff: 1, Sum: 5]
      [GC Worker Other (ms): Min: 0.0, Avg: 0.0, Max: 0.0, Diff: 0.0, Sum: 0.0]
      [GC Worker Total (ms): Min: 5.3, Avg: 5.5, Max: 5.7, Diff: 0.5, Sum: 21.8]
      [GC Worker End (ms): Min: 1626162.9, Avg: 1626163.2, Max: 1626163.4, Diff: 0.5]
   [Code Root Fixup: 0.0 ms]
   [Code Root Purge: 0.0 ms]
   [Clear CT: 0.1 ms]
   [Other: 0.6 ms]
      [Choose CSet: 0.0 ms]
      [Ref Proc: 0.3 ms]
      [Ref Enq: 0.0 ms]
      [Redirty Cards: 0.1 ms]
      [Humongous Register: 0.0 ms]
      [Humongous Reclaim: 0.0 ms]
      [Free CSet: 0.0 ms]
   [Eden: 79.0M(79.0M)->0.0B(79.0M) Survivors: 1024.0K->1024.0K Heap: 227.5M(256.0M)->148.6M(256.0M)]
 [Times: user=0.02 sys=0.00, real=0.01 secs] 
2020-04-13T16:10:44.669+0800: 1627.617: [GC pause (G1 Evacuation Pause) (young), 0.0053524 secs]
   [Parallel Time: 4.8 ms, GC Workers: 4]
      [GC Worker Start (ms): Min: 1627616.8, Avg: 1627616.8, Max: 1627616.8, Diff: 0.0]
      [Ext Root Scanning (ms): Min: 0.3, Avg: 0.4, Max: 0.5, Diff: 0.2, Sum: 1.5]
      [Update RS (ms): Min: 1.2, Avg: 1.3, Max: 1.5, Diff: 0.3, Sum: 5.3]
         [Processed Buffers: Min: 3, Avg: 8.5, Max: 13, Diff: 10, Sum: 34]
      [Scan RS (ms): Min: 0.8, Avg: 1.0, Max: 1.4, Diff: 0.6, Sum: 4.0]
      [Code Root Scanning (ms): Min: 0.0, Avg: 0.0, Max: 0.0, Diff: 0.0, Sum: 0.0]
      [Object Copy (ms): Min: 1.7, Avg: 2.0, Max: 2.1, Diff: 0.4, Sum: 7.8]
      [Termination (ms): Min: 0.0, Avg: 0.0, Max: 0.0, Diff: 0.0, Sum: 0.0]
         [Termination Attempts: Min: 1, Avg: 1.0, Max: 1, Diff: 0, Sum: 4]
      [GC Worker Other (ms): Min: 0.0, Avg: 0.0, Max: 0.0, Diff: 0.0, Sum: 0.1]
      [GC Worker Total (ms): Min: 4.7, Avg: 4.7, Max: 4.7, Diff: 0.0, Sum: 18.8]
      [GC Worker End (ms): Min: 1627621.5, Avg: 1627621.5, Max: 1627621.5, Diff: 0.0]
   [Code Root Fixup: 0.0 ms]
   [Code Root Purge: 0.0 ms]
   [Clear CT: 0.1 ms]
   [Other: 0.5 ms]
      [Choose CSet: 0.0 ms]
      [Ref Proc: 0.3 ms]
      [Ref Enq: 0.0 ms]
      [Redirty Cards: 0.0 ms]
      [Humongous Register: 0.0 ms]
      [Humongous Reclaim: 0.0 ms]
      [Free CSet: 0.0 ms]
   [Eden: 79.0M(79.0M)->0.0B(79.0M) Survivors: 1024.0K->1024.0K Heap: 227.6M(256.0M)->148.6M(256.0M)]
 [Times: user=0.02 sys=0.00, real=0.01 secs] 
2020-04-13T16:10:47.033+0800: 1629.981: [GC pause (G1 Evacuation Pause) (young) (initial-mark), 0.0126288 secs]
   [Parallel Time: 11.7 ms, GC Workers: 4]
      [GC Worker Start (ms): Min: 1629981.4, Avg: 1629981.4, Max: 1629981.5, Diff: 0.1]
      [Ext Root Scanning (ms): Min: 0.8, Avg: 0.9, Max: 1.1, Diff: 0.3, Sum: 3.8]
      [Update RS (ms): Min: 2.0, Avg: 3.7, Max: 8.2, Diff: 6.2, Sum: 14.6]
         [Processed Buffers: Min: 3, Avg: 8.8, Max: 14, Diff: 11, Sum: 35]
      [Scan RS (ms): Min: 0.0, Avg: 1.0, Max: 1.9, Diff: 1.9, Sum: 3.9]
      [Code Root Scanning (ms): Min: 0.0, Avg: 0.0, Max: 0.0, Diff: 0.0, Sum: 0.0]
      [Object Copy (ms): Min: 0.5, Avg: 4.4, Max: 6.6, Diff: 6.1, Sum: 17.5]
      [Termination (ms): Min: 0.0, Avg: 1.2, Max: 1.9, Diff: 1.9, Sum: 4.7]
         [Termination Attempts: Min: 1, Avg: 1.0, Max: 1, Diff: 0, Sum: 4]
      [GC Worker Other (ms): Min: 0.0, Avg: 0.0, Max: 0.0, Diff: 0.0, Sum: 0.0]
      [GC Worker Total (ms): Min: 10.6, Avg: 11.1, Max: 11.6, Diff: 1.0, Sum: 44.5]
      [GC Worker End (ms): Min: 1629992.1, Avg: 1629992.6, Max: 1629993.0, Diff: 1.0]
   [Code Root Fixup: 0.0 ms]
   [Code Root Purge: 0.0 ms]
   [Clear CT: 0.1 ms]
   [Other: 0.8 ms]
      [Choose CSet: 0.0 ms]
      [Ref Proc: 0.5 ms]
      [Ref Enq: 0.0 ms]
      [Redirty Cards: 0.1 ms]
      [Humongous Register: 0.0 ms]
      [Humongous Reclaim: 0.0 ms]
      [Free CSet: 0.1 ms]
   [Eden: 79.0M(79.0M)->0.0B(79.0M) Survivors: 1024.0K->1024.0K Heap: 227.6M(256.0M)->148.8M(256.0M)]
 [Times: user=0.02 sys=0.01, real=0.01 secs] 
2020-04-13T16:10:47.046+0800: 1629.994: [GC concurrent-root-region-scan-start]
2020-04-13T16:10:47.050+0800: 1629.998: [GC concurrent-root-region-scan-end, 0.0034157 secs]
2020-04-13T16:10:47.050+0800: 1629.998: [GC concurrent-mark-start]
2020-04-13T16:10:47.084+0800: 1630.032: [GC concurrent-mark-end, 0.0343823 secs]
2020-04-13T16:10:47.085+0800: 1630.033: [GC remark 2020-04-13T16:10:47.085+0800: 1630.033: [Finalize Marking, 0.0056079 secs] 2020-04-13T16:10:47.091+0800: 1630.039: [GC ref-proc, 0.0001220 secs] 2020-04-13T16:10:47.091+0800: 1630.039: [Unloading, 0.0054454 secs], 0.0132745 secs]
 [Times: user=0.03 sys=0.00, real=0.01 secs] 
2020-04-13T16:10:47.099+0800: 1630.047: [GC cleanup 150M->150M(256M), 0.0006791 secs]
 [Times: user=0.00 sys=0.00, real=0.01 secs] 
2020-04-13T16:10:48.796+0800: 1631.745: [GC pause (G1 Evacuation Pause) (young), 0.0067354 secs]
   [Parallel Time: 6.2 ms, GC Workers: 4]
      [GC Worker Start (ms): Min: 1631744.6, Avg: 1631744.8, Max: 1631745.0, Diff: 0.4]
      [Ext Root Scanning (ms): Min: 0.2, Avg: 0.4, Max: 0.6, Diff: 0.4, Sum: 1.5]
      [Update RS (ms): Min: 1.2, Avg: 1.4, Max: 1.5, Diff: 0.2, Sum: 5.4]
         [Processed Buffers: Min: 5, Avg: 7.2, Max: 9, Diff: 4, Sum: 29]
      [Scan RS (ms): Min: 0.8, Avg: 0.9, Max: 1.1, Diff: 0.3, Sum: 3.6]
      [Code Root Scanning (ms): Min: 0.0, Avg: 0.0, Max: 0.0, Diff: 0.0, Sum: 0.0]
      [Object Copy (ms): Min: 1.7, Avg: 2.1, Max: 2.6, Diff: 0.9, Sum: 8.5]
      [Termination (ms): Min: 0.0, Avg: 0.7, Max: 1.6, Diff: 1.6, Sum: 2.6]
         [Termination Attempts: Min: 1, Avg: 1.0, Max: 1, Diff: 0, Sum: 4]
      [GC Worker Other (ms): Min: 0.0, Avg: 0.0, Max: 0.0, Diff: 0.0, Sum: 0.0]
      [GC Worker Total (ms): Min: 5.2, Avg: 5.4, Max: 5.8, Diff: 0.6, Sum: 21.7]
      [GC Worker End (ms): Min: 1631750.0, Avg: 1631750.2, Max: 1631750.8, Diff: 0.8]
   [Code Root Fixup: 0.0 ms]
   [Code Root Purge: 0.0 ms]
   [Clear CT: 0.0 ms]
   [Other: 0.5 ms]
      [Choose CSet: 0.0 ms]
      [Ref Proc: 0.3 ms]
      [Ref Enq: 0.0 ms]
      [Redirty Cards: 0.1 ms]
      [Humongous Register: 0.0 ms]
      [Humongous Reclaim: 0.0 ms]
      [Free CSet: 0.0 ms]
   [Eden: 79.0M(79.0M)->0.0B(78.0M) Survivors: 1024.0K->1024.0K Heap: 227.8M(256.0M)->148.7M(256.0M)]
 [Times: user=0.02 sys=0.00, real=0.01 secs] 
2020-04-13T16:10:50.230+0800: 1633.178: [GC pause (G1 Evacuation Pause) (young), 0.0085014 secs]
   [Parallel Time: 8.0 ms, GC Workers: 4]
      [GC Worker Start (ms): Min: 1633178.5, Avg: 1633178.9, Max: 1633180.0, Diff: 1.5]
      [Ext Root Scanning (ms): Min: 0.0, Avg: 0.4, Max: 0.6, Diff: 0.6, Sum: 1.7]
      [Update RS (ms): Min: 2.6, Avg: 4.3, Max: 6.8, Diff: 4.1, Sum: 17.1]
         [Processed Buffers: Min: 3, Avg: 8.5, Max: 22, Diff: 19, Sum: 34]
      [Scan RS (ms): Min: 0.0, Avg: 0.6, Max: 1.2, Diff: 1.2, Sum: 2.5]
      [Code Root Scanning (ms): Min: 0.0, Avg: 0.0, Max: 0.0, Diff: 0.0, Sum: 0.0]
      [Object Copy (ms): Min: 0.0, Avg: 1.1, Max: 1.6, Diff: 1.5, Sum: 4.5]
      [Termination (ms): Min: 0.0, Avg: 0.6, Max: 1.3, Diff: 1.3, Sum: 2.6]
         [Termination Attempts: Min: 1, Avg: 7.5, Max: 14, Diff: 13, Sum: 30]
      [GC Worker Other (ms): Min: 0.0, Avg: 0.0, Max: 0.0, Diff: 0.0, Sum: 0.1]
      [GC Worker Total (ms): Min: 5.8, Avg: 7.1, Max: 7.9, Diff: 2.0, Sum: 28.5]
      [GC Worker End (ms): Min: 1633185.9, Avg: 1633186.0, Max: 1633186.5, Diff: 0.6]
   [Code Root Fixup: 0.0 ms]
   [Code Root Purge: 0.0 ms]
   [Clear CT: 0.1 ms]
   [Other: 0.4 ms]
      [Choose CSet: 0.0 ms]
      [Ref Proc: 0.2 ms]
      [Ref Enq: 0.0 ms]
      [Redirty Cards: 0.1 ms]
      [Humongous Register: 0.0 ms]
      [Humongous Reclaim: 0.0 ms]
      [Free CSet: 0.0 ms]
   [Eden: 78.0M(78.0M)->0.0B(78.0M) Survivors: 1024.0K->1024.0K Heap: 226.7M(256.0M)->148.8M(256.0M)]
 [Times: user=0.02 sys=0.00, real=0.00 secs] 
2020-04-13T16:10:51.690+0800: 1634.638: [GC pause (G1 Evacuation Pause) (young) (initial-mark), 0.0078953 secs]
   [Parallel Time: 6.3 ms, GC Workers: 4]
      [GC Worker Start (ms): Min: 1634637.6, Avg: 1634637.7, Max: 1634637.7, Diff: 0.0]
      [Ext Root Scanning (ms): Min: 0.6, Avg: 0.6, Max: 0.6, Diff: 0.1, Sum: 2.4]
      [Update RS (ms): Min: 1.1, Avg: 1.3, Max: 1.5, Diff: 0.4, Sum: 5.2]
         [Processed Buffers: Min: 3, Avg: 7.0, Max: 11, Diff: 8, Sum: 28]
      [Scan RS (ms): Min: 1.3, Avg: 2.1, Max: 4.0, Diff: 2.7, Sum: 8.4]
      [Code Root Scanning (ms): Min: 0.0, Avg: 0.0, Max: 0.0, Diff: 0.0, Sum: 0.0]
      [Object Copy (ms): Min: 0.1, Avg: 1.2, Max: 1.7, Diff: 1.6, Sum: 5.0]
      [Termination (ms): Min: 0.0, Avg: 0.8, Max: 1.2, Diff: 1.2, Sum: 3.1]
         [Termination Attempts: Min: 1, Avg: 1.2, Max: 2, Diff: 1, Sum: 5]
      [GC Worker Other (ms): Min: 0.0, Avg: 0.0, Max: 0.0, Diff: 0.0, Sum: 0.1]
      [GC Worker Total (ms): Min: 5.8, Avg: 6.0, Max: 6.2, Diff: 0.4, Sum: 24.2]
      [GC Worker End (ms): Min: 1634643.5, Avg: 1634643.7, Max: 1634643.9, Diff: 0.3]
   [Code Root Fixup: 0.1 ms]
   [Code Root Purge: 0.0 ms]
   [Clear CT: 0.1 ms]
   [Other: 1.5 ms]
      [Choose CSet: 0.0 ms]
      [Ref Proc: 0.9 ms]
      [Ref Enq: 0.0 ms]
      [Redirty Cards: 0.3 ms]
      [Humongous Register: 0.0 ms]
      [Humongous Reclaim: 0.0 ms]
      [Free CSet: 0.0 ms]
   [Eden: 78.0M(78.0M)->0.0B(78.0M) Survivors: 1024.0K->1024.0K Heap: 226.8M(256.0M)->148.9M(256.0M)]
 [Times: user=0.02 sys=0.00, real=0.00 secs] 
2020-04-13T16:10:51.698+0800: 1634.646: [GC concurrent-root-region-scan-start]
2020-04-13T16:10:51.701+0800: 1634.649: [GC concurrent-root-region-scan-end, 0.0032063 secs]
2020-04-13T16:10:51.701+0800: 1634.649: [GC concurrent-mark-start]
2020-04-13T16:10:51.726+0800: 1634.674: [GC concurrent-mark-end, 0.0249845 secs]
2020-04-13T16:10:51.726+0800: 1634.674: [GC remark 2020-04-13T16:10:51.726+0800: 1634.674: [Finalize Marking, 0.0017259 secs] 2020-04-13T16:10:51.728+0800: 1634.676: [GC ref-proc, 0.0000960 secs] 2020-04-13T16:10:51.728+0800: 1634.676: [Unloading, 0.0048467 secs], 0.0083075 secs]
 [Times: user=0.02 sys=0.00, real=0.01 secs] 
2020-04-13T16:10:51.735+0800: 1634.683: [GC cleanup 150M->150M(256M), 0.0003404 secs]
 [Times: user=0.00 sys=0.00, real=0.00 secs] 
2020-04-13T16:10:53.228+0800: 1636.176: [GC pause (G1 Evacuation Pause) (young), 0.0062174 secs]
   [Parallel Time: 5.4 ms, GC Workers: 4]
      [GC Worker Start (ms): Min: 1636175.8, Avg: 1636175.8, Max: 1636175.8, Diff: 0.0]
      [Ext Root Scanning (ms): Min: 0.3, Avg: 0.4, Max: 0.5, Diff: 0.2, Sum: 1.5]
      [Update RS (ms): Min: 1.2, Avg: 1.3, Max: 1.5, Diff: 0.2, Sum: 5.4]
         [Processed Buffers: Min: 3, Avg: 8.0, Max: 15, Diff: 12, Sum: 32]
      [Scan RS (ms): Min: 1.0, Avg: 1.7, Max: 3.7, Diff: 2.8, Sum: 6.9]
      [Code Root Scanning (ms): Min: 0.0, Avg: 0.0, Max: 0.0, Diff: 0.0, Sum: 0.0]
      [Object Copy (ms): Min: 0.0, Avg: 1.4, Max: 1.9, Diff: 1.9, Sum: 5.5]
      [Termination (ms): Min: 0.0, Avg: 0.6, Max: 0.8, Diff: 0.8, Sum: 2.2]
         [Termination Attempts: Min: 1, Avg: 5.8, Max: 19, Diff: 18, Sum: 23]
      [GC Worker Other (ms): Min: 0.0, Avg: 0.0, Max: 0.0, Diff: 0.0, Sum: 0.0]
      [GC Worker Total (ms): Min: 5.3, Avg: 5.4, Max: 5.4, Diff: 0.1, Sum: 21.5]
      [GC Worker End (ms): Min: 1636181.2, Avg: 1636181.2, Max: 1636181.2, Diff: 0.0]
   [Code Root Fixup: 0.0 ms]
   [Code Root Purge: 0.0 ms]
   [Clear CT: 0.1 ms]
   [Other: 0.7 ms]
      [Choose CSet: 0.0 ms]
      [Ref Proc: 0.5 ms]
      [Ref Enq: 0.0 ms]
      [Redirty Cards: 0.1 ms]
      [Humongous Register: 0.0 ms]
      [Humongous Reclaim: 0.0 ms]
      [Free CSet: 0.0 ms]
   [Eden: 78.0M(78.0M)->0.0B(11.0M) Survivors: 1024.0K->1024.0K Heap: 226.9M(256.0M)->148.8M(256.0M)]
 [Times: user=0.02 sys=0.00, real=0.01 secs] 
2020-04-13T16:10:53.421+0800: 1636.369: [GC pause (G1 Evacuation Pause) (mixed), 0.0070712 secs]
   [Parallel Time: 6.6 ms, GC Workers: 4]
      [GC Worker Start (ms): Min: 1636368.8, Avg: 1636368.9, Max: 1636369.0, Diff: 0.2]
      [Ext Root Scanning (ms): Min: 0.4, Avg: 0.5, Max: 0.8, Diff: 0.4, Sum: 2.1]
      [Update RS (ms): Min: 1.6, Avg: 2.2, Max: 3.6, Diff: 2.0, Sum: 8.8]
         [Processed Buffers: Min: 0, Avg: 5.8, Max: 11, Diff: 11, Sum: 23]
      [Scan RS (ms): Min: 0.2, Avg: 1.6, Max: 2.1, Diff: 1.9, Sum: 6.5]
      [Code Root Scanning (ms): Min: 0.0, Avg: 0.0, Max: 0.1, Diff: 0.1, Sum: 0.1]
      [Object Copy (ms): Min: 1.1, Avg: 1.3, Max: 1.8, Diff: 0.7, Sum: 5.3]
      [Termination (ms): Min: 0.0, Avg: 0.7, Max: 0.9, Diff: 0.9, Sum: 2.6]
         [Termination Attempts: Min: 1, Avg: 1.0, Max: 1, Diff: 0, Sum: 4]
      [GC Worker Other (ms): Min: 0.0, Avg: 0.0, Max: 0.0, Diff: 0.0, Sum: 0.0]
      [GC Worker Total (ms): Min: 6.1, Avg: 6.4, Max: 6.6, Diff: 0.5, Sum: 25.4]
      [GC Worker End (ms): Min: 1636375.1, Avg: 1636375.2, Max: 1636375.3, Diff: 0.3]
   [Code Root Fixup: 0.0 ms]
   [Code Root Purge: 0.0 ms]
   [Clear CT: 0.1 ms]
   [Other: 0.4 ms]
      [Choose CSet: 0.0 ms]
      [Ref Proc: 0.2 ms]
      [Ref Enq: 0.0 ms]
      [Redirty Cards: 0.1 ms]
      [Humongous Register: 0.0 ms]
      [Humongous Reclaim: 0.0 ms]
      [Free CSet: 0.0 ms]
   [Eden: 11.0M(11.0M)->0.0B(79.0M) Survivors: 1024.0K->1024.0K Heap: 159.8M(256.0M)->148.0M(256.0M)]
 [Times: user=0.02 sys=0.00, real=0.00 secs] 
2020-04-13T16:10:54.816+0800: 1637.764: [GC pause (G1 Evacuation Pause) (young), 0.0057436 secs]
   [Parallel Time: 4.8 ms, GC Workers: 4]
      [GC Worker Start (ms): Min: 1637763.7, Avg: 1637763.7, Max: 1637763.7, Diff: 0.0]
      [Ext Root Scanning (ms): Min: 0.3, Avg: 0.4, Max: 0.5, Diff: 0.2, Sum: 1.5]
      [Update RS (ms): Min: 1.2, Avg: 1.3, Max: 1.5, Diff: 0.3, Sum: 5.4]
         [Processed Buffers: Min: 4, Avg: 8.2, Max: 12, Diff: 8, Sum: 33]
      [Scan RS (ms): Min: 0.8, Avg: 1.0, Max: 1.2, Diff: 0.4, Sum: 3.8]
      [Code Root Scanning (ms): Min: 0.0, Avg: 0.0, Max: 0.0, Diff: 0.0, Sum: 0.0]
      [Object Copy (ms): Min: 1.4, Avg: 1.6, Max: 1.8, Diff: 0.4, Sum: 6.4]
      [Termination (ms): Min: 0.0, Avg: 0.4, Max: 0.6, Diff: 0.6, Sum: 1.4]
         [Termination Attempts: Min: 1, Avg: 1.2, Max: 2, Diff: 1, Sum: 5]
      [GC Worker Other (ms): Min: 0.0, Avg: 0.0, Max: 0.0, Diff: 0.0, Sum: 0.0]
      [GC Worker Total (ms): Min: 4.6, Avg: 4.6, Max: 4.8, Diff: 0.2, Sum: 18.6]
      [GC Worker End (ms): Min: 1637768.2, Avg: 1637768.3, Max: 1637768.5, Diff: 0.2]
   [Code Root Fixup: 0.0 ms]
   [Code Root Purge: 0.0 ms]
   [Clear CT: 0.1 ms]
   [Other: 0.8 ms]
      [Choose CSet: 0.0 ms]
      [Ref Proc: 0.4 ms]
      [Ref Enq: 0.0 ms]
      [Redirty Cards: 0.1 ms]
      [Humongous Register: 0.0 ms]
      [Humongous Reclaim: 0.0 ms]
      [Free CSet: 0.0 ms]
   [Eden: 79.0M(79.0M)->0.0B(79.0M) Survivors: 1024.0K->1024.0K Heap: 227.0M(256.0M)->147.9M(256.0M)]
 [Times: user=0.02 sys=0.00, real=0.01 secs] 
2020-04-13T16:10:56.276+0800: 1639.224: [GC pause (G1 Evacuation Pause) (young) (initial-mark), 0.0044071 secs]
   [Parallel Time: 4.0 ms, GC Workers: 4]
      [GC Worker Start (ms): Min: 1639224.4, Avg: 1639224.4, Max: 1639224.4, Diff: 0.0]
      [Ext Root Scanning (ms): Min: 0.6, Avg: 0.6, Max: 0.7, Diff: 0.1, Sum: 2.5]
      [Update RS (ms): Min: 1.2, Avg: 1.4, Max: 1.6, Diff: 0.4, Sum: 5.7]
         [Processed Buffers: Min: 4, Avg: 8.0, Max: 14, Diff: 10, Sum: 32]
      [Scan RS (ms): Min: 0.7, Avg: 0.9, Max: 1.1, Diff: 0.4, Sum: 3.7]
      [Code Root Scanning (ms): Min: 0.0, Avg: 0.0, Max: 0.0, Diff: 0.0, Sum: 0.0]
      [Object Copy (ms): Min: 0.9, Avg: 1.0, Max: 1.0, Diff: 0.1, Sum: 3.9]
      [Termination (ms): Min: 0.0, Avg: 0.0, Max: 0.0, Diff: 0.0, Sum: 0.0]
         [Termination Attempts: Min: 1, Avg: 1.2, Max: 2, Diff: 1, Sum: 5]
      [GC Worker Other (ms): Min: 0.0, Avg: 0.0, Max: 0.0, Diff: 0.0, Sum: 0.1]
      [GC Worker Total (ms): Min: 4.0, Avg: 4.0, Max: 4.0, Diff: 0.0, Sum: 15.9]
      [GC Worker End (ms): Min: 1639228.4, Avg: 1639228.4, Max: 1639228.4, Diff: 0.0]
   [Code Root Fixup: 0.0 ms]
   [Code Root Purge: 0.0 ms]
   [Clear CT: 0.0 ms]
   [Other: 0.3 ms]
      [Choose CSet: 0.0 ms]
      [Ref Proc: 0.1 ms]
      [Ref Enq: 0.0 ms]
      [Redirty Cards: 0.1 ms]
      [Humongous Register: 0.0 ms]
      [Humongous Reclaim: 0.0 ms]
      [Free CSet: 0.0 ms]
   [Eden: 79.0M(79.0M)->0.0B(79.0M) Survivors: 1024.0K->1024.0K Heap: 226.9M(256.0M)->148.2M(256.0M)]
 [Times: user=0.01 sys=0.00, real=0.01 secs] 
2020-04-13T16:10:56.281+0800: 1639.229: [GC concurrent-root-region-scan-start]
2020-04-13T16:10:56.284+0800: 1639.232: [GC concurrent-root-region-scan-end, 0.0032458 secs]
2020-04-13T16:10:56.284+0800: 1639.232: [GC concurrent-mark-start]
2020-04-13T16:10:56.312+0800: 1639.260: [GC concurrent-mark-end, 0.0275106 secs]
2020-04-13T16:10:56.312+0800: 1639.260: [GC remark 2020-04-13T16:10:56.312+0800: 1639.260: [Finalize Marking, 0.0022996 secs] 2020-04-13T16:10:56.315+0800: 1639.263: [GC ref-proc, 0.0000952 secs] 2020-04-13T16:10:56.315+0800: 1639.263: [Unloading, 0.0057609 secs], 0.0115357 secs]
 [Times: user=0.02 sys=0.00, real=0.01 secs] 
2020-04-13T16:10:56.325+0800: 1639.273: [GC cleanup 149M->149M(256M), 0.0004759 secs]
 [Times: user=0.00 sys=0.00, real=0.00 secs] 
2020-04-13T16:10:57.892+0800: 1640.840: [GC pause (G1 Evacuation Pause) (young), 0.0055481 secs]
   [Parallel Time: 4.0 ms, GC Workers: 4]
      [GC Worker Start (ms): Min: 1640839.6, Avg: 1640839.6, Max: 1640839.6, Diff: 0.0]
      [Ext Root Scanning (ms): Min: 0.4, Avg: 0.5, Max: 0.8, Diff: 0.5, Sum: 1.9]
      [Update RS (ms): Min: 1.2, Avg: 1.5, Max: 1.9, Diff: 0.7, Sum: 5.9]
         [Processed Buffers: Min: 4, Avg: 8.0, Max: 19, Diff: 15, Sum: 32]
      [Scan RS (ms): Min: 0.6, Avg: 0.8, Max: 1.0, Diff: 0.4, Sum: 3.1]
      [Code Root Scanning (ms): Min: 0.0, Avg: 0.0, Max: 0.0, Diff: 0.0, Sum: 0.0]
      [Object Copy (ms): Min: 0.9, Avg: 1.2, Max: 1.3, Diff: 0.4, Sum: 4.6]
      [Termination (ms): Min: 0.0, Avg: 0.0, Max: 0.0, Diff: 0.0, Sum: 0.0]
         [Termination Attempts: Min: 1, Avg: 1.0, Max: 1, Diff: 0, Sum: 4]
      [GC Worker Other (ms): Min: 0.0, Avg: 0.0, Max: 0.0, Diff: 0.0, Sum: 0.1]
      [GC Worker Total (ms): Min: 3.9, Avg: 3.9, Max: 3.9, Diff: 0.0, Sum: 15.5]
      [GC Worker End (ms): Min: 1640843.5, Avg: 1640843.5, Max: 1640843.5, Diff: 0.0]
   [Code Root Fixup: 0.1 ms]
   [Code Root Purge: 0.0 ms]
   [Clear CT: 0.1 ms]
   [Other: 1.4 ms]
      [Choose CSet: 0.0 ms]
      [Ref Proc: 1.2 ms]
      [Ref Enq: 0.0 ms]
      [Redirty Cards: 0.1 ms]
      [Humongous Register: 0.0 ms]
      [Humongous Reclaim: 0.0 ms]
      [Free CSet: 0.0 ms]
   [Eden: 79.0M(79.0M)->0.0B(79.0M) Survivors: 1024.0K->1024.0K Heap: 227.2M(256.0M)->147.9M(256.0M)]
 [Times: user=0.02 sys=0.00, real=0.00 secs] 
2020-04-13T16:10:59.625+0800: 1642.573: [GC pause (G1 Evacuation Pause) (young), 0.0049345 secs]
   [Parallel Time: 4.5 ms, GC Workers: 4]
      [GC Worker Start (ms): Min: 1642573.2, Avg: 1642573.2, Max: 1642573.2, Diff: 0.0]
      [Ext Root Scanning (ms): Min: 0.3, Avg: 0.4, Max: 0.6, Diff: 0.3, Sum: 1.7]
      [Update RS (ms): Min: 1.4, Avg: 1.5, Max: 1.7, Diff: 0.3, Sum: 6.1]
         [Processed Buffers: Min: 5, Avg: 7.5, Max: 11, Diff: 6, Sum: 30]
      [Scan RS (ms): Min: 0.5, Avg: 0.7, Max: 0.8, Diff: 0.3, Sum: 2.7]
      [Code Root Scanning (ms): Min: 0.0, Avg: 0.0, Max: 0.0, Diff: 0.0, Sum: 0.0]
      [Object Copy (ms): Min: 1.0, Avg: 1.2, Max: 1.6, Diff: 0.7, Sum: 4.8]
      [Termination (ms): Min: 0.0, Avg: 0.5, Max: 0.7, Diff: 0.7, Sum: 1.9]
         [Termination Attempts: Min: 1, Avg: 1.0, Max: 1, Diff: 0, Sum: 4]
      [GC Worker Other (ms): Min: 0.0, Avg: 0.0, Max: 0.0, Diff: 0.0, Sum: 0.0]
      [GC Worker Total (ms): Min: 4.3, Avg: 4.3, Max: 4.4, Diff: 0.1, Sum: 17.3]
      [GC Worker End (ms): Min: 1642577.5, Avg: 1642577.5, Max: 1642577.6, Diff: 0.1]
   [Code Root Fixup: 0.0 ms]
   [Code Root Purge: 0.0 ms]
   [Clear CT: 0.1 ms]
   [Other: 0.3 ms]
      [Choose CSet: 0.0 ms]
      [Ref Proc: 0.1 ms]
      [Ref Enq: 0.0 ms]
      [Redirty Cards: 0.1 ms]
      [Humongous Register: 0.0 ms]
      [Humongous Reclaim: 0.0 ms]
      [Free CSet: 0.0 ms]
   [Eden: 79.0M(79.0M)->0.0B(79.0M) Survivors: 1024.0K->1024.0K Heap: 226.9M(256.0M)->148.2M(256.0M)]
 [Times: user=0.02 sys=0.00, real=0.01 secs] 
2020-04-13T16:11:01.036+0800: 1643.984: [GC pause (G1 Evacuation Pause) (young) (initial-mark), 0.0072830 secs]
   [Parallel Time: 6.4 ms, GC Workers: 4]
      [GC Worker Start (ms): Min: 1643984.1, Avg: 1643984.2, Max: 1643984.2, Diff: 0.0]
      [Ext Root Scanning (ms): Min: 0.6, Avg: 0.6, Max: 0.6, Diff: 0.1, Sum: 2.4]
      [Update RS (ms): Min: 2.2, Avg: 3.0, Max: 4.4, Diff: 2.2, Sum: 12.0]
         [Processed Buffers: Min: 4, Avg: 8.5, Max: 11, Diff: 7, Sum: 34]
      [Scan RS (ms): Min: 0.0, Avg: 0.6, Max: 1.2, Diff: 1.2, Sum: 2.5]
      [Code Root Scanning (ms): Min: 0.0, Avg: 0.0, Max: 0.0, Diff: 0.0, Sum: 0.0]
      [Object Copy (ms): Min: 0.9, Avg: 1.8, Max: 2.2, Diff: 1.4, Sum: 7.2]
      [Termination (ms): Min: 0.0, Avg: 0.2, Max: 0.5, Diff: 0.5, Sum: 0.9]
         [Termination Attempts: Min: 1, Avg: 1.0, Max: 1, Diff: 0, Sum: 4]
      [GC Worker Other (ms): Min: 0.0, Avg: 0.0, Max: 0.0, Diff: 0.0, Sum: 0.1]
      [GC Worker Total (ms): Min: 6.3, Avg: 6.3, Max: 6.3, Diff: 0.1, Sum: 25.1]
      [GC Worker End (ms): Min: 1643990.4, Avg: 1643990.4, Max: 1643990.5, Diff: 0.1]
   [Code Root Fixup: 0.0 ms]
   [Code Root Purge: 0.0 ms]
   [Clear CT: 0.0 ms]
   [Other: 0.8 ms]
      [Choose CSet: 0.0 ms]
      [Ref Proc: 0.6 ms]
      [Ref Enq: 0.0 ms]
      [Redirty Cards: 0.0 ms]
      [Humongous Register: 0.0 ms]
      [Humongous Reclaim: 0.0 ms]
      [Free CSet: 0.0 ms]
   [Eden: 79.0M(79.0M)->0.0B(79.0M) Survivors: 1024.0K->1024.0K Heap: 227.2M(256.0M)->148.2M(256.0M)]
 [Times: user=0.02 sys=0.00, real=0.01 secs] 
2020-04-13T16:11:01.044+0800: 1643.991: [GC concurrent-root-region-scan-start]
2020-04-13T16:11:01.046+0800: 1643.994: [GC concurrent-root-region-scan-end, 0.0020888 secs]
2020-04-13T16:11:01.046+0800: 1643.994: [GC concurrent-mark-start]
2020-04-13T16:11:01.073+0800: 1644.021: [GC concurrent-mark-end, 0.0270480 secs]
2020-04-13T16:11:01.073+0800: 1644.021: [GC remark 2020-04-13T16:11:01.073+0800: 1644.021: [Finalize Marking, 0.0057821 secs] 2020-04-13T16:11:01.079+0800: 1644.027: [GC ref-proc, 0.0000743 secs] 2020-04-13T16:11:01.079+0800: 1644.027: [Unloading, 0.0044088 secs], 0.0116764 secs]
 [Times: user=0.02 sys=0.00, real=0.01 secs] 
2020-04-13T16:11:01.085+0800: 1644.033: [GC cleanup 149M->149M(256M), 0.0002848 secs]
 [Times: user=0.00 sys=0.00, real=0.00 secs] 
2020-04-13T16:11:02.596+0800: 1645.543: [GC pause (G1 Evacuation Pause) (young), 0.0086703 secs]
   [Parallel Time: 4.8 ms, GC Workers: 4]
      [GC Worker Start (ms): Min: 1645543.6, Avg: 1645543.6, Max: 1645543.6, Diff: 0.0]
      [Ext Root Scanning (ms): Min: 0.3, Avg: 0.4, Max: 0.5, Diff: 0.2, Sum: 1.5]
      [Update RS (ms): Min: 1.1, Avg: 1.3, Max: 1.5, Diff: 0.4, Sum: 5.4]
         [Processed Buffers: Min: 3, Avg: 8.0, Max: 10, Diff: 7, Sum: 32]
      [Scan RS (ms): Min: 0.7, Avg: 0.8, Max: 1.0, Diff: 0.3, Sum: 3.4]
      [Code Root Scanning (ms): Min: 0.0, Avg: 0.0, Max: 0.0, Diff: 0.0, Sum: 0.0]
      [Object Copy (ms): Min: 1.6, Avg: 1.7, Max: 1.9, Diff: 0.4, Sum: 6.7]
      [Termination (ms): Min: 0.0, Avg: 0.4, Max: 0.5, Diff: 0.5, Sum: 1.4]
         [Termination Attempts: Min: 1, Avg: 1.0, Max: 1, Diff: 0, Sum: 4]
      [GC Worker Other (ms): Min: 0.0, Avg: 0.0, Max: 0.0, Diff: 0.0, Sum: 0.0]
      [GC Worker Total (ms): Min: 4.5, Avg: 4.6, Max: 4.7, Diff: 0.2, Sum: 18.4]
      [GC Worker End (ms): Min: 1645548.1, Avg: 1645548.2, Max: 1645548.3, Diff: 0.2]
   [Code Root Fixup: 0.0 ms]
   [Code Root Purge: 0.0 ms]
   [Clear CT: 0.1 ms]
   [Other: 3.7 ms]
      [Choose CSet: 0.0 ms]
      [Ref Proc: 3.4 ms]
      [Ref Enq: 0.0 ms]
      [Redirty Cards: 0.1 ms]
      [Humongous Register: 0.0 ms]
      [Humongous Reclaim: 0.0 ms]
      [Free CSet: 0.0 ms]
   [Eden: 79.0M(79.0M)->0.0B(79.0M) Survivors: 1024.0K->1024.0K Heap: 227.2M(256.0M)->148.2M(256.0M)]
 [Times: user=0.02 sys=0.01, real=0.01 secs] 
2020-04-13T16:11:04.474+0800: 1647.422: [GC pause (G1 Evacuation Pause) (young), 0.0059407 secs]
   [Parallel Time: 4.9 ms, GC Workers: 4]
      [GC Worker Start (ms): Min: 1647422.0, Avg: 1647422.1, Max: 1647422.1, Diff: 0.0]
      [Ext Root Scanning (ms): Min: 0.3, Avg: 0.4, Max: 0.5, Diff: 0.2, Sum: 1.5]
      [Update RS (ms): Min: 1.6, Avg: 2.3, Max: 4.2, Diff: 2.6, Sum: 9.2]
         [Processed Buffers: Min: 5, Avg: 8.8, Max: 12, Diff: 7, Sum: 35]
      [Scan RS (ms): Min: 0.0, Avg: 0.6, Max: 0.9, Diff: 0.9, Sum: 2.5]
      [Code Root Scanning (ms): Min: 0.0, Avg: 0.0, Max: 0.0, Diff: 0.0, Sum: 0.0]
      [Object Copy (ms): Min: 0.0, Avg: 0.9, Max: 1.3, Diff: 1.2, Sum: 3.7]
      [Termination (ms): Min: 0.0, Avg: 0.4, Max: 0.7, Diff: 0.7, Sum: 1.7]
         [Termination Attempts: Min: 1, Avg: 2.2, Max: 6, Diff: 5, Sum: 9]
      [GC Worker Other (ms): Min: 0.0, Avg: 0.0, Max: 0.0, Diff: 0.0, Sum: 0.0]
      [GC Worker Total (ms): Min: 4.6, Avg: 4.7, Max: 4.8, Diff: 0.2, Sum: 18.8]
      [GC Worker End (ms): Min: 1647426.7, Avg: 1647426.7, Max: 1647426.9, Diff: 0.2]
   [Code Root Fixup: 0.0 ms]
   [Code Root Purge: 0.0 ms]
   [Clear CT: 0.1 ms]
   [Other: 0.9 ms]
      [Choose CSet: 0.0 ms]
      [Ref Proc: 0.7 ms]
      [Ref Enq: 0.0 ms]
      [Redirty Cards: 0.1 ms]
      [Humongous Register: 0.0 ms]
      [Humongous Reclaim: 0.0 ms]
      [Free CSet: 0.0 ms]
   [Eden: 79.0M(79.0M)->0.0B(79.0M) Survivors: 1024.0K->1024.0K Heap: 227.2M(256.0M)->148.4M(256.0M)]
 [Times: user=0.02 sys=0.00, real=0.01 secs] 
2020-04-13T16:11:05.887+0800: 1648.835: [GC pause (G1 Evacuation Pause) (young) (initial-mark), 0.0043749 secs]
   [Parallel Time: 4.0 ms, GC Workers: 4]
      [GC Worker Start (ms): Min: 1648835.1, Avg: 1648835.1, Max: 1648835.1, Diff: 0.0]
      [Ext Root Scanning (ms): Min: 0.6, Avg: 0.6, Max: 0.6, Diff: 0.1, Sum: 2.4]
      [Update RS (ms): Min: 1.2, Avg: 1.5, Max: 2.1, Diff: 0.9, Sum: 6.0]
         [Processed Buffers: Min: 3, Avg: 7.8, Max: 14, Diff: 11, Sum: 31]
      [Scan RS (ms): Min: 0.3, Avg: 0.8, Max: 1.1, Diff: 0.8, Sum: 3.4]
      [Code Root Scanning (ms): Min: 0.0, Avg: 0.0, Max: 0.0, Diff: 0.0, Sum: 0.0]
      [Object Copy (ms): Min: 0.9, Avg: 1.0, Max: 1.0, Diff: 0.1, Sum: 4.0]
      [Termination (ms): Min: 0.0, Avg: 0.0, Max: 0.0, Diff: 0.0, Sum: 0.0]
         [Termination Attempts: Min: 1, Avg: 1.0, Max: 1, Diff: 0, Sum: 4]
      [GC Worker Other (ms): Min: 0.0, Avg: 0.0, Max: 0.0, Diff: 0.0, Sum: 0.0]
      [GC Worker Total (ms): Min: 3.9, Avg: 3.9, Max: 4.0, Diff: 0.0, Sum: 15.8]
      [GC Worker End (ms): Min: 1648839.0, Avg: 1648839.0, Max: 1648839.0, Diff: 0.0]
   [Code Root Fixup: 0.0 ms]
   [Code Root Purge: 0.0 ms]
   [Clear CT: 0.1 ms]
   [Other: 0.3 ms]
      [Choose CSet: 0.0 ms]
      [Ref Proc: 0.1 ms]
      [Ref Enq: 0.0 ms]
      [Redirty Cards: 0.1 ms]
      [Humongous Register: 0.0 ms]
      [Humongous Reclaim: 0.0 ms]
      [Free CSet: 0.0 ms]
   [Eden: 79.0M(79.0M)->0.0B(79.0M) Survivors: 1024.0K->1024.0K Heap: 227.4M(256.0M)->148.3M(256.0M)]
 [Times: user=0.02 sys=0.00, real=0.01 secs] 
2020-04-13T16:11:05.892+0800: 1648.840: [GC concurrent-root-region-scan-start]
2020-04-13T16:11:05.896+0800: 1648.844: [GC concurrent-root-region-scan-end, 0.0045303 secs]
2020-04-13T16:11:05.896+0800: 1648.844: [GC concurrent-mark-start]
2020-04-13T16:11:05.920+0800: 1648.868: [GC concurrent-mark-end, 0.0242489 secs]
2020-04-13T16:11:05.921+0800: 1648.869: [GC remark 2020-04-13T16:11:05.921+0800: 1648.869: [Finalize Marking, 0.0001583 secs] 2020-04-13T16:11:05.921+0800: 1648.869: [GC ref-proc, 0.0000756 secs] 2020-04-13T16:11:05.921+0800: 1648.869: [Unloading, 0.0042774 secs], 0.0071427 secs]
 [Times: user=0.02 sys=0.00, real=0.00 secs] 
2020-04-13T16:11:05.928+0800: 1648.876: [GC cleanup 149M->149M(256M), 0.0005299 secs]
 [Times: user=0.00 sys=0.00, real=0.00 secs] 
2020-04-13T16:11:07.515+0800: 1650.463: [GC pause (G1 Evacuation Pause) (young), 0.0051753 secs]
   [Parallel Time: 4.7 ms, GC Workers: 4]
      [GC Worker Start (ms): Min: 1650462.6, Avg: 1650462.6, Max: 1650462.6, Diff: 0.0]
      [Ext Root Scanning (ms): Min: 0.3, Avg: 0.4, Max: 0.5, Diff: 0.2, Sum: 1.5]
      [Update RS (ms): Min: 1.3, Avg: 1.5, Max: 1.7, Diff: 0.3, Sum: 5.8]
         [Processed Buffers: Min: 4, Avg: 7.8, Max: 14, Diff: 10, Sum: 31]
      [Scan RS (ms): Min: 0.6, Avg: 0.7, Max: 0.9, Diff: 0.3, Sum: 2.9]
      [Code Root Scanning (ms): Min: 0.0, Avg: 0.0, Max: 0.0, Diff: 0.0, Sum: 0.0]
      [Object Copy (ms): Min: 1.5, Avg: 1.6, Max: 1.9, Diff: 0.4, Sum: 6.5]
      [Termination (ms): Min: 0.0, Avg: 0.3, Max: 0.5, Diff: 0.5, Sum: 1.3]
         [Termination Attempts: Min: 1, Avg: 1.2, Max: 2, Diff: 1, Sum: 5]
      [GC Worker Other (ms): Min: 0.0, Avg: 0.0, Max: 0.0, Diff: 0.0, Sum: 0.0]
      [GC Worker Total (ms): Min: 4.5, Avg: 4.5, Max: 4.6, Diff: 0.1, Sum: 18.1]
      [GC Worker End (ms): Min: 1650467.1, Avg: 1650467.1, Max: 1650467.2, Diff: 0.1]
   [Code Root Fixup: 0.0 ms]
   [Code Root Purge: 0.0 ms]
   [Clear CT: 0.1 ms]
   [Other: 0.3 ms]
      [Choose CSet: 0.0 ms]
      [Ref Proc: 0.1 ms]
      [Ref Enq: 0.0 ms]
      [Redirty Cards: 0.1 ms]
      [Humongous Register: 0.0 ms]
      [Humongous Reclaim: 0.0 ms]
      [Free CSet: 0.0 ms]
   [Eden: 79.0M(79.0M)->0.0B(79.0M) Survivors: 1024.0K->1024.0K Heap: 227.3M(256.0M)->148.4M(256.0M)]
 [Times: user=0.01 sys=0.00, real=0.01 secs] 
2020-04-13T16:11:09.509+0800: 1652.457: [GC pause (G1 Evacuation Pause) (young), 0.0064233 secs]
   [Parallel Time: 5.4 ms, GC Workers: 4]
      [GC Worker Start (ms): Min: 1652457.1, Avg: 1652457.1, Max: 1652457.1, Diff: 0.0]
      [Ext Root Scanning (ms): Min: 0.3, Avg: 0.4, Max: 0.5, Diff: 0.2, Sum: 1.5]
      [Update RS (ms): Min: 1.3, Avg: 1.5, Max: 1.7, Diff: 0.3, Sum: 6.1]
         [Processed Buffers: Min: 4, Avg: 8.5, Max: 11, Diff: 7, Sum: 34]
      [Scan RS (ms): Min: 0.7, Avg: 0.8, Max: 0.9, Diff: 0.2, Sum: 3.1]
      [Code Root Scanning (ms): Min: 0.0, Avg: 0.0, Max: 0.0, Diff: 0.0, Sum: 0.0]
      [Object Copy (ms): Min: 1.5, Avg: 1.7, Max: 2.2, Diff: 0.6, Sum: 6.9]
      [Termination (ms): Min: 0.0, Avg: 0.6, Max: 1.0, Diff: 1.0, Sum: 2.3]
         [Termination Attempts: Min: 1, Avg: 1.0, Max: 1, Diff: 0, Sum: 4]
      [GC Worker Other (ms): Min: 0.0, Avg: 0.0, Max: 0.0, Diff: 0.0, Sum: 0.0]
      [GC Worker Total (ms): Min: 4.8, Avg: 5.0, Max: 5.3, Diff: 0.4, Sum: 19.9]
      [GC Worker End (ms): Min: 1652462.0, Avg: 1652462.1, Max: 1652462.4, Diff: 0.4]
   [Code Root Fixup: 0.0 ms]
   [Code Root Purge: 0.0 ms]
   [Clear CT: 0.1 ms]
   [Other: 1.0 ms]
      [Choose CSet: 0.0 ms]
      [Ref Proc: 0.7 ms]
      [Ref Enq: 0.0 ms]
      [Redirty Cards: 0.0 ms]
      [Humongous Register: 0.0 ms]
      [Humongous Reclaim: 0.0 ms]
      [Free CSet: 0.0 ms]
   [Eden: 79.0M(79.0M)->0.0B(79.0M) Survivors: 1024.0K->1024.0K Heap: 227.4M(256.0M)->148.6M(256.0M)]
 [Times: user=0.02 sys=0.00, real=0.01 secs] 
2020-04-13T16:11:11.394+0800: 1654.342: [GC pause (G1 Evacuation Pause) (young) (initial-mark), 0.0073403 secs]
   [Parallel Time: 5.7 ms, GC Workers: 4]
      [GC Worker Start (ms): Min: 1654342.2, Avg: 1654342.5, Max: 1654343.0, Diff: 0.8]
      [Ext Root Scanning (ms): Min: 0.0, Avg: 1.2, Max: 2.9, Diff: 2.9, Sum: 4.8]
      [Update RS (ms): Min: 0.3, Avg: 2.3, Max: 3.9, Diff: 3.6, Sum: 9.4]
         [Processed Buffers: Min: 5, Avg: 8.5, Max: 15, Diff: 10, Sum: 34]
      [Scan RS (ms): Min: 0.0, Avg: 0.6, Max: 1.0, Diff: 1.0, Sum: 2.3]
      [Code Root Scanning (ms): Min: 0.0, Avg: 0.0, Max: 0.0, Diff: 0.0, Sum: 0.0]
      [Object Copy (ms): Min: 0.9, Avg: 1.1, Max: 1.2, Diff: 0.3, Sum: 4.4]
      [Termination (ms): Min: 0.0, Avg: 0.0, Max: 0.0, Diff: 0.0, Sum: 0.0]
         [Termination Attempts: Min: 1, Avg: 1.0, Max: 1, Diff: 0, Sum: 4]
      [GC Worker Other (ms): Min: 0.0, Avg: 0.0, Max: 0.0, Diff: 0.0, Sum: 0.1]
      [GC Worker Total (ms): Min: 4.7, Avg: 5.2, Max: 5.5, Diff: 0.8, Sum: 20.9]
      [GC Worker End (ms): Min: 1654347.8, Avg: 1654347.8, Max: 1654347.8, Diff: 0.0]
   [Code Root Fixup: 0.1 ms]
   [Code Root Purge: 0.0 ms]
   [Clear CT: 0.9 ms]
   [Other: 0.7 ms]
      [Choose CSet: 0.0 ms]
      [Ref Proc: 0.2 ms]
      [Ref Enq: 0.0 ms]
      [Redirty Cards: 0.2 ms]
      [Humongous Register: 0.0 ms]
      [Humongous Reclaim: 0.0 ms]
      [Free CSet: 0.0 ms]
   [Eden: 79.0M(79.0M)->0.0B(79.0M) Survivors: 1024.0K->1024.0K Heap: 227.6M(256.0M)->148.5M(256.0M)]
 [Times: user=0.01 sys=0.00, real=0.01 secs] 
2020-04-13T16:11:11.402+0800: 1654.350: [GC concurrent-root-region-scan-start]
2020-04-13T16:11:11.405+0800: 1654.353: [GC concurrent-root-region-scan-end, 0.0033043 secs]
2020-04-13T16:11:11.405+0800: 1654.353: [GC concurrent-mark-start]
2020-04-13T16:11:11.458+0800: 1654.406: [GC concurrent-mark-end, 0.0533375 secs]
2020-04-13T16:11:11.459+0800: 1654.406: [GC remark 2020-04-13T16:11:11.459+0800: 1654.407: [Finalize Marking, 0.0001465 secs] 2020-04-13T16:11:11.459+0800: 1654.407: [GC ref-proc, 0.0000720 secs] 2020-04-13T16:11:11.459+0800: 1654.407: [Unloading, 0.0054829 secs], 0.0072303 secs]
 [Times: user=0.02 sys=0.00, real=0.01 secs] 
2020-04-13T16:11:11.466+0800: 1654.414: [GC cleanup 149M->149M(256M), 0.0005632 secs]
 [Times: user=0.00 sys=0.00, real=0.00 secs] 
2020-04-13T16:11:13.385+0800: 1656.333: [GC pause (G1 Evacuation Pause) (young), 0.0057647 secs]
   [Parallel Time: 4.7 ms, GC Workers: 4]
      [GC Worker Start (ms): Min: 1656332.8, Avg: 1656332.9, Max: 1656332.9, Diff: 0.1]
      [Ext Root Scanning (ms): Min: 0.3, Avg: 0.4, Max: 0.5, Diff: 0.2, Sum: 1.5]
      [Update RS (ms): Min: 2.1, Avg: 2.2, Max: 2.3, Diff: 0.2, Sum: 8.7]
         [Processed Buffers: Min: 1, Avg: 8.2, Max: 14, Diff: 13, Sum: 33]
      [Scan RS (ms): Min: 0.6, Avg: 0.7, Max: 0.8, Diff: 0.2, Sum: 2.9]
      [Code Root Scanning (ms): Min: 0.0, Avg: 0.0, Max: 0.0, Diff: 0.0, Sum: 0.0]
      [Object Copy (ms): Min: 1.1, Avg: 1.2, Max: 1.2, Diff: 0.2, Sum: 4.6]
      [Termination (ms): Min: 0.0, Avg: 0.1, Max: 0.2, Diff: 0.2, Sum: 0.4]
         [Termination Attempts: Min: 1, Avg: 1.0, Max: 1, Diff: 0, Sum: 4]
      [GC Worker Other (ms): Min: 0.0, Avg: 0.0, Max: 0.0, Diff: 0.0, Sum: 0.0]
      [GC Worker Total (ms): Min: 4.5, Avg: 4.6, Max: 4.6, Diff: 0.1, Sum: 18.3]
      [GC Worker End (ms): Min: 1656337.4, Avg: 1656337.4, Max: 1656337.5, Diff: 0.1]
   [Code Root Fixup: 0.0 ms]
   [Code Root Purge: 0.0 ms]
   [Clear CT: 0.1 ms]
   [Other: 1.0 ms]
      [Choose CSet: 0.0 ms]
      [Ref Proc: 0.7 ms]
      [Ref Enq: 0.0 ms]
      [Redirty Cards: 0.1 ms]
      [Humongous Register: 0.0 ms]
      [Humongous Reclaim: 0.0 ms]
      [Free CSet: 0.0 ms]
   [Eden: 79.0M(79.0M)->0.0B(79.0M) Survivors: 1024.0K->1024.0K Heap: 227.5M(256.0M)->148.7M(256.0M)]
 [Times: user=0.02 sys=0.00, real=0.01 secs] 
2020-04-13T16:11:15.195+0800: 1658.143: [GC pause (G1 Evacuation Pause) (young), 0.0046440 secs]
   [Parallel Time: 4.2 ms, GC Workers: 4]
      [GC Worker Start (ms): Min: 1658143.3, Avg: 1658143.5, Max: 1658143.8, Diff: 0.5]
      [Ext Root Scanning (ms): Min: 0.0, Avg: 0.4, Max: 0.6, Diff: 0.5, Sum: 1.6]
      [Update RS (ms): Min: 1.2, Avg: 1.3, Max: 1.5, Diff: 0.3, Sum: 5.2]
         [Processed Buffers: Min: 4, Avg: 8.5, Max: 17, Diff: 13, Sum: 34]
      [Scan RS (ms): Min: 0.8, Avg: 1.0, Max: 1.1, Diff: 0.3, Sum: 3.9]
      [Code Root Scanning (ms): Min: 0.0, Avg: 0.0, Max: 0.0, Diff: 0.0, Sum: 0.0]
      [Object Copy (ms): Min: 0.9, Avg: 1.0, Max: 1.1, Diff: 0.2, Sum: 3.9]
      [Termination (ms): Min: 0.0, Avg: 0.0, Max: 0.0, Diff: 0.0, Sum: 0.0]
         [Termination Attempts: Min: 1, Avg: 1.0, Max: 1, Diff: 0, Sum: 4]
      [GC Worker Other (ms): Min: 0.0, Avg: 0.0, Max: 0.0, Diff: 0.0, Sum: 0.0]
      [GC Worker Total (ms): Min: 3.3, Avg: 3.7, Max: 3.8, Diff: 0.5, Sum: 14.7]
      [GC Worker End (ms): Min: 1658147.1, Avg: 1658147.1, Max: 1658147.1, Diff: 0.0]
   [Code Root Fixup: 0.1 ms]
   [Code Root Purge: 0.0 ms]
   [Clear CT: 0.0 ms]
   [Other: 0.4 ms]
      [Choose CSet: 0.0 ms]
      [Ref Proc: 0.1 ms]
      [Ref Enq: 0.0 ms]
      [Redirty Cards: 0.1 ms]
      [Humongous Register: 0.0 ms]
      [Humongous Reclaim: 0.0 ms]
      [Free CSet: 0.0 ms]
   [Eden: 79.0M(79.0M)->0.0B(79.0M) Survivors: 1024.0K->1024.0K Heap: 227.7M(256.0M)->148.5M(256.0M)]
 [Times: user=0.01 sys=0.00, real=0.01 secs] 
2020-04-13T16:11:16.995+0800: 1659.943: [GC pause (G1 Evacuation Pause) (young) (initial-mark), 0.0066469 secs]
   [Parallel Time: 5.7 ms, GC Workers: 4]
      [GC Worker Start (ms): Min: 1659942.8, Avg: 1659942.8, Max: 1659942.8, Diff: 0.0]
      [Ext Root Scanning (ms): Min: 0.6, Avg: 0.6, Max: 0.7, Diff: 0.0, Sum: 2.6]
      [Update RS (ms): Min: 1.2, Avg: 1.4, Max: 1.7, Diff: 0.4, Sum: 5.7]
         [Processed Buffers: Min: 5, Avg: 7.2, Max: 12, Diff: 7, Sum: 29]
      [Scan RS (ms): Min: 0.9, Avg: 1.1, Max: 1.3, Diff: 0.4, Sum: 4.5]
      [Code Root Scanning (ms): Min: 0.0, Avg: 0.0, Max: 0.0, Diff: 0.0, Sum: 0.0]
      [Object Copy (ms): Min: 1.4, Avg: 1.7, Max: 2.1, Diff: 0.7, Sum: 6.7]
      [Termination (ms): Min: 0.0, Avg: 0.6, Max: 0.9, Diff: 0.9, Sum: 2.5]
         [Termination Attempts: Min: 1, Avg: 1.2, Max: 2, Diff: 1, Sum: 5]
      [GC Worker Other (ms): Min: 0.0, Avg: 0.0, Max: 0.0, Diff: 0.0, Sum: 0.1]
      [GC Worker Total (ms): Min: 5.4, Avg: 5.5, Max: 5.6, Diff: 0.2, Sum: 22.1]
      [GC Worker End (ms): Min: 1659948.1, Avg: 1659948.3, Max: 1659948.4, Diff: 0.2]
   [Code Root Fixup: 0.0 ms]
   [Code Root Purge: 0.0 ms]
   [Clear CT: 0.1 ms]
   [Other: 0.8 ms]
      [Choose CSet: 0.0 ms]
      [Ref Proc: 0.3 ms]
      [Ref Enq: 0.0 ms]
      [Redirty Cards: 0.3 ms]
      [Humongous Register: 0.0 ms]
      [Humongous Reclaim: 0.0 ms]
      [Free CSet: 0.0 ms]
   [Eden: 79.0M(79.0M)->0.0B(79.0M) Survivors: 1024.0K->1024.0K Heap: 227.5M(256.0M)->148.6M(256.0M)]
 [Times: user=0.02 sys=0.00, real=0.01 secs] 
2020-04-13T16:11:17.002+0800: 1659.950: [GC concurrent-root-region-scan-start]
2020-04-13T16:11:17.006+0800: 1659.954: [GC concurrent-root-region-scan-end, 0.0045780 secs]
2020-04-13T16:11:17.006+0800: 1659.954: [GC concurrent-mark-start]
2020-04-13T16:11:17.032+0800: 1659.980: [GC concurrent-mark-end, 0.0257557 secs]
2020-04-13T16:11:17.033+0800: 1659.981: [GC remark 2020-04-13T16:11:17.033+0800: 1659.981: [Finalize Marking, 0.0012825 secs] 2020-04-13T16:11:17.034+0800: 1659.982: [GC ref-proc, 0.0000711 secs] 2020-04-13T16:11:17.034+0800: 1659.982: [Unloading, 0.0074981 secs], 0.0104218 secs]
 [Times: user=0.02 sys=0.00, real=0.01 secs] 
2020-04-13T16:11:17.044+0800: 1659.991: [GC cleanup 150M->150M(256M), 0.0003222 secs]
 [Times: user=0.00 sys=0.00, real=0.00 secs] 
2020-04-13T16:11:18.490+0800: 1661.438: [GC pause (G1 Evacuation Pause) (young), 0.0064354 secs]
   [Parallel Time: 4.9 ms, GC Workers: 4]
      [GC Worker Start (ms): Min: 1661438.0, Avg: 1661438.0, Max: 1661438.0, Diff: 0.0]
      [Ext Root Scanning (ms): Min: 0.3, Avg: 0.4, Max: 0.5, Diff: 0.2, Sum: 1.5]
      [Update RS (ms): Min: 1.3, Avg: 1.4, Max: 1.4, Diff: 0.1, Sum: 5.6]
         [Processed Buffers: Min: 5, Avg: 7.2, Max: 12, Diff: 7, Sum: 29]
      [Scan RS (ms): Min: 1.0, Avg: 1.3, Max: 1.9, Diff: 0.9, Sum: 5.3]
      [Code Root Scanning (ms): Min: 0.0, Avg: 0.0, Max: 0.0, Diff: 0.0, Sum: 0.0]
      [Object Copy (ms): Min: 1.2, Avg: 1.6, Max: 1.7, Diff: 0.5, Sum: 6.2]
      [Termination (ms): Min: 0.0, Avg: 0.2, Max: 0.2, Diff: 0.2, Sum: 0.7]
         [Termination Attempts: Min: 1, Avg: 1.0, Max: 1, Diff: 0, Sum: 4]
      [GC Worker Other (ms): Min: 0.0, Avg: 0.0, Max: 0.0, Diff: 0.0, Sum: 0.0]
      [GC Worker Total (ms): Min: 4.8, Avg: 4.8, Max: 4.8, Diff: 0.0, Sum: 19.3]
      [GC Worker End (ms): Min: 1661442.8, Avg: 1661442.9, Max: 1661442.9, Diff: 0.0]
   [Code Root Fixup: 0.1 ms]
   [Code Root Purge: 0.0 ms]
   [Clear CT: 0.1 ms]
   [Other: 1.4 ms]
      [Choose CSet: 0.0 ms]
      [Ref Proc: 1.1 ms]
      [Ref Enq: 0.0 ms]
      [Redirty Cards: 0.1 ms]
      [Humongous Register: 0.0 ms]
      [Humongous Reclaim: 0.0 ms]
      [Free CSet: 0.0 ms]
   [Eden: 79.0M(79.0M)->0.0B(79.0M) Survivors: 1024.0K->1024.0K Heap: 227.6M(256.0M)->148.6M(256.0M)]
 [Times: user=0.01 sys=0.00, real=0.00 secs] 
2020-04-13T16:11:20.280+0800: 1663.228: [GC pause (G1 Evacuation Pause) (young), 0.0051251 secs]
   [Parallel Time: 4.7 ms, GC Workers: 4]
      [GC Worker Start (ms): Min: 1663227.8, Avg: 1663227.8, Max: 1663227.8, Diff: 0.0]
      [Ext Root Scanning (ms): Min: 0.4, Avg: 0.4, Max: 0.5, Diff: 0.1, Sum: 1.7]
      [Update RS (ms): Min: 2.0, Avg: 2.3, Max: 2.5, Diff: 0.5, Sum: 9.0]
         [Processed Buffers: Min: 4, Avg: 7.5, Max: 12, Diff: 8, Sum: 30]
      [Scan RS (ms): Min: 0.6, Avg: 0.7, Max: 0.8, Diff: 0.2, Sum: 2.7]
      [Code Root Scanning (ms): Min: 0.0, Avg: 0.0, Max: 0.0, Diff: 0.0, Sum: 0.0]
      [Object Copy (ms): Min: 1.1, Avg: 1.2, Max: 1.6, Diff: 0.5, Sum: 4.9]
      [Termination (ms): Min: 0.0, Avg: 0.0, Max: 0.0, Diff: 0.0, Sum: 0.0]
         [Termination Attempts: Min: 1, Avg: 1.0, Max: 1, Diff: 0, Sum: 4]
      [GC Worker Other (ms): Min: 0.0, Avg: 0.0, Max: 0.0, Diff: 0.0, Sum: 0.0]
      [GC Worker Total (ms): Min: 4.6, Avg: 4.6, Max: 4.6, Diff: 0.0, Sum: 18.4]
      [GC Worker End (ms): Min: 1663232.4, Avg: 1663232.4, Max: 1663232.4, Diff: 0.0]
   [Code Root Fixup: 0.0 ms]
   [Code Root Purge: 0.0 ms]
   [Clear CT: 0.1 ms]
   [Other: 0.3 ms]
      [Choose CSet: 0.0 ms]
      [Ref Proc: 0.1 ms]
      [Ref Enq: 0.0 ms]
      [Redirty Cards: 0.1 ms]
      [Humongous Register: 0.0 ms]
      [Humongous Reclaim: 0.0 ms]
      [Free CSet: 0.0 ms]
   [Eden: 79.0M(79.0M)->0.0B(79.0M) Survivors: 1024.0K->1024.0K Heap: 227.6M(256.0M)->148.9M(256.0M)]
 [Times: user=0.02 sys=0.00, real=0.00 secs] 
2020-04-13T16:11:21.733+0800: 1664.681: [GC pause (G1 Evacuation Pause) (young) (initial-mark), 0.0047429 secs]
   [Parallel Time: 4.3 ms, GC Workers: 4]
      [GC Worker Start (ms): Min: 1664680.7, Avg: 1664680.8, Max: 1664680.8, Diff: 0.0]
      [Ext Root Scanning (ms): Min: 0.6, Avg: 0.6, Max: 0.7, Diff: 0.1, Sum: 2.5]
      [Update RS (ms): Min: 1.4, Avg: 1.5, Max: 1.7, Diff: 0.2, Sum: 6.1]
         [Processed Buffers: Min: 5, Avg: 7.8, Max: 15, Diff: 10, Sum: 31]
      [Scan RS (ms): Min: 0.8, Avg: 0.9, Max: 1.0, Diff: 0.2, Sum: 3.7]
      [Code Root Scanning (ms): Min: 0.0, Avg: 0.0, Max: 0.0, Diff: 0.0, Sum: 0.0]
      [Object Copy (ms): Min: 1.1, Avg: 1.1, Max: 1.2, Diff: 0.1, Sum: 4.5]
      [Termination (ms): Min: 0.0, Avg: 0.0, Max: 0.0, Diff: 0.0, Sum: 0.0]
         [Termination Attempts: Min: 1, Avg: 1.0, Max: 1, Diff: 0, Sum: 4]
      [GC Worker Other (ms): Min: 0.0, Avg: 0.0, Max: 0.0, Diff: 0.0, Sum: 0.0]
      [GC Worker Total (ms): Min: 4.2, Avg: 4.2, Max: 4.3, Diff: 0.0, Sum: 16.9]
      [GC Worker End (ms): Min: 1664685.0, Avg: 1664685.0, Max: 1664685.0, Diff: 0.0]
   [Code Root Fixup: 0.1 ms]
   [Code Root Purge: 0.0 ms]
   [Clear CT: 0.1 ms]
   [Other: 0.3 ms]
      [Choose CSet: 0.0 ms]
      [Ref Proc: 0.1 ms]
      [Ref Enq: 0.0 ms]
      [Redirty Cards: 0.1 ms]
      [Humongous Register: 0.0 ms]
      [Humongous Reclaim: 0.0 ms]
      [Free CSet: 0.0 ms]
   [Eden: 79.0M(79.0M)->0.0B(78.0M) Survivors: 1024.0K->1024.0K Heap: 227.9M(256.0M)->148.6M(256.0M)]
 [Times: user=0.02 sys=0.00, real=0.00 secs] 
2020-04-13T16:11:21.738+0800: 1664.686: [GC concurrent-root-region-scan-start]
2020-04-13T16:11:21.741+0800: 1664.688: [GC concurrent-root-region-scan-end, 0.0027711 secs]
2020-04-13T16:11:21.741+0800: 1664.688: [GC concurrent-mark-start]
2020-04-13T16:11:21.769+0800: 1664.716: [GC concurrent-mark-end, 0.0280267 secs]
2020-04-13T16:11:21.769+0800: 1664.716: [GC remark 2020-04-13T16:11:21.769+0800: 1664.717: [Finalize Marking, 0.0001439 secs] 2020-04-13T16:11:21.769+0800: 1664.717: [GC ref-proc, 0.0000665 secs] 2020-04-13T16:11:21.769+0800: 1664.717: [Unloading, 0.0040401 secs], 0.0058479 secs]
 [Times: user=0.02 sys=0.00, real=0.01 secs] 
2020-04-13T16:11:21.775+0800: 1664.723: [GC cleanup 150M->150M(256M), 0.0004439 secs]
 [Times: user=0.00 sys=0.00, real=0.00 secs] 
2020-04-13T16:11:23.277+0800: 1666.224: [GC pause (G1 Evacuation Pause) (young), 0.0105965 secs]
   [Parallel Time: 7.4 ms, GC Workers: 4]
      [GC Worker Start (ms): Min: 1666224.3, Avg: 1666224.3, Max: 1666224.3, Diff: 0.1]
      [Ext Root Scanning (ms): Min: 0.5, Avg: 0.6, Max: 1.0, Diff: 0.5, Sum: 2.6]
      [Update RS (ms): Min: 1.3, Avg: 1.5, Max: 1.8, Diff: 0.5, Sum: 5.9]
         [Processed Buffers: Min: 4, Avg: 7.2, Max: 13, Diff: 9, Sum: 29]
      [Scan RS (ms): Min: 0.7, Avg: 0.9, Max: 1.0, Diff: 0.3, Sum: 3.4]
      [Code Root Scanning (ms): Min: 0.0, Avg: 0.0, Max: 0.0, Diff: 0.0, Sum: 0.0]
      [Object Copy (ms): Min: 1.3, Avg: 1.8, Max: 3.0, Diff: 1.6, Sum: 7.1]
      [Termination (ms): Min: 0.0, Avg: 1.9, Max: 3.0, Diff: 3.0, Sum: 7.7]
         [Termination Attempts: Min: 1, Avg: 1.0, Max: 1, Diff: 0, Sum: 4]
      [GC Worker Other (ms): Min: 0.0, Avg: 0.0, Max: 0.0, Diff: 0.0, Sum: 0.0]
      [GC Worker Total (ms): Min: 6.0, Avg: 6.7, Max: 7.3, Diff: 1.4, Sum: 26.7]
      [GC Worker End (ms): Min: 1666230.3, Avg: 1666231.0, Max: 1666231.6, Diff: 1.4]
   [Code Root Fixup: 0.0 ms]
   [Code Root Purge: 0.0 ms]
   [Clear CT: 0.4 ms]
   [Other: 2.7 ms]
      [Choose CSet: 0.0 ms]
      [Ref Proc: 2.4 ms]
      [Ref Enq: 0.0 ms]
      [Redirty Cards: 0.1 ms]
      [Humongous Register: 0.0 ms]
      [Humongous Reclaim: 0.0 ms]
      [Free CSet: 0.0 ms]
   [Eden: 78.0M(78.0M)->0.0B(11.0M) Survivors: 1024.0K->1024.0K Heap: 226.6M(256.0M)->148.9M(256.0M)]
 [Times: user=0.02 sys=0.00, real=0.01 secs] 
2020-04-13T16:11:23.537+0800: 1666.485: [GC pause (G1 Evacuation Pause) (mixed), 0.0063481 secs]
   [Parallel Time: 5.4 ms, GC Workers: 4]
      [GC Worker Start (ms): Min: 1666484.9, Avg: 1666485.0, Max: 1666485.4, Diff: 0.5]
      [Ext Root Scanning (ms): Min: 0.1, Avg: 0.6, Max: 1.0, Diff: 0.9, Sum: 2.3]
      [Update RS (ms): Min: 1.1, Avg: 1.3, Max: 1.4, Diff: 0.3, Sum: 5.4]
         [Processed Buffers: Min: 4, Avg: 5.5, Max: 10, Diff: 6, Sum: 22]
      [Scan RS (ms): Min: 1.7, Avg: 1.7, Max: 1.8, Diff: 0.1, Sum: 7.0]
      [Code Root Scanning (ms): Min: 0.0, Avg: 0.0, Max: 0.1, Diff: 0.1, Sum: 0.1]
      [Object Copy (ms): Min: 1.4, Avg: 1.5, Max: 1.6, Diff: 0.2, Sum: 6.0]
      [Termination (ms): Min: 0.0, Avg: 0.0, Max: 0.0, Diff: 0.0, Sum: 0.0]
         [Termination Attempts: Min: 1, Avg: 1.0, Max: 1, Diff: 0, Sum: 4]
      [GC Worker Other (ms): Min: 0.0, Avg: 0.0, Max: 0.0, Diff: 0.0, Sum: 0.0]
      [GC Worker Total (ms): Min: 4.8, Avg: 5.2, Max: 5.3, Diff: 0.5, Sum: 20.7]
      [GC Worker End (ms): Min: 1666490.2, Avg: 1666490.2, Max: 1666490.2, Diff: 0.0]
   [Code Root Fixup: 0.1 ms]
   [Code Root Purge: 0.0 ms]
   [Clear CT: 0.0 ms]
   [Other: 0.9 ms]
      [Choose CSet: 0.0 ms]
      [Ref Proc: 0.7 ms]
      [Ref Enq: 0.0 ms]
      [Redirty Cards: 0.1 ms]
      [Humongous Register: 0.0 ms]
      [Humongous Reclaim: 0.0 ms]
      [Free CSet: 0.0 ms]
   [Eden: 11.0M(11.0M)->0.0B(79.0M) Survivors: 1024.0K->1024.0K Heap: 159.9M(256.0M)->147.8M(256.0M)]
 [Times: user=0.02 sys=0.00, real=0.01 secs] 
2020-04-13T16:11:25.710+0800: 1668.658: [GC pause (G1 Evacuation Pause) (young), 0.0211486 secs]
   [Parallel Time: 20.1 ms, GC Workers: 4]
      [GC Worker Start (ms): Min: 1668657.7, Avg: 1668659.6, Max: 1668665.2, Diff: 7.5]
      [Ext Root Scanning (ms): Min: 0.0, Avg: 2.3, Max: 7.8, Diff: 7.8, Sum: 9.1]
      [Update RS (ms): Min: 0.0, Avg: 2.9, Max: 5.7, Diff: 5.7, Sum: 11.4]
         [Processed Buffers: Min: 0, Avg: 8.8, Max: 28, Diff: 28, Sum: 35]
      [Scan RS (ms): Min: 0.0, Avg: 0.5, Max: 1.1, Diff: 1.1, Sum: 2.0]
      [Code Root Scanning (ms): Min: 0.0, Avg: 0.0, Max: 0.0, Diff: 0.0, Sum: 0.0]
      [Object Copy (ms): Min: 1.7, Avg: 2.2, Max: 2.8, Diff: 1.1, Sum: 8.7]
      [Termination (ms): Min: 0.0, Avg: 7.9, Max: 10.5, Diff: 10.5, Sum: 31.4]
         [Termination Attempts: Min: 1, Avg: 1.0, Max: 1, Diff: 0, Sum: 4]
      [GC Worker Other (ms): Min: 0.0, Avg: 0.0, Max: 0.0, Diff: 0.0, Sum: 0.0]
      [GC Worker Total (ms): Min: 10.2, Avg: 15.7, Max: 20.0, Diff: 9.9, Sum: 62.7]
      [GC Worker End (ms): Min: 1668667.9, Avg: 1668675.3, Max: 1668677.8, Diff: 9.9]
   [Code Root Fixup: 0.1 ms]
   [Code Root Purge: 0.0 ms]
   [Clear CT: 0.1 ms]
   [Other: 1.0 ms]
      [Choose CSet: 0.0 ms]
      [Ref Proc: 0.7 ms]
      [Ref Enq: 0.0 ms]
      [Redirty Cards: 0.0 ms]
      [Humongous Register: 0.0 ms]
      [Humongous Reclaim: 0.0 ms]
      [Free CSet: 0.0 ms]
   [Eden: 79.0M(79.0M)->0.0B(79.0M) Survivors: 1024.0K->1024.0K Heap: 226.8M(256.0M)->148.1M(256.0M)]
 [Times: user=0.03 sys=0.00, real=0.02 secs] 
2020-04-13T16:11:28.644+0800: 1671.592: [GC pause (G1 Evacuation Pause) (young) (initial-mark), 0.0051795 secs]
   [Parallel Time: 4.6 ms, GC Workers: 4]
      [GC Worker Start (ms): Min: 1671592.0, Avg: 1671592.0, Max: 1671592.0, Diff: 0.0]
      [Ext Root Scanning (ms): Min: 0.6, Avg: 0.6, Max: 0.7, Diff: 0.0, Sum: 2.5]
      [Update RS (ms): Min: 1.5, Avg: 1.6, Max: 1.8, Diff: 0.3, Sum: 6.6]
         [Processed Buffers: Min: 4, Avg: 9.0, Max: 14, Diff: 10, Sum: 36]
      [Scan RS (ms): Min: 0.7, Avg: 0.9, Max: 1.1, Diff: 0.4, Sum: 3.6]
      [Code Root Scanning (ms): Min: 0.0, Avg: 0.0, Max: 0.0, Diff: 0.0, Sum: 0.0]
      [Object Copy (ms): Min: 1.3, Avg: 1.3, Max: 1.3, Diff: 0.1, Sum: 5.2]
      [Termination (ms): Min: 0.0, Avg: 0.0, Max: 0.0, Diff: 0.0, Sum: 0.0]
         [Termination Attempts: Min: 1, Avg: 1.0, Max: 1, Diff: 0, Sum: 4]
      [GC Worker Other (ms): Min: 0.0, Avg: 0.0, Max: 0.0, Diff: 0.0, Sum: 0.1]
      [GC Worker Total (ms): Min: 4.5, Avg: 4.5, Max: 4.5, Diff: 0.0, Sum: 18.0]
      [GC Worker End (ms): Min: 1671596.5, Avg: 1671596.5, Max: 1671596.5, Diff: 0.0]
   [Code Root Fixup: 0.1 ms]
   [Code Root Purge: 0.0 ms]
   [Clear CT: 0.1 ms]
   [Other: 0.5 ms]
      [Choose CSet: 0.0 ms]
      [Ref Proc: 0.3 ms]
      [Ref Enq: 0.0 ms]
      [Redirty Cards: 0.1 ms]
      [Humongous Register: 0.0 ms]
      [Humongous Reclaim: 0.0 ms]
      [Free CSet: 0.0 ms]
   [Eden: 79.0M(79.0M)->0.0B(79.0M) Survivors: 1024.0K->1024.0K Heap: 227.1M(256.0M)->147.8M(256.0M)]
 [Times: user=0.02 sys=0.00, real=0.01 secs] 
2020-04-13T16:11:28.650+0800: 1671.597: [GC concurrent-root-region-scan-start]
2020-04-13T16:11:28.653+0800: 1671.601: [GC concurrent-root-region-scan-end, 0.0036676 secs]
2020-04-13T16:11:28.653+0800: 1671.601: [GC concurrent-mark-start]
2020-04-13T16:11:28.680+0800: 1671.628: [GC concurrent-mark-end, 0.0269562 secs]
2020-04-13T16:11:28.681+0800: 1671.628: [GC remark 2020-04-13T16:11:28.681+0800: 1671.628: [Finalize Marking, 0.0001681 secs] 2020-04-13T16:11:28.681+0800: 1671.628: [GC ref-proc, 0.0001006 secs] 2020-04-13T16:11:28.681+0800: 1671.628: [Unloading, 0.0048995 secs], 0.0069711 secs]
 [Times: user=0.02 sys=0.00, real=0.00 secs] 
2020-04-13T16:11:28.688+0800: 1671.635: [GC cleanup 149M->149M(256M), 0.0004580 secs]
 [Times: user=0.00 sys=0.00, real=0.00 secs] 
2020-04-13T16:11:30.536+0800: 1673.484: [GC pause (G1 Evacuation Pause) (young), 0.0071923 secs]
   [Parallel Time: 6.1 ms, GC Workers: 4]
      [GC Worker Start (ms): Min: 1673484.0, Avg: 1673484.1, Max: 1673484.1, Diff: 0.1]
      [Ext Root Scanning (ms): Min: 0.3, Avg: 0.4, Max: 0.5, Diff: 0.2, Sum: 1.6]
      [Update RS (ms): Min: 0.7, Avg: 1.7, Max: 2.3, Diff: 1.6, Sum: 7.0]
         [Processed Buffers: Min: 3, Avg: 8.5, Max: 16, Diff: 13, Sum: 34]
      [Scan RS (ms): Min: 0.6, Avg: 0.7, Max: 0.8, Diff: 0.2, Sum: 3.0]
      [Code Root Scanning (ms): Min: 0.0, Avg: 0.0, Max: 0.0, Diff: 0.0, Sum: 0.0]
      [Object Copy (ms): Min: 1.4, Avg: 1.9, Max: 2.9, Diff: 1.5, Sum: 7.8]
      [Termination (ms): Min: 0.0, Avg: 0.9, Max: 1.3, Diff: 1.3, Sum: 3.5]
         [Termination Attempts: Min: 1, Avg: 1.2, Max: 2, Diff: 1, Sum: 5]
      [GC Worker Other (ms): Min: 0.0, Avg: 0.0, Max: 0.1, Diff: 0.0, Sum: 0.1]
      [GC Worker Total (ms): Min: 5.4, Avg: 5.7, Max: 6.0, Diff: 0.6, Sum: 22.8]
      [GC Worker End (ms): Min: 1673489.5, Avg: 1673489.8, Max: 1673490.0, Diff: 0.5]
   [Code Root Fixup: 0.1 ms]
   [Code Root Purge: 0.0 ms]
   [Clear CT: 0.1 ms]
   [Other: 1.0 ms]
      [Choose CSet: 0.0 ms]
      [Ref Proc: 0.8 ms]
      [Ref Enq: 0.0 ms]
      [Redirty Cards: 0.0 ms]
      [Humongous Register: 0.0 ms]
      [Humongous Reclaim: 0.0 ms]
      [Free CSet: 0.0 ms]
   [Eden: 79.0M(79.0M)->0.0B(79.0M) Survivors: 1024.0K->1024.0K Heap: 226.8M(256.0M)->148.2M(256.0M)]
 [Times: user=0.02 sys=0.00, real=0.01 secs] 
2020-04-13T16:11:32.459+0800: 1675.407: [GC pause (G1 Evacuation Pause) (young), 0.0097396 secs]
   [Parallel Time: 9.2 ms, GC Workers: 4]
      [GC Worker Start (ms): Min: 1675407.0, Avg: 1675407.0, Max: 1675407.0, Diff: 0.0]
      [Ext Root Scanning (ms): Min: 0.3, Avg: 0.4, Max: 0.5, Diff: 0.2, Sum: 1.6]
      [Update RS (ms): Min: 1.4, Avg: 2.8, Max: 6.5, Diff: 5.1, Sum: 11.1]
         [Processed Buffers: Min: 8, Avg: 9.5, Max: 12, Diff: 4, Sum: 38]
      [Scan RS (ms): Min: 0.0, Avg: 1.6, Max: 3.7, Diff: 3.7, Sum: 6.5]
      [Code Root Scanning (ms): Min: 0.0, Avg: 0.0, Max: 0.0, Diff: 0.0, Sum: 0.0]
      [Object Copy (ms): Min: 0.0, Avg: 1.4, Max: 2.7, Diff: 2.7, Sum: 5.6]
      [Termination (ms): Min: 0.0, Avg: 1.8, Max: 3.3, Diff: 3.3, Sum: 7.1]
         [Termination Attempts: Min: 1, Avg: 4.2, Max: 14, Diff: 13, Sum: 17]
      [GC Worker Other (ms): Min: 0.0, Avg: 0.0, Max: 0.0, Diff: 0.0, Sum: 0.0]
      [GC Worker Total (ms): Min: 6.9, Avg: 8.0, Max: 9.1, Diff: 2.3, Sum: 32.0]
      [GC Worker End (ms): Min: 1675413.8, Avg: 1675415.0, Max: 1675416.1, Diff: 2.3]
   [Code Root Fixup: 0.0 ms]
   [Code Root Purge: 0.0 ms]
   [Clear CT: 0.1 ms]
   [Other: 0.4 ms]
      [Choose CSet: 0.0 ms]
      [Ref Proc: 0.2 ms]
      [Ref Enq: 0.0 ms]
      [Redirty Cards: 0.1 ms]
      [Humongous Register: 0.0 ms]
      [Humongous Reclaim: 0.0 ms]
      [Free CSet: 0.0 ms]
   [Eden: 79.0M(79.0M)->0.0B(79.0M) Survivors: 1024.0K->1024.0K Heap: 227.2M(256.0M)->148.0M(256.0M)]
 [Times: user=0.02 sys=0.00, real=0.01 secs] 
2020-04-13T16:11:34.241+0800: 1677.189: [GC pause (G1 Evacuation Pause) (young) (initial-mark), 0.0046664 secs]
   [Parallel Time: 4.2 ms, GC Workers: 4]
      [GC Worker Start (ms): Min: 1677189.1, Avg: 1677189.2, Max: 1677189.5, Diff: 0.4]
      [Ext Root Scanning (ms): Min: 0.1, Avg: 0.5, Max: 0.7, Diff: 0.5, Sum: 2.1]
      [Update RS (ms): Min: 1.4, Avg: 1.5, Max: 1.6, Diff: 0.2, Sum: 5.9]
         [Processed Buffers: Min: 5, Avg: 7.5, Max: 14, Diff: 9, Sum: 30]
      [Scan RS (ms): Min: 0.7, Avg: 0.9, Max: 0.9, Diff: 0.2, Sum: 3.4]
      [Code Root Scanning (ms): Min: 0.0, Avg: 0.0, Max: 0.0, Diff: 0.0, Sum: 0.0]
      [Object Copy (ms): Min: 1.0, Avg: 1.1, Max: 1.4, Diff: 0.4, Sum: 4.6]
      [Termination (ms): Min: 0.0, Avg: 0.0, Max: 0.0, Diff: 0.0, Sum: 0.0]
         [Termination Attempts: Min: 1, Avg: 1.0, Max: 1, Diff: 0, Sum: 4]
      [GC Worker Other (ms): Min: 0.0, Avg: 0.0, Max: 0.0, Diff: 0.0, Sum: 0.0]
      [GC Worker Total (ms): Min: 3.7, Avg: 4.0, Max: 4.2, Diff: 0.4, Sum: 16.2]
      [GC Worker End (ms): Min: 1677193.2, Avg: 1677193.2, Max: 1677193.2, Diff: 0.0]
   [Code Root Fixup: 0.0 ms]
   [Code Root Purge: 0.0 ms]
   [Clear CT: 0.1 ms]
   [Other: 0.4 ms]
      [Choose CSet: 0.0 ms]
      [Ref Proc: 0.1 ms]
      [Ref Enq: 0.0 ms]
      [Redirty Cards: 0.1 ms]
      [Humongous Register: 0.0 ms]
      [Humongous Reclaim: 0.0 ms]
      [Free CSet: 0.0 ms]
   [Eden: 79.0M(79.0M)->0.0B(79.0M) Survivors: 1024.0K->1024.0K Heap: 227.0M(256.0M)->148.3M(256.0M)]
 [Times: user=0.02 sys=0.00, real=0.00 secs] 
2020-04-13T16:11:34.246+0800: 1677.194: [GC concurrent-root-region-scan-start]
2020-04-13T16:11:34.248+0800: 1677.196: [GC concurrent-root-region-scan-end, 0.0020069 secs]
2020-04-13T16:11:34.248+0800: 1677.196: [GC concurrent-mark-start]
2020-04-13T16:11:34.274+0800: 1677.221: [GC concurrent-mark-end, 0.0253838 secs]
2020-04-13T16:11:34.274+0800: 1677.221: [GC remark 2020-04-13T16:11:34.274+0800: 1677.221: [Finalize Marking, 0.0001254 secs] 2020-04-13T16:11:34.274+0800: 1677.221: [GC ref-proc, 0.0000753 secs] 2020-04-13T16:11:34.274+0800: 1677.222: [Unloading, 0.0040152 secs], 0.0056457 secs]
 [Times: user=0.01 sys=0.00, real=0.00 secs] 
2020-04-13T16:11:34.280+0800: 1677.227: [GC cleanup 149M->149M(256M), 0.0003851 secs]
 [Times: user=0.00 sys=0.00, real=0.00 secs] 
2020-04-13T16:11:35.937+0800: 1678.884: [GC pause (G1 Evacuation Pause) (young), 0.0051697 secs]
   [Parallel Time: 3.7 ms, GC Workers: 4]
      [GC Worker Start (ms): Min: 1678884.4, Avg: 1678884.4, Max: 1678884.4, Diff: 0.0]
      [Ext Root Scanning (ms): Min: 0.4, Avg: 0.4, Max: 0.5, Diff: 0.1, Sum: 1.7]
      [Update RS (ms): Min: 1.3, Avg: 1.5, Max: 1.6, Diff: 0.3, Sum: 5.9]
         [Processed Buffers: Min: 5, Avg: 7.8, Max: 10, Diff: 5, Sum: 31]
      [Scan RS (ms): Min: 0.6, Avg: 0.8, Max: 0.9, Diff: 0.3, Sum: 3.1]
      [Code Root Scanning (ms): Min: 0.0, Avg: 0.0, Max: 0.0, Diff: 0.0, Sum: 0.0]
      [Object Copy (ms): Min: 0.9, Avg: 1.0, Max: 1.1, Diff: 0.2, Sum: 4.0]
      [Termination (ms): Min: 0.0, Avg: 0.0, Max: 0.0, Diff: 0.0, Sum: 0.0]
         [Termination Attempts: Min: 1, Avg: 1.0, Max: 1, Diff: 0, Sum: 4]
      [GC Worker Other (ms): Min: 0.0, Avg: 0.0, Max: 0.0, Diff: 0.0, Sum: 0.0]
      [GC Worker Total (ms): Min: 3.6, Avg: 3.7, Max: 3.7, Diff: 0.0, Sum: 14.7]
      [GC Worker End (ms): Min: 1678888.1, Avg: 1678888.1, Max: 1678888.1, Diff: 0.0]
   [Code Root Fixup: 0.0 ms]
   [Code Root Purge: 0.0 ms]
   [Clear CT: 0.1 ms]
   [Other: 1.3 ms]
      [Choose CSet: 0.0 ms]
      [Ref Proc: 1.1 ms]
      [Ref Enq: 0.0 ms]
      [Redirty Cards: 0.1 ms]
      [Humongous Register: 0.0 ms]
      [Humongous Reclaim: 0.0 ms]
      [Free CSet: 0.0 ms]
   [Eden: 79.0M(79.0M)->0.0B(79.0M) Survivors: 1024.0K->1024.0K Heap: 227.3M(256.0M)->148.1M(256.0M)]
 [Times: user=0.02 sys=0.00, real=0.01 secs] 
2020-04-13T16:11:38.094+0800: 1681.042: [GC pause (G1 Evacuation Pause) (young), 0.0052269 secs]
   [Parallel Time: 4.2 ms, GC Workers: 4]
      [GC Worker Start (ms): Min: 1681041.8, Avg: 1681041.8, Max: 1681041.8, Diff: 0.0]
      [Ext Root Scanning (ms): Min: 0.3, Avg: 0.4, Max: 0.5, Diff: 0.2, Sum: 1.5]
      [Update RS (ms): Min: 1.7, Avg: 1.9, Max: 2.2, Diff: 0.5, Sum: 7.7]
         [Processed Buffers: Min: 4, Avg: 7.8, Max: 11, Diff: 7, Sum: 31]
      [Scan RS (ms): Min: 0.5, Avg: 0.7, Max: 0.8, Diff: 0.3, Sum: 2.7]
      [Code Root Scanning (ms): Min: 0.0, Avg: 0.0, Max: 0.0, Diff: 0.0, Sum: 0.0]
      [Object Copy (ms): Min: 1.1, Avg: 1.1, Max: 1.1, Diff: 0.1, Sum: 4.4]
      [Termination (ms): Min: 0.0, Avg: 0.0, Max: 0.0, Diff: 0.0, Sum: 0.0]
         [Termination Attempts: Min: 1, Avg: 1.0, Max: 1, Diff: 0, Sum: 4]
      [GC Worker Other (ms): Min: 0.0, Avg: 0.0, Max: 0.0, Diff: 0.0, Sum: 0.1]
      [GC Worker Total (ms): Min: 4.1, Avg: 4.1, Max: 4.1, Diff: 0.0, Sum: 16.3]
      [GC Worker End (ms): Min: 1681045.8, Avg: 1681045.8, Max: 1681045.9, Diff: 0.0]
   [Code Root Fixup: 0.0 ms]
   [Code Root Purge: 0.0 ms]
   [Clear CT: 0.1 ms]
   [Other: 1.0 ms]
      [Choose CSet: 0.0 ms]
      [Ref Proc: 0.7 ms]
      [Ref Enq: 0.0 ms]
      [Redirty Cards: 0.1 ms]
      [Humongous Register: 0.0 ms]
      [Humongous Reclaim: 0.0 ms]
      [Free CSet: 0.0 ms]
   [Eden: 79.0M(79.0M)->0.0B(79.0M) Survivors: 1024.0K->1024.0K Heap: 227.1M(256.0M)->148.4M(256.0M)]
 [Times: user=0.02 sys=0.00, real=0.01 secs] 
2020-04-13T16:11:39.743+0800: 1682.691: [GC pause (G1 Evacuation Pause) (young) (initial-mark), 0.0075696 secs]
   [Parallel Time: 6.6 ms, GC Workers: 4]
      [GC Worker Start (ms): Min: 1682691.0, Avg: 1682691.0, Max: 1682691.0, Diff: 0.0]
      [Ext Root Scanning (ms): Min: 0.8, Avg: 0.8, Max: 0.8, Diff: 0.0, Sum: 3.2]
      [Update RS (ms): Min: 2.3, Avg: 3.2, Max: 5.5, Diff: 3.2, Sum: 12.8]
         [Processed Buffers: Min: 1, Avg: 9.2, Max: 16, Diff: 15, Sum: 37]
      [Scan RS (ms): Min: 0.0, Avg: 0.9, Max: 2.3, Diff: 2.3, Sum: 3.8]
      [Code Root Scanning (ms): Min: 0.0, Avg: 0.0, Max: 0.0, Diff: 0.0, Sum: 0.0]
      [Object Copy (ms): Min: 0.2, Avg: 1.5, Max: 2.4, Diff: 2.2, Sum: 6.0]
      [Termination (ms): Min: 0.0, Avg: 0.0, Max: 0.0, Diff: 0.0, Sum: 0.0]
         [Termination Attempts: Min: 1, Avg: 1.0, Max: 1, Diff: 0, Sum: 4]
      [GC Worker Other (ms): Min: 0.0, Avg: 0.0, Max: 0.0, Diff: 0.0, Sum: 0.0]
      [GC Worker Total (ms): Min: 6.5, Avg: 6.5, Max: 6.5, Diff: 0.0, Sum: 25.9]
      [GC Worker End (ms): Min: 1682697.5, Avg: 1682697.5, Max: 1682697.5, Diff: 0.0]
   [Code Root Fixup: 0.1 ms]
   [Code Root Purge: 0.0 ms]
   [Clear CT: 0.1 ms]
   [Other: 0.9 ms]
      [Choose CSet: 0.0 ms]
      [Ref Proc: 0.6 ms]
      [Ref Enq: 0.0 ms]
      [Redirty Cards: 0.0 ms]
      [Humongous Register: 0.0 ms]
      [Humongous Reclaim: 0.0 ms]
      [Free CSet: 0.0 ms]
   [Eden: 79.0M(79.0M)->0.0B(79.0M) Survivors: 1024.0K->1024.0K Heap: 227.4M(256.0M)->148.2M(256.0M)]
 [Times: user=0.02 sys=0.00, real=0.01 secs] 
2020-04-13T16:11:39.751+0800: 1682.699: [GC concurrent-root-region-scan-start]
2020-04-13T16:11:39.754+0800: 1682.701: [GC concurrent-root-region-scan-end, 0.0023646 secs]
2020-04-13T16:11:39.754+0800: 1682.701: [GC concurrent-mark-start]
2020-04-13T16:11:39.779+0800: 1682.727: [GC concurrent-mark-end, 0.0256124 secs]
2020-04-13T16:11:39.779+0800: 1682.727: [GC remark 2020-04-13T16:11:39.779+0800: 1682.727: [Finalize Marking, 0.0049640 secs] 2020-04-13T16:11:39.784+0800: 1682.732: [GC ref-proc, 0.0000990 secs] 2020-04-13T16:11:39.785+0800: 1682.732: [Unloading, 0.0045215 secs], 0.0111268 secs]
 [Times: user=0.01 sys=0.00, real=0.02 secs] 
2020-04-13T16:11:39.791+0800: 1682.738: [GC cleanup 149M->149M(256M), 0.0003374 secs]
 [Times: user=0.01 sys=0.00, real=0.00 secs] 
2020-04-13T16:11:41.960+0800: 1684.908: [GC pause (G1 Evacuation Pause) (young), 0.0056396 secs]
   [Parallel Time: 4.5 ms, GC Workers: 4]
      [GC Worker Start (ms): Min: 1684907.7, Avg: 1684907.7, Max: 1684907.7, Diff: 0.0]
      [Ext Root Scanning (ms): Min: 0.3, Avg: 0.4, Max: 0.5, Diff: 0.1, Sum: 1.5]
      [Update RS (ms): Min: 2.0, Avg: 2.2, Max: 2.5, Diff: 0.4, Sum: 8.8]
         [Processed Buffers: Min: 2, Avg: 8.2, Max: 14, Diff: 12, Sum: 33]
      [Scan RS (ms): Min: 0.4, Avg: 0.7, Max: 0.8, Diff: 0.4, Sum: 2.6]
      [Code Root Scanning (ms): Min: 0.0, Avg: 0.0, Max: 0.0, Diff: 0.0, Sum: 0.0]
      [Object Copy (ms): Min: 1.1, Avg: 1.2, Max: 1.2, Diff: 0.1, Sum: 4.7]
      [Termination (ms): Min: 0.0, Avg: 0.0, Max: 0.0, Diff: 0.0, Sum: 0.0]
         [Termination Attempts: Min: 1, Avg: 1.0, Max: 1, Diff: 0, Sum: 4]
      [GC Worker Other (ms): Min: 0.0, Avg: 0.0, Max: 0.0, Diff: 0.0, Sum: 0.1]
      [GC Worker Total (ms): Min: 4.4, Avg: 4.4, Max: 4.4, Diff: 0.0, Sum: 17.7]
      [GC Worker End (ms): Min: 1684912.1, Avg: 1684912.1, Max: 1684912.1, Diff: 0.0]
   [Code Root Fixup: 0.1 ms]
   [Code Root Purge: 0.0 ms]
   [Clear CT: 0.1 ms]
   [Other: 1.0 ms]
      [Choose CSet: 0.0 ms]
      [Ref Proc: 0.6 ms]
      [Ref Enq: 0.0 ms]
      [Redirty Cards: 0.2 ms]
      [Humongous Register: 0.0 ms]
      [Humongous Reclaim: 0.0 ms]
      [Free CSet: 0.0 ms]
   [Eden: 79.0M(79.0M)->0.0B(77.0M) Survivors: 1024.0K->2048.0K Heap: 227.2M(256.0M)->148.7M(256.0M)]
 [Times: user=0.02 sys=0.00, real=0.00 secs] 
2020-04-13T16:11:43.868+0800: 1686.815: [GC pause (G1 Evacuation Pause) (young), 0.0070411 secs]
   [Parallel Time: 6.2 ms, GC Workers: 4]
      [GC Worker Start (ms): Min: 1686815.1, Avg: 1686815.1, Max: 1686815.1, Diff: 0.0]
      [Ext Root Scanning (ms): Min: 0.4, Avg: 1.1, Max: 2.9, Diff: 2.5, Sum: 4.2]
      [Update RS (ms): Min: 0.0, Avg: 1.7, Max: 2.4, Diff: 2.4, Sum: 6.8]
         [Processed Buffers: Min: 0, Avg: 7.0, Max: 15, Diff: 15, Sum: 28]
      [Scan RS (ms): Min: 0.9, Avg: 1.4, Max: 2.2, Diff: 1.3, Sum: 5.7]
      [Code Root Scanning (ms): Min: 0.0, Avg: 0.0, Max: 0.0, Diff: 0.0, Sum: 0.0]
      [Object Copy (ms): Min: 0.6, Avg: 1.6, Max: 2.2, Diff: 1.6, Sum: 6.3]
      [Termination (ms): Min: 0.0, Avg: 0.3, Max: 0.5, Diff: 0.5, Sum: 1.3]
         [Termination Attempts: Min: 1, Avg: 1.0, Max: 1, Diff: 0, Sum: 4]
      [GC Worker Other (ms): Min: 0.0, Avg: 0.0, Max: 0.0, Diff: 0.0, Sum: 0.0]
      [GC Worker Total (ms): Min: 6.1, Avg: 6.1, Max: 6.1, Diff: 0.1, Sum: 24.3]
      [GC Worker End (ms): Min: 1686821.2, Avg: 1686821.2, Max: 1686821.2, Diff: 0.0]
   [Code Root Fixup: 0.1 ms]
   [Code Root Purge: 0.0 ms]
   [Clear CT: 0.1 ms]
   [Other: 0.7 ms]
      [Choose CSet: 0.0 ms]
      [Ref Proc: 0.5 ms]
      [Ref Enq: 0.0 ms]
      [Redirty Cards: 0.1 ms]
      [Humongous Register: 0.0 ms]
      [Humongous Reclaim: 0.0 ms]
      [Free CSet: 0.0 ms]
   [Eden: 77.0M(77.0M)->0.0B(79.0M) Survivors: 2048.0K->1024.0K Heap: 225.7M(256.0M)->148.2M(256.0M)]
 [Times: user=0.02 sys=0.00, real=0.01 secs] 
2020-04-13T16:11:45.538+0800: 1688.486: [GC pause (G1 Evacuation Pause) (young) (initial-mark), 0.0058714 secs]
   [Parallel Time: 5.5 ms, GC Workers: 4]
      [GC Worker Start (ms): Min: 1688486.1, Avg: 1688486.2, Max: 1688486.2, Diff: 0.2]
      [Ext Root Scanning (ms): Min: 0.7, Avg: 0.9, Max: 1.1, Diff: 0.4, Sum: 3.6]
      [Update RS (ms): Min: 1.1, Avg: 1.5, Max: 2.0, Diff: 0.9, Sum: 6.2]
         [Processed Buffers: Min: 5, Avg: 7.8, Max: 11, Diff: 6, Sum: 31]
      [Scan RS (ms): Min: 0.7, Avg: 1.2, Max: 1.7, Diff: 1.0, Sum: 5.0]
      [Code Root Scanning (ms): Min: 0.0, Avg: 0.0, Max: 0.0, Diff: 0.0, Sum: 0.0]
      [Object Copy (ms): Min: 1.0, Avg: 1.3, Max: 1.5, Diff: 0.5, Sum: 5.3]
      [Termination (ms): Min: 0.0, Avg: 0.0, Max: 0.0, Diff: 0.0, Sum: 0.0]
         [Termination Attempts: Min: 1, Avg: 1.0, Max: 1, Diff: 0, Sum: 4]
      [GC Worker Other (ms): Min: 0.0, Avg: 0.0, Max: 0.0, Diff: 0.0, Sum: 0.1]
      [GC Worker Total (ms): Min: 4.9, Avg: 5.0, Max: 5.1, Diff: 0.2, Sum: 20.1]
      [GC Worker End (ms): Min: 1688491.2, Avg: 1688491.2, Max: 1688491.2, Diff: 0.0]
   [Code Root Fixup: 0.0 ms]
   [Code Root Purge: 0.0 ms]
   [Clear CT: 0.1 ms]
   [Other: 0.3 ms]
      [Choose CSet: 0.0 ms]
      [Ref Proc: 0.1 ms]
      [Ref Enq: 0.0 ms]
      [Redirty Cards: 0.0 ms]
      [Humongous Register: 0.0 ms]
      [Humongous Reclaim: 0.0 ms]
      [Free CSet: 0.0 ms]
   [Eden: 79.0M(79.0M)->0.0B(79.0M) Survivors: 1024.0K->1024.0K Heap: 227.2M(256.0M)->148.5M(256.0M)]
 [Times: user=0.02 sys=0.00, real=0.01 secs] 
2020-04-13T16:11:45.544+0800: 1688.492: [GC concurrent-root-region-scan-start]
2020-04-13T16:11:45.548+0800: 1688.495: [GC concurrent-root-region-scan-end, 0.0035612 secs]
2020-04-13T16:11:45.548+0800: 1688.495: [GC concurrent-mark-start]
2020-04-13T16:11:45.576+0800: 1688.523: [GC concurrent-mark-end, 0.0277938 secs]
2020-04-13T16:11:45.576+0800: 1688.523: [GC remark 2020-04-13T16:11:45.576+0800: 1688.523: [Finalize Marking, 0.0003245 secs] 2020-04-13T16:11:45.577+0800: 1688.524: [GC ref-proc, 0.0000999 secs] 2020-04-13T16:11:45.577+0800: 1688.524: [Unloading, 0.0039514 secs], 0.0064729 secs]
 [Times: user=0.02 sys=0.00, real=0.01 secs] 
2020-04-13T16:11:45.583+0800: 1688.530: [GC cleanup 150M->150M(256M), 0.0004794 secs]
 [Times: user=0.00 sys=0.00, real=0.00 secs] 
2020-04-13T16:11:47.216+0800: 1690.163: [GC pause (G1 Evacuation Pause) (young), 0.0041385 secs]
   [Parallel Time: 3.7 ms, GC Workers: 4]
      [GC Worker Start (ms): Min: 1690163.2, Avg: 1690163.2, Max: 1690163.2, Diff: 0.0]
      [Ext Root Scanning (ms): Min: 0.3, Avg: 0.4, Max: 0.5, Diff: 0.2, Sum: 1.6]
      [Update RS (ms): Min: 1.2, Avg: 1.5, Max: 1.7, Diff: 0.4, Sum: 5.8]
         [Processed Buffers: Min: 6, Avg: 8.0, Max: 10, Diff: 4, Sum: 32]
      [Scan RS (ms): Min: 0.6, Avg: 0.8, Max: 1.0, Diff: 0.3, Sum: 3.2]
      [Code Root Scanning (ms): Min: 0.0, Avg: 0.0, Max: 0.0, Diff: 0.0, Sum: 0.0]
      [Object Copy (ms): Min: 1.0, Avg: 1.0, Max: 1.1, Diff: 0.1, Sum: 4.1]
      [Termination (ms): Min: 0.0, Avg: 0.0, Max: 0.0, Diff: 0.0, Sum: 0.0]
         [Termination Attempts: Min: 1, Avg: 1.0, Max: 1, Diff: 0, Sum: 4]
      [GC Worker Other (ms): Min: 0.0, Avg: 0.0, Max: 0.0, Diff: 0.0, Sum: 0.0]
      [GC Worker Total (ms): Min: 3.7, Avg: 3.7, Max: 3.7, Diff: 0.0, Sum: 14.7]
      [GC Worker End (ms): Min: 1690166.9, Avg: 1690166.9, Max: 1690166.9, Diff: 0.0]
   [Code Root Fixup: 0.0 ms]
   [Code Root Purge: 0.0 ms]
   [Clear CT: 0.0 ms]
   [Other: 0.3 ms]
      [Choose CSet: 0.0 ms]
      [Ref Proc: 0.1 ms]
      [Ref Enq: 0.0 ms]
      [Redirty Cards: 0.1 ms]
      [Humongous Register: 0.0 ms]
      [Humongous Reclaim: 0.0 ms]
      [Free CSet: 0.0 ms]
   [Eden: 79.0M(79.0M)->0.0B(79.0M) Survivors: 1024.0K->1024.0K Heap: 227.5M(256.0M)->148.6M(256.0M)]
 [Times: user=0.01 sys=0.00, real=0.01 secs] 
2020-04-13T16:11:48.758+0800: 1691.705: [GC pause (G1 Evacuation Pause) (young), 0.0078519 secs]
   [Parallel Time: 6.2 ms, GC Workers: 4]
      [GC Worker Start (ms): Min: 1691705.2, Avg: 1691705.4, Max: 1691705.5, Diff: 0.3]
      [Ext Root Scanning (ms): Min: 0.6, Avg: 1.0, Max: 1.8, Diff: 1.2, Sum: 3.9]
      [Update RS (ms): Min: 1.3, Avg: 2.4, Max: 4.0, Diff: 2.7, Sum: 9.4]
         [Processed Buffers: Min: 5, Avg: 7.5, Max: 13, Diff: 8, Sum: 30]
      [Scan RS (ms): Min: 0.0, Avg: 1.3, Max: 2.5, Diff: 2.5, Sum: 5.3]
      [Code Root Scanning (ms): Min: 0.0, Avg: 0.0, Max: 0.0, Diff: 0.0, Sum: 0.0]
      [Object Copy (ms): Min: 0.6, Avg: 1.2, Max: 1.6, Diff: 0.9, Sum: 4.9]
      [Termination (ms): Min: 0.0, Avg: 0.0, Max: 0.0, Diff: 0.0, Sum: 0.0]
         [Termination Attempts: Min: 1, Avg: 1.0, Max: 1, Diff: 0, Sum: 4]
      [GC Worker Other (ms): Min: 0.0, Avg: 0.0, Max: 0.0, Diff: 0.0, Sum: 0.1]
      [GC Worker Total (ms): Min: 5.8, Avg: 5.9, Max: 6.1, Diff: 0.3, Sum: 23.6]
      [GC Worker End (ms): Min: 1691711.3, Avg: 1691711.3, Max: 1691711.3, Diff: 0.0]
   [Code Root Fixup: 0.0 ms]
   [Code Root Purge: 0.0 ms]
   [Clear CT: 0.0 ms]
   [Other: 1.6 ms]
      [Choose CSet: 0.0 ms]
      [Ref Proc: 1.3 ms]
      [Ref Enq: 0.0 ms]
      [Redirty Cards: 0.1 ms]
      [Humongous Register: 0.0 ms]
      [Humongous Reclaim: 0.0 ms]
      [Free CSet: 0.0 ms]
   [Eden: 79.0M(79.0M)->0.0B(79.0M) Survivors: 1024.0K->1024.0K Heap: 227.6M(256.0M)->148.4M(256.0M)]
 [Times: user=0.02 sys=0.00, real=0.01 secs] 
2020-04-13T16:11:50.836+0800: 1693.783: [GC pause (G1 Evacuation Pause) (young) (initial-mark), 0.0048280 secs]
   [Parallel Time: 4.4 ms, GC Workers: 4]
      [GC Worker Start (ms): Min: 1693782.9, Avg: 1693782.9, Max: 1693782.9, Diff: 0.0]
      [Ext Root Scanning (ms): Min: 0.6, Avg: 0.6, Max: 0.6, Diff: 0.1, Sum: 2.3]
      [Update RS (ms): Min: 1.4, Avg: 1.6, Max: 1.8, Diff: 0.4, Sum: 6.2]
         [Processed Buffers: Min: 4, Avg: 8.0, Max: 18, Diff: 14, Sum: 32]
      [Scan RS (ms): Min: 0.6, Avg: 0.8, Max: 1.0, Diff: 0.4, Sum: 3.4]
      [Code Root Scanning (ms): Min: 0.0, Avg: 0.0, Max: 0.0, Diff: 0.0, Sum: 0.0]
      [Object Copy (ms): Min: 1.2, Avg: 1.3, Max: 1.3, Diff: 0.1, Sum: 5.2]
      [Termination (ms): Min: 0.0, Avg: 0.0, Max: 0.0, Diff: 0.0, Sum: 0.0]
         [Termination Attempts: Min: 1, Avg: 1.0, Max: 1, Diff: 0, Sum: 4]
      [GC Worker Other (ms): Min: 0.0, Avg: 0.0, Max: 0.0, Diff: 0.0, Sum: 0.0]
      [GC Worker Total (ms): Min: 4.3, Avg: 4.3, Max: 4.3, Diff: 0.0, Sum: 17.2]
      [GC Worker End (ms): Min: 1693787.2, Avg: 1693787.2, Max: 1693787.2, Diff: 0.0]
   [Code Root Fixup: 0.0 ms]
   [Code Root Purge: 0.0 ms]
   [Clear CT: 0.1 ms]
   [Other: 0.3 ms]
      [Choose CSet: 0.0 ms]
      [Ref Proc: 0.1 ms]
      [Ref Enq: 0.0 ms]
      [Redirty Cards: 0.1 ms]
      [Humongous Register: 0.0 ms]
      [Humongous Reclaim: 0.0 ms]
      [Free CSet: 0.0 ms]
   [Eden: 79.0M(79.0M)->0.0B(79.0M) Survivors: 1024.0K->1024.0K Heap: 227.4M(256.0M)->148.8M(256.0M)]
 [Times: user=0.01 sys=0.00, real=0.01 secs] 
2020-04-13T16:11:50.840+0800: 1693.788: [GC concurrent-root-region-scan-start]
2020-04-13T16:11:50.844+0800: 1693.791: [GC concurrent-root-region-scan-end, 0.0030485 secs]
2020-04-13T16:11:50.844+0800: 1693.791: [GC concurrent-mark-start]
2020-04-13T16:11:50.867+0800: 1693.814: [GC concurrent-mark-end, 0.0232387 secs]
2020-04-13T16:11:50.867+0800: 1693.814: [GC remark 2020-04-13T16:11:50.867+0800: 1693.814: [Finalize Marking, 0.0002143 secs] 2020-04-13T16:11:50.867+0800: 1693.815: [GC ref-proc, 0.0000744 secs] 2020-04-13T16:11:50.867+0800: 1693.815: [Unloading, 0.0037282 secs], 0.0055947 secs]
 [Times: user=0.02 sys=0.00, real=0.01 secs] 
2020-04-13T16:11:50.873+0800: 1693.820: [GC cleanup 150M->150M(256M), 0.0006926 secs]
 [Times: user=0.00 sys=0.00, real=0.00 secs] 
2020-04-13T16:11:53.232+0800: 1696.179: [GC pause (G1 Evacuation Pause) (young), 0.0055135 secs]
   [Parallel Time: 5.1 ms, GC Workers: 4]
      [GC Worker Start (ms): Min: 1696179.4, Avg: 1696179.4, Max: 1696179.4, Diff: 0.0]
      [Ext Root Scanning (ms): Min: 0.3, Avg: 0.4, Max: 0.5, Diff: 0.2, Sum: 1.5]
      [Update RS (ms): Min: 1.8, Avg: 1.9, Max: 2.1, Diff: 0.3, Sum: 7.7]
         [Processed Buffers: Min: 0, Avg: 7.8, Max: 14, Diff: 14, Sum: 31]
      [Scan RS (ms): Min: 1.1, Avg: 1.3, Max: 1.4, Diff: 0.3, Sum: 5.2]
      [Code Root Scanning (ms): Min: 0.0, Avg: 0.0, Max: 0.0, Diff: 0.0, Sum: 0.0]
      [Object Copy (ms): Min: 1.3, Avg: 1.4, Max: 1.5, Diff: 0.2, Sum: 5.6]
      [Termination (ms): Min: 0.0, Avg: 0.0, Max: 0.0, Diff: 0.0, Sum: 0.0]
         [Termination Attempts: Min: 1, Avg: 1.0, Max: 1, Diff: 0, Sum: 4]
      [GC Worker Other (ms): Min: 0.0, Avg: 0.0, Max: 0.0, Diff: 0.0, Sum: 0.1]
      [GC Worker Total (ms): Min: 5.0, Avg: 5.0, Max: 5.0, Diff: 0.0, Sum: 20.1]
      [GC Worker End (ms): Min: 1696184.4, Avg: 1696184.4, Max: 1696184.4, Diff: 0.0]
   [Code Root Fixup: 0.0 ms]
   [Code Root Purge: 0.0 ms]
   [Clear CT: 0.1 ms]
   [Other: 0.3 ms]
      [Choose CSet: 0.0 ms]
      [Ref Proc: 0.1 ms]
      [Ref Enq: 0.0 ms]
      [Redirty Cards: 0.0 ms]
      [Humongous Register: 0.0 ms]
      [Humongous Reclaim: 0.0 ms]
      [Free CSet: 0.0 ms]
   [Eden: 79.0M(79.0M)->0.0B(79.0M) Survivors: 1024.0K->1024.0K Heap: 227.8M(256.0M)->148.6M(256.0M)]
 [Times: user=0.01 sys=0.00, real=0.00 secs] 
2020-04-13T16:11:54.727+0800: 1697.674: [GC pause (G1 Evacuation Pause) (young), 0.0051036 secs]
   [Parallel Time: 4.1 ms, GC Workers: 4]
      [GC Worker Start (ms): Min: 1697674.5, Avg: 1697674.5, Max: 1697674.6, Diff: 0.1]
      [Ext Root Scanning (ms): Min: 0.3, Avg: 0.4, Max: 0.5, Diff: 0.2, Sum: 1.6]
      [Update RS (ms): Min: 1.6, Avg: 1.7, Max: 1.8, Diff: 0.2, Sum: 6.7]
         [Processed Buffers: Min: 5, Avg: 8.5, Max: 13, Diff: 8, Sum: 34]
      [Scan RS (ms): Min: 0.5, Avg: 0.7, Max: 0.8, Diff: 0.3, Sum: 2.7]
      [Code Root Scanning (ms): Min: 0.0, Avg: 0.0, Max: 0.0, Diff: 0.0, Sum: 0.0]
      [Object Copy (ms): Min: 1.1, Avg: 1.2, Max: 1.3, Diff: 0.1, Sum: 4.8]
      [Termination (ms): Min: 0.0, Avg: 0.0, Max: 0.0, Diff: 0.0, Sum: 0.0]
         [Termination Attempts: Min: 1, Avg: 1.0, Max: 1, Diff: 0, Sum: 4]
      [GC Worker Other (ms): Min: 0.0, Avg: 0.0, Max: 0.0, Diff: 0.0, Sum: 0.0]
      [GC Worker Total (ms): Min: 3.9, Avg: 3.9, Max: 4.0, Diff: 0.1, Sum: 15.8]
      [GC Worker End (ms): Min: 1697678.5, Avg: 1697678.5, Max: 1697678.5, Diff: 0.0]
   [Code Root Fixup: 0.0 ms]
   [Code Root Purge: 0.0 ms]
   [Clear CT: 0.0 ms]
   [Other: 0.9 ms]
      [Choose CSet: 0.0 ms]
      [Ref Proc: 0.7 ms]
      [Ref Enq: 0.0 ms]
      [Redirty Cards: 0.1 ms]
      [Humongous Register: 0.0 ms]
      [Humongous Reclaim: 0.0 ms]
      [Free CSet: 0.0 ms]
   [Eden: 79.0M(79.0M)->0.0B(77.0M) Survivors: 1024.0K->2048.0K Heap: 227.6M(256.0M)->149.0M(256.0M)]
 [Times: user=0.01 sys=0.00, real=0.01 secs] 
2020-04-13T16:11:56.169+0800: 1699.116: [GC pause (G1 Evacuation Pause) (young) (initial-mark), 0.0157347 secs]
   [Parallel Time: 15.3 ms, GC Workers: 4]
      [GC Worker Start (ms): Min: 1699116.4, Avg: 1699116.4, Max: 1699116.5, Diff: 0.0]
      [Ext Root Scanning (ms): Min: 0.6, Avg: 0.6, Max: 0.6, Diff: 0.0, Sum: 2.3]
      [Update RS (ms): Min: 1.7, Avg: 1.7, Max: 1.8, Diff: 0.2, Sum: 7.0]
         [Processed Buffers: Min: 4, Avg: 8.2, Max: 12, Diff: 8, Sum: 33]
      [Scan RS (ms): Min: 0.7, Avg: 2.1, Max: 4.1, Diff: 3.4, Sum: 8.6]
      [Code Root Scanning (ms): Min: 0.0, Avg: 0.0, Max: 0.0, Diff: 0.0, Sum: 0.0]
      [Object Copy (ms): Min: 0.1, Avg: 1.7, Max: 3.0, Diff: 2.9, Sum: 6.6]
      [Termination (ms): Min: 0.0, Avg: 4.9, Max: 9.3, Diff: 9.3, Sum: 19.4]
         [Termination Attempts: Min: 1, Avg: 1.0, Max: 1, Diff: 0, Sum: 4]
      [GC Worker Other (ms): Min: 0.0, Avg: 0.0, Max: 0.0, Diff: 0.0, Sum: 0.0]
      [GC Worker Total (ms): Min: 6.6, Avg: 11.0, Max: 15.3, Diff: 8.7, Sum: 43.9]
      [GC Worker End (ms): Min: 1699123.1, Avg: 1699127.4, Max: 1699131.7, Diff: 8.6]
   [Code Root Fixup: 0.0 ms]
   [Code Root Purge: 0.0 ms]
   [Clear CT: 0.1 ms]
   [Other: 0.3 ms]
      [Choose CSet: 0.0 ms]
      [Ref Proc: 0.1 ms]
      [Ref Enq: 0.0 ms]
      [Redirty Cards: 0.1 ms]
      [Humongous Register: 0.0 ms]
      [Humongous Reclaim: 0.0 ms]
      [Free CSet: 0.0 ms]
   [Eden: 77.0M(77.0M)->0.0B(79.0M) Survivors: 2048.0K->1024.0K Heap: 226.0M(256.0M)->148.8M(256.0M)]
 [Times: user=0.02 sys=0.00, real=0.02 secs] 
2020-04-13T16:11:56.185+0800: 1699.132: [GC concurrent-root-region-scan-start]
2020-04-13T16:11:56.189+0800: 1699.136: [GC concurrent-root-region-scan-end, 0.0036856 secs]
2020-04-13T16:11:56.189+0800: 1699.136: [GC concurrent-mark-start]
2020-04-13T16:11:56.217+0800: 1699.165: [GC concurrent-mark-end, 0.0287575 secs]
2020-04-13T16:11:56.218+0800: 1699.165: [GC remark 2020-04-13T16:11:56.218+0800: 1699.165: [Finalize Marking, 0.0001138 secs] 2020-04-13T16:11:56.218+0800: 1699.165: [GC ref-proc, 0.0000793 secs] 2020-04-13T16:11:56.218+0800: 1699.165: [Unloading, 0.0045826 secs], 0.0067950 secs]
 [Times: user=0.02 sys=0.00, real=0.01 secs] 
2020-04-13T16:11:56.225+0800: 1699.172: [GC cleanup 150M->150M(256M), 0.0003399 secs]
 [Times: user=0.00 sys=0.00, real=0.00 secs] 
2020-04-13T16:11:57.705+0800: 1700.652: [GC pause (G1 Evacuation Pause) (young), 0.0066803 secs]
   [Parallel Time: 5.7 ms, GC Workers: 4]
      [GC Worker Start (ms): Min: 1700653.1, Avg: 1700654.6, Max: 1700655.5, Diff: 2.4]
      [Ext Root Scanning (ms): Min: 0.0, Avg: 0.4, Max: 1.2, Diff: 1.2, Sum: 1.4]
      [Update RS (ms): Min: 1.1, Avg: 1.8, Max: 2.4, Diff: 1.3, Sum: 7.1]
         [Processed Buffers: Min: 6, Avg: 9.0, Max: 12, Diff: 6, Sum: 36]
      [Scan RS (ms): Min: 0.6, Avg: 0.7, Max: 0.8, Diff: 0.2, Sum: 2.7]
      [Code Root Scanning (ms): Min: 0.0, Avg: 0.0, Max: 0.0, Diff: 0.0, Sum: 0.0]
      [Object Copy (ms): Min: 1.1, Avg: 1.2, Max: 1.2, Diff: 0.1, Sum: 4.6]
      [Termination (ms): Min: 0.0, Avg: 0.0, Max: 0.0, Diff: 0.0, Sum: 0.0]
         [Termination Attempts: Min: 1, Avg: 1.0, Max: 1, Diff: 0, Sum: 4]
      [GC Worker Other (ms): Min: 0.0, Avg: 0.0, Max: 0.0, Diff: 0.0, Sum: 0.0]
      [GC Worker Total (ms): Min: 3.0, Avg: 4.0, Max: 5.4, Diff: 2.4, Sum: 15.9]
      [GC Worker End (ms): Min: 1700658.5, Avg: 1700658.5, Max: 1700658.5, Diff: 0.0]
   [Code Root Fixup: 0.1 ms]
   [Code Root Purge: 0.0 ms]
   [Clear CT: 0.1 ms]
   [Other: 0.9 ms]
      [Choose CSet: 0.0 ms]
      [Ref Proc: 0.1 ms]
      [Ref Enq: 0.0 ms]
      [Redirty Cards: 0.0 ms]
      [Humongous Register: 0.1 ms]
      [Humongous Reclaim: 0.0 ms]
      [Free CSet: 0.0 ms]
   [Eden: 79.0M(79.0M)->0.0B(78.0M) Survivors: 1024.0K->1024.0K Heap: 227.8M(256.0M)->149.0M(256.0M)]
 [Times: user=0.02 sys=0.00, real=0.01 secs] 
2020-04-13T16:11:59.297+0800: 1702.244: [GC pause (G1 Evacuation Pause) (young), 0.0080061 secs]
   [Parallel Time: 7.3 ms, GC Workers: 4]
      [GC Worker Start (ms): Min: 1702244.2, Avg: 1702244.2, Max: 1702244.3, Diff: 0.2]
      [Ext Root Scanning (ms): Min: 0.2, Avg: 0.4, Max: 0.6, Diff: 0.4, Sum: 1.5]
      [Update RS (ms): Min: 2.2, Avg: 3.6, Max: 6.5, Diff: 4.2, Sum: 14.3]
         [Processed Buffers: Min: 1, Avg: 8.2, Max: 12, Diff: 11, Sum: 33]
      [Scan RS (ms): Min: 0.0, Avg: 0.5, Max: 1.1, Diff: 1.1, Sum: 2.0]
      [Code Root Scanning (ms): Min: 0.0, Avg: 0.0, Max: 0.0, Diff: 0.0, Sum: 0.0]
      [Object Copy (ms): Min: 0.0, Avg: 1.8, Max: 2.6, Diff: 2.6, Sum: 7.3]
      [Termination (ms): Min: 0.0, Avg: 0.8, Max: 1.1, Diff: 1.1, Sum: 3.1]
         [Termination Attempts: Min: 1, Avg: 7.0, Max: 24, Diff: 23, Sum: 28]
      [GC Worker Other (ms): Min: 0.0, Avg: 0.0, Max: 0.0, Diff: 0.0, Sum: 0.0]
      [GC Worker Total (ms): Min: 7.0, Avg: 7.1, Max: 7.2, Diff: 0.2, Sum: 28.3]
      [GC Worker End (ms): Min: 1702251.2, Avg: 1702251.3, Max: 1702251.4, Diff: 0.2]
   [Code Root Fixup: 0.1 ms]
   [Code Root Purge: 0.0 ms]
   [Clear CT: 0.1 ms]
   [Other: 0.6 ms]
      [Choose CSet: 0.0 ms]
      [Ref Proc: 0.4 ms]
      [Ref Enq: 0.0 ms]
      [Redirty Cards: 0.1 ms]
      [Humongous Register: 0.0 ms]
      [Humongous Reclaim: 0.0 ms]
      [Free CSet: 0.0 ms]
   [Eden: 78.0M(78.0M)->0.0B(78.0M) Survivors: 1024.0K->1024.0K Heap: 227.0M(256.0M)->148.8M(256.0M)]
 [Times: user=0.02 sys=0.00, real=0.01 secs] 
2020-04-13T16:12:00.745+0800: 1703.692: [GC pause (G1 Evacuation Pause) (young) (initial-mark), 0.0061278 secs]
   [Parallel Time: 5.6 ms, GC Workers: 4]
      [GC Worker Start (ms): Min: 1703692.1, Avg: 1703692.1, Max: 1703692.2, Diff: 0.0]
      [Ext Root Scanning (ms): Min: 0.6, Avg: 0.6, Max: 0.6, Diff: 0.1, Sum: 2.4]
      [Update RS (ms): Min: 1.8, Avg: 2.6, Max: 4.9, Diff: 3.0, Sum: 10.5]
         [Processed Buffers: Min: 3, Avg: 8.2, Max: 12, Diff: 9, Sum: 33]
      [Scan RS (ms): Min: 0.0, Avg: 0.5, Max: 0.8, Diff: 0.8, Sum: 1.9]
      [Code Root Scanning (ms): Min: 0.0, Avg: 0.0, Max: 0.0, Diff: 0.0, Sum: 0.0]
      [Object Copy (ms): Min: 0.0, Avg: 1.1, Max: 1.6, Diff: 1.6, Sum: 4.5]
      [Termination (ms): Min: 0.0, Avg: 0.6, Max: 1.0, Diff: 1.0, Sum: 2.5]
         [Termination Attempts: Min: 1, Avg: 40.5, Max: 82, Diff: 81, Sum: 162]
      [GC Worker Other (ms): Min: 0.0, Avg: 0.0, Max: 0.0, Diff: 0.0, Sum: 0.0]
      [GC Worker Total (ms): Min: 5.5, Avg: 5.5, Max: 5.5, Diff: 0.0, Sum: 21.9]
      [GC Worker End (ms): Min: 1703697.6, Avg: 1703697.6, Max: 1703697.6, Diff: 0.0]
   [Code Root Fixup: 0.0 ms]
   [Code Root Purge: 0.0 ms]
   [Clear CT: 0.1 ms]
   [Other: 0.5 ms]
      [Choose CSet: 0.0 ms]
      [Ref Proc: 0.3 ms]
      [Ref Enq: 0.0 ms]
      [Redirty Cards: 0.1 ms]
      [Humongous Register: 0.0 ms]
      [Humongous Reclaim: 0.0 ms]
      [Free CSet: 0.0 ms]
   [Eden: 78.0M(78.0M)->0.0B(78.0M) Survivors: 1024.0K->1024.0K Heap: 226.8M(256.0M)->149.0M(256.0M)]
 [Times: user=0.01 sys=0.00, real=0.01 secs] 
2020-04-13T16:12:00.751+0800: 1703.698: [GC concurrent-root-region-scan-start]
2020-04-13T16:12:00.755+0800: 1703.702: [GC concurrent-root-region-scan-end, 0.0034741 secs]
2020-04-13T16:12:00.755+0800: 1703.702: [GC concurrent-mark-start]
2020-04-13T16:12:00.781+0800: 1703.728: [GC concurrent-mark-end, 0.0262463 secs]
2020-04-13T16:12:00.781+0800: 1703.728: [GC remark 2020-04-13T16:12:00.781+0800: 1703.728: [Finalize Marking, 0.0001839 secs] 2020-04-13T16:12:00.781+0800: 1703.729: [GC ref-proc, 0.0000919 secs] 2020-04-13T16:12:00.782+0800: 1703.729: [Unloading, 0.0042793 secs], 0.0061404 secs]
 [Times: user=0.02 sys=0.00, real=0.00 secs] 
2020-04-13T16:12:00.788+0800: 1703.735: [GC cleanup 150M->150M(256M), 0.0003138 secs]
 [Times: user=0.00 sys=0.00, real=0.00 secs] 
2020-04-13T16:12:02.312+0800: 1705.259: [GC pause (G1 Evacuation Pause) (young), 0.0056142 secs]
   [Parallel Time: 4.5 ms, GC Workers: 4]
      [GC Worker Start (ms): Min: 1705259.5, Avg: 1705259.5, Max: 1705259.6, Diff: 0.1]
      [Ext Root Scanning (ms): Min: 0.3, Avg: 0.4, Max: 0.5, Diff: 0.2, Sum: 1.5]
      [Update RS (ms): Min: 1.8, Avg: 2.2, Max: 2.8, Diff: 1.0, Sum: 8.8]
         [Processed Buffers: Min: 0, Avg: 8.0, Max: 19, Diff: 19, Sum: 32]
      [Scan RS (ms): Min: 0.1, Avg: 0.6, Max: 0.9, Diff: 0.8, Sum: 2.6]
      [Code Root Scanning (ms): Min: 0.0, Avg: 0.0, Max: 0.0, Diff: 0.0, Sum: 0.0]
      [Object Copy (ms): Min: 1.2, Avg: 1.2, Max: 1.3, Diff: 0.1, Sum: 4.9]
      [Termination (ms): Min: 0.0, Avg: 0.0, Max: 0.0, Diff: 0.0, Sum: 0.0]
         [Termination Attempts: Min: 1, Avg: 1.0, Max: 1, Diff: 0, Sum: 4]
      [GC Worker Other (ms): Min: 0.0, Avg: 0.0, Max: 0.0, Diff: 0.0, Sum: 0.0]
      [GC Worker Total (ms): Min: 4.4, Avg: 4.4, Max: 4.5, Diff: 0.0, Sum: 17.8]
      [GC Worker End (ms): Min: 1705264.0, Avg: 1705264.0, Max: 1705264.0, Diff: 0.0]
   [Code Root Fixup: 0.0 ms]
   [Code Root Purge: 0.0 ms]
   [Clear CT: 0.1 ms]
   [Other: 1.0 ms]
      [Choose CSet: 0.0 ms]
      [Ref Proc: 0.8 ms]
      [Ref Enq: 0.0 ms]
      [Redirty Cards: 0.1 ms]
      [Humongous Register: 0.0 ms]
      [Humongous Reclaim: 0.0 ms]
      [Free CSet: 0.0 ms]
   [Eden: 78.0M(78.0M)->0.0B(11.0M) Survivors: 1024.0K->1024.0K Heap: 227.0M(256.0M)->149.1M(256.0M)]
 [Times: user=0.02 sys=0.00, real=0.00 secs] 
2020-04-13T16:12:02.508+0800: 1705.456: [GC pause (G1 Evacuation Pause) (mixed), 0.0056655 secs]
   [Parallel Time: 5.2 ms, GC Workers: 4]
      [GC Worker Start (ms): Min: 1705455.6, Avg: 1705455.6, Max: 1705455.6, Diff: 0.0]
      [Ext Root Scanning (ms): Min: 0.4, Avg: 0.4, Max: 0.5, Diff: 0.1, Sum: 1.8]
      [Update RS (ms): Min: 1.1, Avg: 1.2, Max: 1.3, Diff: 0.2, Sum: 4.8]
         [Processed Buffers: Min: 3, Avg: 5.5, Max: 10, Diff: 7, Sum: 22]
      [Scan RS (ms): Min: 1.3, Avg: 1.3, Max: 1.4, Diff: 0.1, Sum: 5.4]
      [Code Root Scanning (ms): Min: 0.0, Avg: 0.0, Max: 0.0, Diff: 0.0, Sum: 0.0]
      [Object Copy (ms): Min: 1.6, Avg: 1.8, Max: 2.1, Diff: 0.5, Sum: 7.2]
      [Termination (ms): Min: 0.0, Avg: 0.4, Max: 0.7, Diff: 0.7, Sum: 1.5]
         [Termination Attempts: Min: 1, Avg: 1.0, Max: 1, Diff: 0, Sum: 4]
      [GC Worker Other (ms): Min: 0.0, Avg: 0.0, Max: 0.0, Diff: 0.0, Sum: 0.0]
      [GC Worker Total (ms): Min: 5.1, Avg: 5.2, Max: 5.2, Diff: 0.1, Sum: 20.7]
      [GC Worker End (ms): Min: 1705460.7, Avg: 1705460.8, Max: 1705460.8, Diff: 0.0]
   [Code Root Fixup: 0.1 ms]
   [Code Root Purge: 0.0 ms]
   [Clear CT: 0.0 ms]
   [Other: 0.3 ms]
      [Choose CSet: 0.0 ms]
      [Ref Proc: 0.1 ms]
      [Ref Enq: 0.0 ms]
      [Redirty Cards: 0.1 ms]
      [Humongous Register: 0.0 ms]
      [Humongous Reclaim: 0.0 ms]
      [Free CSet: 0.0 ms]
   [Eden: 11.0M(11.0M)->0.0B(79.0M) Survivors: 1024.0K->1024.0K Heap: 160.1M(256.0M)->148.2M(256.0M)]
 [Times: user=0.02 sys=0.00, real=0.01 secs] 
2020-04-13T16:12:03.998+0800: 1706.945: [GC pause (G1 Evacuation Pause) (young), 0.0067667 secs]
   [Parallel Time: 5.9 ms, GC Workers: 4]
      [GC Worker Start (ms): Min: 1706944.8, Avg: 1706944.8, Max: 1706944.8, Diff: 0.0]
      [Ext Root Scanning (ms): Min: 0.3, Avg: 0.4, Max: 0.5, Diff: 0.2, Sum: 1.6]
      [Update RS (ms): Min: 1.5, Avg: 1.6, Max: 1.7, Diff: 0.2, Sum: 6.4]
         [Processed Buffers: Min: 4, Avg: 6.8, Max: 9, Diff: 5, Sum: 27]
      [Scan RS (ms): Min: 0.8, Avg: 1.0, Max: 1.2, Diff: 0.4, Sum: 4.0]
      [Code Root Scanning (ms): Min: 0.0, Avg: 0.0, Max: 0.0, Diff: 0.0, Sum: 0.0]
      [Object Copy (ms): Min: 1.4, Avg: 1.6, Max: 2.1, Diff: 0.7, Sum: 6.5]
      [Termination (ms): Min: 0.0, Avg: 0.9, Max: 1.4, Diff: 1.4, Sum: 3.4]
         [Termination Attempts: Min: 1, Avg: 1.0, Max: 1, Diff: 0, Sum: 4]
      [GC Worker Other (ms): Min: 0.0, Avg: 0.0, Max: 0.0, Diff: 0.0, Sum: 0.0]
      [GC Worker Total (ms): Min: 5.2, Avg: 5.5, Max: 5.8, Diff: 0.6, Sum: 22.1]
      [GC Worker End (ms): Min: 1706950.0, Avg: 1706950.3, Max: 1706950.7, Diff: 0.7]
   [Code Root Fixup: 0.0 ms]
   [Code Root Purge: 0.0 ms]
   [Clear CT: 0.1 ms]
   [Other: 0.7 ms]
      [Choose CSet: 0.0 ms]
      [Ref Proc: 0.5 ms]
      [Ref Enq: 0.0 ms]
      [Redirty Cards: 0.1 ms]
      [Humongous Register: 0.0 ms]
      [Humongous Reclaim: 0.0 ms]
      [Free CSet: 0.0 ms]
   [Eden: 79.0M(79.0M)->0.0B(79.0M) Survivors: 1024.0K->1024.0K Heap: 227.2M(256.0M)->148.7M(256.0M)]
 [Times: user=0.02 sys=0.00, real=0.01 secs] 
2020-04-13T16:12:05.371+0800: 1708.318: [GC pause (G1 Evacuation Pause) (young) (initial-mark), 0.0054228 secs]
   [Parallel Time: 4.9 ms, GC Workers: 4]
      [GC Worker Start (ms): Min: 1708318.5, Avg: 1708318.6, Max: 1708318.8, Diff: 0.2]
      [Ext Root Scanning (ms): Min: 0.8, Avg: 1.0, Max: 1.0, Diff: 0.3, Sum: 3.8]
      [Update RS (ms): Min: 1.8, Avg: 1.9, Max: 2.0, Diff: 0.3, Sum: 7.5]
         [Processed Buffers: Min: 5, Avg: 8.0, Max: 12, Diff: 7, Sum: 32]
      [Scan RS (ms): Min: 0.6, Avg: 0.8, Max: 0.9, Diff: 0.3, Sum: 3.1]
      [Code Root Scanning (ms): Min: 0.0, Avg: 0.0, Max: 0.0, Diff: 0.0, Sum: 0.0]
      [Object Copy (ms): Min: 1.1, Avg: 1.1, Max: 1.2, Diff: 0.1, Sum: 4.5]
      [Termination (ms): Min: 0.0, Avg: 0.0, Max: 0.0, Diff: 0.0, Sum: 0.0]
         [Termination Attempts: Min: 1, Avg: 1.2, Max: 2, Diff: 1, Sum: 5]
      [GC Worker Other (ms): Min: 0.0, Avg: 0.0, Max: 0.0, Diff: 0.0, Sum: 0.1]
      [GC Worker Total (ms): Min: 4.6, Avg: 4.8, Max: 4.8, Diff: 0.2, Sum: 19.1]
      [GC Worker End (ms): Min: 1708323.4, Avg: 1708323.4, Max: 1708323.4, Diff: 0.0]
   [Code Root Fixup: 0.0 ms]
   [Code Root Purge: 0.0 ms]
   [Clear CT: 0.0 ms]
   [Other: 0.4 ms]
      [Choose CSet: 0.0 ms]
      [Ref Proc: 0.2 ms]
      [Ref Enq: 0.0 ms]
      [Redirty Cards: 0.0 ms]
      [Humongous Register: 0.0 ms]
      [Humongous Reclaim: 0.0 ms]
      [Free CSet: 0.0 ms]
   [Eden: 79.0M(79.0M)->0.0B(79.0M) Survivors: 1024.0K->1024.0K Heap: 227.7M(256.0M)->148.5M(256.0M)]
 [Times: user=0.02 sys=0.00, real=0.00 secs] 
2020-04-13T16:12:05.377+0800: 1708.324: [GC concurrent-root-region-scan-start]
2020-04-13T16:12:05.380+0800: 1708.327: [GC concurrent-root-region-scan-end, 0.0031190 secs]
2020-04-13T16:12:05.380+0800: 1708.327: [GC concurrent-mark-start]
2020-04-13T16:12:05.405+0800: 1708.352: [GC concurrent-mark-end, 0.0245702 secs]
2020-04-13T16:12:05.405+0800: 1708.352: [GC remark 2020-04-13T16:12:05.405+0800: 1708.352: [Finalize Marking, 0.0001240 secs] 2020-04-13T16:12:05.405+0800: 1708.352: [GC ref-proc, 0.0000793 secs] 2020-04-13T16:12:05.405+0800: 1708.352: [Unloading, 0.0038741 secs], 0.0054291 secs]
 [Times: user=0.02 sys=0.00, real=0.01 secs] 
2020-04-13T16:12:05.410+0800: 1708.357: [GC cleanup 150M->150M(256M), 0.0003448 secs]
 [Times: user=0.00 sys=0.00, real=0.00 secs] 
2020-04-13T16:12:07.126+0800: 1710.073: [GC pause (G1 Evacuation Pause) (young), 0.0052868 secs]
   [Parallel Time: 4.3 ms, GC Workers: 4]
      [GC Worker Start (ms): Min: 1710072.9, Avg: 1710072.9, Max: 1710072.9, Diff: 0.0]
      [Ext Root Scanning (ms): Min: 0.4, Avg: 0.4, Max: 0.5, Diff: 0.1, Sum: 1.6]
      [Update RS (ms): Min: 1.6, Avg: 1.6, Max: 1.7, Diff: 0.1, Sum: 6.4]
         [Processed Buffers: Min: 7, Avg: 8.2, Max: 10, Diff: 3, Sum: 33]
      [Scan RS (ms): Min: 0.6, Avg: 0.7, Max: 0.9, Diff: 0.3, Sum: 2.9]
      [Code Root Scanning (ms): Min: 0.0, Avg: 0.0, Max: 0.0, Diff: 0.0, Sum: 0.0]
      [Object Copy (ms): Min: 1.1, Avg: 1.4, Max: 1.6, Diff: 0.4, Sum: 5.4]
      [Termination (ms): Min: 0.0, Avg: 0.2, Max: 0.2, Diff: 0.2, Sum: 0.7]
         [Termination Attempts: Min: 1, Avg: 1.2, Max: 2, Diff: 1, Sum: 5]
      [GC Worker Other (ms): Min: 0.0, Avg: 0.0, Max: 0.0, Diff: 0.0, Sum: 0.0]
      [GC Worker Total (ms): Min: 4.2, Avg: 4.3, Max: 4.3, Diff: 0.1, Sum: 17.1]
      [GC Worker End (ms): Min: 1710077.2, Avg: 1710077.2, Max: 1710077.2, Diff: 0.1]
   [Code Root Fixup: 0.0 ms]
   [Code Root Purge: 0.0 ms]
   [Clear CT: 0.1 ms]
   [Other: 0.8 ms]
      [Choose CSet: 0.0 ms]
      [Ref Proc: 0.6 ms]
      [Ref Enq: 0.0 ms]
      [Redirty Cards: 0.1 ms]
      [Humongous Register: 0.0 ms]
      [Humongous Reclaim: 0.0 ms]
      [Free CSet: 0.0 ms]
   [Eden: 79.0M(79.0M)->0.0B(79.0M) Survivors: 1024.0K->1024.0K Heap: 227.5M(256.0M)->148.6M(256.0M)]
 [Times: user=0.02 sys=0.00, real=0.01 secs] 
2020-04-13T16:12:08.650+0800: 1711.597: [GC pause (G1 Evacuation Pause) (young), 0.0053584 secs]
   [Parallel Time: 4.4 ms, GC Workers: 4]
      [GC Worker Start (ms): Min: 1711597.1, Avg: 1711597.1, Max: 1711597.1, Diff: 0.0]
      [Ext Root Scanning (ms): Min: 0.3, Avg: 0.4, Max: 0.5, Diff: 0.2, Sum: 1.5]
      [Update RS (ms): Min: 1.6, Avg: 1.6, Max: 1.7, Diff: 0.1, Sum: 6.6]
         [Processed Buffers: Min: 4, Avg: 7.8, Max: 11, Diff: 7, Sum: 31]
      [Scan RS (ms): Min: 0.7, Avg: 0.8, Max: 0.9, Diff: 0.2, Sum: 3.2]
      [Code Root Scanning (ms): Min: 0.0, Avg: 0.0, Max: 0.0, Diff: 0.0, Sum: 0.0]
      [Object Copy (ms): Min: 1.5, Avg: 1.5, Max: 1.6, Diff: 0.1, Sum: 6.1]
      [Termination (ms): Min: 0.0, Avg: 0.0, Max: 0.0, Diff: 0.0, Sum: 0.0]
         [Termination Attempts: Min: 1, Avg: 1.0, Max: 1, Diff: 0, Sum: 4]
      [GC Worker Other (ms): Min: 0.0, Avg: 0.0, Max: 0.0, Diff: 0.0, Sum: 0.1]
      [GC Worker Total (ms): Min: 4.3, Avg: 4.4, Max: 4.4, Diff: 0.0, Sum: 17.4]
      [GC Worker End (ms): Min: 1711601.5, Avg: 1711601.5, Max: 1711601.5, Diff: 0.0]
   [Code Root Fixup: 0.0 ms]
   [Code Root Purge: 0.0 ms]
   [Clear CT: 0.1 ms]
   [Other: 0.8 ms]
      [Choose CSet: 0.0 ms]
      [Ref Proc: 0.5 ms]
      [Ref Enq: 0.0 ms]
      [Redirty Cards: 0.1 ms]
      [Humongous Register: 0.0 ms]
      [Humongous Reclaim: 0.0 ms]
      [Free CSet: 0.0 ms]
   [Eden: 79.0M(79.0M)->0.0B(79.0M) Survivors: 1024.0K->1024.0K Heap: 227.6M(256.0M)->148.8M(256.0M)]
 [Times: user=0.02 sys=0.00, real=0.00 secs] 
2020-04-13T16:12:10.128+0800: 1713.075: [GC pause (G1 Evacuation Pause) (young) (initial-mark), 0.0058849 secs]
   [Parallel Time: 5.4 ms, GC Workers: 4]
      [GC Worker Start (ms): Min: 1713074.9, Avg: 1713074.9, Max: 1713075.0, Diff: 0.0]
      [Ext Root Scanning (ms): Min: 0.6, Avg: 0.7, Max: 0.7, Diff: 0.1, Sum: 2.6]
      [Update RS (ms): Min: 1.8, Avg: 2.0, Max: 2.1, Diff: 0.3, Sum: 7.9]
         [Processed Buffers: Min: 6, Avg: 9.8, Max: 14, Diff: 8, Sum: 39]
      [Scan RS (ms): Min: 0.4, Avg: 0.5, Max: 0.5, Diff: 0.1, Sum: 1.9]
      [Code Root Scanning (ms): Min: 0.0, Avg: 0.0, Max: 0.0, Diff: 0.0, Sum: 0.0]
      [Object Copy (ms): Min: 1.3, Avg: 1.5, Max: 1.9, Diff: 0.6, Sum: 5.9]
      [Termination (ms): Min: 0.0, Avg: 0.5, Max: 0.9, Diff: 0.9, Sum: 2.2]
         [Termination Attempts: Min: 1, Avg: 1.0, Max: 1, Diff: 0, Sum: 4]
      [GC Worker Other (ms): Min: 0.0, Avg: 0.0, Max: 0.0, Diff: 0.0, Sum: 0.1]
      [GC Worker Total (ms): Min: 5.0, Avg: 5.1, Max: 5.4, Diff: 0.3, Sum: 20.5]
      [GC Worker End (ms): Min: 1713080.0, Avg: 1713080.1, Max: 1713080.3, Diff: 0.3]
   [Code Root Fixup: 0.1 ms]
   [Code Root Purge: 0.0 ms]
   [Clear CT: 0.1 ms]
   [Other: 0.4 ms]
      [Choose CSet: 0.0 ms]
      [Ref Proc: 0.1 ms]
      [Ref Enq: 0.0 ms]
      [Redirty Cards: 0.1 ms]
      [Humongous Register: 0.0 ms]
      [Humongous Reclaim: 0.0 ms]
      [Free CSet: 0.0 ms]
   [Eden: 79.0M(79.0M)->0.0B(79.0M) Survivors: 1024.0K->1024.0K Heap: 227.8M(256.0M)->148.7M(256.0M)]
 [Times: user=0.01 sys=0.00, real=0.01 secs] 
2020-04-13T16:12:10.134+0800: 1713.081: [GC concurrent-root-region-scan-start]
2020-04-13T16:12:10.137+0800: 1713.084: [GC concurrent-root-region-scan-end, 0.0032422 secs]
2020-04-13T16:12:10.137+0800: 1713.084: [GC concurrent-mark-start]
2020-04-13T16:12:10.165+0800: 1713.112: [GC concurrent-mark-end, 0.0275764 secs]
2020-04-13T16:12:10.165+0800: 1713.112: [GC remark 2020-04-13T16:12:10.165+0800: 1713.112: [Finalize Marking, 0.0001215 secs] 2020-04-13T16:12:10.165+0800: 1713.112: [GC ref-proc, 0.0000736 secs] 2020-04-13T16:12:10.165+0800: 1713.112: [Unloading, 0.0041238 secs], 0.0056598 secs]
 [Times: user=0.02 sys=0.00, real=0.01 secs] 
2020-04-13T16:12:10.171+0800: 1713.118: [GC cleanup 150M->150M(256M), 0.0003365 secs]
 [Times: user=0.00 sys=0.00, real=0.00 secs] 
2020-04-13T16:12:11.554+0800: 1714.501: [GC pause (G1 Evacuation Pause) (young), 0.0042481 secs]
   [Parallel Time: 3.8 ms, GC Workers: 4]
      [GC Worker Start (ms): Min: 1714501.0, Avg: 1714501.0, Max: 1714501.1, Diff: 0.0]
      [Ext Root Scanning (ms): Min: 0.3, Avg: 0.4, Max: 0.5, Diff: 0.2, Sum: 1.5]
      [Update RS (ms): Min: 1.8, Avg: 1.9, Max: 2.0, Diff: 0.2, Sum: 7.5]
         [Processed Buffers: Min: 6, Avg: 8.8, Max: 10, Diff: 4, Sum: 35]
      [Scan RS (ms): Min: 0.3, Avg: 0.4, Max: 0.5, Diff: 0.2, Sum: 1.5]
      [Code Root Scanning (ms): Min: 0.0, Avg: 0.0, Max: 0.0, Diff: 0.0, Sum: 0.0]
      [Object Copy (ms): Min: 1.1, Avg: 1.1, Max: 1.1, Diff: 0.1, Sum: 4.4]
      [Termination (ms): Min: 0.0, Avg: 0.0, Max: 0.0, Diff: 0.0, Sum: 0.0]
         [Termination Attempts: Min: 1, Avg: 1.0, Max: 1, Diff: 0, Sum: 4]
      [GC Worker Other (ms): Min: 0.0, Avg: 0.0, Max: 0.0, Diff: 0.0, Sum: 0.1]
      [GC Worker Total (ms): Min: 3.7, Avg: 3.8, Max: 3.8, Diff: 0.0, Sum: 15.0]
      [GC Worker End (ms): Min: 1714504.8, Avg: 1714504.8, Max: 1714504.8, Diff: 0.0]
   [Code Root Fixup: 0.0 ms]
   [Code Root Purge: 0.0 ms]
   [Clear CT: 0.1 ms]
   [Other: 0.3 ms]
      [Choose CSet: 0.0 ms]
      [Ref Proc: 0.1 ms]
      [Ref Enq: 0.0 ms]
      [Redirty Cards: 0.1 ms]
      [Humongous Register: 0.0 ms]
      [Humongous Reclaim: 0.0 ms]
      [Free CSet: 0.0 ms]
   [Eden: 79.0M(79.0M)->0.0B(79.0M) Survivors: 1024.0K->1024.0K Heap: 227.7M(256.0M)->148.9M(256.0M)]
 [Times: user=0.01 sys=0.00, real=0.00 secs] 
2020-04-13T16:12:13.130+0800: 1716.077: [GC pause (G1 Evacuation Pause) (young), 0.0068163 secs]
   [Parallel Time: 6.2 ms, GC Workers: 4]
      [GC Worker Start (ms): Min: 1716076.9, Avg: 1716076.9, Max: 1716076.9, Diff: 0.0]
      [Ext Root Scanning (ms): Min: 0.4, Avg: 0.4, Max: 0.5, Diff: 0.2, Sum: 1.6]
      [Update RS (ms): Min: 2.2, Avg: 2.8, Max: 4.5, Diff: 2.3, Sum: 11.2]
         [Processed Buffers: Min: 3, Avg: 8.5, Max: 15, Diff: 12, Sum: 34]
      [Scan RS (ms): Min: 0.0, Avg: 0.3, Max: 0.4, Diff: 0.4, Sum: 1.0]
      [Code Root Scanning (ms): Min: 0.0, Avg: 0.0, Max: 0.0, Diff: 0.0, Sum: 0.0]
      [Object Copy (ms): Min: 0.2, Avg: 2.0, Max: 2.9, Diff: 2.7, Sum: 8.1]
      [Termination (ms): Min: 0.0, Avg: 0.6, Max: 0.9, Diff: 0.9, Sum: 2.2]
         [Termination Attempts: Min: 1, Avg: 1.0, Max: 1, Diff: 0, Sum: 4]
      [GC Worker Other (ms): Min: 0.0, Avg: 0.0, Max: 0.0, Diff: 0.0, Sum: 0.0]
      [GC Worker Total (ms): Min: 6.0, Avg: 6.0, Max: 6.1, Diff: 0.1, Sum: 24.2]
      [GC Worker End (ms): Min: 1716082.9, Avg: 1716083.0, Max: 1716083.0, Diff: 0.1]
   [Code Root Fixup: 0.0 ms]
   [Code Root Purge: 0.0 ms]
   [Clear CT: 0.0 ms]
   [Other: 0.5 ms]
      [Choose CSet: 0.0 ms]
      [Ref Proc: 0.3 ms]
      [Ref Enq: 0.0 ms]
      [Redirty Cards: 0.1 ms]
      [Humongous Register: 0.0 ms]
      [Humongous Reclaim: 0.0 ms]
      [Free CSet: 0.0 ms]
   [Eden: 79.0M(79.0M)->0.0B(78.0M) Survivors: 1024.0K->1024.0K Heap: 227.9M(256.0M)->148.8M(256.0M)]
 [Times: user=0.02 sys=0.00, real=0.00 secs] 
2020-04-13T16:12:14.819+0800: 1717.766: [GC pause (G1 Evacuation Pause) (young) (initial-mark), 0.0060934 secs]
   [Parallel Time: 5.5 ms, GC Workers: 4]
      [GC Worker Start (ms): Min: 1717766.2, Avg: 1717766.4, Max: 1717766.9, Diff: 0.7]
      [Ext Root Scanning (ms): Min: 0.0, Avg: 0.5, Max: 0.7, Diff: 0.7, Sum: 2.0]
      [Update RS (ms): Min: 2.4, Avg: 2.9, Max: 3.8, Diff: 1.4, Sum: 11.6]
         [Processed Buffers: Min: 3, Avg: 8.5, Max: 14, Diff: 11, Sum: 34]
      [Scan RS (ms): Min: 0.0, Avg: 0.6, Max: 0.9, Diff: 0.9, Sum: 2.4]
      [Code Root Scanning (ms): Min: 0.0, Avg: 0.0, Max: 0.0, Diff: 0.0, Sum: 0.0]
      [Object Copy (ms): Min: 0.8, Avg: 1.1, Max: 1.4, Diff: 0.6, Sum: 4.5]
      [Termination (ms): Min: 0.0, Avg: 0.0, Max: 0.0, Diff: 0.0, Sum: 0.0]
         [Termination Attempts: Min: 1, Avg: 1.0, Max: 1, Diff: 0, Sum: 4]
      [GC Worker Other (ms): Min: 0.0, Avg: 0.0, Max: 0.0, Diff: 0.0, Sum: 0.0]
      [GC Worker Total (ms): Min: 4.7, Avg: 5.2, Max: 5.4, Diff: 0.7, Sum: 20.6]
      [GC Worker End (ms): Min: 1717771.5, Avg: 1717771.5, Max: 1717771.5, Diff: 0.0]
   [Code Root Fixup: 0.0 ms]
   [Code Root Purge: 0.0 ms]
   [Clear CT: 0.0 ms]
   [Other: 0.5 ms]
      [Choose CSet: 0.0 ms]
      [Ref Proc: 0.3 ms]
      [Ref Enq: 0.0 ms]
      [Redirty Cards: 0.1 ms]
      [Humongous Register: 0.0 ms]
      [Humongous Reclaim: 0.0 ms]
      [Free CSet: 0.0 ms]
   [Eden: 78.0M(78.0M)->0.0B(78.0M) Survivors: 1024.0K->1024.0K Heap: 226.8M(256.0M)->148.9M(256.0M)]
 [Times: user=0.02 sys=0.00, real=0.01 secs] 
2020-04-13T16:12:14.825+0800: 1717.772: [GC concurrent-root-region-scan-start]
2020-04-13T16:12:14.829+0800: 1717.776: [GC concurrent-root-region-scan-end, 0.0033018 secs]
2020-04-13T16:12:14.829+0800: 1717.776: [GC concurrent-mark-start]
2020-04-13T16:12:14.857+0800: 1717.803: [GC concurrent-mark-end, 0.0278396 secs]
2020-04-13T16:12:14.857+0800: 1717.804: [GC remark 2020-04-13T16:12:14.857+0800: 1717.804: [Finalize Marking, 0.0011906 secs] 2020-04-13T16:12:14.858+0800: 1717.805: [GC ref-proc, 0.0001003 secs] 2020-04-13T16:12:14.858+0800: 1717.805: [Unloading, 0.0071883 secs], 0.0113984 secs]
 [Times: user=0.02 sys=0.00, real=0.01 secs] 
2020-04-13T16:12:14.868+0800: 1717.815: [GC cleanup 150M->150M(256M), 0.0003678 secs]
 [Times: user=0.00 sys=0.00, real=0.00 secs] 
2020-04-13T16:12:16.270+0800: 1719.217: [GC pause (G1 Evacuation Pause) (young), 0.0063046 secs]
   [Parallel Time: 5.3 ms, GC Workers: 4]
      [GC Worker Start (ms): Min: 1719216.7, Avg: 1719216.7, Max: 1719216.8, Diff: 0.1]
      [Ext Root Scanning (ms): Min: 0.4, Avg: 0.4, Max: 0.5, Diff: 0.1, Sum: 1.7]
      [Update RS (ms): Min: 1.5, Avg: 1.6, Max: 1.7, Diff: 0.3, Sum: 6.4]
         [Processed Buffers: Min: 5, Avg: 8.0, Max: 12, Diff: 7, Sum: 32]
      [Scan RS (ms): Min: 0.7, Avg: 0.8, Max: 0.9, Diff: 0.2, Sum: 3.3]
      [Code Root Scanning (ms): Min: 0.0, Avg: 0.0, Max: 0.0, Diff: 0.0, Sum: 0.0]
      [Object Copy (ms): Min: 1.7, Avg: 1.8, Max: 2.2, Diff: 0.5, Sum: 7.3]
      [Termination (ms): Min: 0.0, Avg: 0.5, Max: 0.6, Diff: 0.6, Sum: 1.9]
         [Termination Attempts: Min: 1, Avg: 1.2, Max: 2, Diff: 1, Sum: 5]
      [GC Worker Other (ms): Min: 0.0, Avg: 0.0, Max: 0.0, Diff: 0.0, Sum: 0.0]
      [GC Worker Total (ms): Min: 5.1, Avg: 5.2, Max: 5.2, Diff: 0.1, Sum: 20.7]
      [GC Worker End (ms): Min: 1719221.8, Avg: 1719221.9, Max: 1719221.9, Diff: 0.1]
   [Code Root Fixup: 0.0 ms]
   [Code Root Purge: 0.0 ms]
   [Clear CT: 0.0 ms]
   [Other: 1.0 ms]
      [Choose CSet: 0.0 ms]
      [Ref Proc: 0.7 ms]
      [Ref Enq: 0.0 ms]
      [Redirty Cards: 0.1 ms]
      [Humongous Register: 0.0 ms]
      [Humongous Reclaim: 0.0 ms]
      [Free CSet: 0.0 ms]
   [Eden: 78.0M(78.0M)->0.0B(11.0M) Survivors: 1024.0K->1024.0K Heap: 226.9M(256.0M)->149.0M(256.0M)]
 [Times: user=0.02 sys=0.00, real=0.00 secs] 
2020-04-13T16:12:16.475+0800: 1719.422: [GC pause (G1 Evacuation Pause) (mixed), 0.0059020 secs]
   [Parallel Time: 4.8 ms, GC Workers: 4]
      [GC Worker Start (ms): Min: 1719421.9, Avg: 1719421.9, Max: 1719421.9, Diff: 0.1]
      [Ext Root Scanning (ms): Min: 0.5, Avg: 0.6, Max: 0.7, Diff: 0.3, Sum: 2.3]
      [Update RS (ms): Min: 1.7, Avg: 1.8, Max: 1.9, Diff: 0.2, Sum: 7.3]
         [Processed Buffers: Min: 5, Avg: 6.2, Max: 10, Diff: 5, Sum: 25]
      [Scan RS (ms): Min: 1.1, Avg: 1.2, Max: 1.2, Diff: 0.1, Sum: 4.6]
      [Code Root Scanning (ms): Min: 0.0, Avg: 0.0, Max: 0.0, Diff: 0.0, Sum: 0.0]
      [Object Copy (ms): Min: 1.0, Avg: 1.1, Max: 1.2, Diff: 0.1, Sum: 4.5]
      [Termination (ms): Min: 0.0, Avg: 0.0, Max: 0.0, Diff: 0.0, Sum: 0.0]
         [Termination Attempts: Min: 1, Avg: 1.0, Max: 1, Diff: 0, Sum: 4]
      [GC Worker Other (ms): Min: 0.0, Avg: 0.0, Max: 0.0, Diff: 0.0, Sum: 0.0]
      [GC Worker Total (ms): Min: 4.6, Avg: 4.7, Max: 4.7, Diff: 0.1, Sum: 18.7]
      [GC Worker End (ms): Min: 1719426.6, Avg: 1719426.6, Max: 1719426.6, Diff: 0.0]
   [Code Root Fixup: 0.1 ms]
   [Code Root Purge: 0.0 ms]
   [Clear CT: 0.1 ms]
   [Other: 1.0 ms]
      [Choose CSet: 0.0 ms]
      [Ref Proc: 0.8 ms]
      [Ref Enq: 0.0 ms]
      [Redirty Cards: 0.1 ms]
      [Humongous Register: 0.0 ms]
      [Humongous Reclaim: 0.0 ms]
      [Free CSet: 0.0 ms]
   [Eden: 11.0M(11.0M)->0.0B(79.0M) Survivors: 1024.0K->1024.0K Heap: 160.0M(256.0M)->147.9M(256.0M)]
 [Times: user=0.02 sys=0.00, real=0.01 secs] 
2020-04-13T16:12:18.316+0800: 1721.263: [GC pause (G1 Evacuation Pause) (young), 0.0059131 secs]
   [Parallel Time: 5.5 ms, GC Workers: 4]
      [GC Worker Start (ms): Min: 1721262.6, Avg: 1721262.6, Max: 1721262.6, Diff: 0.0]
      [Ext Root Scanning (ms): Min: 0.4, Avg: 0.4, Max: 0.5, Diff: 0.2, Sum: 1.6]
      [Update RS (ms): Min: 2.0, Avg: 2.1, Max: 2.2, Diff: 0.2, Sum: 8.5]
         [Processed Buffers: Min: 2, Avg: 8.2, Max: 12, Diff: 10, Sum: 33]
      [Scan RS (ms): Min: 0.4, Avg: 0.6, Max: 0.8, Diff: 0.4, Sum: 2.2]
      [Code Root Scanning (ms): Min: 0.0, Avg: 0.0, Max: 0.0, Diff: 0.0, Sum: 0.0]
      [Object Copy (ms): Min: 1.3, Avg: 1.6, Max: 2.2, Diff: 0.9, Sum: 6.5]
      [Termination (ms): Min: 0.0, Avg: 0.6, Max: 0.9, Diff: 0.9, Sum: 2.5]
         [Termination Attempts: Min: 1, Avg: 1.0, Max: 1, Diff: 0, Sum: 4]
      [GC Worker Other (ms): Min: 0.0, Avg: 0.0, Max: 0.0, Diff: 0.0, Sum: 0.0]
      [GC Worker Total (ms): Min: 5.2, Avg: 5.4, Max: 5.4, Diff: 0.2, Sum: 21.4]
      [GC Worker End (ms): Min: 1721267.8, Avg: 1721267.9, Max: 1721268.0, Diff: 0.2]
   [Code Root Fixup: 0.0 ms]
   [Code Root Purge: 0.0 ms]
   [Clear CT: 0.1 ms]
   [Other: 0.3 ms]
      [Choose CSet: 0.0 ms]
      [Ref Proc: 0.1 ms]
      [Ref Enq: 0.0 ms]
      [Redirty Cards: 0.1 ms]
      [Humongous Register: 0.0 ms]
      [Humongous Reclaim: 0.0 ms]
      [Free CSet: 0.0 ms]
   [Eden: 79.0M(79.0M)->0.0B(79.0M) Survivors: 1024.0K->1024.0K Heap: 226.9M(256.0M)->148.1M(256.0M)]
 [Times: user=0.02 sys=0.00, real=0.01 secs] 
2020-04-13T16:12:19.892+0800: 1722.839: [GC pause (G1 Evacuation Pause) (young) (initial-mark), 0.0055658 secs]
   [Parallel Time: 5.1 ms, GC Workers: 4]
      [GC Worker Start (ms): Min: 1722839.2, Avg: 1722839.2, Max: 1722839.2, Diff: 0.1]
      [Ext Root Scanning (ms): Min: 0.6, Avg: 0.7, Max: 0.7, Diff: 0.1, Sum: 2.8]
      [Update RS (ms): Min: 2.0, Avg: 2.2, Max: 2.3, Diff: 0.2, Sum: 8.7]
         [Processed Buffers: Min: 1, Avg: 8.8, Max: 17, Diff: 16, Sum: 35]
      [Scan RS (ms): Min: 0.6, Avg: 0.7, Max: 0.8, Diff: 0.2, Sum: 2.7]
      [Code Root Scanning (ms): Min: 0.0, Avg: 0.0, Max: 0.0, Diff: 0.0, Sum: 0.0]
      [Object Copy (ms): Min: 1.4, Avg: 1.4, Max: 1.4, Diff: 0.1, Sum: 5.6]
      [Termination (ms): Min: 0.0, Avg: 0.0, Max: 0.0, Diff: 0.0, Sum: 0.0]
         [Termination Attempts: Min: 1, Avg: 1.0, Max: 1, Diff: 0, Sum: 4]
      [GC Worker Other (ms): Min: 0.0, Avg: 0.0, Max: 0.0, Diff: 0.0, Sum: 0.0]
      [GC Worker Total (ms): Min: 4.9, Avg: 5.0, Max: 5.0, Diff: 0.1, Sum: 20.0]
      [GC Worker End (ms): Min: 1722844.2, Avg: 1722844.2, Max: 1722844.2, Diff: 0.0]
   [Code Root Fixup: 0.0 ms]
   [Code Root Purge: 0.0 ms]
   [Clear CT: 0.1 ms]
   [Other: 0.4 ms]
      [Choose CSet: 0.0 ms]
      [Ref Proc: 0.1 ms]
      [Ref Enq: 0.0 ms]
      [Redirty Cards: 0.1 ms]
      [Humongous Register: 0.0 ms]
      [Humongous Reclaim: 0.0 ms]
      [Free CSet: 0.0 ms]
   [Eden: 79.0M(79.0M)->0.0B(79.0M) Survivors: 1024.0K->1024.0K Heap: 227.1M(256.0M)->148.3M(256.0M)]
 [Times: user=0.02 sys=0.00, real=0.00 secs] 
2020-04-13T16:12:19.898+0800: 1722.845: [GC concurrent-root-region-scan-start]
2020-04-13T16:12:19.901+0800: 1722.847: [GC concurrent-root-region-scan-end, 0.0026834 secs]
2020-04-13T16:12:19.901+0800: 1722.847: [GC concurrent-mark-start]
2020-04-13T16:12:19.929+0800: 1722.876: [GC concurrent-mark-end, 0.0285117 secs]
2020-04-13T16:12:19.929+0800: 1722.876: [GC remark 2020-04-13T16:12:19.929+0800: 1722.876: [Finalize Marking, 0.0001355 secs] 2020-04-13T16:12:19.929+0800: 1722.876: [GC ref-proc, 0.0000856 secs] 2020-04-13T16:12:19.930+0800: 1722.876: [Unloading, 0.0043915 secs], 0.0062401 secs]
 [Times: user=0.02 sys=0.00, real=0.01 secs] 
2020-04-13T16:12:19.936+0800: 1722.883: [GC cleanup 149M->149M(256M), 0.0003394 secs]
 [Times: user=0.00 sys=0.00, real=0.00 secs] 
2020-04-13T16:12:21.456+0800: 1724.403: [GC pause (G1 Evacuation Pause) (young), 0.0045779 secs]
   [Parallel Time: 3.8 ms, GC Workers: 4]
      [GC Worker Start (ms): Min: 1724403.1, Avg: 1724403.1, Max: 1724403.1, Diff: 0.0]
      [Ext Root Scanning (ms): Min: 0.3, Avg: 0.4, Max: 0.5, Diff: 0.2, Sum: 1.5]
      [Update RS (ms): Min: 1.3, Avg: 1.5, Max: 1.7, Diff: 0.4, Sum: 6.0]
         [Processed Buffers: Min: 4, Avg: 8.0, Max: 13, Diff: 9, Sum: 32]
      [Scan RS (ms): Min: 0.6, Avg: 0.8, Max: 0.9, Diff: 0.3, Sum: 3.2]
      [Code Root Scanning (ms): Min: 0.0, Avg: 0.0, Max: 0.0, Diff: 0.0, Sum: 0.0]
      [Object Copy (ms): Min: 1.0, Avg: 1.0, Max: 1.1, Diff: 0.1, Sum: 4.0]
      [Termination (ms): Min: 0.0, Avg: 0.0, Max: 0.0, Diff: 0.0, Sum: 0.0]
         [Termination Attempts: Min: 1, Avg: 1.0, Max: 1, Diff: 0, Sum: 4]
      [GC Worker Other (ms): Min: 0.0, Avg: 0.0, Max: 0.0, Diff: 0.0, Sum: 0.0]
      [GC Worker Total (ms): Min: 3.7, Avg: 3.7, Max: 3.7, Diff: 0.0, Sum: 14.7]
      [GC Worker End (ms): Min: 1724406.8, Avg: 1724406.8, Max: 1724406.8, Diff: 0.0]
   [Code Root Fixup: 0.0 ms]
   [Code Root Purge: 0.0 ms]
   [Clear CT: 0.1 ms]
   [Other: 0.6 ms]
      [Choose CSet: 0.0 ms]
      [Ref Proc: 0.4 ms]
      [Ref Enq: 0.0 ms]
      [Redirty Cards: 0.1 ms]
      [Humongous Register: 0.0 ms]
      [Humongous Reclaim: 0.0 ms]
      [Free CSet: 0.0 ms]
   [Eden: 79.0M(79.0M)->0.0B(79.0M) Survivors: 1024.0K->1024.0K Heap: 227.3M(256.0M)->148.0M(256.0M)]
 [Times: user=0.02 sys=0.00, real=0.01 secs] 
2020-04-13T16:12:23.046+0800: 1725.992: [GC pause (G1 Evacuation Pause) (young), 0.0137779 secs]
   [Parallel Time: 11.9 ms, GC Workers: 4]
      [GC Worker Start (ms): Min: 1725992.5, Avg: 1725995.8, Max: 1725999.2, Diff: 6.7]
      [Ext Root Scanning (ms): Min: 0.0, Avg: 0.7, Max: 2.2, Diff: 2.2, Sum: 3.0]
      [Update RS (ms): Min: 0.0, Avg: 2.4, Max: 4.4, Diff: 4.4, Sum: 9.5]
         [Processed Buffers: Min: 0, Avg: 7.2, Max: 13, Diff: 13, Sum: 29]
      [Scan RS (ms): Min: 0.4, Avg: 0.7, Max: 1.0, Diff: 0.6, Sum: 2.7]
      [Code Root Scanning (ms): Min: 0.0, Avg: 0.0, Max: 0.0, Diff: 0.0, Sum: 0.0]
      [Object Copy (ms): Min: 2.6, Avg: 3.0, Max: 3.4, Diff: 0.8, Sum: 12.1]
      [Termination (ms): Min: 0.0, Avg: 1.0, Max: 2.1, Diff: 2.1, Sum: 4.1]
         [Termination Attempts: Min: 1, Avg: 1.0, Max: 1, Diff: 0, Sum: 4]
      [GC Worker Other (ms): Min: 0.0, Avg: 0.0, Max: 0.0, Diff: 0.0, Sum: 0.1]
      [GC Worker Total (ms): Min: 5.2, Avg: 7.9, Max: 10.6, Diff: 5.5, Sum: 31.4]
      [GC Worker End (ms): Min: 1726003.1, Avg: 1726003.7, Max: 1726004.3, Diff: 1.3]
   [Code Root Fixup: 0.1 ms]
   [Code Root Purge: 0.0 ms]
   [Clear CT: 0.1 ms]
   [Other: 1.8 ms]
      [Choose CSet: 0.0 ms]
      [Ref Proc: 1.5 ms]
      [Ref Enq: 0.0 ms]
      [Redirty Cards: 0.1 ms]
      [Humongous Register: 0.0 ms]
      [Humongous Reclaim: 0.0 ms]
      [Free CSet: 0.0 ms]
   [Eden: 79.0M(79.0M)->0.0B(79.0M) Survivors: 1024.0K->1024.0K Heap: 227.0M(256.0M)->148.2M(256.0M)]
 [Times: user=0.02 sys=0.00, real=0.01 secs] 
2020-04-13T16:12:24.734+0800: 1727.681: [GC pause (G1 Evacuation Pause) (young) (initial-mark), 0.0078626 secs]
   [Parallel Time: 6.8 ms, GC Workers: 4]
      [GC Worker Start (ms): Min: 1727681.0, Avg: 1727681.0, Max: 1727681.0, Diff: 0.0]
      [Ext Root Scanning (ms): Min: 0.6, Avg: 0.6, Max: 0.7, Diff: 0.1, Sum: 2.5]
      [Update RS (ms): Min: 1.3, Avg: 1.5, Max: 1.6, Diff: 0.3, Sum: 5.9]
         [Processed Buffers: Min: 3, Avg: 8.5, Max: 16, Diff: 13, Sum: 34]
      [Scan RS (ms): Min: 0.8, Avg: 1.8, Max: 4.5, Diff: 3.7, Sum: 7.1]
      [Code Root Scanning (ms): Min: 0.0, Avg: 0.0, Max: 0.0, Diff: 0.0, Sum: 0.0]
      [Object Copy (ms): Min: 0.1, Avg: 2.4, Max: 3.3, Diff: 3.2, Sum: 9.7]
      [Termination (ms): Min: 0.0, Avg: 0.3, Max: 0.5, Diff: 0.5, Sum: 1.3]
         [Termination Attempts: Min: 1, Avg: 1.0, Max: 1, Diff: 0, Sum: 4]
      [GC Worker Other (ms): Min: 0.0, Avg: 0.0, Max: 0.0, Diff: 0.0, Sum: 0.1]
      [GC Worker Total (ms): Min: 6.6, Avg: 6.7, Max: 6.8, Diff: 0.2, Sum: 26.6]
      [GC Worker End (ms): Min: 1727687.6, Avg: 1727687.6, Max: 1727687.7, Diff: 0.2]
   [Code Root Fixup: 0.0 ms]
   [Code Root Purge: 0.0 ms]
   [Clear CT: 0.0 ms]
   [Other: 1.0 ms]
      [Choose CSet: 0.0 ms]
      [Ref Proc: 0.6 ms]
      [Ref Enq: 0.0 ms]
      [Redirty Cards: 0.2 ms]
      [Humongous Register: 0.0 ms]
      [Humongous Reclaim: 0.0 ms]
      [Free CSet: 0.0 ms]
   [Eden: 79.0M(79.0M)->0.0B(79.0M) Survivors: 1024.0K->1024.0K Heap: 227.2M(256.0M)->148.4M(256.0M)]
 [Times: user=0.02 sys=0.00, real=0.01 secs] 
2020-04-13T16:12:24.742+0800: 1727.689: [GC concurrent-root-region-scan-start]
2020-04-13T16:12:24.745+0800: 1727.692: [GC concurrent-root-region-scan-end, 0.0032026 secs]
2020-04-13T16:12:24.745+0800: 1727.692: [GC concurrent-mark-start]
2020-04-13T16:12:24.769+0800: 1727.715: [GC concurrent-mark-end, 0.0232395 secs]
2020-04-13T16:12:24.769+0800: 1727.716: [GC remark 2020-04-13T16:12:24.769+0800: 1727.716: [Finalize Marking, 0.0001279 secs] 2020-04-13T16:12:24.769+0800: 1727.716: [GC ref-proc, 0.0000722 secs] 2020-04-13T16:12:24.769+0800: 1727.716: [Unloading, 0.0060730 secs], 0.0084114 secs]
 [Times: user=0.01 sys=0.00, real=0.01 secs] 
2020-04-13T16:12:24.777+0800: 1727.724: [GC cleanup 150M->150M(256M), 0.0003285 secs]
 [Times: user=0.01 sys=0.00, real=0.00 secs] 
2020-04-13T16:12:26.588+0800: 1729.535: [GC pause (G1 Evacuation Pause) (young), 0.0044491 secs]
   [Parallel Time: 3.8 ms, GC Workers: 4]
      [GC Worker Start (ms): Min: 1729534.6, Avg: 1729534.6, Max: 1729534.6, Diff: 0.0]
      [Ext Root Scanning (ms): Min: 0.3, Avg: 0.4, Max: 0.5, Diff: 0.1, Sum: 1.5]
      [Update RS (ms): Min: 1.4, Avg: 1.5, Max: 1.6, Diff: 0.3, Sum: 5.9]
         [Processed Buffers: Min: 4, Avg: 8.0, Max: 14, Diff: 10, Sum: 32]
      [Scan RS (ms): Min: 0.6, Avg: 0.8, Max: 0.9, Diff: 0.3, Sum: 3.1]
      [Code Root Scanning (ms): Min: 0.0, Avg: 0.0, Max: 0.0, Diff: 0.0, Sum: 0.0]
      [Object Copy (ms): Min: 1.0, Avg: 1.0, Max: 1.1, Diff: 0.0, Sum: 4.1]
      [Termination (ms): Min: 0.0, Avg: 0.0, Max: 0.0, Diff: 0.0, Sum: 0.0]
         [Termination Attempts: Min: 1, Avg: 1.0, Max: 1, Diff: 0, Sum: 4]
      [GC Worker Other (ms): Min: 0.0, Avg: 0.0, Max: 0.0, Diff: 0.0, Sum: 0.0]
      [GC Worker Total (ms): Min: 3.7, Avg: 3.7, Max: 3.7, Diff: 0.0, Sum: 14.7]
      [GC Worker End (ms): Min: 1729538.3, Avg: 1729538.3, Max: 1729538.3, Diff: 0.0]
   [Code Root Fixup: 0.0 ms]
   [Code Root Purge: 0.0 ms]
   [Clear CT: 0.1 ms]
   [Other: 0.6 ms]
      [Choose CSet: 0.0 ms]
      [Ref Proc: 0.4 ms]
      [Ref Enq: 0.0 ms]
      [Redirty Cards: 0.1 ms]
      [Humongous Register: 0.0 ms]
      [Humongous Reclaim: 0.0 ms]
      [Free CSet: 0.0 ms]
   [Eden: 79.0M(79.0M)->0.0B(79.0M) Survivors: 1024.0K->1024.0K Heap: 227.4M(256.0M)->148.2M(256.0M)]
 [Times: user=0.02 sys=0.00, real=0.01 secs] 
2020-04-13T16:12:29.069+0800: 1732.016: [GC pause (G1 Evacuation Pause) (young), 0.0045083 secs]
   [Parallel Time: 4.0 ms, GC Workers: 4]
      [GC Worker Start (ms): Min: 1732015.9, Avg: 1732016.0, Max: 1732016.0, Diff: 0.1]
      [Ext Root Scanning (ms): Min: 0.4, Avg: 0.4, Max: 0.5, Diff: 0.1, Sum: 1.7]
      [Update RS (ms): Min: 1.4, Avg: 1.6, Max: 1.8, Diff: 0.3, Sum: 6.3]
         [Processed Buffers: Min: 6, Avg: 8.0, Max: 13, Diff: 7, Sum: 32]
      [Scan RS (ms): Min: 0.6, Avg: 0.8, Max: 1.0, Diff: 0.3, Sum: 3.4]
      [Code Root Scanning (ms): Min: 0.0, Avg: 0.0, Max: 0.0, Diff: 0.0, Sum: 0.0]
      [Object Copy (ms): Min: 1.1, Avg: 1.1, Max: 1.1, Diff: 0.1, Sum: 4.4]
      [Termination (ms): Min: 0.0, Avg: 0.0, Max: 0.0, Diff: 0.0, Sum: 0.0]
         [Termination Attempts: Min: 1, Avg: 1.0, Max: 1, Diff: 0, Sum: 4]
      [GC Worker Other (ms): Min: 0.0, Avg: 0.0, Max: 0.0, Diff: 0.0, Sum: 0.1]
      [GC Worker Total (ms): Min: 3.9, Avg: 4.0, Max: 4.0, Diff: 0.1, Sum: 15.9]
      [GC Worker End (ms): Min: 1732019.9, Avg: 1732019.9, Max: 1732019.9, Diff: 0.0]
   [Code Root Fixup: 0.0 ms]
   [Code Root Purge: 0.0 ms]
   [Clear CT: 0.1 ms]
   [Other: 0.4 ms]
      [Choose CSet: 0.0 ms]
      [Ref Proc: 0.1 ms]
      [Ref Enq: 0.0 ms]
      [Redirty Cards: 0.1 ms]
      [Humongous Register: 0.0 ms]
      [Humongous Reclaim: 0.0 ms]
      [Free CSet: 0.0 ms]
   [Eden: 79.0M(79.0M)->0.0B(79.0M) Survivors: 1024.0K->1024.0K Heap: 227.2M(256.0M)->148.5M(256.0M)]
 [Times: user=0.02 sys=0.00, real=0.01 secs] 
2020-04-13T16:12:30.974+0800: 1733.921: [GC pause (G1 Evacuation Pause) (young) (initial-mark), 0.0053863 secs]
   [Parallel Time: 4.3 ms, GC Workers: 4]
      [GC Worker Start (ms): Min: 1733921.2, Avg: 1733921.2, Max: 1733921.3, Diff: 0.0]
      [Ext Root Scanning (ms): Min: 0.5, Avg: 0.6, Max: 0.7, Diff: 0.1, Sum: 2.4]
      [Update RS (ms): Min: 1.7, Avg: 1.8, Max: 1.9, Diff: 0.2, Sum: 7.1]
         [Processed Buffers: Min: 5, Avg: 8.0, Max: 13, Diff: 8, Sum: 32]
      [Scan RS (ms): Min: 0.6, Avg: 0.7, Max: 0.8, Diff: 0.1, Sum: 2.7]
      [Code Root Scanning (ms): Min: 0.0, Avg: 0.0, Max: 0.0, Diff: 0.0, Sum: 0.0]
      [Object Copy (ms): Min: 1.1, Avg: 1.1, Max: 1.1, Diff: 0.1, Sum: 4.4]
      [Termination (ms): Min: 0.0, Avg: 0.0, Max: 0.0, Diff: 0.0, Sum: 0.0]
         [Termination Attempts: Min: 1, Avg: 1.0, Max: 1, Diff: 0, Sum: 4]
      [GC Worker Other (ms): Min: 0.0, Avg: 0.0, Max: 0.0, Diff: 0.0, Sum: 0.0]
      [GC Worker Total (ms): Min: 4.2, Avg: 4.2, Max: 4.2, Diff: 0.0, Sum: 16.7]
      [GC Worker End (ms): Min: 1733925.4, Avg: 1733925.4, Max: 1733925.4, Diff: 0.0]
   [Code Root Fixup: 0.0 ms]
   [Code Root Purge: 0.0 ms]
   [Clear CT: 0.1 ms]
   [Other: 1.0 ms]
      [Choose CSet: 0.0 ms]
      [Ref Proc: 0.7 ms]
      [Ref Enq: 0.0 ms]
      [Redirty Cards: 0.1 ms]
      [Humongous Register: 0.0 ms]
      [Humongous Reclaim: 0.0 ms]
      [Free CSet: 0.0 ms]
   [Eden: 79.0M(79.0M)->0.0B(79.0M) Survivors: 1024.0K->1024.0K Heap: 227.5M(256.0M)->148.4M(256.0M)]
 [Times: user=0.01 sys=0.00, real=0.01 secs] 
2020-04-13T16:12:30.980+0800: 1733.927: [GC concurrent-root-region-scan-start]
2020-04-13T16:12:30.983+0800: 1733.930: [GC concurrent-root-region-scan-end, 0.0033096 secs]
2020-04-13T16:12:30.983+0800: 1733.930: [GC concurrent-mark-start]
2020-04-13T16:12:31.013+0800: 1733.960: [GC concurrent-mark-end, 0.0299526 secs]
2020-04-13T16:12:31.014+0800: 1733.960: [GC remark 2020-04-13T16:12:31.014+0800: 1733.961: [Finalize Marking, 0.0001545 secs] 2020-04-13T16:12:31.014+0800: 1733.961: [GC ref-proc, 0.0000716 secs] 2020-04-13T16:12:31.014+0800: 1733.961: [Unloading, 0.0037850 secs], 0.0057368 secs]
 [Times: user=0.01 sys=0.00, real=0.01 secs] 
2020-04-13T16:12:31.020+0800: 1733.967: [GC cleanup 150M->150M(256M), 0.0003668 secs]
 [Times: user=0.00 sys=0.00, real=0.00 secs] 
2020-04-13T16:12:32.615+0800: 1735.562: [GC pause (G1 Evacuation Pause) (young), 0.0186535 secs]
   [Parallel Time: 5.8 ms, GC Workers: 4]
      [GC Worker Start (ms): Min: 1735562.1, Avg: 1735562.2, Max: 1735562.2, Diff: 0.0]
      [Ext Root Scanning (ms): Min: 0.3, Avg: 0.4, Max: 0.5, Diff: 0.2, Sum: 1.6]
      [Update RS (ms): Min: 1.6, Avg: 1.7, Max: 1.8, Diff: 0.2, Sum: 6.9]
         [Processed Buffers: Min: 6, Avg: 7.8, Max: 13, Diff: 7, Sum: 31]
      [Scan RS (ms): Min: 0.4, Avg: 0.6, Max: 0.8, Diff: 0.4, Sum: 2.4]
      [Code Root Scanning (ms): Min: 0.0, Avg: 0.0, Max: 0.0, Diff: 0.0, Sum: 0.0]
      [Object Copy (ms): Min: 2.1, Avg: 2.2, Max: 2.4, Diff: 0.4, Sum: 8.9]
      [Termination (ms): Min: 0.0, Avg: 0.6, Max: 0.8, Diff: 0.8, Sum: 2.4]
         [Termination Attempts: Min: 1, Avg: 1.0, Max: 1, Diff: 0, Sum: 4]
      [GC Worker Other (ms): Min: 0.0, Avg: 0.0, Max: 0.0, Diff: 0.0, Sum: 0.0]
      [GC Worker Total (ms): Min: 5.2, Avg: 5.6, Max: 5.7, Diff: 0.5, Sum: 22.3]
      [GC Worker End (ms): Min: 1735567.3, Avg: 1735567.7, Max: 1735567.9, Diff: 0.6]
   [Code Root Fixup: 0.0 ms]
   [Code Root Purge: 0.0 ms]
   [Clear CT: 0.0 ms]
   [Other: 12.7 ms]
      [Choose CSet: 0.0 ms]
      [Ref Proc: 12.5 ms]
      [Ref Enq: 0.0 ms]
      [Redirty Cards: 0.1 ms]
      [Humongous Register: 0.0 ms]
      [Humongous Reclaim: 0.0 ms]
      [Free CSet: 0.0 ms]
   [Eden: 79.0M(79.0M)->0.0B(79.0M) Survivors: 1024.0K->1024.0K Heap: 227.4M(256.0M)->148.5M(256.0M)]
 [Times: user=0.03 sys=0.00, real=0.02 secs] 
2020-04-13T16:12:34.282+0800: 1737.229: [GC pause (G1 Evacuation Pause) (young), 0.0072167 secs]
   [Parallel Time: 6.2 ms, GC Workers: 4]
      [GC Worker Start (ms): Min: 1737228.7, Avg: 1737229.7, Max: 1737232.1, Diff: 3.3]
      [Ext Root Scanning (ms): Min: 0.0, Avg: 0.7, Max: 1.7, Diff: 1.7, Sum: 2.8]
      [Update RS (ms): Min: 0.7, Avg: 2.9, Max: 5.0, Diff: 4.4, Sum: 11.4]
         [Processed Buffers: Min: 4, Avg: 8.5, Max: 18, Diff: 14, Sum: 34]
      [Scan RS (ms): Min: 0.0, Avg: 0.5, Max: 0.7, Diff: 0.7, Sum: 1.9]
      [Code Root Scanning (ms): Min: 0.0, Avg: 0.0, Max: 0.0, Diff: 0.0, Sum: 0.0]
      [Object Copy (ms): Min: 0.4, Avg: 1.2, Max: 1.5, Diff: 1.1, Sum: 4.7]
      [Termination (ms): Min: 0.0, Avg: 0.0, Max: 0.0, Diff: 0.0, Sum: 0.0]
         [Termination Attempts: Min: 1, Avg: 1.0, Max: 1, Diff: 0, Sum: 4]
      [GC Worker Other (ms): Min: 0.0, Avg: 0.0, Max: 0.0, Diff: 0.0, Sum: 0.0]
      [GC Worker Total (ms): Min: 2.8, Avg: 5.2, Max: 6.1, Diff: 3.3, Sum: 20.9]
      [GC Worker End (ms): Min: 1737234.9, Avg: 1737234.9, Max: 1737234.9, Diff: 0.0]
   [Code Root Fixup: 0.0 ms]
   [Code Root Purge: 0.0 ms]
   [Clear CT: 0.0 ms]
   [Other: 0.9 ms]
      [Choose CSet: 0.0 ms]
      [Ref Proc: 0.7 ms]
      [Ref Enq: 0.0 ms]
      [Redirty Cards: 0.1 ms]
      [Humongous Register: 0.0 ms]
      [Humongous Reclaim: 0.0 ms]
      [Free CSet: 0.0 ms]
   [Eden: 79.0M(79.0M)->0.0B(79.0M) Survivors: 1024.0K->1024.0K Heap: 227.5M(256.0M)->148.7M(256.0M)]
 [Times: user=0.02 sys=0.00, real=0.00 secs] 
2020-04-13T16:12:35.747+0800: 1738.693: [GC pause (G1 Evacuation Pause) (young) (initial-mark), 0.0074931 secs]
   [Parallel Time: 6.3 ms, GC Workers: 4]
      [GC Worker Start (ms): Min: 1738693.6, Avg: 1738694.0, Max: 1738694.5, Diff: 0.9]
      [Ext Root Scanning (ms): Min: 0.0, Avg: 0.9, Max: 1.8, Diff: 1.8, Sum: 3.7]
      [Update RS (ms): Min: 1.5, Avg: 3.0, Max: 3.9, Diff: 2.4, Sum: 12.2]
         [Processed Buffers: Min: 3, Avg: 9.2, Max: 16, Diff: 13, Sum: 37]
      [Scan RS (ms): Min: 0.2, Avg: 0.7, Max: 0.8, Diff: 0.6, Sum: 2.6]
      [Code Root Scanning (ms): Min: 0.0, Avg: 0.0, Max: 0.0, Diff: 0.0, Sum: 0.0]
      [Object Copy (ms): Min: 1.1, Avg: 1.1, Max: 1.2, Diff: 0.2, Sum: 4.6]
      [Termination (ms): Min: 0.0, Avg: 0.0, Max: 0.0, Diff: 0.0, Sum: 0.0]
         [Termination Attempts: Min: 1, Avg: 1.0, Max: 1, Diff: 0, Sum: 4]
      [GC Worker Other (ms): Min: 0.0, Avg: 0.0, Max: 0.0, Diff: 0.0, Sum: 0.1]
      [GC Worker Total (ms): Min: 5.3, Avg: 5.8, Max: 6.2, Diff: 0.9, Sum: 23.1]
      [GC Worker End (ms): Min: 1738699.8, Avg: 1738699.8, Max: 1738699.8, Diff: 0.0]
   [Code Root Fixup: 0.1 ms]
   [Code Root Purge: 0.0 ms]
   [Clear CT: 0.0 ms]
   [Other: 1.1 ms]
      [Choose CSet: 0.0 ms]
      [Ref Proc: 0.8 ms]
      [Ref Enq: 0.0 ms]
      [Redirty Cards: 0.1 ms]
      [Humongous Register: 0.0 ms]
      [Humongous Reclaim: 0.0 ms]
      [Free CSet: 0.0 ms]
   [Eden: 79.0M(79.0M)->0.0B(79.0M) Survivors: 1024.0K->1024.0K Heap: 227.7M(256.0M)->148.5M(256.0M)]
 [Times: user=0.02 sys=0.01, real=0.01 secs] 
2020-04-13T16:12:35.754+0800: 1738.701: [GC concurrent-root-region-scan-start]
2020-04-13T16:12:35.757+0800: 1738.704: [GC concurrent-root-region-scan-end, 0.0026441 secs]
2020-04-13T16:12:35.757+0800: 1738.704: [GC concurrent-mark-start]
2020-04-13T16:12:35.784+0800: 1738.731: [GC concurrent-mark-end, 0.0268299 secs]
2020-04-13T16:12:35.784+0800: 1738.731: [GC remark 2020-04-13T16:12:35.784+0800: 1738.731: [Finalize Marking, 0.0001473 secs] 2020-04-13T16:12:35.784+0800: 1738.731: [GC ref-proc, 0.0000748 secs] 2020-04-13T16:12:35.784+0800: 1738.731: [Unloading, 0.0041170 secs], 0.0058550 secs]
 [Times: user=0.02 sys=0.00, real=0.01 secs] 
2020-04-13T16:12:35.791+0800: 1738.737: [GC cleanup 150M->150M(256M), 0.0005109 secs]
 [Times: user=0.00 sys=0.00, real=0.00 secs] 
2020-04-13T16:12:37.156+0800: 1740.103: [GC pause (G1 Evacuation Pause) (young), 0.0043126 secs]
   [Parallel Time: 3.9 ms, GC Workers: 4]
      [GC Worker Start (ms): Min: 1740102.8, Avg: 1740102.8, Max: 1740102.8, Diff: 0.0]
      [Ext Root Scanning (ms): Min: 0.4, Avg: 0.4, Max: 0.5, Diff: 0.1, Sum: 1.6]
      [Update RS (ms): Min: 1.2, Avg: 1.4, Max: 1.5, Diff: 0.3, Sum: 5.5]
         [Processed Buffers: Min: 3, Avg: 8.5, Max: 20, Diff: 17, Sum: 34]
      [Scan RS (ms): Min: 0.8, Avg: 0.9, Max: 1.1, Diff: 0.2, Sum: 3.8]
      [Code Root Scanning (ms): Min: 0.0, Avg: 0.0, Max: 0.0, Diff: 0.0, Sum: 0.0]
      [Object Copy (ms): Min: 1.1, Avg: 1.1, Max: 1.2, Diff: 0.1, Sum: 4.6]
      [Termination (ms): Min: 0.0, Avg: 0.0, Max: 0.0, Diff: 0.0, Sum: 0.0]
         [Termination Attempts: Min: 1, Avg: 1.0, Max: 1, Diff: 0, Sum: 4]
      [GC Worker Other (ms): Min: 0.0, Avg: 0.0, Max: 0.0, Diff: 0.0, Sum: 0.0]
      [GC Worker Total (ms): Min: 3.8, Avg: 3.9, Max: 3.9, Diff: 0.0, Sum: 15.4]
      [GC Worker End (ms): Min: 1740106.7, Avg: 1740106.7, Max: 1740106.7, Diff: 0.0]
   [Code Root Fixup: 0.0 ms]
   [Code Root Purge: 0.0 ms]
   [Clear CT: 0.0 ms]
   [Other: 0.3 ms]
      [Choose CSet: 0.0 ms]
      [Ref Proc: 0.1 ms]
      [Ref Enq: 0.0 ms]
      [Redirty Cards: 0.1 ms]
      [Humongous Register: 0.0 ms]
      [Humongous Reclaim: 0.0 ms]
      [Free CSet: 0.0 ms]
   [Eden: 79.0M(79.0M)->0.0B(79.0M) Survivors: 1024.0K->1024.0K Heap: 227.5M(256.0M)->148.8M(256.0M)]
 [Times: user=0.02 sys=0.00, real=0.01 secs] 
2020-04-13T16:12:39.318+0800: 1742.265: [GC pause (G1 Evacuation Pause) (young), 0.0159238 secs]
   [Parallel Time: 15.4 ms, GC Workers: 4]
      [GC Worker Start (ms): Min: 1742265.0, Avg: 1742265.0, Max: 1742265.1, Diff: 0.0]
      [Ext Root Scanning (ms): Min: 0.3, Avg: 0.4, Max: 0.5, Diff: 0.2, Sum: 1.5]
      [Update RS (ms): Min: 1.7, Avg: 1.9, Max: 2.4, Diff: 0.7, Sum: 7.7]
         [Processed Buffers: Min: 2, Avg: 8.2, Max: 14, Diff: 12, Sum: 33]
      [Scan RS (ms): Min: 0.3, Avg: 0.7, Max: 0.9, Diff: 0.6, Sum: 2.8]
      [Code Root Scanning (ms): Min: 0.0, Avg: 0.0, Max: 0.0, Diff: 0.0, Sum: 0.0]
      [Object Copy (ms): Min: 1.3, Avg: 1.5, Max: 2.0, Diff: 0.7, Sum: 6.1]
      [Termination (ms): Min: 0.0, Avg: 3.1, Max: 10.9, Diff: 10.9, Sum: 12.5]
         [Termination Attempts: Min: 1, Avg: 1.0, Max: 1, Diff: 0, Sum: 4]
      [GC Worker Other (ms): Min: 0.0, Avg: 0.0, Max: 0.0, Diff: 0.0, Sum: 0.0]
      [GC Worker Total (ms): Min: 5.1, Avg: 7.7, Max: 15.3, Diff: 10.2, Sum: 30.7]
      [GC Worker End (ms): Min: 1742270.1, Avg: 1742272.7, Max: 1742280.3, Diff: 10.2]
   [Code Root Fixup: 0.1 ms]
   [Code Root Purge: 0.0 ms]
   [Clear CT: 0.1 ms]
   [Other: 0.4 ms]
      [Choose CSet: 0.0 ms]
      [Ref Proc: 0.1 ms]
      [Ref Enq: 0.0 ms]
      [Redirty Cards: 0.1 ms]
      [Humongous Register: 0.0 ms]
      [Humongous Reclaim: 0.0 ms]
      [Free CSet: 0.0 ms]
   [Eden: 79.0M(79.0M)->0.0B(79.0M) Survivors: 1024.0K->1024.0K Heap: 227.8M(256.0M)->148.6M(256.0M)]
 [Times: user=0.02 sys=0.00, real=0.02 secs] 
2020-04-13T16:12:41.305+0800: 1744.252: [GC pause (G1 Evacuation Pause) (young) (initial-mark), 0.0052651 secs]
   [Parallel Time: 4.8 ms, GC Workers: 4]
      [GC Worker Start (ms): Min: 1744251.6, Avg: 1744251.6, Max: 1744251.6, Diff: 0.0]
      [Ext Root Scanning (ms): Min: 0.7, Avg: 0.8, Max: 0.8, Diff: 0.1, Sum: 3.1]
      [Update RS (ms): Min: 1.6, Avg: 1.7, Max: 1.9, Diff: 0.3, Sum: 7.0]
         [Processed Buffers: Min: 5, Avg: 8.8, Max: 11, Diff: 6, Sum: 35]
      [Scan RS (ms): Min: 0.7, Avg: 1.0, Max: 1.5, Diff: 0.8, Sum: 4.2]
      [Code Root Scanning (ms): Min: 0.0, Avg: 0.0, Max: 0.0, Diff: 0.0, Sum: 0.0]
      [Object Copy (ms): Min: 0.8, Avg: 1.2, Max: 1.3, Diff: 0.5, Sum: 4.6]
      [Termination (ms): Min: 0.0, Avg: 0.0, Max: 0.0, Diff: 0.0, Sum: 0.0]
         [Termination Attempts: Min: 1, Avg: 1.0, Max: 1, Diff: 0, Sum: 4]
      [GC Worker Other (ms): Min: 0.0, Avg: 0.0, Max: 0.0, Diff: 0.0, Sum: 0.1]
      [GC Worker Total (ms): Min: 4.7, Avg: 4.7, Max: 4.7, Diff: 0.0, Sum: 18.9]
      [GC Worker End (ms): Min: 1744256.3, Avg: 1744256.3, Max: 1744256.4, Diff: 0.0]
   [Code Root Fixup: 0.1 ms]
   [Code Root Purge: 0.0 ms]
   [Clear CT: 0.0 ms]
   [Other: 0.3 ms]
      [Choose CSet: 0.0 ms]
      [Ref Proc: 0.1 ms]
      [Ref Enq: 0.0 ms]
      [Redirty Cards: 0.1 ms]
      [Humongous Register: 0.0 ms]
      [Humongous Reclaim: 0.0 ms]
      [Free CSet: 0.0 ms]
   [Eden: 79.0M(79.0M)->0.0B(79.0M) Survivors: 1024.0K->1024.0K Heap: 227.6M(256.0M)->148.9M(256.0M)]
 [Times: user=0.02 sys=0.00, real=0.01 secs] 
2020-04-13T16:12:41.310+0800: 1744.257: [GC concurrent-root-region-scan-start]
2020-04-13T16:12:41.313+0800: 1744.260: [GC concurrent-root-region-scan-end, 0.0029870 secs]
2020-04-13T16:12:41.313+0800: 1744.260: [GC concurrent-mark-start]
2020-04-13T16:12:41.340+0800: 1744.286: [GC concurrent-mark-end, 0.0262235 secs]
2020-04-13T16:12:41.340+0800: 1744.286: [GC remark 2020-04-13T16:12:41.340+0800: 1744.286: [Finalize Marking, 0.0001299 secs] 2020-04-13T16:12:41.340+0800: 1744.287: [GC ref-proc, 0.0000736 secs] 2020-04-13T16:12:41.340+0800: 1744.287: [Unloading, 0.0047832 secs], 0.0065263 secs]
 [Times: user=0.02 sys=0.00, real=0.00 secs] 
2020-04-13T16:12:41.346+0800: 1744.293: [GC cleanup 150M->150M(256M), 0.0003846 secs]
 [Times: user=0.00 sys=0.00, real=0.00 secs] 
2020-04-13T16:12:43.453+0800: 1746.399: [GC pause (G1 Evacuation Pause) (young), 0.0051086 secs]
   [Parallel Time: 4.7 ms, GC Workers: 4]
      [GC Worker Start (ms): Min: 1746399.2, Avg: 1746399.2, Max: 1746399.2, Diff: 0.0]
      [Ext Root Scanning (ms): Min: 0.4, Avg: 0.8, Max: 1.6, Diff: 1.2, Sum: 3.1]
      [Update RS (ms): Min: 1.1, Avg: 1.8, Max: 2.3, Diff: 1.1, Sum: 7.2]
         [Processed Buffers: Min: 4, Avg: 8.5, Max: 13, Diff: 9, Sum: 34]
      [Scan RS (ms): Min: 0.6, Avg: 0.7, Max: 0.8, Diff: 0.1, Sum: 2.8]
      [Code Root Scanning (ms): Min: 0.0, Avg: 0.0, Max: 0.0, Diff: 0.0, Sum: 0.0]
      [Object Copy (ms): Min: 1.2, Avg: 1.3, Max: 1.3, Diff: 0.1, Sum: 5.1]
      [Termination (ms): Min: 0.0, Avg: 0.0, Max: 0.0, Diff: 0.0, Sum: 0.0]
         [Termination Attempts: Min: 1, Avg: 1.0, Max: 1, Diff: 0, Sum: 4]
      [GC Worker Other (ms): Min: 0.0, Avg: 0.0, Max: 0.1, Diff: 0.0, Sum: 0.1]
      [GC Worker Total (ms): Min: 4.6, Avg: 4.6, Max: 4.6, Diff: 0.0, Sum: 18.3]
      [GC Worker End (ms): Min: 1746403.8, Avg: 1746403.8, Max: 1746403.8, Diff: 0.0]
   [Code Root Fixup: 0.1 ms]
   [Code Root Purge: 0.0 ms]
   [Clear CT: 0.0 ms]
   [Other: 0.3 ms]
      [Choose CSet: 0.0 ms]
      [Ref Proc: 0.1 ms]
      [Ref Enq: 0.0 ms]
      [Redirty Cards: 0.1 ms]
      [Humongous Register: 0.0 ms]
      [Humongous Reclaim: 0.0 ms]
      [Free CSet: 0.0 ms]
   [Eden: 79.0M(79.0M)->0.0B(78.0M) Survivors: 1024.0K->1024.0K Heap: 227.9M(256.0M)->148.7M(256.0M)]
 [Times: user=0.01 sys=0.00, real=0.00 secs] 
2020-04-13T16:12:45.413+0800: 1748.360: [GC pause (G1 Evacuation Pause) (young), 0.0066337 secs]
   [Parallel Time: 6.1 ms, GC Workers: 4]
      [GC Worker Start (ms): Min: 1748359.6, Avg: 1748359.7, Max: 1748359.7, Diff: 0.0]
      [Ext Root Scanning (ms): Min: 0.3, Avg: 0.5, Max: 0.9, Diff: 0.6, Sum: 1.9]
      [Update RS (ms): Min: 0.0, Avg: 1.7, Max: 2.4, Diff: 2.4, Sum: 6.7]
         [Processed Buffers: Min: 0, Avg: 9.2, Max: 13, Diff: 13, Sum: 37]
      [Scan RS (ms): Min: 0.0, Avg: 0.5, Max: 0.7, Diff: 0.7, Sum: 1.9]
      [Code Root Scanning (ms): Min: 0.0, Avg: 0.0, Max: 0.0, Diff: 0.0, Sum: 0.0]
      [Object Copy (ms): Min: 1.3, Avg: 2.3, Max: 5.1, Diff: 3.8, Sum: 9.1]
      [Termination (ms): Min: 0.0, Avg: 0.9, Max: 1.2, Diff: 1.2, Sum: 3.7]
         [Termination Attempts: Min: 1, Avg: 1.0, Max: 1, Diff: 0, Sum: 4]
      [GC Worker Other (ms): Min: 0.0, Avg: 0.0, Max: 0.0, Diff: 0.0, Sum: 0.0]
      [GC Worker Total (ms): Min: 5.4, Avg: 5.9, Max: 6.0, Diff: 0.6, Sum: 23.4]
      [GC Worker End (ms): Min: 1748365.1, Avg: 1748365.5, Max: 1748365.7, Diff: 0.6]
   [Code Root Fixup: 0.0 ms]
   [Code Root Purge: 0.0 ms]
   [Clear CT: 0.1 ms]
   [Other: 0.5 ms]
      [Choose CSet: 0.0 ms]
      [Ref Proc: 0.2 ms]
      [Ref Enq: 0.0 ms]
      [Redirty Cards: 0.1 ms]
      [Humongous Register: 0.0 ms]
      [Humongous Reclaim: 0.0 ms]
      [Free CSet: 0.0 ms]
   [Eden: 78.0M(78.0M)->0.0B(78.0M) Survivors: 1024.0K->1024.0K Heap: 226.7M(256.0M)->149.1M(256.0M)]
 [Times: user=0.02 sys=0.00, real=0.01 secs] 
2020-04-13T16:12:46.993+0800: 1749.939: [GC pause (G1 Evacuation Pause) (young) (initial-mark), 0.0078534 secs]
   [Parallel Time: 6.4 ms, GC Workers: 4]
      [GC Worker Start (ms): Min: 1749939.2, Avg: 1749939.2, Max: 1749939.2, Diff: 0.0]
      [Ext Root Scanning (ms): Min: 0.5, Avg: 0.7, Max: 0.8, Diff: 0.2, Sum: 2.6]
      [Update RS (ms): Min: 3.8, Avg: 3.8, Max: 3.8, Diff: 0.0, Sum: 15.1]
         [Processed Buffers: Min: 3, Avg: 8.8, Max: 12, Diff: 9, Sum: 35]
      [Scan RS (ms): Min: 0.4, Avg: 0.5, Max: 0.6, Diff: 0.2, Sum: 2.0]
      [Code Root Scanning (ms): Min: 0.0, Avg: 0.0, Max: 0.0, Diff: 0.0, Sum: 0.0]
      [Object Copy (ms): Min: 1.3, Avg: 1.3, Max: 1.3, Diff: 0.1, Sum: 5.3]
      [Termination (ms): Min: 0.0, Avg: 0.0, Max: 0.0, Diff: 0.0, Sum: 0.0]
         [Termination Attempts: Min: 1, Avg: 1.0, Max: 1, Diff: 0, Sum: 4]
      [GC Worker Other (ms): Min: 0.0, Avg: 0.0, Max: 0.0, Diff: 0.0, Sum: 0.1]
      [GC Worker Total (ms): Min: 6.2, Avg: 6.3, Max: 6.3, Diff: 0.0, Sum: 25.0]
      [GC Worker End (ms): Min: 1749945.5, Avg: 1749945.5, Max: 1749945.5, Diff: 0.0]
   [Code Root Fixup: 0.0 ms]
   [Code Root Purge: 0.0 ms]
   [Clear CT: 0.1 ms]
   [Other: 1.4 ms]
      [Choose CSet: 0.0 ms]
      [Ref Proc: 1.1 ms]
      [Ref Enq: 0.0 ms]
      [Redirty Cards: 0.1 ms]
      [Humongous Register: 0.0 ms]
      [Humongous Reclaim: 0.0 ms]
      [Free CSet: 0.0 ms]
   [Eden: 78.0M(78.0M)->0.0B(78.0M) Survivors: 1024.0K->1024.0K Heap: 227.1M(256.0M)->148.8M(256.0M)]
 [Times: user=0.02 sys=0.00, real=0.01 secs] 
2020-04-13T16:12:47.001+0800: 1749.947: [GC concurrent-root-region-scan-start]
2020-04-13T16:12:47.005+0800: 1749.951: [GC concurrent-root-region-scan-end, 0.0039825 secs]
2020-04-13T16:12:47.005+0800: 1749.951: [GC concurrent-mark-start]
2020-04-13T16:12:47.044+0800: 1749.991: [GC concurrent-mark-end, 0.0398636 secs]
2020-04-13T16:12:47.045+0800: 1749.991: [GC remark 2020-04-13T16:12:47.045+0800: 1749.992: [Finalize Marking, 0.0003870 secs] 2020-04-13T16:12:47.045+0800: 1749.992: [GC ref-proc, 0.0000982 secs] 2020-04-13T16:12:47.046+0800: 1749.992: [Unloading, 0.0039745 secs], 0.0062859 secs]
 [Times: user=0.02 sys=0.00, real=0.01 secs] 
2020-04-13T16:12:47.051+0800: 1749.998: [GC cleanup 150M->150M(256M), 0.0009500 secs]
 [Times: user=0.00 sys=0.00, real=0.00 secs] 
2020-04-13T16:12:49.600+0800: 1752.546: [GC pause (G1 Evacuation Pause) (young), 0.0057779 secs]
   [Parallel Time: 5.3 ms, GC Workers: 4]
      [GC Worker Start (ms): Min: 1752546.5, Avg: 1752547.1, Max: 1752548.7, Diff: 2.2]
      [Ext Root Scanning (ms): Min: 0.0, Avg: 0.4, Max: 0.5, Diff: 0.5, Sum: 1.4]
      [Update RS (ms): Min: 1.1, Avg: 2.5, Max: 3.2, Diff: 2.0, Sum: 9.8]
         [Processed Buffers: Min: 2, Avg: 9.0, Max: 20, Diff: 18, Sum: 36]
      [Scan RS (ms): Min: 0.4, Avg: 0.7, Max: 0.8, Diff: 0.4, Sum: 2.6]
      [Code Root Scanning (ms): Min: 0.0, Avg: 0.0, Max: 0.0, Diff: 0.0, Sum: 0.0]
      [Object Copy (ms): Min: 1.2, Avg: 1.2, Max: 1.3, Diff: 0.1, Sum: 4.8]
      [Termination (ms): Min: 0.0, Avg: 0.0, Max: 0.0, Diff: 0.0, Sum: 0.0]
         [Termination Attempts: Min: 1, Avg: 1.2, Max: 2, Diff: 1, Sum: 5]
      [GC Worker Other (ms): Min: 0.0, Avg: 0.0, Max: 0.0, Diff: 0.0, Sum: 0.0]
      [GC Worker Total (ms): Min: 3.1, Avg: 4.7, Max: 5.2, Diff: 2.2, Sum: 18.7]
      [GC Worker End (ms): Min: 1752551.8, Avg: 1752551.8, Max: 1752551.8, Diff: 0.0]
   [Code Root Fixup: 0.1 ms]
   [Code Root Purge: 0.0 ms]
   [Clear CT: 0.0 ms]
   [Other: 0.4 ms]
      [Choose CSet: 0.0 ms]
      [Ref Proc: 0.1 ms]
      [Ref Enq: 0.0 ms]
      [Redirty Cards: 0.1 ms]
      [Humongous Register: 0.0 ms]
      [Humongous Reclaim: 0.0 ms]
      [Free CSet: 0.0 ms]
   [Eden: 78.0M(78.0M)->0.0B(10.0M) Survivors: 1024.0K->2048.0K Heap: 226.8M(256.0M)->149.3M(256.0M)]
 [Times: user=0.01 sys=0.00, real=0.00 secs] 
2020-04-13T16:12:49.840+0800: 1752.787: [GC pause (G1 Evacuation Pause) (mixed), 0.0085229 secs]
   [Parallel Time: 7.4 ms, GC Workers: 4]
      [GC Worker Start (ms): Min: 1752786.6, Avg: 1752786.6, Max: 1752786.7, Diff: 0.0]
      [Ext Root Scanning (ms): Min: 0.3, Avg: 0.4, Max: 0.5, Diff: 0.2, Sum: 1.5]
      [Update RS (ms): Min: 1.2, Avg: 1.3, Max: 1.4, Diff: 0.2, Sum: 5.2]
         [Processed Buffers: Min: 3, Avg: 7.0, Max: 17, Diff: 14, Sum: 28]
      [Scan RS (ms): Min: 2.0, Avg: 2.3, Max: 2.7, Diff: 0.6, Sum: 9.3]
      [Code Root Scanning (ms): Min: 0.0, Avg: 0.0, Max: 0.0, Diff: 0.0, Sum: 0.0]
      [Object Copy (ms): Min: 2.0, Avg: 2.5, Max: 3.3, Diff: 1.3, Sum: 9.8]
      [Termination (ms): Min: 0.0, Avg: 0.7, Max: 1.0, Diff: 1.0, Sum: 2.7]
         [Termination Attempts: Min: 1, Avg: 1.2, Max: 2, Diff: 1, Sum: 5]
      [GC Worker Other (ms): Min: 0.0, Avg: 0.0, Max: 0.0, Diff: 0.0, Sum: 0.1]
      [GC Worker Total (ms): Min: 7.1, Avg: 7.2, Max: 7.2, Diff: 0.2, Sum: 28.7]
      [GC Worker End (ms): Min: 1752793.7, Avg: 1752793.8, Max: 1752793.9, Diff: 0.2]
   [Code Root Fixup: 0.0 ms]
   [Code Root Purge: 0.0 ms]
   [Clear CT: 0.2 ms]
   [Other: 1.0 ms]
      [Choose CSet: 0.0 ms]
      [Ref Proc: 0.7 ms]
      [Ref Enq: 0.0 ms]
      [Redirty Cards: 0.1 ms]
      [Humongous Register: 0.0 ms]
      [Humongous Reclaim: 0.0 ms]
      [Free CSet: 0.0 ms]
   [Eden: 10.0M(10.0M)->0.0B(79.0M) Survivors: 2048.0K->1024.0K Heap: 159.3M(256.0M)->148.1M(256.0M)]
 [Times: user=0.02 sys=0.00, real=0.00 secs] 
2020-04-13T16:12:51.801+0800: 1754.747: [GC pause (G1 Evacuation Pause) (young), 0.0072488 secs]
   [Parallel Time: 4.8 ms, GC Workers: 4]
      [GC Worker Start (ms): Min: 1754747.3, Avg: 1754747.4, Max: 1754747.5, Diff: 0.1]
      [Ext Root Scanning (ms): Min: 0.3, Avg: 0.4, Max: 0.5, Diff: 0.2, Sum: 1.5]
      [Update RS (ms): Min: 2.2, Avg: 2.3, Max: 2.5, Diff: 0.3, Sum: 9.4]
         [Processed Buffers: Min: 3, Avg: 8.0, Max: 13, Diff: 10, Sum: 32]
      [Scan RS (ms): Min: 0.6, Avg: 0.8, Max: 1.0, Diff: 0.3, Sum: 3.2]
      [Code Root Scanning (ms): Min: 0.0, Avg: 0.0, Max: 0.0, Diff: 0.0, Sum: 0.0]
      [Object Copy (ms): Min: 1.1, Avg: 1.2, Max: 1.2, Diff: 0.1, Sum: 4.7]
      [Termination (ms): Min: 0.0, Avg: 0.0, Max: 0.0, Diff: 0.0, Sum: 0.0]
         [Termination Attempts: Min: 1, Avg: 1.0, Max: 1, Diff: 0, Sum: 4]
      [GC Worker Other (ms): Min: 0.0, Avg: 0.0, Max: 0.0, Diff: 0.0, Sum: 0.0]
      [GC Worker Total (ms): Min: 4.6, Avg: 4.7, Max: 4.8, Diff: 0.1, Sum: 18.9]
      [GC Worker End (ms): Min: 1754752.1, Avg: 1754752.1, Max: 1754752.1, Diff: 0.0]
   [Code Root Fixup: 0.0 ms]
   [Code Root Purge: 0.0 ms]
   [Clear CT: 0.4 ms]
   [Other: 2.0 ms]
      [Choose CSet: 0.0 ms]
      [Ref Proc: 1.7 ms]
      [Ref Enq: 0.0 ms]
      [Redirty Cards: 0.1 ms]
      [Humongous Register: 0.0 ms]
      [Humongous Reclaim: 0.0 ms]
      [Free CSet: 0.0 ms]
   [Eden: 79.0M(79.0M)->0.0B(79.0M) Survivors: 1024.0K->1024.0K Heap: 227.1M(256.0M)->148.3M(256.0M)]
 [Times: user=0.02 sys=0.00, real=0.00 secs] 
2020-04-13T16:12:55.045+0800: 1757.991: [GC pause (G1 Evacuation Pause) (young) (initial-mark), 0.0061079 secs]
   [Parallel Time: 4.9 ms, GC Workers: 4]
      [GC Worker Start (ms): Min: 1757991.5, Avg: 1757991.6, Max: 1757992.1, Diff: 0.6]
      [Ext Root Scanning (ms): Min: 0.0, Avg: 0.9, Max: 2.3, Diff: 2.3, Sum: 3.6]
      [Update RS (ms): Min: 0.4, Avg: 1.7, Max: 2.2, Diff: 1.7, Sum: 6.7]
         [Processed Buffers: Min: 1, Avg: 8.2, Max: 16, Diff: 15, Sum: 33]
      [Scan RS (ms): Min: 0.7, Avg: 0.8, Max: 0.9, Diff: 0.2, Sum: 3.2]
      [Code Root Scanning (ms): Min: 0.0, Avg: 0.0, Max: 0.0, Diff: 0.0, Sum: 0.0]
      [Object Copy (ms): Min: 1.0, Avg: 1.2, Max: 1.3, Diff: 0.3, Sum: 4.9]
      [Termination (ms): Min: 0.0, Avg: 0.0, Max: 0.0, Diff: 0.0, Sum: 0.0]
         [Termination Attempts: Min: 1, Avg: 1.0, Max: 1, Diff: 0, Sum: 4]
      [GC Worker Other (ms): Min: 0.0, Avg: 0.0, Max: 0.1, Diff: 0.1, Sum: 0.2]
      [GC Worker Total (ms): Min: 4.1, Avg: 4.6, Max: 4.8, Diff: 0.6, Sum: 18.5]
      [GC Worker End (ms): Min: 1757996.2, Avg: 1757996.2, Max: 1757996.2, Diff: 0.0]
   [Code Root Fixup: 0.0 ms]
   [Code Root Purge: 0.0 ms]
   [Clear CT: 0.2 ms]
   [Other: 1.0 ms]
      [Choose CSet: 0.0 ms]
      [Ref Proc: 0.8 ms]
      [Ref Enq: 0.0 ms]
      [Redirty Cards: 0.1 ms]
      [Humongous Register: 0.0 ms]
      [Humongous Reclaim: 0.0 ms]
      [Free CSet: 0.0 ms]
   [Eden: 79.0M(79.0M)->0.0B(79.0M) Survivors: 1024.0K->1024.0K Heap: 227.3M(256.0M)->148.2M(256.0M)]
 [Times: user=0.01 sys=0.00, real=0.01 secs] 
2020-04-13T16:12:55.051+0800: 1757.998: [GC concurrent-root-region-scan-start]
2020-04-13T16:12:55.054+0800: 1758.001: [GC concurrent-root-region-scan-end, 0.0031428 secs]
2020-04-13T16:12:55.054+0800: 1758.001: [GC concurrent-mark-start]
2020-04-13T16:12:55.081+0800: 1758.027: [GC concurrent-mark-end, 0.0261649 secs]
2020-04-13T16:12:55.081+0800: 1758.027: [GC remark 2020-04-13T16:12:55.081+0800: 1758.027: [Finalize Marking, 0.0001165 secs] 2020-04-13T16:12:55.081+0800: 1758.027: [GC ref-proc, 0.0000941 secs] 2020-04-13T16:12:55.081+0800: 1758.027: [Unloading, 0.0043971 secs], 0.0064054 secs]
 [Times: user=0.01 sys=0.00, real=0.00 secs] 
2020-04-13T16:12:55.087+0800: 1758.034: [GC cleanup 149M->149M(256M), 0.0004491 secs]
 [Times: user=0.01 sys=0.00, real=0.00 secs] 
2020-04-13T16:12:57.086+0800: 1760.032: [GC pause (G1 Evacuation Pause) (young), 0.0049125 secs]
   [Parallel Time: 4.3 ms, GC Workers: 4]
      [GC Worker Start (ms): Min: 1760032.3, Avg: 1760032.3, Max: 1760032.4, Diff: 0.0]
      [Ext Root Scanning (ms): Min: 0.3, Avg: 0.4, Max: 0.5, Diff: 0.2, Sum: 1.5]
      [Update RS (ms): Min: 1.4, Avg: 1.5, Max: 1.6, Diff: 0.2, Sum: 6.1]
         [Processed Buffers: Min: 5, Avg: 8.5, Max: 12, Diff: 7, Sum: 34]
      [Scan RS (ms): Min: 0.7, Avg: 0.8, Max: 1.0, Diff: 0.3, Sum: 3.3]
      [Code Root Scanning (ms): Min: 0.0, Avg: 0.0, Max: 0.0, Diff: 0.0, Sum: 0.0]
      [Object Copy (ms): Min: 1.4, Avg: 1.4, Max: 1.4, Diff: 0.1, Sum: 5.6]
      [Termination (ms): Min: 0.0, Avg: 0.1, Max: 0.1, Diff: 0.1, Sum: 0.3]
         [Termination Attempts: Min: 1, Avg: 1.0, Max: 1, Diff: 0, Sum: 4]
      [GC Worker Other (ms): Min: 0.0, Avg: 0.0, Max: 0.0, Diff: 0.0, Sum: 0.0]
      [GC Worker Total (ms): Min: 4.2, Avg: 4.2, Max: 4.3, Diff: 0.1, Sum: 16.9]
      [GC Worker End (ms): Min: 1760036.6, Avg: 1760036.6, Max: 1760036.6, Diff: 0.1]
   [Code Root Fixup: 0.0 ms]
   [Code Root Purge: 0.0 ms]
   [Clear CT: 0.1 ms]
   [Other: 0.5 ms]
      [Choose CSet: 0.0 ms]
      [Ref Proc: 0.2 ms]
      [Ref Enq: 0.0 ms]
      [Redirty Cards: 0.1 ms]
      [Humongous Register: 0.0 ms]
      [Humongous Reclaim: 0.0 ms]
      [Free CSet: 0.0 ms]
   [Eden: 79.0M(79.0M)->0.0B(79.0M) Survivors: 1024.0K->1024.0K Heap: 227.2M(256.0M)->148.2M(256.0M)]
 [Times: user=0.01 sys=0.00, real=0.01 secs] 
2020-04-13T16:12:58.850+0800: 1761.796: [GC pause (G1 Evacuation Pause) (young), 0.0053331 secs]
   [Parallel Time: 4.9 ms, GC Workers: 4]
      [GC Worker Start (ms): Min: 1761796.4, Avg: 1761796.4, Max: 1761796.4, Diff: 0.0]
      [Ext Root Scanning (ms): Min: 0.3, Avg: 0.4, Max: 0.5, Diff: 0.2, Sum: 1.5]
      [Update RS (ms): Min: 1.6, Avg: 1.7, Max: 1.8, Diff: 0.2, Sum: 6.7]
         [Processed Buffers: Min: 5, Avg: 7.5, Max: 11, Diff: 6, Sum: 30]
      [Scan RS (ms): Min: 0.6, Avg: 0.7, Max: 0.8, Diff: 0.3, Sum: 2.9]
      [Code Root Scanning (ms): Min: 0.0, Avg: 0.0, Max: 0.0, Diff: 0.0, Sum: 0.0]
      [Object Copy (ms): Min: 1.4, Avg: 1.6, Max: 2.0, Diff: 0.6, Sum: 6.3]
      [Termination (ms): Min: 0.0, Avg: 0.5, Max: 0.6, Diff: 0.6, Sum: 1.9]
         [Termination Attempts: Min: 1, Avg: 1.2, Max: 2, Diff: 1, Sum: 5]
      [GC Worker Other (ms): Min: 0.0, Avg: 0.0, Max: 0.0, Diff: 0.0, Sum: 0.1]
      [GC Worker Total (ms): Min: 4.8, Avg: 4.8, Max: 4.8, Diff: 0.0, Sum: 19.3]
      [GC Worker End (ms): Min: 1761801.2, Avg: 1761801.2, Max: 1761801.3, Diff: 0.0]
   [Code Root Fixup: 0.0 ms]
   [Code Root Purge: 0.0 ms]
   [Clear CT: 0.1 ms]
   [Other: 0.3 ms]
      [Choose CSet: 0.0 ms]
      [Ref Proc: 0.2 ms]
      [Ref Enq: 0.0 ms]
      [Redirty Cards: 0.1 ms]
      [Humongous Register: 0.0 ms]
      [Humongous Reclaim: 0.0 ms]
      [Free CSet: 0.0 ms]
   [Eden: 79.0M(79.0M)->0.0B(79.0M) Survivors: 1024.0K->1024.0K Heap: 227.2M(256.0M)->148.4M(256.0M)]
 [Times: user=0.01 sys=0.00, real=0.00 secs] 
2020-04-13T16:13:00.577+0800: 1763.523: [GC pause (G1 Evacuation Pause) (young) (initial-mark), 0.0050042 secs]
   [Parallel Time: 4.5 ms, GC Workers: 4]
      [GC Worker Start (ms): Min: 1763523.2, Avg: 1763523.3, Max: 1763523.3, Diff: 0.1]
      [Ext Root Scanning (ms): Min: 0.6, Avg: 0.6, Max: 0.7, Diff: 0.1, Sum: 2.4]
      [Update RS (ms): Min: 1.8, Avg: 1.9, Max: 2.1, Diff: 0.3, Sum: 7.7]
         [Processed Buffers: Min: 4, Avg: 8.8, Max: 13, Diff: 9, Sum: 35]
      [Scan RS (ms): Min: 0.5, Avg: 0.7, Max: 0.8, Diff: 0.3, Sum: 2.7]
      [Code Root Scanning (ms): Min: 0.0, Avg: 0.0, Max: 0.0, Diff: 0.0, Sum: 0.0]
      [Object Copy (ms): Min: 1.1, Avg: 1.1, Max: 1.2, Diff: 0.1, Sum: 4.5]
      [Termination (ms): Min: 0.0, Avg: 0.0, Max: 0.0, Diff: 0.0, Sum: 0.0]
         [Termination Attempts: Min: 1, Avg: 1.0, Max: 1, Diff: 0, Sum: 4]
      [GC Worker Other (ms): Min: 0.0, Avg: 0.0, Max: 0.0, Diff: 0.0, Sum: 0.0]
      [GC Worker Total (ms): Min: 4.3, Avg: 4.4, Max: 4.4, Diff: 0.1, Sum: 17.4]
      [GC Worker End (ms): Min: 1763527.6, Avg: 1763527.6, Max: 1763527.6, Diff: 0.0]
   [Code Root Fixup: 0.0 ms]
   [Code Root Purge: 0.0 ms]
   [Clear CT: 0.1 ms]
   [Other: 0.4 ms]
      [Choose CSet: 0.0 ms]
      [Ref Proc: 0.2 ms]
      [Ref Enq: 0.0 ms]
      [Redirty Cards: 0.1 ms]
      [Humongous Register: 0.0 ms]
      [Humongous Reclaim: 0.0 ms]
      [Free CSet: 0.0 ms]
   [Eden: 79.0M(79.0M)->0.0B(79.0M) Survivors: 1024.0K->1024.0K Heap: 227.4M(256.0M)->148.3M(256.0M)]
 [Times: user=0.02 sys=0.01, real=0.01 secs] 
2020-04-13T16:13:00.582+0800: 1763.528: [GC concurrent-root-region-scan-start]
2020-04-13T16:13:00.584+0800: 1763.531: [GC concurrent-root-region-scan-end, 0.0025655 secs]
2020-04-13T16:13:00.585+0800: 1763.531: [GC concurrent-mark-start]
2020-04-13T16:13:00.610+0800: 1763.557: [GC concurrent-mark-end, 0.0256555 secs]
2020-04-13T16:13:00.610+0800: 1763.557: [GC remark 2020-04-13T16:13:00.610+0800: 1763.557: [Finalize Marking, 0.0001774 secs] 2020-04-13T16:13:00.611+0800: 1763.557: [GC ref-proc, 0.0000698 secs] 2020-04-13T16:13:00.611+0800: 1763.557: [Unloading, 0.0042959 secs], 0.0061602 secs]
 [Times: user=0.01 sys=0.00, real=0.00 secs] 
2020-04-13T16:13:00.617+0800: 1763.563: [GC cleanup 149M->149M(256M), 0.0003223 secs]
 [Times: user=0.00 sys=0.00, real=0.00 secs] 
2020-04-13T16:13:02.767+0800: 1765.714: [GC pause (G1 Evacuation Pause) (young), 0.0049494 secs]
   [Parallel Time: 4.4 ms, GC Workers: 4]
      [GC Worker Start (ms): Min: 1765713.9, Avg: 1765713.9, Max: 1765714.0, Diff: 0.1]
      [Ext Root Scanning (ms): Min: 0.3, Avg: 0.5, Max: 1.0, Diff: 0.7, Sum: 2.1]
      [Update RS (ms): Min: 1.8, Avg: 2.0, Max: 2.3, Diff: 0.5, Sum: 8.2]
         [Processed Buffers: Min: 6, Avg: 9.0, Max: 12, Diff: 6, Sum: 36]
      [Scan RS (ms): Min: 0.4, Avg: 0.6, Max: 0.7, Diff: 0.3, Sum: 2.3]
      [Code Root Scanning (ms): Min: 0.0, Avg: 0.0, Max: 0.0, Diff: 0.0, Sum: 0.0]
      [Object Copy (ms): Min: 1.2, Avg: 1.2, Max: 1.2, Diff: 0.0, Sum: 4.8]
      [Termination (ms): Min: 0.0, Avg: 0.0, Max: 0.0, Diff: 0.0, Sum: 0.0]
         [Termination Attempts: Min: 1, Avg: 1.0, Max: 1, Diff: 0, Sum: 4]
      [GC Worker Other (ms): Min: 0.0, Avg: 0.0, Max: 0.0, Diff: 0.0, Sum: 0.1]
      [GC Worker Total (ms): Min: 4.3, Avg: 4.4, Max: 4.4, Diff: 0.1, Sum: 17.4]
      [GC Worker End (ms): Min: 1765718.3, Avg: 1765718.3, Max: 1765718.3, Diff: 0.0]
   [Code Root Fixup: 0.1 ms]
   [Code Root Purge: 0.0 ms]
   [Clear CT: 0.1 ms]
   [Other: 0.4 ms]
      [Choose CSet: 0.0 ms]
      [Ref Proc: 0.2 ms]
      [Ref Enq: 0.0 ms]
      [Redirty Cards: 0.0 ms]
      [Humongous Register: 0.0 ms]
      [Humongous Reclaim: 0.0 ms]
      [Free CSet: 0.0 ms]
   [Eden: 79.0M(79.0M)->0.0B(79.0M) Survivors: 1024.0K->1024.0K Heap: 227.3M(256.0M)->148.6M(256.0M)]
 [Times: user=0.02 sys=0.00, real=0.01 secs] 
2020-04-13T16:13:05.033+0800: 1767.979: [GC pause (G1 Evacuation Pause) (young), 0.0053808 secs]
   [Parallel Time: 4.9 ms, GC Workers: 4]
      [GC Worker Start (ms): Min: 1767979.6, Avg: 1767979.8, Max: 1767980.7, Diff: 1.2]
      [Ext Root Scanning (ms): Min: 0.0, Avg: 0.7, Max: 0.9, Diff: 0.9, Sum: 2.6]
      [Update RS (ms): Min: 1.7, Avg: 1.8, Max: 1.9, Diff: 0.2, Sum: 7.2]
         [Processed Buffers: Min: 3, Avg: 8.5, Max: 14, Diff: 11, Sum: 34]
      [Scan RS (ms): Min: 0.7, Avg: 0.8, Max: 1.0, Diff: 0.3, Sum: 3.2]
      [Code Root Scanning (ms): Min: 0.0, Avg: 0.0, Max: 0.0, Diff: 0.0, Sum: 0.0]
      [Object Copy (ms): Min: 1.2, Avg: 1.2, Max: 1.3, Diff: 0.1, Sum: 4.9]
      [Termination (ms): Min: 0.0, Avg: 0.0, Max: 0.0, Diff: 0.0, Sum: 0.0]
         [Termination Attempts: Min: 1, Avg: 1.0, Max: 1, Diff: 0, Sum: 4]
      [GC Worker Other (ms): Min: 0.0, Avg: 0.0, Max: 0.0, Diff: 0.0, Sum: 0.1]
      [GC Worker Total (ms): Min: 3.6, Avg: 4.5, Max: 4.8, Diff: 1.2, Sum: 18.0]
      [GC Worker End (ms): Min: 1767984.4, Avg: 1767984.4, Max: 1767984.4, Diff: 0.0]
   [Code Root Fixup: 0.0 ms]
   [Code Root Purge: 0.0 ms]
   [Clear CT: 0.1 ms]
   [Other: 0.4 ms]
      [Choose CSet: 0.0 ms]
      [Ref Proc: 0.2 ms]
      [Ref Enq: 0.0 ms]
      [Redirty Cards: 0.0 ms]
      [Humongous Register: 0.0 ms]
      [Humongous Reclaim: 0.0 ms]
      [Free CSet: 0.0 ms]
   [Eden: 79.0M(79.0M)->0.0B(79.0M) Survivors: 1024.0K->1024.0K Heap: 227.6M(256.0M)->148.4M(256.0M)]
 [Times: user=0.01 sys=0.00, real=0.00 secs] 
2020-04-13T16:13:06.914+0800: 1769.860: [GC pause (G1 Evacuation Pause) (young) (initial-mark), 0.0067775 secs]
   [Parallel Time: 5.4 ms, GC Workers: 4]
      [GC Worker Start (ms): Min: 1769860.6, Avg: 1769860.9, Max: 1769861.6, Diff: 1.0]
      [Ext Root Scanning (ms): Min: 0.0, Avg: 1.0, Max: 1.8, Diff: 1.8, Sum: 3.9]
      [Update RS (ms): Min: 1.5, Avg: 2.0, Max: 2.4, Diff: 0.8, Sum: 7.8]
         [Processed Buffers: Min: 4, Avg: 8.2, Max: 13, Diff: 9, Sum: 33]
      [Scan RS (ms): Min: 0.4, Avg: 0.7, Max: 0.9, Diff: 0.5, Sum: 2.8]
      [Code Root Scanning (ms): Min: 0.0, Avg: 0.0, Max: 0.0, Diff: 0.0, Sum: 0.0]
      [Object Copy (ms): Min: 1.2, Avg: 1.3, Max: 1.6, Diff: 0.4, Sum: 5.3]
      [Termination (ms): Min: 0.0, Avg: 0.0, Max: 0.0, Diff: 0.0, Sum: 0.0]
         [Termination Attempts: Min: 1, Avg: 1.0, Max: 1, Diff: 0, Sum: 4]
      [GC Worker Other (ms): Min: 0.0, Avg: 0.0, Max: 0.1, Diff: 0.1, Sum: 0.1]
      [GC Worker Total (ms): Min: 4.3, Avg: 5.0, Max: 5.3, Diff: 1.0, Sum: 20.0]
      [GC Worker End (ms): Min: 1769865.9, Avg: 1769865.9, Max: 1769865.9, Diff: 0.0]
   [Code Root Fixup: 0.0 ms]
   [Code Root Purge: 0.0 ms]
   [Clear CT: 0.1 ms]
   [Other: 1.2 ms]
      [Choose CSet: 0.0 ms]
      [Ref Proc: 0.8 ms]
      [Ref Enq: 0.0 ms]
      [Redirty Cards: 0.1 ms]
      [Humongous Register: 0.0 ms]
      [Humongous Reclaim: 0.0 ms]
      [Free CSet: 0.0 ms]
   [Eden: 79.0M(79.0M)->0.0B(77.0M) Survivors: 1024.0K->2048.0K Heap: 227.4M(256.0M)->148.8M(256.0M)]
 [Times: user=0.02 sys=0.00, real=0.01 secs] 
2020-04-13T16:13:06.921+0800: 1769.867: [GC concurrent-root-region-scan-start]
2020-04-13T16:13:06.925+0800: 1769.871: [GC concurrent-root-region-scan-end, 0.0035781 secs]
2020-04-13T16:13:06.925+0800: 1769.871: [GC concurrent-mark-start]
2020-04-13T16:13:06.951+0800: 1769.897: [GC concurrent-mark-end, 0.0265208 secs]
2020-04-13T16:13:06.951+0800: 1769.898: [GC remark 2020-04-13T16:13:06.951+0800: 1769.898: [Finalize Marking, 0.0002174 secs] 2020-04-13T16:13:06.952+0800: 1769.898: [GC ref-proc, 0.0001157 secs] 2020-04-13T16:13:06.952+0800: 1769.898: [Unloading, 0.0048386 secs], 0.0071623 secs]
 [Times: user=0.02 sys=0.00, real=0.00 secs] 
2020-04-13T16:13:06.959+0800: 1769.906: [GC cleanup 150M->150M(256M), 0.0006837 secs]
 [Times: user=0.00 sys=0.00, real=0.01 secs] 
2020-04-13T16:13:09.424+0800: 1772.371: [GC pause (G1 Evacuation Pause) (young), 0.0066318 secs]
   [Parallel Time: 5.1 ms, GC Workers: 4]
      [GC Worker Start (ms): Min: 1772370.9, Avg: 1772370.9, Max: 1772371.0, Diff: 0.1]
      [Ext Root Scanning (ms): Min: 0.3, Avg: 0.6, Max: 1.3, Diff: 1.0, Sum: 2.5]
      [Update RS (ms): Min: 1.4, Avg: 1.8, Max: 2.2, Diff: 0.8, Sum: 7.4]
         [Processed Buffers: Min: 7, Avg: 9.8, Max: 14, Diff: 7, Sum: 39]
      [Scan RS (ms): Min: 0.4, Avg: 0.8, Max: 1.4, Diff: 1.0, Sum: 3.1]
      [Code Root Scanning (ms): Min: 0.0, Avg: 0.0, Max: 0.0, Diff: 0.0, Sum: 0.0]
      [Object Copy (ms): Min: 1.2, Avg: 1.7, Max: 1.9, Diff: 0.6, Sum: 6.9]
      [Termination (ms): Min: 0.0, Avg: 0.0, Max: 0.0, Diff: 0.0, Sum: 0.0]
         [Termination Attempts: Min: 1, Avg: 1.5, Max: 2, Diff: 1, Sum: 6]
      [GC Worker Other (ms): Min: 0.0, Avg: 0.0, Max: 0.0, Diff: 0.0, Sum: 0.1]
      [GC Worker Total (ms): Min: 4.9, Avg: 5.0, Max: 5.0, Diff: 0.1, Sum: 19.9]
      [GC Worker End (ms): Min: 1772375.9, Avg: 1772375.9, Max: 1772375.9, Diff: 0.0]
   [Code Root Fixup: 0.0 ms]
   [Code Root Purge: 0.0 ms]
   [Clear CT: 0.1 ms]
   [Other: 1.4 ms]
      [Choose CSet: 0.0 ms]
      [Ref Proc: 0.8 ms]
      [Ref Enq: 0.0 ms]
      [Redirty Cards: 0.1 ms]
      [Humongous Register: 0.2 ms]
      [Humongous Reclaim: 0.0 ms]
      [Free CSet: 0.0 ms]
   [Eden: 77.0M(77.0M)->0.0B(79.0M) Survivors: 2048.0K->1024.0K Heap: 225.8M(256.0M)->148.5M(256.0M)]
 [Times: user=0.02 sys=0.00, real=0.01 secs] 
2020-04-13T16:13:11.503+0800: 1774.450: [GC pause (G1 Evacuation Pause) (young), 0.0063887 secs]
   [Parallel Time: 4.9 ms, GC Workers: 4]
      [GC Worker Start (ms): Min: 1774449.7, Avg: 1774449.7, Max: 1774449.7, Diff: 0.1]
      [Ext Root Scanning (ms): Min: 0.4, Avg: 0.6, Max: 0.8, Diff: 0.4, Sum: 2.2]
      [Update RS (ms): Min: 1.6, Avg: 1.9, Max: 2.1, Diff: 0.5, Sum: 7.7]
         [Processed Buffers: Min: 5, Avg: 8.5, Max: 12, Diff: 7, Sum: 34]
      [Scan RS (ms): Min: 0.5, Avg: 0.6, Max: 0.9, Diff: 0.4, Sum: 2.3]
      [Code Root Scanning (ms): Min: 0.0, Avg: 0.0, Max: 0.0, Diff: 0.0, Sum: 0.0]
      [Object Copy (ms): Min: 1.5, Avg: 1.7, Max: 1.9, Diff: 0.4, Sum: 6.8]
      [Termination (ms): Min: 0.0, Avg: 0.0, Max: 0.0, Diff: 0.0, Sum: 0.0]
         [Termination Attempts: Min: 1, Avg: 1.0, Max: 1, Diff: 0, Sum: 4]
      [GC Worker Other (ms): Min: 0.0, Avg: 0.0, Max: 0.0, Diff: 0.0, Sum: 0.0]
      [GC Worker Total (ms): Min: 4.7, Avg: 4.8, Max: 4.8, Diff: 0.1, Sum: 19.1]
      [GC Worker End (ms): Min: 1774454.5, Avg: 1774454.5, Max: 1774454.5, Diff: 0.0]
   [Code Root Fixup: 0.1 ms]
   [Code Root Purge: 0.0 ms]
   [Clear CT: 0.0 ms]
   [Other: 1.4 ms]
      [Choose CSet: 0.0 ms]
      [Ref Proc: 1.1 ms]
      [Ref Enq: 0.0 ms]
      [Redirty Cards: 0.0 ms]
      [Humongous Register: 0.0 ms]
      [Humongous Reclaim: 0.0 ms]
      [Free CSet: 0.0 ms]
   [Eden: 79.0M(79.0M)->0.0B(79.0M) Survivors: 1024.0K->1024.0K Heap: 227.5M(256.0M)->148.7M(256.0M)]
 [Times: user=0.02 sys=0.00, real=0.01 secs] 
2020-04-13T16:13:13.149+0800: 1776.095: [GC pause (G1 Evacuation Pause) (young) (initial-mark), 0.0048113 secs]
   [Parallel Time: 4.4 ms, GC Workers: 4]
      [GC Worker Start (ms): Min: 1776095.1, Avg: 1776095.1, Max: 1776095.1, Diff: 0.0]
      [Ext Root Scanning (ms): Min: 0.6, Avg: 0.6, Max: 0.6, Diff: 0.1, Sum: 2.4]
      [Update RS (ms): Min: 1.9, Avg: 2.0, Max: 2.1, Diff: 0.2, Sum: 7.9]
         [Processed Buffers: Min: 5, Avg: 8.8, Max: 13, Diff: 8, Sum: 35]
      [Scan RS (ms): Min: 0.4, Avg: 0.6, Max: 0.8, Diff: 0.4, Sum: 2.2]
      [Code Root Scanning (ms): Min: 0.0, Avg: 0.0, Max: 0.0, Diff: 0.0, Sum: 0.0]
      [Object Copy (ms): Min: 1.1, Avg: 1.2, Max: 1.3, Diff: 0.2, Sum: 4.8]
      [Termination (ms): Min: 0.0, Avg: 0.0, Max: 0.0, Diff: 0.0, Sum: 0.0]
         [Termination Attempts: Min: 1, Avg: 1.0, Max: 1, Diff: 0, Sum: 4]
      [GC Worker Other (ms): Min: 0.0, Avg: 0.0, Max: 0.0, Diff: 0.0, Sum: 0.1]
      [GC Worker Total (ms): Min: 4.3, Avg: 4.3, Max: 4.4, Diff: 0.0, Sum: 17.4]
      [GC Worker End (ms): Min: 1776099.4, Avg: 1776099.4, Max: 1776099.4, Diff: 0.0]
   [Code Root Fixup: 0.0 ms]
   [Code Root Purge: 0.0 ms]
   [Clear CT: 0.1 ms]
   [Other: 0.3 ms]
      [Choose CSet: 0.0 ms]
      [Ref Proc: 0.1 ms]
      [Ref Enq: 0.0 ms]
      [Redirty Cards: 0.1 ms]
      [Humongous Register: 0.0 ms]
      [Humongous Reclaim: 0.0 ms]
      [Free CSet: 0.0 ms]
   [Eden: 79.0M(79.0M)->0.0B(79.0M) Survivors: 1024.0K->1024.0K Heap: 227.7M(256.0M)->148.8M(256.0M)]
 [Times: user=0.02 sys=0.00, real=0.01 secs] 
2020-04-13T16:13:13.154+0800: 1776.100: [GC concurrent-root-region-scan-start]
2020-04-13T16:13:13.158+0800: 1776.104: [GC concurrent-root-region-scan-end, 0.0043345 secs]
2020-04-13T16:13:13.158+0800: 1776.104: [GC concurrent-mark-start]
2020-04-13T16:13:13.183+0800: 1776.130: [GC concurrent-mark-end, 0.0252448 secs]
2020-04-13T16:13:13.184+0800: 1776.130: [GC remark 2020-04-13T16:13:13.184+0800: 1776.130: [Finalize Marking, 0.0008112 secs] 2020-04-13T16:13:13.184+0800: 1776.131: [GC ref-proc, 0.0001056 secs] 2020-04-13T16:13:13.185+0800: 1776.131: [Unloading, 0.0040895 secs], 0.0067886 secs]
 [Times: user=0.02 sys=0.00, real=0.01 secs] 
2020-04-13T16:13:13.191+0800: 1776.137: [GC cleanup 150M->150M(256M), 0.0004958 secs]
 [Times: user=0.00 sys=0.00, real=0.00 secs] 
2020-04-13T16:13:14.637+0800: 1777.583: [GC pause (G1 Evacuation Pause) (young), 0.0063204 secs]
   [Parallel Time: 5.2 ms, GC Workers: 4]
      [GC Worker Start (ms): Min: 1777583.5, Avg: 1777583.5, Max: 1777583.6, Diff: 0.1]
      [Ext Root Scanning (ms): Min: 0.3, Avg: 0.4, Max: 0.6, Diff: 0.3, Sum: 1.6]
      [Update RS (ms): Min: 2.2, Avg: 2.3, Max: 2.5, Diff: 0.2, Sum: 9.4]
         [Processed Buffers: Min: 3, Avg: 8.8, Max: 18, Diff: 15, Sum: 35]
      [Scan RS (ms): Min: 0.1, Avg: 0.3, Max: 0.4, Diff: 0.2, Sum: 1.1]
      [Code Root Scanning (ms): Min: 0.0, Avg: 0.0, Max: 0.0, Diff: 0.0, Sum: 0.0]
      [Object Copy (ms): Min: 1.5, Avg: 1.7, Max: 1.9, Diff: 0.4, Sum: 6.8]
      [Termination (ms): Min: 0.0, Avg: 0.2, Max: 0.4, Diff: 0.4, Sum: 0.9]
         [Termination Attempts: Min: 1, Avg: 1.2, Max: 2, Diff: 1, Sum: 5]
      [GC Worker Other (ms): Min: 0.0, Avg: 0.0, Max: 0.0, Diff: 0.0, Sum: 0.1]
      [GC Worker Total (ms): Min: 4.8, Avg: 4.9, Max: 5.1, Diff: 0.3, Sum: 19.7]
      [GC Worker End (ms): Min: 1777588.4, Avg: 1777588.5, Max: 1777588.6, Diff: 0.2]
   [Code Root Fixup: 0.0 ms]
   [Code Root Purge: 0.0 ms]
   [Clear CT: 0.2 ms]
   [Other: 0.9 ms]
      [Choose CSet: 0.0 ms]
      [Ref Proc: 0.6 ms]
      [Ref Enq: 0.0 ms]
      [Redirty Cards: 0.1 ms]
      [Humongous Register: 0.0 ms]
      [Humongous Reclaim: 0.0 ms]
      [Free CSet: 0.0 ms]
   [Eden: 79.0M(79.0M)->0.0B(79.0M) Survivors: 1024.0K->1024.0K Heap: 227.8M(256.0M)->148.7M(256.0M)]
 [Times: user=0.02 sys=0.00, real=0.01 secs] 
2020-04-13T16:13:16.455+0800: 1779.401: [GC pause (G1 Evacuation Pause) (young), 0.0050555 secs]
   [Parallel Time: 4.6 ms, GC Workers: 4]
      [GC Worker Start (ms): Min: 1779400.9, Avg: 1779400.9, Max: 1779400.9, Diff: 0.0]
      [Ext Root Scanning (ms): Min: 0.3, Avg: 0.4, Max: 0.5, Diff: 0.2, Sum: 1.6]
      [Update RS (ms): Min: 2.1, Avg: 2.4, Max: 3.4, Diff: 1.3, Sum: 9.7]
         [Processed Buffers: Min: 1, Avg: 8.8, Max: 13, Diff: 12, Sum: 35]
      [Scan RS (ms): Min: 0.0, Avg: 0.4, Max: 0.6, Diff: 0.6, Sum: 1.8]
      [Code Root Scanning (ms): Min: 0.0, Avg: 0.0, Max: 0.0, Diff: 0.0, Sum: 0.0]
      [Object Copy (ms): Min: 0.8, Avg: 1.3, Max: 1.5, Diff: 0.7, Sum: 5.0]
      [Termination (ms): Min: 0.0, Avg: 0.0, Max: 0.0, Diff: 0.0, Sum: 0.0]
         [Termination Attempts: Min: 1, Avg: 1.0, Max: 1, Diff: 0, Sum: 4]
      [GC Worker Other (ms): Min: 0.0, Avg: 0.0, Max: 0.0, Diff: 0.0, Sum: 0.0]
      [GC Worker Total (ms): Min: 4.5, Avg: 4.5, Max: 4.5, Diff: 0.0, Sum: 18.1]
      [GC Worker End (ms): Min: 1779405.4, Avg: 1779405.4, Max: 1779405.4, Diff: 0.0]
   [Code Root Fixup: 0.0 ms]
   [Code Root Purge: 0.0 ms]
   [Clear CT: 0.0 ms]
   [Other: 0.4 ms]
      [Choose CSet: 0.0 ms]
      [Ref Proc: 0.1 ms]
      [Ref Enq: 0.0 ms]
      [Redirty Cards: 0.1 ms]
      [Humongous Register: 0.0 ms]
      [Humongous Reclaim: 0.0 ms]
      [Free CSet: 0.0 ms]
   [Eden: 79.0M(79.0M)->0.0B(77.0M) Survivors: 1024.0K->2048.0K Heap: 227.7M(256.0M)->149.1M(256.0M)]
 [Times: user=0.02 sys=0.00, real=0.01 secs] 
2020-04-13T16:13:18.020+0800: 1780.966: [GC pause (G1 Evacuation Pause) (young) (initial-mark), 0.0057911 secs]
   [Parallel Time: 5.2 ms, GC Workers: 4]
      [GC Worker Start (ms): Min: 1780966.2, Avg: 1780966.2, Max: 1780966.3, Diff: 0.0]
      [Ext Root Scanning (ms): Min: 0.5, Avg: 0.6, Max: 0.6, Diff: 0.0, Sum: 2.3]
      [Update RS (ms): Min: 2.2, Avg: 2.5, Max: 3.1, Diff: 1.0, Sum: 9.8]
         [Processed Buffers: Min: 2, Avg: 8.5, Max: 16, Diff: 14, Sum: 34]
      [Scan RS (ms): Min: 0.2, Avg: 0.8, Max: 1.3, Diff: 1.2, Sum: 3.3]
      [Code Root Scanning (ms): Min: 0.0, Avg: 0.0, Max: 0.0, Diff: 0.0, Sum: 0.0]
      [Object Copy (ms): Min: 1.1, Avg: 1.3, Max: 1.4, Diff: 0.4, Sum: 5.2]
      [Termination (ms): Min: 0.0, Avg: 0.0, Max: 0.0, Diff: 0.0, Sum: 0.0]
         [Termination Attempts: Min: 1, Avg: 1.0, Max: 1, Diff: 0, Sum: 4]
      [GC Worker Other (ms): Min: 0.0, Avg: 0.0, Max: 0.0, Diff: 0.0, Sum: 0.1]
      [GC Worker Total (ms): Min: 5.2, Avg: 5.2, Max: 5.2, Diff: 0.0, Sum: 20.7]
      [GC Worker End (ms): Min: 1780971.4, Avg: 1780971.4, Max: 1780971.4, Diff: 0.0]
   [Code Root Fixup: 0.1 ms]
   [Code Root Purge: 0.0 ms]
   [Clear CT: 0.1 ms]
   [Other: 0.4 ms]
      [Choose CSet: 0.0 ms]
      [Ref Proc: 0.2 ms]
      [Ref Enq: 0.0 ms]
      [Redirty Cards: 0.0 ms]
      [Humongous Register: 0.0 ms]
      [Humongous Reclaim: 0.0 ms]
      [Free CSet: 0.0 ms]
   [Eden: 77.0M(77.0M)->0.0B(78.0M) Survivors: 2048.0K->1024.0K Heap: 226.1M(256.0M)->148.7M(256.0M)]
 [Times: user=0.02 sys=0.00, real=0.00 secs] 
2020-04-13T16:13:18.026+0800: 1780.972: [GC concurrent-root-region-scan-start]
2020-04-13T16:13:18.029+0800: 1780.975: [GC concurrent-root-region-scan-end, 0.0030070 secs]
2020-04-13T16:13:18.029+0800: 1780.975: [GC concurrent-mark-start]
2020-04-13T16:13:18.056+0800: 1781.002: [GC concurrent-mark-end, 0.0269174 secs]
2020-04-13T16:13:18.056+0800: 1781.002: [GC remark 2020-04-13T16:13:18.056+0800: 1781.002: [Finalize Marking, 0.0001236 secs] 2020-04-13T16:13:18.056+0800: 1781.002: [GC ref-proc, 0.0000960 secs] 2020-04-13T16:13:18.056+0800: 1781.002: [Unloading, 0.0041986 secs], 0.0058712 secs]
 [Times: user=0.02 sys=0.00, real=0.01 secs] 
2020-04-13T16:13:18.062+0800: 1781.008: [GC cleanup 150M->150M(256M), 0.0003779 secs]
 [Times: user=0.00 sys=0.00, real=0.00 secs] 
2020-04-13T16:13:21.178+0800: 1784.125: [GC pause (G1 Evacuation Pause) (young), 0.0090131 secs]
   [Parallel Time: 8.2 ms, GC Workers: 4]
      [GC Worker Start (ms): Min: 1784124.6, Avg: 1784124.6, Max: 1784124.6, Diff: 0.0]
      [Ext Root Scanning (ms): Min: 0.4, Avg: 0.4, Max: 0.5, Diff: 0.2, Sum: 1.6]
      [Update RS (ms): Min: 1.7, Avg: 1.8, Max: 1.8, Diff: 0.1, Sum: 7.1]
         [Processed Buffers: Min: 4, Avg: 8.0, Max: 13, Diff: 9, Sum: 32]
      [Scan RS (ms): Min: 0.9, Avg: 1.6, Max: 3.4, Diff: 2.5, Sum: 6.2]
      [Code Root Scanning (ms): Min: 0.0, Avg: 0.0, Max: 0.0, Diff: 0.0, Sum: 0.0]
      [Object Copy (ms): Min: 0.0, Avg: 1.3, Max: 1.8, Diff: 1.8, Sum: 5.3]
      [Termination (ms): Min: 0.0, Avg: 1.2, Max: 3.2, Diff: 3.2, Sum: 4.7]
         [Termination Attempts: Min: 1, Avg: 2.2, Max: 5, Diff: 4, Sum: 9]
      [GC Worker Other (ms): Min: 0.0, Avg: 0.0, Max: 0.0, Diff: 0.0, Sum: 0.0]
      [GC Worker Total (ms): Min: 5.6, Avg: 6.3, Max: 8.1, Diff: 2.5, Sum: 25.0]
      [GC Worker End (ms): Min: 1784130.2, Avg: 1784130.9, Max: 1784132.7, Diff: 2.5]
   [Code Root Fixup: 0.0 ms]
   [Code Root Purge: 0.0 ms]
   [Clear CT: 0.0 ms]
   [Other: 0.8 ms]
      [Choose CSet: 0.0 ms]
      [Ref Proc: 0.5 ms]
      [Ref Enq: 0.0 ms]
      [Redirty Cards: 0.0 ms]
      [Humongous Register: 0.0 ms]
      [Humongous Reclaim: 0.0 ms]
      [Free CSet: 0.0 ms]
   [Eden: 78.0M(78.0M)->0.0B(10.0M) Survivors: 1024.0K->2048.0K Heap: 226.7M(256.0M)->149.2M(256.0M)]
 [Times: user=0.02 sys=0.00, real=0.01 secs] 
2020-04-13T16:13:21.711+0800: 1784.657: [GC pause (G1 Evacuation Pause) (mixed), 0.0067164 secs]
   [Parallel Time: 6.3 ms, GC Workers: 4]
      [GC Worker Start (ms): Min: 1784657.2, Avg: 1784657.2, Max: 1784657.2, Diff: 0.0]
      [Ext Root Scanning (ms): Min: 0.3, Avg: 0.4, Max: 0.5, Diff: 0.1, Sum: 1.6]
      [Update RS (ms): Min: 1.5, Avg: 1.5, Max: 1.6, Diff: 0.0, Sum: 6.2]
         [Processed Buffers: Min: 5, Avg: 7.5, Max: 12, Diff: 7, Sum: 30]
      [Scan RS (ms): Min: 2.1, Avg: 2.6, Max: 4.2, Diff: 2.1, Sum: 10.6]
      [Code Root Scanning (ms): Min: 0.0, Avg: 0.0, Max: 0.0, Diff: 0.0, Sum: 0.0]
      [Object Copy (ms): Min: 0.0, Avg: 1.5, Max: 2.1, Diff: 2.1, Sum: 6.1]
      [Termination (ms): Min: 0.0, Avg: 0.1, Max: 0.1, Diff: 0.1, Sum: 0.4]
         [Termination Attempts: Min: 1, Avg: 1.2, Max: 2, Diff: 1, Sum: 5]
      [GC Worker Other (ms): Min: 0.0, Avg: 0.0, Max: 0.0, Diff: 0.0, Sum: 0.0]
      [GC Worker Total (ms): Min: 6.2, Avg: 6.2, Max: 6.2, Diff: 0.1, Sum: 24.8]
      [GC Worker End (ms): Min: 1784663.3, Avg: 1784663.4, Max: 1784663.4, Diff: 0.1]
   [Code Root Fixup: 0.1 ms]
   [Code Root Purge: 0.0 ms]
   [Clear CT: 0.1 ms]
   [Other: 0.3 ms]
      [Choose CSet: 0.0 ms]
      [Ref Proc: 0.1 ms]
      [Ref Enq: 0.0 ms]
      [Redirty Cards: 0.0 ms]
      [Humongous Register: 0.0 ms]
      [Humongous Reclaim: 0.0 ms]
      [Free CSet: 0.0 ms]
   [Eden: 10.0M(10.0M)->0.0B(79.0M) Survivors: 2048.0K->1024.0K Heap: 159.2M(256.0M)->147.8M(256.0M)]
 [Times: user=0.02 sys=0.00, real=0.00 secs] 
2020-04-13T16:13:23.809+0800: 1786.755: [GC pause (G1 Evacuation Pause) (young), 0.0047100 secs]
   [Parallel Time: 4.3 ms, GC Workers: 4]
      [GC Worker Start (ms): Min: 1786755.0, Avg: 1786755.0, Max: 1786755.0, Diff: 0.1]
      [Ext Root Scanning (ms): Min: 0.4, Avg: 0.5, Max: 0.5, Diff: 0.1, Sum: 1.8]
      [Update RS (ms): Min: 1.7, Avg: 1.9, Max: 2.0, Diff: 0.3, Sum: 7.6]
         [Processed Buffers: Min: 4, Avg: 7.5, Max: 11, Diff: 7, Sum: 30]
      [Scan RS (ms): Min: 0.4, Avg: 0.5, Max: 0.6, Diff: 0.1, Sum: 2.1]
      [Code Root Scanning (ms): Min: 0.0, Avg: 0.0, Max: 0.0, Diff: 0.0, Sum: 0.0]
      [Object Copy (ms): Min: 1.2, Avg: 1.3, Max: 1.5, Diff: 0.3, Sum: 5.2]
      [Termination (ms): Min: 0.0, Avg: 0.0, Max: 0.0, Diff: 0.0, Sum: 0.0]
         [Termination Attempts: Min: 1, Avg: 1.0, Max: 1, Diff: 0, Sum: 4]
      [GC Worker Other (ms): Min: 0.0, Avg: 0.0, Max: 0.0, Diff: 0.0, Sum: 0.1]
      [GC Worker Total (ms): Min: 4.2, Avg: 4.2, Max: 4.2, Diff: 0.1, Sum: 16.8]
      [GC Worker End (ms): Min: 1786759.2, Avg: 1786759.2, Max: 1786759.2, Diff: 0.0]
   [Code Root Fixup: 0.0 ms]
   [Code Root Purge: 0.0 ms]
   [Clear CT: 0.1 ms]
   [Other: 0.4 ms]
      [Choose CSet: 0.0 ms]
      [Ref Proc: 0.1 ms]
      [Ref Enq: 0.0 ms]
      [Redirty Cards: 0.1 ms]
      [Humongous Register: 0.0 ms]
      [Humongous Reclaim: 0.0 ms]
      [Free CSet: 0.0 ms]
   [Eden: 79.0M(79.0M)->0.0B(77.0M) Survivors: 1024.0K->2048.0K Heap: 226.8M(256.0M)->148.3M(256.0M)]
 [Times: user=0.02 sys=0.00, real=0.01 secs] 
2020-04-13T16:13:25.524+0800: 1788.470: [GC pause (G1 Evacuation Pause) (young) (initial-mark), 0.0120672 secs]
   [Parallel Time: 11.6 ms, GC Workers: 4]
      [GC Worker Start (ms): Min: 1788470.1, Avg: 1788470.1, Max: 1788470.3, Diff: 0.2]
      [Ext Root Scanning (ms): Min: 0.5, Avg: 0.6, Max: 0.7, Diff: 0.2, Sum: 2.4]
      [Update RS (ms): Min: 2.4, Avg: 2.9, Max: 4.0, Diff: 1.6, Sum: 11.5]
         [Processed Buffers: Min: 1, Avg: 9.0, Max: 15, Diff: 14, Sum: 36]
      [Scan RS (ms): Min: 0.0, Avg: 0.6, Max: 0.9, Diff: 0.9, Sum: 2.2]
      [Code Root Scanning (ms): Min: 0.0, Avg: 0.0, Max: 0.0, Diff: 0.0, Sum: 0.0]
      [Object Copy (ms): Min: 1.3, Avg: 1.4, Max: 1.5, Diff: 0.1, Sum: 5.7]
      [Termination (ms): Min: 0.0, Avg: 3.3, Max: 6.2, Diff: 6.2, Sum: 13.2]
         [Termination Attempts: Min: 1, Avg: 1.0, Max: 1, Diff: 0, Sum: 4]
      [GC Worker Other (ms): Min: 0.0, Avg: 0.0, Max: 0.0, Diff: 0.0, Sum: 0.1]
      [GC Worker Total (ms): Min: 6.0, Avg: 8.8, Max: 11.6, Diff: 5.6, Sum: 35.1]
      [GC Worker End (ms): Min: 1788476.1, Avg: 1788478.9, Max: 1788481.7, Diff: 5.6]
   [Code Root Fixup: 0.0 ms]
   [Code Root Purge: 0.0 ms]
   [Clear CT: 0.1 ms]
   [Other: 0.3 ms]
      [Choose CSet: 0.0 ms]
      [Ref Proc: 0.1 ms]
      [Ref Enq: 0.0 ms]
      [Redirty Cards: 0.0 ms]
      [Humongous Register: 0.0 ms]
      [Humongous Reclaim: 0.0 ms]
      [Free CSet: 0.0 ms]
   [Eden: 77.0M(77.0M)->0.0B(79.0M) Survivors: 2048.0K->1024.0K Heap: 225.3M(256.0M)->148.1M(256.0M)]
 [Times: user=0.02 sys=0.00, real=0.01 secs] 
2020-04-13T16:13:25.536+0800: 1788.482: [GC concurrent-root-region-scan-start]
2020-04-13T16:13:25.540+0800: 1788.486: [GC concurrent-root-region-scan-end, 0.0040616 secs]
2020-04-13T16:13:25.540+0800: 1788.486: [GC concurrent-mark-start]
2020-04-13T16:13:25.567+0800: 1788.513: [GC concurrent-mark-end, 0.0272037 secs]
2020-04-13T16:13:25.568+0800: 1788.514: [GC remark 2020-04-13T16:13:25.568+0800: 1788.514: [Finalize Marking, 0.0001268 secs] 2020-04-13T16:13:25.568+0800: 1788.514: [GC ref-proc, 0.0000917 secs] 2020-04-13T16:13:25.568+0800: 1788.514: [Unloading, 0.0042813 secs], 0.0061873 secs]
 [Times: user=0.02 sys=0.00, real=0.01 secs] 
2020-04-13T16:13:25.574+0800: 1788.520: [GC cleanup 149M->149M(256M), 0.0003555 secs]
 [Times: user=0.00 sys=0.00, real=0.00 secs] 
2020-04-13T16:13:27.179+0800: 1790.125: [GC pause (G1 Evacuation Pause) (young), 0.0049412 secs]
   [Parallel Time: 4.1 ms, GC Workers: 4]
      [GC Worker Start (ms): Min: 1790124.6, Avg: 1790124.6, Max: 1790124.7, Diff: 0.0]
      [Ext Root Scanning (ms): Min: 0.3, Avg: 0.4, Max: 0.5, Diff: 0.2, Sum: 1.6]
      [Update RS (ms): Min: 1.5, Avg: 1.6, Max: 1.7, Diff: 0.2, Sum: 6.4]
         [Processed Buffers: Min: 4, Avg: 8.0, Max: 13, Diff: 9, Sum: 32]
      [Scan RS (ms): Min: 0.7, Avg: 0.8, Max: 0.9, Diff: 0.2, Sum: 3.3]
      [Code Root Scanning (ms): Min: 0.0, Avg: 0.0, Max: 0.0, Diff: 0.0, Sum: 0.0]
      [Object Copy (ms): Min: 1.1, Avg: 1.2, Max: 1.4, Diff: 0.3, Sum: 4.8]
      [Termination (ms): Min: 0.0, Avg: 0.0, Max: 0.0, Diff: 0.0, Sum: 0.0]
         [Termination Attempts: Min: 1, Avg: 1.0, Max: 1, Diff: 0, Sum: 4]
      [GC Worker Other (ms): Min: 0.0, Avg: 0.0, Max: 0.0, Diff: 0.0, Sum: 0.1]
      [GC Worker Total (ms): Min: 4.0, Avg: 4.0, Max: 4.0, Diff: 0.0, Sum: 16.1]
      [GC Worker End (ms): Min: 1790128.7, Avg: 1790128.7, Max: 1790128.7, Diff: 0.0]
   [Code Root Fixup: 0.3 ms]
   [Code Root Purge: 0.0 ms]
   [Clear CT: 0.1 ms]
   [Other: 0.4 ms]
      [Choose CSet: 0.0 ms]
      [Ref Proc: 0.2 ms]
      [Ref Enq: 0.0 ms]
      [Redirty Cards: 0.1 ms]
      [Humongous Register: 0.0 ms]
      [Humongous Reclaim: 0.0 ms]
      [Free CSet: 0.0 ms]
   [Eden: 79.0M(79.0M)->0.0B(77.0M) Survivors: 1024.0K->2048.0K Heap: 227.1M(256.0M)->148.4M(256.0M)]
 [Times: user=0.01 sys=0.00, real=0.01 secs] 
2020-04-13T16:13:28.612+0800: 1791.558: [GC pause (G1 Evacuation Pause) (young), 0.0052356 secs]
   [Parallel Time: 4.8 ms, GC Workers: 4]
      [GC Worker Start (ms): Min: 1791558.5, Avg: 1791558.5, Max: 1791558.5, Diff: 0.0]
      [Ext Root Scanning (ms): Min: 0.3, Avg: 0.4, Max: 0.5, Diff: 0.2, Sum: 1.6]
      [Update RS (ms): Min: 2.2, Avg: 2.7, Max: 4.1, Diff: 1.9, Sum: 10.9]
         [Processed Buffers: Min: 2, Avg: 7.8, Max: 12, Diff: 10, Sum: 31]
      [Scan RS (ms): Min: 0.0, Avg: 0.4, Max: 0.7, Diff: 0.7, Sum: 1.7]
      [Code Root Scanning (ms): Min: 0.0, Avg: 0.0, Max: 0.0, Diff: 0.0, Sum: 0.0]
      [Object Copy (ms): Min: 0.2, Avg: 1.1, Max: 1.4, Diff: 1.2, Sum: 4.4]
      [Termination (ms): Min: 0.0, Avg: 0.0, Max: 0.0, Diff: 0.0, Sum: 0.0]
         [Termination Attempts: Min: 1, Avg: 1.0, Max: 1, Diff: 0, Sum: 4]
      [GC Worker Other (ms): Min: 0.0, Avg: 0.0, Max: 0.1, Diff: 0.1, Sum: 0.1]
      [GC Worker Total (ms): Min: 4.7, Avg: 4.7, Max: 4.8, Diff: 0.1, Sum: 18.8]
      [GC Worker End (ms): Min: 1791563.2, Avg: 1791563.2, Max: 1791563.3, Diff: 0.1]
   [Code Root Fixup: 0.0 ms]
   [Code Root Purge: 0.0 ms]
   [Clear CT: 0.1 ms]
   [Other: 0.3 ms]
      [Choose CSet: 0.0 ms]
      [Ref Proc: 0.1 ms]
      [Ref Enq: 0.0 ms]
      [Redirty Cards: 0.1 ms]
      [Humongous Register: 0.0 ms]
      [Humongous Reclaim: 0.0 ms]
      [Free CSet: 0.0 ms]
   [Eden: 77.0M(77.0M)->0.0B(79.0M) Survivors: 2048.0K->1024.0K Heap: 225.4M(256.0M)->148.1M(256.0M)]
 [Times: user=0.01 sys=0.00, real=0.00 secs] 
2020-04-13T16:13:30.047+0800: 1792.993: [GC pause (G1 Evacuation Pause) (young) (initial-mark), 0.0066615 secs]
   [Parallel Time: 6.1 ms, GC Workers: 4]
      [GC Worker Start (ms): Min: 1792993.5, Avg: 1792993.5, Max: 1792993.5, Diff: 0.0]
      [Ext Root Scanning (ms): Min: 0.6, Avg: 0.6, Max: 0.7, Diff: 0.1, Sum: 2.4]
      [Update RS (ms): Min: 0.0, Avg: 1.7, Max: 2.5, Diff: 2.5, Sum: 7.0]
         [Processed Buffers: Min: 0, Avg: 8.0, Max: 13, Diff: 13, Sum: 32]
      [Scan RS (ms): Min: 0.0, Avg: 1.3, Max: 2.2, Diff: 2.2, Sum: 5.1]
      [Code Root Scanning (ms): Min: 0.0, Avg: 0.0, Max: 0.0, Diff: 0.0, Sum: 0.0]
      [Object Copy (ms): Min: 1.1, Avg: 2.4, Max: 5.5, Diff: 4.4, Sum: 9.6]
      [Termination (ms): Min: 0.0, Avg: 0.0, Max: 0.0, Diff: 0.0, Sum: 0.0]
         [Termination Attempts: Min: 1, Avg: 1.0, Max: 1, Diff: 0, Sum: 4]
      [GC Worker Other (ms): Min: 0.0, Avg: 0.0, Max: 0.0, Diff: 0.0, Sum: 0.1]
      [GC Worker Total (ms): Min: 6.0, Avg: 6.1, Max: 6.1, Diff: 0.0, Sum: 24.2]
      [GC Worker End (ms): Min: 1792999.5, Avg: 1792999.5, Max: 1792999.5, Diff: 0.0]
   [Code Root Fixup: 0.1 ms]
   [Code Root Purge: 0.0 ms]
   [Clear CT: 0.1 ms]
   [Other: 0.4 ms]
      [Choose CSet: 0.0 ms]
      [Ref Proc: 0.2 ms]
      [Ref Enq: 0.0 ms]
      [Redirty Cards: 0.1 ms]
      [Humongous Register: 0.0 ms]
      [Humongous Reclaim: 0.0 ms]
      [Free CSet: 0.0 ms]
   [Eden: 79.0M(79.0M)->0.0B(79.0M) Survivors: 1024.0K->1024.0K Heap: 227.1M(256.0M)->148.3M(256.0M)]
 [Times: user=0.02 sys=0.00, real=0.01 secs] 
2020-04-13T16:13:30.054+0800: 1793.000: [GC concurrent-root-region-scan-start]
2020-04-13T16:13:30.057+0800: 1793.003: [GC concurrent-root-region-scan-end, 0.0022285 secs]
2020-04-13T16:13:30.057+0800: 1793.003: [GC concurrent-mark-start]
2020-04-13T16:13:30.082+0800: 1793.027: [GC concurrent-mark-end, 0.0249016 secs]
2020-04-13T16:13:30.082+0800: 1793.028: [GC remark 2020-04-13T16:13:30.082+0800: 1793.028: [Finalize Marking, 0.0011450 secs] 2020-04-13T16:13:30.083+0800: 1793.029: [GC ref-proc, 0.0001037 secs] 2020-04-13T16:13:30.083+0800: 1793.029: [Unloading, 0.0070512 secs], 0.0102166 secs]
 [Times: user=0.02 sys=0.00, real=0.01 secs] 
2020-04-13T16:13:30.092+0800: 1793.038: [GC cleanup 149M->149M(256M), 0.0003667 secs]
 [Times: user=0.00 sys=0.00, real=0.00 secs] 
2020-04-13T16:13:32.035+0800: 1794.981: [GC pause (G1 Evacuation Pause) (young), 0.0287683 secs]
   [Parallel Time: 21.3 ms, GC Workers: 4]
      [GC Worker Start (ms): Min: 1794986.1, Avg: 1794987.8, Max: 1794991.3, Diff: 5.2]
      [Ext Root Scanning (ms): Min: 0.0, Avg: 0.6, Max: 1.4, Diff: 1.4, Sum: 2.4]
      [Update RS (ms): Min: 0.0, Avg: 5.3, Max: 7.7, Diff: 7.7, Sum: 21.2]
         [Processed Buffers: Min: 0, Avg: 7.8, Max: 23, Diff: 23, Sum: 31]
      [Scan RS (ms): Min: 0.0, Avg: 0.7, Max: 1.9, Diff: 1.9, Sum: 2.8]
      [Code Root Scanning (ms): Min: 0.0, Avg: 0.0, Max: 0.0, Diff: 0.0, Sum: 0.0]
      [Object Copy (ms): Min: 3.3, Avg: 8.0, Max: 15.3, Diff: 12.0, Sum: 32.1]
      [Termination (ms): Min: 0.0, Avg: 0.5, Max: 0.7, Diff: 0.7, Sum: 1.9]
         [Termination Attempts: Min: 1, Avg: 1.0, Max: 1, Diff: 0, Sum: 4]
      [GC Worker Other (ms): Min: 0.0, Avg: 0.0, Max: 0.0, Diff: 0.0, Sum: 0.1]
      [GC Worker Total (ms): Min: 11.7, Avg: 15.1, Max: 16.8, Diff: 5.0, Sum: 60.4]
      [GC Worker End (ms): Min: 1795002.8, Avg: 1795002.9, Max: 1795003.0, Diff: 0.2]
   [Code Root Fixup: 0.1 ms]
   [Code Root Purge: 0.0 ms]
   [Clear CT: 0.1 ms]
   [Other: 7.3 ms]
      [Choose CSet: 0.0 ms]
      [Ref Proc: 4.1 ms]
      [Ref Enq: 0.0 ms]
      [Redirty Cards: 0.1 ms]
      [Humongous Register: 0.1 ms]
      [Humongous Reclaim: 0.0 ms]
      [Free CSet: 0.0 ms]
   [Eden: 79.0M(79.0M)->0.0B(79.0M) Survivors: 1024.0K->1024.0K Heap: 227.3M(256.0M)->148.5M(256.0M)]
 [Times: user=0.02 sys=0.00, real=0.03 secs] 
2020-04-13T16:13:36.327+0800: 1799.273: [GC pause (G1 Evacuation Pause) (young), 0.0666515 secs]
   [Parallel Time: 51.1 ms, GC Workers: 4]
      [GC Worker Start (ms): Min: 1799273.0, Avg: 1799274.4, Max: 1799278.0, Diff: 5.0]
      [Ext Root Scanning (ms): Min: 0.0, Avg: 0.5, Max: 1.0, Diff: 1.0, Sum: 2.2]
      [Update RS (ms): Min: 7.9, Avg: 18.8, Max: 29.6, Diff: 21.6, Sum: 75.3]
         [Processed Buffers: Min: 1, Avg: 8.0, Max: 26, Diff: 25, Sum: 32]
      [Scan RS (ms): Min: 0.0, Avg: 6.0, Max: 15.1, Diff: 15.1, Sum: 23.9]
      [Code Root Scanning (ms): Min: 0.0, Avg: 0.0, Max: 0.0, Diff: 0.0, Sum: 0.0]
      [Object Copy (ms): Min: 0.1, Avg: 3.4, Max: 6.8, Diff: 6.7, Sum: 13.5]
      [Termination (ms): Min: 0.0, Avg: 3.7, Max: 13.9, Diff: 13.9, Sum: 14.9]
         [Termination Attempts: Min: 1, Avg: 5.8, Max: 20, Diff: 19, Sum: 23]
      [GC Worker Other (ms): Min: 0.0, Avg: 0.0, Max: 0.0, Diff: 0.0, Sum: 0.1]
      [GC Worker Total (ms): Min: 25.7, Avg: 32.4, Max: 42.8, Diff: 17.1, Sum: 129.8]
      [GC Worker End (ms): Min: 1799303.6, Avg: 1799306.9, Max: 1799316.6, Diff: 13.0]
   [Code Root Fixup: 0.1 ms]
   [Code Root Purge: 0.0 ms]
   [Clear CT: 0.1 ms]
   [Other: 15.4 ms]
      [Choose CSet: 0.0 ms]
      [Ref Proc: 14.8 ms]
      [Ref Enq: 0.0 ms]
      [Redirty Cards: 0.3 ms]
      [Humongous Register: 0.0 ms]
      [Humongous Reclaim: 0.0 ms]
      [Free CSet: 0.0 ms]
   [Eden: 79.0M(79.0M)->0.0B(11.0M) Survivors: 1024.0K->1024.0K Heap: 227.5M(256.0M)->148.4M(256.0M)]
 [Times: user=0.02 sys=0.00, real=0.07 secs] 
2020-04-13T16:13:37.362+0800: 1800.308: [GC pause (G1 Evacuation Pause) (young) (initial-mark), 0.0095418 secs]
   [Parallel Time: 8.1 ms, GC Workers: 4]
      [GC Worker Start (ms): Min: 1800308.2, Avg: 1800308.5, Max: 1800309.2, Diff: 1.0]
      [Ext Root Scanning (ms): Min: 1.1, Avg: 2.2, Max: 3.4, Diff: 2.3, Sum: 8.8]
      [Update RS (ms): Min: 0.5, Avg: 2.6, Max: 4.4, Diff: 3.9, Sum: 10.3]
         [Processed Buffers: Min: 1, Avg: 5.8, Max: 15, Diff: 14, Sum: 23]
      [Scan RS (ms): Min: 1.2, Avg: 1.7, Max: 2.1, Diff: 0.9, Sum: 6.8]
      [Code Root Scanning (ms): Min: 0.0, Avg: 0.0, Max: 0.0, Diff: 0.0, Sum: 0.0]
      [Object Copy (ms): Min: 1.1, Avg: 1.3, Max: 1.4, Diff: 0.2, Sum: 5.2]
      [Termination (ms): Min: 0.0, Avg: 0.0, Max: 0.0, Diff: 0.0, Sum: 0.0]
         [Termination Attempts: Min: 1, Avg: 1.0, Max: 1, Diff: 0, Sum: 4]
      [GC Worker Other (ms): Min: 0.0, Avg: 0.0, Max: 0.0, Diff: 0.0, Sum: 0.1]
      [GC Worker Total (ms): Min: 7.0, Avg: 7.8, Max: 8.1, Diff: 1.0, Sum: 31.2]
      [GC Worker End (ms): Min: 1800316.3, Avg: 1800316.3, Max: 1800316.3, Diff: 0.0]
   [Code Root Fixup: 0.0 ms]
   [Code Root Purge: 0.0 ms]
   [Clear CT: 0.3 ms]
   [Other: 1.1 ms]
      [Choose CSet: 0.0 ms]
      [Ref Proc: 0.8 ms]
      [Ref Enq: 0.0 ms]
      [Redirty Cards: 0.1 ms]
      [Humongous Register: 0.0 ms]
      [Humongous Reclaim: 0.0 ms]
      [Free CSet: 0.0 ms]
   [Eden: 11.0M(11.0M)->0.0B(11.0M) Survivors: 1024.0K->1024.0K Heap: 159.4M(256.0M)->148.5M(256.0M)]
 [Times: user=0.02 sys=0.00, real=0.01 secs] 
2020-04-13T16:13:37.372+0800: 1800.318: [GC concurrent-root-region-scan-start]
2020-04-13T16:13:37.376+0800: 1800.322: [GC concurrent-root-region-scan-end, 0.0040649 secs]
2020-04-13T16:13:37.376+0800: 1800.322: [GC concurrent-mark-start]
2020-04-13T16:13:37.413+0800: 1800.359: [GC concurrent-mark-end, 0.0365307 secs]
2020-04-13T16:13:37.413+0800: 1800.359: [GC remark 2020-04-13T16:13:37.413+0800: 1800.359: [Finalize Marking, 0.0116395 secs] 2020-04-13T16:13:37.425+0800: 1800.371: [GC ref-proc, 0.0001217 secs] 2020-04-13T16:13:37.425+0800: 1800.371: [Unloading, 0.0063743 secs], 0.0203376 secs]
 [Times: user=0.02 sys=0.00, real=0.02 secs] 
2020-04-13T16:13:37.434+0800: 1800.379: [GC cleanup 149M->149M(256M), 0.0013291 secs]
 [Times: user=0.00 sys=0.00, real=0.00 secs] 
2020-04-13T16:13:38.050+0800: 1800.996: [GC pause (G1 Evacuation Pause) (young), 0.0296832 secs]
   [Parallel Time: 16.8 ms, GC Workers: 4]
      [GC Worker Start (ms): Min: 1800996.1, Avg: 1800996.1, Max: 1800996.1, Diff: 0.0]
      [Ext Root Scanning (ms): Min: 0.4, Avg: 0.5, Max: 0.6, Diff: 0.2, Sum: 1.8]
      [Update RS (ms): Min: 1.0, Avg: 1.0, Max: 1.1, Diff: 0.1, Sum: 4.1]
         [Processed Buffers: Min: 2, Avg: 6.0, Max: 17, Diff: 15, Sum: 24]
      [Scan RS (ms): Min: 1.5, Avg: 1.5, Max: 1.5, Diff: 0.0, Sum: 6.1]
      [Code Root Scanning (ms): Min: 0.0, Avg: 0.0, Max: 0.0, Diff: 0.0, Sum: 0.0]
      [Object Copy (ms): Min: 1.5, Avg: 1.8, Max: 2.3, Diff: 0.7, Sum: 7.1]
      [Termination (ms): Min: 0.0, Avg: 8.7, Max: 11.8, Diff: 11.8, Sum: 34.7]
         [Termination Attempts: Min: 1, Avg: 1.0, Max: 1, Diff: 0, Sum: 4]
      [GC Worker Other (ms): Min: 0.0, Avg: 0.0, Max: 0.1, Diff: 0.1, Sum: 0.2]
      [GC Worker Total (ms): Min: 5.3, Avg: 13.5, Max: 16.4, Diff: 11.1, Sum: 54.1]
      [GC Worker End (ms): Min: 1801001.4, Avg: 1801009.6, Max: 1801012.5, Diff: 11.1]
   [Code Root Fixup: 0.3 ms]
   [Code Root Purge: 0.0 ms]
   [Clear CT: 0.1 ms]
   [Other: 12.4 ms]
      [Choose CSet: 0.0 ms]
      [Ref Proc: 11.9 ms]
      [Ref Enq: 0.0 ms]
      [Redirty Cards: 0.3 ms]
      [Humongous Register: 0.0 ms]
      [Humongous Reclaim: 0.0 ms]
      [Free CSet: 0.0 ms]
   [Eden: 11.0M(11.0M)->0.0B(11.0M) Survivors: 1024.0K->1024.0K Heap: 159.5M(256.0M)->148.3M(256.0M)]
 [Times: user=0.02 sys=0.00, real=0.03 secs] 
2020-04-13T16:13:38.752+0800: 1801.697: [GC pause (G1 Evacuation Pause) (young), 0.0302589 secs]
   [Parallel Time: 8.7 ms, GC Workers: 4]
      [GC Worker Start (ms): Min: 1801697.5, Avg: 1801697.6, Max: 1801697.8, Diff: 0.3]
      [Ext Root Scanning (ms): Min: 0.4, Avg: 1.6, Max: 4.6, Diff: 4.2, Sum: 6.4]
      [Update RS (ms): Min: 0.0, Avg: 2.2, Max: 3.1, Diff: 3.1, Sum: 8.8]
         [Processed Buffers: Min: 0, Avg: 5.5, Max: 14, Diff: 14, Sum: 22]
      [Scan RS (ms): Min: 0.9, Avg: 2.0, Max: 2.8, Diff: 1.9, Sum: 7.9]
      [Code Root Scanning (ms): Min: 0.0, Avg: 0.0, Max: 0.0, Diff: 0.0, Sum: 0.0]
      [Object Copy (ms): Min: 1.6, Avg: 2.1, Max: 2.6, Diff: 1.0, Sum: 8.5]
      [Termination (ms): Min: 0.0, Avg: 0.4, Max: 0.6, Diff: 0.6, Sum: 1.6]
         [Termination Attempts: Min: 1, Avg: 1.0, Max: 1, Diff: 0, Sum: 4]
      [GC Worker Other (ms): Min: 0.0, Avg: 0.0, Max: 0.0, Diff: 0.0, Sum: 0.1]
      [GC Worker Total (ms): Min: 8.2, Avg: 8.3, Max: 8.4, Diff: 0.3, Sum: 33.2]
      [GC Worker End (ms): Min: 1801705.8, Avg: 1801705.9, Max: 1801706.0, Diff: 0.2]
   [Code Root Fixup: 0.2 ms]
   [Code Root Purge: 0.0 ms]
   [Clear CT: 0.1 ms]
   [Other: 21.3 ms]
      [Choose CSet: 0.0 ms]
      [Ref Proc: 21.0 ms]
      [Ref Enq: 0.0 ms]
      [Redirty Cards: 0.1 ms]
      [Humongous Register: 0.0 ms]
      [Humongous Reclaim: 0.0 ms]
      [Free CSet: 0.0 ms]
   [Eden: 11.0M(11.0M)->0.0B(11.0M) Survivors: 1024.0K->1024.0K Heap: 159.3M(256.0M)->148.3M(256.0M)]
 [Times: user=0.02 sys=0.01, real=0.03 secs] 
2020-04-13T16:13:40.370+0800: 1803.316: [GC pause (G1 Evacuation Pause) (young) (initial-mark), 0.0182100 secs]
   [Parallel Time: 17.6 ms, GC Workers: 4]
      [GC Worker Start (ms): Min: 1803316.4, Avg: 1803316.5, Max: 1803316.7, Diff: 0.2]
      [Ext Root Scanning (ms): Min: 0.9, Avg: 1.0, Max: 1.1, Diff: 0.3, Sum: 4.1]
      [Update RS (ms): Min: 1.4, Avg: 1.7, Max: 2.6, Diff: 1.2, Sum: 6.8]
         [Processed Buffers: Min: 0, Avg: 7.5, Max: 15, Diff: 15, Sum: 30]
      [Scan RS (ms): Min: 1.4, Avg: 2.7, Max: 5.0, Diff: 3.6, Sum: 10.9]
      [Code Root Scanning (ms): Min: 0.0, Avg: 0.0, Max: 0.0, Diff: 0.0, Sum: 0.0]
      [Object Copy (ms): Min: 0.2, Avg: 1.4, Max: 1.9, Diff: 1.7, Sum: 5.6]
      [Termination (ms): Min: 0.0, Avg: 8.1, Max: 10.8, Diff: 10.8, Sum: 32.3]
         [Termination Attempts: Min: 1, Avg: 1.2, Max: 2, Diff: 1, Sum: 5]
      [GC Worker Other (ms): Min: 0.0, Avg: 0.0, Max: 0.0, Diff: 0.0, Sum: 0.1]
      [GC Worker Total (ms): Min: 7.4, Avg: 14.9, Max: 17.5, Diff: 10.0, Sum: 59.7]
      [GC Worker End (ms): Min: 1803324.1, Avg: 1803331.5, Max: 1803333.9, Diff: 9.8]
   [Code Root Fixup: 0.0 ms]
   [Code Root Purge: 0.0 ms]
   [Clear CT: 0.1 ms]
   [Other: 0.5 ms]
      [Choose CSet: 0.0 ms]
      [Ref Proc: 0.2 ms]
      [Ref Enq: 0.0 ms]
      [Redirty Cards: 0.1 ms]
      [Humongous Register: 0.0 ms]
      [Humongous Reclaim: 0.0 ms]
      [Free CSet: 0.0 ms]
   [Eden: 11.0M(11.0M)->0.0B(11.0M) Survivors: 1024.0K->1024.0K Heap: 159.3M(256.0M)->148.7M(256.0M)]
 [Times: user=0.02 sys=0.00, real=0.01 secs] 
2020-04-13T16:13:40.389+0800: 1803.335: [GC concurrent-root-region-scan-start]
2020-04-13T16:13:40.396+0800: 1803.342: [GC concurrent-root-region-scan-end, 0.0074070 secs]
2020-04-13T16:13:40.396+0800: 1803.342: [GC concurrent-mark-start]
2020-04-13T16:13:40.488+0800: 1803.434: [GC concurrent-mark-end, 0.0922329 secs]
2020-04-13T16:13:40.489+0800: 1803.435: [GC remark 2020-04-13T16:13:40.489+0800: 1803.435: [Finalize Marking, 0.0113851 secs] 2020-04-13T16:13:40.500+0800: 1803.446: [GC ref-proc, 0.0003946 secs] 2020-04-13T16:13:40.501+0800: 1803.447: [Unloading, 0.0077050 secs], 0.0225384 secs]
 [Times: user=0.02 sys=0.01, real=0.03 secs] 
2020-04-13T16:13:40.512+0800: 1803.458: [GC cleanup 148M->148M(256M), 0.0020925 secs]
 [Times: user=0.01 sys=0.00, real=0.00 secs] 
2020-04-13T16:13:41.041+0800: 1803.987: [GC pause (G1 Evacuation Pause) (young), 0.0057694 secs]
   [Parallel Time: 5.0 ms, GC Workers: 4]
      [GC Worker Start (ms): Min: 1803987.3, Avg: 1803987.3, Max: 1803987.3, Diff: 0.0]
      [Ext Root Scanning (ms): Min: 0.4, Avg: 0.4, Max: 0.5, Diff: 0.2, Sum: 1.7]
      [Update RS (ms): Min: 1.5, Avg: 1.8, Max: 2.6, Diff: 1.1, Sum: 7.1]
         [Processed Buffers: Min: 3, Avg: 7.0, Max: 13, Diff: 10, Sum: 28]
      [Scan RS (ms): Min: 0.6, Avg: 1.4, Max: 2.0, Diff: 1.5, Sum: 5.7]
      [Code Root Scanning (ms): Min: 0.0, Avg: 0.0, Max: 0.0, Diff: 0.0, Sum: 0.0]
      [Object Copy (ms): Min: 0.9, Avg: 1.3, Max: 1.6, Diff: 0.7, Sum: 5.3]
      [Termination (ms): Min: 0.0, Avg: 0.0, Max: 0.0, Diff: 0.0, Sum: 0.0]
         [Termination Attempts: Min: 1, Avg: 1.0, Max: 1, Diff: 0, Sum: 4]
      [GC Worker Other (ms): Min: 0.0, Avg: 0.0, Max: 0.0, Diff: 0.0, Sum: 0.1]
      [GC Worker Total (ms): Min: 4.9, Avg: 5.0, Max: 5.0, Diff: 0.0, Sum: 19.9]
      [GC Worker End (ms): Min: 1803992.3, Avg: 1803992.3, Max: 1803992.3, Diff: 0.0]
   [Code Root Fixup: 0.1 ms]
   [Code Root Purge: 0.0 ms]
   [Clear CT: 0.1 ms]
   [Other: 0.6 ms]
      [Choose CSet: 0.0 ms]
      [Ref Proc: 0.2 ms]
      [Ref Enq: 0.0 ms]
      [Redirty Cards: 0.1 ms]
      [Humongous Register: 0.0 ms]
      [Humongous Reclaim: 0.0 ms]
      [Free CSet: 0.0 ms]
   [Eden: 11.0M(11.0M)->0.0B(11.0M) Survivors: 1024.0K->1024.0K Heap: 159.7M(256.0M)->148.3M(256.0M)]
 [Times: user=0.01 sys=0.00, real=0.00 secs] 
2020-04-13T16:13:41.745+0800: 1804.691: [GC pause (G1 Evacuation Pause) (young), 0.0173884 secs]
   [Parallel Time: 6.0 ms, GC Workers: 4]
      [GC Worker Start (ms): Min: 1804691.3, Avg: 1804691.4, Max: 1804691.5, Diff: 0.2]
      [Ext Root Scanning (ms): Min: 0.4, Avg: 0.8, Max: 1.6, Diff: 1.1, Sum: 3.1]
      [Update RS (ms): Min: 1.4, Avg: 2.1, Max: 2.4, Diff: 1.0, Sum: 8.4]
         [Processed Buffers: Min: 1, Avg: 5.0, Max: 10, Diff: 9, Sum: 20]
      [Scan RS (ms): Min: 1.7, Avg: 1.9, Max: 2.2, Diff: 0.5, Sum: 7.7]
      [Code Root Scanning (ms): Min: 0.0, Avg: 0.0, Max: 0.0, Diff: 0.0, Sum: 0.0]
      [Object Copy (ms): Min: 0.8, Avg: 1.0, Max: 1.2, Diff: 0.4, Sum: 4.0]
      [Termination (ms): Min: 0.0, Avg: 0.0, Max: 0.0, Diff: 0.0, Sum: 0.0]
         [Termination Attempts: Min: 1, Avg: 1.0, Max: 1, Diff: 0, Sum: 4]
      [GC Worker Other (ms): Min: 0.0, Avg: 0.0, Max: 0.1, Diff: 0.0, Sum: 0.1]
      [GC Worker Total (ms): Min: 5.7, Avg: 5.8, Max: 5.8, Diff: 0.2, Sum: 23.2]
      [GC Worker End (ms): Min: 1804697.2, Avg: 1804697.2, Max: 1804697.2, Diff: 0.0]
   [Code Root Fixup: 0.1 ms]
   [Code Root Purge: 0.0 ms]
   [Clear CT: 0.1 ms]
   [Other: 11.3 ms]
      [Choose CSet: 0.0 ms]
      [Ref Proc: 11.0 ms]
      [Ref Enq: 0.0 ms]
      [Redirty Cards: 0.1 ms]
      [Humongous Register: 0.0 ms]
      [Humongous Reclaim: 0.0 ms]
      [Free CSet: 0.0 ms]
   [Eden: 11.0M(11.0M)->0.0B(11.0M) Survivors: 1024.0K->1024.0K Heap: 159.3M(256.0M)->148.5M(256.0M)]
 [Times: user=0.02 sys=0.00, real=0.02 secs] 
2020-04-13T16:13:42.414+0800: 1805.359: [GC pause (G1 Evacuation Pause) (young) (initial-mark), 0.0175970 secs]
   [Parallel Time: 15.6 ms, GC Workers: 4]
      [GC Worker Start (ms): Min: 1805359.5, Avg: 1805359.7, Max: 1805360.0, Diff: 0.4]
      [Ext Root Scanning (ms): Min: 0.5, Avg: 1.0, Max: 1.8, Diff: 1.3, Sum: 4.1]
      [Update RS (ms): Min: 0.7, Avg: 1.3, Max: 1.6, Diff: 0.9, Sum: 5.4]
         [Processed Buffers: Min: 3, Avg: 5.8, Max: 10, Diff: 7, Sum: 23]
      [Scan RS (ms): Min: 0.9, Avg: 1.1, Max: 1.3, Diff: 0.3, Sum: 4.6]
      [Code Root Scanning (ms): Min: 0.0, Avg: 0.0, Max: 0.0, Diff: 0.0, Sum: 0.0]
      [Object Copy (ms): Min: 1.0, Avg: 1.2, Max: 1.8, Diff: 0.9, Sum: 4.9]
      [Termination (ms): Min: 0.0, Avg: 5.6, Max: 10.8, Diff: 10.8, Sum: 22.4]
         [Termination Attempts: Min: 1, Avg: 1.0, Max: 1, Diff: 0, Sum: 4]
      [GC Worker Other (ms): Min: 0.0, Avg: 0.1, Max: 0.2, Diff: 0.2, Sum: 0.2]
      [GC Worker Total (ms): Min: 5.5, Avg: 10.4, Max: 15.5, Diff: 10.0, Sum: 41.5]
      [GC Worker End (ms): Min: 1805365.0, Avg: 1805370.0, Max: 1805375.0, Diff: 10.1]
   [Code Root Fixup: 0.1 ms]
   [Code Root Purge: 0.0 ms]
   [Clear CT: 0.1 ms]
   [Other: 1.8 ms]
      [Choose CSet: 0.0 ms]
      [Ref Proc: 1.5 ms]
      [Ref Enq: 0.0 ms]
      [Redirty Cards: 0.1 ms]
      [Humongous Register: 0.0 ms]
      [Humongous Reclaim: 0.0 ms]
      [Free CSet: 0.0 ms]
   [Eden: 11.0M(11.0M)->0.0B(79.0M) Survivors: 1024.0K->1024.0K Heap: 159.5M(256.0M)->148.4M(256.0M)]
 [Times: user=0.02 sys=0.01, real=0.02 secs] 
2020-04-13T16:13:42.432+0800: 1805.378: [GC concurrent-root-region-scan-start]
2020-04-13T16:13:42.435+0800: 1805.381: [GC concurrent-root-region-scan-end, 0.0031769 secs]
2020-04-13T16:13:42.435+0800: 1805.381: [GC concurrent-mark-start]
2020-04-13T16:13:42.477+0800: 1805.423: [GC concurrent-mark-end, 0.0419991 secs]
2020-04-13T16:13:42.477+0800: 1805.423: [GC remark 2020-04-13T16:13:42.477+0800: 1805.423: [Finalize Marking, 0.0124219 secs] 2020-04-13T16:13:42.490+0800: 1805.435: [GC ref-proc, 0.0001257 secs] 2020-04-13T16:13:42.490+0800: 1805.436: [Unloading, 0.0157066 secs], 0.0308902 secs]
 [Times: user=0.02 sys=0.00, real=0.03 secs] 
2020-04-13T16:13:42.508+0800: 1805.454: [GC cleanup 149M->149M(256M), 0.0005631 secs]
 [Times: user=0.01 sys=0.00, real=0.00 secs] 
2020-04-13T16:13:46.358+0800: 1809.304: [GC pause (G1 Evacuation Pause) (young), 0.0293107 secs]
   [Parallel Time: 17.1 ms, GC Workers: 4]
      [GC Worker Start (ms): Min: 1809303.6, Avg: 1809305.5, Max: 1809310.6, Diff: 7.0]
      [Ext Root Scanning (ms): Min: 0.0, Avg: 0.4, Max: 0.8, Diff: 0.7, Sum: 1.7]
      [Update RS (ms): Min: 0.0, Avg: 1.5, Max: 2.1, Diff: 2.1, Sum: 6.1]
         [Processed Buffers: Min: 0, Avg: 8.5, Max: 22, Diff: 22, Sum: 34]
      [Scan RS (ms): Min: 0.0, Avg: 1.0, Max: 1.4, Diff: 1.4, Sum: 3.9]
      [Code Root Scanning (ms): Min: 0.0, Avg: 0.0, Max: 0.0, Diff: 0.0, Sum: 0.0]
      [Object Copy (ms): Min: 0.0, Avg: 1.7, Max: 2.5, Diff: 2.5, Sum: 6.9]
      [Termination (ms): Min: 0.0, Avg: 5.5, Max: 10.8, Diff: 10.8, Sum: 22.1]
         [Termination Attempts: Min: 1, Avg: 1.0, Max: 1, Diff: 0, Sum: 4]
      [GC Worker Other (ms): Min: 0.0, Avg: 0.0, Max: 0.0, Diff: 0.0, Sum: 0.1]
      [GC Worker Total (ms): Min: 0.0, Avg: 10.2, Max: 17.0, Diff: 17.0, Sum: 40.6]
      [GC Worker End (ms): Min: 1809310.7, Avg: 1809315.7, Max: 1809320.7, Diff: 10.0]
   [Code Root Fixup: 0.0 ms]
   [Code Root Purge: 0.0 ms]
   [Clear CT: 0.4 ms]
   [Other: 11.8 ms]
      [Choose CSet: 0.0 ms]
      [Ref Proc: 11.4 ms]
      [Ref Enq: 0.0 ms]
      [Redirty Cards: 0.1 ms]
      [Humongous Register: 0.0 ms]
      [Humongous Reclaim: 0.0 ms]
      [Free CSet: 0.0 ms]
   [Eden: 79.0M(79.0M)->0.0B(11.0M) Survivors: 1024.0K->1024.0K Heap: 227.4M(256.0M)->148.5M(256.0M)]
 [Times: user=0.02 sys=0.00, real=0.03 secs] 
2020-04-13T16:13:46.849+0800: 1809.795: [GC pause (G1 Evacuation Pause) (young), 0.0055411 secs]
   [Parallel Time: 4.6 ms, GC Workers: 4]
      [GC Worker Start (ms): Min: 1809795.2, Avg: 1809795.2, Max: 1809795.3, Diff: 0.1]
      [Ext Root Scanning (ms): Min: 0.4, Avg: 0.6, Max: 1.1, Diff: 0.7, Sum: 2.6]
      [Update RS (ms): Min: 1.1, Avg: 1.5, Max: 1.8, Diff: 0.7, Sum: 5.9]
         [Processed Buffers: Min: 2, Avg: 6.8, Max: 15, Diff: 13, Sum: 27]
      [Scan RS (ms): Min: 0.9, Avg: 1.0, Max: 1.0, Diff: 0.1, Sum: 3.9]
      [Code Root Scanning (ms): Min: 0.0, Avg: 0.0, Max: 0.0, Diff: 0.0, Sum: 0.0]
      [Object Copy (ms): Min: 1.0, Avg: 1.1, Max: 1.2, Diff: 0.3, Sum: 4.2]
      [Termination (ms): Min: 0.0, Avg: 0.0, Max: 0.0, Diff: 0.0, Sum: 0.0]
         [Termination Attempts: Min: 1, Avg: 1.0, Max: 1, Diff: 0, Sum: 4]
      [GC Worker Other (ms): Min: 0.0, Avg: 0.1, Max: 0.2, Diff: 0.2, Sum: 0.3]
      [GC Worker Total (ms): Min: 4.2, Avg: 4.2, Max: 4.3, Diff: 0.2, Sum: 17.0]
      [GC Worker End (ms): Min: 1809799.4, Avg: 1809799.5, Max: 1809799.6, Diff: 0.2]
   [Code Root Fixup: 0.1 ms]
   [Code Root Purge: 0.0 ms]
   [Clear CT: 0.1 ms]
   [Other: 0.8 ms]
      [Choose CSet: 0.0 ms]
      [Ref Proc: 0.6 ms]
      [Ref Enq: 0.0 ms]
      [Redirty Cards: 0.1 ms]
      [Humongous Register: 0.0 ms]
      [Humongous Reclaim: 0.0 ms]
      [Free CSet: 0.0 ms]
   [Eden: 11.0M(11.0M)->0.0B(78.0M) Survivors: 1024.0K->1024.0K Heap: 159.5M(256.0M)->148.5M(256.0M)]
 [Times: user=0.01 sys=0.00, real=0.01 secs] 
2020-04-13T16:13:49.963+0800: 1812.908: [GC pause (G1 Evacuation Pause) (young) (initial-mark), 0.0301792 secs]
   [Parallel Time: 24.0 ms, GC Workers: 4]
      [GC Worker Start (ms): Min: 1812908.6, Avg: 1812908.9, Max: 1812909.9, Diff: 1.4]
      [Ext Root Scanning (ms): Min: 0.2, Avg: 1.3, Max: 2.1, Diff: 2.0, Sum: 5.4]
      [Update RS (ms): Min: 1.9, Avg: 6.3, Max: 8.3, Diff: 6.4, Sum: 25.1]
         [Processed Buffers: Min: 2, Avg: 8.2, Max: 22, Diff: 20, Sum: 33]
      [Scan RS (ms): Min: 0.0, Avg: 1.7, Max: 5.2, Diff: 5.2, Sum: 6.6]
      [Code Root Scanning (ms): Min: 0.0, Avg: 0.0, Max: 0.0, Diff: 0.0, Sum: 0.0]
      [Object Copy (ms): Min: 2.7, Avg: 3.1, Max: 3.4, Diff: 0.7, Sum: 12.2]
      [Termination (ms): Min: 0.0, Avg: 5.5, Max: 10.9, Diff: 10.9, Sum: 21.9]
         [Termination Attempts: Min: 1, Avg: 1.0, Max: 1, Diff: 0, Sum: 4]
      [GC Worker Other (ms): Min: 0.0, Avg: 0.1, Max: 0.3, Diff: 0.2, Sum: 0.4]
      [GC Worker Total (ms): Min: 11.8, Avg: 17.9, Max: 23.5, Diff: 11.7, Sum: 71.6]
      [GC Worker End (ms): Min: 1812921.7, Avg: 1812926.8, Max: 1812932.1, Diff: 10.4]
   [Code Root Fixup: 0.0 ms]
   [Code Root Purge: 0.0 ms]
   [Clear CT: 0.1 ms]
   [Other: 6.1 ms]
      [Choose CSet: 0.0 ms]
      [Ref Proc: 5.8 ms]
      [Ref Enq: 0.0 ms]
      [Redirty Cards: 0.1 ms]
      [Humongous Register: 0.0 ms]
      [Humongous Reclaim: 0.0 ms]
      [Free CSet: 0.0 ms]
   [Eden: 78.0M(78.0M)->0.0B(11.0M) Survivors: 1024.0K->1024.0K Heap: 226.5M(256.0M)->148.6M(256.0M)]
 [Times: user=0.02 sys=0.00, real=0.03 secs] 
2020-04-13T16:13:49.993+0800: 1812.939: [GC concurrent-root-region-scan-start]
2020-04-13T16:13:49.998+0800: 1812.944: [GC concurrent-root-region-scan-end, 0.0045992 secs]
2020-04-13T16:13:49.998+0800: 1812.944: [GC concurrent-mark-start]
2020-04-13T16:13:50.038+0800: 1812.984: [GC concurrent-mark-end, 0.0402065 secs]
2020-04-13T16:13:50.039+0800: 1812.985: [GC remark 2020-04-13T16:13:50.039+0800: 1812.985: [Finalize Marking, 0.0025080 secs] 2020-04-13T16:13:50.042+0800: 1812.987: [GC ref-proc, 0.0001437 secs] 2020-04-13T16:13:50.042+0800: 1812.987: [Unloading, 0.0051685 secs], 0.0095955 secs]
 [Times: user=0.02 sys=0.00, real=0.01 secs] 
2020-04-13T16:13:50.049+0800: 1812.994: [GC cleanup 149M->149M(256M), 0.0004678 secs]
 [Times: user=0.00 sys=0.00, real=0.00 secs] 
2020-04-13T16:13:50.562+0800: 1813.508: [GC pause (G1 Evacuation Pause) (young), 0.0174547 secs]
   [Parallel Time: 16.9 ms, GC Workers: 4]
      [GC Worker Start (ms): Min: 1813508.2, Avg: 1813508.3, Max: 1813508.3, Diff: 0.0]
      [Ext Root Scanning (ms): Min: 0.4, Avg: 0.5, Max: 0.8, Diff: 0.5, Sum: 2.0]
      [Update RS (ms): Min: 1.3, Avg: 1.6, Max: 1.8, Diff: 0.5, Sum: 6.5]
         [Processed Buffers: Min: 2, Avg: 6.2, Max: 13, Diff: 11, Sum: 25]
      [Scan RS (ms): Min: 1.2, Avg: 1.6, Max: 2.5, Diff: 1.3, Sum: 6.4]
      [Code Root Scanning (ms): Min: 0.0, Avg: 0.0, Max: 0.0, Diff: 0.0, Sum: 0.0]
      [Object Copy (ms): Min: 1.3, Avg: 2.6, Max: 3.4, Diff: 2.2, Sum: 10.4]
      [Termination (ms): Min: 0.0, Avg: 5.5, Max: 10.9, Diff: 10.9, Sum: 21.9]
         [Termination Attempts: Min: 1, Avg: 1.0, Max: 1, Diff: 0, Sum: 4]
      [GC Worker Other (ms): Min: 0.0, Avg: 0.0, Max: 0.0, Diff: 0.0, Sum: 0.1]
      [GC Worker Total (ms): Min: 6.9, Avg: 11.8, Max: 16.8, Diff: 9.9, Sum: 47.3]
      [GC Worker End (ms): Min: 1813515.1, Avg: 1813520.1, Max: 1813525.1, Diff: 9.9]
   [Code Root Fixup: 0.0 ms]
   [Code Root Purge: 0.0 ms]
   [Clear CT: 0.1 ms]
   [Other: 0.5 ms]
      [Choose CSet: 0.0 ms]
      [Ref Proc: 0.2 ms]
      [Ref Enq: 0.0 ms]
      [Redirty Cards: 0.1 ms]
      [Humongous Register: 0.0 ms]
      [Humongous Reclaim: 0.0 ms]
      [Free CSet: 0.0 ms]
   [Eden: 11.0M(11.0M)->0.0B(11.0M) Survivors: 1024.0K->1024.0K Heap: 159.6M(256.0M)->148.7M(256.0M)]
 [Times: user=0.02 sys=0.00, real=0.02 secs] 
2020-04-13T16:13:50.977+0800: 1813.923: [GC pause (G1 Evacuation Pause) (mixed), 0.0095482 secs]
   [Parallel Time: 5.0 ms, GC Workers: 4]
      [GC Worker Start (ms): Min: 1813923.2, Avg: 1813923.2, Max: 1813923.3, Diff: 0.1]
      [Ext Root Scanning (ms): Min: 0.4, Avg: 0.4, Max: 0.5, Diff: 0.1, Sum: 1.7]
      [Update RS (ms): Min: 1.4, Avg: 1.5, Max: 1.5, Diff: 0.1, Sum: 5.9]
         [Processed Buffers: Min: 3, Avg: 7.5, Max: 13, Diff: 10, Sum: 30]
      [Scan RS (ms): Min: 1.8, Avg: 1.8, Max: 1.9, Diff: 0.1, Sum: 7.2]
      [Code Root Scanning (ms): Min: 0.0, Avg: 0.0, Max: 0.0, Diff: 0.0, Sum: 0.0]
      [Object Copy (ms): Min: 1.0, Avg: 1.0, Max: 1.0, Diff: 0.1, Sum: 4.0]
      [Termination (ms): Min: 0.0, Avg: 0.1, Max: 0.2, Diff: 0.2, Sum: 0.4]
         [Termination Attempts: Min: 1, Avg: 1.0, Max: 1, Diff: 0, Sum: 4]
      [GC Worker Other (ms): Min: 0.0, Avg: 0.0, Max: 0.0, Diff: 0.0, Sum: 0.0]
      [GC Worker Total (ms): Min: 4.8, Avg: 4.8, Max: 4.8, Diff: 0.0, Sum: 19.3]
      [GC Worker End (ms): Min: 1813928.0, Avg: 1813928.1, Max: 1813928.1, Diff: 0.1]
   [Code Root Fixup: 0.0 ms]
   [Code Root Purge: 0.0 ms]
   [Clear CT: 0.1 ms]
   [Other: 4.5 ms]
      [Choose CSet: 0.0 ms]
      [Ref Proc: 4.1 ms]
      [Ref Enq: 0.0 ms]
      [Redirty Cards: 0.1 ms]
      [Humongous Register: 0.0 ms]
      [Humongous Reclaim: 0.0 ms]
      [Free CSet: 0.0 ms]
   [Eden: 11.0M(11.0M)->0.0B(79.0M) Survivors: 1024.0K->1024.0K Heap: 159.7M(256.0M)->147.7M(256.0M)]
 [Times: user=0.02 sys=0.00, real=0.01 secs] 
2020-04-13T16:13:54.807+0800: 1817.753: [GC pause (G1 Evacuation Pause) (young), 0.0042050 secs]
   [Parallel Time: 3.7 ms, GC Workers: 4]
      [GC Worker Start (ms): Min: 1817752.8, Avg: 1817752.8, Max: 1817752.8, Diff: 0.0]
      [Ext Root Scanning (ms): Min: 0.4, Avg: 0.4, Max: 0.5, Diff: 0.2, Sum: 1.7]
      [Update RS (ms): Min: 1.6, Avg: 1.7, Max: 1.9, Diff: 0.2, Sum: 6.9]
         [Processed Buffers: Min: 4, Avg: 8.5, Max: 13, Diff: 9, Sum: 34]
      [Scan RS (ms): Min: 0.5, Avg: 0.7, Max: 0.8, Diff: 0.3, Sum: 2.6]
      [Code Root Scanning (ms): Min: 0.0, Avg: 0.0, Max: 0.0, Diff: 0.0, Sum: 0.0]
      [Object Copy (ms): Min: 0.7, Avg: 0.8, Max: 0.8, Diff: 0.1, Sum: 3.1]
      [Termination (ms): Min: 0.0, Avg: 0.0, Max: 0.0, Diff: 0.0, Sum: 0.0]
         [Termination Attempts: Min: 1, Avg: 1.0, Max: 1, Diff: 0, Sum: 4]
      [GC Worker Other (ms): Min: 0.0, Avg: 0.0, Max: 0.0, Diff: 0.0, Sum: 0.0]
      [GC Worker Total (ms): Min: 3.6, Avg: 3.6, Max: 3.6, Diff: 0.0, Sum: 14.4]
      [GC Worker End (ms): Min: 1817756.4, Avg: 1817756.4, Max: 1817756.4, Diff: 0.0]
   [Code Root Fixup: 0.1 ms]
   [Code Root Purge: 0.0 ms]
   [Clear CT: 0.0 ms]
   [Other: 0.4 ms]
      [Choose CSet: 0.0 ms]
      [Ref Proc: 0.2 ms]
      [Ref Enq: 0.0 ms]
      [Redirty Cards: 0.0 ms]
      [Humongous Register: 0.0 ms]
      [Humongous Reclaim: 0.0 ms]
      [Free CSet: 0.0 ms]
   [Eden: 79.0M(79.0M)->0.0B(79.0M) Survivors: 1024.0K->1024.0K Heap: 226.7M(256.0M)->147.8M(256.0M)]
 [Times: user=0.02 sys=0.00, real=0.01 secs] 
2020-04-13T16:13:58.080+0800: 1821.025: [GC pause (G1 Evacuation Pause) (young) (initial-mark), 0.0218576 secs]
   [Parallel Time: 21.1 ms, GC Workers: 4]
      [GC Worker Start (ms): Min: 1821025.5, Avg: 1821025.7, Max: 1821026.4, Diff: 1.0]
      [Ext Root Scanning (ms): Min: 1.1, Avg: 5.3, Max: 10.2, Diff: 9.1, Sum: 21.2]
      [Update RS (ms): Min: 0.0, Avg: 3.5, Max: 7.1, Diff: 7.1, Sum: 14.0]
         [Processed Buffers: Min: 0, Avg: 7.8, Max: 14, Diff: 14, Sum: 31]
      [Scan RS (ms): Min: 0.0, Avg: 0.6, Max: 1.2, Diff: 1.2, Sum: 2.4]
      [Code Root Scanning (ms): Min: 0.0, Avg: 0.0, Max: 0.0, Diff: 0.0, Sum: 0.0]
      [Object Copy (ms): Min: 0.0, Avg: 0.9, Max: 1.2, Diff: 1.2, Sum: 3.4]
      [Termination (ms): Min: 0.0, Avg: 5.6, Max: 10.8, Diff: 10.8, Sum: 22.5]
         [Termination Attempts: Min: 1, Avg: 1.0, Max: 1, Diff: 0, Sum: 4]
      [GC Worker Other (ms): Min: 0.0, Avg: 0.0, Max: 0.0, Diff: 0.0, Sum: 0.1]
      [GC Worker Total (ms): Min: 10.2, Avg: 15.9, Max: 21.1, Diff: 10.9, Sum: 63.5]
      [GC Worker End (ms): Min: 1821036.6, Avg: 1821041.6, Max: 1821046.5, Diff: 9.9]
   [Code Root Fixup: 0.1 ms]
   [Code Root Purge: 0.0 ms]
   [Clear CT: 0.1 ms]
   [Other: 0.5 ms]
      [Choose CSet: 0.0 ms]
      [Ref Proc: 0.2 ms]
      [Ref Enq: 0.0 ms]
      [Redirty Cards: 0.1 ms]
      [Humongous Register: 0.0 ms]
      [Humongous Reclaim: 0.0 ms]
      [Free CSet: 0.0 ms]
   [Eden: 79.0M(79.0M)->0.0B(79.0M) Survivors: 1024.0K->1024.0K Heap: 226.8M(256.0M)->147.8M(256.0M)]
 [Times: user=0.02 sys=0.00, real=0.02 secs] 
2020-04-13T16:13:58.102+0800: 1821.047: [GC concurrent-root-region-scan-start]
2020-04-13T16:13:58.105+0800: 1821.051: [GC concurrent-root-region-scan-end, 0.0035440 secs]
2020-04-13T16:13:58.105+0800: 1821.051: [GC concurrent-mark-start]
2020-04-13T16:13:58.144+0800: 1821.090: [GC concurrent-mark-end, 0.0386805 secs]
2020-04-13T16:13:58.144+0800: 1821.090: [GC remark 2020-04-13T16:13:58.144+0800: 1821.090: [Finalize Marking, 0.0066548 secs] 2020-04-13T16:13:58.151+0800: 1821.097: [GC ref-proc, 0.0002295 secs] 2020-04-13T16:13:58.151+0800: 1821.097: [Unloading, 0.0054100 secs], 0.0141618 secs]
 [Times: user=0.02 sys=0.00, real=0.01 secs] 
2020-04-13T16:13:58.159+0800: 1821.104: [GC cleanup 149M->149M(256M), 0.0005458 secs]
 [Times: user=0.00 sys=0.00, real=0.00 secs] 
2020-04-13T16:14:01.131+0800: 1824.076: [GC pause (G1 Evacuation Pause) (young), 0.0059283 secs]
   [Parallel Time: 5.3 ms, GC Workers: 4]
      [GC Worker Start (ms): Min: 1824076.5, Avg: 1824076.5, Max: 1824076.5, Diff: 0.0]
      [Ext Root Scanning (ms): Min: 0.4, Avg: 0.4, Max: 0.5, Diff: 0.2, Sum: 1.7]
      [Update RS (ms): Min: 2.7, Avg: 2.7, Max: 2.8, Diff: 0.1, Sum: 10.9]
         [Processed Buffers: Min: 4, Avg: 7.5, Max: 15, Diff: 11, Sum: 30]
      [Scan RS (ms): Min: 0.8, Avg: 0.9, Max: 1.0, Diff: 0.2, Sum: 3.6]
      [Code Root Scanning (ms): Min: 0.0, Avg: 0.0, Max: 0.0, Diff: 0.0, Sum: 0.0]
      [Object Copy (ms): Min: 1.0, Avg: 1.1, Max: 1.2, Diff: 0.2, Sum: 4.4]
      [Termination (ms): Min: 0.0, Avg: 0.0, Max: 0.0, Diff: 0.0, Sum: 0.0]
         [Termination Attempts: Min: 1, Avg: 1.0, Max: 1, Diff: 0, Sum: 4]
      [GC Worker Other (ms): Min: 0.0, Avg: 0.0, Max: 0.0, Diff: 0.0, Sum: 0.1]
      [GC Worker Total (ms): Min: 5.2, Avg: 5.2, Max: 5.2, Diff: 0.0, Sum: 20.7]
      [GC Worker End (ms): Min: 1824081.7, Avg: 1824081.7, Max: 1824081.7, Diff: 0.0]
   [Code Root Fixup: 0.1 ms]
   [Code Root Purge: 0.0 ms]
   [Clear CT: 0.0 ms]
   [Other: 0.5 ms]
      [Choose CSet: 0.0 ms]
      [Ref Proc: 0.2 ms]
      [Ref Enq: 0.0 ms]
      [Redirty Cards: 0.1 ms]
      [Humongous Register: 0.0 ms]
      [Humongous Reclaim: 0.0 ms]
      [Free CSet: 0.0 ms]
   [Eden: 79.0M(79.0M)->0.0B(79.0M) Survivors: 1024.0K->1024.0K Heap: 226.8M(256.0M)->148.0M(256.0M)]
 [Times: user=0.02 sys=0.00, real=0.00 secs] 
2020-04-13T16:14:04.694+0800: 1827.639: [GC pause (G1 Evacuation Pause) (young), 0.0119796 secs]
   [Parallel Time: 10.5 ms, GC Workers: 4]
      [GC Worker Start (ms): Min: 1827639.3, Avg: 1827640.0, Max: 1827640.6, Diff: 1.3]
      [Ext Root Scanning (ms): Min: 0.0, Avg: 0.6, Max: 1.2, Diff: 1.2, Sum: 2.3]
      [Update RS (ms): Min: 1.6, Avg: 1.7, Max: 1.7, Diff: 0.1, Sum: 6.7]
         [Processed Buffers: Min: 3, Avg: 9.2, Max: 19, Diff: 16, Sum: 37]
      [Scan RS (ms): Min: 0.8, Avg: 0.9, Max: 1.0, Diff: 0.2, Sum: 3.7]
      [Code Root Scanning (ms): Min: 0.0, Avg: 0.0, Max: 0.0, Diff: 0.0, Sum: 0.0]
      [Object Copy (ms): Min: 1.1, Avg: 1.8, Max: 2.7, Diff: 1.6, Sum: 7.0]
      [Termination (ms): Min: 0.0, Avg: 2.9, Max: 5.4, Diff: 5.4, Sum: 11.7]
         [Termination Attempts: Min: 1, Avg: 1.0, Max: 1, Diff: 0, Sum: 4]
      [GC Worker Other (ms): Min: 0.0, Avg: 0.0, Max: 0.0, Diff: 0.0, Sum: 0.1]
      [GC Worker Total (ms): Min: 5.2, Avg: 7.9, Max: 10.3, Diff: 5.1, Sum: 31.4]
      [GC Worker End (ms): Min: 1827645.8, Avg: 1827647.9, Max: 1827649.8, Diff: 4.0]
   [Code Root Fixup: 0.1 ms]
   [Code Root Purge: 0.0 ms]
   [Clear CT: 0.1 ms]
   [Other: 1.3 ms]
      [Choose CSet: 0.0 ms]
      [Ref Proc: 0.9 ms]
      [Ref Enq: 0.0 ms]
      [Redirty Cards: 0.2 ms]
      [Humongous Register: 0.0 ms]
      [Humongous Reclaim: 0.0 ms]
      [Free CSet: 0.0 ms]
   [Eden: 79.0M(79.0M)->0.0B(79.0M) Survivors: 1024.0K->1024.0K Heap: 227.0M(256.0M)->147.9M(256.0M)]
 [Times: user=0.02 sys=0.00, real=0.01 secs] 
2020-04-13T16:14:07.653+0800: 1830.598: [GC pause (G1 Evacuation Pause) (young) (initial-mark), 0.0163021 secs]
   [Parallel Time: 15.5 ms, GC Workers: 4]
      [GC Worker Start (ms): Min: 1830598.6, Avg: 1830598.7, Max: 1830598.9, Diff: 0.2]
      [Ext Root Scanning (ms): Min: 0.4, Avg: 0.6, Max: 0.7, Diff: 0.3, Sum: 2.4]
      [Update RS (ms): Min: 2.7, Avg: 2.7, Max: 2.8, Diff: 0.1, Sum: 11.0]
         [Processed Buffers: Min: 2, Avg: 9.2, Max: 24, Diff: 22, Sum: 37]
      [Scan RS (ms): Min: 0.8, Avg: 0.9, Max: 1.0, Diff: 0.2, Sum: 3.8]
      [Code Root Scanning (ms): Min: 0.0, Avg: 0.0, Max: 0.0, Diff: 0.0, Sum: 0.0]
      [Object Copy (ms): Min: 1.4, Avg: 1.6, Max: 2.2, Diff: 0.8, Sum: 6.5]
      [Termination (ms): Min: 0.0, Avg: 5.1, Max: 9.6, Diff: 9.6, Sum: 20.2]
         [Termination Attempts: Min: 1, Avg: 1.2, Max: 2, Diff: 1, Sum: 5]
      [GC Worker Other (ms): Min: 0.0, Avg: 0.0, Max: 0.0, Diff: 0.0, Sum: 0.1]
      [GC Worker Total (ms): Min: 6.6, Avg: 11.0, Max: 15.5, Diff: 8.9, Sum: 44.0]
      [GC Worker End (ms): Min: 1830605.2, Avg: 1830609.7, Max: 1830614.1, Diff: 8.9]
   [Code Root Fixup: 0.1 ms]
   [Code Root Purge: 0.0 ms]
   [Clear CT: 0.1 ms]
   [Other: 0.7 ms]
      [Choose CSet: 0.0 ms]
      [Ref Proc: 0.1 ms]
      [Ref Enq: 0.0 ms]
      [Redirty Cards: 0.1 ms]
      [Humongous Register: 0.0 ms]
      [Humongous Reclaim: 0.0 ms]
      [Free CSet: 0.0 ms]
   [Eden: 79.0M(79.0M)->0.0B(79.0M) Survivors: 1024.0K->1024.0K Heap: 226.9M(256.0M)->148.1M(256.0M)]
 [Times: user=0.02 sys=0.00, real=0.01 secs] 
2020-04-13T16:14:07.669+0800: 1830.615: [GC concurrent-root-region-scan-start]
2020-04-13T16:14:07.672+0800: 1830.618: [GC concurrent-root-region-scan-end, 0.0029794 secs]
2020-04-13T16:14:07.672+0800: 1830.618: [GC concurrent-mark-start]
2020-04-13T16:14:07.706+0800: 1830.652: [GC concurrent-mark-end, 0.0341201 secs]
2020-04-13T16:14:07.707+0800: 1830.652: [GC remark 2020-04-13T16:14:07.707+0800: 1830.652: [Finalize Marking, 0.0001204 secs] 2020-04-13T16:14:07.707+0800: 1830.652: [GC ref-proc, 0.0000816 secs] 2020-04-13T16:14:07.707+0800: 1830.652: [Unloading, 0.0042029 secs], 0.0066601 secs]
 [Times: user=0.02 sys=0.00, real=0.01 secs] 
2020-04-13T16:14:07.714+0800: 1830.659: [GC cleanup 149M->149M(256M), 0.0004872 secs]
 [Times: user=0.00 sys=0.00, real=0.00 secs] 
2020-04-13T16:14:10.828+0800: 1833.774: [GC pause (G1 Evacuation Pause) (young), 0.0086480 secs]
   [Parallel Time: 5.6 ms, GC Workers: 4]
      [GC Worker Start (ms): Min: 1833773.9, Avg: 1833773.9, Max: 1833774.0, Diff: 0.0]
      [Ext Root Scanning (ms): Min: 0.4, Avg: 0.6, Max: 1.3, Diff: 0.9, Sum: 2.4]
      [Update RS (ms): Min: 1.7, Avg: 2.8, Max: 4.8, Diff: 3.0, Sum: 11.2]
         [Processed Buffers: Min: 1, Avg: 10.5, Max: 19, Diff: 18, Sum: 42]
      [Scan RS (ms): Min: 0.0, Avg: 1.0, Max: 1.5, Diff: 1.5, Sum: 4.0]
      [Code Root Scanning (ms): Min: 0.0, Avg: 0.0, Max: 0.0, Diff: 0.0, Sum: 0.0]
      [Object Copy (ms): Min: 0.3, Avg: 1.1, Max: 1.4, Diff: 1.0, Sum: 4.4]
      [Termination (ms): Min: 0.0, Avg: 0.0, Max: 0.0, Diff: 0.0, Sum: 0.0]
         [Termination Attempts: Min: 1, Avg: 1.2, Max: 2, Diff: 1, Sum: 5]
      [GC Worker Other (ms): Min: 0.0, Avg: 0.0, Max: 0.0, Diff: 0.0, Sum: 0.1]
      [GC Worker Total (ms): Min: 5.5, Avg: 5.5, Max: 5.5, Diff: 0.0, Sum: 22.0]
      [GC Worker End (ms): Min: 1833779.4, Avg: 1833779.5, Max: 1833779.5, Diff: 0.0]
   [Code Root Fixup: 0.0 ms]
   [Code Root Purge: 0.0 ms]
   [Clear CT: 0.1 ms]
   [Other: 2.9 ms]
      [Choose CSet: 0.0 ms]
      [Ref Proc: 2.6 ms]
      [Ref Enq: 0.0 ms]
      [Redirty Cards: 0.1 ms]
      [Humongous Register: 0.0 ms]
      [Humongous Reclaim: 0.0 ms]
      [Free CSet: 0.0 ms]
   [Eden: 79.0M(79.0M)->0.0B(79.0M) Survivors: 1024.0K->1024.0K Heap: 227.1M(256.0M)->148.2M(256.0M)]
 [Times: user=0.02 sys=0.00, real=0.01 secs] 
2020-04-13T16:14:13.774+0800: 1836.720: [GC pause (G1 Evacuation Pause) (young), 0.0133812 secs]
   [Parallel Time: 12.5 ms, GC Workers: 4]
      [GC Worker Start (ms): Min: 1836719.9, Avg: 1836719.9, Max: 1836719.9, Diff: 0.0]
      [Ext Root Scanning (ms): Min: 0.7, Avg: 0.8, Max: 0.9, Diff: 0.2, Sum: 3.0]
      [Update RS (ms): Min: 1.8, Avg: 2.3, Max: 3.3, Diff: 1.5, Sum: 9.2]
         [Processed Buffers: Min: 2, Avg: 9.2, Max: 18, Diff: 16, Sum: 37]
      [Scan RS (ms): Min: 0.5, Avg: 1.8, Max: 3.1, Diff: 2.6, Sum: 7.2]
      [Code Root Scanning (ms): Min: 0.0, Avg: 0.0, Max: 0.0, Diff: 0.0, Sum: 0.0]
      [Object Copy (ms): Min: 0.2, Avg: 1.4, Max: 2.3, Diff: 2.1, Sum: 5.6]
      [Termination (ms): Min: 0.0, Avg: 2.0, Max: 6.4, Diff: 6.4, Sum: 8.0]
         [Termination Attempts: Min: 1, Avg: 1.0, Max: 1, Diff: 0, Sum: 4]
      [GC Worker Other (ms): Min: 0.0, Avg: 0.0, Max: 0.0, Diff: 0.0, Sum: 0.1]
      [GC Worker Total (ms): Min: 6.8, Avg: 8.3, Max: 12.5, Diff: 5.7, Sum: 33.1]
      [GC Worker End (ms): Min: 1836726.7, Avg: 1836728.2, Max: 1836732.3, Diff: 5.7]
   [Code Root Fixup: 0.0 ms]
   [Code Root Purge: 0.0 ms]
   [Clear CT: 0.1 ms]
   [Other: 0.8 ms]
      [Choose CSet: 0.0 ms]
      [Ref Proc: 0.5 ms]
      [Ref Enq: 0.0 ms]
      [Redirty Cards: 0.0 ms]
      [Humongous Register: 0.0 ms]
      [Humongous Reclaim: 0.0 ms]
      [Free CSet: 0.0 ms]
   [Eden: 79.0M(79.0M)->0.0B(79.0M) Survivors: 1024.0K->1024.0K Heap: 227.2M(256.0M)->148.1M(256.0M)]
 [Times: user=0.02 sys=0.01, real=0.01 secs] 
2020-04-13T16:14:16.497+0800: 1839.442: [GC pause (G1 Evacuation Pause) (young) (initial-mark), 0.0069034 secs]
   [Parallel Time: 5.8 ms, GC Workers: 4]
      [GC Worker Start (ms): Min: 1839442.5, Avg: 1839442.6, Max: 1839442.6, Diff: 0.0]
      [Ext Root Scanning (ms): Min: 0.7, Avg: 0.7, Max: 0.7, Diff: 0.1, Sum: 2.7]
      [Update RS (ms): Min: 1.6, Avg: 1.7, Max: 1.8, Diff: 0.2, Sum: 6.7]
         [Processed Buffers: Min: 1, Avg: 7.5, Max: 22, Diff: 21, Sum: 30]
      [Scan RS (ms): Min: 1.7, Avg: 2.0, Max: 2.3, Diff: 0.5, Sum: 7.9]
      [Code Root Scanning (ms): Min: 0.0, Avg: 0.0, Max: 0.0, Diff: 0.0, Sum: 0.0]
      [Object Copy (ms): Min: 0.9, Avg: 1.3, Max: 1.5, Diff: 0.6, Sum: 5.2]
      [Termination (ms): Min: 0.0, Avg: 0.0, Max: 0.0, Diff: 0.0, Sum: 0.0]
         [Termination Attempts: Min: 1, Avg: 1.2, Max: 2, Diff: 1, Sum: 5]
      [GC Worker Other (ms): Min: 0.0, Avg: 0.0, Max: 0.0, Diff: 0.0, Sum: 0.1]
      [GC Worker Total (ms): Min: 5.7, Avg: 5.7, Max: 5.7, Diff: 0.0, Sum: 22.7]
      [GC Worker End (ms): Min: 1839448.2, Avg: 1839448.2, Max: 1839448.2, Diff: 0.0]
   [Code Root Fixup: 0.1 ms]
   [Code Root Purge: 0.0 ms]
   [Clear CT: 0.4 ms]
   [Other: 0.7 ms]
      [Choose CSet: 0.0 ms]
      [Ref Proc: 0.3 ms]
      [Ref Enq: 0.0 ms]
      [Redirty Cards: 0.1 ms]
      [Humongous Register: 0.0 ms]
      [Humongous Reclaim: 0.0 ms]
      [Free CSet: 0.0 ms]
   [Eden: 79.0M(79.0M)->0.0B(79.0M) Survivors: 1024.0K->1024.0K Heap: 227.1M(256.0M)->148.4M(256.0M)]
 [Times: user=0.02 sys=0.00, real=0.01 secs] 
2020-04-13T16:14:16.504+0800: 1839.450: [GC concurrent-root-region-scan-start]
2020-04-13T16:14:16.510+0800: 1839.455: [GC concurrent-root-region-scan-end, 0.0055325 secs]
2020-04-13T16:14:16.510+0800: 1839.455: [GC concurrent-mark-start]
2020-04-13T16:14:16.542+0800: 1839.487: [GC concurrent-mark-end, 0.0320664 secs]
2020-04-13T16:14:16.542+0800: 1839.488: [GC remark 2020-04-13T16:14:16.542+0800: 1839.488: [Finalize Marking, 0.0006899 secs] 2020-04-13T16:14:16.543+0800: 1839.488: [GC ref-proc, 0.0001045 secs] 2020-04-13T16:14:16.543+0800: 1839.489: [Unloading, 0.0050794 secs], 0.0079800 secs]
 [Times: user=0.01 sys=0.00, real=0.01 secs] 
2020-04-13T16:14:16.551+0800: 1839.496: [GC cleanup 150M->150M(256M), 0.0004089 secs]
 [Times: user=0.01 sys=0.00, real=0.00 secs] 
2020-04-13T16:14:18.820+0800: 1841.765: [GC pause (G1 Evacuation Pause) (young), 0.0064231 secs]
   [Parallel Time: 5.7 ms, GC Workers: 4]
      [GC Worker Start (ms): Min: 1841765.0, Avg: 1841765.1, Max: 1841765.1, Diff: 0.1]
      [Ext Root Scanning (ms): Min: 0.4, Avg: 0.5, Max: 0.5, Diff: 0.1, Sum: 1.9]
      [Update RS (ms): Min: 1.4, Avg: 1.4, Max: 1.5, Diff: 0.1, Sum: 5.6]
         [Processed Buffers: Min: 3, Avg: 8.0, Max: 14, Diff: 11, Sum: 32]
      [Scan RS (ms): Min: 1.4, Avg: 1.4, Max: 1.5, Diff: 0.1, Sum: 5.8]
      [Code Root Scanning (ms): Min: 0.0, Avg: 0.0, Max: 0.0, Diff: 0.0, Sum: 0.0]
      [Object Copy (ms): Min: 2.1, Avg: 2.2, Max: 2.3, Diff: 0.2, Sum: 8.8]
      [Termination (ms): Min: 0.0, Avg: 0.0, Max: 0.0, Diff: 0.0, Sum: 0.0]
         [Termination Attempts: Min: 1, Avg: 1.0, Max: 1, Diff: 0, Sum: 4]
      [GC Worker Other (ms): Min: 0.0, Avg: 0.1, Max: 0.1, Diff: 0.1, Sum: 0.3]
      [GC Worker Total (ms): Min: 5.5, Avg: 5.6, Max: 5.6, Diff: 0.1, Sum: 22.3]
      [GC Worker End (ms): Min: 1841770.6, Avg: 1841770.6, Max: 1841770.7, Diff: 0.1]
   [Code Root Fixup: 0.1 ms]
   [Code Root Purge: 0.0 ms]
   [Clear CT: 0.2 ms]
   [Other: 0.5 ms]
      [Choose CSet: 0.0 ms]
      [Ref Proc: 0.2 ms]
      [Ref Enq: 0.0 ms]
      [Redirty Cards: 0.1 ms]
      [Humongous Register: 0.0 ms]
      [Humongous Reclaim: 0.0 ms]
      [Free CSet: 0.0 ms]
   [Eden: 79.0M(79.0M)->0.0B(79.0M) Survivors: 1024.0K->1024.0K Heap: 227.4M(256.0M)->148.3M(256.0M)]
 [Times: user=0.02 sys=0.00, real=0.00 secs] 
2020-04-13T16:14:21.574+0800: 1844.519: [GC pause (G1 Evacuation Pause) (young), 0.0062812 secs]
   [Parallel Time: 5.8 ms, GC Workers: 4]
      [GC Worker Start (ms): Min: 1844519.6, Avg: 1844519.6, Max: 1844519.8, Diff: 0.3]
      [Ext Root Scanning (ms): Min: 0.2, Avg: 1.3, Max: 3.1, Diff: 2.9, Sum: 5.4]
      [Update RS (ms): Min: 0.0, Avg: 1.3, Max: 2.1, Diff: 2.1, Sum: 5.0]
         [Processed Buffers: Min: 0, Avg: 9.0, Max: 24, Diff: 24, Sum: 36]
      [Scan RS (ms): Min: 1.0, Avg: 1.5, Max: 1.7, Diff: 0.7, Sum: 6.0]
      [Code Root Scanning (ms): Min: 0.0, Avg: 0.0, Max: 0.0, Diff: 0.0, Sum: 0.0]
      [Object Copy (ms): Min: 1.4, Avg: 1.5, Max: 1.6, Diff: 0.2, Sum: 6.0]
      [Termination (ms): Min: 0.0, Avg: 0.0, Max: 0.0, Diff: 0.0, Sum: 0.0]
         [Termination Attempts: Min: 1, Avg: 1.0, Max: 1, Diff: 0, Sum: 4]
      [GC Worker Other (ms): Min: 0.0, Avg: 0.0, Max: 0.0, Diff: 0.0, Sum: 0.1]
      [GC Worker Total (ms): Min: 5.4, Avg: 5.6, Max: 5.7, Diff: 0.3, Sum: 22.6]
      [GC Worker End (ms): Min: 1844525.3, Avg: 1844525.3, Max: 1844525.3, Diff: 0.0]
   [Code Root Fixup: 0.0 ms]
   [Code Root Purge: 0.0 ms]
   [Clear CT: 0.1 ms]
   [Other: 0.4 ms]
      [Choose CSet: 0.0 ms]
      [Ref Proc: 0.1 ms]
      [Ref Enq: 0.0 ms]
      [Redirty Cards: 0.1 ms]
      [Humongous Register: 0.0 ms]
      [Humongous Reclaim: 0.0 ms]
      [Free CSet: 0.0 ms]
   [Eden: 79.0M(79.0M)->0.0B(77.0M) Survivors: 1024.0K->2048.0K Heap: 227.3M(256.0M)->148.8M(256.0M)]
 [Times: user=0.01 sys=0.00, real=0.01 secs] 
2020-04-13T16:14:24.889+0800: 1847.834: [GC pause (G1 Evacuation Pause) (young) (initial-mark), 0.0069788 secs]
   [Parallel Time: 5.5 ms, GC Workers: 4]
      [GC Worker Start (ms): Min: 1847834.1, Avg: 1847834.3, Max: 1847834.7, Diff: 0.6]
      [Ext Root Scanning (ms): Min: 0.3, Avg: 0.7, Max: 1.0, Diff: 0.6, Sum: 2.9]
      [Update RS (ms): Min: 1.5, Avg: 1.5, Max: 1.6, Diff: 0.2, Sum: 6.2]
         [Processed Buffers: Min: 3, Avg: 7.5, Max: 14, Diff: 11, Sum: 30]
      [Scan RS (ms): Min: 1.3, Avg: 1.3, Max: 1.4, Diff: 0.1, Sum: 5.3]
      [Code Root Scanning (ms): Min: 0.0, Avg: 0.0, Max: 0.0, Diff: 0.0, Sum: 0.0]
      [Object Copy (ms): Min: 1.4, Avg: 1.5, Max: 1.6, Diff: 0.1, Sum: 6.1]
      [Termination (ms): Min: 0.0, Avg: 0.0, Max: 0.0, Diff: 0.0, Sum: 0.0]
         [Termination Attempts: Min: 1, Avg: 1.0, Max: 1, Diff: 0, Sum: 4]
      [GC Worker Other (ms): Min: 0.0, Avg: 0.0, Max: 0.0, Diff: 0.0, Sum: 0.1]
      [GC Worker Total (ms): Min: 4.7, Avg: 5.1, Max: 5.4, Diff: 0.6, Sum: 20.5]
      [GC Worker End (ms): Min: 1847839.4, Avg: 1847839.4, Max: 1847839.4, Diff: 0.0]
   [Code Root Fixup: 0.1 ms]
   [Code Root Purge: 0.0 ms]
   [Clear CT: 0.1 ms]
   [Other: 1.4 ms]
      [Choose CSet: 0.0 ms]
      [Ref Proc: 0.9 ms]
      [Ref Enq: 0.0 ms]
      [Redirty Cards: 0.3 ms]
      [Humongous Register: 0.0 ms]
      [Humongous Reclaim: 0.0 ms]
      [Free CSet: 0.0 ms]
   [Eden: 77.0M(77.0M)->0.0B(79.0M) Survivors: 2048.0K->1024.0K Heap: 225.8M(256.0M)->148.4M(256.0M)]
 [Times: user=0.02 sys=0.00, real=0.01 secs] 
2020-04-13T16:14:24.896+0800: 1847.841: [GC concurrent-root-region-scan-start]
2020-04-13T16:14:24.900+0800: 1847.845: [GC concurrent-root-region-scan-end, 0.0040372 secs]
2020-04-13T16:14:24.900+0800: 1847.845: [GC concurrent-mark-start]
2020-04-13T16:14:24.934+0800: 1847.879: [GC concurrent-mark-end, 0.0336085 secs]
2020-04-13T16:14:24.934+0800: 1847.879: [GC remark 2020-04-13T16:14:24.934+0800: 1847.879: [Finalize Marking, 0.0003966 secs] 2020-04-13T16:14:24.934+0800: 1847.880: [GC ref-proc, 0.0001177 secs] 2020-04-13T16:14:24.934+0800: 1847.880: [Unloading, 0.0054490 secs], 0.0078096 secs]
 [Times: user=0.01 sys=0.00, real=0.01 secs] 
2020-04-13T16:14:24.942+0800: 1847.887: [GC cleanup 149M->149M(256M), 0.0006102 secs]
 [Times: user=0.01 sys=0.00, real=0.00 secs] 
2020-04-13T16:14:28.229+0800: 1851.174: [GC pause (G1 Evacuation Pause) (young), 0.0075703 secs]
   [Parallel Time: 6.5 ms, GC Workers: 4]
      [GC Worker Start (ms): Min: 1851174.2, Avg: 1851174.2, Max: 1851174.3, Diff: 0.1]
      [Ext Root Scanning (ms): Min: 0.0, Avg: 0.4, Max: 0.9, Diff: 0.8, Sum: 1.6]
      [Update RS (ms): Min: 1.4, Avg: 1.5, Max: 1.6, Diff: 0.3, Sum: 6.0]
         [Processed Buffers: Min: 3, Avg: 8.0, Max: 15, Diff: 12, Sum: 32]
      [Scan RS (ms): Min: 1.7, Avg: 1.9, Max: 2.0, Diff: 0.4, Sum: 7.4]
      [Code Root Scanning (ms): Min: 0.0, Avg: 0.0, Max: 0.0, Diff: 0.0, Sum: 0.0]
      [Object Copy (ms): Min: 1.6, Avg: 1.8, Max: 2.2, Diff: 0.6, Sum: 7.1]
      [Termination (ms): Min: 0.0, Avg: 0.4, Max: 0.6, Diff: 0.6, Sum: 1.7]
         [Termination Attempts: Min: 1, Avg: 1.0, Max: 1, Diff: 0, Sum: 4]
      [GC Worker Other (ms): Min: 0.0, Avg: 0.5, Max: 0.9, Diff: 0.8, Sum: 1.8]
      [GC Worker Total (ms): Min: 6.3, Avg: 6.4, Max: 6.4, Diff: 0.1, Sum: 25.5]
      [GC Worker End (ms): Min: 1851180.5, Avg: 1851180.6, Max: 1851180.6, Diff: 0.1]
   [Code Root Fixup: 0.1 ms]
   [Code Root Purge: 0.0 ms]
   [Clear CT: 0.1 ms]
   [Other: 0.9 ms]
      [Choose CSet: 0.0 ms]
      [Ref Proc: 0.3 ms]
      [Ref Enq: 0.0 ms]
      [Redirty Cards: 0.1 ms]
      [Humongous Register: 0.0 ms]
      [Humongous Reclaim: 0.0 ms]
      [Free CSet: 0.0 ms]
   [Eden: 79.0M(79.0M)->0.0B(77.0M) Survivors: 1024.0K->2048.0K Heap: 227.4M(256.0M)->148.9M(256.0M)]
 [Times: user=0.02 sys=0.01, real=0.01 secs] 
2020-04-13T16:14:31.758+0800: 1854.703: [GC pause (G1 Evacuation Pause) (young), 0.0075617 secs]
   [Parallel Time: 6.5 ms, GC Workers: 4]
      [GC Worker Start (ms): Min: 1854703.5, Avg: 1854703.5, Max: 1854703.6, Diff: 0.1]
      [Ext Root Scanning (ms): Min: 0.4, Avg: 0.4, Max: 0.5, Diff: 0.2, Sum: 1.7]
      [Update RS (ms): Min: 1.5, Avg: 1.6, Max: 1.6, Diff: 0.1, Sum: 6.3]
         [Processed Buffers: Min: 3, Avg: 8.2, Max: 14, Diff: 11, Sum: 33]
      [Scan RS (ms): Min: 1.6, Avg: 1.9, Max: 2.6, Diff: 1.0, Sum: 7.7]
      [Code Root Scanning (ms): Min: 0.0, Avg: 0.0, Max: 0.0, Diff: 0.0, Sum: 0.0]
      [Object Copy (ms): Min: 1.5, Avg: 2.2, Max: 2.5, Diff: 1.0, Sum: 8.7]
      [Termination (ms): Min: 0.0, Avg: 0.2, Max: 0.4, Diff: 0.4, Sum: 0.9]
         [Termination Attempts: Min: 1, Avg: 1.0, Max: 1, Diff: 0, Sum: 4]
      [GC Worker Other (ms): Min: 0.0, Avg: 0.0, Max: 0.0, Diff: 0.0, Sum: 0.0]
      [GC Worker Total (ms): Min: 6.3, Avg: 6.3, Max: 6.4, Diff: 0.1, Sum: 25.3]
      [GC Worker End (ms): Min: 1854709.8, Avg: 1854709.9, Max: 1854709.9, Diff: 0.1]
   [Code Root Fixup: 0.1 ms]
   [Code Root Purge: 0.0 ms]
   [Clear CT: 0.2 ms]
   [Other: 0.8 ms]
      [Choose CSet: 0.0 ms]
      [Ref Proc: 0.5 ms]
      [Ref Enq: 0.0 ms]
      [Redirty Cards: 0.1 ms]
      [Humongous Register: 0.0 ms]
      [Humongous Reclaim: 0.0 ms]
      [Free CSet: 0.1 ms]
   [Eden: 77.0M(77.0M)->0.0B(79.0M) Survivors: 2048.0K->1024.0K Heap: 225.9M(256.0M)->148.7M(256.0M)]
 [Times: user=0.02 sys=0.00, real=0.02 secs] 
2020-04-13T16:14:36.275+0800: 1859.220: [GC pause (G1 Evacuation Pause) (young) (initial-mark), 0.0122211 secs]
   [Parallel Time: 7.8 ms, GC Workers: 4]
      [GC Worker Start (ms): Min: 1859220.2, Avg: 1859220.4, Max: 1859220.4, Diff: 0.2]
      [Ext Root Scanning (ms): Min: 0.7, Avg: 0.7, Max: 0.9, Diff: 0.3, Sum: 3.0]
      [Update RS (ms): Min: 1.8, Avg: 2.5, Max: 3.8, Diff: 2.0, Sum: 10.0]
         [Processed Buffers: Min: 5, Avg: 9.8, Max: 22, Diff: 17, Sum: 39]
      [Scan RS (ms): Min: 0.4, Avg: 1.4, Max: 2.2, Diff: 1.8, Sum: 5.7]
      [Code Root Scanning (ms): Min: 0.0, Avg: 0.0, Max: 0.0, Diff: 0.0, Sum: 0.0]
      [Object Copy (ms): Min: 1.7, Avg: 2.0, Max: 2.4, Diff: 0.7, Sum: 7.9]
      [Termination (ms): Min: 0.0, Avg: 0.7, Max: 0.9, Diff: 0.9, Sum: 2.7]
         [Termination Attempts: Min: 1, Avg: 1.0, Max: 1, Diff: 0, Sum: 4]
      [GC Worker Other (ms): Min: 0.0, Avg: 0.0, Max: 0.0, Diff: 0.0, Sum: 0.1]
      [GC Worker Total (ms): Min: 7.3, Avg: 7.4, Max: 7.5, Diff: 0.2, Sum: 29.4]
      [GC Worker End (ms): Min: 1859227.7, Avg: 1859227.7, Max: 1859227.8, Diff: 0.1]
   [Code Root Fixup: 0.1 ms]
   [Code Root Purge: 0.0 ms]
   [Clear CT: 0.1 ms]
   [Other: 4.3 ms]
      [Choose CSet: 0.0 ms]
      [Ref Proc: 4.0 ms]
      [Ref Enq: 0.0 ms]
      [Redirty Cards: 0.1 ms]
      [Humongous Register: 0.0 ms]
      [Humongous Reclaim: 0.0 ms]
      [Free CSet: 0.0 ms]
   [Eden: 79.0M(79.0M)->0.0B(77.0M) Survivors: 1024.0K->2048.0K Heap: 227.7M(256.0M)->149.0M(256.0M)]
 [Times: user=0.03 sys=0.00, real=0.01 secs] 
2020-04-13T16:14:36.287+0800: 1859.233: [GC concurrent-root-region-scan-start]
2020-04-13T16:14:36.292+0800: 1859.237: [GC concurrent-root-region-scan-end, 0.0045791 secs]
2020-04-13T16:14:36.292+0800: 1859.237: [GC concurrent-mark-start]
2020-04-13T16:14:36.325+0800: 1859.270: [GC concurrent-mark-end, 0.0332352 secs]
2020-04-13T16:14:36.325+0800: 1859.271: [GC remark 2020-04-13T16:14:36.326+0800: 1859.271: [Finalize Marking, 0.0110676 secs] 2020-04-13T16:14:36.337+0800: 1859.282: [GC ref-proc, 0.0001127 secs] 2020-04-13T16:14:36.337+0800: 1859.282: [Unloading, 0.0058302 secs], 0.0188136 secs]
 [Times: user=0.03 sys=0.00, real=0.02 secs] 
2020-04-13T16:14:36.345+0800: 1859.290: [GC cleanup 150M->150M(256M), 0.0004726 secs]
 [Times: user=0.00 sys=0.00, real=0.00 secs] 
2020-04-13T16:14:39.866+0800: 1862.811: [GC pause (G1 Evacuation Pause) (young), 0.0238373 secs]
   [Parallel Time: 20.4 ms, GC Workers: 4]
      [GC Worker Start (ms): Min: 1862811.4, Avg: 1862811.5, Max: 1862811.7, Diff: 0.2]
      [Ext Root Scanning (ms): Min: 0.3, Avg: 0.8, Max: 1.6, Diff: 1.3, Sum: 3.2]
      [Update RS (ms): Min: 1.8, Avg: 2.1, Max: 2.6, Diff: 0.8, Sum: 8.2]
         [Processed Buffers: Min: 2, Avg: 11.0, Max: 21, Diff: 19, Sum: 44]
      [Scan RS (ms): Min: 0.4, Avg: 1.8, Max: 3.1, Diff: 2.7, Sum: 7.4]
      [Code Root Scanning (ms): Min: 0.0, Avg: 0.0, Max: 0.0, Diff: 0.0, Sum: 0.0]
      [Object Copy (ms): Min: 2.0, Avg: 2.9, Max: 3.7, Diff: 1.8, Sum: 11.7]
      [Termination (ms): Min: 0.0, Avg: 5.8, Max: 11.3, Diff: 11.3, Sum: 23.2]
         [Termination Attempts: Min: 1, Avg: 1.5, Max: 2, Diff: 1, Sum: 6]
      [GC Worker Other (ms): Min: 0.0, Avg: 0.0, Max: 0.0, Diff: 0.0, Sum: 0.1]
      [GC Worker Total (ms): Min: 8.2, Avg: 13.4, Max: 18.7, Diff: 10.4, Sum: 53.8]
      [GC Worker End (ms): Min: 1862819.7, Avg: 1862824.9, Max: 1862830.3, Diff: 10.6]
   [Code Root Fixup: 0.1 ms]
   [Code Root Purge: 0.0 ms]
   [Clear CT: 0.3 ms]
   [Other: 3.1 ms]
      [Choose CSet: 0.0 ms]
      [Ref Proc: 0.8 ms]
      [Ref Enq: 0.0 ms]
      [Redirty Cards: 0.2 ms]
      [Humongous Register: 0.0 ms]
      [Humongous Reclaim: 0.0 ms]
      [Free CSet: 1.4 ms]
   [Eden: 77.0M(77.0M)->0.0B(77.0M) Survivors: 2048.0K->2048.0K Heap: 226.0M(256.0M)->148.9M(256.0M)]
 [Times: user=0.02 sys=0.00, real=0.03 secs] 
2020-04-13T16:14:43.118+0800: 1866.063: [GC pause (G1 Evacuation Pause) (young), 0.0171650 secs]
   [Parallel Time: 5.6 ms, GC Workers: 4]
      [GC Worker Start (ms): Min: 1866062.8, Avg: 1866062.8, Max: 1866062.8, Diff: 0.1]
      [Ext Root Scanning (ms): Min: 0.5, Avg: 0.6, Max: 0.6, Diff: 0.1, Sum: 2.2]
      [Update RS (ms): Min: 1.4, Avg: 1.5, Max: 1.6, Diff: 0.2, Sum: 5.8]
         [Processed Buffers: Min: 3, Avg: 7.2, Max: 18, Diff: 15, Sum: 29]
      [Scan RS (ms): Min: 1.5, Avg: 1.6, Max: 1.7, Diff: 0.3, Sum: 6.3]
      [Code Root Scanning (ms): Min: 0.0, Avg: 0.0, Max: 0.0, Diff: 0.0, Sum: 0.0]
      [Object Copy (ms): Min: 1.8, Avg: 1.9, Max: 1.9, Diff: 0.1, Sum: 7.5]
      [Termination (ms): Min: 0.0, Avg: 0.0, Max: 0.0, Diff: 0.0, Sum: 0.0]
         [Termination Attempts: Min: 1, Avg: 1.0, Max: 1, Diff: 0, Sum: 4]
      [GC Worker Other (ms): Min: 0.0, Avg: 0.0, Max: 0.0, Diff: 0.0, Sum: 0.1]
      [GC Worker Total (ms): Min: 5.5, Avg: 5.5, Max: 5.5, Diff: 0.1, Sum: 22.0]
      [GC Worker End (ms): Min: 1866068.3, Avg: 1866068.3, Max: 1866068.3, Diff: 0.0]
   [Code Root Fixup: 0.1 ms]
   [Code Root Purge: 0.0 ms]
   [Clear CT: 0.1 ms]
   [Other: 11.4 ms]
      [Choose CSet: 0.0 ms]
      [Ref Proc: 11.0 ms]
      [Ref Enq: 0.0 ms]
      [Redirty Cards: 0.1 ms]
      [Humongous Register: 0.0 ms]
      [Humongous Reclaim: 0.0 ms]
      [Free CSet: 0.1 ms]
   [Eden: 77.0M(77.0M)->0.0B(77.0M) Survivors: 2048.0K->2048.0K Heap: 225.9M(256.0M)->149.3M(256.0M)]
 [Times: user=0.02 sys=0.00, real=0.02 secs] 
2020-04-13T16:14:46.832+0800: 1869.777: [GC pause (G1 Evacuation Pause) (young) (initial-mark), 0.0155006 secs]
   [Parallel Time: 9.4 ms, GC Workers: 4]
      [GC Worker Start (ms): Min: 1869777.3, Avg: 1869778.3, Max: 1869779.3, Diff: 2.0]
      [Ext Root Scanning (ms): Min: 0.0, Avg: 1.5, Max: 2.2, Diff: 2.2, Sum: 6.2]
      [Update RS (ms): Min: 1.0, Avg: 2.6, Max: 3.3, Diff: 2.2, Sum: 10.4]
         [Processed Buffers: Min: 3, Avg: 7.8, Max: 14, Diff: 11, Sum: 31]
      [Scan RS (ms): Min: 1.5, Avg: 2.0, Max: 2.3, Diff: 0.7, Sum: 8.0]
      [Code Root Scanning (ms): Min: 0.0, Avg: 0.0, Max: 0.0, Diff: 0.0, Sum: 0.0]
      [Object Copy (ms): Min: 1.8, Avg: 1.9, Max: 2.0, Diff: 0.2, Sum: 7.6]
      [Termination (ms): Min: 0.0, Avg: 0.0, Max: 0.0, Diff: 0.0, Sum: 0.0]
         [Termination Attempts: Min: 1, Avg: 1.0, Max: 1, Diff: 0, Sum: 4]
      [GC Worker Other (ms): Min: 0.0, Avg: 0.0, Max: 0.0, Diff: 0.0, Sum: 0.1]
      [GC Worker Total (ms): Min: 7.1, Avg: 8.1, Max: 9.1, Diff: 2.0, Sum: 32.3]
      [GC Worker End (ms): Min: 1869786.4, Avg: 1869786.4, Max: 1869786.4, Diff: 0.0]
   [Code Root Fixup: 0.0 ms]
   [Code Root Purge: 0.0 ms]
   [Clear CT: 0.1 ms]
   [Other: 6.0 ms]
      [Choose CSet: 0.0 ms]
      [Ref Proc: 5.8 ms]
      [Ref Enq: 0.0 ms]
      [Redirty Cards: 0.1 ms]
      [Humongous Register: 0.0 ms]
      [Humongous Reclaim: 0.0 ms]
      [Free CSet: 0.0 ms]
   [Eden: 77.0M(77.0M)->0.0B(77.0M) Survivors: 2048.0K->2048.0K Heap: 226.3M(256.0M)->149.0M(256.0M)]
 [Times: user=0.03 sys=0.00, real=0.01 secs] 
2020-04-13T16:14:46.848+0800: 1869.793: [GC concurrent-root-region-scan-start]
2020-04-13T16:14:46.853+0800: 1869.798: [GC concurrent-root-region-scan-end, 0.0053125 secs]
2020-04-13T16:14:46.853+0800: 1869.798: [GC concurrent-mark-start]
2020-04-13T16:14:46.890+0800: 1869.835: [GC concurrent-mark-end, 0.0363178 secs]
2020-04-13T16:14:46.890+0800: 1869.835: [GC remark 2020-04-13T16:14:46.890+0800: 1869.835: [Finalize Marking, 0.0027721 secs] 2020-04-13T16:14:46.893+0800: 1869.838: [GC ref-proc, 0.0000906 secs] 2020-04-13T16:14:46.893+0800: 1869.838: [Unloading, 0.0134266 secs], 0.0182926 secs]
 [Times: user=0.02 sys=0.00, real=0.01 secs] 
2020-04-13T16:14:46.909+0800: 1869.854: [GC cleanup 150M->150M(256M), 0.0004509 secs]
 [Times: user=0.00 sys=0.00, real=0.00 secs] 
2020-04-13T16:14:50.021+0800: 1872.966: [GC pause (G1 Evacuation Pause) (young), 0.0163735 secs]
   [Parallel Time: 10.8 ms, GC Workers: 4]
      [GC Worker Start (ms): Min: 1872965.9, Avg: 1872966.8, Max: 1872967.9, Diff: 2.1]
      [Ext Root Scanning (ms): Min: 0.0, Avg: 0.4, Max: 0.8, Diff: 0.8, Sum: 1.5]
      [Update RS (ms): Min: 1.9, Avg: 3.2, Max: 4.3, Diff: 2.4, Sum: 12.8]
         [Processed Buffers: Min: 2, Avg: 7.2, Max: 20, Diff: 18, Sum: 29]
      [Scan RS (ms): Min: 2.1, Avg: 3.3, Max: 5.5, Diff: 3.3, Sum: 13.2]
      [Code Root Scanning (ms): Min: 0.0, Avg: 0.0, Max: 0.0, Diff: 0.0, Sum: 0.0]
      [Object Copy (ms): Min: 0.3, Avg: 2.0, Max: 3.1, Diff: 2.8, Sum: 8.2]
      [Termination (ms): Min: 0.0, Avg: 0.6, Max: 0.8, Diff: 0.8, Sum: 2.3]
         [Termination Attempts: Min: 1, Avg: 1.0, Max: 1, Diff: 0, Sum: 4]
      [GC Worker Other (ms): Min: 0.0, Avg: 0.0, Max: 0.0, Diff: 0.0, Sum: 0.1]
      [GC Worker Total (ms): Min: 8.5, Avg: 9.5, Max: 10.4, Diff: 1.9, Sum: 38.1]
      [GC Worker End (ms): Min: 1872976.3, Avg: 1872976.4, Max: 1872976.4, Diff: 0.1]
   [Code Root Fixup: 0.1 ms]
   [Code Root Purge: 0.0 ms]
   [Clear CT: 0.1 ms]
   [Other: 5.5 ms]
      [Choose CSet: 0.0 ms]
      [Ref Proc: 5.2 ms]
      [Ref Enq: 0.0 ms]
      [Redirty Cards: 0.1 ms]
      [Humongous Register: 0.0 ms]
      [Humongous Reclaim: 0.0 ms]
      [Free CSet: 0.0 ms]
   [Eden: 77.0M(77.0M)->0.0B(77.0M) Survivors: 2048.0K->2048.0K Heap: 226.0M(256.0M)->149.5M(256.0M)]
 [Times: user=0.02 sys=0.00, real=0.01 secs] 
2020-04-13T16:14:52.771+0800: 1875.716: [GC pause (G1 Evacuation Pause) (young), 0.0075933 secs]
   [Parallel Time: 6.1 ms, GC Workers: 4]
      [GC Worker Start (ms): Min: 1875716.4, Avg: 1875716.5, Max: 1875716.6, Diff: 0.2]
      [Ext Root Scanning (ms): Min: 0.2, Avg: 0.4, Max: 0.5, Diff: 0.3, Sum: 1.6]
      [Update RS (ms): Min: 1.1, Avg: 1.2, Max: 1.4, Diff: 0.4, Sum: 4.8]
         [Processed Buffers: Min: 3, Avg: 9.0, Max: 26, Diff: 23, Sum: 36]
      [Scan RS (ms): Min: 2.1, Avg: 2.5, Max: 3.2, Diff: 1.2, Sum: 10.0]
      [Code Root Scanning (ms): Min: 0.0, Avg: 0.0, Max: 0.0, Diff: 0.0, Sum: 0.0]
      [Object Copy (ms): Min: 1.1, Avg: 1.9, Max: 2.4, Diff: 1.2, Sum: 7.7]
      [Termination (ms): Min: 0.0, Avg: 0.0, Max: 0.0, Diff: 0.0, Sum: 0.0]
         [Termination Attempts: Min: 1, Avg: 1.0, Max: 1, Diff: 0, Sum: 4]
      [GC Worker Other (ms): Min: 0.0, Avg: 0.0, Max: 0.0, Diff: 0.0, Sum: 0.0]
      [GC Worker Total (ms): Min: 5.9, Avg: 6.0, Max: 6.1, Diff: 0.2, Sum: 24.1]
      [GC Worker End (ms): Min: 1875722.5, Avg: 1875722.5, Max: 1875722.5, Diff: 0.0]
   [Code Root Fixup: 0.0 ms]
   [Code Root Purge: 0.0 ms]
   [Clear CT: 0.1 ms]
   [Other: 1.3 ms]
      [Choose CSet: 0.0 ms]
      [Ref Proc: 1.0 ms]
      [Ref Enq: 0.0 ms]
      [Redirty Cards: 0.1 ms]
      [Humongous Register: 0.0 ms]
      [Humongous Reclaim: 0.0 ms]
      [Free CSet: 0.0 ms]
   [Eden: 77.0M(77.0M)->0.0B(79.0M) Survivors: 2048.0K->1024.0K Heap: 226.5M(256.0M)->149.0M(256.0M)]
 [Times: user=0.02 sys=0.00, real=0.00 secs] 
2020-04-13T16:14:55.100+0800: 1878.045: [GC pause (G1 Evacuation Pause) (young) (initial-mark), 0.0075683 secs]
   [Parallel Time: 6.8 ms, GC Workers: 4]
      [GC Worker Start (ms): Min: 1878045.1, Avg: 1878045.1, Max: 1878045.1, Diff: 0.0]
      [Ext Root Scanning (ms): Min: 1.0, Avg: 1.1, Max: 1.1, Diff: 0.1, Sum: 4.2]
      [Update RS (ms): Min: 1.4, Avg: 1.5, Max: 1.5, Diff: 0.1, Sum: 5.9]
         [Processed Buffers: Min: 4, Avg: 9.5, Max: 23, Diff: 19, Sum: 38]
      [Scan RS (ms): Min: 2.0, Avg: 2.2, Max: 2.6, Diff: 0.5, Sum: 9.0]
      [Code Root Scanning (ms): Min: 0.0, Avg: 0.0, Max: 0.0, Diff: 0.0, Sum: 0.0]
      [Object Copy (ms): Min: 1.6, Avg: 1.9, Max: 2.1, Diff: 0.4, Sum: 7.7]
      [Termination (ms): Min: 0.0, Avg: 0.0, Max: 0.0, Diff: 0.0, Sum: 0.0]
         [Termination Attempts: Min: 1, Avg: 1.0, Max: 1, Diff: 0, Sum: 4]
      [GC Worker Other (ms): Min: 0.0, Avg: 0.0, Max: 0.0, Diff: 0.0, Sum: 0.1]
      [GC Worker Total (ms): Min: 6.7, Avg: 6.7, Max: 6.7, Diff: 0.0, Sum: 26.8]
      [GC Worker End (ms): Min: 1878051.8, Avg: 1878051.8, Max: 1878051.8, Diff: 0.0]
   [Code Root Fixup: 0.1 ms]
   [Code Root Purge: 0.0 ms]
   [Clear CT: 0.1 ms]
   [Other: 0.6 ms]
      [Choose CSet: 0.0 ms]
      [Ref Proc: 0.3 ms]
      [Ref Enq: 0.0 ms]
      [Redirty Cards: 0.0 ms]
      [Humongous Register: 0.0 ms]
      [Humongous Reclaim: 0.0 ms]
      [Free CSet: 0.0 ms]
   [Eden: 79.0M(79.0M)->0.0B(76.0M) Survivors: 1024.0K->2048.0K Heap: 228.0M(256.0M)->149.6M(256.0M)]
 [Times: user=0.03 sys=0.00, real=0.00 secs] 
2020-04-13T16:14:55.108+0800: 1878.053: [GC concurrent-root-region-scan-start]
2020-04-13T16:14:55.112+0800: 1878.057: [GC concurrent-root-region-scan-end, 0.0043789 secs]
2020-04-13T16:14:55.112+0800: 1878.057: [GC concurrent-mark-start]
2020-04-13T16:14:55.142+0800: 1878.087: [GC concurrent-mark-end, 0.0296807 secs]
2020-04-13T16:14:55.142+0800: 1878.087: [GC remark 2020-04-13T16:14:55.142+0800: 1878.087: [Finalize Marking, 0.0001386 secs] 2020-04-13T16:14:55.142+0800: 1878.087: [GC ref-proc, 0.0000773 secs] 2020-04-13T16:14:55.142+0800: 1878.087: [Unloading, 0.0063654 secs], 0.0090624 secs]
 [Times: user=0.02 sys=0.00, real=0.01 secs] 
2020-04-13T16:14:55.151+0800: 1878.096: [GC cleanup 151M->151M(256M), 0.0005009 secs]
 [Times: user=0.00 sys=0.00, real=0.00 secs] 
2020-04-13T16:14:57.773+0800: 1880.718: [GC pause (G1 Evacuation Pause) (young), 0.0095971 secs]
   [Parallel Time: 8.6 ms, GC Workers: 4]
      [GC Worker Start (ms): Min: 1880718.2, Avg: 1880718.2, Max: 1880718.3, Diff: 0.1]
      [Ext Root Scanning (ms): Min: 0.5, Avg: 1.6, Max: 4.7, Diff: 4.2, Sum: 6.3]
      [Update RS (ms): Min: 0.0, Avg: 2.0, Max: 3.5, Diff: 3.5, Sum: 8.2]
         [Processed Buffers: Min: 0, Avg: 9.5, Max: 19, Diff: 19, Sum: 38]
      [Scan RS (ms): Min: 0.3, Avg: 1.2, Max: 2.1, Diff: 1.9, Sum: 4.8]
      [Code Root Scanning (ms): Min: 0.0, Avg: 0.0, Max: 0.0, Diff: 0.0, Sum: 0.0]
      [Object Copy (ms): Min: 3.2, Avg: 3.4, Max: 3.9, Diff: 0.8, Sum: 13.5]
      [Termination (ms): Min: 0.0, Avg: 0.1, Max: 0.1, Diff: 0.1, Sum: 0.3]
         [Termination Attempts: Min: 1, Avg: 1.0, Max: 1, Diff: 0, Sum: 4]
      [GC Worker Other (ms): Min: 0.0, Avg: 0.0, Max: 0.0, Diff: 0.0, Sum: 0.0]
      [GC Worker Total (ms): Min: 8.3, Avg: 8.3, Max: 8.3, Diff: 0.1, Sum: 33.3]
      [GC Worker End (ms): Min: 1880726.5, Avg: 1880726.5, Max: 1880726.5, Diff: 0.0]
   [Code Root Fixup: 0.1 ms]
   [Code Root Purge: 0.0 ms]
   [Clear CT: 0.1 ms]
   [Other: 0.8 ms]
      [Choose CSet: 0.0 ms]
      [Ref Proc: 0.5 ms]
      [Ref Enq: 0.0 ms]
      [Redirty Cards: 0.1 ms]
      [Humongous Register: 0.0 ms]
      [Humongous Reclaim: 0.0 ms]
      [Free CSet: 0.0 ms]
   [Eden: 76.0M(76.0M)->0.0B(11.0M) Survivors: 2048.0K->1024.0K Heap: 225.6M(256.0M)->149.1M(256.0M)]
 [Times: user=0.02 sys=0.00, real=0.01 secs] 
2020-04-13T16:14:58.149+0800: 1881.094: [GC pause (G1 Evacuation Pause) (mixed), 0.0081759 secs]
   [Parallel Time: 7.0 ms, GC Workers: 4]
      [GC Worker Start (ms): Min: 1881093.7, Avg: 1881093.7, Max: 1881093.7, Diff: 0.0]
      [Ext Root Scanning (ms): Min: 0.4, Avg: 0.4, Max: 0.5, Diff: 0.1, Sum: 1.6]
      [Update RS (ms): Min: 1.1, Avg: 1.1, Max: 1.2, Diff: 0.1, Sum: 4.5]
         [Processed Buffers: Min: 3, Avg: 7.5, Max: 14, Diff: 11, Sum: 30]
      [Scan RS (ms): Min: 2.4, Avg: 2.5, Max: 2.5, Diff: 0.1, Sum: 9.9]
      [Code Root Scanning (ms): Min: 0.0, Avg: 0.0, Max: 0.0, Diff: 0.0, Sum: 0.0]
      [Object Copy (ms): Min: 2.7, Avg: 2.9, Max: 3.0, Diff: 0.3, Sum: 11.4]
      [Termination (ms): Min: 0.0, Avg: 0.0, Max: 0.0, Diff: 0.0, Sum: 0.0]
         [Termination Attempts: Min: 1, Avg: 1.5, Max: 2, Diff: 1, Sum: 6]
      [GC Worker Other (ms): Min: 0.0, Avg: 0.1, Max: 0.1, Diff: 0.1, Sum: 0.2]
      [GC Worker Total (ms): Min: 6.9, Avg: 6.9, Max: 7.0, Diff: 0.1, Sum: 27.7]
      [GC Worker End (ms): Min: 1881100.5, Avg: 1881100.6, Max: 1881100.6, Diff: 0.1]
   [Code Root Fixup: 0.1 ms]
   [Code Root Purge: 0.0 ms]
   [Clear CT: 0.1 ms]
   [Other: 1.0 ms]
      [Choose CSet: 0.0 ms]
      [Ref Proc: 0.6 ms]
      [Ref Enq: 0.0 ms]
      [Redirty Cards: 0.1 ms]
      [Humongous Register: 0.0 ms]
      [Humongous Reclaim: 0.0 ms]
      [Free CSet: 0.0 ms]
   [Eden: 11.0M(11.0M)->0.0B(77.0M) Survivors: 1024.0K->2048.0K Heap: 160.1M(256.0M)->148.5M(256.0M)]
 [Times: user=0.02 sys=0.00, real=0.01 secs] 
2020-04-13T16:15:00.491+0800: 1883.436: [GC pause (G1 Evacuation Pause) (young), 0.0101092 secs]
   [Parallel Time: 9.2 ms, GC Workers: 4]
      [GC Worker Start (ms): Min: 1883435.8, Avg: 1883435.9, Max: 1883435.9, Diff: 0.0]
      [Ext Root Scanning (ms): Min: 0.3, Avg: 0.4, Max: 0.5, Diff: 0.2, Sum: 1.6]
      [Update RS (ms): Min: 1.3, Avg: 1.5, Max: 1.6, Diff: 0.3, Sum: 5.9]
         [Processed Buffers: Min: 3, Avg: 9.8, Max: 19, Diff: 16, Sum: 39]
      [Scan RS (ms): Min: 1.5, Avg: 1.6, Max: 1.8, Diff: 0.3, Sum: 6.5]
      [Code Root Scanning (ms): Min: 0.0, Avg: 0.0, Max: 0.0, Diff: 0.0, Sum: 0.0]
      [Object Copy (ms): Min: 2.4, Avg: 2.7, Max: 3.2, Diff: 0.8, Sum: 10.6]
      [Termination (ms): Min: 0.0, Avg: 1.1, Max: 3.1, Diff: 3.1, Sum: 4.5]
         [Termination Attempts: Min: 1, Avg: 1.5, Max: 2, Diff: 1, Sum: 6]
      [GC Worker Other (ms): Min: 0.0, Avg: 0.0, Max: 0.0, Diff: 0.0, Sum: 0.0]
      [GC Worker Total (ms): Min: 6.7, Avg: 7.3, Max: 9.1, Diff: 2.4, Sum: 29.1]
      [GC Worker End (ms): Min: 1883442.5, Avg: 1883443.1, Max: 1883445.0, Diff: 2.4]
   [Code Root Fixup: 0.0 ms]
   [Code Root Purge: 0.0 ms]
   [Clear CT: 0.1 ms]
   [Other: 0.8 ms]
      [Choose CSet: 0.0 ms]
      [Ref Proc: 0.5 ms]
      [Ref Enq: 0.0 ms]
      [Redirty Cards: 0.1 ms]
      [Humongous Register: 0.0 ms]
      [Humongous Reclaim: 0.0 ms]
      [Free CSet: 0.0 ms]
   [Eden: 77.0M(77.0M)->0.0B(77.0M) Survivors: 2048.0K->2048.0K Heap: 225.5M(256.0M)->149.0M(256.0M)]
 [Times: user=0.02 sys=0.00, real=0.01 secs] 
2020-04-13T16:15:03.086+0800: 1886.031: [GC pause (G1 Evacuation Pause) (young) (initial-mark), 0.0240243 secs]
   [Parallel Time: 20.1 ms, GC Workers: 4]
      [GC Worker Start (ms): Min: 1886030.7, Avg: 1886030.7, Max: 1886030.8, Diff: 0.1]
      [Ext Root Scanning (ms): Min: 0.5, Avg: 0.6, Max: 0.7, Diff: 0.1, Sum: 2.5]
      [Update RS (ms): Min: 1.4, Avg: 1.5, Max: 1.7, Diff: 0.3, Sum: 6.0]
         [Processed Buffers: Min: 3, Avg: 9.5, Max: 19, Diff: 16, Sum: 38]
      [Scan RS (ms): Min: 1.6, Avg: 1.9, Max: 2.0, Diff: 0.4, Sum: 7.4]
      [Code Root Scanning (ms): Min: 0.0, Avg: 0.0, Max: 0.0, Diff: 0.0, Sum: 0.0]
      [Object Copy (ms): Min: 3.4, Avg: 4.2, Max: 5.3, Diff: 1.9, Sum: 16.7]
      [Termination (ms): Min: 0.0, Avg: 3.8, Max: 11.7, Diff: 11.7, Sum: 15.2]
         [Termination Attempts: Min: 1, Avg: 1.2, Max: 2, Diff: 1, Sum: 5]
      [GC Worker Other (ms): Min: 0.0, Avg: 0.0, Max: 0.0, Diff: 0.0, Sum: 0.1]
      [GC Worker Total (ms): Min: 9.3, Avg: 12.0, Max: 19.3, Diff: 10.0, Sum: 48.0]
      [GC Worker End (ms): Min: 1886040.0, Avg: 1886042.7, Max: 1886049.9, Diff: 10.0]
   [Code Root Fixup: 0.1 ms]
   [Code Root Purge: 0.0 ms]
   [Clear CT: 0.1 ms]
   [Other: 3.8 ms]
      [Choose CSet: 0.0 ms]
      [Ref Proc: 3.5 ms]
      [Ref Enq: 0.0 ms]
      [Redirty Cards: 0.1 ms]
      [Humongous Register: 0.0 ms]
      [Humongous Reclaim: 0.0 ms]
      [Free CSet: 0.0 ms]
   [Eden: 77.0M(77.0M)->0.0B(79.0M) Survivors: 2048.0K->1024.0K Heap: 226.0M(256.0M)->148.5M(256.0M)]
 [Times: user=0.03 sys=0.00, real=0.03 secs] 
2020-04-13T16:15:03.110+0800: 1886.055: [GC concurrent-root-region-scan-start]
2020-04-13T16:15:03.120+0800: 1886.064: [GC concurrent-root-region-scan-end, 0.0094961 secs]
2020-04-13T16:15:03.120+0800: 1886.064: [GC concurrent-mark-start]
2020-04-13T16:15:03.157+0800: 1886.101: [GC concurrent-mark-end, 0.0370763 secs]
2020-04-13T16:15:03.157+0800: 1886.102: [GC remark 2020-04-13T16:15:03.157+0800: 1886.102: [Finalize Marking, 0.0037005 secs] 2020-04-13T16:15:03.161+0800: 1886.105: [GC ref-proc, 0.0001168 secs] 2020-04-13T16:15:03.161+0800: 1886.106: [Unloading, 0.0079210 secs], 0.0137419 secs]
 [Times: user=0.02 sys=0.01, real=0.02 secs] 
2020-04-13T16:15:03.171+0800: 1886.116: [GC cleanup 150M->150M(256M), 0.0006803 secs]
 [Times: user=0.00 sys=0.00, real=0.00 secs] 
2020-04-13T16:15:05.584+0800: 1888.529: [GC pause (G1 Evacuation Pause) (young), 0.0343572 secs]
   [Parallel Time: 32.7 ms, GC Workers: 4]
      [GC Worker Start (ms): Min: 1888529.1, Avg: 1888536.2, Max: 1888545.7, Diff: 16.6]
      [Ext Root Scanning (ms): Min: 0.0, Avg: 0.5, Max: 1.0, Diff: 1.0, Sum: 2.1]
      [Update RS (ms): Min: 0.0, Avg: 7.2, Max: 13.7, Diff: 13.7, Sum: 28.9]
         [Processed Buffers: Min: 0, Avg: 10.2, Max: 16, Diff: 16, Sum: 41]
      [Scan RS (ms): Min: 1.1, Avg: 8.9, Max: 15.9, Diff: 14.8, Sum: 35.7]
      [Code Root Scanning (ms): Min: 0.0, Avg: 0.0, Max: 0.0, Diff: 0.0, Sum: 0.0]
      [Object Copy (ms): Min: 0.1, Avg: 5.5, Max: 10.8, Diff: 10.7, Sum: 22.1]
      [Termination (ms): Min: 0.1, Avg: 1.6, Max: 4.1, Diff: 4.0, Sum: 6.3]
         [Termination Attempts: Min: 1, Avg: 1.2, Max: 2, Diff: 1, Sum: 5]
      [GC Worker Other (ms): Min: 0.0, Avg: 0.0, Max: 0.0, Diff: 0.0, Sum: 0.1]
      [GC Worker Total (ms): Min: 16.0, Avg: 23.8, Max: 30.3, Diff: 14.3, Sum: 95.2]
      [GC Worker End (ms): Min: 1888559.4, Avg: 1888560.0, Max: 1888561.7, Diff: 2.3]
   [Code Root Fixup: 0.0 ms]
   [Code Root Purge: 0.0 ms]
   [Clear CT: 0.1 ms]
   [Other: 1.6 ms]
      [Choose CSet: 0.0 ms]
      [Ref Proc: 1.1 ms]
      [Ref Enq: 0.0 ms]
      [Redirty Cards: 0.3 ms]
      [Humongous Register: 0.0 ms]
      [Humongous Reclaim: 0.0 ms]
      [Free CSet: 0.0 ms]
   [Eden: 79.0M(79.0M)->0.0B(10.0M) Survivors: 1024.0K->2048.0K Heap: 227.5M(256.0M)->149.3M(256.0M)]
 [Times: user=0.04 sys=0.00, real=0.03 secs] 
2020-04-13T16:15:05.972+0800: 1888.917: [GC pause (G1 Evacuation Pause) (young), 0.0065959 secs]
   [Parallel Time: 5.8 ms, GC Workers: 4]
      [GC Worker Start (ms): Min: 1888917.2, Avg: 1888917.2, Max: 1888917.2, Diff: 0.0]
      [Ext Root Scanning (ms): Min: 0.3, Avg: 0.4, Max: 0.5, Diff: 0.1, Sum: 1.6]
      [Update RS (ms): Min: 1.2, Avg: 1.2, Max: 1.2, Diff: 0.0, Sum: 4.9]
         [Processed Buffers: Min: 4, Avg: 7.8, Max: 13, Diff: 9, Sum: 31]
      [Scan RS (ms): Min: 1.9, Avg: 2.4, Max: 3.7, Diff: 1.8, Sum: 9.5]
      [Code Root Scanning (ms): Min: 0.0, Avg: 0.0, Max: 0.0, Diff: 0.0, Sum: 0.0]
      [Object Copy (ms): Min: 0.3, Avg: 1.7, Max: 2.2, Diff: 1.9, Sum: 6.7]
      [Termination (ms): Min: 0.0, Avg: 0.0, Max: 0.0, Diff: 0.0, Sum: 0.0]
         [Termination Attempts: Min: 1, Avg: 1.0, Max: 1, Diff: 0, Sum: 4]
      [GC Worker Other (ms): Min: 0.0, Avg: 0.0, Max: 0.0, Diff: 0.0, Sum: 0.1]
      [GC Worker Total (ms): Min: 5.7, Avg: 5.7, Max: 5.7, Diff: 0.0, Sum: 22.7]
      [GC Worker End (ms): Min: 1888922.9, Avg: 1888922.9, Max: 1888922.9, Diff: 0.0]
   [Code Root Fixup: 0.0 ms]
   [Code Root Purge: 0.0 ms]
   [Clear CT: 0.1 ms]
   [Other: 0.7 ms]
      [Choose CSet: 0.0 ms]
      [Ref Proc: 0.4 ms]
      [Ref Enq: 0.0 ms]
      [Redirty Cards: 0.1 ms]
      [Humongous Register: 0.0 ms]
      [Humongous Reclaim: 0.0 ms]
      [Free CSet: 0.0 ms]
   [Eden: 10.0M(10.0M)->0.0B(79.0M) Survivors: 2048.0K->1024.0K Heap: 159.3M(256.0M)->148.6M(256.0M)]
 [Times: user=0.03 sys=0.01, real=0.00 secs] 
2020-04-13T16:15:08.571+0800: 1891.515: [GC pause (G1 Evacuation Pause) (young) (initial-mark), 0.0171343 secs]
   [Parallel Time: 6.6 ms, GC Workers: 4]
      [GC Worker Start (ms): Min: 1891515.4, Avg: 1891515.5, Max: 1891515.5, Diff: 0.1]
      [Ext Root Scanning (ms): Min: 0.6, Avg: 0.6, Max: 0.7, Diff: 0.1, Sum: 2.5]
      [Update RS (ms): Min: 1.5, Avg: 1.6, Max: 1.6, Diff: 0.2, Sum: 6.2]
         [Processed Buffers: Min: 3, Avg: 9.8, Max: 27, Diff: 24, Sum: 39]
      [Scan RS (ms): Min: 1.4, Avg: 1.5, Max: 1.5, Diff: 0.1, Sum: 5.8]
      [Code Root Scanning (ms): Min: 0.0, Avg: 0.0, Max: 0.0, Diff: 0.0, Sum: 0.0]
      [Object Copy (ms): Min: 2.7, Avg: 2.8, Max: 2.8, Diff: 0.1, Sum: 11.1]
      [Termination (ms): Min: 0.0, Avg: 0.0, Max: 0.1, Diff: 0.1, Sum: 0.2]
         [Termination Attempts: Min: 1, Avg: 2.8, Max: 5, Diff: 4, Sum: 11]
      [GC Worker Other (ms): Min: 0.0, Avg: 0.0, Max: 0.0, Diff: 0.0, Sum: 0.0]
      [GC Worker Total (ms): Min: 6.4, Avg: 6.5, Max: 6.5, Diff: 0.1, Sum: 25.8]
      [GC Worker End (ms): Min: 1891521.9, Avg: 1891521.9, Max: 1891521.9, Diff: 0.0]
   [Code Root Fixup: 0.0 ms]
   [Code Root Purge: 0.0 ms]
   [Clear CT: 0.2 ms]
   [Other: 10.3 ms]
      [Choose CSet: 0.0 ms]
      [Ref Proc: 9.9 ms]
      [Ref Enq: 0.0 ms]
      [Redirty Cards: 0.2 ms]
      [Humongous Register: 0.0 ms]
      [Humongous Reclaim: 0.0 ms]
      [Free CSet: 0.1 ms]
   [Eden: 79.0M(79.0M)->0.0B(77.0M) Survivors: 1024.0K->2048.0K Heap: 227.6M(256.0M)->149.1M(256.0M)]
 [Times: user=0.03 sys=0.00, real=0.01 secs] 
2020-04-13T16:15:08.588+0800: 1891.533: [GC concurrent-root-region-scan-start]
2020-04-13T16:15:08.593+0800: 1891.538: [GC concurrent-root-region-scan-end, 0.0050667 secs]
2020-04-13T16:15:08.593+0800: 1891.538: [GC concurrent-mark-start]
2020-04-13T16:15:08.621+0800: 1891.566: [GC concurrent-mark-end, 0.0277475 secs]
2020-04-13T16:15:08.621+0800: 1891.566: [GC remark 2020-04-13T16:15:08.621+0800: 1891.566: [Finalize Marking, 0.0005357 secs] 2020-04-13T16:15:08.622+0800: 1891.567: [GC ref-proc, 0.0001155 secs] 2020-04-13T16:15:08.622+0800: 1891.567: [Unloading, 0.0050061 secs], 0.0078055 secs]
 [Times: user=0.02 sys=0.00, real=0.00 secs] 
2020-04-13T16:15:08.629+0800: 1891.574: [GC cleanup 150M->150M(256M), 0.0003856 secs]
 [Times: user=0.00 sys=0.00, real=0.01 secs] 
2020-04-13T16:15:11.379+0800: 1894.324: [GC pause (G1 Evacuation Pause) (young), 0.0184512 secs]
   [Parallel Time: 12.0 ms, GC Workers: 4]
      [GC Worker Start (ms): Min: 1894323.7, Avg: 1894326.9, Max: 1894333.9, Diff: 10.2]
      [Ext Root Scanning (ms): Min: 0.0, Avg: 0.5, Max: 1.2, Diff: 1.1, Sum: 1.8]
      [Update RS (ms): Min: 0.0, Avg: 1.8, Max: 2.8, Diff: 2.8, Sum: 7.0]
         [Processed Buffers: Min: 0, Avg: 9.2, Max: 26, Diff: 26, Sum: 37]
      [Scan RS (ms): Min: 0.0, Avg: 3.0, Max: 4.4, Diff: 4.4, Sum: 11.9]
      [Code Root Scanning (ms): Min: 0.0, Avg: 0.0, Max: 0.0, Diff: 0.0, Sum: 0.0]
      [Object Copy (ms): Min: 1.8, Avg: 3.6, Max: 4.4, Diff: 2.6, Sum: 14.5]
      [Termination (ms): Min: 0.0, Avg: 0.0, Max: 0.0, Diff: 0.0, Sum: 0.0]
         [Termination Attempts: Min: 1, Avg: 2.0, Max: 4, Diff: 3, Sum: 8]
      [GC Worker Other (ms): Min: 0.0, Avg: 0.0, Max: 0.0, Diff: 0.0, Sum: 0.1]
      [GC Worker Total (ms): Min: 1.8, Avg: 8.8, Max: 12.0, Diff: 10.2, Sum: 35.3]
      [GC Worker End (ms): Min: 1894335.7, Avg: 1894335.7, Max: 1894335.7, Diff: 0.0]
   [Code Root Fixup: 0.0 ms]
   [Code Root Purge: 0.0 ms]
   [Clear CT: 0.1 ms]
   [Other: 6.3 ms]
      [Choose CSet: 0.0 ms]
      [Ref Proc: 6.0 ms]
      [Ref Enq: 0.0 ms]
      [Redirty Cards: 0.1 ms]
      [Humongous Register: 0.0 ms]
      [Humongous Reclaim: 0.0 ms]
      [Free CSet: 0.0 ms]
   [Eden: 77.0M(77.0M)->0.0B(77.0M) Survivors: 2048.0K->2048.0K Heap: 226.1M(256.0M)->149.2M(256.0M)]
 [Times: user=0.02 sys=0.01, real=0.02 secs] 
2020-04-13T16:15:15.321+0800: 1898.266: [GC pause (G1 Evacuation Pause) (young), 0.0087865 secs]
   [Parallel Time: 8.2 ms, GC Workers: 4]
      [GC Worker Start (ms): Min: 1898266.3, Avg: 1898266.9, Max: 1898267.9, Diff: 1.7]
      [Ext Root Scanning (ms): Min: 0.0, Avg: 0.4, Max: 0.7, Diff: 0.7, Sum: 1.5]
      [Update RS (ms): Min: 1.5, Avg: 2.3, Max: 3.2, Diff: 1.7, Sum: 9.2]
         [Processed Buffers: Min: 4, Avg: 10.0, Max: 24, Diff: 20, Sum: 40]
      [Scan RS (ms): Min: 1.0, Avg: 1.6, Max: 1.8, Diff: 0.9, Sum: 6.3]
      [Code Root Scanning (ms): Min: 0.0, Avg: 0.0, Max: 0.0, Diff: 0.0, Sum: 0.0]
      [Object Copy (ms): Min: 2.4, Avg: 2.5, Max: 2.6, Diff: 0.3, Sum: 9.9]
      [Termination (ms): Min: 0.0, Avg: 0.4, Max: 0.6, Diff: 0.6, Sum: 1.6]
         [Termination Attempts: Min: 1, Avg: 1.0, Max: 1, Diff: 0, Sum: 4]
      [GC Worker Other (ms): Min: 0.0, Avg: 0.0, Max: 0.0, Diff: 0.0, Sum: 0.1]
      [GC Worker Total (ms): Min: 6.2, Avg: 7.1, Max: 7.8, Diff: 1.6, Sum: 28.5]
      [GC Worker End (ms): Min: 1898273.9, Avg: 1898274.1, Max: 1898274.1, Diff: 0.2]
   [Code Root Fixup: 0.1 ms]
   [Code Root Purge: 0.0 ms]
   [Clear CT: 0.1 ms]
   [Other: 0.5 ms]
      [Choose CSet: 0.0 ms]
      [Ref Proc: 0.2 ms]
      [Ref Enq: 0.0 ms]
      [Redirty Cards: 0.1 ms]
      [Humongous Register: 0.0 ms]
      [Humongous Reclaim: 0.0 ms]
      [Free CSet: 0.0 ms]
   [Eden: 77.0M(77.0M)->0.0B(77.0M) Survivors: 2048.0K->2048.0K Heap: 226.2M(256.0M)->149.0M(256.0M)]
 [Times: user=0.03 sys=0.00, real=0.01 secs] 
2020-04-13T16:15:18.359+0800: 1901.304: [GC pause (G1 Evacuation Pause) (young) (initial-mark), 0.0091638 secs]
   [Parallel Time: 8.4 ms, GC Workers: 4]
      [GC Worker Start (ms): Min: 1901304.0, Avg: 1901304.1, Max: 1901304.2, Diff: 0.2]
      [Ext Root Scanning (ms): Min: 1.5, Avg: 1.6, Max: 1.7, Diff: 0.3, Sum: 6.3]
      [Update RS (ms): Min: 2.4, Avg: 2.8, Max: 4.0, Diff: 1.7, Sum: 11.2]
         [Processed Buffers: Min: 0, Avg: 9.8, Max: 30, Diff: 30, Sum: 39]
      [Scan RS (ms): Min: 0.4, Avg: 1.8, Max: 2.4, Diff: 2.0, Sum: 7.1]
      [Code Root Scanning (ms): Min: 0.0, Avg: 0.0, Max: 0.0, Diff: 0.0, Sum: 0.0]
      [Object Copy (ms): Min: 1.8, Avg: 2.1, Max: 2.2, Diff: 0.4, Sum: 8.2]
      [Termination (ms): Min: 0.0, Avg: 0.0, Max: 0.0, Diff: 0.0, Sum: 0.0]
         [Termination Attempts: Min: 1, Avg: 1.0, Max: 1, Diff: 0, Sum: 4]
      [GC Worker Other (ms): Min: 0.0, Avg: 0.0, Max: 0.0, Diff: 0.0, Sum: 0.1]
      [GC Worker Total (ms): Min: 8.1, Avg: 8.3, Max: 8.3, Diff: 0.2, Sum: 33.0]
      [GC Worker End (ms): Min: 1901312.4, Avg: 1901312.4, Max: 1901312.4, Diff: 0.0]
   [Code Root Fixup: 0.0 ms]
   [Code Root Purge: 0.0 ms]
   [Clear CT: 0.1 ms]
   [Other: 0.6 ms]
      [Choose CSet: 0.0 ms]
      [Ref Proc: 0.3 ms]
      [Ref Enq: 0.0 ms]
      [Redirty Cards: 0.1 ms]
      [Humongous Register: 0.0 ms]
      [Humongous Reclaim: 0.0 ms]
      [Free CSet: 0.0 ms]
   [Eden: 77.0M(77.0M)->0.0B(76.0M) Survivors: 2048.0K->2048.0K Heap: 226.0M(256.0M)->149.4M(256.0M)]
 [Times: user=0.02 sys=0.00, real=0.01 secs] 
2020-04-13T16:15:18.369+0800: 1901.313: [GC concurrent-root-region-scan-start]
2020-04-13T16:15:18.373+0800: 1901.318: [GC concurrent-root-region-scan-end, 0.0044071 secs]
2020-04-13T16:15:18.373+0800: 1901.318: [GC concurrent-mark-start]
2020-04-13T16:15:18.411+0800: 1901.355: [GC concurrent-mark-end, 0.0376510 secs]
2020-04-13T16:15:18.411+0800: 1901.356: [GC remark 2020-04-13T16:15:18.411+0800: 1901.356: [Finalize Marking, 0.0017637 secs] 2020-04-13T16:15:18.413+0800: 1901.358: [GC ref-proc, 0.0000878 secs] 2020-04-13T16:15:18.413+0800: 1901.358: [Unloading, 0.0176304 secs], 0.0217595 secs]
 [Times: user=0.03 sys=0.00, real=0.02 secs] 
2020-04-13T16:15:18.433+0800: 1901.378: [GC cleanup 150M->150M(256M), 0.0003775 secs]
 [Times: user=0.00 sys=0.00, real=0.00 secs] 
2020-04-13T16:15:20.635+0800: 1903.579: [GC pause (G1 Evacuation Pause) (young), 0.0071573 secs]
   [Parallel Time: 5.8 ms, GC Workers: 4]
      [GC Worker Start (ms): Min: 1903579.6, Avg: 1903579.6, Max: 1903579.6, Diff: 0.0]
      [Ext Root Scanning (ms): Min: 0.4, Avg: 0.5, Max: 0.6, Diff: 0.3, Sum: 1.8]
      [Update RS (ms): Min: 1.3, Avg: 1.6, Max: 1.8, Diff: 0.5, Sum: 6.3]
         [Processed Buffers: Min: 3, Avg: 7.8, Max: 13, Diff: 10, Sum: 31]
      [Scan RS (ms): Min: 1.6, Avg: 1.7, Max: 1.7, Diff: 0.1, Sum: 6.7]
      [Code Root Scanning (ms): Min: 0.0, Avg: 0.0, Max: 0.0, Diff: 0.0, Sum: 0.0]
      [Object Copy (ms): Min: 1.8, Avg: 2.0, Max: 2.4, Diff: 0.6, Sum: 8.1]
      [Termination (ms): Min: 0.0, Avg: 0.0, Max: 0.0, Diff: 0.0, Sum: 0.0]
         [Termination Attempts: Min: 1, Avg: 1.0, Max: 1, Diff: 0, Sum: 4]
      [GC Worker Other (ms): Min: 0.0, Avg: 0.0, Max: 0.0, Diff: 0.0, Sum: 0.1]
      [GC Worker Total (ms): Min: 5.7, Avg: 5.7, Max: 5.8, Diff: 0.0, Sum: 23.0]
      [GC Worker End (ms): Min: 1903585.3, Avg: 1903585.3, Max: 1903585.3, Diff: 0.0]
   [Code Root Fixup: 0.0 ms]
   [Code Root Purge: 0.0 ms]
   [Clear CT: 0.1 ms]
   [Other: 1.2 ms]
      [Choose CSet: 0.0 ms]
      [Ref Proc: 1.0 ms]
      [Ref Enq: 0.0 ms]
      [Redirty Cards: 0.1 ms]
      [Humongous Register: 0.0 ms]
      [Humongous Reclaim: 0.0 ms]
      [Free CSet: 0.0 ms]
   [Eden: 76.0M(76.0M)->0.0B(10.0M) Survivors: 2048.0K->2048.0K Heap: 225.4M(256.0M)->149.9M(256.0M)]
 [Times: user=0.02 sys=0.00, real=0.01 secs] 
2020-04-13T16:15:20.890+0800: 1903.834: [GC pause (G1 Evacuation Pause) (mixed), 0.0161812 secs]
   [Parallel Time: 14.4 ms, GC Workers: 4]
      [GC Worker Start (ms): Min: 1903834.3, Avg: 1903834.8, Max: 1903835.4, Diff: 1.1]
      [Ext Root Scanning (ms): Min: 0.0, Avg: 0.4, Max: 0.8, Diff: 0.8, Sum: 1.6]
      [Update RS (ms): Min: 1.0, Avg: 1.1, Max: 1.1, Diff: 0.2, Sum: 4.3]
         [Processed Buffers: Min: 4, Avg: 5.2, Max: 8, Diff: 4, Sum: 21]
      [Scan RS (ms): Min: 2.5, Avg: 2.7, Max: 3.4, Diff: 1.0, Sum: 10.9]
      [Code Root Scanning (ms): Min: 0.0, Avg: 0.0, Max: 0.0, Diff: 0.0, Sum: 0.0]
      [Object Copy (ms): Min: 1.7, Avg: 2.5, Max: 3.3, Diff: 1.6, Sum: 10.0]
      [Termination (ms): Min: 0.0, Avg: 2.1, Max: 7.1, Diff: 7.1, Sum: 8.5]
         [Termination Attempts: Min: 1, Avg: 1.0, Max: 1, Diff: 0, Sum: 4]
      [GC Worker Other (ms): Min: 0.0, Avg: 0.0, Max: 0.0, Diff: 0.0, Sum: 0.1]
      [GC Worker Total (ms): Min: 6.7, Avg: 8.9, Max: 14.1, Diff: 7.4, Sum: 35.5]
      [GC Worker End (ms): Min: 1903842.1, Avg: 1903843.7, Max: 1903848.5, Diff: 6.4]
   [Code Root Fixup: 0.0 ms]
   [Code Root Purge: 0.0 ms]
   [Clear CT: 0.1 ms]
   [Other: 1.6 ms]
      [Choose CSet: 0.0 ms]
      [Ref Proc: 1.3 ms]
      [Ref Enq: 0.0 ms]
      [Redirty Cards: 0.1 ms]
      [Humongous Register: 0.0 ms]
      [Humongous Reclaim: 0.0 ms]
      [Free CSet: 0.0 ms]
   [Eden: 10.0M(10.0M)->0.0B(79.0M) Survivors: 2048.0K->1024.0K Heap: 159.9M(256.0M)->148.1M(256.0M)]
 [Times: user=0.03 sys=0.00, real=0.01 secs] 
2020-04-13T16:15:23.637+0800: 1906.582: [GC pause (G1 Evacuation Pause) (young), 0.0110438 secs]
   [Parallel Time: 8.2 ms, GC Workers: 4]
      [GC Worker Start (ms): Min: 1906582.0, Avg: 1906582.1, Max: 1906582.1, Diff: 0.1]
      [Ext Root Scanning (ms): Min: 0.3, Avg: 0.4, Max: 0.7, Diff: 0.4, Sum: 1.8]
      [Update RS (ms): Min: 1.7, Avg: 2.7, Max: 5.0, Diff: 3.3, Sum: 10.8]
         [Processed Buffers: Min: 4, Avg: 7.8, Max: 11, Diff: 7, Sum: 31]
      [Scan RS (ms): Min: 0.0, Avg: 1.5, Max: 2.0, Diff: 2.0, Sum: 5.9]
      [Code Root Scanning (ms): Min: 0.0, Avg: 0.0, Max: 0.0, Diff: 0.0, Sum: 0.0]
      [Object Copy (ms): Min: 1.3, Avg: 2.3, Max: 3.4, Diff: 2.1, Sum: 9.2]
      [Termination (ms): Min: 0.0, Avg: 0.9, Max: 1.2, Diff: 1.2, Sum: 3.5]
         [Termination Attempts: Min: 1, Avg: 1.0, Max: 1, Diff: 0, Sum: 4]
      [GC Worker Other (ms): Min: 0.0, Avg: 0.0, Max: 0.0, Diff: 0.0, Sum: 0.0]
      [GC Worker Total (ms): Min: 7.8, Avg: 7.8, Max: 7.9, Diff: 0.1, Sum: 31.2]
      [GC Worker End (ms): Min: 1906589.8, Avg: 1906589.9, Max: 1906590.0, Diff: 0.2]
   [Code Root Fixup: 0.0 ms]
   [Code Root Purge: 0.0 ms]
   [Clear CT: 0.1 ms]
   [Other: 2.7 ms]
      [Choose CSet: 0.0 ms]
      [Ref Proc: 2.4 ms]
      [Ref Enq: 0.0 ms]
      [Redirty Cards: 0.1 ms]
      [Humongous Register: 0.0 ms]
      [Humongous Reclaim: 0.0 ms]
      [Free CSet: 0.0 ms]
   [Eden: 79.0M(79.0M)->0.0B(77.0M) Survivors: 1024.0K->2048.0K Heap: 227.1M(256.0M)->148.6M(256.0M)]
 [Times: user=0.03 sys=0.00, real=0.02 secs] 
2020-04-13T16:15:26.333+0800: 1909.277: [GC pause (G1 Evacuation Pause) (young) (initial-mark), 0.0160353 secs]
   [Parallel Time: 14.7 ms, GC Workers: 4]
      [GC Worker Start (ms): Min: 1909277.5, Avg: 1909277.7, Max: 1909278.4, Diff: 0.9]
      [Ext Root Scanning (ms): Min: 0.0, Avg: 1.0, Max: 2.0, Diff: 2.0, Sum: 3.9]
      [Update RS (ms): Min: 1.4, Avg: 2.1, Max: 2.6, Diff: 1.2, Sum: 8.4]
         [Processed Buffers: Min: 2, Avg: 7.8, Max: 23, Diff: 21, Sum: 31]
      [Scan RS (ms): Min: 7.1, Avg: 7.7, Max: 8.6, Diff: 1.5, Sum: 30.6]
      [Code Root Scanning (ms): Min: 0.0, Avg: 0.0, Max: 0.0, Diff: 0.0, Sum: 0.0]
      [Object Copy (ms): Min: 2.7, Avg: 3.5, Max: 3.9, Diff: 1.2, Sum: 13.9]
      [Termination (ms): Min: 0.0, Avg: 0.0, Max: 0.0, Diff: 0.0, Sum: 0.0]
         [Termination Attempts: Min: 1, Avg: 1.0, Max: 1, Diff: 0, Sum: 4]
      [GC Worker Other (ms): Min: 0.0, Avg: 0.0, Max: 0.0, Diff: 0.0, Sum: 0.1]
      [GC Worker Total (ms): Min: 13.5, Avg: 14.2, Max: 14.5, Diff: 0.9, Sum: 56.9]
      [GC Worker End (ms): Min: 1909291.9, Avg: 1909291.9, Max: 1909291.9, Diff: 0.0]
   [Code Root Fixup: 0.3 ms]
   [Code Root Purge: 0.0 ms]
   [Clear CT: 0.1 ms]
   [Other: 0.9 ms]
      [Choose CSet: 0.0 ms]
      [Ref Proc: 0.6 ms]
      [Ref Enq: 0.0 ms]
      [Redirty Cards: 0.1 ms]
      [Humongous Register: 0.0 ms]
      [Humongous Reclaim: 0.0 ms]
      [Free CSet: 0.0 ms]
   [Eden: 77.0M(77.0M)->0.0B(77.0M) Survivors: 2048.0K->2048.0K Heap: 225.6M(256.0M)->148.8M(256.0M)]
 [Times: user=0.03 sys=0.00, real=0.01 secs] 
2020-04-13T16:15:26.349+0800: 1909.294: [GC concurrent-root-region-scan-start]
2020-04-13T16:15:26.354+0800: 1909.299: [GC concurrent-root-region-scan-end, 0.0050030 secs]
2020-04-13T16:15:26.354+0800: 1909.299: [GC concurrent-mark-start]
2020-04-13T16:15:26.385+0800: 1909.329: [GC concurrent-mark-end, 0.0307304 secs]
2020-04-13T16:15:26.385+0800: 1909.330: [GC remark 2020-04-13T16:15:26.385+0800: 1909.330: [Finalize Marking, 0.0022532 secs] 2020-04-13T16:15:26.387+0800: 1909.332: [GC ref-proc, 0.0000852 secs] 2020-04-13T16:15:26.388+0800: 1909.332: [Unloading, 0.0046326 secs], 0.0085263 secs]
 [Times: user=0.02 sys=0.00, real=0.01 secs] 
2020-04-13T16:15:26.394+0800: 1909.338: [GC cleanup 150M->150M(256M), 0.0003997 secs]
 [Times: user=0.01 sys=0.00, real=0.00 secs] 
2020-04-13T16:15:28.390+0800: 1911.335: [GC pause (G1 Evacuation Pause) (young), 0.0240992 secs]
   [Parallel Time: 16.8 ms, GC Workers: 4]
      [GC Worker Start (ms): Min: 1911335.1, Avg: 1911335.1, Max: 1911335.1, Diff: 0.1]
      [Ext Root Scanning (ms): Min: 0.4, Avg: 0.5, Max: 0.8, Diff: 0.4, Sum: 2.0]
      [Update RS (ms): Min: 1.1, Avg: 1.2, Max: 1.3, Diff: 0.2, Sum: 4.8]
         [Processed Buffers: Min: 2, Avg: 9.0, Max: 17, Diff: 15, Sum: 36]
      [Scan RS (ms): Min: 1.7, Avg: 1.8, Max: 1.8, Diff: 0.1, Sum: 7.2]
      [Code Root Scanning (ms): Min: 0.0, Avg: 0.0, Max: 0.0, Diff: 0.0, Sum: 0.0]
      [Object Copy (ms): Min: 2.0, Avg: 2.2, Max: 2.8, Diff: 0.8, Sum: 8.8]
      [Termination (ms): Min: 0.0, Avg: 3.1, Max: 11.1, Diff: 11.1, Sum: 12.5]
         [Termination Attempts: Min: 1, Avg: 1.0, Max: 1, Diff: 0, Sum: 4]
      [GC Worker Other (ms): Min: 0.0, Avg: 0.0, Max: 0.0, Diff: 0.0, Sum: 0.1]
      [GC Worker Total (ms): Min: 6.2, Avg: 8.8, Max: 16.7, Diff: 10.5, Sum: 35.3]
      [GC Worker End (ms): Min: 1911341.3, Avg: 1911343.9, Max: 1911351.8, Diff: 10.5]
   [Code Root Fixup: 0.1 ms]
   [Code Root Purge: 0.0 ms]
   [Clear CT: 0.1 ms]
   [Other: 7.1 ms]
      [Choose CSet: 0.0 ms]
      [Ref Proc: 6.7 ms]
      [Ref Enq: 0.0 ms]
      [Redirty Cards: 0.1 ms]
      [Humongous Register: 0.0 ms]
      [Humongous Reclaim: 0.0 ms]
      [Free CSet: 0.0 ms]
   [Eden: 77.0M(77.0M)->0.0B(79.0M) Survivors: 2048.0K->1024.0K Heap: 225.8M(256.0M)->148.4M(256.0M)]
 [Times: user=0.03 sys=0.00, real=0.02 secs] 
2020-04-13T16:15:30.821+0800: 1913.765: [GC pause (G1 Evacuation Pause) (young), 0.0181685 secs]
   [Parallel Time: 16.7 ms, GC Workers: 4]
      [GC Worker Start (ms): Min: 1913765.3, Avg: 1913765.3, Max: 1913765.3, Diff: 0.0]
      [Ext Root Scanning (ms): Min: 0.3, Avg: 0.4, Max: 0.6, Diff: 0.2, Sum: 1.7]
      [Update RS (ms): Min: 1.4, Avg: 1.5, Max: 1.6, Diff: 0.2, Sum: 5.8]
         [Processed Buffers: Min: 3, Avg: 9.2, Max: 26, Diff: 23, Sum: 37]
      [Scan RS (ms): Min: 1.5, Avg: 1.7, Max: 1.9, Diff: 0.3, Sum: 6.6]
      [Code Root Scanning (ms): Min: 0.0, Avg: 0.0, Max: 0.0, Diff: 0.0, Sum: 0.0]
      [Object Copy (ms): Min: 3.1, Avg: 3.7, Max: 4.4, Diff: 1.3, Sum: 14.6]
      [Termination (ms): Min: 0.0, Avg: 5.0, Max: 9.7, Diff: 9.7, Sum: 20.1]
         [Termination Attempts: Min: 1, Avg: 1.2, Max: 2, Diff: 1, Sum: 5]
      [GC Worker Other (ms): Min: 0.0, Avg: 0.0, Max: 0.0, Diff: 0.0, Sum: 0.1]
      [GC Worker Total (ms): Min: 7.8, Avg: 12.2, Max: 16.6, Diff: 8.9, Sum: 48.9]
      [GC Worker End (ms): Min: 1913773.0, Avg: 1913777.5, Max: 1913781.9, Diff: 8.9]
   [Code Root Fixup: 0.0 ms]
   [Code Root Purge: 0.0 ms]
   [Clear CT: 0.1 ms]
   [Other: 1.3 ms]
      [Choose CSet: 0.0 ms]
      [Ref Proc: 0.9 ms]
      [Ref Enq: 0.0 ms]
      [Redirty Cards: 0.2 ms]
      [Humongous Register: 0.0 ms]
      [Humongous Reclaim: 0.0 ms]
      [Free CSet: 0.0 ms]
   [Eden: 79.0M(79.0M)->0.0B(77.0M) Survivors: 1024.0K->2048.0K Heap: 227.4M(256.0M)->148.9M(256.0M)]
 [Times: user=0.03 sys=0.00, real=0.01 secs] 
2020-04-13T16:15:33.369+0800: 1916.313: [GC pause (G1 Evacuation Pause) (young) (initial-mark), 0.0062208 secs]
   [Parallel Time: 5.7 ms, GC Workers: 4]
      [GC Worker Start (ms): Min: 1916313.5, Avg: 1916313.5, Max: 1916313.5, Diff: 0.0]
      [Ext Root Scanning (ms): Min: 0.7, Avg: 0.7, Max: 0.7, Diff: 0.0, Sum: 2.7]
      [Update RS (ms): Min: 1.4, Avg: 1.6, Max: 1.7, Diff: 0.3, Sum: 6.2]
         [Processed Buffers: Min: 3, Avg: 9.5, Max: 18, Diff: 15, Sum: 38]
      [Scan RS (ms): Min: 1.5, Avg: 1.6, Max: 1.7, Diff: 0.2, Sum: 6.4]
      [Code Root Scanning (ms): Min: 0.0, Avg: 0.0, Max: 0.0, Diff: 0.0, Sum: 0.0]
      [Object Copy (ms): Min: 1.7, Avg: 1.8, Max: 1.8, Diff: 0.1, Sum: 7.1]
      [Termination (ms): Min: 0.0, Avg: 0.0, Max: 0.0, Diff: 0.0, Sum: 0.0]
         [Termination Attempts: Min: 1, Avg: 1.0, Max: 1, Diff: 0, Sum: 4]
      [GC Worker Other (ms): Min: 0.0, Avg: 0.0, Max: 0.0, Diff: 0.0, Sum: 0.1]
      [GC Worker Total (ms): Min: 5.6, Avg: 5.6, Max: 5.6, Diff: 0.0, Sum: 22.5]
      [GC Worker End (ms): Min: 1916319.1, Avg: 1916319.1, Max: 1916319.1, Diff: 0.0]
   [Code Root Fixup: 0.1 ms]
   [Code Root Purge: 0.0 ms]
   [Clear CT: 0.0 ms]
   [Other: 0.4 ms]
      [Choose CSet: 0.0 ms]
      [Ref Proc: 0.1 ms]
      [Ref Enq: 0.0 ms]
      [Redirty Cards: 0.1 ms]
      [Humongous Register: 0.0 ms]
      [Humongous Reclaim: 0.0 ms]
      [Free CSet: 0.0 ms]
   [Eden: 77.0M(77.0M)->0.0B(77.0M) Survivors: 2048.0K->2048.0K Heap: 225.9M(256.0M)->149.2M(256.0M)]
 [Times: user=0.02 sys=0.00, real=0.01 secs] 
2020-04-13T16:15:33.375+0800: 1916.320: [GC concurrent-root-region-scan-start]
2020-04-13T16:15:33.381+0800: 1916.325: [GC concurrent-root-region-scan-end, 0.0054174 secs]
2020-04-13T16:15:33.381+0800: 1916.325: [GC concurrent-mark-start]
2020-04-13T16:15:33.422+0800: 1916.366: [GC concurrent-mark-end, 0.0412316 secs]
2020-04-13T16:15:33.422+0800: 1916.367: [GC remark 2020-04-13T16:15:33.422+0800: 1916.367: [Finalize Marking, 0.0003078 secs] 2020-04-13T16:15:33.423+0800: 1916.367: [GC ref-proc, 0.0000792 secs] 2020-04-13T16:15:33.423+0800: 1916.367: [Unloading, 0.0053552 secs], 0.0077915 secs]
 [Times: user=0.02 sys=0.00, real=0.01 secs] 
2020-04-13T16:15:33.430+0800: 1916.375: [GC cleanup 150M->150M(256M), 0.0003912 secs]
 [Times: user=0.00 sys=0.00, real=0.00 secs] 
2020-04-13T16:15:35.779+0800: 1918.724: [GC pause (G1 Evacuation Pause) (young), 0.0151936 secs]
   [Parallel Time: 12.7 ms, GC Workers: 4]
      [GC Worker Start (ms): Min: 1918723.7, Avg: 1918723.9, Max: 1918724.4, Diff: 0.7]
      [Ext Root Scanning (ms): Min: 0.0, Avg: 0.4, Max: 0.6, Diff: 0.6, Sum: 1.7]
      [Update RS (ms): Min: 0.0, Avg: 2.9, Max: 4.2, Diff: 4.2, Sum: 11.5]
         [Processed Buffers: Min: 0, Avg: 10.0, Max: 34, Diff: 34, Sum: 40]
      [Scan RS (ms): Min: 1.6, Avg: 1.8, Max: 2.5, Diff: 1.0, Sum: 7.4]
      [Code Root Scanning (ms): Min: 0.0, Avg: 0.0, Max: 0.0, Diff: 0.0, Sum: 0.0]
      [Object Copy (ms): Min: 2.8, Avg: 4.1, Max: 7.8, Diff: 5.0, Sum: 16.2]
      [Termination (ms): Min: 0.0, Avg: 1.2, Max: 3.5, Diff: 3.5, Sum: 4.9]
         [Termination Attempts: Min: 1, Avg: 1.0, Max: 1, Diff: 0, Sum: 4]
      [GC Worker Other (ms): Min: 0.0, Avg: 0.0, Max: 0.0, Diff: 0.0, Sum: 0.1]
      [GC Worker Total (ms): Min: 9.3, Avg: 10.4, Max: 12.7, Diff: 3.4, Sum: 41.7]
      [GC Worker End (ms): Min: 1918733.7, Avg: 1918734.4, Max: 1918736.4, Diff: 2.8]
   [Code Root Fixup: 0.1 ms]
   [Code Root Purge: 0.0 ms]
   [Clear CT: 0.1 ms]
   [Other: 2.3 ms]
      [Choose CSet: 0.0 ms]
      [Ref Proc: 2.0 ms]
      [Ref Enq: 0.0 ms]
      [Redirty Cards: 0.1 ms]
      [Humongous Register: 0.0 ms]
      [Humongous Reclaim: 0.0 ms]
      [Free CSet: 0.0 ms]
   [Eden: 77.0M(77.0M)->0.0B(77.0M) Survivors: 2048.0K->2048.0K Heap: 226.2M(256.0M)->148.8M(256.0M)]
 [Times: user=0.03 sys=0.00, real=0.02 secs] 
2020-04-13T16:15:39.297+0800: 1922.241: [GC pause (G1 Evacuation Pause) (young), 0.0075380 secs]
   [Parallel Time: 6.6 ms, GC Workers: 4]
      [GC Worker Start (ms): Min: 1922241.6, Avg: 1922241.6, Max: 1922241.7, Diff: 0.1]
      [Ext Root Scanning (ms): Min: 0.3, Avg: 0.4, Max: 0.6, Diff: 0.2, Sum: 1.6]
      [Update RS (ms): Min: 1.8, Avg: 1.9, Max: 2.1, Diff: 0.3, Sum: 7.6]
         [Processed Buffers: Min: 1, Avg: 9.5, Max: 19, Diff: 18, Sum: 38]
      [Scan RS (ms): Min: 1.6, Avg: 2.0, Max: 2.3, Diff: 0.7, Sum: 8.1]
      [Code Root Scanning (ms): Min: 0.0, Avg: 0.0, Max: 0.0, Diff: 0.0, Sum: 0.0]
      [Object Copy (ms): Min: 1.9, Avg: 2.1, Max: 2.3, Diff: 0.4, Sum: 8.4]
      [Termination (ms): Min: 0.0, Avg: 0.0, Max: 0.0, Diff: 0.0, Sum: 0.0]
         [Termination Attempts: Min: 1, Avg: 1.0, Max: 1, Diff: 0, Sum: 4]
      [GC Worker Other (ms): Min: 0.0, Avg: 0.0, Max: 0.0, Diff: 0.0, Sum: 0.1]
      [GC Worker Total (ms): Min: 6.4, Avg: 6.5, Max: 6.5, Diff: 0.1, Sum: 25.9]
      [GC Worker End (ms): Min: 1922248.1, Avg: 1922248.1, Max: 1922248.1, Diff: 0.0]
   [Code Root Fixup: 0.0 ms]
   [Code Root Purge: 0.0 ms]
   [Clear CT: 0.1 ms]
   [Other: 0.8 ms]
      [Choose CSet: 0.0 ms]
      [Ref Proc: 0.4 ms]
      [Ref Enq: 0.0 ms]
      [Redirty Cards: 0.1 ms]
      [Humongous Register: 0.0 ms]
      [Humongous Reclaim: 0.0 ms]
      [Free CSet: 0.0 ms]
   [Eden: 77.0M(77.0M)->0.0B(77.0M) Survivors: 2048.0K->2048.0K Heap: 225.8M(256.0M)->149.3M(256.0M)]
 [Times: user=0.03 sys=0.00, real=0.01 secs] 
2020-04-13T16:15:42.392+0800: 1925.336: [GC pause (G1 Evacuation Pause) (young) (initial-mark), 0.0100952 secs]
   [Parallel Time: 8.4 ms, GC Workers: 4]
      [GC Worker Start (ms): Min: 1925336.0, Avg: 1925336.0, Max: 1925336.1, Diff: 0.1]
      [Ext Root Scanning (ms): Min: 0.6, Avg: 0.7, Max: 0.7, Diff: 0.1, Sum: 2.7]
      [Update RS (ms): Min: 1.4, Avg: 1.5, Max: 1.7, Diff: 0.3, Sum: 6.0]
         [Processed Buffers: Min: 3, Avg: 8.2, Max: 15, Diff: 12, Sum: 33]
      [Scan RS (ms): Min: 1.9, Avg: 2.2, Max: 3.0, Diff: 1.1, Sum: 9.0]
      [Code Root Scanning (ms): Min: 0.0, Avg: 0.0, Max: 0.0, Diff: 0.0, Sum: 0.0]
      [Object Copy (ms): Min: 1.2, Avg: 2.5, Max: 3.7, Diff: 2.4, Sum: 9.9]
      [Termination (ms): Min: 0.0, Avg: 1.3, Max: 1.7, Diff: 1.7, Sum: 5.1]
         [Termination Attempts: Min: 1, Avg: 1.0, Max: 1, Diff: 0, Sum: 4]
      [GC Worker Other (ms): Min: 0.0, Avg: 0.0, Max: 0.0, Diff: 0.0, Sum: 0.1]
      [GC Worker Total (ms): Min: 8.1, Avg: 8.2, Max: 8.3, Diff: 0.2, Sum: 32.7]
      [GC Worker End (ms): Min: 1925344.1, Avg: 1925344.2, Max: 1925344.3, Diff: 0.2]
   [Code Root Fixup: 0.0 ms]
   [Code Root Purge: 0.0 ms]
   [Clear CT: 0.1 ms]
   [Other: 1.6 ms]
      [Choose CSet: 0.0 ms]
      [Ref Proc: 1.1 ms]
      [Ref Enq: 0.0 ms]
      [Redirty Cards: 0.2 ms]
      [Humongous Register: 0.0 ms]
      [Humongous Reclaim: 0.0 ms]
      [Free CSet: 0.1 ms]
   [Eden: 77.0M(77.0M)->0.0B(77.0M) Survivors: 2048.0K->2048.0K Heap: 226.3M(256.0M)->149.1M(256.0M)]
 [Times: user=0.03 sys=0.01, real=0.01 secs] 
2020-04-13T16:15:42.405+0800: 1925.349: [GC concurrent-root-region-scan-start]
2020-04-13T16:15:42.410+0800: 1925.354: [GC concurrent-root-region-scan-end, 0.0051753 secs]
2020-04-13T16:15:42.410+0800: 1925.355: [GC concurrent-mark-start]
2020-04-13T16:15:42.449+0800: 1925.393: [GC concurrent-mark-end, 0.0384304 secs]
2020-04-13T16:15:42.449+0800: 1925.393: [GC remark 2020-04-13T16:15:42.449+0800: 1925.393: [Finalize Marking, 0.0006709 secs] 2020-04-13T16:15:42.450+0800: 1925.394: [GC ref-proc, 0.0000870 secs] 2020-04-13T16:15:42.450+0800: 1925.394: [Unloading, 0.0053552 secs], 0.0085617 secs]
 [Times: user=0.02 sys=0.01, real=0.01 secs] 
2020-04-13T16:15:42.458+0800: 1925.402: [GC cleanup 150M->150M(256M), 0.0004504 secs]
 [Times: user=0.00 sys=0.00, real=0.00 secs] 
2020-04-13T16:15:44.767+0800: 1927.712: [GC pause (G1 Evacuation Pause) (young), 0.0078580 secs]
   [Parallel Time: 6.1 ms, GC Workers: 4]
      [GC Worker Start (ms): Min: 1927711.7, Avg: 1927711.7, Max: 1927711.8, Diff: 0.0]
      [Ext Root Scanning (ms): Min: 0.4, Avg: 0.4, Max: 0.4, Diff: 0.0, Sum: 1.6]
      [Update RS (ms): Min: 1.3, Avg: 1.4, Max: 1.5, Diff: 0.2, Sum: 5.7]
         [Processed Buffers: Min: 3, Avg: 8.2, Max: 18, Diff: 15, Sum: 33]
      [Scan RS (ms): Min: 1.7, Avg: 2.1, Max: 3.0, Diff: 1.3, Sum: 8.4]
      [Code Root Scanning (ms): Min: 0.0, Avg: 0.0, Max: 0.0, Diff: 0.0, Sum: 0.0]
      [Object Copy (ms): Min: 1.0, Avg: 2.1, Max: 2.5, Diff: 1.5, Sum: 8.3]
      [Termination (ms): Min: 0.0, Avg: 0.0, Max: 0.0, Diff: 0.0, Sum: 0.0]
         [Termination Attempts: Min: 1, Avg: 1.0, Max: 1, Diff: 0, Sum: 4]
      [GC Worker Other (ms): Min: 0.0, Avg: 0.0, Max: 0.0, Diff: 0.0, Sum: 0.1]
      [GC Worker Total (ms): Min: 6.0, Avg: 6.0, Max: 6.0, Diff: 0.0, Sum: 24.0]
      [GC Worker End (ms): Min: 1927717.8, Avg: 1927717.8, Max: 1927717.8, Diff: 0.0]
   [Code Root Fixup: 0.1 ms]
   [Code Root Purge: 0.0 ms]
   [Clear CT: 0.2 ms]
   [Other: 1.5 ms]
      [Choose CSet: 0.0 ms]
      [Ref Proc: 0.8 ms]
      [Ref Enq: 0.0 ms]
      [Redirty Cards: 0.4 ms]
      [Humongous Register: 0.0 ms]
      [Humongous Reclaim: 0.0 ms]
      [Free CSet: 0.1 ms]
   [Eden: 77.0M(77.0M)->0.0B(77.0M) Survivors: 2048.0K->2048.0K Heap: 226.1M(256.0M)->149.3M(256.0M)]
 [Times: user=0.02 sys=0.00, real=0.01 secs] 
2020-04-13T16:15:46.908+0800: 1929.852: [GC pause (G1 Evacuation Pause) (young), 0.0103594 secs]
   [Parallel Time: 5.8 ms, GC Workers: 4]
      [GC Worker Start (ms): Min: 1929852.1, Avg: 1929852.3, Max: 1929852.6, Diff: 0.5]
      [Ext Root Scanning (ms): Min: 0.0, Avg: 0.4, Max: 0.6, Diff: 0.6, Sum: 1.5]
      [Update RS (ms): Min: 1.4, Avg: 1.6, Max: 1.8, Diff: 0.4, Sum: 6.5]
         [Processed Buffers: Min: 4, Avg: 7.8, Max: 12, Diff: 8, Sum: 31]
      [Scan RS (ms): Min: 1.2, Avg: 1.3, Max: 1.5, Diff: 0.3, Sum: 5.2]
      [Code Root Scanning (ms): Min: 0.0, Avg: 0.0, Max: 0.0, Diff: 0.0, Sum: 0.0]
      [Object Copy (ms): Min: 2.2, Avg: 2.3, Max: 2.4, Diff: 0.2, Sum: 9.0]
      [Termination (ms): Min: 0.0, Avg: 0.0, Max: 0.1, Diff: 0.1, Sum: 0.2]
         [Termination Attempts: Min: 1, Avg: 1.0, Max: 1, Diff: 0, Sum: 4]
      [GC Worker Other (ms): Min: 0.0, Avg: 0.0, Max: 0.0, Diff: 0.0, Sum: 0.1]
      [GC Worker Total (ms): Min: 5.2, Avg: 5.6, Max: 5.8, Diff: 0.5, Sum: 22.5]
      [GC Worker End (ms): Min: 1929857.9, Avg: 1929857.9, Max: 1929857.9, Diff: 0.0]
   [Code Root Fixup: 0.1 ms]
   [Code Root Purge: 0.0 ms]
   [Clear CT: 0.2 ms]
   [Other: 4.3 ms]
      [Choose CSet: 0.0 ms]
      [Ref Proc: 3.9 ms]
      [Ref Enq: 0.0 ms]
      [Redirty Cards: 0.2 ms]
      [Humongous Register: 0.0 ms]
      [Humongous Reclaim: 0.0 ms]
      [Free CSet: 0.0 ms]
   [Eden: 77.0M(77.0M)->0.0B(76.0M) Survivors: 2048.0K->2048.0K Heap: 226.3M(256.0M)->149.8M(256.0M)]
 [Times: user=0.02 sys=0.00, real=0.01 secs] 
2020-04-13T16:15:49.009+0800: 1931.953: [GC pause (G1 Evacuation Pause) (young) (initial-mark), 0.0099436 secs]
   [Parallel Time: 5.9 ms, GC Workers: 4]
      [GC Worker Start (ms): Min: 1931953.1, Avg: 1931953.7, Max: 1931954.2, Diff: 1.0]
      [Ext Root Scanning (ms): Min: 0.0, Avg: 0.5, Max: 1.0, Diff: 1.0, Sum: 2.2]
      [Update RS (ms): Min: 1.5, Avg: 1.6, Max: 1.8, Diff: 0.2, Sum: 6.6]
         [Processed Buffers: Min: 3, Avg: 8.2, Max: 15, Diff: 12, Sum: 33]
      [Scan RS (ms): Min: 1.1, Avg: 1.3, Max: 1.5, Diff: 0.4, Sum: 5.1]
      [Code Root Scanning (ms): Min: 0.0, Avg: 0.0, Max: 0.0, Diff: 0.0, Sum: 0.0]
      [Object Copy (ms): Min: 1.8, Avg: 1.8, Max: 1.9, Diff: 0.1, Sum: 7.3]
      [Termination (ms): Min: 0.0, Avg: 0.0, Max: 0.0, Diff: 0.0, Sum: 0.0]
         [Termination Attempts: Min: 1, Avg: 1.2, Max: 2, Diff: 1, Sum: 5]
      [GC Worker Other (ms): Min: 0.0, Avg: 0.0, Max: 0.1, Diff: 0.0, Sum: 0.1]
      [GC Worker Total (ms): Min: 4.8, Avg: 5.3, Max: 5.9, Diff: 1.1, Sum: 21.3]
      [GC Worker End (ms): Min: 1931959.0, Avg: 1931959.0, Max: 1931959.0, Diff: 0.0]
   [Code Root Fixup: 0.0 ms]
   [Code Root Purge: 0.0 ms]
   [Clear CT: 0.1 ms]
   [Other: 3.9 ms]
      [Choose CSet: 0.0 ms]
      [Ref Proc: 3.7 ms]
      [Ref Enq: 0.0 ms]
      [Redirty Cards: 0.1 ms]
      [Humongous Register: 0.0 ms]
      [Humongous Reclaim: 0.0 ms]
      [Free CSet: 0.0 ms]
   [Eden: 76.0M(76.0M)->0.0B(76.0M) Survivors: 2048.0K->2048.0K Heap: 225.8M(256.0M)->149.2M(256.0M)]
 [Times: user=0.02 sys=0.00, real=0.01 secs] 
2020-04-13T16:15:49.019+0800: 1931.963: [GC concurrent-root-region-scan-start]
2020-04-13T16:15:49.027+0800: 1931.971: [GC concurrent-root-region-scan-end, 0.0076923 secs]
2020-04-13T16:15:49.027+0800: 1931.971: [GC concurrent-mark-start]
2020-04-13T16:15:49.057+0800: 1932.001: [GC concurrent-mark-end, 0.0298963 secs]
2020-04-13T16:15:49.057+0800: 1932.001: [GC remark 2020-04-13T16:15:49.057+0800: 1932.001: [Finalize Marking, 0.0001548 secs] 2020-04-13T16:15:49.057+0800: 1932.001: [GC ref-proc, 0.0000726 secs] 2020-04-13T16:15:49.057+0800: 1932.001: [Unloading, 0.0040960 secs], 0.0061239 secs]
 [Times: user=0.02 sys=0.00, real=0.01 secs] 
2020-04-13T16:15:49.063+0800: 1932.007: [GC cleanup 150M->150M(256M), 0.0004417 secs]
 [Times: user=0.00 sys=0.00, real=0.00 secs] 
2020-04-13T16:15:51.325+0800: 1934.269: [GC pause (G1 Evacuation Pause) (young), 0.0133471 secs]
   [Parallel Time: 6.3 ms, GC Workers: 4]
      [GC Worker Start (ms): Min: 1934268.9, Avg: 1934269.0, Max: 1934269.0, Diff: 0.1]
      [Ext Root Scanning (ms): Min: 0.5, Avg: 0.5, Max: 0.6, Diff: 0.1, Sum: 2.1]
      [Update RS (ms): Min: 1.6, Avg: 1.8, Max: 1.9, Diff: 0.3, Sum: 7.1]
         [Processed Buffers: Min: 4, Avg: 8.5, Max: 17, Diff: 13, Sum: 34]
      [Scan RS (ms): Min: 1.2, Avg: 1.4, Max: 1.7, Diff: 0.5, Sum: 5.7]
      [Code Root Scanning (ms): Min: 0.0, Avg: 0.0, Max: 0.0, Diff: 0.0, Sum: 0.0]
      [Object Copy (ms): Min: 2.3, Avg: 2.4, Max: 2.5, Diff: 0.2, Sum: 9.6]
      [Termination (ms): Min: 0.0, Avg: 0.0, Max: 0.0, Diff: 0.0, Sum: 0.0]
         [Termination Attempts: Min: 1, Avg: 2.5, Max: 4, Diff: 3, Sum: 10]
      [GC Worker Other (ms): Min: 0.0, Avg: 0.0, Max: 0.1, Diff: 0.1, Sum: 0.1]
      [GC Worker Total (ms): Min: 6.1, Avg: 6.2, Max: 6.2, Diff: 0.1, Sum: 24.6]
      [GC Worker End (ms): Min: 1934275.1, Avg: 1934275.1, Max: 1934275.2, Diff: 0.1]
   [Code Root Fixup: 0.0 ms]
   [Code Root Purge: 0.0 ms]
   [Clear CT: 0.1 ms]
   [Other: 7.0 ms]
      [Choose CSet: 0.0 ms]
      [Ref Proc: 6.6 ms]
      [Ref Enq: 0.0 ms]
      [Redirty Cards: 0.1 ms]
      [Humongous Register: 0.1 ms]
      [Humongous Reclaim: 0.0 ms]
      [Free CSet: 0.0 ms]
   [Eden: 76.0M(76.0M)->0.0B(10.0M) Survivors: 2048.0K->2048.0K Heap: 225.2M(256.0M)->149.8M(256.0M)]
 [Times: user=0.02 sys=0.00, real=0.01 secs] 
2020-04-13T16:15:51.643+0800: 1934.587: [GC pause (G1 Evacuation Pause) (mixed), 0.0098367 secs]
   [Parallel Time: 8.7 ms, GC Workers: 4]
      [GC Worker Start (ms): Min: 1934587.4, Avg: 1934587.7, Max: 1934587.9, Diff: 0.5]
      [Ext Root Scanning (ms): Min: 0.5, Avg: 1.6, Max: 5.0, Diff: 4.5, Sum: 6.5]
      [Update RS (ms): Min: 0.0, Avg: 2.2, Max: 3.1, Diff: 3.1, Sum: 8.9]
         [Processed Buffers: Min: 0, Avg: 6.2, Max: 12, Diff: 12, Sum: 25]
      [Scan RS (ms): Min: 1.6, Avg: 2.3, Max: 2.6, Diff: 1.1, Sum: 9.3]
      [Code Root Scanning (ms): Min: 0.0, Avg: 0.0, Max: 0.0, Diff: 0.0, Sum: 0.0]
      [Object Copy (ms): Min: 1.9, Avg: 2.1, Max: 2.3, Diff: 0.4, Sum: 8.2]
      [Termination (ms): Min: 0.0, Avg: 0.0, Max: 0.0, Diff: 0.0, Sum: 0.0]
         [Termination Attempts: Min: 1, Avg: 1.0, Max: 1, Diff: 0, Sum: 4]
      [GC Worker Other (ms): Min: 0.0, Avg: 0.0, Max: 0.0, Diff: 0.0, Sum: 0.1]
      [GC Worker Total (ms): Min: 8.1, Avg: 8.3, Max: 8.6, Diff: 0.5, Sum: 33.0]
      [GC Worker End (ms): Min: 1934596.0, Avg: 1934596.0, Max: 1934596.0, Diff: 0.0]
   [Code Root Fixup: 0.1 ms]
   [Code Root Purge: 0.0 ms]
   [Clear CT: 0.0 ms]
   [Other: 1.0 ms]
      [Choose CSet: 0.0 ms]
      [Ref Proc: 0.7 ms]
      [Ref Enq: 0.0 ms]
      [Redirty Cards: 0.1 ms]
      [Humongous Register: 0.0 ms]
      [Humongous Reclaim: 0.0 ms]
      [Free CSet: 0.0 ms]
   [Eden: 10.0M(10.0M)->0.0B(77.0M) Survivors: 2048.0K->2048.0K Heap: 159.8M(256.0M)->148.4M(256.0M)]
 [Times: user=0.02 sys=0.00, real=0.01 secs] 
2020-04-13T16:15:53.615+0800: 1936.560: [GC pause (G1 Evacuation Pause) (young), 0.0090730 secs]
   [Parallel Time: 8.1 ms, GC Workers: 4]
      [GC Worker Start (ms): Min: 1936559.8, Avg: 1936561.0, Max: 1936562.3, Diff: 2.5]
      [Ext Root Scanning (ms): Min: 0.0, Avg: 0.9, Max: 2.1, Diff: 2.0, Sum: 3.7]
      [Update RS (ms): Min: 1.4, Avg: 2.1, Max: 3.1, Diff: 1.7, Sum: 8.2]
         [Processed Buffers: Min: 5, Avg: 8.0, Max: 11, Diff: 6, Sum: 32]
      [Scan RS (ms): Min: 0.5, Avg: 1.4, Max: 1.9, Diff: 1.4, Sum: 5.8]
      [Code Root Scanning (ms): Min: 0.0, Avg: 0.0, Max: 0.0, Diff: 0.0, Sum: 0.0]
      [Object Copy (ms): Min: 2.0, Avg: 2.1, Max: 2.4, Diff: 0.4, Sum: 8.6]
      [Termination (ms): Min: 0.0, Avg: 0.0, Max: 0.0, Diff: 0.0, Sum: 0.0]
         [Termination Attempts: Min: 1, Avg: 1.0, Max: 1, Diff: 0, Sum: 4]
      [GC Worker Other (ms): Min: 0.0, Avg: 0.0, Max: 0.0, Diff: 0.0, Sum: 0.1]
      [GC Worker Total (ms): Min: 5.3, Avg: 6.6, Max: 7.8, Diff: 2.5, Sum: 26.4]
      [GC Worker End (ms): Min: 1936567.6, Avg: 1936567.6, Max: 1936567.6, Diff: 0.0]
   [Code Root Fixup: 0.0 ms]
   [Code Root Purge: 0.0 ms]
   [Clear CT: 0.4 ms]
   [Other: 0.5 ms]
      [Choose CSet: 0.0 ms]
      [Ref Proc: 0.2 ms]
      [Ref Enq: 0.0 ms]
      [Redirty Cards: 0.1 ms]
      [Humongous Register: 0.0 ms]
      [Humongous Reclaim: 0.0 ms]
      [Free CSet: 0.0 ms]
   [Eden: 77.0M(77.0M)->0.0B(77.0M) Survivors: 2048.0K->2048.0K Heap: 225.4M(256.0M)->148.9M(256.0M)]
 [Times: user=0.02 sys=0.00, real=0.01 secs] 
2020-04-13T16:15:55.920+0800: 1938.864: [GC pause (G1 Evacuation Pause) (young) (initial-mark), 0.0072717 secs]
   [Parallel Time: 6.5 ms, GC Workers: 4]
      [GC Worker Start (ms): Min: 1938864.5, Avg: 1938864.7, Max: 1938865.1, Diff: 0.5]
      [Ext Root Scanning (ms): Min: 0.3, Avg: 0.7, Max: 0.9, Diff: 0.6, Sum: 2.9]
      [Update RS (ms): Min: 1.5, Avg: 1.6, Max: 1.8, Diff: 0.3, Sum: 6.4]
         [Processed Buffers: Min: 3, Avg: 8.2, Max: 15, Diff: 12, Sum: 33]
      [Scan RS (ms): Min: 1.2, Avg: 1.4, Max: 1.5, Diff: 0.3, Sum: 5.5]
      [Code Root Scanning (ms): Min: 0.0, Avg: 0.0, Max: 0.0, Diff: 0.0, Sum: 0.0]
      [Object Copy (ms): Min: 2.6, Avg: 2.6, Max: 2.6, Diff: 0.0, Sum: 10.4]
      [Termination (ms): Min: 0.0, Avg: 0.0, Max: 0.0, Diff: 0.0, Sum: 0.0]
         [Termination Attempts: Min: 1, Avg: 3.2, Max: 6, Diff: 5, Sum: 13]
      [GC Worker Other (ms): Min: 0.0, Avg: 0.0, Max: 0.0, Diff: 0.0, Sum: 0.0]
      [GC Worker Total (ms): Min: 5.9, Avg: 6.3, Max: 6.5, Diff: 0.5, Sum: 25.2]
      [GC Worker End (ms): Min: 1938871.0, Avg: 1938871.0, Max: 1938871.0, Diff: 0.0]
   [Code Root Fixup: 0.1 ms]
   [Code Root Purge: 0.0 ms]
   [Clear CT: 0.1 ms]
   [Other: 0.6 ms]
      [Choose CSet: 0.0 ms]
      [Ref Proc: 0.2 ms]
      [Ref Enq: 0.0 ms]
      [Redirty Cards: 0.1 ms]
      [Humongous Register: 0.0 ms]
      [Humongous Reclaim: 0.0 ms]
      [Free CSet: 0.0 ms]
   [Eden: 77.0M(77.0M)->0.0B(77.0M) Survivors: 2048.0K->2048.0K Heap: 225.9M(256.0M)->148.7M(256.0M)]
 [Times: user=0.02 sys=0.00, real=0.00 secs] 
2020-04-13T16:15:55.928+0800: 1938.872: [GC concurrent-root-region-scan-start]
2020-04-13T16:15:55.933+0800: 1938.877: [GC concurrent-root-region-scan-end, 0.0052588 secs]
2020-04-13T16:15:55.933+0800: 1938.877: [GC concurrent-mark-start]
2020-04-13T16:15:55.962+0800: 1938.906: [GC concurrent-mark-end, 0.0286049 secs]
2020-04-13T16:15:55.962+0800: 1938.906: [GC remark 2020-04-13T16:15:55.962+0800: 1938.906: [Finalize Marking, 0.0014629 secs] 2020-04-13T16:15:55.963+0800: 1938.908: [GC ref-proc, 0.0000810 secs] 2020-04-13T16:15:55.964+0800: 1938.908: [Unloading, 0.0065130 secs], 0.0098122 secs]
 [Times: user=0.02 sys=0.00, real=0.01 secs] 
2020-04-13T16:15:55.972+0800: 1938.916: [GC cleanup 150M->150M(256M), 0.0004605 secs]
 [Times: user=0.00 sys=0.00, real=0.00 secs] 
2020-04-13T16:15:57.994+0800: 1940.939: [GC pause (G1 Evacuation Pause) (young), 0.0232691 secs]
   [Parallel Time: 19.3 ms, GC Workers: 4]
      [GC Worker Start (ms): Min: 1940938.6, Avg: 1940938.7, Max: 1940938.8, Diff: 0.2]
      [Ext Root Scanning (ms): Min: 0.4, Avg: 0.5, Max: 0.6, Diff: 0.2, Sum: 2.0]
      [Update RS (ms): Min: 8.7, Avg: 10.0, Max: 11.4, Diff: 2.7, Sum: 39.8]
         [Processed Buffers: Min: 0, Avg: 8.0, Max: 19, Diff: 19, Sum: 32]
      [Scan RS (ms): Min: 1.0, Avg: 3.6, Max: 8.1, Diff: 7.1, Sum: 14.2]
      [Code Root Scanning (ms): Min: 0.0, Avg: 0.0, Max: 0.0, Diff: 0.0, Sum: 0.0]
      [Object Copy (ms): Min: 0.1, Avg: 2.6, Max: 3.5, Diff: 3.4, Sum: 10.5]
      [Termination (ms): Min: 0.0, Avg: 1.9, Max: 2.8, Diff: 2.8, Sum: 7.6]
         [Termination Attempts: Min: 1, Avg: 1.2, Max: 2, Diff: 1, Sum: 5]
      [GC Worker Other (ms): Min: 0.0, Avg: 0.0, Max: 0.0, Diff: 0.0, Sum: 0.1]
      [GC Worker Total (ms): Min: 17.4, Avg: 18.5, Max: 19.3, Diff: 1.9, Sum: 74.2]
      [GC Worker End (ms): Min: 1940956.0, Avg: 1940957.2, Max: 1940957.9, Diff: 1.8]
   [Code Root Fixup: 0.1 ms]
   [Code Root Purge: 0.0 ms]
   [Clear CT: 0.3 ms]
   [Other: 3.6 ms]
      [Choose CSet: 0.0 ms]
      [Ref Proc: 3.3 ms]
      [Ref Enq: 0.0 ms]
      [Redirty Cards: 0.1 ms]
      [Humongous Register: 0.0 ms]
      [Humongous Reclaim: 0.0 ms]
      [Free CSet: 0.1 ms]
   [Eden: 77.0M(77.0M)->0.0B(77.0M) Survivors: 2048.0K->2048.0K Heap: 225.7M(256.0M)->148.9M(256.0M)]
 [Times: user=0.02 sys=0.00, real=0.02 secs] 
2020-04-13T16:16:00.327+0800: 1943.271: [GC pause (G1 Evacuation Pause) (young), 0.0069909 secs]
   [Parallel Time: 6.2 ms, GC Workers: 4]
      [GC Worker Start (ms): Min: 1943271.4, Avg: 1943271.6, Max: 1943271.9, Diff: 0.4]
      [Ext Root Scanning (ms): Min: 0.3, Avg: 0.5, Max: 0.8, Diff: 0.5, Sum: 2.0]
      [Update RS (ms): Min: 0.9, Avg: 1.3, Max: 1.6, Diff: 0.6, Sum: 5.3]
         [Processed Buffers: Min: 3, Avg: 9.8, Max: 20, Diff: 17, Sum: 39]
      [Scan RS (ms): Min: 1.7, Avg: 1.8, Max: 2.0, Diff: 0.3, Sum: 7.3]
      [Code Root Scanning (ms): Min: 0.0, Avg: 0.0, Max: 0.0, Diff: 0.0, Sum: 0.0]
      [Object Copy (ms): Min: 1.9, Avg: 2.0, Max: 2.5, Diff: 0.6, Sum: 8.2]
      [Termination (ms): Min: 0.0, Avg: 0.0, Max: 0.0, Diff: 0.0, Sum: 0.0]
         [Termination Attempts: Min: 1, Avg: 1.0, Max: 1, Diff: 0, Sum: 4]
      [GC Worker Other (ms): Min: 0.0, Avg: 0.0, Max: 0.0, Diff: 0.0, Sum: 0.0]
      [GC Worker Total (ms): Min: 5.5, Avg: 5.7, Max: 5.9, Diff: 0.4, Sum: 22.8]
      [GC Worker End (ms): Min: 1943277.3, Avg: 1943277.3, Max: 1943277.3, Diff: 0.0]
   [Code Root Fixup: 0.0 ms]
   [Code Root Purge: 0.0 ms]
   [Clear CT: 0.1 ms]
   [Other: 0.7 ms]
      [Choose CSet: 0.0 ms]
      [Ref Proc: 0.3 ms]
      [Ref Enq: 0.0 ms]
      [Redirty Cards: 0.1 ms]
      [Humongous Register: 0.0 ms]
      [Humongous Reclaim: 0.0 ms]
      [Free CSet: 0.0 ms]
   [Eden: 77.0M(77.0M)->0.0B(77.0M) Survivors: 2048.0K->2048.0K Heap: 225.9M(256.0M)->149.5M(256.0M)]
 [Times: user=0.02 sys=0.00, real=0.01 secs] 
2020-04-13T16:16:02.774+0800: 1945.718: [GC pause (G1 Evacuation Pause) (young) (initial-mark), 0.0068395 secs]
   [Parallel Time: 6.3 ms, GC Workers: 4]
      [GC Worker Start (ms): Min: 1945718.0, Avg: 1945718.0, Max: 1945718.1, Diff: 0.1]
      [Ext Root Scanning (ms): Min: 0.6, Avg: 0.6, Max: 0.7, Diff: 0.2, Sum: 2.5]
      [Update RS (ms): Min: 1.7, Avg: 2.5, Max: 4.6, Diff: 2.9, Sum: 10.0]
         [Processed Buffers: Min: 3, Avg: 9.5, Max: 27, Diff: 24, Sum: 38]
      [Scan RS (ms): Min: 0.0, Avg: 1.2, Max: 1.8, Diff: 1.8, Sum: 4.9]
      [Code Root Scanning (ms): Min: 0.0, Avg: 0.0, Max: 0.0, Diff: 0.0, Sum: 0.0]
      [Object Copy (ms): Min: 0.9, Avg: 1.8, Max: 2.2, Diff: 1.3, Sum: 7.0]
      [Termination (ms): Min: 0.0, Avg: 0.0, Max: 0.0, Diff: 0.0, Sum: 0.0]
         [Termination Attempts: Min: 1, Avg: 1.0, Max: 1, Diff: 0, Sum: 4]
      [GC Worker Other (ms): Min: 0.0, Avg: 0.0, Max: 0.0, Diff: 0.0, Sum: 0.0]
      [GC Worker Total (ms): Min: 6.1, Avg: 6.1, Max: 6.2, Diff: 0.1, Sum: 24.5]
      [GC Worker End (ms): Min: 1945724.2, Avg: 1945724.2, Max: 1945724.2, Diff: 0.0]
   [Code Root Fixup: 0.1 ms]
   [Code Root Purge: 0.0 ms]
   [Clear CT: 0.1 ms]
   [Other: 0.4 ms]
      [Choose CSet: 0.0 ms]
      [Ref Proc: 0.2 ms]
      [Ref Enq: 0.0 ms]
      [Redirty Cards: 0.0 ms]
      [Humongous Register: 0.0 ms]
      [Humongous Reclaim: 0.0 ms]
      [Free CSet: 0.0 ms]
   [Eden: 77.0M(77.0M)->0.0B(77.0M) Survivors: 2048.0K->2048.0K Heap: 226.5M(256.0M)->148.8M(256.0M)]
 [Times: user=0.02 sys=0.01, real=0.01 secs] 
2020-04-13T16:16:02.781+0800: 1945.725: [GC concurrent-root-region-scan-start]
2020-04-13T16:16:02.787+0800: 1945.731: [GC concurrent-root-region-scan-end, 0.0064495 secs]
2020-04-13T16:16:02.787+0800: 1945.731: [GC concurrent-mark-start]
2020-04-13T16:16:02.816+0800: 1945.760: [GC concurrent-mark-end, 0.0289904 secs]
2020-04-13T16:16:02.817+0800: 1945.761: [GC remark 2020-04-13T16:16:02.817+0800: 1945.761: [Finalize Marking, 0.0022708 secs] 2020-04-13T16:16:02.819+0800: 1945.763: [GC ref-proc, 0.0000816 secs] 2020-04-13T16:16:02.819+0800: 1945.763: [Unloading, 0.0045848 secs], 0.0096629 secs]
 [Times: user=0.02 sys=0.00, real=0.01 secs] 
2020-04-13T16:16:02.827+0800: 1945.771: [GC cleanup 150M->150M(256M), 0.0007270 secs]
 [Times: user=0.00 sys=0.00, real=0.00 secs] 
2020-04-13T16:16:04.543+0800: 1947.487: [GC pause (G1 Evacuation Pause) (young), 0.0095960 secs]
   [Parallel Time: 8.4 ms, GC Workers: 4]
      [GC Worker Start (ms): Min: 1947487.0, Avg: 1947487.0, Max: 1947487.0, Diff: 0.0]
      [Ext Root Scanning (ms): Min: 0.3, Avg: 0.4, Max: 0.5, Diff: 0.2, Sum: 1.6]
      [Update RS (ms): Min: 1.4, Avg: 2.2, Max: 4.0, Diff: 2.5, Sum: 8.8]
         [Processed Buffers: Min: 3, Avg: 9.0, Max: 17, Diff: 14, Sum: 36]
      [Scan RS (ms): Min: 0.7, Avg: 2.5, Max: 3.4, Diff: 2.7, Sum: 10.2]
      [Code Root Scanning (ms): Min: 0.0, Avg: 0.0, Max: 0.0, Diff: 0.0, Sum: 0.0]
      [Object Copy (ms): Min: 2.3, Avg: 2.5, Max: 2.9, Diff: 0.6, Sum: 9.9]
      [Termination (ms): Min: 0.0, Avg: 0.6, Max: 0.8, Diff: 0.8, Sum: 2.3]
         [Termination Attempts: Min: 1, Avg: 1.0, Max: 1, Diff: 0, Sum: 4]
      [GC Worker Other (ms): Min: 0.0, Avg: 0.0, Max: 0.0, Diff: 0.0, Sum: 0.1]
      [GC Worker Total (ms): Min: 8.2, Avg: 8.2, Max: 8.3, Diff: 0.1, Sum: 32.9]
      [GC Worker End (ms): Min: 1947495.2, Avg: 1947495.2, Max: 1947495.3, Diff: 0.1]
   [Code Root Fixup: 0.1 ms]
   [Code Root Purge: 0.0 ms]
   [Clear CT: 0.2 ms]
   [Other: 0.9 ms]
      [Choose CSet: 0.0 ms]
      [Ref Proc: 0.6 ms]
      [Ref Enq: 0.0 ms]
      [Redirty Cards: 0.1 ms]
      [Humongous Register: 0.0 ms]
      [Humongous Reclaim: 0.0 ms]
      [Free CSet: 0.0 ms]
   [Eden: 77.0M(77.0M)->0.0B(77.0M) Survivors: 2048.0K->2048.0K Heap: 225.8M(256.0M)->149.2M(256.0M)]
 [Times: user=0.02 sys=0.00, real=0.01 secs] 
2020-04-13T16:16:06.654+0800: 1949.598: [GC pause (G1 Evacuation Pause) (young), 0.0081941 secs]
   [Parallel Time: 6.9 ms, GC Workers: 4]
      [GC Worker Start (ms): Min: 1949597.9, Avg: 1949597.9, Max: 1949598.0, Diff: 0.2]
      [Ext Root Scanning (ms): Min: 0.4, Avg: 0.5, Max: 0.6, Diff: 0.2, Sum: 1.9]
      [Update RS (ms): Min: 1.1, Avg: 1.2, Max: 1.3, Diff: 0.2, Sum: 4.9]
         [Processed Buffers: Min: 3, Avg: 9.0, Max: 24, Diff: 21, Sum: 36]
      [Scan RS (ms): Min: 2.4, Avg: 2.8, Max: 3.7, Diff: 1.3, Sum: 11.2]
      [Code Root Scanning (ms): Min: 0.0, Avg: 0.0, Max: 0.0, Diff: 0.0, Sum: 0.0]
      [Object Copy (ms): Min: 1.2, Avg: 2.1, Max: 2.4, Diff: 1.2, Sum: 8.2]
      [Termination (ms): Min: 0.0, Avg: 0.0, Max: 0.0, Diff: 0.0, Sum: 0.0]
         [Termination Attempts: Min: 1, Avg: 1.0, Max: 1, Diff: 0, Sum: 4]
      [GC Worker Other (ms): Min: 0.0, Avg: 0.0, Max: 0.0, Diff: 0.0, Sum: 0.1]
      [GC Worker Total (ms): Min: 6.5, Avg: 6.6, Max: 6.6, Diff: 0.2, Sum: 26.3]
      [GC Worker End (ms): Min: 1949604.5, Avg: 1949604.5, Max: 1949604.5, Diff: 0.0]
   [Code Root Fixup: 0.0 ms]
   [Code Root Purge: 0.0 ms]
   [Clear CT: 0.1 ms]
   [Other: 1.2 ms]
      [Choose CSet: 0.0 ms]
      [Ref Proc: 0.8 ms]
      [Ref Enq: 0.0 ms]
      [Redirty Cards: 0.1 ms]
      [Humongous Register: 0.0 ms]
      [Humongous Reclaim: 0.0 ms]
      [Free CSet: 0.0 ms]
   [Eden: 77.0M(77.0M)->0.0B(77.0M) Survivors: 2048.0K->2048.0K Heap: 226.2M(256.0M)->149.7M(256.0M)]
 [Times: user=0.02 sys=0.00, real=0.01 secs] 
2020-04-13T16:16:08.460+0800: 1951.404: [GC pause (G1 Evacuation Pause) (young) (initial-mark), 0.0077592 secs]
   [Parallel Time: 7.1 ms, GC Workers: 4]
      [GC Worker Start (ms): Min: 1951404.4, Avg: 1951404.4, Max: 1951404.5, Diff: 0.0]
      [Ext Root Scanning (ms): Min: 0.6, Avg: 0.6, Max: 0.6, Diff: 0.0, Sum: 2.5]
      [Update RS (ms): Min: 1.1, Avg: 1.2, Max: 1.4, Diff: 0.3, Sum: 5.0]
         [Processed Buffers: Min: 3, Avg: 9.2, Max: 27, Diff: 24, Sum: 37]
      [Scan RS (ms): Min: 1.6, Avg: 1.8, Max: 1.9, Diff: 0.3, Sum: 7.2]
      [Code Root Scanning (ms): Min: 0.0, Avg: 0.0, Max: 0.0, Diff: 0.0, Sum: 0.0]
      [Object Copy (ms): Min: 3.2, Avg: 3.2, Max: 3.3, Diff: 0.2, Sum: 13.0]
      [Termination (ms): Min: 0.0, Avg: 0.0, Max: 0.0, Diff: 0.0, Sum: 0.0]
         [Termination Attempts: Min: 1, Avg: 1.0, Max: 1, Diff: 0, Sum: 4]
      [GC Worker Other (ms): Min: 0.0, Avg: 0.0, Max: 0.0, Diff: 0.0, Sum: 0.1]
      [GC Worker Total (ms): Min: 6.9, Avg: 6.9, Max: 6.9, Diff: 0.0, Sum: 27.7]
      [GC Worker End (ms): Min: 1951411.4, Avg: 1951411.4, Max: 1951411.4, Diff: 0.0]
   [Code Root Fixup: 0.0 ms]
   [Code Root Purge: 0.0 ms]
   [Clear CT: 0.1 ms]
   [Other: 0.6 ms]
      [Choose CSet: 0.0 ms]
      [Ref Proc: 0.4 ms]
      [Ref Enq: 0.0 ms]
      [Redirty Cards: 0.0 ms]
      [Humongous Register: 0.0 ms]
      [Humongous Reclaim: 0.0 ms]
      [Free CSet: 0.0 ms]
   [Eden: 77.0M(77.0M)->0.0B(77.0M) Survivors: 2048.0K->2048.0K Heap: 226.7M(256.0M)->149.1M(256.0M)]
 [Times: user=0.02 sys=0.00, real=0.00 secs] 
2020-04-13T16:16:08.468+0800: 1951.412: [GC concurrent-root-region-scan-start]
2020-04-13T16:16:08.473+0800: 1951.417: [GC concurrent-root-region-scan-end, 0.0050828 secs]
2020-04-13T16:16:08.473+0800: 1951.417: [GC concurrent-mark-start]
2020-04-13T16:16:08.501+0800: 1951.445: [GC concurrent-mark-end, 0.0278800 secs]
2020-04-13T16:16:08.501+0800: 1951.445: [GC remark 2020-04-13T16:16:08.501+0800: 1951.445: [Finalize Marking, 0.0001783 secs] 2020-04-13T16:16:08.502+0800: 1951.446: [GC ref-proc, 0.0001858 secs] 2020-04-13T16:16:08.502+0800: 1951.446: [Unloading, 0.0061845 secs], 0.0082458 secs]
 [Times: user=0.02 sys=0.00, real=0.01 secs] 
2020-04-13T16:16:08.510+0800: 1951.454: [GC cleanup 150M->150M(256M), 0.0004130 secs]
 [Times: user=0.00 sys=0.00, real=0.00 secs] 
2020-04-13T16:16:10.162+0800: 1953.106: [GC pause (G1 Evacuation Pause) (young), 0.0105224 secs]
   [Parallel Time: 9.5 ms, GC Workers: 4]
      [GC Worker Start (ms): Min: 1953106.4, Avg: 1953106.4, Max: 1953106.4, Diff: 0.0]
      [Ext Root Scanning (ms): Min: 0.4, Avg: 0.4, Max: 0.5, Diff: 0.2, Sum: 1.7]
      [Update RS (ms): Min: 1.3, Avg: 1.4, Max: 1.4, Diff: 0.1, Sum: 5.5]
         [Processed Buffers: Min: 3, Avg: 10.2, Max: 19, Diff: 16, Sum: 41]
      [Scan RS (ms): Min: 4.8, Avg: 5.3, Max: 6.5, Diff: 1.7, Sum: 21.2]
      [Code Root Scanning (ms): Min: 0.0, Avg: 0.0, Max: 0.0, Diff: 0.0, Sum: 0.0]
      [Object Copy (ms): Min: 0.9, Avg: 2.2, Max: 2.6, Diff: 1.7, Sum: 8.6]
      [Termination (ms): Min: 0.0, Avg: 0.0, Max: 0.0, Diff: 0.0, Sum: 0.0]
         [Termination Attempts: Min: 1, Avg: 1.8, Max: 3, Diff: 2, Sum: 7]
      [GC Worker Other (ms): Min: 0.0, Avg: 0.1, Max: 0.2, Diff: 0.2, Sum: 0.2]
      [GC Worker Total (ms): Min: 9.3, Avg: 9.3, Max: 9.4, Diff: 0.2, Sum: 37.3]
      [GC Worker End (ms): Min: 1953115.7, Avg: 1953115.7, Max: 1953115.8, Diff: 0.2]
   [Code Root Fixup: 0.1 ms]
   [Code Root Purge: 0.0 ms]
   [Clear CT: 0.0 ms]
   [Other: 0.9 ms]
      [Choose CSet: 0.0 ms]
      [Ref Proc: 0.6 ms]
      [Ref Enq: 0.0 ms]
      [Redirty Cards: 0.1 ms]
      [Humongous Register: 0.0 ms]
      [Humongous Reclaim: 0.0 ms]
      [Free CSet: 0.0 ms]
   [Eden: 77.0M(77.0M)->0.0B(76.0M) Survivors: 2048.0K->2048.0K Heap: 226.1M(256.0M)->149.7M(256.0M)]
 [Times: user=0.03 sys=0.00, real=0.01 secs] 
2020-04-13T16:16:12.171+0800: 1955.115: [GC pause (G1 Evacuation Pause) (young), 0.0175867 secs]
   [Parallel Time: 17.1 ms, GC Workers: 4]
      [GC Worker Start (ms): Min: 1955114.6, Avg: 1955114.7, Max: 1955114.7, Diff: 0.0]
      [Ext Root Scanning (ms): Min: 0.4, Avg: 0.4, Max: 0.6, Diff: 0.2, Sum: 1.7]
      [Update RS (ms): Min: 1.2, Avg: 1.5, Max: 1.7, Diff: 0.5, Sum: 6.1]
         [Processed Buffers: Min: 4, Avg: 10.0, Max: 22, Diff: 18, Sum: 40]
      [Scan RS (ms): Min: 1.2, Avg: 2.3, Max: 4.8, Diff: 3.6, Sum: 9.3]
      [Code Root Scanning (ms): Min: 0.0, Avg: 0.0, Max: 0.0, Diff: 0.0, Sum: 0.0]
      [Object Copy (ms): Min: 0.0, Avg: 2.1, Max: 2.9, Diff: 2.9, Sum: 8.6]
      [Termination (ms): Min: 0.0, Avg: 3.0, Max: 10.7, Diff: 10.7, Sum: 12.1]
         [Termination Attempts: Min: 1, Avg: 2.8, Max: 5, Diff: 4, Sum: 11]
      [GC Worker Other (ms): Min: 0.0, Avg: 0.0, Max: 0.0, Diff: 0.0, Sum: 0.1]
      [GC Worker Total (ms): Min: 7.0, Avg: 9.5, Max: 16.9, Diff: 10.0, Sum: 37.8]
      [GC Worker End (ms): Min: 1955121.6, Avg: 1955124.1, Max: 1955131.6, Diff: 10.0]
   [Code Root Fixup: 0.1 ms]
   [Code Root Purge: 0.0 ms]
   [Clear CT: 0.1 ms]
   [Other: 0.4 ms]
      [Choose CSet: 0.0 ms]
      [Ref Proc: 0.1 ms]
      [Ref Enq: 0.0 ms]
      [Redirty Cards: 0.1 ms]
      [Humongous Register: 0.0 ms]
      [Humongous Reclaim: 0.0 ms]
      [Free CSet: 0.0 ms]
   [Eden: 76.0M(76.0M)->0.0B(76.0M) Survivors: 2048.0K->2048.0K Heap: 225.7M(256.0M)->149.3M(256.0M)]
 [Times: user=0.02 sys=0.00, real=0.01 secs] 
2020-04-13T16:16:13.947+0800: 1956.890: [GC pause (G1 Evacuation Pause) (young) (initial-mark), 0.0079189 secs]
   [Parallel Time: 6.9 ms, GC Workers: 4]
      [GC Worker Start (ms): Min: 1956890.5, Avg: 1956890.6, Max: 1956890.6, Diff: 0.0]
      [Ext Root Scanning (ms): Min: 0.6, Avg: 0.6, Max: 0.6, Diff: 0.0, Sum: 2.5]
      [Update RS (ms): Min: 2.1, Avg: 2.3, Max: 2.5, Diff: 0.3, Sum: 9.0]
         [Processed Buffers: Min: 2, Avg: 9.8, Max: 27, Diff: 25, Sum: 39]
      [Scan RS (ms): Min: 1.6, Avg: 1.9, Max: 2.5, Diff: 0.9, Sum: 7.5]
      [Code Root Scanning (ms): Min: 0.0, Avg: 0.0, Max: 0.0, Diff: 0.0, Sum: 0.0]
      [Object Copy (ms): Min: 1.1, Avg: 1.9, Max: 2.2, Diff: 1.1, Sum: 7.6]
      [Termination (ms): Min: 0.0, Avg: 0.0, Max: 0.0, Diff: 0.0, Sum: 0.0]
         [Termination Attempts: Min: 1, Avg: 1.0, Max: 1, Diff: 0, Sum: 4]
      [GC Worker Other (ms): Min: 0.0, Avg: 0.0, Max: 0.1, Diff: 0.0, Sum: 0.1]
      [GC Worker Total (ms): Min: 6.7, Avg: 6.7, Max: 6.7, Diff: 0.0, Sum: 26.7]
      [GC Worker End (ms): Min: 1956897.2, Avg: 1956897.3, Max: 1956897.3, Diff: 0.0]
   [Code Root Fixup: 0.1 ms]
   [Code Root Purge: 0.0 ms]
   [Clear CT: 0.0 ms]
   [Other: 0.9 ms]
      [Choose CSet: 0.0 ms]
      [Ref Proc: 0.6 ms]
      [Ref Enq: 0.0 ms]
      [Redirty Cards: 0.1 ms]
      [Humongous Register: 0.0 ms]
      [Humongous Reclaim: 0.0 ms]
      [Free CSet: 0.0 ms]
   [Eden: 76.0M(76.0M)->0.0B(76.0M) Survivors: 2048.0K->2048.0K Heap: 225.3M(256.0M)->149.6M(256.0M)]
 [Times: user=0.03 sys=0.00, real=0.01 secs] 
2020-04-13T16:16:13.955+0800: 1956.899: [GC concurrent-root-region-scan-start]
2020-04-13T16:16:13.960+0800: 1956.903: [GC concurrent-root-region-scan-end, 0.0048629 secs]
2020-04-13T16:16:13.960+0800: 1956.903: [GC concurrent-mark-start]
2020-04-13T16:16:13.989+0800: 1956.933: [GC concurrent-mark-end, 0.0294162 secs]
2020-04-13T16:16:13.989+0800: 1956.933: [GC remark 2020-04-13T16:16:13.989+0800: 1956.933: [Finalize Marking, 0.0001661 secs] 2020-04-13T16:16:13.989+0800: 1956.933: [GC ref-proc, 0.0001568 secs] 2020-04-13T16:16:13.990+0800: 1956.933: [Unloading, 0.0055353 secs], 0.0077498 secs]
 [Times: user=0.02 sys=0.00, real=0.01 secs] 
2020-04-13T16:16:13.997+0800: 1956.941: [GC cleanup 151M->151M(256M), 0.0003957 secs]
 [Times: user=0.00 sys=0.00, real=0.00 secs] 
2020-04-13T16:16:15.663+0800: 1958.606: [GC pause (G1 Evacuation Pause) (young), 0.0060818 secs]
   [Parallel Time: 5.6 ms, GC Workers: 4]
      [GC Worker Start (ms): Min: 1958606.4, Avg: 1958606.4, Max: 1958606.5, Diff: 0.0]
      [Ext Root Scanning (ms): Min: 0.4, Avg: 0.4, Max: 0.5, Diff: 0.2, Sum: 1.6]
      [Update RS (ms): Min: 1.2, Avg: 1.4, Max: 1.6, Diff: 0.3, Sum: 5.6]
         [Processed Buffers: Min: 3, Avg: 7.8, Max: 15, Diff: 12, Sum: 31]
      [Scan RS (ms): Min: 1.8, Avg: 1.9, Max: 2.0, Diff: 0.2, Sum: 7.5]
      [Code Root Scanning (ms): Min: 0.0, Avg: 0.0, Max: 0.0, Diff: 0.0, Sum: 0.0]
      [Object Copy (ms): Min: 1.8, Avg: 1.8, Max: 1.9, Diff: 0.1, Sum: 7.2]
      [Termination (ms): Min: 0.0, Avg: 0.0, Max: 0.0, Diff: 0.0, Sum: 0.0]
         [Termination Attempts: Min: 1, Avg: 1.0, Max: 1, Diff: 0, Sum: 4]
      [GC Worker Other (ms): Min: 0.0, Avg: 0.0, Max: 0.0, Diff: 0.0, Sum: 0.0]
      [GC Worker Total (ms): Min: 5.5, Avg: 5.5, Max: 5.5, Diff: 0.0, Sum: 22.1]
      [GC Worker End (ms): Min: 1958612.0, Avg: 1958612.0, Max: 1958612.0, Diff: 0.0]
   [Code Root Fixup: 0.1 ms]
   [Code Root Purge: 0.0 ms]
   [Clear CT: 0.1 ms]
   [Other: 0.3 ms]
      [Choose CSet: 0.0 ms]
      [Ref Proc: 0.1 ms]
      [Ref Enq: 0.0 ms]
      [Redirty Cards: 0.1 ms]
      [Humongous Register: 0.0 ms]
      [Humongous Reclaim: 0.0 ms]
      [Free CSet: 0.0 ms]
   [Eden: 76.0M(76.0M)->0.0B(10.0M) Survivors: 2048.0K->2048.0K Heap: 225.6M(256.0M)->149.9M(256.0M)]
 [Times: user=0.02 sys=0.00, real=0.00 secs] 
2020-04-13T16:16:15.882+0800: 1958.826: [GC pause (G1 Evacuation Pause) (mixed), 0.0129751 secs]
   [Parallel Time: 11.6 ms, GC Workers: 4]
      [GC Worker Start (ms): Min: 1958825.8, Avg: 1958825.8, Max: 1958825.8, Diff: 0.1]
      [Ext Root Scanning (ms): Min: 0.6, Avg: 0.9, Max: 1.4, Diff: 0.8, Sum: 3.4]
      [Update RS (ms): Min: 0.9, Avg: 1.4, Max: 1.7, Diff: 0.8, Sum: 5.5]
         [Processed Buffers: Min: 3, Avg: 6.2, Max: 9, Diff: 6, Sum: 25]
      [Scan RS (ms): Min: 3.6, Avg: 4.2, Max: 5.6, Diff: 2.0, Sum: 17.0]
      [Code Root Scanning (ms): Min: 0.0, Avg: 0.7, Max: 2.9, Diff: 2.9, Sum: 2.9]
      [Object Copy (ms): Min: 0.0, Avg: 2.8, Max: 4.1, Diff: 4.1, Sum: 11.2]
      [Termination (ms): Min: 0.0, Avg: 1.1, Max: 2.0, Diff: 2.0, Sum: 4.6]
         [Termination Attempts: Min: 1, Avg: 1.0, Max: 1, Diff: 0, Sum: 4]
      [GC Worker Other (ms): Min: 0.0, Avg: 0.0, Max: 0.0, Diff: 0.0, Sum: 0.1]
      [GC Worker Total (ms): Min: 10.8, Avg: 11.2, Max: 11.5, Diff: 0.7, Sum: 44.7]
      [GC Worker End (ms): Min: 1958836.6, Avg: 1958836.9, Max: 1958837.3, Diff: 0.7]
   [Code Root Fixup: 0.8 ms]
   [Code Root Purge: 0.0 ms]
   [Clear CT: 0.0 ms]
   [Other: 0.5 ms]
      [Choose CSet: 0.0 ms]
      [Ref Proc: 0.1 ms]
      [Ref Enq: 0.0 ms]
      [Redirty Cards: 0.1 ms]
      [Humongous Register: 0.0 ms]
      [Humongous Reclaim: 0.0 ms]
      [Free CSet: 0.3 ms]
   [Eden: 10.0M(10.0M)->0.0B(77.0M) Survivors: 2048.0K->2048.0K Heap: 159.9M(256.0M)->148.7M(256.0M)]
 [Times: user=0.03 sys=0.00, real=0.01 secs] 
2020-04-13T16:16:17.903+0800: 1960.847: [GC pause (G1 Evacuation Pause) (young), 0.0081951 secs]
   [Parallel Time: 7.3 ms, GC Workers: 4]
      [GC Worker Start (ms): Min: 1960847.2, Avg: 1960847.2, Max: 1960847.3, Diff: 0.0]
      [Ext Root Scanning (ms): Min: 0.4, Avg: 0.4, Max: 0.6, Diff: 0.2, Sum: 1.6]
      [Update RS (ms): Min: 2.0, Avg: 2.2, Max: 2.3, Diff: 0.2, Sum: 8.7]
         [Processed Buffers: Min: 2, Avg: 9.5, Max: 20, Diff: 18, Sum: 38]
      [Scan RS (ms): Min: 1.8, Avg: 1.9, Max: 2.0, Diff: 0.2, Sum: 7.5]
      [Code Root Scanning (ms): Min: 0.0, Avg: 0.0, Max: 0.0, Diff: 0.0, Sum: 0.0]
      [Object Copy (ms): Min: 1.7, Avg: 2.0, Max: 2.5, Diff: 0.8, Sum: 8.0]
      [Termination (ms): Min: 0.0, Avg: 0.7, Max: 1.0, Diff: 1.0, Sum: 2.7]
         [Termination Attempts: Min: 1, Avg: 1.0, Max: 1, Diff: 0, Sum: 4]
      [GC Worker Other (ms): Min: 0.0, Avg: 0.0, Max: 0.0, Diff: 0.0, Sum: 0.1]
      [GC Worker Total (ms): Min: 7.0, Avg: 7.1, Max: 7.2, Diff: 0.3, Sum: 28.6]
      [GC Worker End (ms): Min: 1960854.2, Avg: 1960854.4, Max: 1960854.5, Diff: 0.2]
   [Code Root Fixup: 0.0 ms]
   [Code Root Purge: 0.0 ms]
   [Clear CT: 0.1 ms]
   [Other: 0.8 ms]
      [Choose CSet: 0.0 ms]
      [Ref Proc: 0.6 ms]
      [Ref Enq: 0.0 ms]
      [Redirty Cards: 0.1 ms]
      [Humongous Register: 0.0 ms]
      [Humongous Reclaim: 0.0 ms]
      [Free CSet: 0.0 ms]
   [Eden: 77.0M(77.0M)->0.0B(77.0M) Survivors: 2048.0K->2048.0K Heap: 225.7M(256.0M)->149.1M(256.0M)]
 [Times: user=0.03 sys=0.00, real=0.01 secs] 
2020-04-13T16:16:19.723+0800: 1962.666: [GC pause (G1 Evacuation Pause) (young) (initial-mark), 0.0070698 secs]
   [Parallel Time: 6.3 ms, GC Workers: 4]
      [GC Worker Start (ms): Min: 1962666.6, Avg: 1962666.6, Max: 1962666.6, Diff: 0.0]
      [Ext Root Scanning (ms): Min: 0.6, Avg: 0.7, Max: 0.7, Diff: 0.0, Sum: 2.6]
      [Update RS (ms): Min: 1.4, Avg: 2.1, Max: 3.7, Diff: 2.3, Sum: 8.2]
         [Processed Buffers: Min: 3, Avg: 9.2, Max: 24, Diff: 21, Sum: 37]
      [Scan RS (ms): Min: 0.3, Avg: 1.8, Max: 2.4, Diff: 2.1, Sum: 7.0]
      [Code Root Scanning (ms): Min: 0.0, Avg: 0.0, Max: 0.0, Diff: 0.0, Sum: 0.0]
      [Object Copy (ms): Min: 1.6, Avg: 1.7, Max: 1.8, Diff: 0.3, Sum: 7.0]
      [Termination (ms): Min: 0.0, Avg: 0.0, Max: 0.0, Diff: 0.0, Sum: 0.0]
         [Termination Attempts: Min: 1, Avg: 1.0, Max: 1, Diff: 0, Sum: 4]
      [GC Worker Other (ms): Min: 0.0, Avg: 0.0, Max: 0.0, Diff: 0.0, Sum: 0.1]
      [GC Worker Total (ms): Min: 6.2, Avg: 6.2, Max: 6.2, Diff: 0.0, Sum: 24.9]
      [GC Worker End (ms): Min: 1962672.8, Avg: 1962672.8, Max: 1962672.8, Diff: 0.0]
   [Code Root Fixup: 0.1 ms]
   [Code Root Purge: 0.0 ms]
   [Clear CT: 0.1 ms]
   [Other: 0.6 ms]
      [Choose CSet: 0.0 ms]
      [Ref Proc: 0.3 ms]
      [Ref Enq: 0.0 ms]
      [Redirty Cards: 0.1 ms]
      [Humongous Register: 0.0 ms]
      [Humongous Reclaim: 0.0 ms]
      [Free CSet: 0.0 ms]
   [Eden: 77.0M(77.0M)->0.0B(77.0M) Survivors: 2048.0K->2048.0K Heap: 226.1M(256.0M)->149.2M(256.0M)]
 [Times: user=0.02 sys=0.00, real=0.01 secs] 
2020-04-13T16:16:19.730+0800: 1962.674: [GC concurrent-root-region-scan-start]
2020-04-13T16:16:19.734+0800: 1962.678: [GC concurrent-root-region-scan-end, 0.0042819 secs]
2020-04-13T16:16:19.734+0800: 1962.678: [GC concurrent-mark-start]
2020-04-13T16:16:19.765+0800: 1962.708: [GC concurrent-mark-end, 0.0304110 secs]
2020-04-13T16:16:19.765+0800: 1962.709: [GC remark 2020-04-13T16:16:19.765+0800: 1962.709: [Finalize Marking, 0.0009830 secs] 2020-04-13T16:16:19.766+0800: 1962.710: [GC ref-proc, 0.0002885 secs] 2020-04-13T16:16:19.766+0800: 1962.710: [Unloading, 0.0054457 secs], 0.0088992 secs]
 [Times: user=0.02 sys=0.00, real=0.01 secs] 
2020-04-13T16:16:19.774+0800: 1962.718: [GC cleanup 150M->150M(256M), 0.0004601 secs]
 [Times: user=0.00 sys=0.00, real=0.00 secs] 
2020-04-13T16:16:22.019+0800: 1964.962: [GC pause (G1 Evacuation Pause) (young), 0.0065178 secs]
   [Parallel Time: 5.8 ms, GC Workers: 4]
      [GC Worker Start (ms): Min: 1964962.5, Avg: 1964962.6, Max: 1964962.6, Diff: 0.0]
      [Ext Root Scanning (ms): Min: 0.4, Avg: 0.5, Max: 0.6, Diff: 0.2, Sum: 1.8]
      [Update RS (ms): Min: 1.5, Avg: 1.7, Max: 2.2, Diff: 0.6, Sum: 6.8]
         [Processed Buffers: Min: 1, Avg: 7.0, Max: 18, Diff: 17, Sum: 28]
      [Scan RS (ms): Min: 1.2, Avg: 1.7, Max: 2.0, Diff: 0.8, Sum: 7.0]
      [Code Root Scanning (ms): Min: 0.0, Avg: 0.0, Max: 0.0, Diff: 0.0, Sum: 0.0]
      [Object Copy (ms): Min: 1.8, Avg: 1.8, Max: 1.9, Diff: 0.1, Sum: 7.4]
      [Termination (ms): Min: 0.0, Avg: 0.0, Max: 0.0, Diff: 0.0, Sum: 0.0]
         [Termination Attempts: Min: 1, Avg: 1.0, Max: 1, Diff: 0, Sum: 4]
      [GC Worker Other (ms): Min: 0.0, Avg: 0.0, Max: 0.0, Diff: 0.0, Sum: 0.1]
      [GC Worker Total (ms): Min: 5.8, Avg: 5.8, Max: 5.8, Diff: 0.0, Sum: 23.1]
      [GC Worker End (ms): Min: 1964968.3, Avg: 1964968.3, Max: 1964968.3, Diff: 0.0]
   [Code Root Fixup: 0.1 ms]
   [Code Root Purge: 0.0 ms]
   [Clear CT: 0.2 ms]
   [Other: 0.4 ms]
      [Choose CSet: 0.0 ms]
      [Ref Proc: 0.1 ms]
      [Ref Enq: 0.0 ms]
      [Redirty Cards: 0.1 ms]
      [Humongous Register: 0.0 ms]
      [Humongous Reclaim: 0.0 ms]
      [Free CSet: 0.0 ms]
   [Eden: 77.0M(77.0M)->0.0B(77.0M) Survivors: 2048.0K->2048.0K Heap: 226.2M(256.0M)->149.3M(256.0M)]
 [Times: user=0.02 sys=0.01, real=0.01 secs] 
2020-04-13T16:16:23.739+0800: 1966.683: [GC pause (G1 Evacuation Pause) (young), 0.0074207 secs]
   [Parallel Time: 5.7 ms, GC Workers: 4]
      [GC Worker Start (ms): Min: 1966682.8, Avg: 1966682.9, Max: 1966682.9, Diff: 0.1]
      [Ext Root Scanning (ms): Min: 0.6, Avg: 0.6, Max: 0.7, Diff: 0.1, Sum: 2.6]
      [Update RS (ms): Min: 1.3, Avg: 1.4, Max: 1.5, Diff: 0.2, Sum: 5.6]
         [Processed Buffers: Min: 3, Avg: 9.5, Max: 28, Diff: 25, Sum: 38]
      [Scan RS (ms): Min: 1.5, Avg: 1.6, Max: 1.8, Diff: 0.3, Sum: 6.6]
      [Code Root Scanning (ms): Min: 0.0, Avg: 0.0, Max: 0.0, Diff: 0.0, Sum: 0.0]
      [Object Copy (ms): Min: 1.7, Avg: 1.7, Max: 1.8, Diff: 0.1, Sum: 7.0]
      [Termination (ms): Min: 0.0, Avg: 0.0, Max: 0.1, Diff: 0.1, Sum: 0.2]
         [Termination Attempts: Min: 1, Avg: 1.0, Max: 1, Diff: 0, Sum: 4]
      [GC Worker Other (ms): Min: 0.0, Avg: 0.0, Max: 0.0, Diff: 0.0, Sum: 0.0]
      [GC Worker Total (ms): Min: 5.4, Avg: 5.5, Max: 5.6, Diff: 0.1, Sum: 22.0]
      [GC Worker End (ms): Min: 1966688.4, Avg: 1966688.4, Max: 1966688.4, Diff: 0.0]
   [Code Root Fixup: 0.0 ms]
   [Code Root Purge: 0.0 ms]
   [Clear CT: 0.1 ms]
   [Other: 1.6 ms]
      [Choose CSet: 0.0 ms]
      [Ref Proc: 1.4 ms]
      [Ref Enq: 0.0 ms]
      [Redirty Cards: 0.1 ms]
      [Humongous Register: 0.0 ms]
      [Humongous Reclaim: 0.0 ms]
      [Free CSet: 0.0 ms]
   [Eden: 77.0M(77.0M)->0.0B(78.0M) Survivors: 2048.0K->1024.0K Heap: 226.3M(256.0M)->149.0M(256.0M)]
 [Times: user=0.02 sys=0.00, real=0.01 secs] 
2020-04-13T16:16:25.505+0800: 1968.448: [GC pause (G1 Evacuation Pause) (young) (initial-mark), 0.0079239 secs]
   [Parallel Time: 6.7 ms, GC Workers: 4]
      [GC Worker Start (ms): Min: 1968448.6, Avg: 1968448.6, Max: 1968448.6, Diff: 0.1]
      [Ext Root Scanning (ms): Min: 1.0, Avg: 1.1, Max: 1.5, Diff: 0.6, Sum: 4.5]
      [Update RS (ms): Min: 1.3, Avg: 1.6, Max: 1.9, Diff: 0.6, Sum: 6.3]
         [Processed Buffers: Min: 4, Avg: 7.5, Max: 12, Diff: 8, Sum: 30]
      [Scan RS (ms): Min: 1.7, Avg: 1.9, Max: 2.1, Diff: 0.4, Sum: 7.5]
      [Code Root Scanning (ms): Min: 0.0, Avg: 0.0, Max: 0.0, Diff: 0.0, Sum: 0.0]
      [Object Copy (ms): Min: 1.8, Avg: 1.9, Max: 2.0, Diff: 0.2, Sum: 7.8]
      [Termination (ms): Min: 0.0, Avg: 0.0, Max: 0.0, Diff: 0.0, Sum: 0.0]
         [Termination Attempts: Min: 1, Avg: 1.0, Max: 1, Diff: 0, Sum: 4]
      [GC Worker Other (ms): Min: 0.0, Avg: 0.0, Max: 0.0, Diff: 0.0, Sum: 0.1]
      [GC Worker Total (ms): Min: 6.5, Avg: 6.5, Max: 6.6, Diff: 0.1, Sum: 26.2]
      [GC Worker End (ms): Min: 1968455.1, Avg: 1968455.1, Max: 1968455.1, Diff: 0.0]
   [Code Root Fixup: 0.0 ms]
   [Code Root Purge: 0.0 ms]
   [Clear CT: 0.1 ms]
   [Other: 1.1 ms]
      [Choose CSet: 0.0 ms]
      [Ref Proc: 0.7 ms]
      [Ref Enq: 0.0 ms]
      [Redirty Cards: 0.2 ms]
      [Humongous Register: 0.0 ms]
      [Humongous Reclaim: 0.0 ms]
      [Free CSet: 0.0 ms]
   [Eden: 78.0M(78.0M)->0.0B(76.0M) Survivors: 1024.0K->2048.0K Heap: 227.0M(256.0M)->149.6M(256.0M)]
 [Times: user=0.02 sys=0.00, real=0.01 secs] 
2020-04-13T16:16:25.513+0800: 1968.457: [GC concurrent-root-region-scan-start]
2020-04-13T16:16:25.518+0800: 1968.462: [GC concurrent-root-region-scan-end, 0.0051870 secs]
2020-04-13T16:16:25.518+0800: 1968.462: [GC concurrent-mark-start]
2020-04-13T16:16:25.548+0800: 1968.492: [GC concurrent-mark-end, 0.0303243 secs]
2020-04-13T16:16:25.549+0800: 1968.493: [GC remark 2020-04-13T16:16:25.549+0800: 1968.493: [Finalize Marking, 0.0005215 secs] 2020-04-13T16:16:25.549+0800: 1968.493: [GC ref-proc, 0.0001343 secs] 2020-04-13T16:16:25.550+0800: 1968.493: [Unloading, 0.0046847 secs], 0.0069322 secs]
 [Times: user=0.02 sys=0.00, real=0.01 secs] 
2020-04-13T16:16:25.556+0800: 1968.500: [GC cleanup 151M->151M(256M), 0.0006291 secs]
 [Times: user=0.00 sys=0.00, real=0.00 secs] 
2020-04-13T16:16:27.563+0800: 1970.506: [GC pause (G1 Evacuation Pause) (young), 0.0190998 secs]
   [Parallel Time: 18.1 ms, GC Workers: 4]
      [GC Worker Start (ms): Min: 1970506.5, Avg: 1970506.6, Max: 1970506.6, Diff: 0.1]
      [Ext Root Scanning (ms): Min: 0.4, Avg: 0.5, Max: 0.5, Diff: 0.1, Sum: 1.9]
      [Update RS (ms): Min: 1.4, Avg: 1.7, Max: 2.0, Diff: 0.6, Sum: 6.6]
         [Processed Buffers: Min: 4, Avg: 8.2, Max: 14, Diff: 10, Sum: 33]
      [Scan RS (ms): Min: 2.1, Avg: 2.8, Max: 3.5, Diff: 1.4, Sum: 11.1]
      [Code Root Scanning (ms): Min: 0.0, Avg: 0.0, Max: 0.0, Diff: 0.0, Sum: 0.0]
      [Object Copy (ms): Min: 1.5, Avg: 2.5, Max: 3.3, Diff: 1.8, Sum: 10.1]
      [Termination (ms): Min: 0.0, Avg: 3.1, Max: 10.7, Diff: 10.7, Sum: 12.3]
         [Termination Attempts: Min: 1, Avg: 1.0, Max: 1, Diff: 0, Sum: 4]
      [GC Worker Other (ms): Min: 0.0, Avg: 0.0, Max: 0.0, Diff: 0.0, Sum: 0.1]
      [GC Worker Total (ms): Min: 8.0, Avg: 10.5, Max: 17.9, Diff: 9.9, Sum: 42.1]
      [GC Worker End (ms): Min: 1970514.6, Avg: 1970517.1, Max: 1970524.6, Diff: 10.0]
   [Code Root Fixup: 0.1 ms]
   [Code Root Purge: 0.0 ms]
   [Clear CT: 0.1 ms]
   [Other: 0.8 ms]
      [Choose CSet: 0.0 ms]
      [Ref Proc: 0.5 ms]
      [Ref Enq: 0.0 ms]
      [Redirty Cards: 0.1 ms]
      [Humongous Register: 0.0 ms]
      [Humongous Reclaim: 0.0 ms]
      [Free CSet: 0.0 ms]
   [Eden: 76.0M(76.0M)->0.0B(10.0M) Survivors: 2048.0K->2048.0K Heap: 225.6M(256.0M)->149.3M(256.0M)]
 [Times: user=0.03 sys=0.00, real=0.02 secs] 
2020-04-13T16:16:27.800+0800: 1970.744: [GC pause (G1 Evacuation Pause) (mixed), 0.0105513 secs]
   [Parallel Time: 6.8 ms, GC Workers: 4]
      [GC Worker Start (ms): Min: 1970743.6, Avg: 1970743.7, Max: 1970743.7, Diff: 0.1]
      [Ext Root Scanning (ms): Min: 0.4, Avg: 0.5, Max: 0.6, Diff: 0.1, Sum: 2.0]
      [Update RS (ms): Min: 1.6, Avg: 2.1, Max: 3.4, Diff: 1.8, Sum: 8.3]
         [Processed Buffers: Min: 2, Avg: 5.5, Max: 9, Diff: 7, Sum: 22]
      [Scan RS (ms): Min: 0.4, Avg: 1.7, Max: 2.2, Diff: 1.7, Sum: 6.9]
      [Code Root Scanning (ms): Min: 0.0, Avg: 0.0, Max: 0.0, Diff: 0.0, Sum: 0.0]
      [Object Copy (ms): Min: 2.3, Avg: 2.3, Max: 2.4, Diff: 0.1, Sum: 9.3]
      [Termination (ms): Min: 0.0, Avg: 0.0, Max: 0.0, Diff: 0.0, Sum: 0.0]
         [Termination Attempts: Min: 1, Avg: 1.2, Max: 2, Diff: 1, Sum: 5]
      [GC Worker Other (ms): Min: 0.0, Avg: 0.0, Max: 0.1, Diff: 0.0, Sum: 0.1]
      [GC Worker Total (ms): Min: 6.6, Avg: 6.6, Max: 6.7, Diff: 0.0, Sum: 26.6]
      [GC Worker End (ms): Min: 1970750.3, Avg: 1970750.3, Max: 1970750.3, Diff: 0.0]
   [Code Root Fixup: 0.1 ms]
   [Code Root Purge: 0.0 ms]
   [Clear CT: 0.1 ms]
   [Other: 3.7 ms]
      [Choose CSet: 0.0 ms]
      [Ref Proc: 3.4 ms]
      [Ref Enq: 0.0 ms]
      [Redirty Cards: 0.0 ms]
      [Humongous Register: 0.0 ms]
      [Humongous Reclaim: 0.0 ms]
      [Free CSet: 0.0 ms]
   [Eden: 10.0M(10.0M)->0.0B(77.0M) Survivors: 2048.0K->2048.0K Heap: 159.3M(256.0M)->148.6M(256.0M)]
 [Times: user=0.02 sys=0.00, real=0.01 secs] 
2020-04-13T16:16:29.848+0800: 1972.792: [GC pause (G1 Evacuation Pause) (young), 0.0069487 secs]
   [Parallel Time: 6.0 ms, GC Workers: 4]
      [GC Worker Start (ms): Min: 1972792.2, Avg: 1972792.2, Max: 1972792.2, Diff: 0.0]
      [Ext Root Scanning (ms): Min: 0.4, Avg: 0.4, Max: 0.5, Diff: 0.1, Sum: 1.7]
      [Update RS (ms): Min: 1.3, Avg: 1.4, Max: 1.6, Diff: 0.3, Sum: 5.8]
         [Processed Buffers: Min: 3, Avg: 10.0, Max: 16, Diff: 13, Sum: 40]
      [Scan RS (ms): Min: 1.6, Avg: 1.9, Max: 2.3, Diff: 0.7, Sum: 7.6]
      [Code Root Scanning (ms): Min: 0.0, Avg: 0.0, Max: 0.0, Diff: 0.0, Sum: 0.0]
      [Object Copy (ms): Min: 1.6, Avg: 2.2, Max: 2.4, Diff: 0.8, Sum: 8.7]
      [Termination (ms): Min: 0.0, Avg: 0.0, Max: 0.0, Diff: 0.0, Sum: 0.0]
         [Termination Attempts: Min: 1, Avg: 1.0, Max: 1, Diff: 0, Sum: 4]
      [GC Worker Other (ms): Min: 0.0, Avg: 0.0, Max: 0.0, Diff: 0.0, Sum: 0.1]
      [GC Worker Total (ms): Min: 5.9, Avg: 5.9, Max: 6.0, Diff: 0.0, Sum: 23.8]
      [GC Worker End (ms): Min: 1972798.1, Avg: 1972798.1, Max: 1972798.1, Diff: 0.0]
   [Code Root Fixup: 0.1 ms]
   [Code Root Purge: 0.0 ms]
   [Clear CT: 0.1 ms]
   [Other: 0.8 ms]
      [Choose CSet: 0.0 ms]
      [Ref Proc: 0.5 ms]
      [Ref Enq: 0.0 ms]
      [Redirty Cards: 0.1 ms]
      [Humongous Register: 0.0 ms]
      [Humongous Reclaim: 0.0 ms]
      [Free CSet: 0.0 ms]
   [Eden: 77.0M(77.0M)->0.0B(79.0M) Survivors: 2048.0K->1024.0K Heap: 225.6M(256.0M)->148.4M(256.0M)]
 [Times: user=0.02 sys=0.00, real=0.01 secs] 
2020-04-13T16:16:31.929+0800: 1974.873: [GC pause (G1 Evacuation Pause) (young) (initial-mark), 0.0078005 secs]
   [Parallel Time: 6.5 ms, GC Workers: 4]
      [GC Worker Start (ms): Min: 1974872.8, Avg: 1974873.0, Max: 1974873.6, Diff: 0.8]
      [Ext Root Scanning (ms): Min: 0.7, Avg: 0.8, Max: 0.9, Diff: 0.1, Sum: 3.1]
      [Update RS (ms): Min: 1.4, Avg: 2.0, Max: 3.1, Diff: 1.7, Sum: 8.0]
         [Processed Buffers: Min: 3, Avg: 10.0, Max: 29, Diff: 26, Sum: 40]
      [Scan RS (ms): Min: 0.5, Avg: 1.3, Max: 1.7, Diff: 1.2, Sum: 5.2]
      [Code Root Scanning (ms): Min: 0.0, Avg: 0.0, Max: 0.0, Diff: 0.0, Sum: 0.0]
      [Object Copy (ms): Min: 1.9, Avg: 2.0, Max: 2.1, Diff: 0.2, Sum: 8.0]
      [Termination (ms): Min: 0.0, Avg: 0.0, Max: 0.0, Diff: 0.0, Sum: 0.0]
         [Termination Attempts: Min: 1, Avg: 1.0, Max: 1, Diff: 0, Sum: 4]
      [GC Worker Other (ms): Min: 0.0, Avg: 0.0, Max: 0.0, Diff: 0.0, Sum: 0.1]
      [GC Worker Total (ms): Min: 5.6, Avg: 6.1, Max: 6.3, Diff: 0.8, Sum: 24.4]
      [GC Worker End (ms): Min: 1974879.1, Avg: 1974879.1, Max: 1974879.1, Diff: 0.0]
   [Code Root Fixup: 0.1 ms]
   [Code Root Purge: 0.0 ms]
   [Clear CT: 0.1 ms]
   [Other: 1.2 ms]
      [Choose CSet: 0.0 ms]
      [Ref Proc: 0.4 ms]
      [Ref Enq: 0.0 ms]
      [Redirty Cards: 0.1 ms]
      [Humongous Register: 0.0 ms]
      [Humongous Reclaim: 0.0 ms]
      [Free CSet: 0.0 ms]
   [Eden: 79.0M(79.0M)->0.0B(77.0M) Survivors: 1024.0K->2048.0K Heap: 227.4M(256.0M)->148.6M(256.0M)]
 [Times: user=0.02 sys=0.00, real=0.01 secs] 
2020-04-13T16:16:31.937+0800: 1974.881: [GC concurrent-root-region-scan-start]
2020-04-13T16:16:31.941+0800: 1974.885: [GC concurrent-root-region-scan-end, 0.0041293 secs]
2020-04-13T16:16:31.941+0800: 1974.885: [GC concurrent-mark-start]
2020-04-13T16:16:32.105+0800: 1975.049: [GC concurrent-mark-end, 0.1638374 secs]
2020-04-13T16:16:32.105+0800: 1975.049: [GC remark 2020-04-13T16:16:32.106+0800: 1975.049: [Finalize Marking, 0.0007498 secs] 2020-04-13T16:16:32.106+0800: 1975.050: [GC ref-proc, 0.0001338 secs] 2020-04-13T16:16:32.106+0800: 1975.050: [Unloading, 0.0044238 secs], 0.0076777 secs]
 [Times: user=0.02 sys=0.00, real=0.01 secs] 
2020-04-13T16:16:32.113+0800: 1975.057: [GC cleanup 151M->151M(256M), 0.0007005 secs]
 [Times: user=0.00 sys=0.00, real=0.00 secs] 
2020-04-13T16:16:34.207+0800: 1977.150: [GC pause (G1 Evacuation Pause) (young), 0.0085995 secs]
   [Parallel Time: 7.3 ms, GC Workers: 4]
      [GC Worker Start (ms): Min: 1977150.3, Avg: 1977150.3, Max: 1977150.4, Diff: 0.0]
      [Ext Root Scanning (ms): Min: 0.4, Avg: 0.4, Max: 0.5, Diff: 0.1, Sum: 1.7]
      [Update RS (ms): Min: 1.7, Avg: 2.5, Max: 4.6, Diff: 2.9, Sum: 9.9]
         [Processed Buffers: Min: 1, Avg: 9.2, Max: 26, Diff: 25, Sum: 37]
      [Scan RS (ms): Min: 0.0, Avg: 1.5, Max: 2.1, Diff: 2.1, Sum: 5.9]
      [Code Root Scanning (ms): Min: 0.0, Avg: 0.0, Max: 0.0, Diff: 0.0, Sum: 0.0]
      [Object Copy (ms): Min: 1.5, Avg: 2.3, Max: 2.9, Diff: 1.4, Sum: 9.1]
      [Termination (ms): Min: 0.0, Avg: 0.5, Max: 0.8, Diff: 0.8, Sum: 2.1]
         [Termination Attempts: Min: 1, Avg: 1.5, Max: 3, Diff: 2, Sum: 6]
      [GC Worker Other (ms): Min: 0.0, Avg: 0.0, Max: 0.0, Diff: 0.0, Sum: 0.1]
      [GC Worker Total (ms): Min: 7.2, Avg: 7.2, Max: 7.2, Diff: 0.1, Sum: 28.8]
      [GC Worker End (ms): Min: 1977157.5, Avg: 1977157.5, Max: 1977157.6, Diff: 0.1]
   [Code Root Fixup: 0.1 ms]
   [Code Root Purge: 0.0 ms]
   [Clear CT: 0.1 ms]
   [Other: 1.2 ms]
      [Choose CSet: 0.0 ms]
      [Ref Proc: 0.8 ms]
      [Ref Enq: 0.0 ms]
      [Redirty Cards: 0.1 ms]
      [Humongous Register: 0.0 ms]
      [Humongous Reclaim: 0.0 ms]
      [Free CSet: 0.0 ms]
   [Eden: 77.0M(77.0M)->0.0B(77.0M) Survivors: 2048.0K->2048.0K Heap: 225.6M(256.0M)->148.7M(256.0M)]
 [Times: user=0.03 sys=0.00, real=0.01 secs] 
2020-04-13T16:16:36.091+0800: 1979.034: [GC pause (G1 Evacuation Pause) (young), 0.0059370 secs]
   [Parallel Time: 5.2 ms, GC Workers: 4]
      [GC Worker Start (ms): Min: 1979034.5, Avg: 1979034.6, Max: 1979034.7, Diff: 0.2]
      [Ext Root Scanning (ms): Min: 0.3, Avg: 0.5, Max: 0.6, Diff: 0.3, Sum: 2.0]
      [Update RS (ms): Min: 1.3, Avg: 1.4, Max: 1.5, Diff: 0.2, Sum: 5.6]
         [Processed Buffers: Min: 3, Avg: 8.0, Max: 16, Diff: 13, Sum: 32]
      [Scan RS (ms): Min: 1.4, Avg: 1.5, Max: 1.6, Diff: 0.2, Sum: 6.1]
      [Code Root Scanning (ms): Min: 0.0, Avg: 0.0, Max: 0.0, Diff: 0.0, Sum: 0.0]
      [Object Copy (ms): Min: 1.6, Avg: 1.7, Max: 1.7, Diff: 0.1, Sum: 6.7]
      [Termination (ms): Min: 0.0, Avg: 0.0, Max: 0.0, Diff: 0.0, Sum: 0.0]
         [Termination Attempts: Min: 1, Avg: 1.0, Max: 1, Diff: 0, Sum: 4]
      [GC Worker Other (ms): Min: 0.0, Avg: 0.0, Max: 0.0, Diff: 0.0, Sum: 0.1]
      [GC Worker Total (ms): Min: 5.0, Avg: 5.1, Max: 5.2, Diff: 0.2, Sum: 20.4]
      [GC Worker End (ms): Min: 1979039.7, Avg: 1979039.7, Max: 1979039.7, Diff: 0.0]
   [Code Root Fixup: 0.0 ms]
   [Code Root Purge: 0.0 ms]
   [Clear CT: 0.1 ms]
   [Other: 0.6 ms]
      [Choose CSet: 0.0 ms]
      [Ref Proc: 0.1 ms]
      [Ref Enq: 0.0 ms]
      [Redirty Cards: 0.1 ms]
      [Humongous Register: 0.0 ms]
      [Humongous Reclaim: 0.0 ms]
      [Free CSet: 0.0 ms]
   [Eden: 77.0M(77.0M)->0.0B(77.0M) Survivors: 2048.0K->2048.0K Heap: 225.7M(256.0M)->149.0M(256.0M)]
 [Times: user=0.02 sys=0.00, real=0.00 secs] 
2020-04-13T16:16:38.279+0800: 1981.222: [GC pause (G1 Evacuation Pause) (young) (initial-mark), 0.0065660 secs]
   [Parallel Time: 5.9 ms, GC Workers: 4]
      [GC Worker Start (ms): Min: 1981222.4, Avg: 1981222.4, Max: 1981222.5, Diff: 0.0]
      [Ext Root Scanning (ms): Min: 0.6, Avg: 0.6, Max: 0.7, Diff: 0.1, Sum: 2.5]
      [Update RS (ms): Min: 1.4, Avg: 1.5, Max: 1.6, Diff: 0.2, Sum: 6.0]
         [Processed Buffers: Min: 3, Avg: 8.2, Max: 22, Diff: 19, Sum: 33]
      [Scan RS (ms): Min: 1.7, Avg: 1.8, Max: 2.0, Diff: 0.2, Sum: 7.3]
      [Code Root Scanning (ms): Min: 0.0, Avg: 0.0, Max: 0.0, Diff: 0.0, Sum: 0.0]
      [Object Copy (ms): Min: 1.6, Avg: 1.7, Max: 1.8, Diff: 0.2, Sum: 6.8]
      [Termination (ms): Min: 0.0, Avg: 0.0, Max: 0.0, Diff: 0.0, Sum: 0.0]
         [Termination Attempts: Min: 1, Avg: 1.0, Max: 1, Diff: 0, Sum: 4]
      [GC Worker Other (ms): Min: 0.0, Avg: 0.0, Max: 0.0, Diff: 0.0, Sum: 0.1]
      [GC Worker Total (ms): Min: 5.6, Avg: 5.7, Max: 5.7, Diff: 0.0, Sum: 22.7]
      [GC Worker End (ms): Min: 1981228.1, Avg: 1981228.1, Max: 1981228.1, Diff: 0.0]
   [Code Root Fixup: 0.1 ms]
   [Code Root Purge: 0.0 ms]
   [Clear CT: 0.1 ms]
   [Other: 0.5 ms]
      [Choose CSet: 0.0 ms]
      [Ref Proc: 0.2 ms]
      [Ref Enq: 0.0 ms]
      [Redirty Cards: 0.1 ms]
      [Humongous Register: 0.0 ms]
      [Humongous Reclaim: 0.0 ms]
      [Free CSet: 0.0 ms]
   [Eden: 77.0M(77.0M)->0.0B(79.0M) Survivors: 2048.0K->1024.0K Heap: 226.0M(256.0M)->148.6M(256.0M)]
 [Times: user=0.02 sys=0.00, real=0.01 secs] 
2020-04-13T16:16:38.286+0800: 1981.229: [GC concurrent-root-region-scan-start]
2020-04-13T16:16:38.289+0800: 1981.233: [GC concurrent-root-region-scan-end, 0.0038714 secs]
2020-04-13T16:16:38.289+0800: 1981.233: [GC concurrent-mark-start]
2020-04-13T16:16:38.324+0800: 1981.267: [GC concurrent-mark-end, 0.0340423 secs]
2020-04-13T16:16:38.324+0800: 1981.268: [GC remark 2020-04-13T16:16:38.324+0800: 1981.268: [Finalize Marking, 0.0002980 secs] 2020-04-13T16:16:38.324+0800: 1981.268: [GC ref-proc, 0.0001070 secs] 2020-04-13T16:16:38.324+0800: 1981.268: [Unloading, 0.0046354 secs], 0.0067032 secs]
 [Times: user=0.01 sys=0.00, real=0.01 secs] 
2020-04-13T16:16:38.331+0800: 1981.274: [GC cleanup 150M->150M(256M), 0.0013786 secs]
 [Times: user=0.00 sys=0.00, real=0.00 secs] 
2020-04-13T16:16:40.425+0800: 1983.368: [GC pause (G1 Evacuation Pause) (young), 0.0086418 secs]
   [Parallel Time: 7.7 ms, GC Workers: 4]
      [GC Worker Start (ms): Min: 1983368.1, Avg: 1983368.1, Max: 1983368.1, Diff: 0.0]
      [Ext Root Scanning (ms): Min: 0.4, Avg: 0.4, Max: 0.5, Diff: 0.2, Sum: 1.6]
      [Update RS (ms): Min: 2.5, Avg: 3.0, Max: 4.5, Diff: 2.0, Sum: 12.1]
         [Processed Buffers: Min: 1, Avg: 9.5, Max: 20, Diff: 19, Sum: 38]
      [Scan RS (ms): Min: 0.4, Avg: 2.2, Max: 3.9, Diff: 3.6, Sum: 8.9]
      [Code Root Scanning (ms): Min: 0.0, Avg: 0.0, Max: 0.0, Diff: 0.0, Sum: 0.0]
      [Object Copy (ms): Min: 0.6, Avg: 1.8, Max: 2.2, Diff: 1.6, Sum: 7.1]
      [Termination (ms): Min: 0.0, Avg: 0.0, Max: 0.0, Diff: 0.0, Sum: 0.0]
         [Termination Attempts: Min: 1, Avg: 1.5, Max: 3, Diff: 2, Sum: 6]
      [GC Worker Other (ms): Min: 0.0, Avg: 0.1, Max: 0.2, Diff: 0.2, Sum: 0.4]
      [GC Worker Total (ms): Min: 7.5, Avg: 7.5, Max: 7.6, Diff: 0.1, Sum: 30.0]
      [GC Worker End (ms): Min: 1983375.5, Avg: 1983375.6, Max: 1983375.7, Diff: 0.2]
   [Code Root Fixup: 0.1 ms]
   [Code Root Purge: 0.0 ms]
   [Clear CT: 0.1 ms]
   [Other: 0.8 ms]
      [Choose CSet: 0.0 ms]
      [Ref Proc: 0.4 ms]
      [Ref Enq: 0.0 ms]
      [Redirty Cards: 0.2 ms]
      [Humongous Register: 0.0 ms]
      [Humongous Reclaim: 0.0 ms]
      [Free CSet: 0.0 ms]
   [Eden: 79.0M(79.0M)->0.0B(77.0M) Survivors: 1024.0K->2048.0K Heap: 227.6M(256.0M)->148.9M(256.0M)]
 [Times: user=0.02 sys=0.00, real=0.01 secs] 
2020-04-13T16:16:42.926+0800: 1985.870: [GC pause (G1 Evacuation Pause) (young), 0.0072272 secs]
   [Parallel Time: 6.3 ms, GC Workers: 4]
      [GC Worker Start (ms): Min: 1985870.0, Avg: 1985870.4, Max: 1985870.9, Diff: 0.8]
      [Ext Root Scanning (ms): Min: 0.0, Avg: 1.4, Max: 3.9, Diff: 3.9, Sum: 5.8]
      [Update RS (ms): Min: 0.0, Avg: 1.3, Max: 1.8, Diff: 1.8, Sum: 5.1]
         [Processed Buffers: Min: 0, Avg: 9.5, Max: 19, Diff: 19, Sum: 38]
      [Scan RS (ms): Min: 0.1, Avg: 1.4, Max: 1.9, Diff: 1.7, Sum: 5.7]
      [Code Root Scanning (ms): Min: 0.0, Avg: 0.1, Max: 0.2, Diff: 0.2, Sum: 0.2]
      [Object Copy (ms): Min: 1.5, Avg: 1.7, Max: 1.8, Diff: 0.3, Sum: 6.8]
      [Termination (ms): Min: 0.0, Avg: 0.0, Max: 0.0, Diff: 0.0, Sum: 0.0]
         [Termination Attempts: Min: 1, Avg: 1.0, Max: 1, Diff: 0, Sum: 4]
      [GC Worker Other (ms): Min: 0.0, Avg: 0.0, Max: 0.0, Diff: 0.0, Sum: 0.0]
      [GC Worker Total (ms): Min: 5.5, Avg: 5.9, Max: 6.3, Diff: 0.8, Sum: 23.7]
      [GC Worker End (ms): Min: 1985876.3, Avg: 1985876.3, Max: 1985876.3, Diff: 0.0]
   [Code Root Fixup: 0.0 ms]
   [Code Root Purge: 0.0 ms]
   [Clear CT: 0.1 ms]
   [Other: 0.8 ms]
      [Choose CSet: 0.0 ms]
      [Ref Proc: 0.3 ms]
      [Ref Enq: 0.0 ms]
      [Redirty Cards: 0.3 ms]
      [Humongous Register: 0.0 ms]
      [Humongous Reclaim: 0.0 ms]
      [Free CSet: 0.0 ms]
   [Eden: 77.0M(77.0M)->0.0B(77.0M) Survivors: 2048.0K->2048.0K Heap: 225.9M(256.0M)->149.0M(256.0M)]
 [Times: user=0.02 sys=0.00, real=0.01 secs] 
2020-04-13T16:16:44.963+0800: 1987.906: [GC pause (G1 Evacuation Pause) (young) (initial-mark), 0.0076987 secs]
   [Parallel Time: 6.8 ms, GC Workers: 4]
      [GC Worker Start (ms): Min: 1987906.3, Avg: 1987906.3, Max: 1987906.3, Diff: 0.0]
      [Ext Root Scanning (ms): Min: 0.6, Avg: 0.6, Max: 0.6, Diff: 0.0, Sum: 2.5]
      [Update RS (ms): Min: 1.3, Avg: 1.5, Max: 1.6, Diff: 0.3, Sum: 5.9]
         [Processed Buffers: Min: 3, Avg: 7.5, Max: 11, Diff: 8, Sum: 30]
      [Scan RS (ms): Min: 2.3, Avg: 2.6, Max: 3.3, Diff: 1.0, Sum: 10.5]
      [Code Root Scanning (ms): Min: 0.0, Avg: 0.0, Max: 0.0, Diff: 0.0, Sum: 0.0]
      [Object Copy (ms): Min: 1.3, Avg: 1.9, Max: 2.2, Diff: 0.8, Sum: 7.6]
      [Termination (ms): Min: 0.0, Avg: 0.0, Max: 0.0, Diff: 0.0, Sum: 0.0]
         [Termination Attempts: Min: 1, Avg: 1.0, Max: 1, Diff: 0, Sum: 4]
      [GC Worker Other (ms): Min: 0.0, Avg: 0.0, Max: 0.0, Diff: 0.0, Sum: 0.1]
      [GC Worker Total (ms): Min: 6.6, Avg: 6.6, Max: 6.6, Diff: 0.0, Sum: 26.5]
      [GC Worker End (ms): Min: 1987912.9, Avg: 1987912.9, Max: 1987912.9, Diff: 0.0]
   [Code Root Fixup: 0.1 ms]
   [Code Root Purge: 0.0 ms]
   [Clear CT: 0.1 ms]
   [Other: 0.8 ms]
      [Choose CSet: 0.0 ms]
      [Ref Proc: 0.5 ms]
      [Ref Enq: 0.0 ms]
      [Redirty Cards: 0.1 ms]
      [Humongous Register: 0.0 ms]
      [Humongous Reclaim: 0.0 ms]
      [Free CSet: 0.0 ms]
   [Eden: 77.0M(77.0M)->0.0B(77.0M) Survivors: 2048.0K->2048.0K Heap: 226.0M(256.0M)->149.4M(256.0M)]
 [Times: user=0.02 sys=0.00, real=0.01 secs] 
2020-04-13T16:16:44.971+0800: 1987.914: [GC concurrent-root-region-scan-start]
2020-04-13T16:16:44.975+0800: 1987.919: [GC concurrent-root-region-scan-end, 0.0045720 secs]
2020-04-13T16:16:44.975+0800: 1987.919: [GC concurrent-mark-start]
2020-04-13T16:16:45.006+0800: 1987.950: [GC concurrent-mark-end, 0.0309921 secs]
2020-04-13T16:16:45.007+0800: 1987.950: [GC remark 2020-04-13T16:16:45.007+0800: 1987.950: [Finalize Marking, 0.0006760 secs] 2020-04-13T16:16:45.007+0800: 1987.951: [GC ref-proc, 0.0001255 secs] 2020-04-13T16:16:45.007+0800: 1987.951: [Unloading, 0.0052298 secs], 0.0078371 secs]
 [Times: user=0.02 sys=0.00, real=0.01 secs] 
2020-04-13T16:16:45.015+0800: 1987.958: [GC cleanup 150M->150M(256M), 0.0004755 secs]
 [Times: user=0.00 sys=0.00, real=0.00 secs] 
2020-04-13T16:16:46.993+0800: 1989.936: [GC pause (G1 Evacuation Pause) (young), 0.0075739 secs]
   [Parallel Time: 6.8 ms, GC Workers: 4]
      [GC Worker Start (ms): Min: 1989936.1, Avg: 1989936.2, Max: 1989936.2, Diff: 0.0]
      [Ext Root Scanning (ms): Min: 0.5, Avg: 1.0, Max: 2.2, Diff: 1.7, Sum: 3.9]
      [Update RS (ms): Min: 0.0, Avg: 1.2, Max: 1.7, Diff: 1.7, Sum: 4.9]
         [Processed Buffers: Min: 0, Avg: 8.8, Max: 19, Diff: 19, Sum: 35]
      [Scan RS (ms): Min: 1.3, Avg: 1.4, Max: 1.5, Diff: 0.2, Sum: 5.4]
      [Code Root Scanning (ms): Min: 0.0, Avg: 0.0, Max: 0.0, Diff: 0.0, Sum: 0.0]
      [Object Copy (ms): Min: 2.2, Avg: 2.4, Max: 2.8, Diff: 0.6, Sum: 9.7]
      [Termination (ms): Min: 0.0, Avg: 0.5, Max: 0.8, Diff: 0.8, Sum: 2.1]
         [Termination Attempts: Min: 1, Avg: 1.2, Max: 2, Diff: 1, Sum: 5]
      [GC Worker Other (ms): Min: 0.0, Avg: 0.0, Max: 0.0, Diff: 0.0, Sum: 0.0]
      [GC Worker Total (ms): Min: 6.4, Avg: 6.5, Max: 6.7, Diff: 0.2, Sum: 26.1]
      [GC Worker End (ms): Min: 1989942.6, Avg: 1989942.7, Max: 1989942.8, Diff: 0.3]
   [Code Root Fixup: 0.1 ms]
   [Code Root Purge: 0.0 ms]
   [Clear CT: 0.1 ms]
   [Other: 0.6 ms]
      [Choose CSet: 0.0 ms]
      [Ref Proc: 0.3 ms]
      [Ref Enq: 0.0 ms]
      [Redirty Cards: 0.1 ms]
      [Humongous Register: 0.0 ms]
      [Humongous Reclaim: 0.0 ms]
      [Free CSet: 0.0 ms]
   [Eden: 77.0M(77.0M)->0.0B(79.0M) Survivors: 2048.0K->1024.0K Heap: 226.4M(256.0M)->149.0M(256.0M)]
 [Times: user=0.02 sys=0.00, real=0.01 secs] 
2020-04-13T16:16:49.278+0800: 1992.221: [GC pause (G1 Evacuation Pause) (young), 0.0087963 secs]
   [Parallel Time: 7.3 ms, GC Workers: 4]
      [GC Worker Start (ms): Min: 1992221.0, Avg: 1992221.2, Max: 1992221.5, Diff: 0.5]
      [Ext Root Scanning (ms): Min: 0.2, Avg: 0.8, Max: 1.5, Diff: 1.2, Sum: 3.2]
      [Update RS (ms): Min: 1.4, Avg: 2.1, Max: 3.0, Diff: 1.6, Sum: 8.3]
         [Processed Buffers: Min: 3, Avg: 9.8, Max: 19, Diff: 16, Sum: 39]
      [Scan RS (ms): Min: 0.6, Avg: 2.0, Max: 4.2, Diff: 3.6, Sum: 7.9]
      [Code Root Scanning (ms): Min: 0.0, Avg: 0.0, Max: 0.0, Diff: 0.0, Sum: 0.0]
      [Object Copy (ms): Min: 0.0, Avg: 2.1, Max: 2.8, Diff: 2.8, Sum: 8.2]
      [Termination (ms): Min: 0.0, Avg: 0.0, Max: 0.0, Diff: 0.0, Sum: 0.0]
         [Termination Attempts: Min: 1, Avg: 1.0, Max: 1, Diff: 0, Sum: 4]
      [GC Worker Other (ms): Min: 0.0, Avg: 0.0, Max: 0.0, Diff: 0.0, Sum: 0.1]
      [GC Worker Total (ms): Min: 6.6, Avg: 6.9, Max: 7.2, Diff: 0.5, Sum: 27.7]
      [GC Worker End (ms): Min: 1992228.2, Avg: 1992228.2, Max: 1992228.2, Diff: 0.0]
   [Code Root Fixup: 0.0 ms]
   [Code Root Purge: 0.0 ms]
   [Clear CT: 0.1 ms]
   [Other: 1.4 ms]
      [Choose CSet: 0.0 ms]
      [Ref Proc: 1.1 ms]
      [Ref Enq: 0.0 ms]
      [Redirty Cards: 0.1 ms]
      [Humongous Register: 0.0 ms]
      [Humongous Reclaim: 0.0 ms]
      [Free CSet: 0.0 ms]
   [Eden: 79.0M(79.0M)->0.0B(78.0M) Survivors: 1024.0K->1024.0K Heap: 228.0M(256.0M)->149.0M(256.0M)]
 [Times: user=0.02 sys=0.00, real=0.01 secs] 
2020-04-13T16:16:51.325+0800: 1994.268: [GC pause (G1 Evacuation Pause) (young) (initial-mark), 0.0066340 secs]
   [Parallel Time: 5.8 ms, GC Workers: 4]
      [GC Worker Start (ms): Min: 1994268.6, Avg: 1994268.6, Max: 1994268.6, Diff: 0.0]
      [Ext Root Scanning (ms): Min: 0.9, Avg: 1.0, Max: 1.0, Diff: 0.1, Sum: 3.8]
      [Update RS (ms): Min: 0.9, Avg: 1.5, Max: 1.8, Diff: 0.8, Sum: 6.0]
         [Processed Buffers: Min: 3, Avg: 7.5, Max: 15, Diff: 12, Sum: 30]
      [Scan RS (ms): Min: 1.3, Avg: 1.4, Max: 1.5, Diff: 0.2, Sum: 5.8]
      [Code Root Scanning (ms): Min: 0.0, Avg: 0.0, Max: 0.0, Diff: 0.0, Sum: 0.0]
      [Object Copy (ms): Min: 1.7, Avg: 1.8, Max: 2.2, Diff: 0.5, Sum: 7.4]
      [Termination (ms): Min: 0.0, Avg: 0.0, Max: 0.0, Diff: 0.0, Sum: 0.0]
         [Termination Attempts: Min: 1, Avg: 1.0, Max: 1, Diff: 0, Sum: 4]
      [GC Worker Other (ms): Min: 0.0, Avg: 0.0, Max: 0.0, Diff: 0.0, Sum: 0.0]
      [GC Worker Total (ms): Min: 5.7, Avg: 5.8, Max: 5.8, Diff: 0.0, Sum: 23.0]
      [GC Worker End (ms): Min: 1994274.4, Avg: 1994274.4, Max: 1994274.4, Diff: 0.0]
   [Code Root Fixup: 0.1 ms]
   [Code Root Purge: 0.0 ms]
   [Clear CT: 0.1 ms]
   [Other: 0.6 ms]
      [Choose CSet: 0.0 ms]
      [Ref Proc: 0.3 ms]
      [Ref Enq: 0.0 ms]
      [Redirty Cards: 0.1 ms]
      [Humongous Register: 0.0 ms]
      [Humongous Reclaim: 0.0 ms]
      [Free CSet: 0.0 ms]
   [Eden: 78.0M(78.0M)->0.0B(76.0M) Survivors: 1024.0K->2048.0K Heap: 227.0M(256.0M)->149.7M(256.0M)]
 [Times: user=0.02 sys=0.00, real=0.01 secs] 
2020-04-13T16:16:51.332+0800: 1994.275: [GC concurrent-root-region-scan-start]
2020-04-13T16:16:51.336+0800: 1994.280: [GC concurrent-root-region-scan-end, 0.0044861 secs]
2020-04-13T16:16:51.336+0800: 1994.280: [GC concurrent-mark-start]
2020-04-13T16:16:51.365+0800: 1994.308: [GC concurrent-mark-end, 0.0281037 secs]
2020-04-13T16:16:51.365+0800: 1994.308: [GC remark 2020-04-13T16:16:51.365+0800: 1994.308: [Finalize Marking, 0.0001333 secs] 2020-04-13T16:16:51.365+0800: 1994.308: [GC ref-proc, 0.0001260 secs] 2020-04-13T16:16:51.365+0800: 1994.309: [Unloading, 0.0075819 secs], 0.0099439 secs]
 [Times: user=0.02 sys=0.00, real=0.01 secs] 
2020-04-13T16:16:51.375+0800: 1994.318: [GC cleanup 151M->151M(256M), 0.0004443 secs]
 [Times: user=0.00 sys=0.00, real=0.00 secs] 
2020-04-13T16:16:53.924+0800: 1996.867: [GC pause (G1 Evacuation Pause) (young), 0.0082849 secs]
   [Parallel Time: 7.6 ms, GC Workers: 4]
      [GC Worker Start (ms): Min: 1996866.9, Avg: 1996867.0, Max: 1996867.0, Diff: 0.1]
      [Ext Root Scanning (ms): Min: 0.4, Avg: 0.5, Max: 1.0, Diff: 0.6, Sum: 2.1]
      [Update RS (ms): Min: 1.4, Avg: 1.9, Max: 2.7, Diff: 1.3, Sum: 7.7]
         [Processed Buffers: Min: 4, Avg: 8.0, Max: 14, Diff: 10, Sum: 32]
      [Scan RS (ms): Min: 1.7, Avg: 3.0, Max: 5.2, Diff: 3.4, Sum: 12.0]
      [Code Root Scanning (ms): Min: 0.0, Avg: 0.0, Max: 0.0, Diff: 0.0, Sum: 0.0]
      [Object Copy (ms): Min: 0.1, Avg: 1.8, Max: 2.4, Diff: 2.3, Sum: 7.1]
      [Termination (ms): Min: 0.0, Avg: 0.2, Max: 0.2, Diff: 0.2, Sum: 0.7]
         [Termination Attempts: Min: 1, Avg: 1.0, Max: 1, Diff: 0, Sum: 4]
      [GC Worker Other (ms): Min: 0.0, Avg: 0.0, Max: 0.0, Diff: 0.0, Sum: 0.0]
      [GC Worker Total (ms): Min: 7.4, Avg: 7.4, Max: 7.4, Diff: 0.0, Sum: 29.6]
      [GC Worker End (ms): Min: 1996874.4, Avg: 1996874.4, Max: 1996874.4, Diff: 0.0]
   [Code Root Fixup: 0.0 ms]
   [Code Root Purge: 0.0 ms]
   [Clear CT: 0.1 ms]
   [Other: 0.6 ms]
      [Choose CSet: 0.0 ms]
      [Ref Proc: 0.2 ms]
      [Ref Enq: 0.0 ms]
      [Redirty Cards: 0.2 ms]
      [Humongous Register: 0.0 ms]
      [Humongous Reclaim: 0.0 ms]
      [Free CSet: 0.0 ms]
   [Eden: 76.0M(76.0M)->0.0B(10.0M) Survivors: 2048.0K->2048.0K Heap: 225.7M(256.0M)->149.5M(256.0M)]
 [Times: user=0.02 sys=0.00, real=0.01 secs] 
2020-04-13T16:16:54.322+0800: 1997.265: [GC pause (G1 Evacuation Pause) (mixed), 0.0190151 secs]
   [Parallel Time: 17.9 ms, GC Workers: 4]
      [GC Worker Start (ms): Min: 1997265.1, Avg: 1997265.4, Max: 1997266.2, Diff: 1.1]
      [Ext Root Scanning (ms): Min: 0.0, Avg: 0.6, Max: 1.1, Diff: 1.1, Sum: 2.5]
      [Update RS (ms): Min: 1.3, Avg: 1.4, Max: 1.6, Diff: 0.3, Sum: 5.7]
         [Processed Buffers: Min: 3, Avg: 6.2, Max: 9, Diff: 6, Sum: 25]
      [Scan RS (ms): Min: 3.2, Avg: 5.9, Max: 10.4, Diff: 7.2, Sum: 23.7]
      [Code Root Scanning (ms): Min: 0.0, Avg: 0.0, Max: 0.1, Diff: 0.1, Sum: 0.1]
      [Object Copy (ms): Min: 0.1, Avg: 2.3, Max: 4.3, Diff: 4.2, Sum: 9.3]
      [Termination (ms): Min: 0.0, Avg: 4.9, Max: 8.0, Diff: 8.0, Sum: 19.5]
         [Termination Attempts: Min: 1, Avg: 1.0, Max: 1, Diff: 0, Sum: 4]
      [GC Worker Other (ms): Min: 0.0, Avg: 0.0, Max: 0.0, Diff: 0.0, Sum: 0.1]
      [GC Worker Total (ms): Min: 12.4, Avg: 15.2, Max: 17.9, Diff: 5.5, Sum: 60.9]
      [GC Worker End (ms): Min: 1997278.0, Avg: 1997280.6, Max: 1997283.0, Diff: 5.0]
   [Code Root Fixup: 0.0 ms]
   [Code Root Purge: 0.0 ms]
   [Clear CT: 0.1 ms]
   [Other: 1.0 ms]
      [Choose CSet: 0.0 ms]
      [Ref Proc: 0.6 ms]
      [Ref Enq: 0.0 ms]
      [Redirty Cards: 0.1 ms]
      [Humongous Register: 0.0 ms]
      [Humongous Reclaim: 0.0 ms]
      [Free CSet: 0.1 ms]
   [Eden: 10.0M(10.0M)->0.0B(79.0M) Survivors: 2048.0K->1024.0K Heap: 159.5M(256.0M)->148.3M(256.0M)]
 [Times: user=0.03 sys=0.00, real=0.02 secs] 
2020-04-13T16:16:57.202+0800: 2000.145: [GC pause (G1 Evacuation Pause) (young), 0.0083439 secs]
   [Parallel Time: 7.2 ms, GC Workers: 4]
      [GC Worker Start (ms): Min: 2000145.4, Avg: 2000146.0, Max: 2000147.4, Diff: 2.0]
      [Ext Root Scanning (ms): Min: 0.0, Avg: 0.5, Max: 0.8, Diff: 0.8, Sum: 2.0]
      [Update RS (ms): Min: 1.8, Avg: 2.9, Max: 3.7, Diff: 1.9, Sum: 11.5]
         [Processed Buffers: Min: 5, Avg: 8.8, Max: 13, Diff: 8, Sum: 35]
      [Scan RS (ms): Min: 0.8, Avg: 1.4, Max: 1.7, Diff: 0.9, Sum: 5.7]
      [Code Root Scanning (ms): Min: 0.0, Avg: 0.0, Max: 0.0, Diff: 0.0, Sum: 0.0]
      [Object Copy (ms): Min: 1.6, Avg: 1.7, Max: 1.8, Diff: 0.2, Sum: 6.7]
      [Termination (ms): Min: 0.0, Avg: 0.0, Max: 0.0, Diff: 0.0, Sum: 0.0]
         [Termination Attempts: Min: 1, Avg: 1.0, Max: 1, Diff: 0, Sum: 4]
      [GC Worker Other (ms): Min: 0.0, Avg: 0.0, Max: 0.0, Diff: 0.0, Sum: 0.1]
      [GC Worker Total (ms): Min: 5.1, Avg: 6.5, Max: 7.1, Diff: 2.0, Sum: 26.0]
      [GC Worker End (ms): Min: 2000152.5, Avg: 2000152.5, Max: 2000152.5, Diff: 0.0]
   [Code Root Fixup: 0.1 ms]
   [Code Root Purge: 0.0 ms]
   [Clear CT: 0.1 ms]
   [Other: 1.0 ms]
      [Choose CSet: 0.0 ms]
      [Ref Proc: 0.7 ms]
      [Ref Enq: 0.0 ms]
      [Redirty Cards: 0.1 ms]
      [Humongous Register: 0.0 ms]
      [Humongous Reclaim: 0.0 ms]
      [Free CSet: 0.0 ms]
   [Eden: 79.0M(79.0M)->0.0B(77.0M) Survivors: 1024.0K->2048.0K Heap: 227.3M(256.0M)->148.7M(256.0M)]
 [Times: user=0.03 sys=0.00, real=0.01 secs] 
2020-04-13T16:16:59.789+0800: 2002.733: [GC pause (G1 Evacuation Pause) (young) (initial-mark), 0.0085761 secs]
   [Parallel Time: 5.4 ms, GC Workers: 4]
      [GC Worker Start (ms): Min: 2002732.6, Avg: 2002732.6, Max: 2002732.6, Diff: 0.0]
      [Ext Root Scanning (ms): Min: 0.6, Avg: 0.7, Max: 0.7, Diff: 0.1, Sum: 2.6]
      [Update RS (ms): Min: 1.6, Avg: 1.7, Max: 1.8, Diff: 0.2, Sum: 6.7]
         [Processed Buffers: Min: 3, Avg: 8.2, Max: 21, Diff: 18, Sum: 33]
      [Scan RS (ms): Min: 1.3, Avg: 1.4, Max: 1.5, Diff: 0.3, Sum: 5.7]
      [Code Root Scanning (ms): Min: 0.0, Avg: 0.0, Max: 0.0, Diff: 0.0, Sum: 0.0]
      [Object Copy (ms): Min: 1.5, Avg: 1.6, Max: 1.6, Diff: 0.1, Sum: 6.2]
      [Termination (ms): Min: 0.0, Avg: 0.0, Max: 0.0, Diff: 0.0, Sum: 0.0]
         [Termination Attempts: Min: 1, Avg: 1.0, Max: 1, Diff: 0, Sum: 4]
      [GC Worker Other (ms): Min: 0.0, Avg: 0.0, Max: 0.0, Diff: 0.0, Sum: 0.1]
      [GC Worker Total (ms): Min: 5.3, Avg: 5.3, Max: 5.4, Diff: 0.0, Sum: 21.4]
      [GC Worker End (ms): Min: 2002738.0, Avg: 2002738.0, Max: 2002738.0, Diff: 0.0]
   [Code Root Fixup: 0.1 ms]
   [Code Root Purge: 0.0 ms]
   [Clear CT: 0.1 ms]
   [Other: 3.0 ms]
      [Choose CSet: 0.0 ms]
      [Ref Proc: 2.8 ms]
      [Ref Enq: 0.0 ms]
      [Redirty Cards: 0.1 ms]
      [Humongous Register: 0.0 ms]
      [Humongous Reclaim: 0.0 ms]
      [Free CSet: 0.0 ms]
   [Eden: 77.0M(77.0M)->0.0B(79.0M) Survivors: 2048.0K->1024.0K Heap: 225.7M(256.0M)->148.4M(256.0M)]
 [Times: user=0.02 sys=0.00, real=0.01 secs] 
2020-04-13T16:16:59.798+0800: 2002.741: [GC concurrent-root-region-scan-start]
2020-04-13T16:16:59.803+0800: 2002.747: [GC concurrent-root-region-scan-end, 0.0053283 secs]
2020-04-13T16:16:59.803+0800: 2002.747: [GC concurrent-mark-start]
2020-04-13T16:16:59.837+0800: 2002.780: [GC concurrent-mark-end, 0.0334847 secs]
2020-04-13T16:16:59.837+0800: 2002.780: [GC remark 2020-04-13T16:16:59.837+0800: 2002.780: [Finalize Marking, 0.0002894 secs] 2020-04-13T16:16:59.837+0800: 2002.781: [GC ref-proc, 0.0001182 secs] 2020-04-13T16:16:59.838+0800: 2002.781: [Unloading, 0.0045170 secs], 0.0069552 secs]
 [Times: user=0.02 sys=0.00, real=0.01 secs] 
2020-04-13T16:16:59.844+0800: 2002.788: [GC cleanup 149M->149M(256M), 0.0004558 secs]
 [Times: user=0.00 sys=0.00, real=0.00 secs] 
2020-04-13T16:17:02.198+0800: 2005.141: [GC pause (G1 Evacuation Pause) (young), 0.0211918 secs]
   [Parallel Time: 13.6 ms, GC Workers: 4]
      [GC Worker Start (ms): Min: 2005141.2, Avg: 2005141.3, Max: 2005141.3, Diff: 0.0]
      [Ext Root Scanning (ms): Min: 0.4, Avg: 0.5, Max: 0.8, Diff: 0.4, Sum: 2.0]
      [Update RS (ms): Min: 0.9, Avg: 2.6, Max: 3.8, Diff: 2.9, Sum: 10.2]
         [Processed Buffers: Min: 3, Avg: 7.5, Max: 16, Diff: 13, Sum: 30]
      [Scan RS (ms): Min: 0.8, Avg: 1.9, Max: 2.6, Diff: 1.8, Sum: 7.5]
      [Code Root Scanning (ms): Min: 0.0, Avg: 0.0, Max: 0.0, Diff: 0.0, Sum: 0.0]
      [Object Copy (ms): Min: 3.7, Avg: 4.2, Max: 5.4, Diff: 1.7, Sum: 16.7]
      [Termination (ms): Min: 0.0, Avg: 0.5, Max: 0.8, Diff: 0.8, Sum: 2.0]
         [Termination Attempts: Min: 1, Avg: 1.0, Max: 1, Diff: 0, Sum: 4]
      [GC Worker Other (ms): Min: 0.0, Avg: 0.0, Max: 0.0, Diff: 0.0, Sum: 0.1]
      [GC Worker Total (ms): Min: 9.3, Avg: 9.6, Max: 9.9, Diff: 0.6, Sum: 38.5]
      [GC Worker End (ms): Min: 2005150.6, Avg: 2005150.9, Max: 2005151.1, Diff: 0.6]
   [Code Root Fixup: 0.2 ms]
   [Code Root Purge: 0.0 ms]
   [Clear CT: 0.1 ms]
   [Other: 7.3 ms]
      [Choose CSet: 0.0 ms]
      [Ref Proc: 7.1 ms]
      [Ref Enq: 0.0 ms]
      [Redirty Cards: 0.1 ms]
      [Humongous Register: 0.0 ms]
      [Humongous Reclaim: 0.0 ms]
      [Free CSet: 0.0 ms]
   [Eden: 79.0M(79.0M)->0.0B(77.0M) Survivors: 1024.0K->2048.0K Heap: 227.4M(256.0M)->148.7M(256.0M)]
 [Times: user=0.02 sys=0.00, real=0.02 secs] 
2020-04-13T16:17:04.850+0800: 2007.793: [GC pause (G1 Evacuation Pause) (young), 0.0083978 secs]
   [Parallel Time: 7.9 ms, GC Workers: 4]
      [GC Worker Start (ms): Min: 2007793.1, Avg: 2007793.1, Max: 2007793.1, Diff: 0.0]
      [Ext Root Scanning (ms): Min: 0.0, Avg: 1.0, Max: 2.9, Diff: 2.8, Sum: 3.9]
      [Update RS (ms): Min: 0.1, Avg: 1.9, Max: 2.5, Diff: 2.4, Sum: 7.4]
         [Processed Buffers: Min: 4, Avg: 9.0, Max: 17, Diff: 13, Sum: 36]
      [Scan RS (ms): Min: 1.5, Avg: 1.6, Max: 1.8, Diff: 0.3, Sum: 6.6]
      [Code Root Scanning (ms): Min: 0.0, Avg: 0.0, Max: 0.0, Diff: 0.0, Sum: 0.0]
      [Object Copy (ms): Min: 2.0, Avg: 2.2, Max: 2.7, Diff: 0.7, Sum: 8.9]
      [Termination (ms): Min: 0.0, Avg: 0.7, Max: 1.2, Diff: 1.2, Sum: 2.7]
         [Termination Attempts: Min: 1, Avg: 1.0, Max: 1, Diff: 0, Sum: 4]
      [GC Worker Other (ms): Min: 0.0, Avg: 0.2, Max: 0.6, Diff: 0.6, Sum: 0.6]
      [GC Worker Total (ms): Min: 7.3, Avg: 7.5, Max: 7.8, Diff: 0.5, Sum: 30.1]
      [GC Worker End (ms): Min: 2007800.4, Avg: 2007800.6, Max: 2007800.9, Diff: 0.5]
   [Code Root Fixup: 0.1 ms]
   [Code Root Purge: 0.0 ms]
   [Clear CT: 0.1 ms]
   [Other: 0.4 ms]
      [Choose CSet: 0.0 ms]
      [Ref Proc: 0.1 ms]
      [Ref Enq: 0.0 ms]
      [Redirty Cards: 0.1 ms]
      [Humongous Register: 0.0 ms]
      [Humongous Reclaim: 0.0 ms]
      [Free CSet: 0.0 ms]
   [Eden: 77.0M(77.0M)->0.0B(77.0M) Survivors: 2048.0K->2048.0K Heap: 225.7M(256.0M)->149.1M(256.0M)]
 [Times: user=0.02 sys=0.00, real=0.00 secs] 
2020-04-13T16:17:07.282+0800: 2010.225: [GC pause (G1 Evacuation Pause) (young) (initial-mark), 0.0092667 secs]
   [Parallel Time: 7.9 ms, GC Workers: 4]
      [GC Worker Start (ms): Min: 2010225.5, Avg: 2010225.8, Max: 2010226.5, Diff: 1.0]
      [Ext Root Scanning (ms): Min: 0.1, Avg: 0.9, Max: 1.1, Diff: 1.0, Sum: 3.4]
      [Update RS (ms): Min: 1.0, Avg: 2.5, Max: 3.7, Diff: 2.7, Sum: 9.9]
         [Processed Buffers: Min: 1, Avg: 7.8, Max: 21, Diff: 20, Sum: 31]
      [Scan RS (ms): Min: 1.0, Avg: 1.7, Max: 2.4, Diff: 1.4, Sum: 6.8]
      [Code Root Scanning (ms): Min: 0.0, Avg: 0.0, Max: 0.0, Diff: 0.0, Sum: 0.0]
      [Object Copy (ms): Min: 1.7, Avg: 2.3, Max: 3.7, Diff: 1.9, Sum: 9.2]
      [Termination (ms): Min: 0.0, Avg: 0.0, Max: 0.0, Diff: 0.0, Sum: 0.0]
         [Termination Attempts: Min: 1, Avg: 1.0, Max: 1, Diff: 0, Sum: 4]
      [GC Worker Other (ms): Min: 0.0, Avg: 0.0, Max: 0.0, Diff: 0.0, Sum: 0.1]
      [GC Worker Total (ms): Min: 6.6, Avg: 7.4, Max: 7.6, Diff: 1.0, Sum: 29.4]
      [GC Worker End (ms): Min: 2010233.1, Avg: 2010233.1, Max: 2010233.1, Diff: 0.0]
   [Code Root Fixup: 0.0 ms]
   [Code Root Purge: 0.0 ms]
   [Clear CT: 0.1 ms]
   [Other: 1.2 ms]
      [Choose CSet: 0.0 ms]
      [Ref Proc: 0.9 ms]
      [Ref Enq: 0.0 ms]
      [Redirty Cards: 0.1 ms]
      [Humongous Register: 0.0 ms]
      [Humongous Reclaim: 0.0 ms]
      [Free CSet: 0.0 ms]
   [Eden: 77.0M(77.0M)->0.0B(79.0M) Survivors: 2048.0K->1024.0K Heap: 226.1M(256.0M)->148.6M(256.0M)]
 [Times: user=0.03 sys=0.00, real=0.01 secs] 
2020-04-13T16:17:07.292+0800: 2010.235: [GC concurrent-root-region-scan-start]
2020-04-13T16:17:07.296+0800: 2010.239: [GC concurrent-root-region-scan-end, 0.0047770 secs]
2020-04-13T16:17:07.296+0800: 2010.239: [GC concurrent-mark-start]
2020-04-13T16:17:07.330+0800: 2010.273: [GC concurrent-mark-end, 0.0332903 secs]
2020-04-13T16:17:07.330+0800: 2010.273: [GC remark 2020-04-13T16:17:07.330+0800: 2010.273: [Finalize Marking, 0.0088590 secs] 2020-04-13T16:17:07.339+0800: 2010.282: [GC ref-proc, 0.0001318 secs] 2020-04-13T16:17:07.339+0800: 2010.282: [Unloading, 0.0056688 secs], 0.0163768 secs]
 [Times: user=0.02 sys=0.00, real=0.01 secs] 
2020-04-13T16:17:07.347+0800: 2010.290: [GC cleanup 150M->150M(256M), 0.0004397 secs]
 [Times: user=0.00 sys=0.00, real=0.00 secs] 
2020-04-13T16:17:09.707+0800: 2012.650: [GC pause (G1 Evacuation Pause) (young), 0.0070640 secs]
   [Parallel Time: 6.1 ms, GC Workers: 4]
      [GC Worker Start (ms): Min: 2012650.5, Avg: 2012650.8, Max: 2012651.6, Diff: 1.0]
      [Ext Root Scanning (ms): Min: 0.0, Avg: 0.5, Max: 0.8, Diff: 0.8, Sum: 2.1]
      [Update RS (ms): Min: 1.5, Avg: 2.3, Max: 4.6, Diff: 3.1, Sum: 9.4]
         [Processed Buffers: Min: 3, Avg: 8.8, Max: 19, Diff: 16, Sum: 35]
      [Scan RS (ms): Min: 0.0, Avg: 1.2, Max: 1.8, Diff: 1.8, Sum: 4.8]
      [Code Root Scanning (ms): Min: 0.0, Avg: 0.0, Max: 0.0, Diff: 0.0, Sum: 0.0]
      [Object Copy (ms): Min: 0.7, Avg: 1.6, Max: 1.9, Diff: 1.3, Sum: 6.2]
      [Termination (ms): Min: 0.0, Avg: 0.0, Max: 0.0, Diff: 0.0, Sum: 0.0]
         [Termination Attempts: Min: 1, Avg: 1.0, Max: 1, Diff: 0, Sum: 4]
      [GC Worker Other (ms): Min: 0.0, Avg: 0.0, Max: 0.0, Diff: 0.0, Sum: 0.1]
      [GC Worker Total (ms): Min: 4.9, Avg: 5.6, Max: 5.9, Diff: 1.0, Sum: 22.6]
      [GC Worker End (ms): Min: 2012656.5, Avg: 2012656.5, Max: 2012656.5, Diff: 0.0]
   [Code Root Fixup: 0.1 ms]
   [Code Root Purge: 0.0 ms]
   [Clear CT: 0.1 ms]
   [Other: 0.9 ms]
      [Choose CSet: 0.0 ms]
      [Ref Proc: 0.6 ms]
      [Ref Enq: 0.0 ms]
      [Redirty Cards: 0.0 ms]
      [Humongous Register: 0.0 ms]
      [Humongous Reclaim: 0.0 ms]
      [Free CSet: 0.0 ms]
   [Eden: 79.0M(79.0M)->0.0B(77.0M) Survivors: 1024.0K->2048.0K Heap: 227.6M(256.0M)->149.1M(256.0M)]
 [Times: user=0.02 sys=0.00, real=0.01 secs] 
2020-04-13T16:17:11.746+0800: 2014.689: [GC pause (G1 Evacuation Pause) (young), 0.0094108 secs]
   [Parallel Time: 8.1 ms, GC Workers: 4]
      [GC Worker Start (ms): Min: 2014689.0, Avg: 2014689.1, Max: 2014689.2, Diff: 0.2]
      [Ext Root Scanning (ms): Min: 0.6, Avg: 0.7, Max: 0.9, Diff: 0.4, Sum: 2.9]
      [Update RS (ms): Min: 1.1, Avg: 1.6, Max: 2.7, Diff: 1.6, Sum: 6.5]
         [Processed Buffers: Min: 3, Avg: 7.0, Max: 12, Diff: 9, Sum: 28]
      [Scan RS (ms): Min: 1.0, Avg: 2.1, Max: 2.9, Diff: 2.0, Sum: 8.4]
      [Code Root Scanning (ms): Min: 0.0, Avg: 0.0, Max: 0.0, Diff: 0.0, Sum: 0.0]
      [Object Copy (ms): Min: 2.3, Avg: 2.8, Max: 3.0, Diff: 0.7, Sum: 11.0]
      [Termination (ms): Min: 0.1, Avg: 0.2, Max: 0.5, Diff: 0.4, Sum: 0.9]
         [Termination Attempts: Min: 1, Avg: 1.0, Max: 1, Diff: 0, Sum: 4]
      [GC Worker Other (ms): Min: 0.0, Avg: 0.0, Max: 0.0, Diff: 0.0, Sum: 0.1]
      [GC Worker Total (ms): Min: 7.3, Avg: 7.4, Max: 7.6, Diff: 0.4, Sum: 29.8]
      [GC Worker End (ms): Min: 2014696.5, Avg: 2014696.6, Max: 2014696.8, Diff: 0.3]
   [Code Root Fixup: 0.2 ms]
   [Code Root Purge: 0.0 ms]
   [Clear CT: 0.2 ms]
   [Other: 0.9 ms]
      [Choose CSet: 0.0 ms]
      [Ref Proc: 0.6 ms]
      [Ref Enq: 0.0 ms]
      [Redirty Cards: 0.1 ms]
      [Humongous Register: 0.0 ms]
      [Humongous Reclaim: 0.0 ms]
      [Free CSet: 0.0 ms]
   [Eden: 77.0M(77.0M)->0.0B(77.0M) Survivors: 2048.0K->2048.0K Heap: 226.1M(256.0M)->148.9M(256.0M)]
 [Times: user=0.02 sys=0.00, real=0.01 secs] 
2020-04-13T16:17:14.001+0800: 2016.945: [GC pause (G1 Evacuation Pause) (young) (initial-mark), 0.0084816 secs]
   [Parallel Time: 7.2 ms, GC Workers: 4]
      [GC Worker Start (ms): Min: 2016944.7, Avg: 2016944.7, Max: 2016944.7, Diff: 0.0]
      [Ext Root Scanning (ms): Min: 1.0, Avg: 1.1, Max: 1.1, Diff: 0.1, Sum: 4.2]
      [Update RS (ms): Min: 0.2, Avg: 1.5, Max: 2.1, Diff: 1.9, Sum: 6.0]
         [Processed Buffers: Min: 3, Avg: 7.5, Max: 13, Diff: 10, Sum: 30]
      [Scan RS (ms): Min: 2.3, Avg: 2.4, Max: 2.4, Diff: 0.1, Sum: 9.6]
      [Code Root Scanning (ms): Min: 0.0, Avg: 0.0, Max: 0.0, Diff: 0.0, Sum: 0.0]
      [Object Copy (ms): Min: 1.5, Avg: 2.2, Max: 3.5, Diff: 1.9, Sum: 8.7]
      [Termination (ms): Min: 0.0, Avg: 0.0, Max: 0.0, Diff: 0.0, Sum: 0.0]
         [Termination Attempts: Min: 1, Avg: 1.0, Max: 1, Diff: 0, Sum: 4]
      [GC Worker Other (ms): Min: 0.0, Avg: 0.0, Max: 0.0, Diff: 0.0, Sum: 0.1]
      [GC Worker Total (ms): Min: 7.1, Avg: 7.2, Max: 7.2, Diff: 0.0, Sum: 28.6]
      [GC Worker End (ms): Min: 2016951.8, Avg: 2016951.8, Max: 2016951.8, Diff: 0.0]
   [Code Root Fixup: 0.1 ms]
   [Code Root Purge: 0.0 ms]
   [Clear CT: 0.1 ms]
   [Other: 1.0 ms]
      [Choose CSet: 0.0 ms]
      [Ref Proc: 0.4 ms]
      [Ref Enq: 0.0 ms]
      [Redirty Cards: 0.4 ms]
      [Humongous Register: 0.0 ms]
      [Humongous Reclaim: 0.0 ms]
      [Free CSet: 0.0 ms]
   [Eden: 77.0M(77.0M)->0.0B(77.0M) Survivors: 2048.0K->2048.0K Heap: 225.9M(256.0M)->149.1M(256.0M)]
 [Times: user=0.02 sys=0.00, real=0.01 secs] 
2020-04-13T16:17:14.010+0800: 2016.953: [GC concurrent-root-region-scan-start]
2020-04-13T16:17:14.014+0800: 2016.958: [GC concurrent-root-region-scan-end, 0.0042960 secs]
2020-04-13T16:17:14.014+0800: 2016.958: [GC concurrent-mark-start]
2020-04-13T16:17:14.050+0800: 2016.993: [GC concurrent-mark-end, 0.0351942 secs]
2020-04-13T16:17:14.050+0800: 2016.993: [GC remark 2020-04-13T16:17:14.050+0800: 2016.993: [Finalize Marking, 0.0024797 secs] 2020-04-13T16:17:14.052+0800: 2016.996: [GC ref-proc, 0.0000998 secs] 2020-04-13T16:17:14.053+0800: 2016.996: [Unloading, 0.0042940 secs], 0.0086147 secs]
 [Times: user=0.02 sys=0.00, real=0.00 secs] 
2020-04-13T16:17:14.059+0800: 2017.002: [GC cleanup 150M->150M(256M), 0.0005767 secs]
 [Times: user=0.00 sys=0.00, real=0.00 secs] 
2020-04-13T16:17:16.104+0800: 2019.047: [GC pause (G1 Evacuation Pause) (young), 0.0079166 secs]
   [Parallel Time: 6.8 ms, GC Workers: 4]
      [GC Worker Start (ms): Min: 2019047.3, Avg: 2019047.3, Max: 2019047.4, Diff: 0.1]
      [Ext Root Scanning (ms): Min: 0.4, Avg: 0.5, Max: 0.7, Diff: 0.3, Sum: 2.0]
      [Update RS (ms): Min: 1.5, Avg: 1.8, Max: 2.3, Diff: 0.7, Sum: 7.1]
         [Processed Buffers: Min: 4, Avg: 7.2, Max: 14, Diff: 10, Sum: 29]
      [Scan RS (ms): Min: 2.2, Avg: 2.3, Max: 2.6, Diff: 0.4, Sum: 9.2]
      [Code Root Scanning (ms): Min: 0.0, Avg: 0.0, Max: 0.0, Diff: 0.0, Sum: 0.0]
      [Object Copy (ms): Min: 1.3, Avg: 2.0, Max: 2.3, Diff: 1.0, Sum: 8.0]
      [Termination (ms): Min: 0.0, Avg: 0.0, Max: 0.0, Diff: 0.0, Sum: 0.0]
         [Termination Attempts: Min: 1, Avg: 1.0, Max: 1, Diff: 0, Sum: 4]
      [GC Worker Other (ms): Min: 0.0, Avg: 0.0, Max: 0.0, Diff: 0.0, Sum: 0.1]
      [GC Worker Total (ms): Min: 6.6, Avg: 6.6, Max: 6.6, Diff: 0.1, Sum: 26.4]
      [GC Worker End (ms): Min: 2019053.9, Avg: 2019053.9, Max: 2019053.9, Diff: 0.0]
   [Code Root Fixup: 0.1 ms]
   [Code Root Purge: 0.0 ms]
   [Clear CT: 0.2 ms]
   [Other: 0.9 ms]
      [Choose CSet: 0.0 ms]
      [Ref Proc: 0.7 ms]
      [Ref Enq: 0.0 ms]
      [Redirty Cards: 0.1 ms]
      [Humongous Register: 0.0 ms]
      [Humongous Reclaim: 0.0 ms]
      [Free CSet: 0.0 ms]
   [Eden: 77.0M(77.0M)->0.0B(77.0M) Survivors: 2048.0K->2048.0K Heap: 226.1M(256.0M)->149.3M(256.0M)]
 [Times: user=0.03 sys=0.00, real=0.01 secs] 
2020-04-13T16:17:18.318+0800: 2021.261: [GC pause (G1 Evacuation Pause) (young), 0.0214817 secs]
   [Parallel Time: 14.6 ms, GC Workers: 4]
      [GC Worker Start (ms): Min: 2021261.2, Avg: 2021265.4, Max: 2021273.7, Diff: 12.5]
      [Ext Root Scanning (ms): Min: 0.0, Avg: 0.3, Max: 0.7, Diff: 0.7, Sum: 1.4]
      [Update RS (ms): Min: 0.0, Avg: 1.5, Max: 3.1, Diff: 3.1, Sum: 6.1]
         [Processed Buffers: Min: 0, Avg: 7.5, Max: 16, Diff: 16, Sum: 30]
      [Scan RS (ms): Min: 0.0, Avg: 4.4, Max: 6.1, Diff: 6.1, Sum: 17.7]
      [Code Root Scanning (ms): Min: 0.0, Avg: 0.0, Max: 0.0, Diff: 0.0, Sum: 0.0]
      [Object Copy (ms): Min: 1.5, Avg: 3.6, Max: 4.8, Diff: 3.3, Sum: 14.4]
      [Termination (ms): Min: 0.0, Avg: 0.4, Max: 0.5, Diff: 0.5, Sum: 1.5]
         [Termination Attempts: Min: 1, Avg: 1.2, Max: 2, Diff: 1, Sum: 5]
      [GC Worker Other (ms): Min: 0.0, Avg: 0.0, Max: 0.0, Diff: 0.0, Sum: 0.0]
      [GC Worker Total (ms): Min: 2.1, Avg: 10.3, Max: 14.5, Diff: 12.5, Sum: 41.1]
      [GC Worker End (ms): Min: 2021275.6, Avg: 2021275.7, Max: 2021275.7, Diff: 0.2]
   [Code Root Fixup: 0.1 ms]
   [Code Root Purge: 0.0 ms]
   [Clear CT: 0.1 ms]
   [Other: 6.8 ms]
      [Choose CSet: 0.0 ms]
      [Ref Proc: 6.5 ms]
      [Ref Enq: 0.0 ms]
      [Redirty Cards: 0.1 ms]
      [Humongous Register: 0.0 ms]
      [Humongous Reclaim: 0.0 ms]
      [Free CSet: 0.0 ms]
   [Eden: 77.0M(77.0M)->0.0B(78.0M) Survivors: 2048.0K->1024.0K Heap: 226.3M(256.0M)->149.0M(256.0M)]
 [Times: user=0.02 sys=0.00, real=0.03 secs] 
2020-04-13T16:17:21.046+0800: 2023.989: [GC pause (G1 Evacuation Pause) (young) (initial-mark), 0.0088171 secs]
   [Parallel Time: 7.6 ms, GC Workers: 4]
      [GC Worker Start (ms): Min: 2023989.5, Avg: 2023989.8, Max: 2023990.5, Diff: 1.0]
      [Ext Root Scanning (ms): Min: 0.1, Avg: 1.2, Max: 2.6, Diff: 2.5, Sum: 4.7]
      [Update RS (ms): Min: 0.5, Avg: 1.7, Max: 2.2, Diff: 1.7, Sum: 6.9]
         [Processed Buffers: Min: 4, Avg: 10.2, Max: 27, Diff: 23, Sum: 41]
      [Scan RS (ms): Min: 1.3, Avg: 1.5, Max: 1.6, Diff: 0.3, Sum: 5.9]
      [Code Root Scanning (ms): Min: 0.0, Avg: 0.0, Max: 0.0, Diff: 0.0, Sum: 0.0]
      [Object Copy (ms): Min: 2.0, Avg: 2.2, Max: 2.5, Diff: 0.5, Sum: 8.6]
      [Termination (ms): Min: 0.0, Avg: 0.6, Max: 0.8, Diff: 0.8, Sum: 2.2]
         [Termination Attempts: Min: 1, Avg: 1.0, Max: 1, Diff: 0, Sum: 4]
      [GC Worker Other (ms): Min: 0.0, Avg: 0.0, Max: 0.0, Diff: 0.0, Sum: 0.1]
      [GC Worker Total (ms): Min: 6.4, Avg: 7.1, Max: 7.5, Diff: 1.0, Sum: 28.3]
      [GC Worker End (ms): Min: 2023996.7, Avg: 2023996.9, Max: 2023997.0, Diff: 0.3]
   [Code Root Fixup: 0.1 ms]
   [Code Root Purge: 0.0 ms]
   [Clear CT: 0.1 ms]
   [Other: 1.1 ms]
      [Choose CSet: 0.0 ms]
      [Ref Proc: 0.7 ms]
      [Ref Enq: 0.0 ms]
      [Redirty Cards: 0.1 ms]
      [Humongous Register: 0.0 ms]
      [Humongous Reclaim: 0.0 ms]
      [Free CSet: 0.0 ms]
   [Eden: 78.0M(78.0M)->0.0B(76.0M) Survivors: 1024.0K->2048.0K Heap: 227.0M(256.0M)->149.6M(256.0M)]
 [Times: user=0.02 sys=0.01, real=0.01 secs] 
2020-04-13T16:17:21.055+0800: 2023.998: [GC concurrent-root-region-scan-start]
2020-04-13T16:17:21.060+0800: 2024.003: [GC concurrent-root-region-scan-end, 0.0046155 secs]
2020-04-13T16:17:21.060+0800: 2024.003: [GC concurrent-mark-start]
2020-04-13T16:17:21.093+0800: 2024.036: [GC concurrent-mark-end, 0.0329023 secs]
2020-04-13T16:17:21.093+0800: 2024.036: [GC remark 2020-04-13T16:17:21.093+0800: 2024.036: [Finalize Marking, 0.0002485 secs] 2020-04-13T16:17:21.094+0800: 2024.037: [GC ref-proc, 0.0000929 secs] 2020-04-13T16:17:21.094+0800: 2024.037: [Unloading, 0.0114718 secs], 0.0149676 secs]
 [Times: user=0.02 sys=0.00, real=0.01 secs] 
2020-04-13T16:17:21.109+0800: 2024.052: [GC cleanup 151M->151M(256M), 0.0003527 secs]
 [Times: user=0.00 sys=0.00, real=0.00 secs] 
2020-04-13T16:17:23.294+0800: 2026.237: [GC pause (G1 Evacuation Pause) (young), 0.0087754 secs]
   [Parallel Time: 7.9 ms, GC Workers: 4]
      [GC Worker Start (ms): Min: 2026236.8, Avg: 2026236.9, Max: 2026237.0, Diff: 0.2]
      [Ext Root Scanning (ms): Min: 0.5, Avg: 1.6, Max: 4.1, Diff: 3.6, Sum: 6.5]
      [Update RS (ms): Min: 0.0, Avg: 1.6, Max: 2.4, Diff: 2.4, Sum: 6.2]
         [Processed Buffers: Min: 0, Avg: 7.2, Max: 19, Diff: 19, Sum: 29]
      [Scan RS (ms): Min: 0.7, Avg: 2.2, Max: 4.5, Diff: 3.8, Sum: 8.6]
      [Code Root Scanning (ms): Min: 0.0, Avg: 0.0, Max: 0.0, Diff: 0.0, Sum: 0.0]
      [Object Copy (ms): Min: 0.2, Avg: 2.2, Max: 3.0, Diff: 2.7, Sum: 9.0]
      [Termination (ms): Min: 0.0, Avg: 0.0, Max: 0.1, Diff: 0.1, Sum: 0.2]
         [Termination Attempts: Min: 1, Avg: 1.2, Max: 2, Diff: 1, Sum: 5]
      [GC Worker Other (ms): Min: 0.0, Avg: 0.0, Max: 0.0, Diff: 0.0, Sum: 0.1]
      [GC Worker Total (ms): Min: 7.6, Avg: 7.6, Max: 7.7, Diff: 0.2, Sum: 30.6]
      [GC Worker End (ms): Min: 2026244.5, Avg: 2026244.5, Max: 2026244.5, Diff: 0.0]
   [Code Root Fixup: 0.1 ms]
   [Code Root Purge: 0.0 ms]
   [Clear CT: 0.1 ms]
   [Other: 0.7 ms]
      [Choose CSet: 0.0 ms]
      [Ref Proc: 0.4 ms]
      [Ref Enq: 0.0 ms]
      [Redirty Cards: 0.1 ms]
      [Humongous Register: 0.0 ms]
      [Humongous Reclaim: 0.0 ms]
      [Free CSet: 0.0 ms]
   [Eden: 76.0M(76.0M)->0.0B(10.0M) Survivors: 2048.0K->2048.0K Heap: 225.6M(256.0M)->149.3M(256.0M)]
 [Times: user=0.02 sys=0.00, real=0.01 secs] 
2020-04-13T16:17:23.594+0800: 2026.536: [GC pause (G1 Evacuation Pause) (mixed), 0.0094229 secs]
   [Parallel Time: 8.4 ms, GC Workers: 4]
      [GC Worker Start (ms): Min: 2026536.5, Avg: 2026538.0, Max: 2026540.8, Diff: 4.2]
      [Ext Root Scanning (ms): Min: 0.0, Avg: 0.4, Max: 0.7, Diff: 0.7, Sum: 1.4]
      [Update RS (ms): Min: 0.0, Avg: 2.4, Max: 4.5, Diff: 4.5, Sum: 9.8]
         [Processed Buffers: Min: 0, Avg: 6.8, Max: 18, Diff: 18, Sum: 27]
      [Scan RS (ms): Min: 0.4, Avg: 2.1, Max: 3.1, Diff: 2.7, Sum: 8.5]
      [Code Root Scanning (ms): Min: 0.0, Avg: 0.0, Max: 0.1, Diff: 0.1, Sum: 0.1]
      [Object Copy (ms): Min: 1.8, Avg: 1.9, Max: 2.0, Diff: 0.1, Sum: 7.6]
      [Termination (ms): Min: 0.0, Avg: 0.0, Max: 0.0, Diff: 0.0, Sum: 0.0]
         [Termination Attempts: Min: 1, Avg: 1.2, Max: 2, Diff: 1, Sum: 5]
      [GC Worker Other (ms): Min: 0.0, Avg: 0.0, Max: 0.0, Diff: 0.0, Sum: 0.1]
      [GC Worker Total (ms): Min: 4.1, Avg: 6.9, Max: 8.3, Diff: 4.2, Sum: 27.5]
      [GC Worker End (ms): Min: 2026544.8, Avg: 2026544.8, Max: 2026544.8, Diff: 0.0]
   [Code Root Fixup: 0.1 ms]
   [Code Root Purge: 0.0 ms]
   [Clear CT: 0.1 ms]
   [Other: 0.8 ms]
      [Choose CSet: 0.0 ms]
      [Ref Proc: 0.5 ms]
      [Ref Enq: 0.0 ms]
      [Redirty Cards: 0.1 ms]
      [Humongous Register: 0.0 ms]
      [Humongous Reclaim: 0.0 ms]
      [Free CSet: 0.0 ms]
   [Eden: 10.0M(10.0M)->0.0B(79.0M) Survivors: 2048.0K->1024.0K Heap: 159.3M(256.0M)->148.3M(256.0M)]
 [Times: user=0.03 sys=0.00, real=0.01 secs] 
2020-04-13T16:17:26.403+0800: 2029.346: [GC pause (G1 Evacuation Pause) (young), 0.0068108 secs]
   [Parallel Time: 6.1 ms, GC Workers: 4]
      [GC Worker Start (ms): Min: 2029346.0, Avg: 2029346.0, Max: 2029346.0, Diff: 0.1]
      [Ext Root Scanning (ms): Min: 0.4, Avg: 0.5, Max: 0.6, Diff: 0.2, Sum: 1.9]
      [Update RS (ms): Min: 1.9, Avg: 2.1, Max: 2.5, Diff: 0.6, Sum: 8.3]
         [Processed Buffers: Min: 2, Avg: 8.2, Max: 21, Diff: 19, Sum: 33]
      [Scan RS (ms): Min: 1.3, Avg: 1.7, Max: 2.0, Diff: 0.8, Sum: 6.8]
      [Code Root Scanning (ms): Min: 0.0, Avg: 0.0, Max: 0.0, Diff: 0.0, Sum: 0.0]
      [Object Copy (ms): Min: 1.7, Avg: 1.8, Max: 1.8, Diff: 0.1, Sum: 7.1]
      [Termination (ms): Min: 0.0, Avg: 0.0, Max: 0.0, Diff: 0.0, Sum: 0.0]
         [Termination Attempts: Min: 1, Avg: 1.0, Max: 1, Diff: 0, Sum: 4]
      [GC Worker Other (ms): Min: 0.0, Avg: 0.0, Max: 0.0, Diff: 0.0, Sum: 0.1]
      [GC Worker Total (ms): Min: 6.0, Avg: 6.0, Max: 6.1, Diff: 0.0, Sum: 24.1]
      [GC Worker End (ms): Min: 2029352.0, Avg: 2029352.0, Max: 2029352.0, Diff: 0.0]
   [Code Root Fixup: 0.1 ms]
   [Code Root Purge: 0.0 ms]
   [Clear CT: 0.1 ms]
   [Other: 0.5 ms]
      [Choose CSet: 0.0 ms]
      [Ref Proc: 0.2 ms]
      [Ref Enq: 0.0 ms]
      [Redirty Cards: 0.1 ms]
      [Humongous Register: 0.0 ms]
      [Humongous Reclaim: 0.0 ms]
      [Free CSet: 0.0 ms]
   [Eden: 79.0M(79.0M)->0.0B(77.0M) Survivors: 1024.0K->2048.0K Heap: 227.3M(256.0M)->148.7M(256.0M)]
 [Times: user=0.02 sys=0.00, real=0.01 secs] 
2020-04-13T16:17:28.754+0800: 2031.696: [GC pause (G1 Evacuation Pause) (young) (initial-mark), 0.0089082 secs]
   [Parallel Time: 6.9 ms, GC Workers: 4]
      [GC Worker Start (ms): Min: 2031696.6, Avg: 2031696.6, Max: 2031696.6, Diff: 0.0]
      [Ext Root Scanning (ms): Min: 0.6, Avg: 0.6, Max: 0.7, Diff: 0.0, Sum: 2.6]
      [Update RS (ms): Min: 1.4, Avg: 1.5, Max: 1.6, Diff: 0.3, Sum: 5.9]
         [Processed Buffers: Min: 3, Avg: 8.2, Max: 21, Diff: 18, Sum: 33]
      [Scan RS (ms): Min: 1.7, Avg: 2.5, Max: 4.5, Diff: 2.8, Sum: 10.1]
      [Code Root Scanning (ms): Min: 0.0, Avg: 0.0, Max: 0.0, Diff: 0.0, Sum: 0.0]
      [Object Copy (ms): Min: 0.1, Avg: 1.7, Max: 2.2, Diff: 2.1, Sum: 6.6]
      [Termination (ms): Min: 0.0, Avg: 0.4, Max: 0.7, Diff: 0.7, Sum: 1.7]
         [Termination Attempts: Min: 1, Avg: 2.8, Max: 4, Diff: 3, Sum: 11]
      [GC Worker Other (ms): Min: 0.0, Avg: 0.0, Max: 0.0, Diff: 0.0, Sum: 0.1]
      [GC Worker Total (ms): Min: 6.7, Avg: 6.8, Max: 6.9, Diff: 0.2, Sum: 27.0]
      [GC Worker End (ms): Min: 2031703.3, Avg: 2031703.3, Max: 2031703.4, Diff: 0.1]
   [Code Root Fixup: 0.1 ms]
   [Code Root Purge: 0.0 ms]
   [Clear CT: 0.5 ms]
   [Other: 1.5 ms]
      [Choose CSet: 0.0 ms]
      [Ref Proc: 1.0 ms]
      [Ref Enq: 0.0 ms]
      [Redirty Cards: 0.1 ms]
      [Humongous Register: 0.0 ms]
      [Humongous Reclaim: 0.0 ms]
      [Free CSet: 0.1 ms]
   [Eden: 77.0M(77.0M)->0.0B(79.0M) Survivors: 2048.0K->1024.0K Heap: 225.7M(256.0M)->148.3M(256.0M)]
 [Times: user=0.02 sys=0.00, real=0.01 secs] 
2020-04-13T16:17:28.763+0800: 2031.706: [GC concurrent-root-region-scan-start]
2020-04-13T16:17:28.769+0800: 2031.711: [GC concurrent-root-region-scan-end, 0.0057591 secs]
2020-04-13T16:17:28.769+0800: 2031.711: [GC concurrent-mark-start]
2020-04-13T16:17:28.801+0800: 2031.744: [GC concurrent-mark-end, 0.0322923 secs]
2020-04-13T16:17:28.801+0800: 2031.744: [GC remark 2020-04-13T16:17:28.801+0800: 2031.744: [Finalize Marking, 0.0006281 secs] 2020-04-13T16:17:28.802+0800: 2031.745: [GC ref-proc, 0.0001608 secs] 2020-04-13T16:17:28.802+0800: 2031.745: [Unloading, 0.0072425 secs], 0.0103409 secs]
 [Times: user=0.02 sys=0.00, real=0.01 secs] 
2020-04-13T16:17:28.812+0800: 2031.755: [GC cleanup 149M->149M(256M), 0.0006065 secs]
 [Times: user=0.00 sys=0.00, real=0.00 secs] 
2020-04-13T16:17:31.602+0800: 2034.544: [GC pause (G1 Evacuation Pause) (young), 0.0132872 secs]
   [Parallel Time: 12.0 ms, GC Workers: 4]
      [GC Worker Start (ms): Min: 2034544.6, Avg: 2034544.7, Max: 2034544.7, Diff: 0.0]
      [Ext Root Scanning (ms): Min: 0.4, Avg: 0.5, Max: 0.6, Diff: 0.2, Sum: 2.0]
      [Update RS (ms): Min: 1.6, Avg: 2.2, Max: 4.2, Diff: 2.6, Sum: 9.0]
         [Processed Buffers: Min: 3, Avg: 8.5, Max: 15, Diff: 12, Sum: 34]
      [Scan RS (ms): Min: 0.0, Avg: 1.5, Max: 2.2, Diff: 2.2, Sum: 6.2]
      [Code Root Scanning (ms): Min: 0.0, Avg: 0.0, Max: 0.0, Diff: 0.0, Sum: 0.0]
      [Object Copy (ms): Min: 7.1, Avg: 7.5, Max: 7.8, Diff: 0.7, Sum: 30.2]
      [Termination (ms): Min: 0.0, Avg: 0.0, Max: 0.0, Diff: 0.0, Sum: 0.0]
         [Termination Attempts: Min: 1, Avg: 1.2, Max: 2, Diff: 1, Sum: 5]
      [GC Worker Other (ms): Min: 0.0, Avg: 0.0, Max: 0.0, Diff: 0.0, Sum: 0.1]
      [GC Worker Total (ms): Min: 11.8, Avg: 11.8, Max: 11.9, Diff: 0.0, Sum: 47.4]
      [GC Worker End (ms): Min: 2034556.5, Avg: 2034556.5, Max: 2034556.5, Diff: 0.0]
   [Code Root Fixup: 0.1 ms]
   [Code Root Purge: 0.0 ms]
   [Clear CT: 0.1 ms]
   [Other: 1.1 ms]
      [Choose CSet: 0.0 ms]
      [Ref Proc: 0.8 ms]
      [Ref Enq: 0.0 ms]
      [Redirty Cards: 0.1 ms]
      [Humongous Register: 0.0 ms]
      [Humongous Reclaim: 0.0 ms]
      [Free CSet: 0.0 ms]
   [Eden: 79.0M(79.0M)->0.0B(77.0M) Survivors: 1024.0K->2048.0K Heap: 227.3M(256.0M)->148.9M(256.0M)]
 [Times: user=0.02 sys=0.00, real=0.01 secs] 
2020-04-13T16:17:33.956+0800: 2036.899: [GC pause (G1 Evacuation Pause) (young), 0.0067757 secs]
   [Parallel Time: 6.1 ms, GC Workers: 4]
      [GC Worker Start (ms): Min: 2036899.1, Avg: 2036899.1, Max: 2036899.1, Diff: 0.0]
      [Ext Root Scanning (ms): Min: 0.4, Avg: 0.5, Max: 0.9, Diff: 0.6, Sum: 2.1]
      [Update RS (ms): Min: 1.4, Avg: 2.2, Max: 3.6, Diff: 2.2, Sum: 8.9]
         [Processed Buffers: Min: 0, Avg: 8.0, Max: 14, Diff: 14, Sum: 32]
      [Scan RS (ms): Min: 0.2, Avg: 1.4, Max: 1.9, Diff: 1.7, Sum: 5.4]
      [Code Root Scanning (ms): Min: 0.0, Avg: 0.0, Max: 0.0, Diff: 0.0, Sum: 0.0]
      [Object Copy (ms): Min: 1.7, Avg: 1.8, Max: 1.9, Diff: 0.2, Sum: 7.1]
      [Termination (ms): Min: 0.0, Avg: 0.0, Max: 0.0, Diff: 0.0, Sum: 0.0]
         [Termination Attempts: Min: 1, Avg: 1.0, Max: 1, Diff: 0, Sum: 4]
      [GC Worker Other (ms): Min: 0.0, Avg: 0.0, Max: 0.1, Diff: 0.1, Sum: 0.1]
      [GC Worker Total (ms): Min: 5.9, Avg: 5.9, Max: 6.0, Diff: 0.1, Sum: 23.7]
      [GC Worker End (ms): Min: 2036905.0, Avg: 2036905.1, Max: 2036905.1, Diff: 0.1]
   [Code Root Fixup: 0.1 ms]
   [Code Root Purge: 0.0 ms]
   [Clear CT: 0.1 ms]
   [Other: 0.6 ms]
      [Choose CSet: 0.0 ms]
      [Ref Proc: 0.4 ms]
      [Ref Enq: 0.0 ms]
      [Redirty Cards: 0.1 ms]
      [Humongous Register: 0.0 ms]
      [Humongous Reclaim: 0.0 ms]
      [Free CSet: 0.0 ms]
   [Eden: 77.0M(77.0M)->0.0B(79.0M) Survivors: 2048.0K->1024.0K Heap: 225.9M(256.0M)->148.5M(256.0M)]
 [Times: user=0.02 sys=0.00, real=0.01 secs] 
2020-04-13T16:17:36.455+0800: 2039.398: [GC pause (G1 Evacuation Pause) (young) (initial-mark), 0.0105068 secs]
   [Parallel Time: 8.8 ms, GC Workers: 4]
      [GC Worker Start (ms): Min: 2039397.9, Avg: 2039398.0, Max: 2039398.0, Diff: 0.0]
      [Ext Root Scanning (ms): Min: 0.7, Avg: 0.7, Max: 0.7, Diff: 0.1, Sum: 2.7]
      [Update RS (ms): Min: 1.3, Avg: 1.7, Max: 2.2, Diff: 1.0, Sum: 6.7]
         [Processed Buffers: Min: 3, Avg: 7.2, Max: 15, Diff: 12, Sum: 29]
      [Scan RS (ms): Min: 1.7, Avg: 3.2, Max: 6.5, Diff: 4.7, Sum: 13.0]
      [Code Root Scanning (ms): Min: 0.0, Avg: 0.0, Max: 0.0, Diff: 0.0, Sum: 0.0]
      [Object Copy (ms): Min: 0.0, Avg: 2.3, Max: 3.1, Diff: 3.1, Sum: 9.3]
      [Termination (ms): Min: 0.0, Avg: 0.6, Max: 1.0, Diff: 1.0, Sum: 2.5]
         [Termination Attempts: Min: 1, Avg: 5.5, Max: 10, Diff: 9, Sum: 22]
      [GC Worker Other (ms): Min: 0.0, Avg: 0.1, Max: 0.1, Diff: 0.1, Sum: 0.2]
      [GC Worker Total (ms): Min: 8.5, Avg: 8.6, Max: 8.8, Diff: 0.2, Sum: 34.5]
      [GC Worker End (ms): Min: 2039406.5, Avg: 2039406.6, Max: 2039406.7, Diff: 0.2]
   [Code Root Fixup: 0.0 ms]
   [Code Root Purge: 0.0 ms]
   [Clear CT: 0.1 ms]
   [Other: 1.5 ms]
      [Choose CSet: 0.0 ms]
      [Ref Proc: 1.2 ms]
      [Ref Enq: 0.0 ms]
      [Redirty Cards: 0.1 ms]
      [Humongous Register: 0.0 ms]
      [Humongous Reclaim: 0.0 ms]
      [Free CSet: 0.0 ms]
   [Eden: 79.0M(79.0M)->0.0B(77.0M) Survivors: 1024.0K->2048.0K Heap: 227.5M(256.0M)->149.0M(256.0M)]
 [Times: user=0.02 sys=0.00, real=0.01 secs] 
2020-04-13T16:17:36.466+0800: 2039.409: [GC concurrent-root-region-scan-start]
2020-04-13T16:17:36.470+0800: 2039.413: [GC concurrent-root-region-scan-end, 0.0041443 secs]
2020-04-13T16:17:36.470+0800: 2039.413: [GC concurrent-mark-start]
2020-04-13T16:17:36.511+0800: 2039.454: [GC concurrent-mark-end, 0.0408989 secs]
2020-04-13T16:17:36.511+0800: 2039.454: [GC remark 2020-04-13T16:17:36.511+0800: 2039.454: [Finalize Marking, 0.0046500 secs] 2020-04-13T16:17:36.516+0800: 2039.459: [GC ref-proc, 0.0001004 secs] 2020-04-13T16:17:36.516+0800: 2039.459: [Unloading, 0.0090546 secs], 0.0170805 secs]
 [Times: user=0.02 sys=0.00, real=0.01 secs] 
2020-04-13T16:17:36.530+0800: 2039.473: [GC cleanup 150M->150M(256M), 0.0009162 secs]
 [Times: user=0.00 sys=0.00, real=0.00 secs] 
2020-04-13T16:17:38.780+0800: 2041.723: [GC pause (G1 Evacuation Pause) (young), 0.0118903 secs]
   [Parallel Time: 10.5 ms, GC Workers: 4]
      [GC Worker Start (ms): Min: 2041723.3, Avg: 2041723.3, Max: 2041723.3, Diff: 0.1]
      [Ext Root Scanning (ms): Min: 0.4, Avg: 0.4, Max: 0.6, Diff: 0.2, Sum: 1.7]
      [Update RS (ms): Min: 1.5, Avg: 1.9, Max: 2.9, Diff: 1.5, Sum: 7.4]
         [Processed Buffers: Min: 1, Avg: 9.5, Max: 25, Diff: 24, Sum: 38]
      [Scan RS (ms): Min: 1.2, Avg: 2.2, Max: 2.6, Diff: 1.3, Sum: 8.7]
      [Code Root Scanning (ms): Min: 0.0, Avg: 0.0, Max: 0.0, Diff: 0.0, Sum: 0.0]
      [Object Copy (ms): Min: 3.0, Avg: 3.2, Max: 3.7, Diff: 0.7, Sum: 12.9]
      [Termination (ms): Min: 0.0, Avg: 1.1, Max: 2.8, Diff: 2.8, Sum: 4.4]
         [Termination Attempts: Min: 1, Avg: 1.0, Max: 1, Diff: 0, Sum: 4]
      [GC Worker Other (ms): Min: 0.0, Avg: 0.0, Max: 0.1, Diff: 0.1, Sum: 0.1]
      [GC Worker Total (ms): Min: 8.3, Avg: 8.8, Max: 10.3, Diff: 2.0, Sum: 35.4]
      [GC Worker End (ms): Min: 2041731.6, Avg: 2041732.1, Max: 2041733.6, Diff: 2.0]
   [Code Root Fixup: 0.1 ms]
   [Code Root Purge: 0.0 ms]
   [Clear CT: 0.1 ms]
   [Other: 1.3 ms]
      [Choose CSet: 0.0 ms]
      [Ref Proc: 1.0 ms]
      [Ref Enq: 0.0 ms]
      [Redirty Cards: 0.1 ms]
      [Humongous Register: 0.0 ms]
      [Humongous Reclaim: 0.0 ms]
      [Free CSet: 0.0 ms]
   [Eden: 77.0M(77.0M)->0.0B(77.0M) Survivors: 2048.0K->2048.0K Heap: 226.0M(256.0M)->149.1M(256.0M)]
 [Times: user=0.03 sys=0.00, real=0.01 secs] 
2020-04-13T16:17:41.064+0800: 2044.007: [GC pause (G1 Evacuation Pause) (young), 0.0200423 secs]
   [Parallel Time: 7.4 ms, GC Workers: 4]
      [GC Worker Start (ms): Min: 2044006.7, Avg: 2044006.9, Max: 2044007.3, Diff: 0.6]
      [Ext Root Scanning (ms): Min: 0.0, Avg: 0.4, Max: 0.6, Diff: 0.6, Sum: 1.7]
      [Update RS (ms): Min: 2.3, Avg: 3.0, Max: 3.8, Diff: 1.5, Sum: 11.9]
         [Processed Buffers: Min: 0, Avg: 8.2, Max: 22, Diff: 22, Sum: 33]
      [Scan RS (ms): Min: 0.9, Avg: 1.7, Max: 2.5, Diff: 1.5, Sum: 6.8]
      [Code Root Scanning (ms): Min: 0.0, Avg: 0.0, Max: 0.0, Diff: 0.0, Sum: 0.0]
      [Object Copy (ms): Min: 2.0, Avg: 2.1, Max: 2.2, Diff: 0.2, Sum: 8.2]
      [Termination (ms): Min: 0.0, Avg: 0.0, Max: 0.0, Diff: 0.0, Sum: 0.0]
         [Termination Attempts: Min: 1, Avg: 1.0, Max: 1, Diff: 0, Sum: 4]
      [GC Worker Other (ms): Min: 0.0, Avg: 0.0, Max: 0.0, Diff: 0.0, Sum: 0.1]
      [GC Worker Total (ms): Min: 6.8, Avg: 7.2, Max: 7.3, Diff: 0.6, Sum: 28.8]
      [GC Worker End (ms): Min: 2044014.1, Avg: 2044014.1, Max: 2044014.1, Diff: 0.0]
   [Code Root Fixup: 0.1 ms]
   [Code Root Purge: 0.0 ms]
   [Clear CT: 0.4 ms]
   [Other: 12.2 ms]
      [Choose CSet: 0.0 ms]
      [Ref Proc: 11.5 ms]
      [Ref Enq: 0.0 ms]
      [Redirty Cards: 0.3 ms]
      [Humongous Register: 0.0 ms]
      [Humongous Reclaim: 0.1 ms]
      [Free CSet: 0.1 ms]
   [Eden: 77.0M(77.0M)->0.0B(77.0M) Survivors: 2048.0K->2048.0K Heap: 226.1M(256.0M)->148.9M(256.0M)]
 [Times: user=0.03 sys=0.00, real=0.02 secs] 
2020-04-13T16:17:43.318+0800: 2046.261: [GC pause (G1 Evacuation Pause) (young) (initial-mark), 0.0173918 secs]
   [Parallel Time: 5.9 ms, GC Workers: 4]
      [GC Worker Start (ms): Min: 2046261.2, Avg: 2046261.3, Max: 2046261.7, Diff: 0.6]
      [Ext Root Scanning (ms): Min: 0.2, Avg: 0.6, Max: 0.7, Diff: 0.5, Sum: 2.3]
      [Update RS (ms): Min: 1.3, Avg: 1.4, Max: 1.6, Diff: 0.3, Sum: 5.8]
         [Processed Buffers: Min: 3, Avg: 7.0, Max: 15, Diff: 12, Sum: 28]
      [Scan RS (ms): Min: 1.6, Avg: 1.8, Max: 2.0, Diff: 0.4, Sum: 7.0]
      [Code Root Scanning (ms): Min: 0.0, Avg: 0.0, Max: 0.0, Diff: 0.0, Sum: 0.0]
      [Object Copy (ms): Min: 1.7, Avg: 1.8, Max: 1.9, Diff: 0.2, Sum: 7.4]
      [Termination (ms): Min: 0.0, Avg: 0.0, Max: 0.0, Diff: 0.0, Sum: 0.0]
         [Termination Attempts: Min: 1, Avg: 1.0, Max: 1, Diff: 0, Sum: 4]
      [GC Worker Other (ms): Min: 0.0, Avg: 0.0, Max: 0.0, Diff: 0.0, Sum: 0.1]
      [GC Worker Total (ms): Min: 5.2, Avg: 5.6, Max: 5.8, Diff: 0.6, Sum: 22.6]
      [GC Worker End (ms): Min: 2046267.0, Avg: 2046267.0, Max: 2046267.0, Diff: 0.0]
   [Code Root Fixup: 0.1 ms]
   [Code Root Purge: 0.0 ms]
   [Clear CT: 0.1 ms]
   [Other: 11.3 ms]
      [Choose CSet: 0.0 ms]
      [Ref Proc: 11.0 ms]
      [Ref Enq: 0.0 ms]
      [Redirty Cards: 0.1 ms]
      [Humongous Register: 0.0 ms]
      [Humongous Reclaim: 0.0 ms]
      [Free CSet: 0.0 ms]
   [Eden: 77.0M(77.0M)->0.0B(77.0M) Survivors: 2048.0K->2048.0K Heap: 225.9M(256.0M)->149.4M(256.0M)]
 [Times: user=0.02 sys=0.00, real=0.02 secs] 
2020-04-13T16:17:43.336+0800: 2046.279: [GC concurrent-root-region-scan-start]
2020-04-13T16:17:43.341+0800: 2046.284: [GC concurrent-root-region-scan-end, 0.0050988 secs]
2020-04-13T16:17:43.341+0800: 2046.284: [GC concurrent-mark-start]
2020-04-13T16:17:43.369+0800: 2046.312: [GC concurrent-mark-end, 0.0283748 secs]
2020-04-13T16:17:43.370+0800: 2046.313: [GC remark 2020-04-13T16:17:43.370+0800: 2046.313: [Finalize Marking, 0.0007989 secs] 2020-04-13T16:17:43.371+0800: 2046.314: [GC ref-proc, 0.0001584 secs] 2020-04-13T16:17:43.371+0800: 2046.314: [Unloading, 0.0050490 secs], 0.0087379 secs]
 [Times: user=0.02 sys=0.00, real=0.00 secs] 
2020-04-13T16:17:43.379+0800: 2046.322: [GC cleanup 150M->150M(256M), 0.0010044 secs]
 [Times: user=0.00 sys=0.00, real=0.01 secs] 
2020-04-13T16:17:45.728+0800: 2048.671: [GC pause (G1 Evacuation Pause) (young), 0.0115723 secs]
   [Parallel Time: 6.9 ms, GC Workers: 4]
      [GC Worker Start (ms): Min: 2048670.9, Avg: 2048670.9, Max: 2048671.0, Diff: 0.0]
      [Ext Root Scanning (ms): Min: 0.4, Avg: 0.5, Max: 0.5, Diff: 0.1, Sum: 1.8]
      [Update RS (ms): Min: 1.5, Avg: 1.9, Max: 2.8, Diff: 1.3, Sum: 7.5]
         [Processed Buffers: Min: 1, Avg: 7.8, Max: 17, Diff: 16, Sum: 31]
      [Scan RS (ms): Min: 2.0, Avg: 2.4, Max: 3.5, Diff: 1.5, Sum: 9.8]
      [Code Root Scanning (ms): Min: 0.0, Avg: 0.0, Max: 0.0, Diff: 0.0, Sum: 0.0]
      [Object Copy (ms): Min: 0.1, Avg: 2.0, Max: 2.7, Diff: 2.6, Sum: 8.0]
      [Termination (ms): Min: 0.0, Avg: 0.0, Max: 0.1, Diff: 0.1, Sum: 0.1]
         [Termination Attempts: Min: 1, Avg: 1.8, Max: 3, Diff: 2, Sum: 7]
      [GC Worker Other (ms): Min: 0.0, Avg: 0.0, Max: 0.0, Diff: 0.0, Sum: 0.1]
      [GC Worker Total (ms): Min: 6.8, Avg: 6.8, Max: 6.8, Diff: 0.0, Sum: 27.3]
      [GC Worker End (ms): Min: 2048677.8, Avg: 2048677.8, Max: 2048677.8, Diff: 0.0]
   [Code Root Fixup: 0.1 ms]
   [Code Root Purge: 0.0 ms]
   [Clear CT: 0.2 ms]
   [Other: 4.3 ms]
      [Choose CSet: 0.0 ms]
      [Ref Proc: 4.0 ms]
      [Ref Enq: 0.0 ms]
      [Redirty Cards: 0.1 ms]
      [Humongous Register: 0.0 ms]
      [Humongous Reclaim: 0.0 ms]
      [Free CSet: 0.0 ms]
   [Eden: 77.0M(77.0M)->0.0B(77.0M) Survivors: 2048.0K->2048.0K Heap: 226.4M(256.0M)->149.3M(256.0M)]
 [Times: user=0.03 sys=0.00, real=0.02 secs] 
2020-04-13T16:17:47.845+0800: 2050.787: [GC pause (G1 Evacuation Pause) (young), 0.0083317 secs]
   [Parallel Time: 7.2 ms, GC Workers: 4]
      [GC Worker Start (ms): Min: 2050787.5, Avg: 2050787.5, Max: 2050787.5, Diff: 0.1]
      [Ext Root Scanning (ms): Min: 0.4, Avg: 0.4, Max: 0.5, Diff: 0.2, Sum: 1.7]
      [Update RS (ms): Min: 1.7, Avg: 1.9, Max: 2.4, Diff: 0.7, Sum: 7.8]
         [Processed Buffers: Min: 2, Avg: 7.8, Max: 21, Diff: 19, Sum: 31]
      [Scan RS (ms): Min: 1.4, Avg: 2.4, Max: 3.7, Diff: 2.3, Sum: 9.4]
      [Code Root Scanning (ms): Min: 0.0, Avg: 0.0, Max: 0.0, Diff: 0.0, Sum: 0.0]
      [Object Copy (ms): Min: 0.8, Avg: 2.1, Max: 2.7, Diff: 2.0, Sum: 8.6]
      [Termination (ms): Min: 0.0, Avg: 0.0, Max: 0.0, Diff: 0.0, Sum: 0.0]
         [Termination Attempts: Min: 1, Avg: 1.0, Max: 1, Diff: 0, Sum: 4]
      [GC Worker Other (ms): Min: 0.0, Avg: 0.0, Max: 0.0, Diff: 0.0, Sum: 0.1]
      [GC Worker Total (ms): Min: 6.9, Avg: 6.9, Max: 6.9, Diff: 0.0, Sum: 27.6]
      [GC Worker End (ms): Min: 2050794.4, Avg: 2050794.4, Max: 2050794.4, Diff: 0.0]
   [Code Root Fixup: 0.1 ms]
   [Code Root Purge: 0.0 ms]
   [Clear CT: 0.1 ms]
   [Other: 1.0 ms]
      [Choose CSet: 0.0 ms]
      [Ref Proc: 0.6 ms]
      [Ref Enq: 0.0 ms]
      [Redirty Cards: 0.1 ms]
      [Humongous Register: 0.0 ms]
      [Humongous Reclaim: 0.0 ms]
      [Free CSet: 0.0 ms]
   [Eden: 77.0M(77.0M)->0.0B(76.0M) Survivors: 2048.0K->2048.0K Heap: 226.3M(256.0M)->149.4M(256.0M)]
 [Times: user=0.03 sys=0.00, real=0.01 secs] 
2020-04-13T16:17:49.908+0800: 2052.851: [GC pause (G1 Evacuation Pause) (young) (initial-mark), 0.0065502 secs]
   [Parallel Time: 6.1 ms, GC Workers: 4]
      [GC Worker Start (ms): Min: 2052851.0, Avg: 2052851.0, Max: 2052851.0, Diff: 0.0]
      [Ext Root Scanning (ms): Min: 0.6, Avg: 0.6, Max: 0.6, Diff: 0.0, Sum: 2.5]
      [Update RS (ms): Min: 1.8, Avg: 2.1, Max: 2.7, Diff: 0.9, Sum: 8.5]
         [Processed Buffers: Min: 0, Avg: 8.5, Max: 14, Diff: 14, Sum: 34]
      [Scan RS (ms): Min: 0.7, Avg: 1.4, Max: 1.7, Diff: 1.0, Sum: 5.4]
      [Code Root Scanning (ms): Min: 0.0, Avg: 0.0, Max: 0.0, Diff: 0.0, Sum: 0.0]
      [Object Copy (ms): Min: 1.8, Avg: 1.9, Max: 1.9, Diff: 0.1, Sum: 7.5]
      [Termination (ms): Min: 0.0, Avg: 0.0, Max: 0.0, Diff: 0.0, Sum: 0.0]
         [Termination Attempts: Min: 1, Avg: 1.0, Max: 1, Diff: 0, Sum: 4]
      [GC Worker Other (ms): Min: 0.0, Avg: 0.0, Max: 0.0, Diff: 0.0, Sum: 0.1]
      [GC Worker Total (ms): Min: 6.0, Avg: 6.0, Max: 6.0, Diff: 0.0, Sum: 24.0]
      [GC Worker End (ms): Min: 2052857.0, Avg: 2052857.0, Max: 2052857.0, Diff: 0.0]
   [Code Root Fixup: 0.0 ms]
   [Code Root Purge: 0.0 ms]
   [Clear CT: 0.1 ms]
   [Other: 0.4 ms]
      [Choose CSet: 0.0 ms]
      [Ref Proc: 0.2 ms]
      [Ref Enq: 0.0 ms]
      [Redirty Cards: 0.1 ms]
      [Humongous Register: 0.0 ms]
      [Humongous Reclaim: 0.0 ms]
      [Free CSet: 0.0 ms]
   [Eden: 76.0M(76.0M)->0.0B(76.0M) Survivors: 2048.0K->2048.0K Heap: 225.4M(256.0M)->149.7M(256.0M)]
 [Times: user=0.02 sys=0.00, real=0.01 secs] 
2020-04-13T16:17:49.915+0800: 2052.858: [GC concurrent-root-region-scan-start]
2020-04-13T16:17:49.921+0800: 2052.863: [GC concurrent-root-region-scan-end, 0.0057045 secs]
2020-04-13T16:17:49.921+0800: 2052.863: [GC concurrent-mark-start]
2020-04-13T16:17:49.951+0800: 2052.894: [GC concurrent-mark-end, 0.0306368 secs]
2020-04-13T16:17:49.952+0800: 2052.894: [GC remark 2020-04-13T16:17:49.952+0800: 2052.894: [Finalize Marking, 0.0005262 secs] 2020-04-13T16:17:49.952+0800: 2052.895: [GC ref-proc, 0.0001437 secs] 2020-04-13T16:17:49.952+0800: 2052.895: [Unloading, 0.0049864 secs], 0.0076701 secs]
 [Times: user=0.02 sys=0.00, real=0.00 secs] 
2020-04-13T16:17:49.960+0800: 2052.902: [GC cleanup 151M->151M(256M), 0.0004987 secs]
 [Times: user=0.00 sys=0.00, real=0.00 secs] 
2020-04-13T16:17:53.215+0800: 2056.158: [GC pause (G1 Evacuation Pause) (young), 0.0438173 secs]
   [Parallel Time: 30.3 ms, GC Workers: 4]
      [GC Worker Start (ms): Min: 2056157.8, Avg: 2056161.7, Max: 2056171.9, Diff: 14.2]
      [Ext Root Scanning (ms): Min: 0.0, Avg: 0.6, Max: 1.2, Diff: 1.2, Sum: 2.4]
      [Update RS (ms): Min: 0.0, Avg: 5.3, Max: 11.5, Diff: 11.5, Sum: 21.1]
         [Processed Buffers: Min: 0, Avg: 7.2, Max: 14, Diff: 14, Sum: 29]
      [Scan RS (ms): Min: 1.1, Avg: 7.0, Max: 15.6, Diff: 14.4, Sum: 28.0]
      [Code Root Scanning (ms): Min: 0.0, Avg: 0.0, Max: 0.0, Diff: 0.0, Sum: 0.0]
      [Object Copy (ms): Min: 0.0, Avg: 2.8, Max: 4.1, Diff: 4.0, Sum: 11.3]
      [Termination (ms): Min: 0.0, Avg: 8.1, Max: 10.8, Diff: 10.8, Sum: 32.2]
         [Termination Attempts: Min: 1, Avg: 2.0, Max: 4, Diff: 3, Sum: 8]
      [GC Worker Other (ms): Min: 0.0, Avg: 0.0, Max: 0.0, Diff: 0.0, Sum: 0.1]
      [GC Worker Total (ms): Min: 16.0, Avg: 23.8, Max: 30.1, Diff: 14.1, Sum: 95.1]
      [GC Worker End (ms): Min: 2056178.1, Avg: 2056185.4, Max: 2056187.9, Diff: 9.9]
   [Code Root Fixup: 0.1 ms]
   [Code Root Purge: 0.0 ms]
   [Clear CT: 0.1 ms]
   [Other: 13.4 ms]
      [Choose CSet: 0.0 ms]
      [Ref Proc: 13.1 ms]
      [Ref Enq: 0.0 ms]
      [Redirty Cards: 0.1 ms]
      [Humongous Register: 0.0 ms]
      [Humongous Reclaim: 0.0 ms]
      [Free CSet: 0.0 ms]
   [Eden: 76.0M(76.0M)->0.0B(10.0M) Survivors: 2048.0K->2048.0K Heap: 225.7M(256.0M)->149.3M(256.0M)]
 [Times: user=0.03 sys=0.00, real=0.04 secs] 
2020-04-13T16:17:53.955+0800: 2056.898: [GC pause (G1 Evacuation Pause) (mixed), 0.0172357 secs]
   [Parallel Time: 16.6 ms, GC Workers: 4]
      [GC Worker Start (ms): Min: 2056898.1, Avg: 2056898.2, Max: 2056898.3, Diff: 0.1]
      [Ext Root Scanning (ms): Min: 0.4, Avg: 0.5, Max: 0.5, Diff: 0.2, Sum: 1.8]
      [Update RS (ms): Min: 1.1, Avg: 1.2, Max: 1.3, Diff: 0.2, Sum: 4.7]
         [Processed Buffers: Min: 3, Avg: 6.8, Max: 8, Diff: 5, Sum: 27]
      [Scan RS (ms): Min: 2.7, Avg: 2.8, Max: 2.9, Diff: 0.2, Sum: 11.4]
      [Code Root Scanning (ms): Min: 0.0, Avg: 0.0, Max: 0.0, Diff: 0.0, Sum: 0.0]
      [Object Copy (ms): Min: 2.3, Avg: 2.5, Max: 3.0, Diff: 0.7, Sum: 9.8]
      [Termination (ms): Min: 0.0, Avg: 2.8, Max: 9.7, Diff: 9.7, Sum: 11.2]
         [Termination Attempts: Min: 1, Avg: 1.0, Max: 1, Diff: 0, Sum: 4]
      [GC Worker Other (ms): Min: 0.0, Avg: 0.0, Max: 0.0, Diff: 0.0, Sum: 0.1]
      [GC Worker Total (ms): Min: 7.4, Avg: 9.7, Max: 16.4, Diff: 9.0, Sum: 39.0]
      [GC Worker End (ms): Min: 2056905.7, Avg: 2056907.9, Max: 2056914.7, Diff: 9.0]
   [Code Root Fixup: 0.1 ms]
   [Code Root Purge: 0.0 ms]
   [Clear CT: 0.1 ms]
   [Other: 0.5 ms]
      [Choose CSet: 0.0 ms]
      [Ref Proc: 0.1 ms]
      [Ref Enq: 0.0 ms]
      [Redirty Cards: 0.1 ms]
      [Humongous Register: 0.0 ms]
      [Humongous Reclaim: 0.1 ms]
      [Free CSet: 0.0 ms]
   [Eden: 10.0M(10.0M)->0.0B(10.0M) Survivors: 2048.0K->2048.0K Heap: 159.3M(256.0M)->148.6M(256.0M)]
 [Times: user=0.03 sys=0.01, real=0.02 secs] 
2020-04-13T16:17:54.456+0800: 2057.399: [GC pause (G1 Evacuation Pause) (young), 0.0176891 secs]
   [Parallel Time: 16.7 ms, GC Workers: 4]
      [GC Worker Start (ms): Min: 2057399.1, Avg: 2057399.2, Max: 2057399.3, Diff: 0.2]
      [Ext Root Scanning (ms): Min: 0.4, Avg: 0.4, Max: 0.6, Diff: 0.2, Sum: 1.8]
      [Update RS (ms): Min: 1.5, Avg: 1.5, Max: 1.6, Diff: 0.0, Sum: 6.2]
         [Processed Buffers: Min: 3, Avg: 6.8, Max: 12, Diff: 9, Sum: 27]
      [Scan RS (ms): Min: 1.5, Avg: 1.6, Max: 1.7, Diff: 0.2, Sum: 6.2]
      [Code Root Scanning (ms): Min: 0.0, Avg: 0.0, Max: 0.0, Diff: 0.0, Sum: 0.0]
      [Object Copy (ms): Min: 2.1, Avg: 2.4, Max: 3.0, Diff: 0.9, Sum: 9.6]
      [Termination (ms): Min: 0.0, Avg: 3.0, Max: 10.7, Diff: 10.7, Sum: 12.2]
         [Termination Attempts: Min: 1, Avg: 1.0, Max: 1, Diff: 0, Sum: 4]
      [GC Worker Other (ms): Min: 0.0, Avg: 0.0, Max: 0.0, Diff: 0.0, Sum: 0.0]
      [GC Worker Total (ms): Min: 6.4, Avg: 9.0, Max: 16.6, Diff: 10.2, Sum: 36.1]
      [GC Worker End (ms): Min: 2057405.7, Avg: 2057408.2, Max: 2057415.7, Diff: 10.0]
   [Code Root Fixup: 0.1 ms]
   [Code Root Purge: 0.0 ms]
   [Clear CT: 0.1 ms]
   [Other: 0.9 ms]
      [Choose CSet: 0.0 ms]
      [Ref Proc: 0.6 ms]
      [Ref Enq: 0.0 ms]
      [Redirty Cards: 0.1 ms]
      [Humongous Register: 0.0 ms]
      [Humongous Reclaim: 0.0 ms]
      [Free CSet: 0.0 ms]
   [Eden: 10.0M(10.0M)->0.0B(11.0M) Survivors: 2048.0K->1024.0K Heap: 158.6M(256.0M)->148.3M(256.0M)]
 [Times: user=0.02 sys=0.00, real=0.02 secs] 
2020-04-13T16:17:54.891+0800: 2057.833: [GC pause (G1 Evacuation Pause) (young) (initial-mark), 0.0055879 secs]
   [Parallel Time: 5.1 ms, GC Workers: 4]
      [GC Worker Start (ms): Min: 2057833.1, Avg: 2057833.2, Max: 2057833.3, Diff: 0.1]
      [Ext Root Scanning (ms): Min: 0.5, Avg: 0.7, Max: 0.8, Diff: 0.3, Sum: 2.7]
      [Update RS (ms): Min: 1.3, Avg: 1.4, Max: 1.5, Diff: 0.2, Sum: 5.6]
         [Processed Buffers: Min: 3, Avg: 7.5, Max: 14, Diff: 11, Sum: 30]
      [Scan RS (ms): Min: 1.3, Avg: 1.4, Max: 1.6, Diff: 0.2, Sum: 5.8]
      [Code Root Scanning (ms): Min: 0.0, Avg: 0.0, Max: 0.0, Diff: 0.0, Sum: 0.0]
      [Object Copy (ms): Min: 1.4, Avg: 1.5, Max: 1.5, Diff: 0.1, Sum: 5.8]
      [Termination (ms): Min: 0.0, Avg: 0.0, Max: 0.0, Diff: 0.0, Sum: 0.0]
         [Termination Attempts: Min: 1, Avg: 1.0, Max: 1, Diff: 0, Sum: 4]
      [GC Worker Other (ms): Min: 0.0, Avg: 0.0, Max: 0.0, Diff: 0.0, Sum: 0.1]
      [GC Worker Total (ms): Min: 4.9, Avg: 5.0, Max: 5.0, Diff: 0.1, Sum: 20.0]
      [GC Worker End (ms): Min: 2057838.2, Avg: 2057838.2, Max: 2057838.2, Diff: 0.0]
   [Code Root Fixup: 0.1 ms]
   [Code Root Purge: 0.0 ms]
   [Clear CT: 0.1 ms]
   [Other: 0.4 ms]
      [Choose CSet: 0.0 ms]
      [Ref Proc: 0.1 ms]
      [Ref Enq: 0.0 ms]
      [Redirty Cards: 0.1 ms]
      [Humongous Register: 0.0 ms]
      [Humongous Reclaim: 0.0 ms]
      [Free CSet: 0.0 ms]
   [Eden: 11.0M(11.0M)->0.0B(77.0M) Survivors: 1024.0K->2048.0K Heap: 159.3M(256.0M)->148.9M(256.0M)]
 [Times: user=0.02 sys=0.00, real=0.00 secs] 
2020-04-13T16:17:54.896+0800: 2057.839: [GC concurrent-root-region-scan-start]
2020-04-13T16:17:54.901+0800: 2057.843: [GC concurrent-root-region-scan-end, 0.0045456 secs]
2020-04-13T16:17:54.901+0800: 2057.843: [GC concurrent-mark-start]
2020-04-13T16:17:54.934+0800: 2057.876: [GC concurrent-mark-end, 0.0326876 secs]
2020-04-13T16:17:54.934+0800: 2057.876: [GC remark 2020-04-13T16:17:54.934+0800: 2057.876: [Finalize Marking, 0.0009108 secs] 2020-04-13T16:17:54.935+0800: 2057.877: [GC ref-proc, 0.0001248 secs] 2020-04-13T16:17:54.935+0800: 2057.877: [Unloading, 0.0077143 secs], 0.0107006 secs]
 [Times: user=0.03 sys=0.00, real=0.01 secs] 
2020-04-13T16:17:54.945+0800: 2057.887: [GC cleanup 150M->150M(256M), 0.0004589 secs]
 [Times: user=0.00 sys=0.00, real=0.00 secs] 
2020-04-13T16:17:57.701+0800: 2060.644: [GC pause (G1 Evacuation Pause) (young), 0.0054347 secs]
   [Parallel Time: 4.9 ms, GC Workers: 4]
      [GC Worker Start (ms): Min: 2060643.7, Avg: 2060643.7, Max: 2060643.7, Diff: 0.1]
      [Ext Root Scanning (ms): Min: 0.4, Avg: 0.5, Max: 0.6, Diff: 0.2, Sum: 2.0]
      [Update RS (ms): Min: 1.5, Avg: 1.6, Max: 1.7, Diff: 0.3, Sum: 6.3]
         [Processed Buffers: Min: 4, Avg: 7.8, Max: 17, Diff: 13, Sum: 31]
      [Scan RS (ms): Min: 1.0, Avg: 1.2, Max: 1.3, Diff: 0.3, Sum: 4.6]
      [Code Root Scanning (ms): Min: 0.0, Avg: 0.0, Max: 0.0, Diff: 0.0, Sum: 0.0]
      [Object Copy (ms): Min: 1.5, Avg: 1.5, Max: 1.6, Diff: 0.1, Sum: 6.1]
      [Termination (ms): Min: 0.0, Avg: 0.0, Max: 0.0, Diff: 0.0, Sum: 0.0]
         [Termination Attempts: Min: 1, Avg: 1.0, Max: 1, Diff: 0, Sum: 4]
      [GC Worker Other (ms): Min: 0.0, Avg: 0.0, Max: 0.0, Diff: 0.0, Sum: 0.1]
      [GC Worker Total (ms): Min: 4.7, Avg: 4.8, Max: 4.8, Diff: 0.1, Sum: 19.1]
      [GC Worker End (ms): Min: 2060648.5, Avg: 2060648.5, Max: 2060648.5, Diff: 0.0]
   [Code Root Fixup: 0.1 ms]
   [Code Root Purge: 0.0 ms]
   [Clear CT: 0.1 ms]
   [Other: 0.4 ms]
      [Choose CSet: 0.0 ms]
      [Ref Proc: 0.1 ms]
      [Ref Enq: 0.0 ms]
      [Redirty Cards: 0.1 ms]
      [Humongous Register: 0.0 ms]
      [Humongous Reclaim: 0.0 ms]
      [Free CSet: 0.0 ms]
   [Eden: 77.0M(77.0M)->0.0B(79.0M) Survivors: 2048.0K->1024.0K Heap: 225.9M(256.0M)->148.3M(256.0M)]
 [Times: user=0.02 sys=0.00, real=0.00 secs] 
2020-04-13T16:17:59.611+0800: 2062.553: [GC pause (G1 Evacuation Pause) (young), 0.0078792 secs]
   [Parallel Time: 6.4 ms, GC Workers: 4]
      [GC Worker Start (ms): Min: 2062553.7, Avg: 2062553.9, Max: 2062554.4, Diff: 0.7]
      [Ext Root Scanning (ms): Min: 0.0, Avg: 0.4, Max: 0.6, Diff: 0.6, Sum: 1.5]
      [Update RS (ms): Min: 1.5, Avg: 1.7, Max: 1.8, Diff: 0.4, Sum: 6.6]
         [Processed Buffers: Min: 4, Avg: 8.8, Max: 13, Diff: 9, Sum: 35]
      [Scan RS (ms): Min: 1.0, Avg: 1.1, Max: 1.3, Diff: 0.3, Sum: 4.5]
      [Code Root Scanning (ms): Min: 0.0, Avg: 0.0, Max: 0.0, Diff: 0.0, Sum: 0.0]
      [Object Copy (ms): Min: 2.0, Avg: 2.2, Max: 2.8, Diff: 0.7, Sum: 9.0]
      [Termination (ms): Min: 0.0, Avg: 0.5, Max: 0.7, Diff: 0.7, Sum: 2.1]
         [Termination Attempts: Min: 1, Avg: 1.2, Max: 2, Diff: 1, Sum: 5]
      [GC Worker Other (ms): Min: 0.0, Avg: 0.0, Max: 0.0, Diff: 0.0, Sum: 0.0]
      [GC Worker Total (ms): Min: 5.5, Avg: 6.0, Max: 6.1, Diff: 0.7, Sum: 23.8]
      [GC Worker End (ms): Min: 2062559.9, Avg: 2062559.9, Max: 2062559.9, Diff: 0.0]
   [Code Root Fixup: 0.0 ms]
   [Code Root Purge: 0.0 ms]
   [Clear CT: 0.2 ms]
   [Other: 1.3 ms]
      [Choose CSet: 0.0 ms]
      [Ref Proc: 1.0 ms]
      [Ref Enq: 0.0 ms]
      [Redirty Cards: 0.1 ms]
      [Humongous Register: 0.0 ms]
      [Humongous Reclaim: 0.0 ms]
      [Free CSet: 0.0 ms]
   [Eden: 79.0M(79.0M)->0.0B(77.0M) Survivors: 1024.0K->2048.0K Heap: 227.3M(256.0M)->148.7M(256.0M)]
 [Times: user=0.02 sys=0.00, real=0.00 secs] 
2020-04-13T16:18:01.624+0800: 2064.566: [GC pause (G1 Evacuation Pause) (young) (initial-mark), 0.0061510 secs]
   [Parallel Time: 5.6 ms, GC Workers: 4]
      [GC Worker Start (ms): Min: 2064566.6, Avg: 2064566.6, Max: 2064566.6, Diff: 0.0]
      [Ext Root Scanning (ms): Min: 0.6, Avg: 0.6, Max: 0.6, Diff: 0.0, Sum: 2.4]
      [Update RS (ms): Min: 1.5, Avg: 1.8, Max: 2.3, Diff: 0.7, Sum: 7.3]
         [Processed Buffers: Min: 4, Avg: 8.2, Max: 11, Diff: 7, Sum: 33]
      [Scan RS (ms): Min: 1.0, Avg: 1.4, Max: 1.7, Diff: 0.6, Sum: 5.6]
      [Code Root Scanning (ms): Min: 0.0, Avg: 0.0, Max: 0.1, Diff: 0.1, Sum: 0.1]
      [Object Copy (ms): Min: 1.6, Avg: 1.6, Max: 1.7, Diff: 0.1, Sum: 6.4]
      [Termination (ms): Min: 0.0, Avg: 0.0, Max: 0.0, Diff: 0.0, Sum: 0.1]
         [Termination Attempts: Min: 1, Avg: 1.0, Max: 1, Diff: 0, Sum: 4]
      [GC Worker Other (ms): Min: 0.0, Avg: 0.0, Max: 0.0, Diff: 0.0, Sum: 0.1]
      [GC Worker Total (ms): Min: 5.5, Avg: 5.5, Max: 5.5, Diff: 0.0, Sum: 21.9]
      [GC Worker End (ms): Min: 2064572.1, Avg: 2064572.1, Max: 2064572.1, Diff: 0.0]
   [Code Root Fixup: 0.1 ms]
   [Code Root Purge: 0.0 ms]
   [Clear CT: 0.1 ms]
   [Other: 0.4 ms]
      [Choose CSet: 0.0 ms]
      [Ref Proc: 0.2 ms]
      [Ref Enq: 0.0 ms]
      [Redirty Cards: 0.1 ms]
      [Humongous Register: 0.0 ms]
      [Humongous Reclaim: 0.0 ms]
      [Free CSet: 0.0 ms]
   [Eden: 77.0M(77.0M)->0.0B(77.0M) Survivors: 2048.0K->2048.0K Heap: 225.7M(256.0M)->149.0M(256.0M)]
 [Times: user=0.02 sys=0.00, real=0.01 secs] 
2020-04-13T16:18:01.630+0800: 2064.573: [GC concurrent-root-region-scan-start]
2020-04-13T16:18:01.636+0800: 2064.578: [GC concurrent-root-region-scan-end, 0.0053264 secs]
2020-04-13T16:18:01.636+0800: 2064.578: [GC concurrent-mark-start]
2020-04-13T16:18:01.663+0800: 2064.605: [GC concurrent-mark-end, 0.0272834 secs]
2020-04-13T16:18:01.663+0800: 2064.606: [GC remark 2020-04-13T16:18:01.663+0800: 2064.606: [Finalize Marking, 0.0001855 secs] 2020-04-13T16:18:01.664+0800: 2064.606: [GC ref-proc, 0.0001180 secs] 2020-04-13T16:18:01.664+0800: 2064.606: [Unloading, 0.0072308 secs], 0.0091584 secs]
 [Times: user=0.01 sys=0.00, real=0.01 secs] 
2020-04-13T16:18:01.673+0800: 2064.615: [GC cleanup 150M->150M(256M), 0.0003820 secs]
 [Times: user=0.01 sys=0.00, real=0.00 secs] 
2020-04-13T16:18:03.370+0800: 2066.312: [GC pause (G1 Evacuation Pause) (young), 0.0052429 secs]
   [Parallel Time: 4.7 ms, GC Workers: 4]
      [GC Worker Start (ms): Min: 2066312.1, Avg: 2066312.2, Max: 2066312.2, Diff: 0.0]
      [Ext Root Scanning (ms): Min: 0.4, Avg: 0.4, Max: 0.5, Diff: 0.1, Sum: 1.7]
      [Update RS (ms): Min: 1.6, Avg: 1.8, Max: 2.0, Diff: 0.4, Sum: 7.1]
         [Processed Buffers: Min: 5, Avg: 8.5, Max: 12, Diff: 7, Sum: 34]
      [Scan RS (ms): Min: 0.7, Avg: 0.9, Max: 1.1, Diff: 0.4, Sum: 3.5]
      [Code Root Scanning (ms): Min: 0.0, Avg: 0.0, Max: 0.0, Diff: 0.0, Sum: 0.0]
      [Object Copy (ms): Min: 1.4, Avg: 1.5, Max: 1.6, Diff: 0.1, Sum: 6.0]
      [Termination (ms): Min: 0.0, Avg: 0.0, Max: 0.0, Diff: 0.0, Sum: 0.0]
         [Termination Attempts: Min: 1, Avg: 1.0, Max: 1, Diff: 0, Sum: 4]
      [GC Worker Other (ms): Min: 0.0, Avg: 0.0, Max: 0.0, Diff: 0.0, Sum: 0.0]
      [GC Worker Total (ms): Min: 4.6, Avg: 4.6, Max: 4.6, Diff: 0.0, Sum: 18.4]
      [GC Worker End (ms): Min: 2066316.8, Avg: 2066316.8, Max: 2066316.8, Diff: 0.0]
   [Code Root Fixup: 0.1 ms]
   [Code Root Purge: 0.0 ms]
   [Clear CT: 0.1 ms]
   [Other: 0.4 ms]
      [Choose CSet: 0.0 ms]
      [Ref Proc: 0.2 ms]
      [Ref Enq: 0.0 ms]
      [Redirty Cards: 0.1 ms]
      [Humongous Register: 0.0 ms]
      [Humongous Reclaim: 0.0 ms]
      [Free CSet: 0.0 ms]
   [Eden: 77.0M(77.0M)->0.0B(79.0M) Survivors: 2048.0K->1024.0K Heap: 226.0M(256.0M)->148.6M(256.0M)]
 [Times: user=0.02 sys=0.00, real=0.00 secs] 
2020-04-13T16:18:05.146+0800: 2068.088: [GC pause (G1 Evacuation Pause) (young), 0.0074539 secs]
   [Parallel Time: 6.6 ms, GC Workers: 4]
      [GC Worker Start (ms): Min: 2068088.3, Avg: 2068088.3, Max: 2068088.3, Diff: 0.0]
      [Ext Root Scanning (ms): Min: 0.4, Avg: 0.4, Max: 0.5, Diff: 0.1, Sum: 1.6]
      [Update RS (ms): Min: 2.4, Avg: 2.6, Max: 3.0, Diff: 0.6, Sum: 10.5]
         [Processed Buffers: Min: 3, Avg: 9.0, Max: 15, Diff: 12, Sum: 36]
      [Scan RS (ms): Min: 0.6, Avg: 1.0, Max: 1.1, Diff: 0.5, Sum: 3.9]
      [Code Root Scanning (ms): Min: 0.0, Avg: 0.0, Max: 0.0, Diff: 0.0, Sum: 0.0]
      [Object Copy (ms): Min: 2.3, Avg: 2.4, Max: 2.5, Diff: 0.1, Sum: 9.6]
      [Termination (ms): Min: 0.0, Avg: 0.0, Max: 0.0, Diff: 0.0, Sum: 0.0]
         [Termination Attempts: Min: 1, Avg: 1.0, Max: 1, Diff: 0, Sum: 4]
      [GC Worker Other (ms): Min: 0.0, Avg: 0.0, Max: 0.0, Diff: 0.0, Sum: 0.2]
      [GC Worker Total (ms): Min: 6.4, Avg: 6.4, Max: 6.5, Diff: 0.0, Sum: 25.8]
      [GC Worker End (ms): Min: 2068094.7, Avg: 2068094.7, Max: 2068094.7, Diff: 0.0]
   [Code Root Fixup: 0.1 ms]
   [Code Root Purge: 0.0 ms]
   [Clear CT: 0.1 ms]
   [Other: 0.7 ms]
      [Choose CSet: 0.0 ms]
      [Ref Proc: 0.4 ms]
      [Ref Enq: 0.0 ms]
      [Redirty Cards: 0.1 ms]
      [Humongous Register: 0.0 ms]
      [Humongous Reclaim: 0.0 ms]
      [Free CSet: 0.0 ms]
   [Eden: 79.0M(79.0M)->0.0B(77.0M) Survivors: 1024.0K->2048.0K Heap: 227.6M(256.0M)->149.3M(256.0M)]
 [Times: user=0.02 sys=0.00, real=0.01 secs] 
2020-04-13T16:18:07.181+0800: 2070.123: [GC pause (G1 Evacuation Pause) (young) (initial-mark), 0.0103733 secs]
   [Parallel Time: 9.2 ms, GC Workers: 4]
      [GC Worker Start (ms): Min: 2070123.4, Avg: 2070123.5, Max: 2070123.9, Diff: 0.5]
      [Ext Root Scanning (ms): Min: 0.7, Avg: 1.1, Max: 1.6, Diff: 0.9, Sum: 4.2]
      [Update RS (ms): Min: 1.5, Avg: 2.1, Max: 2.4, Diff: 1.0, Sum: 8.6]
         [Processed Buffers: Min: 4, Avg: 8.8, Max: 15, Diff: 11, Sum: 35]
      [Scan RS (ms): Min: 0.9, Avg: 1.2, Max: 1.5, Diff: 0.6, Sum: 4.8]
      [Code Root Scanning (ms): Min: 0.0, Avg: 0.0, Max: 0.0, Diff: 0.0, Sum: 0.0]
      [Object Copy (ms): Min: 4.2, Avg: 4.3, Max: 4.3, Diff: 0.1, Sum: 17.0]
      [Termination (ms): Min: 0.0, Avg: 0.1, Max: 0.2, Diff: 0.2, Sum: 0.5]
         [Termination Attempts: Min: 1, Avg: 1.0, Max: 1, Diff: 0, Sum: 4]
      [GC Worker Other (ms): Min: 0.0, Avg: 0.0, Max: 0.0, Diff: 0.0, Sum: 0.0]
      [GC Worker Total (ms): Min: 8.5, Avg: 8.8, Max: 8.9, Diff: 0.4, Sum: 35.1]
      [GC Worker End (ms): Min: 2070132.3, Avg: 2070132.3, Max: 2070132.3, Diff: 0.1]
   [Code Root Fixup: 0.1 ms]
   [Code Root Purge: 0.0 ms]
   [Clear CT: 0.1 ms]
   [Other: 1.0 ms]
      [Choose CSet: 0.0 ms]
      [Ref Proc: 0.8 ms]
      [Ref Enq: 0.0 ms]
      [Redirty Cards: 0.1 ms]
      [Humongous Register: 0.0 ms]
      [Humongous Reclaim: 0.0 ms]
      [Free CSet: 0.0 ms]
   [Eden: 77.0M(77.0M)->0.0B(79.0M) Survivors: 2048.0K->1024.0K Heap: 226.3M(256.0M)->148.7M(256.0M)]
 [Times: user=0.02 sys=0.00, real=0.01 secs] 
2020-04-13T16:18:07.191+0800: 2070.134: [GC concurrent-root-region-scan-start]
2020-04-13T16:18:07.195+0800: 2070.138: [GC concurrent-root-region-scan-end, 0.0038188 secs]
2020-04-13T16:18:07.195+0800: 2070.138: [GC concurrent-mark-start]
2020-04-13T16:18:07.231+0800: 2070.174: [GC concurrent-mark-end, 0.0359128 secs]
2020-04-13T16:18:07.232+0800: 2070.174: [GC remark 2020-04-13T16:18:07.232+0800: 2070.174: [Finalize Marking, 0.0078243 secs] 2020-04-13T16:18:07.240+0800: 2070.182: [GC ref-proc, 0.0001014 secs] 2020-04-13T16:18:07.240+0800: 2070.182: [Unloading, 0.0042361 secs], 0.0139424 secs]
 [Times: user=0.02 sys=0.00, real=0.01 secs] 
2020-04-13T16:18:07.246+0800: 2070.188: [GC cleanup 150M->150M(256M), 0.0003740 secs]
 [Times: user=0.00 sys=0.00, real=0.00 secs] 
2020-04-13T16:18:09.445+0800: 2072.387: [GC pause (G1 Evacuation Pause) (young), 0.0122047 secs]
   [Parallel Time: 10.9 ms, GC Workers: 4]
      [GC Worker Start (ms): Min: 2072387.2, Avg: 2072387.3, Max: 2072387.3, Diff: 0.0]
      [Ext Root Scanning (ms): Min: 0.4, Avg: 0.4, Max: 0.5, Diff: 0.1, Sum: 1.7]
      [Update RS (ms): Min: 1.9, Avg: 3.3, Max: 7.2, Diff: 5.3, Sum: 13.3]
         [Processed Buffers: Min: 3, Avg: 9.5, Max: 26, Diff: 23, Sum: 38]
      [Scan RS (ms): Min: 0.0, Avg: 2.8, Max: 5.2, Diff: 5.2, Sum: 11.2]
      [Code Root Scanning (ms): Min: 0.0, Avg: 0.0, Max: 0.0, Diff: 0.0, Sum: 0.0]
      [Object Copy (ms): Min: 2.0, Avg: 3.2, Max: 4.7, Diff: 2.7, Sum: 13.0]
      [Termination (ms): Min: 0.0, Avg: 0.9, Max: 1.2, Diff: 1.2, Sum: 3.4]
         [Termination Attempts: Min: 1, Avg: 1.0, Max: 1, Diff: 0, Sum: 4]
      [GC Worker Other (ms): Min: 0.0, Avg: 0.0, Max: 0.0, Diff: 0.0, Sum: 0.1]
      [GC Worker Total (ms): Min: 10.3, Avg: 10.7, Max: 10.8, Diff: 0.4, Sum: 42.6]
      [GC Worker End (ms): Min: 2072397.6, Avg: 2072397.9, Max: 2072398.1, Diff: 0.5]
   [Code Root Fixup: 0.1 ms]
   [Code Root Purge: 0.0 ms]
   [Clear CT: 0.1 ms]
   [Other: 1.1 ms]
      [Choose CSet: 0.0 ms]
      [Ref Proc: 0.9 ms]
      [Ref Enq: 0.0 ms]
      [Redirty Cards: 0.1 ms]
      [Humongous Register: 0.0 ms]
      [Humongous Reclaim: 0.0 ms]
      [Free CSet: 0.0 ms]
   [Eden: 79.0M(79.0M)->0.0B(78.0M) Survivors: 1024.0K->1024.0K Heap: 227.7M(256.0M)->148.9M(256.0M)]
 [Times: user=0.03 sys=0.00, real=0.01 secs] 
2020-04-13T16:18:11.319+0800: 2074.261: [GC pause (G1 Evacuation Pause) (young), 0.0166310 secs]
   [Parallel Time: 5.3 ms, GC Workers: 4]
      [GC Worker Start (ms): Min: 2074261.2, Avg: 2074261.2, Max: 2074261.2, Diff: 0.0]
      [Ext Root Scanning (ms): Min: 0.4, Avg: 0.4, Max: 0.5, Diff: 0.1, Sum: 1.6]
      [Update RS (ms): Min: 1.7, Avg: 1.8, Max: 2.0, Diff: 0.3, Sum: 7.2]
         [Processed Buffers: Min: 0, Avg: 9.5, Max: 17, Diff: 17, Sum: 38]
      [Scan RS (ms): Min: 1.3, Avg: 1.5, Max: 1.6, Diff: 0.2, Sum: 5.9]
      [Code Root Scanning (ms): Min: 0.0, Avg: 0.0, Max: 0.0, Diff: 0.0, Sum: 0.0]
      [Object Copy (ms): Min: 1.5, Avg: 1.6, Max: 1.6, Diff: 0.1, Sum: 6.3]
      [Termination (ms): Min: 0.0, Avg: 0.0, Max: 0.0, Diff: 0.0, Sum: 0.0]
         [Termination Attempts: Min: 1, Avg: 1.0, Max: 1, Diff: 0, Sum: 4]
      [GC Worker Other (ms): Min: 0.0, Avg: 0.0, Max: 0.0, Diff: 0.0, Sum: 0.1]
      [GC Worker Total (ms): Min: 5.2, Avg: 5.3, Max: 5.3, Diff: 0.0, Sum: 21.1]
      [GC Worker End (ms): Min: 2074266.5, Avg: 2074266.5, Max: 2074266.5, Diff: 0.0]
   [Code Root Fixup: 0.0 ms]
   [Code Root Purge: 0.0 ms]
   [Clear CT: 0.1 ms]
   [Other: 11.2 ms]
      [Choose CSet: 0.0 ms]
      [Ref Proc: 10.9 ms]
      [Ref Enq: 0.0 ms]
      [Redirty Cards: 0.1 ms]
      [Humongous Register: 0.0 ms]
      [Humongous Reclaim: 0.0 ms]
      [Free CSet: 0.1 ms]
   [Eden: 78.0M(78.0M)->0.0B(76.0M) Survivors: 1024.0K->2048.0K Heap: 226.9M(256.0M)->149.3M(256.0M)]
 [Times: user=0.02 sys=0.00, real=0.02 secs] 
2020-04-13T16:18:13.229+0800: 2076.172: [GC pause (G1 Evacuation Pause) (young) (initial-mark), 0.0061452 secs]
   [Parallel Time: 5.6 ms, GC Workers: 4]
      [GC Worker Start (ms): Min: 2076171.6, Avg: 2076171.6, Max: 2076171.7, Diff: 0.1]
      [Ext Root Scanning (ms): Min: 0.6, Avg: 0.6, Max: 0.6, Diff: 0.1, Sum: 2.4]
      [Update RS (ms): Min: 1.5, Avg: 1.6, Max: 1.8, Diff: 0.2, Sum: 6.5]
         [Processed Buffers: Min: 4, Avg: 7.2, Max: 14, Diff: 10, Sum: 29]
      [Scan RS (ms): Min: 1.4, Avg: 1.7, Max: 1.9, Diff: 0.4, Sum: 6.6]
      [Code Root Scanning (ms): Min: 0.0, Avg: 0.0, Max: 0.0, Diff: 0.0, Sum: 0.0]
      [Object Copy (ms): Min: 1.5, Avg: 1.6, Max: 1.7, Diff: 0.2, Sum: 6.4]
      [Termination (ms): Min: 0.0, Avg: 0.0, Max: 0.0, Diff: 0.0, Sum: 0.0]
         [Termination Attempts: Min: 1, Avg: 1.0, Max: 1, Diff: 0, Sum: 4]
      [GC Worker Other (ms): Min: 0.0, Avg: 0.0, Max: 0.0, Diff: 0.0, Sum: 0.1]
      [GC Worker Total (ms): Min: 5.4, Avg: 5.5, Max: 5.5, Diff: 0.1, Sum: 21.9]
      [GC Worker End (ms): Min: 2076177.1, Avg: 2076177.1, Max: 2076177.1, Diff: 0.0]
   [Code Root Fixup: 0.1 ms]
   [Code Root Purge: 0.0 ms]
   [Clear CT: 0.1 ms]
   [Other: 0.4 ms]
      [Choose CSet: 0.0 ms]
      [Ref Proc: 0.1 ms]
      [Ref Enq: 0.0 ms]
      [Redirty Cards: 0.1 ms]
      [Humongous Register: 0.0 ms]
      [Humongous Reclaim: 0.0 ms]
      [Free CSet: 0.0 ms]
   [Eden: 76.0M(76.0M)->0.0B(78.0M) Survivors: 2048.0K->1024.0K Heap: 225.3M(256.0M)->149.0M(256.0M)]
 [Times: user=0.02 sys=0.00, real=0.01 secs] 
2020-04-13T16:18:13.236+0800: 2076.178: [GC concurrent-root-region-scan-start]
2020-04-13T16:18:13.239+0800: 2076.181: [GC concurrent-root-region-scan-end, 0.0031674 secs]
2020-04-13T16:18:13.239+0800: 2076.181: [GC concurrent-mark-start]
2020-04-13T16:18:13.273+0800: 2076.216: [GC concurrent-mark-end, 0.0345920 secs]
2020-04-13T16:18:13.274+0800: 2076.216: [GC remark 2020-04-13T16:18:13.274+0800: 2076.216: [Finalize Marking, 0.0008448 secs] 2020-04-13T16:18:13.274+0800: 2076.217: [GC ref-proc, 0.0001326 secs] 2020-04-13T16:18:13.275+0800: 2076.217: [Unloading, 0.0051297 secs], 0.0081365 secs]
 [Times: user=0.02 sys=0.00, real=0.01 secs] 
2020-04-13T16:18:13.282+0800: 2076.224: [GC cleanup 150M->150M(256M), 0.0003920 secs]
 [Times: user=0.00 sys=0.00, real=0.00 secs] 
2020-04-13T16:18:15.135+0800: 2078.078: [GC pause (G1 Evacuation Pause) (young), 0.0086191 secs]
   [Parallel Time: 7.0 ms, GC Workers: 4]
      [GC Worker Start (ms): Min: 2078077.7, Avg: 2078077.9, Max: 2078078.1, Diff: 0.3]
      [Ext Root Scanning (ms): Min: 0.5, Avg: 0.7, Max: 0.9, Diff: 0.4, Sum: 2.6]
      [Update RS (ms): Min: 2.6, Avg: 3.2, Max: 4.8, Diff: 2.2, Sum: 12.9]
         [Processed Buffers: Min: 0, Avg: 7.8, Max: 21, Diff: 21, Sum: 31]
      [Scan RS (ms): Min: 0.0, Avg: 1.1, Max: 1.8, Diff: 1.8, Sum: 4.6]
      [Code Root Scanning (ms): Min: 0.0, Avg: 0.0, Max: 0.0, Diff: 0.0, Sum: 0.0]
      [Object Copy (ms): Min: 1.3, Avg: 1.8, Max: 2.2, Diff: 0.9, Sum: 7.3]
      [Termination (ms): Min: 0.0, Avg: 0.0, Max: 0.0, Diff: 0.0, Sum: 0.0]
         [Termination Attempts: Min: 1, Avg: 1.0, Max: 1, Diff: 0, Sum: 4]
      [GC Worker Other (ms): Min: 0.0, Avg: 0.0, Max: 0.0, Diff: 0.0, Sum: 0.1]
      [GC Worker Total (ms): Min: 6.7, Avg: 6.9, Max: 7.0, Diff: 0.3, Sum: 27.5]
      [GC Worker End (ms): Min: 2078084.7, Avg: 2078084.7, Max: 2078084.7, Diff: 0.0]
   [Code Root Fixup: 0.1 ms]
   [Code Root Purge: 0.0 ms]
   [Clear CT: 0.1 ms]
   [Other: 1.5 ms]
      [Choose CSet: 0.0 ms]
      [Ref Proc: 1.2 ms]
      [Ref Enq: 0.0 ms]
      [Redirty Cards: 0.1 ms]
      [Humongous Register: 0.0 ms]
      [Humongous Reclaim: 0.0 ms]
      [Free CSet: 0.0 ms]
   [Eden: 78.0M(78.0M)->0.0B(10.0M) Survivors: 1024.0K->2048.0K Heap: 227.0M(256.0M)->149.5M(256.0M)]
 [Times: user=0.02 sys=0.00, real=0.01 secs] 
2020-04-13T16:18:15.388+0800: 2078.330: [GC pause (G1 Evacuation Pause) (mixed), 0.0061249 secs]
   [Parallel Time: 5.7 ms, GC Workers: 4]
      [GC Worker Start (ms): Min: 2078330.5, Avg: 2078330.5, Max: 2078330.5, Diff: 0.1]
      [Ext Root Scanning (ms): Min: 0.4, Avg: 0.4, Max: 0.5, Diff: 0.2, Sum: 1.7]
      [Update RS (ms): Min: 1.0, Avg: 1.1, Max: 1.1, Diff: 0.1, Sum: 4.3]
         [Processed Buffers: Min: 2, Avg: 5.5, Max: 12, Diff: 10, Sum: 22]
      [Scan RS (ms): Min: 2.3, Avg: 2.4, Max: 2.5, Diff: 0.1, Sum: 9.6]
      [Code Root Scanning (ms): Min: 0.0, Avg: 0.0, Max: 0.1, Diff: 0.1, Sum: 0.1]
      [Object Copy (ms): Min: 1.6, Avg: 1.7, Max: 1.7, Diff: 0.1, Sum: 6.6]
      [Termination (ms): Min: 0.0, Avg: 0.0, Max: 0.0, Diff: 0.0, Sum: 0.0]
         [Termination Attempts: Min: 1, Avg: 1.0, Max: 1, Diff: 0, Sum: 4]
      [GC Worker Other (ms): Min: 0.0, Avg: 0.0, Max: 0.0, Diff: 0.0, Sum: 0.1]
      [GC Worker Total (ms): Min: 5.5, Avg: 5.6, Max: 5.6, Diff: 0.1, Sum: 22.4]
      [GC Worker End (ms): Min: 2078336.1, Avg: 2078336.1, Max: 2078336.1, Diff: 0.0]
   [Code Root Fixup: 0.1 ms]
   [Code Root Purge: 0.0 ms]
   [Clear CT: 0.1 ms]
   [Other: 0.3 ms]
      [Choose CSet: 0.0 ms]
      [Ref Proc: 0.1 ms]
      [Ref Enq: 0.0 ms]
      [Redirty Cards: 0.1 ms]
      [Humongous Register: 0.0 ms]
      [Humongous Reclaim: 0.0 ms]
      [Free CSet: 0.0 ms]
   [Eden: 10.0M(10.0M)->0.0B(79.0M) Survivors: 2048.0K->1024.0K Heap: 159.5M(256.0M)->148.2M(256.0M)]
 [Times: user=0.02 sys=0.00, real=0.01 secs] 
2020-04-13T16:18:17.534+0800: 2080.476: [GC pause (G1 Evacuation Pause) (young), 0.0092062 secs]
   [Parallel Time: 6.4 ms, GC Workers: 4]
      [GC Worker Start (ms): Min: 2080476.0, Avg: 2080476.2, Max: 2080476.6, Diff: 0.6]
      [Ext Root Scanning (ms): Min: 0.0, Avg: 0.4, Max: 0.5, Diff: 0.5, Sum: 1.5]
      [Update RS (ms): Min: 2.1, Avg: 2.2, Max: 2.4, Diff: 0.3, Sum: 9.0]
         [Processed Buffers: Min: 4, Avg: 7.5, Max: 11, Diff: 7, Sum: 30]
      [Scan RS (ms): Min: 1.4, Avg: 1.8, Max: 2.6, Diff: 1.2, Sum: 7.4]
      [Code Root Scanning (ms): Min: 0.0, Avg: 0.0, Max: 0.0, Diff: 0.0, Sum: 0.0]
      [Object Copy (ms): Min: 0.6, Avg: 1.6, Max: 2.2, Diff: 1.5, Sum: 6.5]
      [Termination (ms): Min: 0.0, Avg: 0.0, Max: 0.0, Diff: 0.0, Sum: 0.0]
         [Termination Attempts: Min: 1, Avg: 1.0, Max: 1, Diff: 0, Sum: 4]
      [GC Worker Other (ms): Min: 0.0, Avg: 0.0, Max: 0.0, Diff: 0.0, Sum: 0.1]
      [GC Worker Total (ms): Min: 5.7, Avg: 6.1, Max: 6.3, Diff: 0.6, Sum: 24.5]
      [GC Worker End (ms): Min: 2080482.3, Avg: 2080482.3, Max: 2080482.3, Diff: 0.0]
   [Code Root Fixup: 0.1 ms]
   [Code Root Purge: 0.0 ms]
   [Clear CT: 0.1 ms]
   [Other: 2.7 ms]
      [Choose CSet: 0.0 ms]
      [Ref Proc: 2.4 ms]
      [Ref Enq: 0.0 ms]
      [Redirty Cards: 0.1 ms]
      [Humongous Register: 0.0 ms]
      [Humongous Reclaim: 0.0 ms]
      [Free CSet: 0.0 ms]
   [Eden: 79.0M(79.0M)->0.0B(79.0M) Survivors: 1024.0K->1024.0K Heap: 227.2M(256.0M)->148.4M(256.0M)]
 [Times: user=0.02 sys=0.00, real=0.01 secs] 
2020-04-13T16:18:19.822+0800: 2082.764: [GC pause (G1 Evacuation Pause) (young) (initial-mark), 0.0098994 secs]
   [Parallel Time: 8.7 ms, GC Workers: 4]
      [GC Worker Start (ms): Min: 2082764.6, Avg: 2082764.6, Max: 2082764.7, Diff: 0.1]
      [Ext Root Scanning (ms): Min: 1.4, Avg: 2.4, Max: 5.1, Diff: 3.7, Sum: 9.8]
      [Update RS (ms): Min: 0.0, Avg: 2.6, Max: 4.0, Diff: 4.0, Sum: 10.3]
         [Processed Buffers: Min: 0, Avg: 8.2, Max: 25, Diff: 25, Sum: 33]
      [Scan RS (ms): Min: 0.9, Avg: 1.4, Max: 1.7, Diff: 0.8, Sum: 5.7]
      [Code Root Scanning (ms): Min: 0.0, Avg: 0.0, Max: 0.0, Diff: 0.0, Sum: 0.0]
      [Object Copy (ms): Min: 1.6, Avg: 1.7, Max: 1.7, Diff: 0.1, Sum: 6.8]
      [Termination (ms): Min: 0.0, Avg: 0.0, Max: 0.0, Diff: 0.0, Sum: 0.0]
         [Termination Attempts: Min: 1, Avg: 1.0, Max: 1, Diff: 0, Sum: 4]
      [GC Worker Other (ms): Min: 0.0, Avg: 0.0, Max: 0.1, Diff: 0.1, Sum: 0.2]
      [GC Worker Total (ms): Min: 8.1, Avg: 8.2, Max: 8.2, Diff: 0.1, Sum: 32.7]
      [GC Worker End (ms): Min: 2082772.8, Avg: 2082772.8, Max: 2082772.8, Diff: 0.0]
   [Code Root Fixup: 0.1 ms]
   [Code Root Purge: 0.0 ms]
   [Clear CT: 0.1 ms]
   [Other: 1.1 ms]
      [Choose CSet: 0.0 ms]
      [Ref Proc: 0.7 ms]
      [Ref Enq: 0.0 ms]
      [Redirty Cards: 0.1 ms]
      [Humongous Register: 0.0 ms]
      [Humongous Reclaim: 0.0 ms]
      [Free CSet: 0.0 ms]
   [Eden: 79.0M(79.0M)->0.0B(77.0M) Survivors: 1024.0K->2048.0K Heap: 227.4M(256.0M)->148.8M(256.0M)]
 [Times: user=0.03 sys=0.00, real=0.01 secs] 
2020-04-13T16:18:19.832+0800: 2082.774: [GC concurrent-root-region-scan-start]
2020-04-13T16:18:19.836+0800: 2082.778: [GC concurrent-root-region-scan-end, 0.0038314 secs]
2020-04-13T16:18:19.836+0800: 2082.778: [GC concurrent-mark-start]
2020-04-13T16:18:19.866+0800: 2082.808: [GC concurrent-mark-end, 0.0299149 secs]
2020-04-13T16:18:19.866+0800: 2082.808: [GC remark 2020-04-13T16:18:19.866+0800: 2082.808: [Finalize Marking, 0.0001925 secs] 2020-04-13T16:18:19.866+0800: 2082.808: [GC ref-proc, 0.0001253 secs] 2020-04-13T16:18:19.866+0800: 2082.809: [Unloading, 0.0048645 secs], 0.0070820 secs]
 [Times: user=0.02 sys=0.00, real=0.01 secs] 
2020-04-13T16:18:19.873+0800: 2082.815: [GC cleanup 150M->150M(256M), 0.0004071 secs]
 [Times: user=0.00 sys=0.00, real=0.00 secs] 
2020-04-13T16:18:21.631+0800: 2084.573: [GC pause (G1 Evacuation Pause) (young), 0.0059057 secs]
   [Parallel Time: 5.2 ms, GC Workers: 4]
      [GC Worker Start (ms): Min: 2084573.0, Avg: 2084573.0, Max: 2084573.0, Diff: 0.1]
      [Ext Root Scanning (ms): Min: 0.5, Avg: 0.6, Max: 0.6, Diff: 0.1, Sum: 2.3]
      [Update RS (ms): Min: 1.4, Avg: 1.5, Max: 1.6, Diff: 0.1, Sum: 6.1]
         [Processed Buffers: Min: 3, Avg: 7.2, Max: 19, Diff: 16, Sum: 29]
      [Scan RS (ms): Min: 1.5, Avg: 1.5, Max: 1.6, Diff: 0.2, Sum: 6.1]
      [Code Root Scanning (ms): Min: 0.0, Avg: 0.0, Max: 0.0, Diff: 0.0, Sum: 0.0]
      [Object Copy (ms): Min: 1.4, Avg: 1.5, Max: 1.6, Diff: 0.1, Sum: 6.0]
      [Termination (ms): Min: 0.0, Avg: 0.0, Max: 0.0, Diff: 0.0, Sum: 0.0]
         [Termination Attempts: Min: 1, Avg: 1.0, Max: 1, Diff: 0, Sum: 4]
      [GC Worker Other (ms): Min: 0.0, Avg: 0.0, Max: 0.0, Diff: 0.0, Sum: 0.1]
      [GC Worker Total (ms): Min: 5.1, Avg: 5.1, Max: 5.2, Diff: 0.1, Sum: 20.5]
      [GC Worker End (ms): Min: 2084578.1, Avg: 2084578.1, Max: 2084578.1, Diff: 0.0]
   [Code Root Fixup: 0.1 ms]
   [Code Root Purge: 0.0 ms]
   [Clear CT: 0.1 ms]
   [Other: 0.6 ms]
      [Choose CSet: 0.0 ms]
      [Ref Proc: 0.3 ms]
      [Ref Enq: 0.0 ms]
      [Redirty Cards: 0.1 ms]
      [Humongous Register: 0.0 ms]
      [Humongous Reclaim: 0.0 ms]
      [Free CSet: 0.0 ms]
   [Eden: 77.0M(77.0M)->0.0B(79.0M) Survivors: 2048.0K->1024.0K Heap: 225.8M(256.0M)->148.3M(256.0M)]
 [Times: user=0.02 sys=0.00, real=0.00 secs] 
2020-04-13T16:18:23.572+0800: 2086.514: [GC pause (G1 Evacuation Pause) (young), 0.0055687 secs]
   [Parallel Time: 4.9 ms, GC Workers: 4]
      [GC Worker Start (ms): Min: 2086514.0, Avg: 2086514.1, Max: 2086514.1, Diff: 0.0]
      [Ext Root Scanning (ms): Min: 0.4, Avg: 0.4, Max: 0.5, Diff: 0.1, Sum: 1.6]
      [Update RS (ms): Min: 1.2, Avg: 1.3, Max: 1.4, Diff: 0.2, Sum: 5.1]
         [Processed Buffers: Min: 3, Avg: 7.2, Max: 13, Diff: 10, Sum: 29]
      [Scan RS (ms): Min: 1.5, Avg: 1.5, Max: 1.7, Diff: 0.2, Sum: 6.2]
      [Code Root Scanning (ms): Min: 0.0, Avg: 0.0, Max: 0.0, Diff: 0.0, Sum: 0.0]
      [Object Copy (ms): Min: 1.5, Avg: 1.6, Max: 1.7, Diff: 0.1, Sum: 6.4]
      [Termination (ms): Min: 0.0, Avg: 0.0, Max: 0.0, Diff: 0.0, Sum: 0.0]
         [Termination Attempts: Min: 1, Avg: 1.0, Max: 1, Diff: 0, Sum: 4]
      [GC Worker Other (ms): Min: 0.0, Avg: 0.0, Max: 0.0, Diff: 0.0, Sum: 0.1]
      [GC Worker Total (ms): Min: 4.8, Avg: 4.8, Max: 4.8, Diff: 0.0, Sum: 19.3]
      [GC Worker End (ms): Min: 2086518.9, Avg: 2086518.9, Max: 2086518.9, Diff: 0.0]
   [Code Root Fixup: 0.1 ms]
   [Code Root Purge: 0.0 ms]
   [Clear CT: 0.1 ms]
   [Other: 0.5 ms]
      [Choose CSet: 0.0 ms]
      [Ref Proc: 0.3 ms]
      [Ref Enq: 0.0 ms]
      [Redirty Cards: 0.1 ms]
      [Humongous Register: 0.0 ms]
      [Humongous Reclaim: 0.0 ms]
      [Free CSet: 0.0 ms]
   [Eden: 79.0M(79.0M)->0.0B(77.0M) Survivors: 1024.0K->2048.0K Heap: 227.3M(256.0M)->148.9M(256.0M)]
 [Times: user=0.02 sys=0.00, real=0.00 secs] 
2020-04-13T16:18:25.365+0800: 2088.307: [GC pause (G1 Evacuation Pause) (young) (initial-mark), 0.0072601 secs]
   [Parallel Time: 6.5 ms, GC Workers: 4]
      [GC Worker Start (ms): Min: 2088307.5, Avg: 2088307.6, Max: 2088307.9, Diff: 0.4]
      [Ext Root Scanning (ms): Min: 0.7, Avg: 1.0, Max: 1.1, Diff: 0.4, Sum: 4.1]
      [Update RS (ms): Min: 1.6, Avg: 1.9, Max: 2.1, Diff: 0.5, Sum: 7.7]
         [Processed Buffers: Min: 3, Avg: 8.8, Max: 23, Diff: 20, Sum: 35]
      [Scan RS (ms): Min: 1.4, Avg: 1.5, Max: 1.5, Diff: 0.2, Sum: 5.9]
      [Code Root Scanning (ms): Min: 0.0, Avg: 0.0, Max: 0.0, Diff: 0.0, Sum: 0.0]
      [Object Copy (ms): Min: 1.7, Avg: 1.9, Max: 2.2, Diff: 0.6, Sum: 7.5]
      [Termination (ms): Min: 0.0, Avg: 0.0, Max: 0.0, Diff: 0.0, Sum: 0.0]
         [Termination Attempts: Min: 1, Avg: 1.0, Max: 1, Diff: 0, Sum: 4]
      [GC Worker Other (ms): Min: 0.0, Avg: 0.0, Max: 0.0, Diff: 0.0, Sum: 0.1]
      [GC Worker Total (ms): Min: 6.0, Avg: 6.3, Max: 6.4, Diff: 0.4, Sum: 25.2]
      [GC Worker End (ms): Min: 2088313.9, Avg: 2088313.9, Max: 2088313.9, Diff: 0.0]
   [Code Root Fixup: 0.1 ms]
   [Code Root Purge: 0.0 ms]
   [Clear CT: 0.1 ms]
   [Other: 0.6 ms]
      [Choose CSet: 0.0 ms]
      [Ref Proc: 0.2 ms]
      [Ref Enq: 0.0 ms]
      [Redirty Cards: 0.0 ms]
      [Humongous Register: 0.0 ms]
      [Humongous Reclaim: 0.0 ms]
      [Free CSet: 0.0 ms]
   [Eden: 77.0M(77.0M)->0.0B(79.0M) Survivors: 2048.0K->1024.0K Heap: 225.9M(256.0M)->148.6M(256.0M)]
 [Times: user=0.02 sys=0.00, real=0.01 secs] 
2020-04-13T16:18:25.372+0800: 2088.315: [GC concurrent-root-region-scan-start]
2020-04-13T16:18:25.379+0800: 2088.321: [GC concurrent-root-region-scan-end, 0.0063723 secs]
2020-04-13T16:18:25.379+0800: 2088.321: [GC concurrent-mark-start]
2020-04-13T16:18:25.410+0800: 2088.352: [GC concurrent-mark-end, 0.0307812 secs]
2020-04-13T16:18:25.410+0800: 2088.352: [GC remark 2020-04-13T16:18:25.410+0800: 2088.352: [Finalize Marking, 0.0013512 secs] 2020-04-13T16:18:25.411+0800: 2088.354: [GC ref-proc, 0.0001156 secs] 2020-04-13T16:18:25.411+0800: 2088.354: [Unloading, 0.0048330 secs], 0.0078733 secs]
 [Times: user=0.02 sys=0.00, real=0.00 secs] 
2020-04-13T16:18:25.418+0800: 2088.360: [GC cleanup 150M->150M(256M), 0.0004812 secs]
 [Times: user=0.00 sys=0.00, real=0.00 secs] 
2020-04-13T16:18:27.281+0800: 2090.223: [GC pause (G1 Evacuation Pause) (young), 0.0091813 secs]
   [Parallel Time: 8.7 ms, GC Workers: 4]
      [GC Worker Start (ms): Min: 2090223.1, Avg: 2090223.2, Max: 2090223.4, Diff: 0.3]
      [Ext Root Scanning (ms): Min: 0.2, Avg: 0.4, Max: 0.5, Diff: 0.4, Sum: 1.6]
      [Update RS (ms): Min: 1.2, Avg: 1.4, Max: 1.6, Diff: 0.4, Sum: 5.6]
         [Processed Buffers: Min: 3, Avg: 8.0, Max: 18, Diff: 15, Sum: 32]
      [Scan RS (ms): Min: 1.5, Avg: 2.4, Max: 5.0, Diff: 3.6, Sum: 9.7]
      [Code Root Scanning (ms): Min: 0.0, Avg: 0.0, Max: 0.0, Diff: 0.0, Sum: 0.0]
      [Object Copy (ms): Min: 0.0, Avg: 1.6, Max: 2.1, Diff: 2.1, Sum: 6.2]
      [Termination (ms): Min: 0.0, Avg: 1.5, Max: 3.1, Diff: 3.1, Sum: 5.8]
         [Termination Attempts: Min: 1, Avg: 1.5, Max: 3, Diff: 2, Sum: 6]
      [GC Worker Other (ms): Min: 0.0, Avg: 0.0, Max: 0.0, Diff: 0.0, Sum: 0.0]
      [GC Worker Total (ms): Min: 6.8, Avg: 7.3, Max: 8.4, Diff: 1.6, Sum: 29.1]
      [GC Worker End (ms): Min: 2090229.9, Avg: 2090230.4, Max: 2090231.8, Diff: 1.9]
   [Code Root Fixup: 0.0 ms]
   [Code Root Purge: 0.0 ms]
   [Clear CT: 0.1 ms]
   [Other: 0.4 ms]
      [Choose CSet: 0.0 ms]
      [Ref Proc: 0.1 ms]
      [Ref Enq: 0.0 ms]
      [Redirty Cards: 0.1 ms]
      [Humongous Register: 0.0 ms]
      [Humongous Reclaim: 0.0 ms]
      [Free CSet: 0.0 ms]
   [Eden: 79.0M(79.0M)->0.0B(77.0M) Survivors: 1024.0K->2048.0K Heap: 227.6M(256.0M)->148.8M(256.0M)]
 [Times: user=0.02 sys=0.00, real=0.01 secs] 
2020-04-13T16:18:29.146+0800: 2092.088: [GC pause (G1 Evacuation Pause) (young), 0.0075725 secs]
   [Parallel Time: 5.9 ms, GC Workers: 4]
      [GC Worker Start (ms): Min: 2092088.1, Avg: 2092088.1, Max: 2092088.1, Diff: 0.0]
      [Ext Root Scanning (ms): Min: 0.4, Avg: 0.4, Max: 0.4, Diff: 0.1, Sum: 1.5]
      [Update RS (ms): Min: 1.9, Avg: 2.3, Max: 3.0, Diff: 1.1, Sum: 9.1]
         [Processed Buffers: Min: 3, Avg: 8.0, Max: 21, Diff: 18, Sum: 32]
      [Scan RS (ms): Min: 0.6, Avg: 1.4, Max: 1.8, Diff: 1.2, Sum: 5.8]
      [Code Root Scanning (ms): Min: 0.0, Avg: 0.0, Max: 0.0, Diff: 0.0, Sum: 0.0]
      [Object Copy (ms): Min: 1.6, Avg: 1.7, Max: 1.8, Diff: 0.1, Sum: 6.9]
      [Termination (ms): Min: 0.0, Avg: 0.0, Max: 0.0, Diff: 0.0, Sum: 0.0]
         [Termination Attempts: Min: 1, Avg: 1.0, Max: 1, Diff: 0, Sum: 4]
      [GC Worker Other (ms): Min: 0.0, Avg: 0.0, Max: 0.0, Diff: 0.0, Sum: 0.1]
      [GC Worker Total (ms): Min: 5.8, Avg: 5.8, Max: 5.9, Diff: 0.0, Sum: 23.3]
      [GC Worker End (ms): Min: 2092093.9, Avg: 2092093.9, Max: 2092093.9, Diff: 0.0]
   [Code Root Fixup: 0.1 ms]
   [Code Root Purge: 0.0 ms]
   [Clear CT: 0.2 ms]
   [Other: 1.4 ms]
      [Choose CSet: 0.0 ms]
      [Ref Proc: 1.0 ms]
      [Ref Enq: 0.0 ms]
      [Redirty Cards: 0.1 ms]
      [Humongous Register: 0.0 ms]
      [Humongous Reclaim: 0.0 ms]
      [Free CSet: 0.1 ms]
   [Eden: 77.0M(77.0M)->0.0B(77.0M) Survivors: 2048.0K->2048.0K Heap: 225.8M(256.0M)->149.1M(256.0M)]
 [Times: user=0.02 sys=0.00, real=0.01 secs] 
2020-04-13T16:18:30.955+0800: 2093.897: [GC pause (G1 Evacuation Pause) (young) (initial-mark), 0.0065183 secs]
   [Parallel Time: 5.9 ms, GC Workers: 4]
      [GC Worker Start (ms): Min: 2093897.4, Avg: 2093897.5, Max: 2093897.5, Diff: 0.0]
      [Ext Root Scanning (ms): Min: 0.6, Avg: 0.6, Max: 0.7, Diff: 0.0, Sum: 2.6]
      [Update RS (ms): Min: 1.2, Avg: 1.3, Max: 1.4, Diff: 0.1, Sum: 5.1]
         [Processed Buffers: Min: 3, Avg: 9.2, Max: 15, Diff: 12, Sum: 37]
      [Scan RS (ms): Min: 2.1, Avg: 2.4, Max: 3.1, Diff: 1.1, Sum: 9.4]
      [Code Root Scanning (ms): Min: 0.0, Avg: 0.0, Max: 0.0, Diff: 0.0, Sum: 0.0]
      [Object Copy (ms): Min: 0.7, Avg: 1.5, Max: 1.8, Diff: 1.0, Sum: 6.0]
      [Termination (ms): Min: 0.0, Avg: 0.0, Max: 0.0, Diff: 0.0, Sum: 0.0]
         [Termination Attempts: Min: 1, Avg: 1.0, Max: 1, Diff: 0, Sum: 4]
      [GC Worker Other (ms): Min: 0.0, Avg: 0.0, Max: 0.0, Diff: 0.0, Sum: 0.0]
      [GC Worker Total (ms): Min: 5.8, Avg: 5.8, Max: 5.8, Diff: 0.0, Sum: 23.2]
      [GC Worker End (ms): Min: 2093903.3, Avg: 2093903.3, Max: 2093903.3, Diff: 0.0]
   [Code Root Fixup: 0.0 ms]
   [Code Root Purge: 0.0 ms]
   [Clear CT: 0.1 ms]
   [Other: 0.5 ms]
      [Choose CSet: 0.0 ms]
      [Ref Proc: 0.2 ms]
      [Ref Enq: 0.0 ms]
      [Redirty Cards: 0.1 ms]
      [Humongous Register: 0.0 ms]
      [Humongous Reclaim: 0.0 ms]
      [Free CSet: 0.0 ms]
   [Eden: 77.0M(77.0M)->0.0B(77.0M) Survivors: 2048.0K->2048.0K Heap: 226.1M(256.0M)->148.9M(256.0M)]
 [Times: user=0.02 sys=0.00, real=0.01 secs] 
2020-04-13T16:18:30.962+0800: 2093.904: [GC concurrent-root-region-scan-start]
2020-04-13T16:18:30.973+0800: 2093.915: [GC concurrent-root-region-scan-end, 0.0109283 secs]
2020-04-13T16:18:30.973+0800: 2093.915: [GC concurrent-mark-start]
2020-04-13T16:18:31.001+0800: 2093.943: [GC concurrent-mark-end, 0.0276217 secs]
2020-04-13T16:18:31.001+0800: 2093.943: [GC remark 2020-04-13T16:18:31.001+0800: 2093.943: [Finalize Marking, 0.0010690 secs] 2020-04-13T16:18:31.002+0800: 2093.944: [GC ref-proc, 0.0001016 secs] 2020-04-13T16:18:31.002+0800: 2093.944: [Unloading, 0.0042229 secs], 0.0073682 secs]
 [Times: user=0.02 sys=0.00, real=0.00 secs] 
2020-04-13T16:18:31.008+0800: 2093.950: [GC cleanup 150M->150M(256M), 0.0004403 secs]
 [Times: user=0.00 sys=0.00, real=0.00 secs] 
2020-04-13T16:18:32.726+0800: 2095.668: [GC pause (G1 Evacuation Pause) (young), 0.0082027 secs]
   [Parallel Time: 7.0 ms, GC Workers: 4]
      [GC Worker Start (ms): Min: 2095668.0, Avg: 2095668.2, Max: 2095668.8, Diff: 0.7]
      [Ext Root Scanning (ms): Min: 0.0, Avg: 0.5, Max: 0.7, Diff: 0.7, Sum: 2.0]
      [Update RS (ms): Min: 0.0, Avg: 1.8, Max: 2.8, Diff: 2.8, Sum: 7.1]
         [Processed Buffers: Min: 0, Avg: 7.5, Max: 14, Diff: 14, Sum: 30]
      [Scan RS (ms): Min: 0.6, Avg: 1.5, Max: 1.9, Diff: 1.3, Sum: 5.8]
      [Code Root Scanning (ms): Min: 0.0, Avg: 0.0, Max: 0.0, Diff: 0.0, Sum: 0.0]
      [Object Copy (ms): Min: 1.5, Avg: 2.7, Max: 5.6, Diff: 4.1, Sum: 10.8]
      [Termination (ms): Min: 0.0, Avg: 0.0, Max: 0.0, Diff: 0.0, Sum: 0.0]
         [Termination Attempts: Min: 1, Avg: 1.0, Max: 1, Diff: 0, Sum: 4]
      [GC Worker Other (ms): Min: 0.0, Avg: 0.3, Max: 1.2, Diff: 1.2, Sum: 1.3]
      [GC Worker Total (ms): Min: 6.2, Avg: 6.8, Max: 6.9, Diff: 0.7, Sum: 27.0]
      [GC Worker End (ms): Min: 2095675.0, Avg: 2095675.0, Max: 2095675.0, Diff: 0.0]
   [Code Root Fixup: 0.1 ms]
   [Code Root Purge: 0.0 ms]
   [Clear CT: 0.1 ms]
   [Other: 1.0 ms]
      [Choose CSet: 0.0 ms]
      [Ref Proc: 0.8 ms]
      [Ref Enq: 0.0 ms]
      [Redirty Cards: 0.1 ms]
      [Humongous Register: 0.0 ms]
      [Humongous Reclaim: 0.0 ms]
      [Free CSet: 0.0 ms]
   [Eden: 77.0M(77.0M)->0.0B(79.0M) Survivors: 2048.0K->1024.0K Heap: 225.9M(256.0M)->148.9M(256.0M)]
 [Times: user=0.02 sys=0.00, real=0.01 secs] 
2020-04-13T16:18:34.843+0800: 2097.785: [GC pause (G1 Evacuation Pause) (young), 0.0084720 secs]
   [Parallel Time: 7.2 ms, GC Workers: 4]
      [GC Worker Start (ms): Min: 2097785.1, Avg: 2097785.1, Max: 2097785.1, Diff: 0.0]
      [Ext Root Scanning (ms): Min: 0.4, Avg: 0.4, Max: 0.5, Diff: 0.1, Sum: 1.7]
      [Update RS (ms): Min: 1.5, Avg: 1.6, Max: 1.7, Diff: 0.3, Sum: 6.3]
         [Processed Buffers: Min: 3, Avg: 8.8, Max: 18, Diff: 15, Sum: 35]
      [Scan RS (ms): Min: 1.1, Avg: 1.3, Max: 1.4, Diff: 0.3, Sum: 5.2]
      [Code Root Scanning (ms): Min: 0.0, Avg: 0.0, Max: 0.0, Diff: 0.0, Sum: 0.0]
      [Object Copy (ms): Min: 2.8, Avg: 3.1, Max: 3.7, Diff: 0.9, Sum: 12.4]
      [Termination (ms): Min: 0.0, Avg: 0.6, Max: 0.8, Diff: 0.8, Sum: 2.4]
         [Termination Attempts: Min: 1, Avg: 2.0, Max: 4, Diff: 3, Sum: 8]
      [GC Worker Other (ms): Min: 0.0, Avg: 0.0, Max: 0.0, Diff: 0.0, Sum: 0.0]
      [GC Worker Total (ms): Min: 7.0, Avg: 7.0, Max: 7.1, Diff: 0.2, Sum: 28.2]
      [GC Worker End (ms): Min: 2097792.1, Avg: 2097792.1, Max: 2097792.2, Diff: 0.1]
   [Code Root Fixup: 0.1 ms]
   [Code Root Purge: 0.0 ms]
   [Clear CT: 0.1 ms]
   [Other: 1.2 ms]
      [Choose CSet: 0.0 ms]
      [Ref Proc: 0.8 ms]
      [Ref Enq: 0.0 ms]
      [Redirty Cards: 0.0 ms]
      [Humongous Register: 0.0 ms]
      [Humongous Reclaim: 0.0 ms]
      [Free CSet: 0.1 ms]
   [Eden: 79.0M(79.0M)->0.0B(77.0M) Survivors: 1024.0K->2048.0K Heap: 227.9M(256.0M)->149.5M(256.0M)]
 [Times: user=0.03 sys=0.00, real=0.01 secs] 
2020-04-13T16:18:36.591+0800: 2099.533: [GC pause (G1 Evacuation Pause) (young) (initial-mark), 0.0083913 secs]
   [Parallel Time: 6.7 ms, GC Workers: 4]
      [GC Worker Start (ms): Min: 2099533.4, Avg: 2099533.4, Max: 2099533.5, Diff: 0.1]
      [Ext Root Scanning (ms): Min: 0.6, Avg: 0.6, Max: 0.7, Diff: 0.0, Sum: 2.5]
      [Update RS (ms): Min: 1.6, Avg: 1.9, Max: 2.3, Diff: 0.7, Sum: 7.8]
         [Processed Buffers: Min: 1, Avg: 8.8, Max: 18, Diff: 17, Sum: 35]
      [Scan RS (ms): Min: 1.2, Avg: 2.0, Max: 2.7, Diff: 1.5, Sum: 7.9]
      [Code Root Scanning (ms): Min: 0.0, Avg: 0.0, Max: 0.0, Diff: 0.0, Sum: 0.0]
      [Object Copy (ms): Min: 1.6, Avg: 2.0, Max: 2.4, Diff: 0.9, Sum: 8.0]
      [Termination (ms): Min: 0.0, Avg: 0.0, Max: 0.0, Diff: 0.0, Sum: 0.0]
         [Termination Attempts: Min: 1, Avg: 1.0, Max: 1, Diff: 0, Sum: 4]
      [GC Worker Other (ms): Min: 0.0, Avg: 0.0, Max: 0.1, Diff: 0.1, Sum: 0.1]
      [GC Worker Total (ms): Min: 6.5, Avg: 6.6, Max: 6.6, Diff: 0.1, Sum: 26.2]
      [GC Worker End (ms): Min: 2099540.0, Avg: 2099540.0, Max: 2099540.0, Diff: 0.0]
   [Code Root Fixup: 0.1 ms]
   [Code Root Purge: 0.0 ms]
   [Clear CT: 0.2 ms]
   [Other: 1.4 ms]
      [Choose CSet: 0.0 ms]
      [Ref Proc: 1.2 ms]
      [Ref Enq: 0.0 ms]
      [Redirty Cards: 0.1 ms]
      [Humongous Register: 0.0 ms]
      [Humongous Reclaim: 0.0 ms]
      [Free CSet: 0.0 ms]
   [Eden: 77.0M(77.0M)->0.0B(76.0M) Survivors: 2048.0K->2048.0K Heap: 226.5M(256.0M)->149.2M(256.0M)]
 [Times: user=0.02 sys=0.00, real=0.01 secs] 
2020-04-13T16:18:36.600+0800: 2099.542: [GC concurrent-root-region-scan-start]
2020-04-13T16:18:36.604+0800: 2099.546: [GC concurrent-root-region-scan-end, 0.0041372 secs]
2020-04-13T16:18:36.604+0800: 2099.546: [GC concurrent-mark-start]
2020-04-13T16:18:36.633+0800: 2099.575: [GC concurrent-mark-end, 0.0286610 secs]
2020-04-13T16:18:36.633+0800: 2099.575: [GC remark 2020-04-13T16:18:36.633+0800: 2099.575: [Finalize Marking, 0.0001892 secs] 2020-04-13T16:18:36.633+0800: 2099.575: [GC ref-proc, 0.0001200 secs] 2020-04-13T16:18:36.633+0800: 2099.575: [Unloading, 0.0046268 secs], 0.0069952 secs]
 [Times: user=0.02 sys=0.00, real=0.01 secs] 
2020-04-13T16:18:36.640+0800: 2099.582: [GC cleanup 150M->150M(256M), 0.0004033 secs]
 [Times: user=0.00 sys=0.00, real=0.00 secs] 
2020-04-13T16:18:38.416+0800: 2101.358: [GC pause (G1 Evacuation Pause) (young), 0.0079205 secs]
   [Parallel Time: 6.6 ms, GC Workers: 4]
      [GC Worker Start (ms): Min: 2101357.7, Avg: 2101358.4, Max: 2101359.6, Diff: 2.0]
      [Ext Root Scanning (ms): Min: 0.0, Avg: 0.3, Max: 0.7, Diff: 0.7, Sum: 1.4]
      [Update RS (ms): Min: 1.5, Avg: 3.0, Max: 5.0, Diff: 3.5, Sum: 11.9]
         [Processed Buffers: Min: 2, Avg: 8.8, Max: 16, Diff: 14, Sum: 35]
      [Scan RS (ms): Min: 0.0, Avg: 0.9, Max: 1.4, Diff: 1.4, Sum: 3.7]
      [Code Root Scanning (ms): Min: 0.0, Avg: 0.0, Max: 0.0, Diff: 0.0, Sum: 0.0]
      [Object Copy (ms): Min: 0.8, Avg: 1.5, Max: 1.8, Diff: 1.1, Sum: 6.1]
      [Termination (ms): Min: 0.0, Avg: 0.0, Max: 0.0, Diff: 0.0, Sum: 0.0]
         [Termination Attempts: Min: 1, Avg: 1.0, Max: 1, Diff: 0, Sum: 4]
      [GC Worker Other (ms): Min: 0.0, Avg: 0.0, Max: 0.0, Diff: 0.0, Sum: 0.0]
      [GC Worker Total (ms): Min: 4.5, Avg: 5.8, Max: 6.5, Diff: 2.0, Sum: 23.0]
      [GC Worker End (ms): Min: 2101364.2, Avg: 2101364.2, Max: 2101364.2, Diff: 0.0]
   [Code Root Fixup: 0.0 ms]
   [Code Root Purge: 0.0 ms]
   [Clear CT: 0.1 ms]
   [Other: 1.3 ms]
      [Choose CSet: 0.0 ms]
      [Ref Proc: 0.9 ms]
      [Ref Enq: 0.0 ms]
      [Redirty Cards: 0.1 ms]
      [Humongous Register: 0.0 ms]
      [Humongous Reclaim: 0.0 ms]
      [Free CSet: 0.0 ms]
   [Eden: 76.0M(76.0M)->0.0B(10.0M) Survivors: 2048.0K->2048.0K Heap: 225.2M(256.0M)->149.3M(256.0M)]
 [Times: user=0.02 sys=0.00, real=0.01 secs] 
2020-04-13T16:18:38.702+0800: 2101.644: [GC pause (G1 Evacuation Pause) (mixed), 0.0204026 secs]
   [Parallel Time: 18.2 ms, GC Workers: 4]
      [GC Worker Start (ms): Min: 2101644.0, Avg: 2101644.6, Max: 2101645.7, Diff: 1.7]
      [Ext Root Scanning (ms): Min: 0.0, Avg: 0.4, Max: 0.8, Diff: 0.8, Sum: 1.6]
      [Update RS (ms): Min: 0.8, Avg: 1.4, Max: 1.6, Diff: 0.8, Sum: 5.5]
         [Processed Buffers: Min: 3, Avg: 7.8, Max: 17, Diff: 14, Sum: 31]
      [Scan RS (ms): Min: 1.6, Avg: 1.6, Max: 1.7, Diff: 0.1, Sum: 6.5]
      [Code Root Scanning (ms): Min: 0.0, Avg: 0.0, Max: 0.0, Diff: 0.0, Sum: 0.0]
      [Object Copy (ms): Min: 3.0, Avg: 3.5, Max: 4.9, Diff: 1.9, Sum: 14.2]
      [Termination (ms): Min: 0.0, Avg: 8.2, Max: 11.0, Diff: 11.0, Sum: 32.6]
         [Termination Attempts: Min: 1, Avg: 1.0, Max: 1, Diff: 0, Sum: 4]
      [GC Worker Other (ms): Min: 0.0, Avg: 0.0, Max: 0.0, Diff: 0.0, Sum: 0.1]
      [GC Worker Total (ms): Min: 8.2, Avg: 15.1, Max: 18.1, Diff: 9.9, Sum: 60.4]
      [GC Worker End (ms): Min: 2101653.1, Avg: 2101659.7, Max: 2101662.1, Diff: 9.0]
   [Code Root Fixup: 0.1 ms]
   [Code Root Purge: 0.0 ms]
   [Clear CT: 0.1 ms]
   [Other: 2.1 ms]
      [Choose CSet: 0.0 ms]
      [Ref Proc: 1.8 ms]
      [Ref Enq: 0.0 ms]
      [Redirty Cards: 0.1 ms]
      [Humongous Register: 0.0 ms]
      [Humongous Reclaim: 0.0 ms]
      [Free CSet: 0.0 ms]
   [Eden: 10.0M(10.0M)->0.0B(77.0M) Survivors: 2048.0K->2048.0K Heap: 159.3M(256.0M)->148.8M(256.0M)]
 [Times: user=0.03 sys=0.00, real=0.02 secs] 
2020-04-13T16:18:40.836+0800: 2103.778: [GC pause (G1 Evacuation Pause) (young), 0.0178902 secs]
   [Parallel Time: 10.2 ms, GC Workers: 4]
      [GC Worker Start (ms): Min: 2103778.2, Avg: 2103778.2, Max: 2103778.3, Diff: 0.1]
      [Ext Root Scanning (ms): Min: 0.0, Avg: 0.4, Max: 0.5, Diff: 0.5, Sum: 1.5]
      [Update RS (ms): Min: 2.9, Avg: 3.3, Max: 4.3, Diff: 1.4, Sum: 13.3]
         [Processed Buffers: Min: 3, Avg: 10.2, Max: 21, Diff: 18, Sum: 41]
      [Scan RS (ms): Min: 0.6, Avg: 2.4, Max: 5.0, Diff: 4.5, Sum: 9.8]
      [Code Root Scanning (ms): Min: 0.0, Avg: 0.0, Max: 0.0, Diff: 0.0, Sum: 0.0]
      [Object Copy (ms): Min: 0.0, Avg: 1.8, Max: 2.4, Diff: 2.4, Sum: 7.0]
      [Termination (ms): Min: 0.0, Avg: 0.9, Max: 2.2, Diff: 2.2, Sum: 3.7]
         [Termination Attempts: Min: 1, Avg: 5.5, Max: 12, Diff: 11, Sum: 22]
      [GC Worker Other (ms): Min: 0.0, Avg: 0.1, Max: 0.5, Diff: 0.5, Sum: 0.5]
      [GC Worker Total (ms): Min: 8.6, Avg: 9.0, Max: 10.0, Diff: 1.4, Sum: 35.9]
      [GC Worker End (ms): Min: 2103786.9, Avg: 2103787.2, Max: 2103788.2, Diff: 1.3]
   [Code Root Fixup: 0.0 ms]
   [Code Root Purge: 0.0 ms]
   [Clear CT: 0.1 ms]
   [Other: 7.6 ms]
      [Choose CSet: 0.0 ms]
      [Ref Proc: 7.2 ms]
      [Ref Enq: 0.0 ms]
      [Redirty Cards: 0.1 ms]
      [Humongous Register: 0.0 ms]
      [Humongous Reclaim: 0.0 ms]
      [Free CSet: 0.0 ms]
   [Eden: 77.0M(77.0M)->0.0B(77.0M) Survivors: 2048.0K->2048.0K Heap: 225.8M(256.0M)->148.8M(256.0M)]
 [Times: user=0.03 sys=0.00, real=0.02 secs] 
2020-04-13T16:18:42.785+0800: 2105.727: [GC pause (G1 Evacuation Pause) (young) (initial-mark), 0.0079790 secs]
   [Parallel Time: 6.5 ms, GC Workers: 4]
      [GC Worker Start (ms): Min: 2105727.2, Avg: 2105727.3, Max: 2105727.5, Diff: 0.3]
      [Ext Root Scanning (ms): Min: 0.5, Avg: 0.7, Max: 0.8, Diff: 0.3, Sum: 2.7]
      [Update RS (ms): Min: 1.9, Avg: 2.2, Max: 2.7, Diff: 0.8, Sum: 9.0]
         [Processed Buffers: Min: 1, Avg: 7.5, Max: 15, Diff: 14, Sum: 30]
      [Scan RS (ms): Min: 1.2, Avg: 1.6, Max: 1.7, Diff: 0.5, Sum: 6.4]
      [Code Root Scanning (ms): Min: 0.0, Avg: 0.0, Max: 0.0, Diff: 0.0, Sum: 0.0]
      [Object Copy (ms): Min: 1.7, Avg: 1.7, Max: 1.9, Diff: 0.3, Sum: 6.9]
      [Termination (ms): Min: 0.0, Avg: 0.0, Max: 0.0, Diff: 0.0, Sum: 0.0]
         [Termination Attempts: Min: 1, Avg: 1.0, Max: 1, Diff: 0, Sum: 4]
      [GC Worker Other (ms): Min: 0.0, Avg: 0.0, Max: 0.0, Diff: 0.0, Sum: 0.1]
      [GC Worker Total (ms): Min: 6.1, Avg: 6.3, Max: 6.4, Diff: 0.3, Sum: 25.1]
      [GC Worker End (ms): Min: 2105733.6, Avg: 2105733.6, Max: 2105733.6, Diff: 0.0]
   [Code Root Fixup: 0.1 ms]
   [Code Root Purge: 0.0 ms]
   [Clear CT: 0.1 ms]
   [Other: 1.3 ms]
      [Choose CSet: 0.0 ms]
      [Ref Proc: 0.9 ms]
      [Ref Enq: 0.0 ms]
      [Redirty Cards: 0.1 ms]
      [Humongous Register: 0.0 ms]
      [Humongous Reclaim: 0.0 ms]
      [Free CSet: 0.0 ms]
   [Eden: 77.0M(77.0M)->0.0B(77.0M) Survivors: 2048.0K->2048.0K Heap: 225.8M(256.0M)->148.9M(256.0M)]
 [Times: user=0.02 sys=0.00, real=0.01 secs] 
2020-04-13T16:18:42.793+0800: 2105.735: [GC concurrent-root-region-scan-start]
2020-04-13T16:18:42.797+0800: 2105.739: [GC concurrent-root-region-scan-end, 0.0039975 secs]
2020-04-13T16:18:42.797+0800: 2105.739: [GC concurrent-mark-start]
2020-04-13T16:18:42.834+0800: 2105.776: [GC concurrent-mark-end, 0.0371332 secs]
2020-04-13T16:18:42.835+0800: 2105.777: [GC remark 2020-04-13T16:18:42.835+0800: 2105.777: [Finalize Marking, 0.0048220 secs] 2020-04-13T16:18:42.840+0800: 2105.782: [GC ref-proc, 0.0000985 secs] 2020-04-13T16:18:42.840+0800: 2105.782: [Unloading, 0.0042380 secs], 0.0109239 secs]
 [Times: user=0.02 sys=0.00, real=0.01 secs] 
2020-04-13T16:18:42.846+0800: 2105.788: [GC cleanup 150M->150M(256M), 0.0003753 secs]
 [Times: user=0.00 sys=0.00, real=0.00 secs] 
2020-04-13T16:18:44.608+0800: 2107.550: [GC pause (G1 Evacuation Pause) (young), 0.0088807 secs]
   [Parallel Time: 5.8 ms, GC Workers: 4]
      [GC Worker Start (ms): Min: 2107550.4, Avg: 2107550.7, Max: 2107551.2, Diff: 0.8]
      [Ext Root Scanning (ms): Min: 0.0, Avg: 0.5, Max: 0.8, Diff: 0.8, Sum: 2.0]
      [Update RS (ms): Min: 1.3, Avg: 1.4, Max: 1.5, Diff: 0.2, Sum: 5.5]
         [Processed Buffers: Min: 2, Avg: 8.2, Max: 22, Diff: 20, Sum: 33]
      [Scan RS (ms): Min: 1.8, Avg: 1.8, Max: 1.9, Diff: 0.1, Sum: 7.3]
      [Code Root Scanning (ms): Min: 0.0, Avg: 0.0, Max: 0.0, Diff: 0.0, Sum: 0.0]
      [Object Copy (ms): Min: 1.6, Avg: 1.7, Max: 1.7, Diff: 0.1, Sum: 6.6]
      [Termination (ms): Min: 0.0, Avg: 0.0, Max: 0.0, Diff: 0.0, Sum: 0.0]
         [Termination Attempts: Min: 1, Avg: 1.0, Max: 1, Diff: 0, Sum: 4]
      [GC Worker Other (ms): Min: 0.0, Avg: 0.0, Max: 0.0, Diff: 0.0, Sum: 0.1]
      [GC Worker Total (ms): Min: 4.9, Avg: 5.4, Max: 5.7, Diff: 0.8, Sum: 21.4]
      [GC Worker End (ms): Min: 2107556.1, Avg: 2107556.1, Max: 2107556.1, Diff: 0.0]
   [Code Root Fixup: 0.1 ms]
   [Code Root Purge: 0.0 ms]
   [Clear CT: 1.7 ms]
   [Other: 1.4 ms]
      [Choose CSet: 0.0 ms]
      [Ref Proc: 0.6 ms]
      [Ref Enq: 0.0 ms]
      [Redirty Cards: 0.2 ms]
      [Humongous Register: 0.1 ms]
      [Humongous Reclaim: 0.0 ms]
      [Free CSet: 0.2 ms]
   [Eden: 77.0M(77.0M)->0.0B(77.0M) Survivors: 2048.0K->2048.0K Heap: 225.9M(256.0M)->149.1M(256.0M)]
 [Times: user=0.02 sys=0.00, real=0.01 secs] 
2020-04-13T16:18:46.544+0800: 2109.485: [GC pause (G1 Evacuation Pause) (young), 0.0084163 secs]
   [Parallel Time: 6.2 ms, GC Workers: 4]
      [GC Worker Start (ms): Min: 2109485.5, Avg: 2109485.5, Max: 2109485.5, Diff: 0.0]
      [Ext Root Scanning (ms): Min: 0.4, Avg: 0.4, Max: 0.5, Diff: 0.1, Sum: 1.6]
      [Update RS (ms): Min: 1.2, Avg: 1.4, Max: 1.6, Diff: 0.3, Sum: 5.6]
         [Processed Buffers: Min: 3, Avg: 9.0, Max: 16, Diff: 13, Sum: 36]
      [Scan RS (ms): Min: 1.4, Avg: 1.7, Max: 2.1, Diff: 0.7, Sum: 6.7]
      [Code Root Scanning (ms): Min: 0.0, Avg: 0.0, Max: 0.0, Diff: 0.0, Sum: 0.0]
      [Object Copy (ms): Min: 2.3, Avg: 2.5, Max: 2.6, Diff: 0.3, Sum: 9.9]
      [Termination (ms): Min: 0.0, Avg: 0.1, Max: 0.1, Diff: 0.1, Sum: 0.4]
         [Termination Attempts: Min: 1, Avg: 1.0, Max: 1, Diff: 0, Sum: 4]
      [GC Worker Other (ms): Min: 0.0, Avg: 0.0, Max: 0.0, Diff: 0.0, Sum: 0.1]
      [GC Worker Total (ms): Min: 6.0, Avg: 6.1, Max: 6.1, Diff: 0.1, Sum: 24.3]
      [GC Worker End (ms): Min: 2109491.5, Avg: 2109491.6, Max: 2109491.6, Diff: 0.1]
   [Code Root Fixup: 0.1 ms]
   [Code Root Purge: 0.0 ms]
   [Clear CT: 0.2 ms]
   [Other: 2.0 ms]
      [Choose CSet: 0.0 ms]
      [Ref Proc: 1.5 ms]
      [Ref Enq: 0.0 ms]
      [Redirty Cards: 0.1 ms]
      [Humongous Register: 0.0 ms]
      [Humongous Reclaim: 0.0 ms]
      [Free CSet: 0.1 ms]
   [Eden: 77.0M(77.0M)->0.0B(77.0M) Survivors: 2048.0K->2048.0K Heap: 226.1M(256.0M)->149.0M(256.0M)]
 [Times: user=0.02 sys=0.00, real=0.01 secs] 
2020-04-13T16:18:48.274+0800: 2111.216: [GC pause (G1 Evacuation Pause) (young) (initial-mark), 0.0158329 secs]
   [Parallel Time: 6.8 ms, GC Workers: 4]
      [GC Worker Start (ms): Min: 2111216.4, Avg: 2111216.4, Max: 2111216.4, Diff: 0.0]
      [Ext Root Scanning (ms): Min: 0.6, Avg: 0.6, Max: 0.7, Diff: 0.1, Sum: 2.6]
      [Update RS (ms): Min: 1.3, Avg: 1.4, Max: 1.6, Diff: 0.3, Sum: 5.7]
         [Processed Buffers: Min: 3, Avg: 9.2, Max: 20, Diff: 17, Sum: 37]
      [Scan RS (ms): Min: 1.3, Avg: 1.5, Max: 1.6, Diff: 0.3, Sum: 5.8]
      [Code Root Scanning (ms): Min: 0.0, Avg: 0.0, Max: 0.0, Diff: 0.0, Sum: 0.0]
      [Object Copy (ms): Min: 2.4, Avg: 2.7, Max: 3.2, Diff: 0.7, Sum: 10.8]
      [Termination (ms): Min: 0.0, Avg: 0.5, Max: 0.8, Diff: 0.8, Sum: 2.0]
         [Termination Attempts: Min: 1, Avg: 2.0, Max: 3, Diff: 2, Sum: 8]
      [GC Worker Other (ms): Min: 0.0, Avg: 0.0, Max: 0.0, Diff: 0.0, Sum: 0.0]
      [GC Worker Total (ms): Min: 6.7, Avg: 6.8, Max: 6.8, Diff: 0.1, Sum: 27.0]
      [GC Worker End (ms): Min: 2111223.1, Avg: 2111223.1, Max: 2111223.2, Diff: 0.1]
   [Code Root Fixup: 0.0 ms]
   [Code Root Purge: 0.0 ms]
   [Clear CT: 0.1 ms]
   [Other: 8.9 ms]
      [Choose CSet: 0.0 ms]
      [Ref Proc: 8.6 ms]
      [Ref Enq: 0.0 ms]
      [Redirty Cards: 0.1 ms]
      [Humongous Register: 0.0 ms]
      [Humongous Reclaim: 0.0 ms]
      [Free CSet: 0.0 ms]
   [Eden: 77.0M(77.0M)->0.0B(77.0M) Survivors: 2048.0K->2048.0K Heap: 226.0M(256.0M)->149.1M(256.0M)]
 [Times: user=0.03 sys=0.00, real=0.02 secs] 
2020-04-13T16:18:48.290+0800: 2111.232: [GC concurrent-root-region-scan-start]
2020-04-13T16:18:48.295+0800: 2111.237: [GC concurrent-root-region-scan-end, 0.0045637 secs]
2020-04-13T16:18:48.295+0800: 2111.237: [GC concurrent-mark-start]
2020-04-13T16:18:48.321+0800: 2111.263: [GC concurrent-mark-end, 0.0260978 secs]
2020-04-13T16:18:48.321+0800: 2111.263: [GC remark 2020-04-13T16:18:48.321+0800: 2111.263: [Finalize Marking, 0.0010069 secs] 2020-04-13T16:18:48.322+0800: 2111.264: [GC ref-proc, 0.0000894 secs] 2020-04-13T16:18:48.323+0800: 2111.264: [Unloading, 0.0055918 secs], 0.0088073 secs]
 [Times: user=0.02 sys=0.00, real=0.01 secs] 
2020-04-13T16:18:48.331+0800: 2111.272: [GC cleanup 150M->150M(256M), 0.0020737 secs]
 [Times: user=0.00 sys=0.00, real=0.00 secs] 
2020-04-13T16:18:50.342+0800: 2113.284: [GC pause (G1 Evacuation Pause) (young), 0.0110912 secs]
   [Parallel Time: 10.7 ms, GC Workers: 4]
      [GC Worker Start (ms): Min: 2113283.8, Avg: 2113283.8, Max: 2113283.9, Diff: 0.1]
      [Ext Root Scanning (ms): Min: 0.4, Avg: 0.4, Max: 0.5, Diff: 0.1, Sum: 1.7]
      [Update RS (ms): Min: 1.9, Avg: 2.8, Max: 4.9, Diff: 3.0, Sum: 11.4]
         [Processed Buffers: Min: 3, Avg: 9.5, Max: 19, Diff: 16, Sum: 38]
      [Scan RS (ms): Min: 0.0, Avg: 3.0, Max: 6.7, Diff: 6.7, Sum: 11.8]
      [Code Root Scanning (ms): Min: 0.0, Avg: 0.0, Max: 0.0, Diff: 0.0, Sum: 0.0]
      [Object Copy (ms): Min: 0.0, Avg: 2.7, Max: 4.0, Diff: 4.0, Sum: 10.6]
      [Termination (ms): Min: 0.0, Avg: 1.2, Max: 2.0, Diff: 2.0, Sum: 5.0]
         [Termination Attempts: Min: 1, Avg: 2.2, Max: 6, Diff: 5, Sum: 9]
      [GC Worker Other (ms): Min: 0.0, Avg: 0.0, Max: 0.0, Diff: 0.0, Sum: 0.1]
      [GC Worker Total (ms): Min: 9.7, Avg: 10.1, Max: 10.6, Diff: 0.9, Sum: 40.6]
      [GC Worker End (ms): Min: 2113293.5, Avg: 2113294.0, Max: 2113294.4, Diff: 0.9]
   [Code Root Fixup: 0.0 ms]
   [Code Root Purge: 0.0 ms]
   [Clear CT: 0.0 ms]
   [Other: 0.3 ms]
      [Choose CSet: 0.0 ms]
      [Ref Proc: 0.1 ms]
      [Ref Enq: 0.0 ms]
      [Redirty Cards: 0.1 ms]
      [Humongous Register: 0.0 ms]
      [Humongous Reclaim: 0.0 ms]
      [Free CSet: 0.0 ms]
   [Eden: 77.0M(77.0M)->0.0B(76.0M) Survivors: 2048.0K->2048.0K Heap: 226.1M(256.0M)->149.5M(256.0M)]
 [Times: user=0.02 sys=0.00, real=0.01 secs] 
2020-04-13T16:18:52.233+0800: 2115.174: [GC pause (G1 Evacuation Pause) (young), 0.0091784 secs]
   [Parallel Time: 8.5 ms, GC Workers: 4]
      [GC Worker Start (ms): Min: 2115174.6, Avg: 2115174.9, Max: 2115175.7, Diff: 1.1]
      [Ext Root Scanning (ms): Min: 0.1, Avg: 0.9, Max: 1.5, Diff: 1.3, Sum: 3.7]
      [Update RS (ms): Min: 1.8, Avg: 2.0, Max: 2.2, Diff: 0.4, Sum: 8.1]
         [Processed Buffers: Min: 3, Avg: 7.8, Max: 21, Diff: 18, Sum: 31]
      [Scan RS (ms): Min: 1.3, Avg: 1.6, Max: 1.8, Diff: 0.5, Sum: 6.3]
      [Code Root Scanning (ms): Min: 0.0, Avg: 0.0, Max: 0.0, Diff: 0.0, Sum: 0.0]
      [Object Copy (ms): Min: 2.7, Avg: 3.0, Max: 3.3, Diff: 0.6, Sum: 12.0]
      [Termination (ms): Min: 0.0, Avg: 0.5, Max: 0.7, Diff: 0.7, Sum: 2.1]
         [Termination Attempts: Min: 1, Avg: 1.0, Max: 1, Diff: 0, Sum: 4]
      [GC Worker Other (ms): Min: 0.0, Avg: 0.0, Max: 0.0, Diff: 0.0, Sum: 0.1]
      [GC Worker Total (ms): Min: 7.3, Avg: 8.1, Max: 8.4, Diff: 1.0, Sum: 32.3]
      [GC Worker End (ms): Min: 2115182.9, Avg: 2115182.9, Max: 2115183.0, Diff: 0.1]
   [Code Root Fixup: 0.0 ms]
   [Code Root Purge: 0.0 ms]
   [Clear CT: 0.1 ms]
   [Other: 0.6 ms]
      [Choose CSet: 0.0 ms]
      [Ref Proc: 0.2 ms]
      [Ref Enq: 0.0 ms]
      [Redirty Cards: 0.1 ms]
      [Humongous Register: 0.0 ms]
      [Humongous Reclaim: 0.0 ms]
      [Free CSet: 0.0 ms]
   [Eden: 76.0M(76.0M)->0.0B(78.0M) Survivors: 2048.0K->1024.0K Heap: 225.5M(256.0M)->149.0M(256.0M)]
 [Times: user=0.03 sys=0.00, real=0.01 secs] 
2020-04-13T16:18:54.159+0800: 2117.101: [GC pause (G1 Evacuation Pause) (young) (initial-mark), 0.0070783 secs]
   [Parallel Time: 5.6 ms, GC Workers: 4]
      [GC Worker Start (ms): Min: 2117101.0, Avg: 2117101.1, Max: 2117101.1, Diff: 0.1]
      [Ext Root Scanning (ms): Min: 0.6, Avg: 0.6, Max: 0.7, Diff: 0.1, Sum: 2.6]
      [Update RS (ms): Min: 1.3, Avg: 1.4, Max: 1.5, Diff: 0.2, Sum: 5.6]
         [Processed Buffers: Min: 3, Avg: 7.5, Max: 12, Diff: 9, Sum: 30]
      [Scan RS (ms): Min: 1.5, Avg: 1.7, Max: 1.9, Diff: 0.3, Sum: 6.7]
      [Code Root Scanning (ms): Min: 0.0, Avg: 0.0, Max: 0.0, Diff: 0.0, Sum: 0.0]
      [Object Copy (ms): Min: 1.6, Avg: 1.7, Max: 1.8, Diff: 0.2, Sum: 6.9]
      [Termination (ms): Min: 0.0, Avg: 0.0, Max: 0.0, Diff: 0.0, Sum: 0.0]
         [Termination Attempts: Min: 1, Avg: 1.0, Max: 1, Diff: 0, Sum: 4]
      [GC Worker Other (ms): Min: 0.0, Avg: 0.0, Max: 0.0, Diff: 0.0, Sum: 0.0]
      [GC Worker Total (ms): Min: 5.4, Avg: 5.5, Max: 5.5, Diff: 0.1, Sum: 21.8]
      [GC Worker End (ms): Min: 2117106.5, Avg: 2117106.5, Max: 2117106.5, Diff: 0.0]
   [Code Root Fixup: 0.0 ms]
   [Code Root Purge: 0.0 ms]
   [Clear CT: 0.1 ms]
   [Other: 1.3 ms]
      [Choose CSet: 0.0 ms]
      [Ref Proc: 0.9 ms]
      [Ref Enq: 0.0 ms]
      [Redirty Cards: 0.1 ms]
      [Humongous Register: 0.0 ms]
      [Humongous Reclaim: 0.0 ms]
      [Free CSet: 0.1 ms]
   [Eden: 78.0M(78.0M)->0.0B(76.0M) Survivors: 1024.0K->2048.0K Heap: 227.0M(256.0M)->149.5M(256.0M)]
 [Times: user=0.02 sys=0.00, real=0.01 secs] 
2020-04-13T16:18:54.167+0800: 2117.108: [GC concurrent-root-region-scan-start]
2020-04-13T16:18:54.171+0800: 2117.113: [GC concurrent-root-region-scan-end, 0.0045170 secs]
2020-04-13T16:18:54.171+0800: 2117.113: [GC concurrent-mark-start]
2020-04-13T16:18:54.201+0800: 2117.143: [GC concurrent-mark-end, 0.0301386 secs]
2020-04-13T16:18:54.201+0800: 2117.143: [GC remark 2020-04-13T16:18:54.201+0800: 2117.143: [Finalize Marking, 0.0002780 secs] 2020-04-13T16:18:54.202+0800: 2117.144: [GC ref-proc, 0.0001090 secs] 2020-04-13T16:18:54.202+0800: 2117.144: [Unloading, 0.0044126 secs], 0.0069550 secs]
 [Times: user=0.01 sys=0.00, real=0.00 secs] 
2020-04-13T16:18:54.209+0800: 2117.150: [GC cleanup 151M->151M(256M), 0.0004830 secs]
 [Times: user=0.01 sys=0.01, real=0.00 secs] 
2020-04-13T16:18:56.088+0800: 2119.030: [GC pause (G1 Evacuation Pause) (young), 0.0073333 secs]
   [Parallel Time: 5.5 ms, GC Workers: 4]
      [GC Worker Start (ms): Min: 2119030.4, Avg: 2119030.4, Max: 2119030.5, Diff: 0.1]
      [Ext Root Scanning (ms): Min: 0.5, Avg: 0.6, Max: 0.7, Diff: 0.2, Sum: 2.3]
      [Update RS (ms): Min: 1.3, Avg: 1.4, Max: 1.5, Diff: 0.2, Sum: 5.6]
         [Processed Buffers: Min: 5, Avg: 7.8, Max: 13, Diff: 8, Sum: 31]
      [Scan RS (ms): Min: 1.4, Avg: 1.6, Max: 1.8, Diff: 0.4, Sum: 6.6]
      [Code Root Scanning (ms): Min: 0.0, Avg: 0.0, Max: 0.0, Diff: 0.0, Sum: 0.0]
      [Object Copy (ms): Min: 1.6, Avg: 1.7, Max: 1.7, Diff: 0.1, Sum: 6.8]
      [Termination (ms): Min: 0.0, Avg: 0.0, Max: 0.0, Diff: 0.0, Sum: 0.0]
         [Termination Attempts: Min: 1, Avg: 1.0, Max: 1, Diff: 0, Sum: 4]
      [GC Worker Other (ms): Min: 0.0, Avg: 0.0, Max: 0.0, Diff: 0.0, Sum: 0.1]
      [GC Worker Total (ms): Min: 5.3, Avg: 5.3, Max: 5.4, Diff: 0.1, Sum: 21.3]
      [GC Worker End (ms): Min: 2119035.7, Avg: 2119035.7, Max: 2119035.7, Diff: 0.0]
   [Code Root Fixup: 0.0 ms]
   [Code Root Purge: 0.0 ms]
   [Clear CT: 0.1 ms]
   [Other: 1.7 ms]
      [Choose CSet: 0.0 ms]
      [Ref Proc: 1.3 ms]
      [Ref Enq: 0.0 ms]
      [Redirty Cards: 0.0 ms]
      [Humongous Register: 0.0 ms]
      [Humongous Reclaim: 0.0 ms]
      [Free CSet: 0.0 ms]
   [Eden: 76.0M(76.0M)->0.0B(11.0M) Survivors: 2048.0K->1024.0K Heap: 225.5M(256.0M)->149.2M(256.0M)]
 [Times: user=0.02 sys=0.00, real=0.01 secs] 
2020-04-13T16:18:56.411+0800: 2119.353: [GC pause (G1 Evacuation Pause) (mixed), 0.0094642 secs]
   [Parallel Time: 6.6 ms, GC Workers: 4]
      [GC Worker Start (ms): Min: 2119352.8, Avg: 2119352.9, Max: 2119352.9, Diff: 0.0]
      [Ext Root Scanning (ms): Min: 0.4, Avg: 0.4, Max: 0.5, Diff: 0.1, Sum: 1.6]
      [Update RS (ms): Min: 1.4, Avg: 1.6, Max: 1.7, Diff: 0.3, Sum: 6.6]
         [Processed Buffers: Min: 1, Avg: 5.2, Max: 12, Diff: 11, Sum: 21]
      [Scan RS (ms): Min: 2.2, Avg: 2.4, Max: 2.7, Diff: 0.5, Sum: 9.7]
      [Code Root Scanning (ms): Min: 0.0, Avg: 0.0, Max: 0.0, Diff: 0.0, Sum: 0.0]
      [Object Copy (ms): Min: 1.7, Avg: 2.0, Max: 2.2, Diff: 0.5, Sum: 8.0]
      [Termination (ms): Min: 0.0, Avg: 0.0, Max: 0.0, Diff: 0.0, Sum: 0.0]
         [Termination Attempts: Min: 1, Avg: 1.0, Max: 1, Diff: 0, Sum: 4]
      [GC Worker Other (ms): Min: 0.0, Avg: 0.0, Max: 0.0, Diff: 0.0, Sum: 0.1]
      [GC Worker Total (ms): Min: 6.5, Avg: 6.5, Max: 6.5, Diff: 0.0, Sum: 25.9]
      [GC Worker End (ms): Min: 2119359.3, Avg: 2119359.3, Max: 2119359.3, Diff: 0.0]
   [Code Root Fixup: 0.1 ms]
   [Code Root Purge: 0.0 ms]
   [Clear CT: 0.1 ms]
   [Other: 2.8 ms]
      [Choose CSet: 0.0 ms]
      [Ref Proc: 2.5 ms]
      [Ref Enq: 0.0 ms]
      [Redirty Cards: 0.1 ms]
      [Humongous Register: 0.0 ms]
      [Humongous Reclaim: 0.0 ms]
      [Free CSet: 0.0 ms]
   [Eden: 11.0M(11.0M)->0.0B(79.0M) Survivors: 1024.0K->1024.0K Heap: 160.2M(256.0M)->148.3M(256.0M)]
 [Times: user=0.03 sys=0.00, real=0.01 secs] 
2020-04-13T16:18:58.433+0800: 2121.374: [GC pause (G1 Evacuation Pause) (young), 0.0108679 secs]
   [Parallel Time: 8.0 ms, GC Workers: 4]
      [GC Worker Start (ms): Min: 2121374.5, Avg: 2121375.4, Max: 2121377.3, Diff: 2.8]
      [Ext Root Scanning (ms): Min: 0.0, Avg: 0.4, Max: 0.7, Diff: 0.7, Sum: 1.4]
      [Update RS (ms): Min: 1.6, Avg: 3.8, Max: 6.3, Diff: 4.7, Sum: 15.1]
         [Processed Buffers: Min: 1, Avg: 8.0, Max: 17, Diff: 16, Sum: 32]
      [Scan RS (ms): Min: 0.0, Avg: 1.2, Max: 1.7, Diff: 1.7, Sum: 4.9]
      [Code Root Scanning (ms): Min: 0.0, Avg: 0.0, Max: 0.0, Diff: 0.0, Sum: 0.0]
      [Object Copy (ms): Min: 1.0, Avg: 1.7, Max: 2.0, Diff: 1.0, Sum: 6.8]
      [Termination (ms): Min: 0.0, Avg: 0.0, Max: 0.0, Diff: 0.0, Sum: 0.0]
         [Termination Attempts: Min: 1, Avg: 1.0, Max: 1, Diff: 0, Sum: 4]
      [GC Worker Other (ms): Min: 0.0, Avg: 0.0, Max: 0.0, Diff: 0.0, Sum: 0.1]
      [GC Worker Total (ms): Min: 5.2, Avg: 7.1, Max: 8.0, Diff: 2.8, Sum: 28.4]
      [GC Worker End (ms): Min: 2121382.4, Avg: 2121382.4, Max: 2121382.4, Diff: 0.0]
   [Code Root Fixup: 0.1 ms]
   [Code Root Purge: 0.0 ms]
   [Clear CT: 0.0 ms]
   [Other: 2.7 ms]
      [Choose CSet: 0.0 ms]
      [Ref Proc: 2.5 ms]
      [Ref Enq: 0.0 ms]
      [Redirty Cards: 0.1 ms]
      [Humongous Register: 0.0 ms]
      [Humongous Reclaim: 0.0 ms]
      [Free CSet: 0.0 ms]
   [Eden: 79.0M(79.0M)->0.0B(77.0M) Survivors: 1024.0K->2048.0K Heap: 227.3M(256.0M)->148.6M(256.0M)]
 [Times: user=0.02 sys=0.00, real=0.01 secs] 
2020-04-13T16:19:00.343+0800: 2123.284: [GC pause (G1 Evacuation Pause) (young) (initial-mark), 0.0075643 secs]
   [Parallel Time: 6.7 ms, GC Workers: 4]
      [GC Worker Start (ms): Min: 2123284.4, Avg: 2123284.4, Max: 2123284.4, Diff: 0.1]
      [Ext Root Scanning (ms): Min: 0.9, Avg: 2.3, Max: 6.4, Diff: 5.5, Sum: 9.2]
      [Update RS (ms): Min: 0.0, Avg: 1.3, Max: 1.8, Diff: 1.8, Sum: 5.1]
         [Processed Buffers: Min: 0, Avg: 9.2, Max: 17, Diff: 17, Sum: 37]
      [Scan RS (ms): Min: 0.0, Avg: 1.3, Max: 1.7, Diff: 1.7, Sum: 5.0]
      [Code Root Scanning (ms): Min: 0.0, Avg: 0.0, Max: 0.0, Diff: 0.0, Sum: 0.0]
      [Object Copy (ms): Min: 0.2, Avg: 1.8, Max: 2.3, Diff: 2.1, Sum: 7.0]
      [Termination (ms): Min: 0.0, Avg: 0.0, Max: 0.0, Diff: 0.0, Sum: 0.0]
         [Termination Attempts: Min: 1, Avg: 1.0, Max: 1, Diff: 0, Sum: 4]
      [GC Worker Other (ms): Min: 0.0, Avg: 0.0, Max: 0.0, Diff: 0.0, Sum: 0.0]
      [GC Worker Total (ms): Min: 6.5, Avg: 6.6, Max: 6.6, Diff: 0.1, Sum: 26.3]
      [GC Worker End (ms): Min: 2123291.0, Avg: 2123291.0, Max: 2123291.0, Diff: 0.0]
   [Code Root Fixup: 0.1 ms]
   [Code Root Purge: 0.0 ms]
   [Clear CT: 0.1 ms]
   [Other: 0.7 ms]
      [Choose CSet: 0.0 ms]
      [Ref Proc: 0.2 ms]
      [Ref Enq: 0.0 ms]
      [Redirty Cards: 0.1 ms]
      [Humongous Register: 0.0 ms]
      [Humongous Reclaim: 0.0 ms]
      [Free CSet: 0.1 ms]
   [Eden: 77.0M(77.0M)->0.0B(77.0M) Survivors: 2048.0K->2048.0K Heap: 225.6M(256.0M)->148.6M(256.0M)]
 [Times: user=0.02 sys=0.00, real=0.01 secs] 
2020-04-13T16:19:00.350+0800: 2123.292: [GC concurrent-root-region-scan-start]
2020-04-13T16:19:00.354+0800: 2123.296: [GC concurrent-root-region-scan-end, 0.0034589 secs]
2020-04-13T16:19:00.354+0800: 2123.296: [GC concurrent-mark-start]
2020-04-13T16:19:00.385+0800: 2123.327: [GC concurrent-mark-end, 0.0310606 secs]
2020-04-13T16:19:00.385+0800: 2123.327: [GC remark 2020-04-13T16:19:00.385+0800: 2123.327: [Finalize Marking, 0.0001848 secs] 2020-04-13T16:19:00.385+0800: 2123.327: [GC ref-proc, 0.0001391 secs] 2020-04-13T16:19:00.386+0800: 2123.327: [Unloading, 0.0047472 secs], 0.0066357 secs]
 [Times: user=0.02 sys=0.00, real=0.01 secs] 
2020-04-13T16:19:00.392+0800: 2123.334: [GC cleanup 150M->150M(256M), 0.0007858 secs]
 [Times: user=0.00 sys=0.00, real=0.00 secs] 
2020-04-13T16:19:02.296+0800: 2125.238: [GC pause (G1 Evacuation Pause) (young), 0.0066044 secs]
   [Parallel Time: 5.9 ms, GC Workers: 4]
      [GC Worker Start (ms): Min: 2125238.1, Avg: 2125238.1, Max: 2125238.1, Diff: 0.0]
      [Ext Root Scanning (ms): Min: 0.4, Avg: 0.4, Max: 0.5, Diff: 0.1, Sum: 1.6]
      [Update RS (ms): Min: 1.3, Avg: 1.6, Max: 2.1, Diff: 0.8, Sum: 6.3]
         [Processed Buffers: Min: 3, Avg: 9.0, Max: 22, Diff: 19, Sum: 36]
      [Scan RS (ms): Min: 1.3, Avg: 2.0, Max: 2.8, Diff: 1.5, Sum: 7.8]
      [Code Root Scanning (ms): Min: 0.0, Avg: 0.0, Max: 0.0, Diff: 0.0, Sum: 0.0]
      [Object Copy (ms): Min: 1.3, Avg: 1.8, Max: 2.0, Diff: 0.7, Sum: 7.2]
      [Termination (ms): Min: 0.0, Avg: 0.0, Max: 0.0, Diff: 0.0, Sum: 0.0]
         [Termination Attempts: Min: 1, Avg: 1.0, Max: 1, Diff: 0, Sum: 4]
      [GC Worker Other (ms): Min: 0.0, Avg: 0.1, Max: 0.1, Diff: 0.1, Sum: 0.2]
      [GC Worker Total (ms): Min: 5.7, Avg: 5.8, Max: 5.8, Diff: 0.1, Sum: 23.1]
      [GC Worker End (ms): Min: 2125243.9, Avg: 2125243.9, Max: 2125244.0, Diff: 0.1]
   [Code Root Fixup: 0.1 ms]
   [Code Root Purge: 0.0 ms]
   [Clear CT: 0.1 ms]
   [Other: 0.6 ms]
      [Choose CSet: 0.0 ms]
      [Ref Proc: 0.4 ms]
      [Ref Enq: 0.0 ms]
      [Redirty Cards: 0.1 ms]
      [Humongous Register: 0.0 ms]
      [Humongous Reclaim: 0.0 ms]
      [Free CSet: 0.0 ms]
   [Eden: 77.0M(77.0M)->0.0B(77.0M) Survivors: 2048.0K->2048.0K Heap: 225.6M(256.0M)->148.7M(256.0M)]
 [Times: user=0.02 sys=0.00, real=0.01 secs] 
2020-04-13T16:19:04.065+0800: 2127.007: [GC pause (G1 Evacuation Pause) (young), 0.0079201 secs]
   [Parallel Time: 7.5 ms, GC Workers: 4]
      [GC Worker Start (ms): Min: 2127007.1, Avg: 2127007.4, Max: 2127007.7, Diff: 0.7]
      [Ext Root Scanning (ms): Min: 0.1, Avg: 0.5, Max: 0.8, Diff: 0.7, Sum: 2.0]
      [Update RS (ms): Min: 1.7, Avg: 2.0, Max: 2.5, Diff: 0.8, Sum: 8.1]
         [Processed Buffers: Min: 2, Avg: 8.2, Max: 23, Diff: 21, Sum: 33]
      [Scan RS (ms): Min: 1.1, Avg: 1.4, Max: 1.7, Diff: 0.7, Sum: 5.6]
      [Code Root Scanning (ms): Min: 0.0, Avg: 0.0, Max: 0.0, Diff: 0.0, Sum: 0.0]
      [Object Copy (ms): Min: 1.8, Avg: 2.1, Max: 2.6, Diff: 0.8, Sum: 8.4]
      [Termination (ms): Min: 0.0, Avg: 1.0, Max: 1.3, Diff: 1.3, Sum: 3.8]
         [Termination Attempts: Min: 1, Avg: 1.2, Max: 2, Diff: 1, Sum: 5]
      [GC Worker Other (ms): Min: 0.0, Avg: 0.0, Max: 0.1, Diff: 0.0, Sum: 0.1]
      [GC Worker Total (ms): Min: 6.2, Avg: 7.0, Max: 7.5, Diff: 1.2, Sum: 28.1]
      [GC Worker End (ms): Min: 2127014.0, Avg: 2127014.4, Max: 2127014.5, Diff: 0.6]
   [Code Root Fixup: 0.0 ms]
   [Code Root Purge: 0.0 ms]
   [Clear CT: 0.0 ms]
   [Other: 0.3 ms]
      [Choose CSet: 0.0 ms]
      [Ref Proc: 0.1 ms]
      [Ref Enq: 0.0 ms]
      [Redirty Cards: 0.1 ms]
      [Humongous Register: 0.0 ms]
      [Humongous Reclaim: 0.0 ms]
      [Free CSet: 0.0 ms]
   [Eden: 77.0M(77.0M)->0.0B(77.0M) Survivors: 2048.0K->2048.0K Heap: 225.7M(256.0M)->148.8M(256.0M)]
 [Times: user=0.03 sys=0.00, real=0.01 secs] 
2020-04-13T16:19:05.704+0800: 2128.645: [GC pause (G1 Evacuation Pause) (young) (initial-mark), 0.0071782 secs]
   [Parallel Time: 6.3 ms, GC Workers: 4]
      [GC Worker Start (ms): Min: 2128645.3, Avg: 2128645.3, Max: 2128645.3, Diff: 0.0]
      [Ext Root Scanning (ms): Min: 1.0, Avg: 1.0, Max: 1.0, Diff: 0.1, Sum: 4.0]
      [Update RS (ms): Min: 1.6, Avg: 1.7, Max: 1.9, Diff: 0.3, Sum: 6.9]
         [Processed Buffers: Min: 3, Avg: 8.5, Max: 18, Diff: 15, Sum: 34]
      [Scan RS (ms): Min: 1.7, Avg: 1.9, Max: 2.1, Diff: 0.4, Sum: 7.7]
      [Code Root Scanning (ms): Min: 0.0, Avg: 0.0, Max: 0.0, Diff: 0.0, Sum: 0.0]
      [Object Copy (ms): Min: 1.4, Avg: 1.5, Max: 1.6, Diff: 0.2, Sum: 6.1]
      [Termination (ms): Min: 0.0, Avg: 0.0, Max: 0.0, Diff: 0.0, Sum: 0.0]
         [Termination Attempts: Min: 1, Avg: 1.0, Max: 1, Diff: 0, Sum: 4]
      [GC Worker Other (ms): Min: 0.0, Avg: 0.0, Max: 0.0, Diff: 0.0, Sum: 0.1]
      [GC Worker Total (ms): Min: 6.2, Avg: 6.2, Max: 6.2, Diff: 0.0, Sum: 24.7]
      [GC Worker End (ms): Min: 2128651.5, Avg: 2128651.5, Max: 2128651.5, Diff: 0.0]
   [Code Root Fixup: 0.1 ms]
   [Code Root Purge: 0.0 ms]
   [Clear CT: 0.1 ms]
   [Other: 0.7 ms]
      [Choose CSet: 0.0 ms]
      [Ref Proc: 0.4 ms]
      [Ref Enq: 0.0 ms]
      [Redirty Cards: 0.1 ms]
      [Humongous Register: 0.0 ms]
      [Humongous Reclaim: 0.0 ms]
      [Free CSet: 0.1 ms]
   [Eden: 77.0M(77.0M)->0.0B(79.0M) Survivors: 2048.0K->1024.0K Heap: 225.8M(256.0M)->148.6M(256.0M)]
 [Times: user=0.03 sys=0.00, real=0.01 secs] 
2020-04-13T16:19:05.711+0800: 2128.653: [GC concurrent-root-region-scan-start]
2020-04-13T16:19:05.715+0800: 2128.657: [GC concurrent-root-region-scan-end, 0.0045416 secs]
2020-04-13T16:19:05.716+0800: 2128.657: [GC concurrent-mark-start]
2020-04-13T16:19:05.741+0800: 2128.682: [GC concurrent-mark-end, 0.0251438 secs]
2020-04-13T16:19:05.741+0800: 2128.683: [GC remark 2020-04-13T16:19:05.741+0800: 2128.683: [Finalize Marking, 0.0001375 secs] 2020-04-13T16:19:05.741+0800: 2128.683: [GC ref-proc, 0.0001159 secs] 2020-04-13T16:19:05.741+0800: 2128.683: [Unloading, 0.0041109 secs], 0.0058765 secs]
 [Times: user=0.02 sys=0.00, real=0.00 secs] 
2020-04-13T16:19:05.747+0800: 2128.689: [GC cleanup 150M->150M(256M), 0.0010921 secs]
 [Times: user=0.00 sys=0.00, real=0.00 secs] 
2020-04-13T16:19:07.551+0800: 2130.492: [GC pause (G1 Evacuation Pause) (young), 0.0051170 secs]
   [Parallel Time: 4.7 ms, GC Workers: 4]
      [GC Worker Start (ms): Min: 2130492.5, Avg: 2130492.6, Max: 2130492.6, Diff: 0.0]
      [Ext Root Scanning (ms): Min: 0.4, Avg: 0.4, Max: 0.5, Diff: 0.1, Sum: 1.6]
      [Update RS (ms): Min: 1.2, Avg: 1.4, Max: 1.7, Diff: 0.5, Sum: 5.6]
         [Processed Buffers: Min: 3, Avg: 8.2, Max: 21, Diff: 18, Sum: 33]
      [Scan RS (ms): Min: 0.9, Avg: 1.3, Max: 1.5, Diff: 0.6, Sum: 5.1]
      [Code Root Scanning (ms): Min: 0.0, Avg: 0.0, Max: 0.0, Diff: 0.0, Sum: 0.0]
      [Object Copy (ms): Min: 1.4, Avg: 1.5, Max: 1.6, Diff: 0.1, Sum: 6.0]
      [Termination (ms): Min: 0.0, Avg: 0.0, Max: 0.0, Diff: 0.0, Sum: 0.0]
         [Termination Attempts: Min: 1, Avg: 1.0, Max: 1, Diff: 0, Sum: 4]
      [GC Worker Other (ms): Min: 0.0, Avg: 0.0, Max: 0.0, Diff: 0.0, Sum: 0.1]
      [GC Worker Total (ms): Min: 4.6, Avg: 4.6, Max: 4.6, Diff: 0.0, Sum: 18.5]
      [GC Worker End (ms): Min: 2130497.2, Avg: 2130497.2, Max: 2130497.2, Diff: 0.0]
   [Code Root Fixup: 0.0 ms]
   [Code Root Purge: 0.0 ms]
   [Clear CT: 0.1 ms]
   [Other: 0.3 ms]
      [Choose CSet: 0.0 ms]
      [Ref Proc: 0.1 ms]
      [Ref Enq: 0.0 ms]
      [Redirty Cards: 0.1 ms]
      [Humongous Register: 0.0 ms]
      [Humongous Reclaim: 0.0 ms]
      [Free CSet: 0.0 ms]
   [Eden: 79.0M(79.0M)->0.0B(77.0M) Survivors: 1024.0K->2048.0K Heap: 227.6M(256.0M)->149.1M(256.0M)]
 [Times: user=0.02 sys=0.00, real=0.00 secs] 
2020-04-13T16:19:09.212+0800: 2132.154: [GC pause (G1 Evacuation Pause) (young), 0.0066075 secs]
   [Parallel Time: 5.4 ms, GC Workers: 4]
      [GC Worker Start (ms): Min: 2132154.1, Avg: 2132154.4, Max: 2132155.1, Diff: 1.0]
      [Ext Root Scanning (ms): Min: 0.0, Avg: 0.6, Max: 1.4, Diff: 1.4, Sum: 2.4]
      [Update RS (ms): Min: 1.2, Avg: 1.6, Max: 2.0, Diff: 0.8, Sum: 6.3]
         [Processed Buffers: Min: 4, Avg: 8.8, Max: 17, Diff: 13, Sum: 35]
      [Scan RS (ms): Min: 1.2, Avg: 1.3, Max: 1.5, Diff: 0.3, Sum: 5.2]
      [Code Root Scanning (ms): Min: 0.0, Avg: 0.0, Max: 0.0, Diff: 0.0, Sum: 0.0]
      [Object Copy (ms): Min: 1.5, Avg: 1.5, Max: 1.6, Diff: 0.1, Sum: 6.1]
      [Termination (ms): Min: 0.0, Avg: 0.0, Max: 0.0, Diff: 0.0, Sum: 0.0]
         [Termination Attempts: Min: 1, Avg: 1.0, Max: 1, Diff: 0, Sum: 4]
      [GC Worker Other (ms): Min: 0.0, Avg: 0.0, Max: 0.0, Diff: 0.0, Sum: 0.0]
      [GC Worker Total (ms): Min: 4.3, Avg: 5.0, Max: 5.3, Diff: 1.0, Sum: 20.1]
      [GC Worker End (ms): Min: 2132159.4, Avg: 2132159.4, Max: 2132159.4, Diff: 0.0]
   [Code Root Fixup: 0.1 ms]
   [Code Root Purge: 0.0 ms]
   [Clear CT: 0.4 ms]
   [Other: 0.8 ms]
      [Choose CSet: 0.0 ms]
      [Ref Proc: 0.5 ms]
      [Ref Enq: 0.0 ms]
      [Redirty Cards: 0.1 ms]
      [Humongous Register: 0.0 ms]
      [Humongous Reclaim: 0.0 ms]
      [Free CSet: 0.0 ms]
   [Eden: 77.0M(77.0M)->0.0B(79.0M) Survivors: 2048.0K->1024.0K Heap: 226.1M(256.0M)->148.8M(256.0M)]
 [Times: user=0.02 sys=0.00, real=0.00 secs] 
2020-04-13T16:19:11.326+0800: 2134.267: [GC pause (G1 Evacuation Pause) (young) (initial-mark), 0.0064764 secs]
   [Parallel Time: 5.7 ms, GC Workers: 4]
      [GC Worker Start (ms): Min: 2134267.5, Avg: 2134267.5, Max: 2134267.6, Diff: 0.1]
      [Ext Root Scanning (ms): Min: 0.5, Avg: 0.6, Max: 0.6, Diff: 0.1, Sum: 2.3]
      [Update RS (ms): Min: 1.7, Avg: 2.2, Max: 2.9, Diff: 1.2, Sum: 8.6]
         [Processed Buffers: Min: 2, Avg: 8.2, Max: 15, Diff: 13, Sum: 33]
      [Scan RS (ms): Min: 0.5, Avg: 1.2, Max: 1.6, Diff: 1.1, Sum: 4.8]
      [Code Root Scanning (ms): Min: 0.0, Avg: 0.0, Max: 0.0, Diff: 0.0, Sum: 0.0]
      [Object Copy (ms): Min: 1.6, Avg: 1.7, Max: 1.7, Diff: 0.1, Sum: 6.6]
      [Termination (ms): Min: 0.0, Avg: 0.0, Max: 0.0, Diff: 0.0, Sum: 0.0]
         [Termination Attempts: Min: 1, Avg: 1.2, Max: 2, Diff: 1, Sum: 5]
      [GC Worker Other (ms): Min: 0.0, Avg: 0.0, Max: 0.0, Diff: 0.0, Sum: 0.0]
      [GC Worker Total (ms): Min: 5.5, Avg: 5.6, Max: 5.6, Diff: 0.1, Sum: 22.4]
      [GC Worker End (ms): Min: 2134273.1, Avg: 2134273.1, Max: 2134273.1, Diff: 0.0]
   [Code Root Fixup: 0.0 ms]
   [Code Root Purge: 0.0 ms]
   [Clear CT: 0.1 ms]
   [Other: 0.6 ms]
      [Choose CSet: 0.0 ms]
      [Ref Proc: 0.2 ms]
      [Ref Enq: 0.0 ms]
      [Redirty Cards: 0.1 ms]
      [Humongous Register: 0.0 ms]
      [Humongous Reclaim: 0.0 ms]
      [Free CSet: 0.0 ms]
   [Eden: 79.0M(79.0M)->0.0B(77.0M) Survivors: 1024.0K->2048.0K Heap: 227.8M(256.0M)->149.2M(256.0M)]
 [Times: user=0.02 sys=0.00, real=0.01 secs] 
2020-04-13T16:19:11.334+0800: 2134.275: [GC concurrent-root-region-scan-start]
2020-04-13T16:19:11.341+0800: 2134.282: [GC concurrent-root-region-scan-end, 0.0069118 secs]
2020-04-13T16:19:11.341+0800: 2134.282: [GC concurrent-mark-start]
2020-04-13T16:19:11.372+0800: 2134.313: [GC concurrent-mark-end, 0.0311988 secs]
2020-04-13T16:19:11.372+0800: 2134.314: [GC remark 2020-04-13T16:19:11.372+0800: 2134.314: [Finalize Marking, 0.0011924 secs] 2020-04-13T16:19:11.373+0800: 2134.315: [GC ref-proc, 0.0001296 secs] 2020-04-13T16:19:11.374+0800: 2134.315: [Unloading, 0.0039897 secs], 0.0076353 secs]
 [Times: user=0.02 sys=0.01, real=0.01 secs] 
2020-04-13T16:19:11.380+0800: 2134.322: [GC cleanup 150M->150M(256M), 0.0005666 secs]
 [Times: user=0.00 sys=0.00, real=0.00 secs] 
2020-04-13T16:19:13.206+0800: 2136.148: [GC pause (G1 Evacuation Pause) (young), 0.0073069 secs]
   [Parallel Time: 6.0 ms, GC Workers: 4]
      [GC Worker Start (ms): Min: 2136147.6, Avg: 2136148.0, Max: 2136149.1, Diff: 1.5]
      [Ext Root Scanning (ms): Min: 0.0, Avg: 0.4, Max: 0.6, Diff: 0.6, Sum: 1.6]
      [Update RS (ms): Min: 1.3, Avg: 2.0, Max: 2.2, Diff: 1.0, Sum: 7.9]
         [Processed Buffers: Min: 4, Avg: 8.8, Max: 22, Diff: 18, Sum: 35]
      [Scan RS (ms): Min: 1.4, Avg: 1.4, Max: 1.5, Diff: 0.1, Sum: 5.8]
      [Code Root Scanning (ms): Min: 0.0, Avg: 0.0, Max: 0.0, Diff: 0.0, Sum: 0.0]
      [Object Copy (ms): Min: 1.5, Avg: 1.6, Max: 1.6, Diff: 0.1, Sum: 6.3]
      [Termination (ms): Min: 0.0, Avg: 0.0, Max: 0.0, Diff: 0.0, Sum: 0.0]
         [Termination Attempts: Min: 1, Avg: 1.0, Max: 1, Diff: 0, Sum: 4]
      [GC Worker Other (ms): Min: 0.0, Avg: 0.0, Max: 0.0, Diff: 0.0, Sum: 0.1]
      [GC Worker Total (ms): Min: 4.3, Avg: 5.4, Max: 5.8, Diff: 1.5, Sum: 21.6]
      [GC Worker End (ms): Min: 2136153.4, Avg: 2136153.4, Max: 2136153.4, Diff: 0.0]
   [Code Root Fixup: 0.1 ms]
   [Code Root Purge: 0.0 ms]
   [Clear CT: 0.0 ms]
   [Other: 1.2 ms]
      [Choose CSet: 0.0 ms]
      [Ref Proc: 0.9 ms]
      [Ref Enq: 0.0 ms]
      [Redirty Cards: 0.1 ms]
      [Humongous Register: 0.0 ms]
      [Humongous Reclaim: 0.0 ms]
      [Free CSet: 0.0 ms]
   [Eden: 77.0M(77.0M)->0.0B(79.0M) Survivors: 2048.0K->1024.0K Heap: 226.2M(256.0M)->148.8M(256.0M)]
 [Times: user=0.02 sys=0.00, real=0.01 secs] 
2020-04-13T16:19:15.035+0800: 2137.977: [GC pause (G1 Evacuation Pause) (young), 0.0065241 secs]
   [Parallel Time: 6.0 ms, GC Workers: 4]
      [GC Worker Start (ms): Min: 2137977.0, Avg: 2137977.0, Max: 2137977.1, Diff: 0.1]
      [Ext Root Scanning (ms): Min: 0.5, Avg: 0.6, Max: 0.7, Diff: 0.3, Sum: 2.3]
      [Update RS (ms): Min: 1.9, Avg: 2.0, Max: 2.1, Diff: 0.2, Sum: 8.0]
         [Processed Buffers: Min: 4, Avg: 7.8, Max: 18, Diff: 14, Sum: 31]
      [Scan RS (ms): Min: 1.5, Avg: 1.6, Max: 1.8, Diff: 0.4, Sum: 6.6]
      [Code Root Scanning (ms): Min: 0.0, Avg: 0.0, Max: 0.0, Diff: 0.0, Sum: 0.0]
      [Object Copy (ms): Min: 1.6, Avg: 1.6, Max: 1.6, Diff: 0.1, Sum: 6.4]
      [Termination (ms): Min: 0.0, Avg: 0.0, Max: 0.0, Diff: 0.0, Sum: 0.0]
         [Termination Attempts: Min: 1, Avg: 1.0, Max: 1, Diff: 0, Sum: 4]
      [GC Worker Other (ms): Min: 0.0, Avg: 0.0, Max: 0.0, Diff: 0.0, Sum: 0.1]
      [GC Worker Total (ms): Min: 5.8, Avg: 5.8, Max: 5.9, Diff: 0.1, Sum: 23.4]
      [GC Worker End (ms): Min: 2137982.9, Avg: 2137982.9, Max: 2137982.9, Diff: 0.0]
   [Code Root Fixup: 0.1 ms]
   [Code Root Purge: 0.0 ms]
   [Clear CT: 0.1 ms]
   [Other: 0.4 ms]
      [Choose CSet: 0.0 ms]
      [Ref Proc: 0.2 ms]
      [Ref Enq: 0.0 ms]
      [Redirty Cards: 0.1 ms]
      [Humongous Register: 0.0 ms]
      [Humongous Reclaim: 0.0 ms]
      [Free CSet: 0.0 ms]
   [Eden: 79.0M(79.0M)->0.0B(76.0M) Survivors: 1024.0K->2048.0K Heap: 227.8M(256.0M)->149.4M(256.0M)]
 [Times: user=0.02 sys=0.00, real=0.01 secs] 
2020-04-13T16:19:16.704+0800: 2139.645: [GC pause (G1 Evacuation Pause) (young) (initial-mark), 0.0061495 secs]
   [Parallel Time: 5.7 ms, GC Workers: 4]
      [GC Worker Start (ms): Min: 2139645.3, Avg: 2139645.3, Max: 2139645.3, Diff: 0.0]
      [Ext Root Scanning (ms): Min: 0.6, Avg: 0.6, Max: 0.6, Diff: 0.0, Sum: 2.4]
      [Update RS (ms): Min: 1.1, Avg: 1.3, Max: 1.5, Diff: 0.4, Sum: 5.3]
         [Processed Buffers: Min: 3, Avg: 6.8, Max: 16, Diff: 13, Sum: 27]
      [Scan RS (ms): Min: 1.4, Avg: 1.7, Max: 2.0, Diff: 0.6, Sum: 7.0]
      [Code Root Scanning (ms): Min: 0.0, Avg: 0.0, Max: 0.0, Diff: 0.0, Sum: 0.0]
      [Object Copy (ms): Min: 1.6, Avg: 2.0, Max: 2.2, Diff: 0.6, Sum: 7.9]
      [Termination (ms): Min: 0.0, Avg: 0.0, Max: 0.0, Diff: 0.0, Sum: 0.0]
         [Termination Attempts: Min: 1, Avg: 1.0, Max: 1, Diff: 0, Sum: 4]
      [GC Worker Other (ms): Min: 0.0, Avg: 0.0, Max: 0.0, Diff: 0.0, Sum: 0.0]
      [GC Worker Total (ms): Min: 5.6, Avg: 5.6, Max: 5.7, Diff: 0.0, Sum: 22.6]
      [GC Worker End (ms): Min: 2139650.9, Avg: 2139650.9, Max: 2139650.9, Diff: 0.0]
   [Code Root Fixup: 0.0 ms]
   [Code Root Purge: 0.0 ms]
   [Clear CT: 0.0 ms]
   [Other: 0.3 ms]
      [Choose CSet: 0.0 ms]
      [Ref Proc: 0.1 ms]
      [Ref Enq: 0.0 ms]
      [Redirty Cards: 0.1 ms]
      [Humongous Register: 0.0 ms]
      [Humongous Reclaim: 0.0 ms]
      [Free CSet: 0.0 ms]
   [Eden: 76.0M(76.0M)->0.0B(78.0M) Survivors: 2048.0K->1024.0K Heap: 225.4M(256.0M)->149.0M(256.0M)]
 [Times: user=0.02 sys=0.00, real=0.01 secs] 
2020-04-13T16:19:16.710+0800: 2139.651: [GC concurrent-root-region-scan-start]
2020-04-13T16:19:16.715+0800: 2139.656: [GC concurrent-root-region-scan-end, 0.0047242 secs]
2020-04-13T16:19:16.715+0800: 2139.656: [GC concurrent-mark-start]
2020-04-13T16:19:16.748+0800: 2139.689: [GC concurrent-mark-end, 0.0332270 secs]
2020-04-13T16:19:16.749+0800: 2139.691: [GC remark 2020-04-13T16:19:16.750+0800: 2139.691: [Finalize Marking, 0.0009276 secs] 2020-04-13T16:19:16.751+0800: 2139.692: [GC ref-proc, 0.0001286 secs] 2020-04-13T16:19:16.751+0800: 2139.692: [Unloading, 0.0073392 secs], 0.0107058 secs]
 [Times: user=0.02 sys=0.01, real=0.02 secs] 
2020-04-13T16:19:16.760+0800: 2139.702: [GC cleanup 150M->150M(256M), 0.0003585 secs]
 [Times: user=0.00 sys=0.00, real=0.00 secs] 
2020-04-13T16:19:18.635+0800: 2141.576: [GC pause (G1 Evacuation Pause) (young), 0.0063817 secs]
   [Parallel Time: 5.8 ms, GC Workers: 4]
      [GC Worker Start (ms): Min: 2141576.5, Avg: 2141576.5, Max: 2141576.5, Diff: 0.0]
      [Ext Root Scanning (ms): Min: 0.4, Avg: 0.4, Max: 0.5, Diff: 0.2, Sum: 1.6]
      [Update RS (ms): Min: 1.5, Avg: 2.4, Max: 4.7, Diff: 3.2, Sum: 9.7]
         [Processed Buffers: Min: 0, Avg: 8.5, Max: 15, Diff: 15, Sum: 34]
      [Scan RS (ms): Min: 0.0, Avg: 1.4, Max: 2.0, Diff: 2.0, Sum: 5.5]
      [Code Root Scanning (ms): Min: 0.0, Avg: 0.0, Max: 0.0, Diff: 0.0, Sum: 0.0]
      [Object Copy (ms): Min: 0.5, Avg: 1.5, Max: 1.9, Diff: 1.4, Sum: 6.0]
      [Termination (ms): Min: 0.0, Avg: 0.0, Max: 0.0, Diff: 0.0, Sum: 0.0]
         [Termination Attempts: Min: 1, Avg: 1.2, Max: 2, Diff: 1, Sum: 5]
      [GC Worker Other (ms): Min: 0.0, Avg: 0.0, Max: 0.0, Diff: 0.0, Sum: 0.1]
      [GC Worker Total (ms): Min: 5.7, Avg: 5.7, Max: 5.7, Diff: 0.0, Sum: 22.9]
      [GC Worker End (ms): Min: 2141582.2, Avg: 2141582.2, Max: 2141582.2, Diff: 0.0]
   [Code Root Fixup: 0.1 ms]
   [Code Root Purge: 0.0 ms]
   [Clear CT: 0.1 ms]
   [Other: 0.4 ms]
      [Choose CSet: 0.0 ms]
      [Ref Proc: 0.1 ms]
      [Ref Enq: 0.0 ms]
      [Redirty Cards: 0.0 ms]
      [Humongous Register: 0.0 ms]
      [Humongous Reclaim: 0.0 ms]
      [Free CSet: 0.0 ms]
   [Eden: 78.0M(78.0M)->0.0B(10.0M) Survivors: 1024.0K->2048.0K Heap: 227.0M(256.0M)->149.4M(256.0M)]
 [Times: user=0.02 sys=0.00, real=0.01 secs] 
2020-04-13T16:19:18.863+0800: 2141.805: [GC pause (G1 Evacuation Pause) (mixed), 0.0091170 secs]
   [Parallel Time: 6.5 ms, GC Workers: 4]
      [GC Worker Start (ms): Min: 2141804.7, Avg: 2141804.7, Max: 2141804.7, Diff: 0.0]
      [Ext Root Scanning (ms): Min: 0.4, Avg: 0.5, Max: 0.6, Diff: 0.2, Sum: 1.9]
      [Update RS (ms): Min: 1.0, Avg: 1.1, Max: 1.1, Diff: 0.1, Sum: 4.2]
         [Processed Buffers: Min: 2, Avg: 5.8, Max: 9, Diff: 7, Sum: 23]
      [Scan RS (ms): Min: 2.1, Avg: 2.1, Max: 2.1, Diff: 0.1, Sum: 8.4]
      [Code Root Scanning (ms): Min: 0.0, Avg: 0.0, Max: 0.0, Diff: 0.0, Sum: 0.0]
      [Object Copy (ms): Min: 2.1, Avg: 2.3, Max: 2.5, Diff: 0.4, Sum: 9.3]
      [Termination (ms): Min: 0.0, Avg: 0.3, Max: 0.5, Diff: 0.5, Sum: 1.3]
         [Termination Attempts: Min: 1, Avg: 1.0, Max: 1, Diff: 0, Sum: 4]
      [GC Worker Other (ms): Min: 0.0, Avg: 0.0, Max: 0.0, Diff: 0.0, Sum: 0.0]
      [GC Worker Total (ms): Min: 6.1, Avg: 6.3, Max: 6.4, Diff: 0.2, Sum: 25.2]
      [GC Worker End (ms): Min: 2141810.8, Avg: 2141811.0, Max: 2141811.0, Diff: 0.2]
   [Code Root Fixup: 0.0 ms]
   [Code Root Purge: 0.0 ms]
   [Clear CT: 0.1 ms]
   [Other: 2.5 ms]
      [Choose CSet: 0.0 ms]
      [Ref Proc: 2.3 ms]
      [Ref Enq: 0.0 ms]
      [Redirty Cards: 0.1 ms]
      [Humongous Register: 0.0 ms]
      [Humongous Reclaim: 0.0 ms]
      [Free CSet: 0.0 ms]
   [Eden: 10.0M(10.0M)->0.0B(79.0M) Survivors: 2048.0K->1024.0K Heap: 159.4M(256.0M)->148.0M(256.0M)]
 [Times: user=0.02 sys=0.00, real=0.01 secs] 
2020-04-13T16:19:20.627+0800: 2143.568: [GC pause (G1 Evacuation Pause) (young), 0.0070785 secs]
   [Parallel Time: 6.5 ms, GC Workers: 4]
      [GC Worker Start (ms): Min: 2143568.5, Avg: 2143568.5, Max: 2143568.5, Diff: 0.0]
      [Ext Root Scanning (ms): Min: 0.8, Avg: 0.9, Max: 1.1, Diff: 0.3, Sum: 3.7]
      [Update RS (ms): Min: 1.3, Avg: 1.6, Max: 1.8, Diff: 0.5, Sum: 6.5]
         [Processed Buffers: Min: 1, Avg: 8.2, Max: 14, Diff: 13, Sum: 33]
      [Scan RS (ms): Min: 1.4, Avg: 1.6, Max: 1.7, Diff: 0.3, Sum: 6.2]
      [Code Root Scanning (ms): Min: 0.0, Avg: 0.0, Max: 0.0, Diff: 0.0, Sum: 0.0]
      [Object Copy (ms): Min: 2.1, Avg: 2.2, Max: 2.3, Diff: 0.1, Sum: 8.8]
      [Termination (ms): Min: 0.0, Avg: 0.1, Max: 0.1, Diff: 0.1, Sum: 0.4]
         [Termination Attempts: Min: 1, Avg: 1.0, Max: 1, Diff: 0, Sum: 4]
      [GC Worker Other (ms): Min: 0.0, Avg: 0.0, Max: 0.0, Diff: 0.0, Sum: 0.1]
      [GC Worker Total (ms): Min: 6.4, Avg: 6.4, Max: 6.4, Diff: 0.0, Sum: 25.6]
      [GC Worker End (ms): Min: 2143574.9, Avg: 2143574.9, Max: 2143574.9, Diff: 0.1]
   [Code Root Fixup: 0.0 ms]
   [Code Root Purge: 0.0 ms]
   [Clear CT: 0.1 ms]
   [Other: 0.4 ms]
      [Choose CSet: 0.0 ms]
      [Ref Proc: 0.2 ms]
      [Ref Enq: 0.0 ms]
      [Redirty Cards: 0.1 ms]
      [Humongous Register: 0.0 ms]
      [Humongous Reclaim: 0.0 ms]
      [Free CSet: 0.0 ms]
   [Eden: 79.0M(79.0M)->0.0B(77.0M) Survivors: 1024.0K->2048.0K Heap: 227.0M(256.0M)->148.5M(256.0M)]
 [Times: user=0.02 sys=0.01, real=0.01 secs] 
2020-04-13T16:19:22.785+0800: 2145.727: [GC pause (G1 Evacuation Pause) (young) (initial-mark), 0.0060250 secs]
   [Parallel Time: 5.6 ms, GC Workers: 4]
      [GC Worker Start (ms): Min: 2145726.8, Avg: 2145726.8, Max: 2145726.9, Diff: 0.0]
      [Ext Root Scanning (ms): Min: 0.6, Avg: 0.6, Max: 0.6, Diff: 0.0, Sum: 2.4]
      [Update RS (ms): Min: 1.6, Avg: 2.0, Max: 2.9, Diff: 1.2, Sum: 8.0]
         [Processed Buffers: Min: 3, Avg: 8.2, Max: 14, Diff: 11, Sum: 33]
      [Scan RS (ms): Min: 0.5, Avg: 1.3, Max: 1.6, Diff: 1.1, Sum: 5.3]
      [Code Root Scanning (ms): Min: 0.0, Avg: 0.0, Max: 0.0, Diff: 0.0, Sum: 0.0]
      [Object Copy (ms): Min: 1.5, Avg: 1.6, Max: 1.6, Diff: 0.2, Sum: 6.2]
      [Termination (ms): Min: 0.0, Avg: 0.0, Max: 0.0, Diff: 0.0, Sum: 0.0]
         [Termination Attempts: Min: 1, Avg: 1.0, Max: 1, Diff: 0, Sum: 4]
      [GC Worker Other (ms): Min: 0.0, Avg: 0.0, Max: 0.0, Diff: 0.0, Sum: 0.1]
      [GC Worker Total (ms): Min: 5.5, Avg: 5.5, Max: 5.5, Diff: 0.0, Sum: 21.9]
      [GC Worker End (ms): Min: 2145732.3, Avg: 2145732.3, Max: 2145732.3, Diff: 0.0]
   [Code Root Fixup: 0.1 ms]
   [Code Root Purge: 0.0 ms]
   [Clear CT: 0.1 ms]
   [Other: 0.3 ms]
      [Choose CSet: 0.0 ms]
      [Ref Proc: 0.1 ms]
      [Ref Enq: 0.0 ms]
      [Redirty Cards: 0.1 ms]
      [Humongous Register: 0.0 ms]
      [Humongous Reclaim: 0.0 ms]
      [Free CSet: 0.0 ms]
   [Eden: 77.0M(77.0M)->0.0B(79.0M) Survivors: 2048.0K->1024.0K Heap: 225.5M(256.0M)->148.2M(256.0M)]
 [Times: user=0.02 sys=0.00, real=0.01 secs] 
2020-04-13T16:19:22.792+0800: 2145.733: [GC concurrent-root-region-scan-start]
2020-04-13T16:19:22.795+0800: 2145.737: [GC concurrent-root-region-scan-end, 0.0036151 secs]
2020-04-13T16:19:22.795+0800: 2145.737: [GC concurrent-mark-start]
2020-04-13T16:19:22.826+0800: 2145.767: [GC concurrent-mark-end, 0.0304732 secs]
2020-04-13T16:19:22.826+0800: 2145.767: [GC remark 2020-04-13T16:19:22.826+0800: 2145.767: [Finalize Marking, 0.0008769 secs] 2020-04-13T16:19:22.827+0800: 2145.768: [GC ref-proc, 0.0000902 secs] 2020-04-13T16:19:22.827+0800: 2145.768: [Unloading, 0.0047430 secs], 0.0078989 secs]
 [Times: user=0.02 sys=0.00, real=0.01 secs] 
2020-04-13T16:19:22.835+0800: 2145.776: [GC cleanup 149M->149M(256M), 0.0009082 secs]
 [Times: user=0.00 sys=0.00, real=0.00 secs] 
2020-04-13T16:19:24.912+0800: 2147.853: [GC pause (G1 Evacuation Pause) (young), 0.0315255 secs]
   [Parallel Time: 19.8 ms, GC Workers: 4]
      [GC Worker Start (ms): Min: 2147853.1, Avg: 2147853.1, Max: 2147853.2, Diff: 0.1]
      [Ext Root Scanning (ms): Min: 0.5, Avg: 1.1, Max: 2.8, Diff: 2.4, Sum: 4.4]
      [Update RS (ms): Min: 0.9, Avg: 2.9, Max: 4.5, Diff: 3.6, Sum: 11.5]
         [Processed Buffers: Min: 3, Avg: 8.5, Max: 13, Diff: 10, Sum: 34]
      [Scan RS (ms): Min: 0.5, Avg: 1.7, Max: 2.5, Diff: 2.0, Sum: 6.8]
      [Code Root Scanning (ms): Min: 0.0, Avg: 0.0, Max: 0.0, Diff: 0.0, Sum: 0.0]
      [Object Copy (ms): Min: 2.9, Avg: 3.4, Max: 4.1, Diff: 1.2, Sum: 13.7]
      [Termination (ms): Min: 0.0, Avg: 3.1, Max: 10.8, Diff: 10.8, Sum: 12.5]
         [Termination Attempts: Min: 1, Avg: 1.0, Max: 1, Diff: 0, Sum: 4]
      [GC Worker Other (ms): Min: 0.0, Avg: 0.0, Max: 0.0, Diff: 0.0, Sum: 0.1]
      [GC Worker Total (ms): Min: 9.7, Avg: 12.2, Max: 19.6, Diff: 9.9, Sum: 48.9]
      [GC Worker End (ms): Min: 2147862.8, Avg: 2147865.4, Max: 2147872.8, Diff: 10.0]
   [Code Root Fixup: 0.1 ms]
   [Code Root Purge: 0.0 ms]
   [Clear CT: 0.1 ms]
   [Other: 11.6 ms]
      [Choose CSet: 0.0 ms]
      [Ref Proc: 10.8 ms]
      [Ref Enq: 0.0 ms]
      [Redirty Cards: 0.5 ms]
      [Humongous Register: 0.0 ms]
      [Humongous Reclaim: 0.0 ms]
      [Free CSet: 0.0 ms]
   [Eden: 79.0M(79.0M)->0.0B(77.0M) Survivors: 1024.0K->2048.0K Heap: 227.2M(256.0M)->148.8M(256.0M)]
 [Times: user=0.03 sys=0.00, real=0.03 secs] 
2020-04-13T16:19:28.421+0800: 2151.362: [GC pause (G1 Evacuation Pause) (young), 0.0202013 secs]
   [Parallel Time: 16.7 ms, GC Workers: 4]
      [GC Worker Start (ms): Min: 2151362.1, Avg: 2151362.1, Max: 2151362.1, Diff: 0.0]
      [Ext Root Scanning (ms): Min: 0.4, Avg: 0.4, Max: 0.5, Diff: 0.2, Sum: 1.7]
      [Update RS (ms): Min: 1.2, Avg: 1.4, Max: 1.6, Diff: 0.4, Sum: 5.8]
         [Processed Buffers: Min: 3, Avg: 9.0, Max: 19, Diff: 16, Sum: 36]
      [Scan RS (ms): Min: 1.5, Avg: 1.7, Max: 1.9, Diff: 0.4, Sum: 6.9]
      [Code Root Scanning (ms): Min: 0.0, Avg: 0.0, Max: 0.0, Diff: 0.0, Sum: 0.0]
      [Object Copy (ms): Min: 2.1, Avg: 2.4, Max: 2.9, Diff: 0.7, Sum: 9.7]
      [Termination (ms): Min: 0.0, Avg: 5.5, Max: 10.8, Diff: 10.8, Sum: 22.0]
         [Termination Attempts: Min: 1, Avg: 1.0, Max: 1, Diff: 0, Sum: 4]
      [GC Worker Other (ms): Min: 0.0, Avg: 0.0, Max: 0.0, Diff: 0.0, Sum: 0.1]
      [GC Worker Total (ms): Min: 6.5, Avg: 11.6, Max: 16.6, Diff: 10.0, Sum: 46.2]
      [GC Worker End (ms): Min: 2151368.6, Avg: 2151373.6, Max: 2151378.7, Diff: 10.1]
   [Code Root Fixup: 0.0 ms]
   [Code Root Purge: 0.0 ms]
   [Clear CT: 0.1 ms]
   [Other: 3.3 ms]
      [Choose CSet: 0.0 ms]
      [Ref Proc: 3.0 ms]
      [Ref Enq: 0.0 ms]
      [Redirty Cards: 0.1 ms]
      [Humongous Register: 0.0 ms]
      [Humongous Reclaim: 0.0 ms]
      [Free CSet: 0.1 ms]
   [Eden: 77.0M(77.0M)->0.0B(79.0M) Survivors: 2048.0K->1024.0K Heap: 225.8M(256.0M)->148.4M(256.0M)]
 [Times: user=0.02 sys=0.00, real=0.02 secs] 
2020-04-13T16:19:30.470+0800: 2153.412: [GC pause (G1 Evacuation Pause) (young) (initial-mark), 0.0205820 secs]
   [Parallel Time: 6.1 ms, GC Workers: 4]
      [GC Worker Start (ms): Min: 2153411.8, Avg: 2153411.8, Max: 2153411.8, Diff: 0.0]
      [Ext Root Scanning (ms): Min: 0.6, Avg: 1.1, Max: 2.4, Diff: 1.8, Sum: 4.3]
      [Update RS (ms): Min: 0.5, Avg: 1.9, Max: 2.5, Diff: 2.1, Sum: 7.7]
         [Processed Buffers: Min: 4, Avg: 7.8, Max: 11, Diff: 7, Sum: 31]
      [Scan RS (ms): Min: 1.3, Avg: 1.4, Max: 1.6, Diff: 0.4, Sum: 5.7]
      [Code Root Scanning (ms): Min: 0.0, Avg: 0.0, Max: 0.0, Diff: 0.0, Sum: 0.0]
      [Object Copy (ms): Min: 1.5, Avg: 1.5, Max: 1.6, Diff: 0.1, Sum: 6.1]
      [Termination (ms): Min: 0.0, Avg: 0.0, Max: 0.0, Diff: 0.0, Sum: 0.0]
         [Termination Attempts: Min: 1, Avg: 1.0, Max: 1, Diff: 0, Sum: 4]
      [GC Worker Other (ms): Min: 0.0, Avg: 0.0, Max: 0.0, Diff: 0.0, Sum: 0.1]
      [GC Worker Total (ms): Min: 5.9, Avg: 6.0, Max: 6.0, Diff: 0.0, Sum: 23.9]
      [GC Worker End (ms): Min: 2153417.8, Avg: 2153417.8, Max: 2153417.8, Diff: 0.0]
   [Code Root Fixup: 0.1 ms]
   [Code Root Purge: 0.0 ms]
   [Clear CT: 3.1 ms]
   [Other: 11.3 ms]
      [Choose CSet: 0.0 ms]
      [Ref Proc: 10.8 ms]
      [Ref Enq: 0.0 ms]
      [Redirty Cards: 0.2 ms]
      [Humongous Register: 0.0 ms]
      [Humongous Reclaim: 0.0 ms]
      [Free CSet: 0.1 ms]
   [Eden: 79.0M(79.0M)->0.0B(77.0M) Survivors: 1024.0K->2048.0K Heap: 227.4M(256.0M)->149.1M(256.0M)]
 [Times: user=0.02 sys=0.01, real=0.02 secs] 
2020-04-13T16:19:30.492+0800: 2153.433: [GC concurrent-root-region-scan-start]
2020-04-13T16:19:30.497+0800: 2153.439: [GC concurrent-root-region-scan-end, 0.0054255 secs]
2020-04-13T16:19:30.497+0800: 2153.439: [GC concurrent-mark-start]
2020-04-13T16:19:30.527+0800: 2153.468: [GC concurrent-mark-end, 0.0298364 secs]
2020-04-13T16:19:30.527+0800: 2153.469: [GC remark 2020-04-13T16:19:30.527+0800: 2153.469: [Finalize Marking, 0.0006121 secs] 2020-04-13T16:19:30.528+0800: 2153.469: [GC ref-proc, 0.0001306 secs] 2020-04-13T16:19:30.528+0800: 2153.469: [Unloading, 0.0049351 secs], 0.0078075 secs]
 [Times: user=0.02 sys=0.01, real=0.01 secs] 
2020-04-13T16:19:30.536+0800: 2153.477: [GC cleanup 150M->150M(256M), 0.0004107 secs]
 [Times: user=0.00 sys=0.00, real=0.00 secs] 
2020-04-13T16:19:32.398+0800: 2155.339: [GC pause (G1 Evacuation Pause) (young), 0.0060024 secs]
   [Parallel Time: 5.5 ms, GC Workers: 4]
      [GC Worker Start (ms): Min: 2155339.6, Avg: 2155339.9, Max: 2155340.8, Diff: 1.3]
      [Ext Root Scanning (ms): Min: 0.0, Avg: 0.7, Max: 1.3, Diff: 1.3, Sum: 2.6]
      [Update RS (ms): Min: 1.1, Avg: 1.6, Max: 2.1, Diff: 1.0, Sum: 6.2]
         [Processed Buffers: Min: 4, Avg: 7.8, Max: 12, Diff: 8, Sum: 31]
      [Scan RS (ms): Min: 1.0, Avg: 1.2, Max: 1.3, Diff: 0.3, Sum: 4.7]
      [Code Root Scanning (ms): Min: 0.0, Avg: 0.0, Max: 0.0, Diff: 0.0, Sum: 0.0]
      [Object Copy (ms): Min: 1.5, Avg: 1.6, Max: 1.6, Diff: 0.1, Sum: 6.3]
      [Termination (ms): Min: 0.0, Avg: 0.1, Max: 0.1, Diff: 0.1, Sum: 0.3]
         [Termination Attempts: Min: 1, Avg: 1.2, Max: 2, Diff: 1, Sum: 5]
      [GC Worker Other (ms): Min: 0.0, Avg: 0.0, Max: 0.0, Diff: 0.0, Sum: 0.0]
      [GC Worker Total (ms): Min: 4.1, Avg: 5.1, Max: 5.4, Diff: 1.3, Sum: 20.2]
      [GC Worker End (ms): Min: 2155344.9, Avg: 2155345.0, Max: 2155345.0, Diff: 0.1]
   [Code Root Fixup: 0.1 ms]
   [Code Root Purge: 0.0 ms]
   [Clear CT: 0.0 ms]
   [Other: 0.4 ms]
      [Choose CSet: 0.0 ms]
      [Ref Proc: 0.2 ms]
      [Ref Enq: 0.0 ms]
      [Redirty Cards: 0.0 ms]
      [Humongous Register: 0.0 ms]
      [Humongous Reclaim: 0.0 ms]
      [Free CSet: 0.0 ms]
   [Eden: 77.0M(77.0M)->0.0B(79.0M) Survivors: 2048.0K->1024.0K Heap: 226.1M(256.0M)->148.5M(256.0M)]
 [Times: user=0.02 sys=0.00, real=0.01 secs] 
2020-04-13T16:19:34.487+0800: 2157.428: [GC pause (G1 Evacuation Pause) (young), 0.0125024 secs]
   [Parallel Time: 10.2 ms, GC Workers: 4]
      [GC Worker Start (ms): Min: 2157428.3, Avg: 2157428.4, Max: 2157428.4, Diff: 0.0]
      [Ext Root Scanning (ms): Min: 0.4, Avg: 0.9, Max: 2.5, Diff: 2.1, Sum: 3.6]
      [Update RS (ms): Min: 0.1, Avg: 1.7, Max: 2.4, Diff: 2.3, Sum: 6.9]
         [Processed Buffers: Min: 4, Avg: 7.8, Max: 12, Diff: 8, Sum: 31]
      [Scan RS (ms): Min: 0.9, Avg: 1.1, Max: 1.2, Diff: 0.3, Sum: 4.4]
      [Code Root Scanning (ms): Min: 0.0, Avg: 0.0, Max: 0.0, Diff: 0.0, Sum: 0.0]
      [Object Copy (ms): Min: 1.7, Avg: 2.1, Max: 2.7, Diff: 1.0, Sum: 8.5]
      [Termination (ms): Min: 0.0, Avg: 2.5, Max: 4.7, Diff: 4.7, Sum: 10.1]
         [Termination Attempts: Min: 1, Avg: 1.0, Max: 1, Diff: 0, Sum: 4]
      [GC Worker Other (ms): Min: 0.0, Avg: 0.0, Max: 0.0, Diff: 0.0, Sum: 0.1]
      [GC Worker Total (ms): Min: 6.4, Avg: 8.4, Max: 10.2, Diff: 3.8, Sum: 33.5]
      [GC Worker End (ms): Min: 2157434.7, Avg: 2157436.7, Max: 2157438.5, Diff: 3.8]
   [Code Root Fixup: 0.0 ms]
   [Code Root Purge: 0.0 ms]
   [Clear CT: 0.1 ms]
   [Other: 2.1 ms]
      [Choose CSet: 0.0 ms]
      [Ref Proc: 1.3 ms]
      [Ref Enq: 0.0 ms]
      [Redirty Cards: 0.6 ms]
      [Humongous Register: 0.0 ms]
      [Humongous Reclaim: 0.0 ms]
      [Free CSet: 0.0 ms]
   [Eden: 79.0M(79.0M)->0.0B(77.0M) Survivors: 1024.0K->2048.0K Heap: 227.5M(256.0M)->148.9M(256.0M)]
 [Times: user=0.02 sys=0.00, real=0.02 secs] 
2020-04-13T16:19:36.303+0800: 2159.245: [GC pause (G1 Evacuation Pause) (young) (initial-mark), 0.0110900 secs]
   [Parallel Time: 9.5 ms, GC Workers: 4]
      [GC Worker Start (ms): Min: 2159244.6, Avg: 2159244.6, Max: 2159244.6, Diff: 0.0]
      [Ext Root Scanning (ms): Min: 0.7, Avg: 0.7, Max: 0.7, Diff: 0.1, Sum: 2.7]
      [Update RS (ms): Min: 1.7, Avg: 2.6, Max: 4.9, Diff: 3.2, Sum: 10.3]
         [Processed Buffers: Min: 3, Avg: 7.8, Max: 14, Diff: 11, Sum: 31]
      [Scan RS (ms): Min: 0.0, Avg: 1.9, Max: 2.6, Diff: 2.6, Sum: 7.7]
      [Code Root Scanning (ms): Min: 0.0, Avg: 0.0, Max: 0.0, Diff: 0.0, Sum: 0.0]
      [Object Copy (ms): Min: 3.6, Avg: 3.9, Max: 4.2, Diff: 0.6, Sum: 15.6]
      [Termination (ms): Min: 0.0, Avg: 0.0, Max: 0.1, Diff: 0.1, Sum: 0.2]
         [Termination Attempts: Min: 1, Avg: 1.2, Max: 2, Diff: 1, Sum: 5]
      [GC Worker Other (ms): Min: 0.0, Avg: 0.0, Max: 0.0, Diff: 0.0, Sum: 0.1]
      [GC Worker Total (ms): Min: 9.1, Avg: 9.2, Max: 9.2, Diff: 0.1, Sum: 36.6]
      [GC Worker End (ms): Min: 2159253.7, Avg: 2159253.8, Max: 2159253.8, Diff: 0.0]
   [Code Root Fixup: 0.1 ms]
   [Code Root Purge: 0.0 ms]
   [Clear CT: 0.1 ms]
   [Other: 1.4 ms]
      [Choose CSet: 0.0 ms]
      [Ref Proc: 1.1 ms]
      [Ref Enq: 0.0 ms]
      [Redirty Cards: 0.1 ms]
      [Humongous Register: 0.0 ms]
      [Humongous Reclaim: 0.0 ms]
      [Free CSet: 0.0 ms]
   [Eden: 77.0M(77.0M)->0.0B(77.0M) Survivors: 2048.0K->2048.0K Heap: 225.9M(256.0M)->149.2M(256.0M)]
 [Times: user=0.02 sys=0.00, real=0.01 secs] 
2020-04-13T16:19:36.315+0800: 2159.256: [GC concurrent-root-region-scan-start]
2020-04-13T16:19:36.318+0800: 2159.260: [GC concurrent-root-region-scan-end, 0.0038664 secs]
2020-04-13T16:19:36.318+0800: 2159.260: [GC concurrent-mark-start]
2020-04-13T16:19:36.349+0800: 2159.290: [GC concurrent-mark-end, 0.0301687 secs]
2020-04-13T16:19:36.350+0800: 2159.291: [GC remark 2020-04-13T16:19:36.350+0800: 2159.291: [Finalize Marking, 0.0009732 secs] 2020-04-13T16:19:36.351+0800: 2159.292: [GC ref-proc, 0.0002438 secs] 2020-04-13T16:19:36.351+0800: 2159.293: [Unloading, 0.0054252 secs], 0.0085543 secs]
 [Times: user=0.02 sys=0.00, real=0.00 secs] 
2020-04-13T16:19:36.359+0800: 2159.301: [GC cleanup 150M->150M(256M), 0.0003678 secs]
 [Times: user=0.00 sys=0.00, real=0.01 secs] 
2020-04-13T16:19:38.422+0800: 2161.363: [GC pause (G1 Evacuation Pause) (young), 0.0048300 secs]
   [Parallel Time: 4.4 ms, GC Workers: 4]
      [GC Worker Start (ms): Min: 2161362.8, Avg: 2161362.8, Max: 2161362.8, Diff: 0.0]
      [Ext Root Scanning (ms): Min: 0.4, Avg: 0.4, Max: 0.6, Diff: 0.2, Sum: 1.7]
      [Update RS (ms): Min: 1.5, Avg: 1.6, Max: 1.7, Diff: 0.2, Sum: 6.2]
         [Processed Buffers: Min: 5, Avg: 8.2, Max: 11, Diff: 6, Sum: 33]
      [Scan RS (ms): Min: 0.8, Avg: 0.9, Max: 1.0, Diff: 0.3, Sum: 3.7]
      [Code Root Scanning (ms): Min: 0.0, Avg: 0.0, Max: 0.0, Diff: 0.0, Sum: 0.0]
      [Object Copy (ms): Min: 1.3, Avg: 1.4, Max: 1.4, Diff: 0.1, Sum: 5.4]
      [Termination (ms): Min: 0.0, Avg: 0.0, Max: 0.0, Diff: 0.0, Sum: 0.0]
         [Termination Attempts: Min: 1, Avg: 1.0, Max: 1, Diff: 0, Sum: 4]
      [GC Worker Other (ms): Min: 0.0, Avg: 0.0, Max: 0.0, Diff: 0.0, Sum: 0.1]
      [GC Worker Total (ms): Min: 4.3, Avg: 4.3, Max: 4.3, Diff: 0.0, Sum: 17.2]
      [GC Worker End (ms): Min: 2161367.1, Avg: 2161367.1, Max: 2161367.1, Diff: 0.0]
   [Code Root Fixup: 0.0 ms]
   [Code Root Purge: 0.0 ms]
   [Clear CT: 0.1 ms]
   [Other: 0.3 ms]
      [Choose CSet: 0.0 ms]
      [Ref Proc: 0.1 ms]
      [Ref Enq: 0.0 ms]
      [Redirty Cards: 0.1 ms]
      [Humongous Register: 0.0 ms]
      [Humongous Reclaim: 0.0 ms]
      [Free CSet: 0.0 ms]
   [Eden: 77.0M(77.0M)->0.0B(79.0M) Survivors: 2048.0K->1024.0K Heap: 226.2M(256.0M)->148.7M(256.0M)]
 [Times: user=0.01 sys=0.00, real=0.00 secs] 
2020-04-13T16:19:40.581+0800: 2163.523: [GC pause (G1 Evacuation Pause) (young), 0.0095254 secs]
   [Parallel Time: 5.2 ms, GC Workers: 4]
      [GC Worker Start (ms): Min: 2163522.7, Avg: 2163522.9, Max: 2163523.3, Diff: 0.6]
      [Ext Root Scanning (ms): Min: 0.0, Avg: 0.5, Max: 0.7, Diff: 0.7, Sum: 1.9]
      [Update RS (ms): Min: 1.5, Avg: 1.6, Max: 1.8, Diff: 0.3, Sum: 6.5]
         [Processed Buffers: Min: 5, Avg: 9.5, Max: 13, Diff: 8, Sum: 38]
      [Scan RS (ms): Min: 1.0, Avg: 1.3, Max: 2.1, Diff: 1.1, Sum: 5.4]
      [Code Root Scanning (ms): Min: 0.0, Avg: 0.0, Max: 0.0, Diff: 0.0, Sum: 0.0]
      [Object Copy (ms): Min: 0.6, Avg: 1.5, Max: 1.9, Diff: 1.3, Sum: 6.1]
      [Termination (ms): Min: 0.0, Avg: 0.0, Max: 0.0, Diff: 0.0, Sum: 0.0]
         [Termination Attempts: Min: 1, Avg: 1.2, Max: 2, Diff: 1, Sum: 5]
      [GC Worker Other (ms): Min: 0.0, Avg: 0.0, Max: 0.0, Diff: 0.0, Sum: 0.0]
      [GC Worker Total (ms): Min: 4.5, Avg: 5.0, Max: 5.1, Diff: 0.6, Sum: 19.9]
      [GC Worker End (ms): Min: 2163527.9, Avg: 2163527.9, Max: 2163527.9, Diff: 0.0]
   [Code Root Fixup: 0.1 ms]
   [Code Root Purge: 0.0 ms]
   [Clear CT: 0.1 ms]
   [Other: 4.2 ms]
      [Choose CSet: 0.0 ms]
      [Ref Proc: 3.9 ms]
      [Ref Enq: 0.0 ms]
      [Redirty Cards: 0.1 ms]
      [Humongous Register: 0.0 ms]
      [Humongous Reclaim: 0.0 ms]
      [Free CSet: 0.0 ms]
   [Eden: 79.0M(79.0M)->0.0B(77.0M) Survivors: 1024.0K->2048.0K Heap: 227.7M(256.0M)->149.3M(256.0M)]
 [Times: user=0.02 sys=0.00, real=0.01 secs] 
2020-04-13T16:19:43.903+0800: 2166.844: [GC pause (G1 Evacuation Pause) (young) (initial-mark), 0.0311858 secs]
   [Parallel Time: 19.1 ms, GC Workers: 4]
      [GC Worker Start (ms): Min: 2166844.2, Avg: 2166844.4, Max: 2166844.9, Diff: 0.8]
      [Ext Root Scanning (ms): Min: 0.0, Avg: 2.4, Max: 8.2, Diff: 8.2, Sum: 9.8]
      [Update RS (ms): Min: 0.0, Avg: 1.7, Max: 2.5, Diff: 2.5, Sum: 6.9]
         [Processed Buffers: Min: 0, Avg: 8.8, Max: 15, Diff: 15, Sum: 35]
      [Scan RS (ms): Min: 0.0, Avg: 1.1, Max: 1.7, Diff: 1.7, Sum: 4.3]
      [Code Root Scanning (ms): Min: 0.0, Avg: 0.0, Max: 0.0, Diff: 0.0, Sum: 0.0]
      [Object Copy (ms): Min: 0.0, Avg: 2.5, Max: 3.9, Diff: 3.8, Sum: 9.9]
      [Termination (ms): Min: 0.0, Avg: 5.4, Max: 10.7, Diff: 10.7, Sum: 21.5]
         [Termination Attempts: Min: 1, Avg: 1.2, Max: 2, Diff: 1, Sum: 5]
      [GC Worker Other (ms): Min: 0.0, Avg: 0.0, Max: 0.0, Diff: 0.0, Sum: 0.1]
      [GC Worker Total (ms): Min: 8.3, Avg: 13.1, Max: 18.3, Diff: 10.0, Sum: 52.4]
      [GC Worker End (ms): Min: 2166852.4, Avg: 2166857.4, Max: 2166862.5, Diff: 10.0]
   [Code Root Fixup: 0.1 ms]
   [Code Root Purge: 0.0 ms]
   [Clear CT: 0.1 ms]
   [Other: 11.9 ms]
      [Choose CSet: 0.0 ms]
      [Ref Proc: 11.3 ms]
      [Ref Enq: 0.0 ms]
      [Redirty Cards: 0.4 ms]
      [Humongous Register: 0.0 ms]
      [Humongous Reclaim: 0.0 ms]
      [Free CSet: 0.0 ms]
   [Eden: 77.0M(77.0M)->0.0B(78.0M) Survivors: 2048.0K->1024.0K Heap: 226.3M(256.0M)->148.9M(256.0M)]
 [Times: user=0.02 sys=0.00, real=0.03 secs] 
2020-04-13T16:19:43.934+0800: 2166.876: [GC concurrent-root-region-scan-start]
2020-04-13T16:19:43.939+0800: 2166.880: [GC concurrent-root-region-scan-end, 0.0042958 secs]
2020-04-13T16:19:43.939+0800: 2166.880: [GC concurrent-mark-start]
2020-04-13T16:19:43.975+0800: 2166.916: [GC concurrent-mark-end, 0.0359204 secs]
2020-04-13T16:19:43.975+0800: 2166.916: [GC remark 2020-04-13T16:19:43.975+0800: 2166.916: [Finalize Marking, 0.0001368 secs] 2020-04-13T16:19:43.975+0800: 2166.916: [GC ref-proc, 0.0001250 secs] 2020-04-13T16:19:43.975+0800: 2166.916: [Unloading, 0.0056620 secs], 0.0079060 secs]
 [Times: user=0.02 sys=0.00, real=0.01 secs] 
2020-04-13T16:19:43.983+0800: 2166.924: [GC cleanup 150M->150M(256M), 0.0012994 secs]
 [Times: user=0.00 sys=0.00, real=0.00 secs] 
2020-04-13T16:19:46.382+0800: 2169.323: [GC pause (G1 Evacuation Pause) (young), 0.0197829 secs]
   [Parallel Time: 8.0 ms, GC Workers: 4]
      [GC Worker Start (ms): Min: 2169322.9, Avg: 2169322.9, Max: 2169322.9, Diff: 0.0]
      [Ext Root Scanning (ms): Min: 0.4, Avg: 0.5, Max: 0.8, Diff: 0.4, Sum: 2.1]
      [Update RS (ms): Min: 0.5, Avg: 2.8, Max: 4.2, Diff: 3.6, Sum: 11.4]
         [Processed Buffers: Min: 2, Avg: 9.0, Max: 16, Diff: 14, Sum: 36]
      [Scan RS (ms): Min: 0.6, Avg: 1.7, Max: 3.7, Diff: 3.2, Sum: 6.6]
      [Code Root Scanning (ms): Min: 0.0, Avg: 0.0, Max: 0.0, Diff: 0.0, Sum: 0.0]
      [Object Copy (ms): Min: 2.3, Avg: 2.5, Max: 3.1, Diff: 0.8, Sum: 10.1]
      [Termination (ms): Min: 0.0, Avg: 0.3, Max: 0.5, Diff: 0.5, Sum: 1.4]
         [Termination Attempts: Min: 1, Avg: 1.0, Max: 1, Diff: 0, Sum: 4]
      [GC Worker Other (ms): Min: 0.0, Avg: 0.0, Max: 0.0, Diff: 0.0, Sum: 0.0]
      [GC Worker Total (ms): Min: 7.8, Avg: 7.9, Max: 7.9, Diff: 0.1, Sum: 31.6]
      [GC Worker End (ms): Min: 2169330.7, Avg: 2169330.8, Max: 2169330.8, Diff: 0.1]
   [Code Root Fixup: 0.1 ms]
   [Code Root Purge: 0.0 ms]
   [Clear CT: 0.2 ms]
   [Other: 11.5 ms]
      [Choose CSet: 0.0 ms]
      [Ref Proc: 11.1 ms]
      [Ref Enq: 0.0 ms]
      [Redirty Cards: 0.2 ms]
      [Humongous Register: 0.0 ms]
      [Humongous Reclaim: 0.0 ms]
      [Free CSet: 0.0 ms]
   [Eden: 78.0M(78.0M)->0.0B(10.0M) Survivors: 1024.0K->2048.0K Heap: 226.9M(256.0M)->149.4M(256.0M)]
 [Times: user=0.02 sys=0.00, real=0.02 secs] 
2020-04-13T16:19:46.755+0800: 2169.696: [GC pause (G1 Evacuation Pause) (mixed), 0.0178545 secs]
   [Parallel Time: 6.5 ms, GC Workers: 4]
      [GC Worker Start (ms): Min: 2169696.5, Avg: 2169696.5, Max: 2169696.5, Diff: 0.1]
      [Ext Root Scanning (ms): Min: 0.4, Avg: 1.0, Max: 2.5, Diff: 2.0, Sum: 3.9]
      [Update RS (ms): Min: 0.0, Avg: 1.4, Max: 1.9, Diff: 1.9, Sum: 5.7]
         [Processed Buffers: Min: 0, Avg: 7.0, Max: 20, Diff: 20, Sum: 28]
      [Scan RS (ms): Min: 2.3, Avg: 2.3, Max: 2.3, Diff: 0.0, Sum: 9.2]
      [Code Root Scanning (ms): Min: 0.0, Avg: 0.0, Max: 0.0, Diff: 0.0, Sum: 0.0]
      [Object Copy (ms): Min: 1.6, Avg: 1.6, Max: 1.6, Diff: 0.0, Sum: 6.4]
      [Termination (ms): Min: 0.0, Avg: 0.0, Max: 0.0, Diff: 0.0, Sum: 0.0]
         [Termination Attempts: Min: 1, Avg: 1.0, Max: 1, Diff: 0, Sum: 4]
      [GC Worker Other (ms): Min: 0.0, Avg: 0.0, Max: 0.0, Diff: 0.0, Sum: 0.0]
      [GC Worker Total (ms): Min: 6.3, Avg: 6.3, Max: 6.3, Diff: 0.1, Sum: 25.3]
      [GC Worker End (ms): Min: 2169702.8, Avg: 2169702.8, Max: 2169702.8, Diff: 0.0]
   [Code Root Fixup: 0.0 ms]
   [Code Root Purge: 0.0 ms]
   [Clear CT: 0.1 ms]
   [Other: 11.2 ms]
      [Choose CSet: 0.0 ms]
      [Ref Proc: 10.9 ms]
      [Ref Enq: 0.0 ms]
      [Redirty Cards: 0.1 ms]
      [Humongous Register: 0.0 ms]
      [Humongous Reclaim: 0.0 ms]
      [Free CSet: 0.0 ms]
   [Eden: 10.0M(10.0M)->0.0B(79.0M) Survivors: 2048.0K->1024.0K Heap: 159.4M(256.0M)->148.1M(256.0M)]
 [Times: user=0.02 sys=0.00, real=0.02 secs] 
2020-04-13T16:19:50.546+0800: 2173.487: [GC pause (G1 Evacuation Pause) (young), 0.0081990 secs]
   [Parallel Time: 6.9 ms, GC Workers: 4]
      [GC Worker Start (ms): Min: 2173488.0, Avg: 2173488.0, Max: 2173488.1, Diff: 0.2]
      [Ext Root Scanning (ms): Min: 1.3, Avg: 1.4, Max: 1.4, Diff: 0.2, Sum: 5.5]
      [Update RS (ms): Min: 0.6, Avg: 2.3, Max: 3.5, Diff: 2.9, Sum: 9.2]
         [Processed Buffers: Min: 5, Avg: 10.0, Max: 15, Diff: 10, Sum: 40]
      [Scan RS (ms): Min: 0.0, Avg: 0.7, Max: 1.1, Diff: 1.1, Sum: 2.7]
      [Code Root Scanning (ms): Min: 0.0, Avg: 0.0, Max: 0.0, Diff: 0.0, Sum: 0.0]
      [Object Copy (ms): Min: 1.6, Avg: 2.2, Max: 3.5, Diff: 1.9, Sum: 8.8]
      [Termination (ms): Min: 0.0, Avg: 0.0, Max: 0.0, Diff: 0.0, Sum: 0.0]
         [Termination Attempts: Min: 1, Avg: 1.0, Max: 1, Diff: 0, Sum: 4]
      [GC Worker Other (ms): Min: 0.0, Avg: 0.0, Max: 0.0, Diff: 0.0, Sum: 0.1]
      [GC Worker Total (ms): Min: 6.5, Avg: 6.6, Max: 6.6, Diff: 0.2, Sum: 26.2]
      [GC Worker End (ms): Min: 2173494.6, Avg: 2173494.6, Max: 2173494.6, Diff: 0.0]
   [Code Root Fixup: 0.1 ms]
   [Code Root Purge: 0.0 ms]
   [Clear CT: 0.0 ms]
   [Other: 1.2 ms]
      [Choose CSet: 0.0 ms]
      [Ref Proc: 0.1 ms]
      [Ref Enq: 0.0 ms]
      [Redirty Cards: 0.6 ms]
      [Humongous Register: 0.0 ms]
      [Humongous Reclaim: 0.0 ms]
      [Free CSet: 0.0 ms]
   [Eden: 79.0M(79.0M)->0.0B(77.0M) Survivors: 1024.0K->2048.0K Heap: 227.1M(256.0M)->148.5M(256.0M)]
 [Times: user=0.02 sys=0.00, real=0.01 secs] 
2020-04-13T16:19:52.907+0800: 2175.848: [GC pause (G1 Evacuation Pause) (young) (initial-mark), 0.0060737 secs]
   [Parallel Time: 5.3 ms, GC Workers: 4]
      [GC Worker Start (ms): Min: 2175848.2, Avg: 2175848.2, Max: 2175848.2, Diff: 0.0]
      [Ext Root Scanning (ms): Min: 0.8, Avg: 0.8, Max: 0.9, Diff: 0.1, Sum: 3.3]
      [Update RS (ms): Min: 1.3, Avg: 1.8, Max: 2.2, Diff: 0.9, Sum: 7.1]
         [Processed Buffers: Min: 4, Avg: 7.5, Max: 11, Diff: 7, Sum: 30]
      [Scan RS (ms): Min: 0.9, Avg: 1.1, Max: 1.3, Diff: 0.4, Sum: 4.3]
      [Code Root Scanning (ms): Min: 0.0, Avg: 0.0, Max: 0.0, Diff: 0.0, Sum: 0.0]
      [Object Copy (ms): Min: 1.3, Avg: 1.6, Max: 2.1, Diff: 0.8, Sum: 6.3]
      [Termination (ms): Min: 0.0, Avg: 0.0, Max: 0.0, Diff: 0.0, Sum: 0.0]
         [Termination Attempts: Min: 1, Avg: 1.0, Max: 1, Diff: 0, Sum: 4]
      [GC Worker Other (ms): Min: 0.0, Avg: 0.0, Max: 0.0, Diff: 0.0, Sum: 0.1]
      [GC Worker Total (ms): Min: 5.2, Avg: 5.2, Max: 5.3, Diff: 0.0, Sum: 21.0]
      [GC Worker End (ms): Min: 2175853.4, Avg: 2175853.4, Max: 2175853.4, Diff: 0.0]
   [Code Root Fixup: 0.0 ms]
   [Code Root Purge: 0.0 ms]
   [Clear CT: 0.1 ms]
   [Other: 0.6 ms]
      [Choose CSet: 0.0 ms]
      [Ref Proc: 0.3 ms]
      [Ref Enq: 0.0 ms]
      [Redirty Cards: 0.1 ms]
      [Humongous Register: 0.0 ms]
      [Humongous Reclaim: 0.0 ms]
      [Free CSet: 0.0 ms]
   [Eden: 77.0M(77.0M)->0.0B(79.0M) Survivors: 2048.0K->1024.0K Heap: 225.5M(256.0M)->148.2M(256.0M)]
 [Times: user=0.02 sys=0.00, real=0.01 secs] 
2020-04-13T16:19:52.919+0800: 2175.860: [GC concurrent-root-region-scan-start]
2020-04-13T16:19:52.923+0800: 2175.864: [GC concurrent-root-region-scan-end, 0.0042240 secs]
2020-04-13T16:19:52.923+0800: 2175.864: [GC concurrent-mark-start]
2020-04-13T16:19:52.949+0800: 2175.890: [GC concurrent-mark-end, 0.0261638 secs]
2020-04-13T16:19:52.949+0800: 2175.890: [GC remark 2020-04-13T16:19:52.949+0800: 2175.890: [Finalize Marking, 0.0001537 secs] 2020-04-13T16:19:52.950+0800: 2175.891: [GC ref-proc, 0.0001134 secs] 2020-04-13T16:19:52.950+0800: 2175.891: [Unloading, 0.0045259 secs], 0.0063058 secs]
 [Times: user=0.02 sys=0.00, real=0.01 secs] 
2020-04-13T16:19:52.956+0800: 2175.897: [GC cleanup 149M->149M(256M), 0.0004441 secs]
 [Times: user=0.00 sys=0.00, real=0.00 secs] 
2020-04-13T16:19:55.170+0800: 2178.111: [GC pause (G1 Evacuation Pause) (young), 0.0072858 secs]
   [Parallel Time: 5.9 ms, GC Workers: 4]
      [GC Worker Start (ms): Min: 2178111.5, Avg: 2178111.6, Max: 2178111.7, Diff: 0.2]
      [Ext Root Scanning (ms): Min: 0.2, Avg: 0.4, Max: 0.4, Diff: 0.2, Sum: 1.4]
      [Update RS (ms): Min: 2.3, Avg: 2.5, Max: 2.8, Diff: 0.5, Sum: 9.8]
         [Processed Buffers: Min: 1, Avg: 8.5, Max: 23, Diff: 22, Sum: 34]
      [Scan RS (ms): Min: 0.7, Avg: 1.1, Max: 1.3, Diff: 0.6, Sum: 4.3]
      [Code Root Scanning (ms): Min: 0.0, Avg: 0.0, Max: 0.0, Diff: 0.0, Sum: 0.0]
      [Object Copy (ms): Min: 1.7, Avg: 1.8, Max: 1.8, Diff: 0.2, Sum: 7.0]
      [Termination (ms): Min: 0.0, Avg: 0.0, Max: 0.0, Diff: 0.0, Sum: 0.0]
         [Termination Attempts: Min: 1, Avg: 1.0, Max: 1, Diff: 0, Sum: 4]
      [GC Worker Other (ms): Min: 0.0, Avg: 0.0, Max: 0.0, Diff: 0.0, Sum: 0.1]
      [GC Worker Total (ms): Min: 5.5, Avg: 5.7, Max: 5.7, Diff: 0.2, Sum: 22.7]
      [GC Worker End (ms): Min: 2178117.2, Avg: 2178117.2, Max: 2178117.2, Diff: 0.0]
   [Code Root Fixup: 0.0 ms]
   [Code Root Purge: 0.0 ms]
   [Clear CT: 0.1 ms]
   [Other: 1.3 ms]
      [Choose CSet: 0.0 ms]
      [Ref Proc: 0.9 ms]
      [Ref Enq: 0.0 ms]
      [Redirty Cards: 0.1 ms]
      [Humongous Register: 0.0 ms]
      [Humongous Reclaim: 0.0 ms]
      [Free CSet: 0.1 ms]
   [Eden: 79.0M(79.0M)->0.0B(77.0M) Survivors: 1024.0K->2048.0K Heap: 227.2M(256.0M)->148.9M(256.0M)]
 [Times: user=0.02 sys=0.01, real=0.00 secs] 
2020-04-13T16:19:57.040+0800: 2179.981: [GC pause (G1 Evacuation Pause) (young), 0.0057640 secs]
   [Parallel Time: 5.2 ms, GC Workers: 4]
      [GC Worker Start (ms): Min: 2179981.4, Avg: 2179981.4, Max: 2179981.4, Diff: 0.1]
      [Ext Root Scanning (ms): Min: 0.3, Avg: 1.1, Max: 3.1, Diff: 2.8, Sum: 4.4]
      [Update RS (ms): Min: 0.0, Avg: 1.2, Max: 1.9, Diff: 1.9, Sum: 5.0]
         [Processed Buffers: Min: 0, Avg: 8.2, Max: 17, Diff: 17, Sum: 33]
      [Scan RS (ms): Min: 0.4, Avg: 1.1, Max: 1.5, Diff: 1.1, Sum: 4.6]
      [Code Root Scanning (ms): Min: 0.0, Avg: 0.0, Max: 0.0, Diff: 0.0, Sum: 0.0]
      [Object Copy (ms): Min: 1.5, Avg: 1.6, Max: 1.9, Diff: 0.4, Sum: 6.6]
      [Termination (ms): Min: 0.0, Avg: 0.0, Max: 0.0, Diff: 0.0, Sum: 0.0]
         [Termination Attempts: Min: 1, Avg: 1.2, Max: 2, Diff: 1, Sum: 5]
      [GC Worker Other (ms): Min: 0.0, Avg: 0.0, Max: 0.0, Diff: 0.0, Sum: 0.1]
      [GC Worker Total (ms): Min: 5.1, Avg: 5.2, Max: 5.2, Diff: 0.1, Sum: 20.6]
      [GC Worker End (ms): Min: 2179986.5, Avg: 2179986.5, Max: 2179986.6, Diff: 0.0]
   [Code Root Fixup: 0.1 ms]
   [Code Root Purge: 0.0 ms]
   [Clear CT: 0.1 ms]
   [Other: 0.4 ms]
      [Choose CSet: 0.0 ms]
      [Ref Proc: 0.1 ms]
      [Ref Enq: 0.0 ms]
      [Redirty Cards: 0.1 ms]
      [Humongous Register: 0.0 ms]
      [Humongous Reclaim: 0.0 ms]
      [Free CSet: 0.0 ms]
   [Eden: 77.0M(77.0M)->0.0B(79.0M) Survivors: 2048.0K->1024.0K Heap: 225.9M(256.0M)->148.3M(256.0M)]
 [Times: user=0.02 sys=0.00, real=0.00 secs] 
2020-04-13T16:19:59.108+0800: 2182.049: [GC pause (G1 Evacuation Pause) (young) (initial-mark), 0.0093494 secs]
   [Parallel Time: 8.3 ms, GC Workers: 4]
      [GC Worker Start (ms): Min: 2182050.0, Avg: 2182051.1, Max: 2182051.9, Diff: 1.8]
      [Ext Root Scanning (ms): Min: 0.2, Avg: 1.3, Max: 2.7, Diff: 2.5, Sum: 5.4]
      [Update RS (ms): Min: 0.8, Avg: 2.2, Max: 3.7, Diff: 2.9, Sum: 9.0]
         [Processed Buffers: Min: 2, Avg: 8.0, Max: 20, Diff: 18, Sum: 32]
      [Scan RS (ms): Min: 0.1, Avg: 1.3, Max: 1.7, Diff: 1.6, Sum: 5.1]
      [Code Root Scanning (ms): Min: 0.0, Avg: 0.0, Max: 0.0, Diff: 0.0, Sum: 0.0]
      [Object Copy (ms): Min: 1.4, Avg: 1.6, Max: 1.7, Diff: 0.3, Sum: 6.4]
      [Termination (ms): Min: 0.0, Avg: 0.1, Max: 0.1, Diff: 0.1, Sum: 0.3]
         [Termination Attempts: Min: 1, Avg: 1.0, Max: 1, Diff: 0, Sum: 4]
      [GC Worker Other (ms): Min: 0.0, Avg: 0.0, Max: 0.0, Diff: 0.0, Sum: 0.1]
      [GC Worker Total (ms): Min: 5.8, Avg: 6.5, Max: 7.6, Diff: 1.8, Sum: 26.2]
      [GC Worker End (ms): Min: 2182057.6, Avg: 2182057.6, Max: 2182057.7, Diff: 0.1]
   [Code Root Fixup: 0.1 ms]
   [Code Root Purge: 0.0 ms]
   [Clear CT: 0.1 ms]
   [Other: 1.0 ms]
      [Choose CSet: 0.0 ms]
      [Ref Proc: 0.6 ms]
      [Ref Enq: 0.0 ms]
      [Redirty Cards: 0.1 ms]
      [Humongous Register: 0.0 ms]
      [Humongous Reclaim: 0.0 ms]
      [Free CSet: 0.0 ms]
   [Eden: 79.0M(79.0M)->0.0B(77.0M) Survivors: 1024.0K->2048.0K Heap: 227.3M(256.0M)->148.8M(256.0M)]
 [Times: user=0.02 sys=0.00, real=0.01 secs] 
2020-04-13T16:19:59.118+0800: 2182.059: [GC concurrent-root-region-scan-start]
2020-04-13T16:19:59.123+0800: 2182.064: [GC concurrent-root-region-scan-end, 0.0049334 secs]
2020-04-13T16:19:59.123+0800: 2182.064: [GC concurrent-mark-start]
2020-04-13T16:19:59.154+0800: 2182.095: [GC concurrent-mark-end, 0.0308718 secs]
2020-04-13T16:19:59.154+0800: 2182.095: [GC remark 2020-04-13T16:19:59.154+0800: 2182.095: [Finalize Marking, 0.0047372 secs] 2020-04-13T16:19:59.159+0800: 2182.100: [GC ref-proc, 0.0001245 secs] 2020-04-13T16:19:59.159+0800: 2182.100: [Unloading, 0.0049259 secs], 0.0120164 secs]
 [Times: user=0.02 sys=0.00, real=0.01 secs] 
2020-04-13T16:19:59.166+0800: 2182.107: [GC cleanup 150M->150M(256M), 0.0007686 secs]
 [Times: user=0.00 sys=0.00, real=0.00 secs] 
2020-04-13T16:20:00.965+0800: 2183.906: [GC pause (G1 Evacuation Pause) (young), 0.0062417 secs]
   [Parallel Time: 5.6 ms, GC Workers: 4]
      [GC Worker Start (ms): Min: 2183905.7, Avg: 2183905.7, Max: 2183905.7, Diff: 0.0]
      [Ext Root Scanning (ms): Min: 0.7, Avg: 0.7, Max: 0.7, Diff: 0.0, Sum: 2.9]
      [Update RS (ms): Min: 1.0, Avg: 1.2, Max: 1.3, Diff: 0.3, Sum: 4.9]
         [Processed Buffers: Min: 3, Avg: 8.5, Max: 16, Diff: 13, Sum: 34]
      [Scan RS (ms): Min: 1.6, Avg: 1.7, Max: 1.8, Diff: 0.2, Sum: 6.8]
      [Code Root Scanning (ms): Min: 0.0, Avg: 0.0, Max: 0.0, Diff: 0.0, Sum: 0.0]
      [Object Copy (ms): Min: 1.6, Avg: 1.9, Max: 2.1, Diff: 0.5, Sum: 7.4]
      [Termination (ms): Min: 0.0, Avg: 0.0, Max: 0.0, Diff: 0.0, Sum: 0.0]
         [Termination Attempts: Min: 1, Avg: 1.2, Max: 2, Diff: 1, Sum: 5]
      [GC Worker Other (ms): Min: 0.0, Avg: 0.0, Max: 0.0, Diff: 0.0, Sum: 0.1]
      [GC Worker Total (ms): Min: 5.5, Avg: 5.5, Max: 5.6, Diff: 0.0, Sum: 22.2]
      [GC Worker End (ms): Min: 2183911.2, Avg: 2183911.3, Max: 2183911.3, Diff: 0.0]
   [Code Root Fixup: 0.0 ms]
   [Code Root Purge: 0.0 ms]
   [Clear CT: 0.1 ms]
   [Other: 0.5 ms]
      [Choose CSet: 0.0 ms]
      [Ref Proc: 0.2 ms]
      [Ref Enq: 0.0 ms]
      [Redirty Cards: 0.1 ms]
      [Humongous Register: 0.0 ms]
      [Humongous Reclaim: 0.0 ms]
      [Free CSet: 0.0 ms]
   [Eden: 77.0M(77.0M)->0.0B(77.0M) Survivors: 2048.0K->2048.0K Heap: 225.8M(256.0M)->148.8M(256.0M)]
 [Times: user=0.02 sys=0.00, real=0.01 secs] 
2020-04-13T16:20:02.841+0800: 2185.782: [GC pause (G1 Evacuation Pause) (young), 0.0112637 secs]
   [Parallel Time: 10.0 ms, GC Workers: 4]
      [GC Worker Start (ms): Min: 2185781.9, Avg: 2185782.0, Max: 2185782.1, Diff: 0.2]
      [Ext Root Scanning (ms): Min: 0.4, Avg: 0.7, Max: 1.3, Diff: 1.0, Sum: 2.7]
      [Update RS (ms): Min: 2.2, Avg: 4.4, Max: 7.9, Diff: 5.7, Sum: 17.6]
         [Processed Buffers: Min: 1, Avg: 7.8, Max: 12, Diff: 11, Sum: 31]
      [Scan RS (ms): Min: 0.0, Avg: 1.1, Max: 2.3, Diff: 2.3, Sum: 4.2]
      [Code Root Scanning (ms): Min: 0.0, Avg: 0.0, Max: 0.0, Diff: 0.0, Sum: 0.0]
      [Object Copy (ms): Min: 0.5, Avg: 3.0, Max: 4.8, Diff: 4.2, Sum: 12.0]
      [Termination (ms): Min: 0.0, Avg: 0.7, Max: 1.0, Diff: 1.0, Sum: 2.8]
         [Termination Attempts: Min: 1, Avg: 1.0, Max: 1, Diff: 0, Sum: 4]
      [GC Worker Other (ms): Min: 0.0, Avg: 0.0, Max: 0.0, Diff: 0.0, Sum: 0.0]
      [GC Worker Total (ms): Min: 9.8, Avg: 9.9, Max: 10.0, Diff: 0.2, Sum: 39.4]
      [GC Worker End (ms): Min: 2185791.7, Avg: 2185791.8, Max: 2185791.9, Diff: 0.2]
   [Code Root Fixup: 0.1 ms]
   [Code Root Purge: 0.0 ms]
   [Clear CT: 0.0 ms]
   [Other: 1.2 ms]
      [Choose CSet: 0.0 ms]
      [Ref Proc: 0.9 ms]
      [Ref Enq: 0.0 ms]
      [Redirty Cards: 0.1 ms]
      [Humongous Register: 0.0 ms]
      [Humongous Reclaim: 0.0 ms]
      [Free CSet: 0.0 ms]
   [Eden: 77.0M(77.0M)->0.0B(79.0M) Survivors: 2048.0K->1024.0K Heap: 225.8M(256.0M)->148.7M(256.0M)]
 [Times: user=0.03 sys=0.00, real=0.01 secs] 
2020-04-13T16:20:04.797+0800: 2187.738: [GC pause (G1 Evacuation Pause) (young) (initial-mark), 0.0063168 secs]
   [Parallel Time: 5.6 ms, GC Workers: 4]
      [GC Worker Start (ms): Min: 2187737.7, Avg: 2187737.8, Max: 2187737.8, Diff: 0.0]
      [Ext Root Scanning (ms): Min: 0.6, Avg: 0.7, Max: 0.7, Diff: 0.1, Sum: 2.7]
      [Update RS (ms): Min: 1.3, Avg: 1.8, Max: 2.6, Diff: 1.3, Sum: 7.1]
         [Processed Buffers: Min: 3, Avg: 8.8, Max: 24, Diff: 21, Sum: 35]
      [Scan RS (ms): Min: 0.8, Avg: 1.4, Max: 1.9, Diff: 1.1, Sum: 5.7]
      [Code Root Scanning (ms): Min: 0.0, Avg: 0.0, Max: 0.0, Diff: 0.0, Sum: 0.0]
      [Object Copy (ms): Min: 1.4, Avg: 1.5, Max: 1.6, Diff: 0.2, Sum: 6.2]
      [Termination (ms): Min: 0.0, Avg: 0.0, Max: 0.0, Diff: 0.0, Sum: 0.0]
         [Termination Attempts: Min: 1, Avg: 1.0, Max: 1, Diff: 0, Sum: 4]
      [GC Worker Other (ms): Min: 0.0, Avg: 0.0, Max: 0.0, Diff: 0.0, Sum: 0.0]
      [GC Worker Total (ms): Min: 5.4, Avg: 5.5, Max: 5.5, Diff: 0.0, Sum: 21.8]
      [GC Worker End (ms): Min: 2187743.2, Avg: 2187743.2, Max: 2187743.2, Diff: 0.0]
   [Code Root Fixup: 0.0 ms]
   [Code Root Purge: 0.0 ms]
   [Clear CT: 0.1 ms]
   [Other: 0.6 ms]
      [Choose CSet: 0.0 ms]
      [Ref Proc: 0.3 ms]
      [Ref Enq: 0.0 ms]
      [Redirty Cards: 0.1 ms]
      [Humongous Register: 0.0 ms]
      [Humongous Reclaim: 0.0 ms]
      [Free CSet: 0.0 ms]
   [Eden: 79.0M(79.0M)->0.0B(77.0M) Survivors: 1024.0K->2048.0K Heap: 227.7M(256.0M)->149.3M(256.0M)]
 [Times: user=0.02 sys=0.00, real=0.01 secs] 
2020-04-13T16:20:04.804+0800: 2187.744: [GC concurrent-root-region-scan-start]
2020-04-13T16:20:04.807+0800: 2187.748: [GC concurrent-root-region-scan-end, 0.0037486 secs]
2020-04-13T16:20:04.807+0800: 2187.748: [GC concurrent-mark-start]
2020-04-13T16:20:04.833+0800: 2187.774: [GC concurrent-mark-end, 0.0258188 secs]
2020-04-13T16:20:04.833+0800: 2187.774: [GC remark 2020-04-13T16:20:04.833+0800: 2187.774: [Finalize Marking, 0.0001651 secs] 2020-04-13T16:20:04.834+0800: 2187.774: [GC ref-proc, 0.0001191 secs] 2020-04-13T16:20:04.834+0800: 2187.775: [Unloading, 0.0041050 secs], 0.0070420 secs]
 [Times: user=0.02 sys=0.00, real=0.01 secs] 
2020-04-13T16:20:04.841+0800: 2187.782: [GC cleanup 150M->150M(256M), 0.0009603 secs]
 [Times: user=0.00 sys=0.01, real=0.00 secs] 
2020-04-13T16:20:06.424+0800: 2189.365: [GC pause (G1 Evacuation Pause) (young), 0.0061793 secs]
   [Parallel Time: 5.4 ms, GC Workers: 4]
      [GC Worker Start (ms): Min: 2189365.1, Avg: 2189365.1, Max: 2189365.1, Diff: 0.0]
      [Ext Root Scanning (ms): Min: 0.3, Avg: 0.4, Max: 0.6, Diff: 0.2, Sum: 1.7]
      [Update RS (ms): Min: 1.0, Avg: 1.2, Max: 1.4, Diff: 0.3, Sum: 4.8]
         [Processed Buffers: Min: 3, Avg: 7.0, Max: 10, Diff: 7, Sum: 28]
      [Scan RS (ms): Min: 1.4, Avg: 1.5, Max: 1.6, Diff: 0.2, Sum: 6.0]
      [Code Root Scanning (ms): Min: 0.0, Avg: 0.0, Max: 0.0, Diff: 0.0, Sum: 0.0]
      [Object Copy (ms): Min: 2.0, Avg: 2.1, Max: 2.2, Diff: 0.2, Sum: 8.3]
      [Termination (ms): Min: 0.0, Avg: 0.0, Max: 0.0, Diff: 0.0, Sum: 0.0]
         [Termination Attempts: Min: 1, Avg: 1.0, Max: 1, Diff: 0, Sum: 4]
      [GC Worker Other (ms): Min: 0.0, Avg: 0.0, Max: 0.1, Diff: 0.1, Sum: 0.2]
      [GC Worker Total (ms): Min: 5.2, Avg: 5.3, Max: 5.3, Diff: 0.0, Sum: 21.0]
      [GC Worker End (ms): Min: 2189370.3, Avg: 2189370.3, Max: 2189370.3, Diff: 0.0]
   [Code Root Fixup: 0.0 ms]
   [Code Root Purge: 0.0 ms]
   [Clear CT: 0.1 ms]
   [Other: 0.6 ms]
      [Choose CSet: 0.0 ms]
      [Ref Proc: 0.4 ms]
      [Ref Enq: 0.0 ms]
      [Redirty Cards: 0.0 ms]
      [Humongous Register: 0.0 ms]
      [Humongous Reclaim: 0.0 ms]
      [Free CSet: 0.0 ms]
   [Eden: 77.0M(77.0M)->0.0B(79.0M) Survivors: 2048.0K->1024.0K Heap: 226.3M(256.0M)->148.8M(256.0M)]
 [Times: user=0.02 sys=0.00, real=0.01 secs] 
2020-04-13T16:20:08.138+0800: 2191.078: [GC pause (G1 Evacuation Pause) (young), 0.0076043 secs]
   [Parallel Time: 6.5 ms, GC Workers: 4]
      [GC Worker Start (ms): Min: 2191078.6, Avg: 2191079.2, Max: 2191081.0, Diff: 2.4]
      [Ext Root Scanning (ms): Min: 0.0, Avg: 0.4, Max: 0.6, Diff: 0.6, Sum: 1.7]
      [Update RS (ms): Min: 0.5, Avg: 1.9, Max: 2.6, Diff: 2.1, Sum: 7.6]
         [Processed Buffers: Min: 3, Avg: 7.5, Max: 14, Diff: 11, Sum: 30]
      [Scan RS (ms): Min: 1.2, Avg: 1.3, Max: 1.5, Diff: 0.3, Sum: 5.3]
      [Code Root Scanning (ms): Min: 0.0, Avg: 0.0, Max: 0.0, Diff: 0.0, Sum: 0.0]
      [Object Copy (ms): Min: 1.6, Avg: 1.7, Max: 1.9, Diff: 0.3, Sum: 6.8]
      [Termination (ms): Min: 0.0, Avg: 0.3, Max: 0.4, Diff: 0.4, Sum: 1.3]
         [Termination Attempts: Min: 1, Avg: 1.0, Max: 1, Diff: 0, Sum: 4]
      [GC Worker Other (ms): Min: 0.0, Avg: 0.0, Max: 0.0, Diff: 0.0, Sum: 0.1]
      [GC Worker Total (ms): Min: 3.8, Avg: 5.7, Max: 6.4, Diff: 2.6, Sum: 22.9]
      [GC Worker End (ms): Min: 2191084.8, Avg: 2191084.9, Max: 2191085.0, Diff: 0.2]
   [Code Root Fixup: 0.1 ms]
   [Code Root Purge: 0.0 ms]
   [Clear CT: 0.1 ms]
   [Other: 1.0 ms]
      [Choose CSet: 0.0 ms]
      [Ref Proc: 0.6 ms]
      [Ref Enq: 0.0 ms]
      [Redirty Cards: 0.1 ms]
      [Humongous Register: 0.1 ms]
      [Humongous Reclaim: 0.0 ms]
      [Free CSet: 0.0 ms]
   [Eden: 79.0M(79.0M)->0.0B(77.0M) Survivors: 1024.0K->2048.0K Heap: 227.8M(256.0M)->149.3M(256.0M)]
 [Times: user=0.02 sys=0.00, real=0.01 secs] 
2020-04-13T16:20:09.803+0800: 2192.743: [GC pause (G1 Evacuation Pause) (young) (initial-mark), 0.0073607 secs]
   [Parallel Time: 6.1 ms, GC Workers: 4]
      [GC Worker Start (ms): Min: 2192743.5, Avg: 2192743.5, Max: 2192743.5, Diff: 0.0]
      [Ext Root Scanning (ms): Min: 0.6, Avg: 0.7, Max: 0.7, Diff: 0.0, Sum: 2.6]
      [Update RS (ms): Min: 1.4, Avg: 1.7, Max: 2.3, Diff: 0.8, Sum: 6.8]
         [Processed Buffers: Min: 4, Avg: 9.5, Max: 25, Diff: 21, Sum: 38]
      [Scan RS (ms): Min: 0.9, Avg: 1.4, Max: 1.7, Diff: 0.8, Sum: 5.7]
      [Code Root Scanning (ms): Min: 0.0, Avg: 0.0, Max: 0.0, Diff: 0.0, Sum: 0.0]
      [Object Copy (ms): Min: 1.4, Avg: 1.7, Max: 1.8, Diff: 0.4, Sum: 6.7]
      [Termination (ms): Min: 0.0, Avg: 0.3, Max: 0.6, Diff: 0.6, Sum: 1.1]
         [Termination Attempts: Min: 1, Avg: 1.0, Max: 1, Diff: 0, Sum: 4]
      [GC Worker Other (ms): Min: 0.0, Avg: 0.0, Max: 0.0, Diff: 0.0, Sum: 0.1]
      [GC Worker Total (ms): Min: 5.7, Avg: 5.7, Max: 5.9, Diff: 0.2, Sum: 23.0]
      [GC Worker End (ms): Min: 2192749.1, Avg: 2192749.2, Max: 2192749.3, Diff: 0.2]
   [Code Root Fixup: 0.1 ms]
   [Code Root Purge: 0.0 ms]
   [Clear CT: 0.1 ms]
   [Other: 1.1 ms]
      [Choose CSet: 0.0 ms]
      [Ref Proc: 0.8 ms]
      [Ref Enq: 0.0 ms]
      [Redirty Cards: 0.1 ms]
      [Humongous Register: 0.0 ms]
      [Humongous Reclaim: 0.0 ms]
      [Free CSet: 0.0 ms]
   [Eden: 77.0M(77.0M)->0.0B(78.0M) Survivors: 2048.0K->1024.0K Heap: 226.3M(256.0M)->149.0M(256.0M)]
 [Times: user=0.02 sys=0.00, real=0.01 secs] 
2020-04-13T16:20:09.810+0800: 2192.751: [GC concurrent-root-region-scan-start]
2020-04-13T16:20:09.813+0800: 2192.754: [GC concurrent-root-region-scan-end, 0.0033054 secs]
2020-04-13T16:20:09.813+0800: 2192.754: [GC concurrent-mark-start]
2020-04-13T16:20:09.841+0800: 2192.782: [GC concurrent-mark-end, 0.0280169 secs]
2020-04-13T16:20:09.842+0800: 2192.782: [GC remark 2020-04-13T16:20:09.842+0800: 2192.782: [Finalize Marking, 0.0001276 secs] 2020-04-13T16:20:09.842+0800: 2192.783: [GC ref-proc, 0.0000832 secs] 2020-04-13T16:20:09.842+0800: 2192.783: [Unloading, 0.0043249 secs], 0.0061012 secs]
 [Times: user=0.02 sys=0.00, real=0.00 secs] 
2020-04-13T16:20:09.848+0800: 2192.789: [GC cleanup 150M->150M(256M), 0.0005132 secs]
 [Times: user=0.00 sys=0.00, real=0.00 secs] 
2020-04-13T16:20:11.495+0800: 2194.436: [GC pause (G1 Evacuation Pause) (young), 0.0070160 secs]
   [Parallel Time: 6.2 ms, GC Workers: 4]
      [GC Worker Start (ms): Min: 2194436.3, Avg: 2194436.9, Max: 2194437.4, Diff: 1.1]
      [Ext Root Scanning (ms): Min: 0.0, Avg: 0.5, Max: 1.0, Diff: 1.0, Sum: 1.8]
      [Update RS (ms): Min: 1.1, Avg: 1.6, Max: 1.9, Diff: 0.8, Sum: 6.4]
         [Processed Buffers: Min: 3, Avg: 8.5, Max: 15, Diff: 12, Sum: 34]
      [Scan RS (ms): Min: 1.4, Avg: 1.6, Max: 1.7, Diff: 0.2, Sum: 6.3]
      [Code Root Scanning (ms): Min: 0.0, Avg: 0.0, Max: 0.0, Diff: 0.0, Sum: 0.0]
      [Object Copy (ms): Min: 1.5, Avg: 1.8, Max: 2.2, Diff: 0.7, Sum: 7.1]
      [Termination (ms): Min: 0.0, Avg: 0.0, Max: 0.0, Diff: 0.0, Sum: 0.0]
         [Termination Attempts: Min: 1, Avg: 1.0, Max: 1, Diff: 0, Sum: 4]
      [GC Worker Other (ms): Min: 0.0, Avg: 0.0, Max: 0.0, Diff: 0.0, Sum: 0.1]
      [GC Worker Total (ms): Min: 4.9, Avg: 5.4, Max: 6.0, Diff: 1.1, Sum: 21.6]
      [GC Worker End (ms): Min: 2194442.3, Avg: 2194442.3, Max: 2194442.3, Diff: 0.0]
   [Code Root Fixup: 0.1 ms]
   [Code Root Purge: 0.0 ms]
   [Clear CT: 0.1 ms]
   [Other: 0.6 ms]
      [Choose CSet: 0.0 ms]
      [Ref Proc: 0.2 ms]
      [Ref Enq: 0.0 ms]
      [Redirty Cards: 0.1 ms]
      [Humongous Register: 0.0 ms]
      [Humongous Reclaim: 0.0 ms]
      [Free CSet: 0.0 ms]
   [Eden: 78.0M(78.0M)->0.0B(10.0M) Survivors: 1024.0K->2048.0K Heap: 227.0M(256.0M)->149.4M(256.0M)]
 [Times: user=0.02 sys=0.00, real=0.01 secs] 
2020-04-13T16:20:11.775+0800: 2194.716: [GC pause (G1 Evacuation Pause) (mixed), 0.0168461 secs]
   [Parallel Time: 5.3 ms, GC Workers: 4]
      [GC Worker Start (ms): Min: 2194716.1, Avg: 2194716.1, Max: 2194716.1, Diff: 0.0]
      [Ext Root Scanning (ms): Min: 0.4, Avg: 0.4, Max: 0.5, Diff: 0.1, Sum: 1.6]
      [Update RS (ms): Min: 1.2, Avg: 1.2, Max: 1.3, Diff: 0.1, Sum: 5.0]
         [Processed Buffers: Min: 3, Avg: 6.0, Max: 9, Diff: 6, Sum: 24]
      [Scan RS (ms): Min: 1.7, Avg: 1.8, Max: 1.8, Diff: 0.1, Sum: 7.1]
      [Code Root Scanning (ms): Min: 0.0, Avg: 0.0, Max: 0.0, Diff: 0.0, Sum: 0.0]
      [Object Copy (ms): Min: 1.7, Avg: 1.7, Max: 1.8, Diff: 0.1, Sum: 6.9]
      [Termination (ms): Min: 0.0, Avg: 0.0, Max: 0.0, Diff: 0.0, Sum: 0.0]
         [Termination Attempts: Min: 1, Avg: 1.0, Max: 1, Diff: 0, Sum: 4]
      [GC Worker Other (ms): Min: 0.0, Avg: 0.0, Max: 0.0, Diff: 0.0, Sum: 0.0]
      [GC Worker Total (ms): Min: 5.1, Avg: 5.2, Max: 5.2, Diff: 0.0, Sum: 20.7]
      [GC Worker End (ms): Min: 2194721.3, Avg: 2194721.3, Max: 2194721.3, Diff: 0.0]
   [Code Root Fixup: 0.1 ms]
   [Code Root Purge: 0.0 ms]
   [Clear CT: 0.6 ms]
   [Other: 10.9 ms]
      [Choose CSet: 0.0 ms]
      [Ref Proc: 10.6 ms]
      [Ref Enq: 0.0 ms]
      [Redirty Cards: 0.1 ms]
      [Humongous Register: 0.0 ms]
      [Humongous Reclaim: 0.0 ms]
      [Free CSet: 0.0 ms]
   [Eden: 10.0M(10.0M)->0.0B(79.0M) Survivors: 2048.0K->1024.0K Heap: 159.4M(256.0M)->148.0M(256.0M)]
 [Times: user=0.02 sys=0.00, real=0.02 secs] 
2020-04-13T16:20:13.627+0800: 2196.568: [GC pause (G1 Evacuation Pause) (young), 0.0143849 secs]
   [Parallel Time: 13.9 ms, GC Workers: 4]
      [GC Worker Start (ms): Min: 2196567.9, Avg: 2196567.9, Max: 2196568.0, Diff: 0.0]
      [Ext Root Scanning (ms): Min: 0.3, Avg: 0.4, Max: 0.5, Diff: 0.2, Sum: 1.6]
      [Update RS (ms): Min: 1.9, Avg: 2.2, Max: 2.4, Diff: 0.5, Sum: 8.8]
         [Processed Buffers: Min: 3, Avg: 7.5, Max: 11, Diff: 8, Sum: 30]
      [Scan RS (ms): Min: 0.8, Avg: 1.6, Max: 3.6, Diff: 2.8, Sum: 6.4]
      [Code Root Scanning (ms): Min: 0.0, Avg: 0.0, Max: 0.0, Diff: 0.0, Sum: 0.0]
      [Object Copy (ms): Min: 0.0, Avg: 1.4, Max: 1.8, Diff: 1.8, Sum: 5.4]
      [Termination (ms): Min: 0.0, Avg: 2.5, Max: 8.5, Diff: 8.5, Sum: 9.9]
         [Termination Attempts: Min: 1, Avg: 5.8, Max: 11, Diff: 10, Sum: 23]
      [GC Worker Other (ms): Min: 0.0, Avg: 0.0, Max: 0.0, Diff: 0.0, Sum: 0.1]
      [GC Worker Total (ms): Min: 6.0, Avg: 8.0, Max: 13.9, Diff: 7.8, Sum: 32.1]
      [GC Worker End (ms): Min: 2196574.0, Avg: 2196576.0, Max: 2196581.8, Diff: 7.8]
   [Code Root Fixup: 0.1 ms]
   [Code Root Purge: 0.0 ms]
   [Clear CT: 0.1 ms]
   [Other: 0.4 ms]
      [Choose CSet: 0.0 ms]
      [Ref Proc: 0.1 ms]
      [Ref Enq: 0.0 ms]
      [Redirty Cards: 0.1 ms]
      [Humongous Register: 0.0 ms]
      [Humongous Reclaim: 0.0 ms]
      [Free CSet: 0.0 ms]
   [Eden: 79.0M(79.0M)->0.0B(77.0M) Survivors: 1024.0K->2048.0K Heap: 227.0M(256.0M)->148.4M(256.0M)]
 [Times: user=0.02 sys=0.00, real=0.02 secs] 
2020-04-13T16:20:15.561+0800: 2198.501: [GC pause (G1 Evacuation Pause) (young) (initial-mark), 0.0076298 secs]
   [Parallel Time: 5.8 ms, GC Workers: 4]
      [GC Worker Start (ms): Min: 2198501.6, Avg: 2198501.7, Max: 2198501.8, Diff: 0.1]
      [Ext Root Scanning (ms): Min: 0.8, Avg: 1.2, Max: 2.4, Diff: 1.6, Sum: 4.9]
      [Update RS (ms): Min: 0.8, Avg: 1.9, Max: 2.3, Diff: 1.5, Sum: 7.5]
         [Processed Buffers: Min: 2, Avg: 9.0, Max: 14, Diff: 12, Sum: 36]
      [Scan RS (ms): Min: 0.9, Avg: 1.0, Max: 1.2, Diff: 0.3, Sum: 4.0]
      [Code Root Scanning (ms): Min: 0.0, Avg: 0.0, Max: 0.0, Diff: 0.0, Sum: 0.0]
      [Object Copy (ms): Min: 1.5, Avg: 1.5, Max: 1.6, Diff: 0.1, Sum: 6.1]
      [Termination (ms): Min: 0.0, Avg: 0.0, Max: 0.0, Diff: 0.0, Sum: 0.0]
         [Termination Attempts: Min: 1, Avg: 1.0, Max: 1, Diff: 0, Sum: 4]
      [GC Worker Other (ms): Min: 0.0, Avg: 0.0, Max: 0.0, Diff: 0.0, Sum: 0.1]
      [GC Worker Total (ms): Min: 5.6, Avg: 5.6, Max: 5.7, Diff: 0.1, Sum: 22.5]
      [GC Worker End (ms): Min: 2198507.3, Avg: 2198507.3, Max: 2198507.3, Diff: 0.0]
   [Code Root Fixup: 0.0 ms]
   [Code Root Purge: 0.0 ms]
   [Clear CT: 0.1 ms]
   [Other: 1.7 ms]
      [Choose CSet: 0.0 ms]
      [Ref Proc: 1.2 ms]
      [Ref Enq: 0.0 ms]
      [Redirty Cards: 0.2 ms]
      [Humongous Register: 0.0 ms]
      [Humongous Reclaim: 0.0 ms]
      [Free CSet: 0.0 ms]
   [Eden: 77.0M(77.0M)->0.0B(77.0M) Survivors: 2048.0K->2048.0K Heap: 225.4M(256.0M)->148.6M(256.0M)]
 [Times: user=0.02 sys=0.00, real=0.00 secs] 
2020-04-13T16:20:15.569+0800: 2198.509: [GC concurrent-root-region-scan-start]
2020-04-13T16:20:15.574+0800: 2198.514: [GC concurrent-root-region-scan-end, 0.0049907 secs]
2020-04-13T16:20:15.574+0800: 2198.514: [GC concurrent-mark-start]
2020-04-13T16:20:15.612+0800: 2198.553: [GC concurrent-mark-end, 0.0387652 secs]
2020-04-13T16:20:15.613+0800: 2198.554: [GC remark 2020-04-13T16:20:15.613+0800: 2198.554: [Finalize Marking, 0.0015685 secs] 2020-04-13T16:20:15.615+0800: 2198.555: [GC ref-proc, 0.0000911 secs] 2020-04-13T16:20:15.615+0800: 2198.555: [Unloading, 0.0053050 secs], 0.0088466 secs]
 [Times: user=0.02 sys=0.00, real=0.01 secs] 
2020-04-13T16:20:15.622+0800: 2198.563: [GC cleanup 150M->150M(256M), 0.0004145 secs]
 [Times: user=0.00 sys=0.00, real=0.00 secs] 
2020-04-13T16:20:17.268+0800: 2200.209: [GC pause (G1 Evacuation Pause) (young), 0.0059288 secs]
   [Parallel Time: 5.4 ms, GC Workers: 4]
      [GC Worker Start (ms): Min: 2200208.9, Avg: 2200209.0, Max: 2200209.1, Diff: 0.2]
      [Ext Root Scanning (ms): Min: 0.4, Avg: 0.6, Max: 0.8, Diff: 0.4, Sum: 2.3]
      [Update RS (ms): Min: 1.7, Avg: 2.0, Max: 2.3, Diff: 0.6, Sum: 8.1]
         [Processed Buffers: Min: 2, Avg: 8.2, Max: 17, Diff: 15, Sum: 33]
      [Scan RS (ms): Min: 0.7, Avg: 0.9, Max: 1.1, Diff: 0.4, Sum: 3.6]
      [Code Root Scanning (ms): Min: 0.0, Avg: 0.0, Max: 0.0, Diff: 0.0, Sum: 0.0]
      [Object Copy (ms): Min: 1.5, Avg: 1.6, Max: 1.7, Diff: 0.1, Sum: 6.4]
      [Termination (ms): Min: 0.0, Avg: 0.1, Max: 0.2, Diff: 0.2, Sum: 0.6]
         [Termination Attempts: Min: 1, Avg: 1.0, Max: 1, Diff: 0, Sum: 4]
      [GC Worker Other (ms): Min: 0.0, Avg: 0.0, Max: 0.0, Diff: 0.0, Sum: 0.0]
      [GC Worker Total (ms): Min: 5.2, Avg: 5.3, Max: 5.3, Diff: 0.2, Sum: 21.1]
      [GC Worker End (ms): Min: 2200214.2, Avg: 2200214.2, Max: 2200214.3, Diff: 0.1]
   [Code Root Fixup: 0.1 ms]
   [Code Root Purge: 0.0 ms]
   [Clear CT: 0.1 ms]
   [Other: 0.4 ms]
      [Choose CSet: 0.0 ms]
      [Ref Proc: 0.1 ms]
      [Ref Enq: 0.0 ms]
      [Redirty Cards: 0.1 ms]
      [Humongous Register: 0.0 ms]
      [Humongous Reclaim: 0.0 ms]
      [Free CSet: 0.0 ms]
   [Eden: 77.0M(77.0M)->0.0B(79.0M) Survivors: 2048.0K->1024.0K Heap: 225.6M(256.0M)->148.2M(256.0M)]
 [Times: user=0.01 sys=0.00, real=0.01 secs] 
2020-04-13T16:20:19.314+0800: 2202.254: [GC pause (G1 Evacuation Pause) (young), 0.0077026 secs]
   [Parallel Time: 6.3 ms, GC Workers: 4]
      [GC Worker Start (ms): Min: 2202254.3, Avg: 2202254.5, Max: 2202255.1, Diff: 0.8]
      [Ext Root Scanning (ms): Min: 0.2, Avg: 0.9, Max: 1.5, Diff: 1.4, Sum: 3.8]
      [Update RS (ms): Min: 1.4, Avg: 1.9, Max: 2.3, Diff: 0.9, Sum: 7.6]
         [Processed Buffers: Min: 3, Avg: 7.8, Max: 19, Diff: 16, Sum: 31]
      [Scan RS (ms): Min: 0.9, Avg: 1.2, Max: 1.3, Diff: 0.4, Sum: 4.7]
      [Code Root Scanning (ms): Min: 0.0, Avg: 0.0, Max: 0.0, Diff: 0.0, Sum: 0.0]
      [Object Copy (ms): Min: 1.9, Avg: 2.0, Max: 2.2, Diff: 0.4, Sum: 8.2]
      [Termination (ms): Min: 0.0, Avg: 0.0, Max: 0.0, Diff: 0.0, Sum: 0.0]
         [Termination Attempts: Min: 1, Avg: 1.0, Max: 1, Diff: 0, Sum: 4]
      [GC Worker Other (ms): Min: 0.0, Avg: 0.0, Max: 0.0, Diff: 0.0, Sum: 0.1]
      [GC Worker Total (ms): Min: 5.5, Avg: 6.1, Max: 6.3, Diff: 0.8, Sum: 24.2]
      [GC Worker End (ms): Min: 2202260.6, Avg: 2202260.6, Max: 2202260.6, Diff: 0.0]
   [Code Root Fixup: 0.0 ms]
   [Code Root Purge: 0.0 ms]
   [Clear CT: 0.0 ms]
   [Other: 1.3 ms]
      [Choose CSet: 0.0 ms]
      [Ref Proc: 1.0 ms]
      [Ref Enq: 0.0 ms]
      [Redirty Cards: 0.1 ms]
      [Humongous Register: 0.0 ms]
      [Humongous Reclaim: 0.0 ms]
      [Free CSet: 0.0 ms]
   [Eden: 79.0M(79.0M)->0.0B(77.0M) Survivors: 1024.0K->2048.0K Heap: 227.2M(256.0M)->148.6M(256.0M)]
 [Times: user=0.02 sys=0.00, real=0.01 secs] 
2020-04-13T16:20:21.286+0800: 2204.227: [GC pause (G1 Evacuation Pause) (young) (initial-mark), 0.0078936 secs]
   [Parallel Time: 7.4 ms, GC Workers: 4]
      [GC Worker Start (ms): Min: 2204226.9, Avg: 2204226.9, Max: 2204227.0, Diff: 0.0]
      [Ext Root Scanning (ms): Min: 0.6, Avg: 0.6, Max: 0.7, Diff: 0.1, Sum: 2.6]
      [Update RS (ms): Min: 1.7, Avg: 2.2, Max: 3.3, Diff: 1.6, Sum: 8.7]
         [Processed Buffers: Min: 3, Avg: 7.5, Max: 13, Diff: 10, Sum: 30]
      [Scan RS (ms): Min: 0.1, Avg: 1.2, Max: 1.7, Diff: 1.6, Sum: 4.6]
      [Code Root Scanning (ms): Min: 0.0, Avg: 0.0, Max: 0.0, Diff: 0.0, Sum: 0.0]
      [Object Copy (ms): Min: 1.6, Avg: 1.8, Max: 2.3, Diff: 0.7, Sum: 7.0]
      [Termination (ms): Min: 0.0, Avg: 1.1, Max: 1.7, Diff: 1.7, Sum: 4.4]
         [Termination Attempts: Min: 1, Avg: 1.0, Max: 1, Diff: 0, Sum: 4]
      [GC Worker Other (ms): Min: 0.0, Avg: 0.0, Max: 0.0, Diff: 0.0, Sum: 0.1]
      [GC Worker Total (ms): Min: 6.3, Avg: 6.9, Max: 7.3, Diff: 1.0, Sum: 27.4]
      [GC Worker End (ms): Min: 2204233.2, Avg: 2204233.8, Max: 2204234.2, Diff: 1.0]
   [Code Root Fixup: 0.0 ms]
   [Code Root Purge: 0.0 ms]
   [Clear CT: 0.1 ms]
   [Other: 0.4 ms]
      [Choose CSet: 0.0 ms]
      [Ref Proc: 0.1 ms]
      [Ref Enq: 0.0 ms]
      [Redirty Cards: 0.1 ms]
      [Humongous Register: 0.0 ms]
      [Humongous Reclaim: 0.0 ms]
      [Free CSet: 0.0 ms]
   [Eden: 77.0M(77.0M)->0.0B(77.0M) Survivors: 2048.0K->2048.0K Heap: 225.6M(256.0M)->148.9M(256.0M)]
 [Times: user=0.02 sys=0.00, real=0.01 secs] 
2020-04-13T16:20:21.294+0800: 2204.235: [GC concurrent-root-region-scan-start]
2020-04-13T16:20:21.298+0800: 2204.239: [GC concurrent-root-region-scan-end, 0.0039014 secs]
2020-04-13T16:20:21.298+0800: 2204.239: [GC concurrent-mark-start]
2020-04-13T16:20:21.327+0800: 2204.267: [GC concurrent-mark-end, 0.0283960 secs]
2020-04-13T16:20:21.327+0800: 2204.267: [GC remark 2020-04-13T16:20:21.327+0800: 2204.267: [Finalize Marking, 0.0110279 secs] 2020-04-13T16:20:21.338+0800: 2204.278: [GC ref-proc, 0.0001346 secs] 2020-04-13T16:20:21.338+0800: 2204.279: [Unloading, 0.0057814 secs], 0.0187531 secs]
 [Times: user=0.02 sys=0.00, real=0.02 secs] 
2020-04-13T16:20:21.346+0800: 2204.286: [GC cleanup 150M->150M(256M), 0.0004250 secs]
 [Times: user=0.00 sys=0.00, real=0.00 secs] 
2020-04-13T16:20:23.419+0800: 2206.360: [GC pause (G1 Evacuation Pause) (young), 0.0174555 secs]
   [Parallel Time: 5.5 ms, GC Workers: 4]
      [GC Worker Start (ms): Min: 2206359.6, Avg: 2206359.7, Max: 2206359.7, Diff: 0.1]
      [Ext Root Scanning (ms): Min: 0.5, Avg: 1.5, Max: 4.1, Diff: 3.7, Sum: 6.1]
      [Update RS (ms): Min: 0.0, Avg: 1.2, Max: 1.6, Diff: 1.6, Sum: 4.8]
         [Processed Buffers: Min: 0, Avg: 8.5, Max: 20, Diff: 20, Sum: 34]
      [Scan RS (ms): Min: 0.0, Avg: 1.1, Max: 1.5, Diff: 1.5, Sum: 4.3]
      [Code Root Scanning (ms): Min: 0.0, Avg: 0.0, Max: 0.0, Diff: 0.0, Sum: 0.0]
      [Object Copy (ms): Min: 1.3, Avg: 1.6, Max: 1.8, Diff: 0.5, Sum: 6.4]
      [Termination (ms): Min: 0.0, Avg: 0.0, Max: 0.0, Diff: 0.0, Sum: 0.0]
         [Termination Attempts: Min: 1, Avg: 1.2, Max: 2, Diff: 1, Sum: 5]
      [GC Worker Other (ms): Min: 0.0, Avg: 0.0, Max: 0.0, Diff: 0.0, Sum: 0.1]
      [GC Worker Total (ms): Min: 5.4, Avg: 5.4, Max: 5.4, Diff: 0.1, Sum: 21.6]
      [GC Worker End (ms): Min: 2206365.1, Avg: 2206365.1, Max: 2206365.1, Diff: 0.0]
   [Code Root Fixup: 0.1 ms]
   [Code Root Purge: 0.0 ms]
   [Clear CT: 0.1 ms]
   [Other: 11.8 ms]
      [Choose CSet: 0.0 ms]
      [Ref Proc: 11.5 ms]
      [Ref Enq: 0.0 ms]
      [Redirty Cards: 0.1 ms]
      [Humongous Register: 0.0 ms]
      [Humongous Reclaim: 0.0 ms]
      [Free CSet: 0.0 ms]
   [Eden: 77.0M(77.0M)->0.0B(79.0M) Survivors: 2048.0K->1024.0K Heap: 225.9M(256.0M)->148.3M(256.0M)]
 [Times: user=0.02 sys=0.00, real=0.02 secs] 
2020-04-13T16:20:25.735+0800: 2208.676: [GC pause (G1 Evacuation Pause) (young), 0.0104504 secs]
   [Parallel Time: 9.4 ms, GC Workers: 4]
      [GC Worker Start (ms): Min: 2208676.0, Avg: 2208676.8, Max: 2208679.2, Diff: 3.2]
      [Ext Root Scanning (ms): Min: 0.0, Avg: 0.4, Max: 0.5, Diff: 0.5, Sum: 1.5]
      [Update RS (ms): Min: 0.0, Avg: 1.5, Max: 2.0, Diff: 2.0, Sum: 5.9]
         [Processed Buffers: Min: 0, Avg: 9.2, Max: 27, Diff: 27, Sum: 37]
      [Scan RS (ms): Min: 1.6, Avg: 2.6, Max: 3.8, Diff: 2.2, Sum: 10.2]
      [Code Root Scanning (ms): Min: 0.0, Avg: 0.0, Max: 0.0, Diff: 0.0, Sum: 0.0]
      [Object Copy (ms): Min: 0.9, Avg: 2.2, Max: 3.1, Diff: 2.2, Sum: 8.7]
      [Termination (ms): Min: 0.0, Avg: 1.2, Max: 2.1, Diff: 2.1, Sum: 4.8]
         [Termination Attempts: Min: 1, Avg: 2.0, Max: 3, Diff: 2, Sum: 8]
      [GC Worker Other (ms): Min: 0.0, Avg: 0.0, Max: 0.0, Diff: 0.0, Sum: 0.1]
      [GC Worker Total (ms): Min: 4.7, Avg: 7.8, Max: 9.3, Diff: 4.6, Sum: 31.3]
      [GC Worker End (ms): Min: 2208684.0, Avg: 2208684.7, Max: 2208685.4, Diff: 1.4]
   [Code Root Fixup: 0.0 ms]
   [Code Root Purge: 0.0 ms]
   [Clear CT: 0.0 ms]
   [Other: 1.0 ms]
      [Choose CSet: 0.0 ms]
      [Ref Proc: 0.7 ms]
      [Ref Enq: 0.0 ms]
      [Redirty Cards: 0.1 ms]
      [Humongous Register: 0.0 ms]
      [Humongous Reclaim: 0.0 ms]
      [Free CSet: 0.0 ms]
   [Eden: 79.0M(79.0M)->0.0B(77.0M) Survivors: 1024.0K->2048.0K Heap: 227.3M(256.0M)->149.0M(256.0M)]
 [Times: user=0.02 sys=0.00, real=0.01 secs] 
2020-04-13T16:20:27.609+0800: 2210.550: [GC pause (G1 Evacuation Pause) (young) (initial-mark), 0.0064398 secs]
   [Parallel Time: 5.9 ms, GC Workers: 4]
      [GC Worker Start (ms): Min: 2210549.8, Avg: 2210549.9, Max: 2210549.9, Diff: 0.1]
      [Ext Root Scanning (ms): Min: 1.0, Avg: 1.0, Max: 1.0, Diff: 0.1, Sum: 4.0]
      [Update RS (ms): Min: 1.3, Avg: 1.5, Max: 1.7, Diff: 0.4, Sum: 6.2]
         [Processed Buffers: Min: 4, Avg: 8.8, Max: 20, Diff: 16, Sum: 35]
      [Scan RS (ms): Min: 1.0, Avg: 1.3, Max: 1.5, Diff: 0.4, Sum: 5.1]
      [Code Root Scanning (ms): Min: 0.0, Avg: 0.0, Max: 0.0, Diff: 0.0, Sum: 0.0]
      [Object Copy (ms): Min: 1.8, Avg: 1.8, Max: 1.9, Diff: 0.1, Sum: 7.4]
      [Termination (ms): Min: 0.0, Avg: 0.0, Max: 0.0, Diff: 0.0, Sum: 0.0]
         [Termination Attempts: Min: 1, Avg: 1.0, Max: 1, Diff: 0, Sum: 4]
      [GC Worker Other (ms): Min: 0.0, Avg: 0.0, Max: 0.0, Diff: 0.0, Sum: 0.1]
      [GC Worker Total (ms): Min: 5.6, Avg: 5.7, Max: 5.7, Diff: 0.1, Sum: 22.7]
      [GC Worker End (ms): Min: 2210555.5, Avg: 2210555.5, Max: 2210555.5, Diff: 0.0]
   [Code Root Fixup: 0.0 ms]
   [Code Root Purge: 0.0 ms]
   [Clear CT: 0.1 ms]
   [Other: 0.5 ms]
      [Choose CSet: 0.0 ms]
      [Ref Proc: 0.2 ms]
      [Ref Enq: 0.0 ms]
      [Redirty Cards: 0.1 ms]
      [Humongous Register: 0.0 ms]
      [Humongous Reclaim: 0.0 ms]
      [Free CSet: 0.0 ms]
   [Eden: 77.0M(77.0M)->0.0B(79.0M) Survivors: 2048.0K->1024.0K Heap: 226.0M(256.0M)->148.5M(256.0M)]
 [Times: user=0.02 sys=0.01, real=0.01 secs] 
2020-04-13T16:20:27.616+0800: 2210.556: [GC concurrent-root-region-scan-start]
2020-04-13T16:20:27.620+0800: 2210.561: [GC concurrent-root-region-scan-end, 0.0043005 secs]
2020-04-13T16:20:27.620+0800: 2210.561: [GC concurrent-mark-start]
2020-04-13T16:20:27.655+0800: 2210.595: [GC concurrent-mark-end, 0.0348235 secs]
2020-04-13T16:20:27.656+0800: 2210.596: [GC remark 2020-04-13T16:20:27.656+0800: 2210.596: [Finalize Marking, 0.0004539 secs] 2020-04-13T16:20:27.656+0800: 2210.597: [GC ref-proc, 0.0001259 secs] 2020-04-13T16:20:27.656+0800: 2210.597: [Unloading, 0.0048162 secs], 0.0077283 secs]
 [Times: user=0.02 sys=0.00, real=0.01 secs] 
2020-04-13T16:20:27.664+0800: 2210.604: [GC cleanup 150M->150M(256M), 0.0005176 secs]
 [Times: user=0.00 sys=0.00, real=0.00 secs] 
2020-04-13T16:20:29.894+0800: 2212.834: [GC pause (G1 Evacuation Pause) (young), 0.0108037 secs]
   [Parallel Time: 6.9 ms, GC Workers: 4]
      [GC Worker Start (ms): Min: 2212834.2, Avg: 2212835.1, Max: 2212837.7, Diff: 3.5]
      [Ext Root Scanning (ms): Min: 0.0, Avg: 0.4, Max: 0.5, Diff: 0.5, Sum: 1.4]
      [Update RS (ms): Min: 0.1, Avg: 2.4, Max: 3.4, Diff: 3.3, Sum: 9.8]
         [Processed Buffers: Min: 5, Avg: 7.8, Max: 14, Diff: 9, Sum: 31]
      [Scan RS (ms): Min: 0.8, Avg: 1.0, Max: 1.2, Diff: 0.4, Sum: 4.1]
      [Code Root Scanning (ms): Min: 0.0, Avg: 0.0, Max: 0.0, Diff: 0.0, Sum: 0.0]
      [Object Copy (ms): Min: 2.0, Avg: 2.1, Max: 2.1, Diff: 0.1, Sum: 8.2]
      [Termination (ms): Min: 0.0, Avg: 0.0, Max: 0.0, Diff: 0.0, Sum: 0.0]
         [Termination Attempts: Min: 1, Avg: 1.0, Max: 1, Diff: 0, Sum: 4]
      [GC Worker Other (ms): Min: 0.0, Avg: 0.0, Max: 0.0, Diff: 0.0, Sum: 0.0]
      [GC Worker Total (ms): Min: 3.3, Avg: 5.9, Max: 6.8, Diff: 3.5, Sum: 23.5]
      [GC Worker End (ms): Min: 2212841.0, Avg: 2212841.0, Max: 2212841.0, Diff: 0.0]
   [Code Root Fixup: 0.0 ms]
   [Code Root Purge: 0.0 ms]
   [Clear CT: 0.1 ms]
   [Other: 3.8 ms]
      [Choose CSet: 0.0 ms]
      [Ref Proc: 3.5 ms]
      [Ref Enq: 0.0 ms]
      [Redirty Cards: 0.1 ms]
      [Humongous Register: 0.0 ms]
      [Humongous Reclaim: 0.0 ms]
      [Free CSet: 0.0 ms]
   [Eden: 79.0M(79.0M)->0.0B(77.0M) Survivors: 1024.0K->2048.0K Heap: 227.5M(256.0M)->149.1M(256.0M)]
 [Times: user=0.02 sys=0.00, real=0.01 secs] 
2020-04-13T16:20:32.203+0800: 2215.143: [GC pause (G1 Evacuation Pause) (young), 0.0117392 secs]
   [Parallel Time: 10.6 ms, GC Workers: 4]
      [GC Worker Start (ms): Min: 2215143.2, Avg: 2215143.2, Max: 2215143.2, Diff: 0.0]
      [Ext Root Scanning (ms): Min: 0.4, Avg: 0.4, Max: 0.5, Diff: 0.2, Sum: 1.6]
      [Update RS (ms): Min: 1.3, Avg: 1.6, Max: 1.7, Diff: 0.4, Sum: 6.3]
         [Processed Buffers: Min: 2, Avg: 8.0, Max: 15, Diff: 13, Sum: 32]
      [Scan RS (ms): Min: 1.7, Avg: 2.0, Max: 2.3, Diff: 0.6, Sum: 8.1]
      [Code Root Scanning (ms): Min: 0.0, Avg: 0.0, Max: 0.0, Diff: 0.0, Sum: 0.0]
      [Object Copy (ms): Min: 6.1, Avg: 6.3, Max: 6.6, Diff: 0.5, Sum: 25.1]
      [Termination (ms): Min: 0.0, Avg: 0.0, Max: 0.0, Diff: 0.0, Sum: 0.0]
         [Termination Attempts: Min: 1, Avg: 1.0, Max: 1, Diff: 0, Sum: 4]
      [GC Worker Other (ms): Min: 0.0, Avg: 0.0, Max: 0.0, Diff: 0.0, Sum: 0.1]
      [GC Worker Total (ms): Min: 10.3, Avg: 10.3, Max: 10.4, Diff: 0.0, Sum: 41.4]
      [GC Worker End (ms): Min: 2215153.5, Avg: 2215153.5, Max: 2215153.5, Diff: 0.0]
   [Code Root Fixup: 0.0 ms]
   [Code Root Purge: 0.0 ms]
   [Clear CT: 0.0 ms]
   [Other: 1.1 ms]
      [Choose CSet: 0.0 ms]
      [Ref Proc: 0.8 ms]
      [Ref Enq: 0.0 ms]
      [Redirty Cards: 0.1 ms]
      [Humongous Register: 0.0 ms]
      [Humongous Reclaim: 0.0 ms]
      [Free CSet: 0.0 ms]
   [Eden: 77.0M(77.0M)->0.0B(79.0M) Survivors: 2048.0K->1024.0K Heap: 226.1M(256.0M)->148.8M(256.0M)]
 [Times: user=0.02 sys=0.00, real=0.01 secs] 
2020-04-13T16:20:34.073+0800: 2217.013: [GC pause (G1 Evacuation Pause) (young) (initial-mark), 0.0074682 secs]
   [Parallel Time: 6.3 ms, GC Workers: 4]
      [GC Worker Start (ms): Min: 2217013.1, Avg: 2217013.3, Max: 2217013.9, Diff: 0.8]
      [Ext Root Scanning (ms): Min: 0.0, Avg: 0.9, Max: 2.0, Diff: 2.0, Sum: 3.6]
      [Update RS (ms): Min: 1.8, Avg: 2.5, Max: 4.1, Diff: 2.3, Sum: 10.1]
         [Processed Buffers: Min: 5, Avg: 9.0, Max: 16, Diff: 11, Sum: 36]
      [Scan RS (ms): Min: 0.0, Avg: 1.0, Max: 1.5, Diff: 1.5, Sum: 4.0]
      [Code Root Scanning (ms): Min: 0.0, Avg: 0.0, Max: 0.0, Diff: 0.0, Sum: 0.0]
      [Object Copy (ms): Min: 0.1, Avg: 1.4, Max: 1.9, Diff: 1.9, Sum: 5.5]
      [Termination (ms): Min: 0.0, Avg: 0.2, Max: 0.3, Diff: 0.3, Sum: 0.6]
         [Termination Attempts: Min: 1, Avg: 24.2, Max: 38, Diff: 37, Sum: 97]
      [GC Worker Other (ms): Min: 0.0, Avg: 0.0, Max: 0.1, Diff: 0.0, Sum: 0.1]
      [GC Worker Total (ms): Min: 5.4, Avg: 6.0, Max: 6.2, Diff: 0.8, Sum: 23.9]
      [GC Worker End (ms): Min: 2217019.3, Avg: 2217019.3, Max: 2217019.3, Diff: 0.0]
   [Code Root Fixup: 0.1 ms]
   [Code Root Purge: 0.0 ms]
   [Clear CT: 0.1 ms]
   [Other: 1.0 ms]
      [Choose CSet: 0.0 ms]
      [Ref Proc: 0.7 ms]
      [Ref Enq: 0.0 ms]
      [Redirty Cards: 0.1 ms]
      [Humongous Register: 0.0 ms]
      [Humongous Reclaim: 0.0 ms]
      [Free CSet: 0.0 ms]
   [Eden: 79.0M(79.0M)->0.0B(77.0M) Survivors: 1024.0K->2048.0K Heap: 227.8M(256.0M)->149.1M(256.0M)]
 [Times: user=0.02 sys=0.00, real=0.01 secs] 
2020-04-13T16:20:34.080+0800: 2217.021: [GC concurrent-root-region-scan-start]
2020-04-13T16:20:34.084+0800: 2217.025: [GC concurrent-root-region-scan-end, 0.0043098 secs]
2020-04-13T16:20:34.084+0800: 2217.025: [GC concurrent-mark-start]
2020-04-13T16:20:34.115+0800: 2217.055: [GC concurrent-mark-end, 0.0302399 secs]
2020-04-13T16:20:34.115+0800: 2217.055: [GC remark 2020-04-13T16:20:34.115+0800: 2217.056: [Finalize Marking, 0.0018106 secs] 2020-04-13T16:20:34.117+0800: 2217.057: [GC ref-proc, 0.0000937 secs] 2020-04-13T16:20:34.117+0800: 2217.058: [Unloading, 0.0047497 secs], 0.0083049 secs]
 [Times: user=0.02 sys=0.00, real=0.01 secs] 
2020-04-13T16:20:34.123+0800: 2217.064: [GC cleanup 150M->150M(256M), 0.0003533 secs]
 [Times: user=0.00 sys=0.00, real=0.00 secs] 
2020-04-13T16:20:36.662+0800: 2219.603: [GC pause (G1 Evacuation Pause) (young), 0.0106845 secs]
   [Parallel Time: 9.3 ms, GC Workers: 4]
      [GC Worker Start (ms): Min: 2219602.9, Avg: 2219604.6, Max: 2219609.7, Diff: 6.8]
      [Ext Root Scanning (ms): Min: 0.4, Avg: 0.5, Max: 0.6, Diff: 0.2, Sum: 2.1]
      [Update RS (ms): Min: 0.0, Avg: 3.7, Max: 5.8, Diff: 5.8, Sum: 15.0]
         [Processed Buffers: Min: 0, Avg: 8.2, Max: 20, Diff: 20, Sum: 33]
      [Scan RS (ms): Min: 0.2, Avg: 1.5, Max: 2.3, Diff: 2.0, Sum: 5.9]
      [Code Root Scanning (ms): Min: 0.0, Avg: 0.0, Max: 0.0, Diff: 0.0, Sum: 0.0]
      [Object Copy (ms): Min: 1.7, Avg: 1.7, Max: 1.8, Diff: 0.1, Sum: 6.9]
      [Termination (ms): Min: 0.0, Avg: 0.0, Max: 0.0, Diff: 0.0, Sum: 0.0]
         [Termination Attempts: Min: 1, Avg: 1.0, Max: 1, Diff: 0, Sum: 4]
      [GC Worker Other (ms): Min: 0.0, Avg: 0.0, Max: 0.0, Diff: 0.0, Sum: 0.1]
      [GC Worker Total (ms): Min: 2.4, Avg: 7.5, Max: 9.2, Diff: 6.8, Sum: 29.8]
      [GC Worker End (ms): Min: 2219612.1, Avg: 2219612.1, Max: 2219612.1, Diff: 0.0]
   [Code Root Fixup: 0.0 ms]
   [Code Root Purge: 0.0 ms]
   [Clear CT: 0.1 ms]
   [Other: 1.3 ms]
      [Choose CSet: 0.0 ms]
      [Ref Proc: 1.1 ms]
      [Ref Enq: 0.0 ms]
      [Redirty Cards: 0.1 ms]
      [Humongous Register: 0.0 ms]
      [Humongous Reclaim: 0.0 ms]
      [Free CSet: 0.0 ms]
   [Eden: 77.0M(77.0M)->0.0B(77.0M) Survivors: 2048.0K->2048.0K Heap: 226.1M(256.0M)->149.3M(256.0M)]
 [Times: user=0.02 sys=0.00, real=0.01 secs] 
2020-04-13T16:20:38.975+0800: 2221.915: [GC pause (G1 Evacuation Pause) (young), 0.0175341 secs]
   [Parallel Time: 16.2 ms, GC Workers: 4]
      [GC Worker Start (ms): Min: 2221915.5, Avg: 2221915.5, Max: 2221915.6, Diff: 0.1]
      [Ext Root Scanning (ms): Min: 0.3, Avg: 0.4, Max: 0.6, Diff: 0.3, Sum: 1.6]
      [Update RS (ms): Min: 1.1, Avg: 1.2, Max: 1.3, Diff: 0.2, Sum: 4.8]
         [Processed Buffers: Min: 3, Avg: 9.0, Max: 24, Diff: 21, Sum: 36]
      [Scan RS (ms): Min: 1.7, Avg: 2.5, Max: 4.6, Diff: 2.9, Sum: 9.9]
      [Code Root Scanning (ms): Min: 0.0, Avg: 0.0, Max: 0.0, Diff: 0.0, Sum: 0.0]
      [Object Copy (ms): Min: 0.1, Avg: 1.5, Max: 2.0, Diff: 2.0, Sum: 6.0]
      [Termination (ms): Min: 0.0, Avg: 5.5, Max: 10.7, Diff: 10.7, Sum: 22.2]
         [Termination Attempts: Min: 1, Avg: 5.2, Max: 17, Diff: 16, Sum: 21]
      [GC Worker Other (ms): Min: 0.0, Avg: 0.0, Max: 0.1, Diff: 0.1, Sum: 0.1]
      [GC Worker Total (ms): Min: 6.2, Avg: 11.1, Max: 16.1, Diff: 9.9, Sum: 44.6]
      [GC Worker End (ms): Min: 2221921.7, Avg: 2221926.7, Max: 2221931.6, Diff: 9.9]
   [Code Root Fixup: 0.0 ms]
   [Code Root Purge: 0.0 ms]
   [Clear CT: 0.1 ms]
   [Other: 1.3 ms]
      [Choose CSet: 0.0 ms]
      [Ref Proc: 1.0 ms]
      [Ref Enq: 0.0 ms]
      [Redirty Cards: 0.1 ms]
      [Humongous Register: 0.0 ms]
      [Humongous Reclaim: 0.0 ms]
      [Free CSet: 0.0 ms]
   [Eden: 77.0M(77.0M)->0.0B(78.0M) Survivors: 2048.0K->1024.0K Heap: 226.3M(256.0M)->149.0M(256.0M)]
 [Times: user=0.02 sys=0.01, real=0.02 secs] 
2020-04-13T16:20:40.983+0800: 2223.923: [GC pause (G1 Evacuation Pause) (young) (initial-mark), 0.0280277 secs]
   [Parallel Time: 26.7 ms, GC Workers: 4]
      [GC Worker Start (ms): Min: 2223923.7, Avg: 2223927.3, Max: 2223931.1, Diff: 7.4]
      [Ext Root Scanning (ms): Min: 0.0, Avg: 6.5, Max: 11.4, Diff: 11.3, Sum: 26.1]
      [Update RS (ms): Min: 0.1, Avg: 1.8, Max: 4.5, Diff: 4.4, Sum: 7.2]
         [Processed Buffers: Min: 1, Avg: 8.2, Max: 21, Diff: 20, Sum: 33]
      [Scan RS (ms): Min: 0.9, Avg: 1.5, Max: 1.7, Diff: 0.8, Sum: 5.9]
      [Code Root Scanning (ms): Min: 0.0, Avg: 0.0, Max: 0.0, Diff: 0.0, Sum: 0.0]
      [Object Copy (ms): Min: 2.1, Avg: 2.4, Max: 2.9, Diff: 0.8, Sum: 9.4]
      [Termination (ms): Min: 0.0, Avg: 8.0, Max: 10.8, Diff: 10.8, Sum: 32.2]
         [Termination Attempts: Min: 1, Avg: 1.0, Max: 1, Diff: 0, Sum: 4]
      [GC Worker Other (ms): Min: 0.0, Avg: 0.1, Max: 0.1, Diff: 0.1, Sum: 0.3]
      [GC Worker Total (ms): Min: 16.4, Avg: 20.3, Max: 25.5, Diff: 9.1, Sum: 81.2]
      [GC Worker End (ms): Min: 2223940.1, Avg: 2223947.6, Max: 2223950.2, Diff: 10.1]
   [Code Root Fixup: 0.1 ms]
   [Code Root Purge: 0.0 ms]
   [Clear CT: 0.1 ms]
   [Other: 1.2 ms]
      [Choose CSet: 0.0 ms]
      [Ref Proc: 0.8 ms]
      [Ref Enq: 0.0 ms]
      [Redirty Cards: 0.2 ms]
      [Humongous Register: 0.0 ms]
      [Humongous Reclaim: 0.0 ms]
      [Free CSet: 0.1 ms]
   [Eden: 78.0M(78.0M)->0.0B(76.0M) Survivors: 1024.0K->2048.0K Heap: 227.0M(256.0M)->149.4M(256.0M)]
 [Times: user=0.03 sys=0.00, real=0.03 secs] 
2020-04-13T16:20:41.012+0800: 2223.953: [GC concurrent-root-region-scan-start]
2020-04-13T16:20:41.017+0800: 2223.958: [GC concurrent-root-region-scan-end, 0.0048914 secs]
2020-04-13T16:20:41.017+0800: 2223.958: [GC concurrent-mark-start]
2020-04-13T16:20:41.057+0800: 2223.997: [GC concurrent-mark-end, 0.0392189 secs]
2020-04-13T16:20:41.057+0800: 2223.997: [GC remark 2020-04-13T16:20:41.057+0800: 2223.997: [Finalize Marking, 0.0133159 secs] 2020-04-13T16:20:41.070+0800: 2224.011: [GC ref-proc, 0.0002645 secs] 2020-04-13T16:20:41.071+0800: 2224.011: [Unloading, 0.0058025 secs], 0.0218504 secs]
 [Times: user=0.02 sys=0.00, real=0.02 secs] 
2020-04-13T16:20:41.080+0800: 2224.020: [GC cleanup 150M->150M(256M), 0.0015695 secs]
 [Times: user=0.00 sys=0.00, real=0.00 secs] 
2020-04-13T16:20:43.241+0800: 2226.182: [GC pause (G1 Evacuation Pause) (young), 0.0185305 secs]
   [Parallel Time: 15.8 ms, GC Workers: 4]
      [GC Worker Start (ms): Min: 2226181.8, Avg: 2226181.8, Max: 2226181.9, Diff: 0.1]
      [Ext Root Scanning (ms): Min: 0.4, Avg: 3.4, Max: 12.3, Diff: 11.8, Sum: 13.7]
      [Update RS (ms): Min: 0.0, Avg: 1.5, Max: 2.2, Diff: 2.2, Sum: 5.9]
         [Processed Buffers: Min: 0, Avg: 8.5, Max: 24, Diff: 24, Sum: 34]
      [Scan RS (ms): Min: 0.0, Avg: 1.2, Max: 1.8, Diff: 1.8, Sum: 5.0]
      [Code Root Scanning (ms): Min: 0.0, Avg: 0.0, Max: 0.0, Diff: 0.0, Sum: 0.0]
      [Object Copy (ms): Min: 0.0, Avg: 5.6, Max: 7.5, Diff: 7.5, Sum: 22.3]
      [Termination (ms): Min: 0.0, Avg: 3.1, Max: 4.2, Diff: 4.2, Sum: 12.6]
         [Termination Attempts: Min: 1, Avg: 1.0, Max: 1, Diff: 0, Sum: 4]
      [GC Worker Other (ms): Min: 0.0, Avg: 0.0, Max: 0.0, Diff: 0.0, Sum: 0.1]
      [GC Worker Total (ms): Min: 12.3, Avg: 14.9, Max: 15.8, Diff: 3.5, Sum: 59.5]
      [GC Worker End (ms): Min: 2226194.1, Avg: 2226196.7, Max: 2226197.6, Diff: 3.5]
   [Code Root Fixup: 0.0 ms]
   [Code Root Purge: 0.0 ms]
   [Clear CT: 0.1 ms]
   [Other: 2.6 ms]
      [Choose CSet: 0.0 ms]
      [Ref Proc: 2.2 ms]
      [Ref Enq: 0.0 ms]
      [Redirty Cards: 0.2 ms]
      [Humongous Register: 0.0 ms]
      [Humongous Reclaim: 0.0 ms]
      [Free CSet: 0.0 ms]
   [Eden: 76.0M(76.0M)->0.0B(11.0M) Survivors: 2048.0K->1024.0K Heap: 225.4M(256.0M)->149.1M(256.0M)]
 [Times: user=0.02 sys=0.00, real=0.02 secs] 
2020-04-13T16:20:43.616+0800: 2226.556: [GC pause (G1 Evacuation Pause) (mixed), 0.0089203 secs]
   [Parallel Time: 8.1 ms, GC Workers: 4]
      [GC Worker Start (ms): Min: 2226556.8, Avg: 2226557.0, Max: 2226557.1, Diff: 0.3]
      [Ext Root Scanning (ms): Min: 0.3, Avg: 0.5, Max: 0.7, Diff: 0.3, Sum: 2.1]
      [Update RS (ms): Min: 1.9, Avg: 2.2, Max: 3.0, Diff: 1.1, Sum: 8.8]
         [Processed Buffers: Min: 2, Avg: 5.2, Max: 9, Diff: 7, Sum: 21]
      [Scan RS (ms): Min: 1.4, Avg: 2.7, Max: 4.0, Diff: 2.6, Sum: 10.7]
      [Code Root Scanning (ms): Min: 0.0, Avg: 0.0, Max: 0.0, Diff: 0.0, Sum: 0.0]
      [Object Copy (ms): Min: 1.0, Avg: 2.1, Max: 2.6, Diff: 1.5, Sum: 8.5]
      [Termination (ms): Min: 0.0, Avg: 0.0, Max: 0.0, Diff: 0.0, Sum: 0.0]
         [Termination Attempts: Min: 1, Avg: 1.2, Max: 2, Diff: 1, Sum: 5]
      [GC Worker Other (ms): Min: 0.0, Avg: 0.0, Max: 0.0, Diff: 0.0, Sum: 0.1]
      [GC Worker Total (ms): Min: 7.4, Avg: 7.5, Max: 7.7, Diff: 0.3, Sum: 30.1]
      [GC Worker End (ms): Min: 2226564.5, Avg: 2226564.5, Max: 2226564.5, Diff: 0.0]
   [Code Root Fixup: 0.1 ms]
   [Code Root Purge: 0.0 ms]
   [Clear CT: 0.0 ms]
   [Other: 0.7 ms]
      [Choose CSet: 0.0 ms]
      [Ref Proc: 0.5 ms]
      [Ref Enq: 0.0 ms]
      [Redirty Cards: 0.0 ms]
      [Humongous Register: 0.0 ms]
      [Humongous Reclaim: 0.0 ms]
      [Free CSet: 0.0 ms]
   [Eden: 11.0M(11.0M)->0.0B(77.0M) Survivors: 1024.0K->2048.0K Heap: 160.1M(256.0M)->148.4M(256.0M)]
 [Times: user=0.02 sys=0.01, real=0.01 secs] 
2020-04-13T16:20:45.821+0800: 2228.761: [GC pause (G1 Evacuation Pause) (young), 0.0055562 secs]
   [Parallel Time: 5.0 ms, GC Workers: 4]
      [GC Worker Start (ms): Min: 2228761.1, Avg: 2228761.1, Max: 2228761.2, Diff: 0.1]
      [Ext Root Scanning (ms): Min: 0.4, Avg: 0.5, Max: 0.8, Diff: 0.3, Sum: 2.2]
      [Update RS (ms): Min: 1.2, Avg: 1.5, Max: 1.7, Diff: 0.5, Sum: 5.9]
         [Processed Buffers: Min: 3, Avg: 8.2, Max: 16, Diff: 13, Sum: 33]
      [Scan RS (ms): Min: 1.2, Avg: 1.4, Max: 1.6, Diff: 0.3, Sum: 5.6]
      [Code Root Scanning (ms): Min: 0.0, Avg: 0.0, Max: 0.0, Diff: 0.0, Sum: 0.0]
      [Object Copy (ms): Min: 1.4, Avg: 1.5, Max: 1.5, Diff: 0.1, Sum: 5.9]
      [Termination (ms): Min: 0.0, Avg: 0.0, Max: 0.0, Diff: 0.0, Sum: 0.0]
         [Termination Attempts: Min: 1, Avg: 1.0, Max: 1, Diff: 0, Sum: 4]
      [GC Worker Other (ms): Min: 0.0, Avg: 0.0, Max: 0.0, Diff: 0.0, Sum: 0.1]
      [GC Worker Total (ms): Min: 4.9, Avg: 4.9, Max: 4.9, Diff: 0.1, Sum: 19.7]
      [GC Worker End (ms): Min: 2228766.1, Avg: 2228766.1, Max: 2228766.1, Diff: 0.0]
   [Code Root Fixup: 0.0 ms]
   [Code Root Purge: 0.0 ms]
   [Clear CT: 0.1 ms]
   [Other: 0.4 ms]
      [Choose CSet: 0.0 ms]
      [Ref Proc: 0.1 ms]
      [Ref Enq: 0.0 ms]
      [Redirty Cards: 0.1 ms]
      [Humongous Register: 0.0 ms]
      [Humongous Reclaim: 0.0 ms]
      [Free CSet: 0.0 ms]
   [Eden: 77.0M(77.0M)->0.0B(77.0M) Survivors: 2048.0K->2048.0K Heap: 225.4M(256.0M)->148.5M(256.0M)]
 [Times: user=0.02 sys=0.00, real=0.00 secs] 
2020-04-13T16:20:48.101+0800: 2231.042: [GC pause (G1 Evacuation Pause) (young) (initial-mark), 0.0103301 secs]
   [Parallel Time: 6.9 ms, GC Workers: 4]
      [GC Worker Start (ms): Min: 2231041.8, Avg: 2231042.0, Max: 2231042.6, Diff: 0.8]
      [Ext Root Scanning (ms): Min: 0.0, Avg: 0.6, Max: 0.8, Diff: 0.8, Sum: 2.3]
      [Update RS (ms): Min: 2.2, Avg: 3.1, Max: 5.6, Diff: 3.4, Sum: 12.5]
         [Processed Buffers: Min: 0, Avg: 9.0, Max: 17, Diff: 17, Sum: 36]
      [Scan RS (ms): Min: 0.0, Avg: 1.2, Max: 1.7, Diff: 1.7, Sum: 4.8]
      [Code Root Scanning (ms): Min: 0.0, Avg: 0.0, Max: 0.0, Diff: 0.0, Sum: 0.0]
      [Object Copy (ms): Min: 0.3, Avg: 1.6, Max: 2.0, Diff: 1.7, Sum: 6.2]
      [Termination (ms): Min: 0.0, Avg: 0.0, Max: 0.1, Diff: 0.1, Sum: 0.2]
         [Termination Attempts: Min: 1, Avg: 1.0, Max: 1, Diff: 0, Sum: 4]
      [GC Worker Other (ms): Min: 0.0, Avg: 0.0, Max: 0.0, Diff: 0.0, Sum: 0.1]
      [GC Worker Total (ms): Min: 6.0, Avg: 6.5, Max: 6.7, Diff: 0.7, Sum: 26.1]
      [GC Worker End (ms): Min: 2231048.5, Avg: 2231048.5, Max: 2231048.6, Diff: 0.0]
   [Code Root Fixup: 0.0 ms]
   [Code Root Purge: 0.0 ms]
   [Clear CT: 0.1 ms]
   [Other: 3.3 ms]
      [Choose CSet: 0.0 ms]
      [Ref Proc: 3.0 ms]
      [Ref Enq: 0.0 ms]
      [Redirty Cards: 0.1 ms]
      [Humongous Register: 0.0 ms]
      [Humongous Reclaim: 0.0 ms]
      [Free CSet: 0.0 ms]
   [Eden: 77.0M(77.0M)->0.0B(79.0M) Survivors: 2048.0K->1024.0K Heap: 225.5M(256.0M)->148.2M(256.0M)]
 [Times: user=0.02 sys=0.00, real=0.01 secs] 
2020-04-13T16:20:48.112+0800: 2231.052: [GC concurrent-root-region-scan-start]
2020-04-13T16:20:48.116+0800: 2231.056: [GC concurrent-root-region-scan-end, 0.0038174 secs]
2020-04-13T16:20:48.116+0800: 2231.056: [GC concurrent-mark-start]
2020-04-13T16:20:48.155+0800: 2231.095: [GC concurrent-mark-end, 0.0389930 secs]
2020-04-13T16:20:48.155+0800: 2231.095: [GC remark 2020-04-13T16:20:48.155+0800: 2231.095: [Finalize Marking, 0.0003741 secs] 2020-04-13T16:20:48.155+0800: 2231.096: [GC ref-proc, 0.0001264 secs] 2020-04-13T16:20:48.156+0800: 2231.096: [Unloading, 0.0040071 secs], 0.0062104 secs]
 [Times: user=0.02 sys=0.00, real=0.01 secs] 
2020-04-13T16:20:48.162+0800: 2231.102: [GC cleanup 149M->149M(256M), 0.0004227 secs]
 [Times: user=0.00 sys=0.00, real=0.00 secs] 
2020-04-13T16:20:50.082+0800: 2233.023: [GC pause (G1 Evacuation Pause) (young), 0.0051132 secs]
   [Parallel Time: 4.6 ms, GC Workers: 4]
      [GC Worker Start (ms): Min: 2233022.6, Avg: 2233022.6, Max: 2233022.6, Diff: 0.0]
      [Ext Root Scanning (ms): Min: 0.3, Avg: 0.4, Max: 0.5, Diff: 0.2, Sum: 1.6]
      [Update RS (ms): Min: 1.2, Avg: 1.3, Max: 1.4, Diff: 0.2, Sum: 5.4]
         [Processed Buffers: Min: 3, Avg: 9.5, Max: 22, Diff: 19, Sum: 38]
      [Scan RS (ms): Min: 1.2, Avg: 1.3, Max: 1.4, Diff: 0.2, Sum: 5.3]
      [Code Root Scanning (ms): Min: 0.0, Avg: 0.0, Max: 0.0, Diff: 0.0, Sum: 0.0]
      [Object Copy (ms): Min: 1.4, Avg: 1.5, Max: 1.5, Diff: 0.1, Sum: 5.8]
      [Termination (ms): Min: 0.0, Avg: 0.0, Max: 0.0, Diff: 0.0, Sum: 0.0]
         [Termination Attempts: Min: 1, Avg: 1.0, Max: 1, Diff: 0, Sum: 4]
      [GC Worker Other (ms): Min: 0.0, Avg: 0.0, Max: 0.0, Diff: 0.0, Sum: 0.0]
      [GC Worker Total (ms): Min: 4.5, Avg: 4.5, Max: 4.6, Diff: 0.0, Sum: 18.2]
      [GC Worker End (ms): Min: 2233027.2, Avg: 2233027.2, Max: 2233027.2, Diff: 0.0]
   [Code Root Fixup: 0.0 ms]
   [Code Root Purge: 0.0 ms]
   [Clear CT: 0.1 ms]
   [Other: 0.4 ms]
      [Choose CSet: 0.0 ms]
      [Ref Proc: 0.2 ms]
      [Ref Enq: 0.0 ms]
      [Redirty Cards: 0.0 ms]
      [Humongous Register: 0.0 ms]
      [Humongous Reclaim: 0.0 ms]
      [Free CSet: 0.0 ms]
   [Eden: 79.0M(79.0M)->0.0B(77.0M) Survivors: 1024.0K->2048.0K Heap: 227.2M(256.0M)->148.9M(256.0M)]
 [Times: user=0.02 sys=0.00, real=0.00 secs] 
2020-04-13T16:20:51.853+0800: 2234.793: [GC pause (G1 Evacuation Pause) (young), 0.0053885 secs]
   [Parallel Time: 4.9 ms, GC Workers: 4]
      [GC Worker Start (ms): Min: 2234792.9, Avg: 2234793.0, Max: 2234793.0, Diff: 0.0]
      [Ext Root Scanning (ms): Min: 0.4, Avg: 0.4, Max: 0.5, Diff: 0.1, Sum: 1.6]
      [Update RS (ms): Min: 1.2, Avg: 1.4, Max: 1.5, Diff: 0.4, Sum: 5.5]
         [Processed Buffers: Min: 3, Avg: 7.0, Max: 19, Diff: 16, Sum: 28]
      [Scan RS (ms): Min: 1.1, Avg: 1.3, Max: 1.4, Diff: 0.3, Sum: 5.1]
      [Code Root Scanning (ms): Min: 0.0, Avg: 0.0, Max: 0.0, Diff: 0.0, Sum: 0.0]
      [Object Copy (ms): Min: 1.4, Avg: 1.4, Max: 1.4, Diff: 0.1, Sum: 5.7]
      [Termination (ms): Min: 0.0, Avg: 0.0, Max: 0.0, Diff: 0.0, Sum: 0.0]
         [Termination Attempts: Min: 1, Avg: 1.0, Max: 1, Diff: 0, Sum: 4]
      [GC Worker Other (ms): Min: 0.0, Avg: 0.0, Max: 0.1, Diff: 0.1, Sum: 0.2]
      [GC Worker Total (ms): Min: 4.5, Avg: 4.5, Max: 4.6, Diff: 0.1, Sum: 18.1]
      [GC Worker End (ms): Min: 2234797.4, Avg: 2234797.5, Max: 2234797.5, Diff: 0.1]
   [Code Root Fixup: 0.1 ms]
   [Code Root Purge: 0.0 ms]
   [Clear CT: 0.0 ms]
   [Other: 0.4 ms]
      [Choose CSet: 0.0 ms]
      [Ref Proc: 0.2 ms]
      [Ref Enq: 0.0 ms]
      [Redirty Cards: 0.1 ms]
      [Humongous Register: 0.0 ms]
      [Humongous Reclaim: 0.0 ms]
      [Free CSet: 0.0 ms]
   [Eden: 77.0M(77.0M)->0.0B(79.0M) Survivors: 2048.0K->1024.0K Heap: 225.9M(256.0M)->148.3M(256.0M)]
 [Times: user=0.02 sys=0.01, real=0.00 secs] 
2020-04-13T16:20:53.577+0800: 2236.517: [GC pause (G1 Evacuation Pause) (young) (initial-mark), 0.0163338 secs]
   [Parallel Time: 14.3 ms, GC Workers: 4]
      [GC Worker Start (ms): Min: 2236517.5, Avg: 2236517.9, Max: 2236518.2, Diff: 0.7]
      [Ext Root Scanning (ms): Min: 0.4, Avg: 1.9, Max: 4.8, Diff: 4.4, Sum: 7.5]
      [Update RS (ms): Min: 0.0, Avg: 2.0, Max: 2.9, Diff: 2.9, Sum: 8.0]
         [Processed Buffers: Min: 0, Avg: 7.0, Max: 17, Diff: 17, Sum: 28]
      [Scan RS (ms): Min: 0.5, Avg: 2.0, Max: 2.7, Diff: 2.2, Sum: 8.2]
      [Code Root Scanning (ms): Min: 0.0, Avg: 0.0, Max: 0.0, Diff: 0.0, Sum: 0.0]
      [Object Copy (ms): Min: 2.8, Avg: 3.1, Max: 3.8, Diff: 1.0, Sum: 12.3]
      [Termination (ms): Min: 0.0, Avg: 2.7, Max: 5.0, Diff: 5.0, Sum: 10.8]
         [Termination Attempts: Min: 1, Avg: 1.2, Max: 2, Diff: 1, Sum: 5]
      [GC Worker Other (ms): Min: 0.0, Avg: 0.0, Max: 0.0, Diff: 0.0, Sum: 0.1]
      [GC Worker Total (ms): Min: 9.2, Avg: 11.7, Max: 14.2, Diff: 5.0, Sum: 46.8]
      [GC Worker End (ms): Min: 2236527.4, Avg: 2236529.5, Max: 2236531.7, Diff: 4.3]
   [Code Root Fixup: 0.1 ms]
   [Code Root Purge: 0.0 ms]
   [Clear CT: 0.0 ms]
   [Other: 1.9 ms]
      [Choose CSet: 0.0 ms]
      [Ref Proc: 1.0 ms]
      [Ref Enq: 0.0 ms]
      [Redirty Cards: 0.2 ms]
      [Humongous Register: 0.0 ms]
      [Humongous Reclaim: 0.1 ms]
      [Free CSet: 0.1 ms]
   [Eden: 79.0M(79.0M)->0.0B(77.0M) Survivors: 1024.0K->2048.0K Heap: 227.3M(256.0M)->148.8M(256.0M)]
 [Times: user=0.02 sys=0.00, real=0.02 secs] 
2020-04-13T16:20:53.594+0800: 2236.534: [GC concurrent-root-region-scan-start]
2020-04-13T16:20:53.598+0800: 2236.538: [GC concurrent-root-region-scan-end, 0.0039485 secs]
2020-04-13T16:20:53.598+0800: 2236.538: [GC concurrent-mark-start]
2020-04-13T16:20:53.629+0800: 2236.569: [GC concurrent-mark-end, 0.0311455 secs]
2020-04-13T16:20:53.629+0800: 2236.570: [GC remark 2020-04-13T16:20:53.629+0800: 2236.570: [Finalize Marking, 0.0110756 secs] 2020-04-13T16:20:53.641+0800: 2236.581: [GC ref-proc, 0.0001468 secs] 2020-04-13T16:20:53.641+0800: 2236.581: [Unloading, 0.0041627 secs], 0.0169090 secs]
 [Times: user=0.02 sys=0.00, real=0.02 secs] 
2020-04-13T16:20:53.647+0800: 2236.587: [GC cleanup 150M->150M(256M), 0.0003246 secs]
 [Times: user=0.00 sys=0.00, real=0.00 secs] 
2020-04-13T16:20:55.216+0800: 2238.156: [GC pause (G1 Evacuation Pause) (young), 0.0081487 secs]
   [Parallel Time: 7.3 ms, GC Workers: 4]
      [GC Worker Start (ms): Min: 2238156.3, Avg: 2238156.3, Max: 2238156.3, Diff: 0.0]
      [Ext Root Scanning (ms): Min: 0.4, Avg: 0.4, Max: 0.6, Diff: 0.2, Sum: 1.7]
      [Update RS (ms): Min: 1.6, Avg: 2.1, Max: 3.2, Diff: 1.6, Sum: 8.2]
         [Processed Buffers: Min: 2, Avg: 7.8, Max: 20, Diff: 18, Sum: 31]
      [Scan RS (ms): Min: 0.8, Avg: 2.2, Max: 3.2, Diff: 2.4, Sum: 9.0]
      [Code Root Scanning (ms): Min: 0.0, Avg: 0.0, Max: 0.0, Diff: 0.0, Sum: 0.0]
      [Object Copy (ms): Min: 1.1, Avg: 1.9, Max: 2.8, Diff: 1.7, Sum: 7.8]
      [Termination (ms): Min: 0.0, Avg: 0.5, Max: 0.7, Diff: 0.7, Sum: 2.1]
         [Termination Attempts: Min: 1, Avg: 1.0, Max: 1, Diff: 0, Sum: 4]
      [GC Worker Other (ms): Min: 0.0, Avg: 0.0, Max: 0.0, Diff: 0.0, Sum: 0.0]
      [GC Worker Total (ms): Min: 7.2, Avg: 7.2, Max: 7.2, Diff: 0.1, Sum: 28.8]
      [GC Worker End (ms): Min: 2238163.5, Avg: 2238163.5, Max: 2238163.6, Diff: 0.1]
   [Code Root Fixup: 0.0 ms]
   [Code Root Purge: 0.0 ms]
   [Clear CT: 0.1 ms]
   [Other: 0.7 ms]
      [Choose CSet: 0.0 ms]
      [Ref Proc: 0.5 ms]
      [Ref Enq: 0.0 ms]
      [Redirty Cards: 0.1 ms]
      [Humongous Register: 0.0 ms]
      [Humongous Reclaim: 0.0 ms]
      [Free CSet: 0.0 ms]
   [Eden: 77.0M(77.0M)->0.0B(77.0M) Survivors: 2048.0K->2048.0K Heap: 225.8M(256.0M)->148.8M(256.0M)]
 [Times: user=0.02 sys=0.01, real=0.01 secs] 
2020-04-13T16:20:57.039+0800: 2239.979: [GC pause (G1 Evacuation Pause) (young), 0.0064741 secs]
   [Parallel Time: 5.6 ms, GC Workers: 4]
      [GC Worker Start (ms): Min: 2239978.8, Avg: 2239978.8, Max: 2239978.9, Diff: 0.0]
      [Ext Root Scanning (ms): Min: 0.3, Avg: 0.4, Max: 0.5, Diff: 0.2, Sum: 1.5]
      [Update RS (ms): Min: 1.4, Avg: 1.9, Max: 2.7, Diff: 1.4, Sum: 7.4]
         [Processed Buffers: Min: 2, Avg: 7.2, Max: 12, Diff: 10, Sum: 29]
      [Scan RS (ms): Min: 0.4, Avg: 1.3, Max: 1.6, Diff: 1.3, Sum: 5.2]
      [Code Root Scanning (ms): Min: 0.0, Avg: 0.0, Max: 0.0, Diff: 0.0, Sum: 0.0]
      [Object Copy (ms): Min: 1.8, Avg: 1.9, Max: 2.0, Diff: 0.2, Sum: 7.8]
      [Termination (ms): Min: 0.0, Avg: 0.0, Max: 0.0, Diff: 0.0, Sum: 0.0]
         [Termination Attempts: Min: 1, Avg: 1.0, Max: 1, Diff: 0, Sum: 4]
      [GC Worker Other (ms): Min: 0.0, Avg: 0.0, Max: 0.0, Diff: 0.0, Sum: 0.1]
      [GC Worker Total (ms): Min: 5.5, Avg: 5.5, Max: 5.5, Diff: 0.0, Sum: 22.0]
      [GC Worker End (ms): Min: 2239984.3, Avg: 2239984.3, Max: 2239984.3, Diff: 0.0]
   [Code Root Fixup: 0.0 ms]
   [Code Root Purge: 0.0 ms]
   [Clear CT: 0.1 ms]
   [Other: 0.8 ms]
      [Choose CSet: 0.0 ms]
      [Ref Proc: 0.4 ms]
      [Ref Enq: 0.0 ms]
      [Redirty Cards: 0.2 ms]
      [Humongous Register: 0.0 ms]
      [Humongous Reclaim: 0.0 ms]
      [Free CSet: 0.0 ms]
   [Eden: 77.0M(77.0M)->0.0B(79.0M) Survivors: 2048.0K->1024.0K Heap: 225.8M(256.0M)->148.7M(256.0M)]
 [Times: user=0.02 sys=0.00, real=0.01 secs] 
2020-04-13T16:20:59.061+0800: 2242.001: [GC pause (G1 Evacuation Pause) (young) (initial-mark), 0.0070240 secs]
   [Parallel Time: 6.0 ms, GC Workers: 4]
      [GC Worker Start (ms): Min: 2242001.3, Avg: 2242001.3, Max: 2242001.3, Diff: 0.0]
      [Ext Root Scanning (ms): Min: 0.8, Avg: 1.0, Max: 1.2, Diff: 0.4, Sum: 4.1]
      [Update RS (ms): Min: 1.6, Avg: 2.2, Max: 3.2, Diff: 1.5, Sum: 8.6]
         [Processed Buffers: Min: 0, Avg: 9.8, Max: 30, Diff: 30, Sum: 39]
      [Scan RS (ms): Min: 0.0, Avg: 1.1, Max: 1.6, Diff: 1.6, Sum: 4.3]
      [Code Root Scanning (ms): Min: 0.0, Avg: 0.0, Max: 0.0, Diff: 0.0, Sum: 0.0]
      [Object Copy (ms): Min: 1.6, Avg: 1.6, Max: 1.7, Diff: 0.1, Sum: 6.5]
      [Termination (ms): Min: 0.0, Avg: 0.0, Max: 0.0, Diff: 0.0, Sum: 0.0]
         [Termination Attempts: Min: 1, Avg: 1.0, Max: 1, Diff: 0, Sum: 4]
      [GC Worker Other (ms): Min: 0.0, Avg: 0.0, Max: 0.0, Diff: 0.0, Sum: 0.0]
      [GC Worker Total (ms): Min: 5.9, Avg: 5.9, Max: 5.9, Diff: 0.0, Sum: 23.6]
      [GC Worker End (ms): Min: 2242007.2, Avg: 2242007.2, Max: 2242007.2, Diff: 0.0]
   [Code Root Fixup: 0.1 ms]
   [Code Root Purge: 0.0 ms]
   [Clear CT: 0.2 ms]
   [Other: 0.8 ms]
      [Choose CSet: 0.0 ms]
      [Ref Proc: 0.5 ms]
      [Ref Enq: 0.0 ms]
      [Redirty Cards: 0.1 ms]
      [Humongous Register: 0.0 ms]
      [Humongous Reclaim: 0.0 ms]
      [Free CSet: 0.0 ms]
   [Eden: 79.0M(79.0M)->0.0B(77.0M) Survivors: 1024.0K->2048.0K Heap: 227.7M(256.0M)->149.0M(256.0M)]
 [Times: user=0.02 sys=0.00, real=0.00 secs] 
2020-04-13T16:20:59.068+0800: 2242.008: [GC concurrent-root-region-scan-start]
2020-04-13T16:20:59.072+0800: 2242.012: [GC concurrent-root-region-scan-end, 0.0038480 secs]
2020-04-13T16:20:59.072+0800: 2242.012: [GC concurrent-mark-start]
2020-04-13T16:20:59.101+0800: 2242.041: [GC concurrent-mark-end, 0.0287491 secs]
2020-04-13T16:20:59.101+0800: 2242.041: [GC remark 2020-04-13T16:20:59.101+0800: 2242.041: [Finalize Marking, 0.0001383 secs] 2020-04-13T16:20:59.101+0800: 2242.041: [GC ref-proc, 0.0001111 secs] 2020-04-13T16:20:59.101+0800: 2242.041: [Unloading, 0.0051938 secs], 0.0071047 secs]
 [Times: user=0.02 sys=0.01, real=0.00 secs] 
2020-04-13T16:20:59.109+0800: 2242.049: [GC cleanup 150M->150M(256M), 0.0016089 secs]
 [Times: user=0.00 sys=0.00, real=0.01 secs] 
2020-04-13T16:21:00.734+0800: 2243.674: [GC pause (G1 Evacuation Pause) (young), 0.0085727 secs]
   [Parallel Time: 7.4 ms, GC Workers: 4]
      [GC Worker Start (ms): Min: 2243674.6, Avg: 2243674.7, Max: 2243674.8, Diff: 0.3]
      [Ext Root Scanning (ms): Min: 0.3, Avg: 0.4, Max: 0.6, Diff: 0.3, Sum: 1.6]
      [Update RS (ms): Min: 1.2, Avg: 1.3, Max: 1.4, Diff: 0.3, Sum: 5.2]
         [Processed Buffers: Min: 3, Avg: 9.0, Max: 16, Diff: 13, Sum: 36]
      [Scan RS (ms): Min: 1.2, Avg: 1.9, Max: 3.6, Diff: 2.3, Sum: 7.6]
      [Code Root Scanning (ms): Min: 0.0, Avg: 0.0, Max: 0.0, Diff: 0.0, Sum: 0.0]
      [Object Copy (ms): Min: 0.5, Avg: 2.2, Max: 3.2, Diff: 2.7, Sum: 9.0]
      [Termination (ms): Min: 0.0, Avg: 0.7, Max: 1.5, Diff: 1.5, Sum: 2.8]
         [Termination Attempts: Min: 1, Avg: 1.2, Max: 2, Diff: 1, Sum: 5]
      [GC Worker Other (ms): Min: 0.0, Avg: 0.0, Max: 0.0, Diff: 0.0, Sum: 0.0]
      [GC Worker Total (ms): Min: 6.4, Avg: 6.6, Max: 7.0, Diff: 0.7, Sum: 26.3]
      [GC Worker End (ms): Min: 2243681.0, Avg: 2243681.3, Max: 2243681.8, Diff: 0.8]
   [Code Root Fixup: 0.0 ms]
   [Code Root Purge: 0.0 ms]
   [Clear CT: 0.1 ms]
   [Other: 1.1 ms]
      [Choose CSet: 0.0 ms]
      [Ref Proc: 0.8 ms]
      [Ref Enq: 0.0 ms]
      [Redirty Cards: 0.1 ms]
      [Humongous Register: 0.0 ms]
      [Humongous Reclaim: 0.0 ms]
      [Free CSet: 0.0 ms]
   [Eden: 77.0M(77.0M)->0.0B(77.0M) Survivors: 2048.0K->2048.0K Heap: 226.0M(256.0M)->149.2M(256.0M)]
 [Times: user=0.02 sys=0.00, real=0.01 secs] 
2020-04-13T16:21:02.580+0800: 2245.520: [GC pause (G1 Evacuation Pause) (young), 0.0060603 secs]
   [Parallel Time: 5.6 ms, GC Workers: 4]
      [GC Worker Start (ms): Min: 2245520.2, Avg: 2245520.4, Max: 2245520.4, Diff: 0.2]
      [Ext Root Scanning (ms): Min: 0.5, Avg: 1.2, Max: 3.1, Diff: 2.6, Sum: 5.0]
      [Update RS (ms): Min: 0.0, Avg: 1.2, Max: 1.7, Diff: 1.7, Sum: 4.8]
         [Processed Buffers: Min: 0, Avg: 9.0, Max: 29, Diff: 29, Sum: 36]
      [Scan RS (ms): Min: 0.5, Avg: 1.3, Max: 1.8, Diff: 1.3, Sum: 5.0]
      [Code Root Scanning (ms): Min: 0.0, Avg: 0.0, Max: 0.0, Diff: 0.0, Sum: 0.0]
      [Object Copy (ms): Min: 1.6, Avg: 1.7, Max: 1.7, Diff: 0.2, Sum: 6.7]
      [Termination (ms): Min: 0.0, Avg: 0.0, Max: 0.0, Diff: 0.0, Sum: 0.0]
         [Termination Attempts: Min: 1, Avg: 1.0, Max: 1, Diff: 0, Sum: 4]
      [GC Worker Other (ms): Min: 0.0, Avg: 0.0, Max: 0.0, Diff: 0.0, Sum: 0.0]
      [GC Worker Total (ms): Min: 5.3, Avg: 5.4, Max: 5.5, Diff: 0.2, Sum: 21.6]
      [GC Worker End (ms): Min: 2245525.7, Avg: 2245525.7, Max: 2245525.7, Diff: 0.0]
   [Code Root Fixup: 0.0 ms]
   [Code Root Purge: 0.0 ms]
   [Clear CT: 0.1 ms]
   [Other: 0.4 ms]
      [Choose CSet: 0.0 ms]
      [Ref Proc: 0.1 ms]
      [Ref Enq: 0.0 ms]
      [Redirty Cards: 0.1 ms]
      [Humongous Register: 0.0 ms]
      [Humongous Reclaim: 0.0 ms]
      [Free CSet: 0.0 ms]
   [Eden: 77.0M(77.0M)->0.0B(79.0M) Survivors: 2048.0K->1024.0K Heap: 226.2M(256.0M)->148.8M(256.0M)]
 [Times: user=0.02 sys=0.00, real=0.00 secs] 
2020-04-13T16:21:04.329+0800: 2247.269: [GC pause (G1 Evacuation Pause) (young) (initial-mark), 0.0131613 secs]
   [Parallel Time: 12.7 ms, GC Workers: 4]
      [GC Worker Start (ms): Min: 2247269.1, Avg: 2247269.7, Max: 2247270.3, Diff: 1.2]
      [Ext Root Scanning (ms): Min: 0.0, Avg: 1.1, Max: 2.4, Diff: 2.3, Sum: 4.3]
      [Update RS (ms): Min: 1.2, Avg: 2.2, Max: 2.8, Diff: 1.6, Sum: 8.7]
         [Processed Buffers: Min: 1, Avg: 7.5, Max: 19, Diff: 18, Sum: 30]
      [Scan RS (ms): Min: 0.9, Avg: 2.3, Max: 4.7, Diff: 3.8, Sum: 9.2]
      [Code Root Scanning (ms): Min: 0.0, Avg: 0.0, Max: 0.0, Diff: 0.0, Sum: 0.0]
      [Object Copy (ms): Min: 0.0, Avg: 1.5, Max: 2.0, Diff: 2.0, Sum: 6.0]
      [Termination (ms): Min: 0.0, Avg: 2.8, Max: 5.2, Diff: 5.2, Sum: 11.2]
         [Termination Attempts: Min: 1, Avg: 4.2, Max: 13, Diff: 12, Sum: 17]
      [GC Worker Other (ms): Min: 0.0, Avg: 0.0, Max: 0.0, Diff: 0.0, Sum: 0.1]
      [GC Worker Total (ms): Min: 7.1, Avg: 9.9, Max: 12.6, Diff: 5.5, Sum: 39.4]
      [GC Worker End (ms): Min: 2247277.3, Avg: 2247279.5, Max: 2247281.7, Diff: 4.4]
   [Code Root Fixup: 0.0 ms]
   [Code Root Purge: 0.0 ms]
   [Clear CT: 0.1 ms]
   [Other: 0.4 ms]
      [Choose CSet: 0.0 ms]
      [Ref Proc: 0.1 ms]
      [Ref Enq: 0.0 ms]
      [Redirty Cards: 0.1 ms]
      [Humongous Register: 0.0 ms]
      [Humongous Reclaim: 0.0 ms]
      [Free CSet: 0.0 ms]
   [Eden: 79.0M(79.0M)->0.0B(78.0M) Survivors: 1024.0K->1024.0K Heap: 227.8M(256.0M)->148.9M(256.0M)]
 [Times: user=0.02 sys=0.00, real=0.02 secs] 
2020-04-13T16:21:04.342+0800: 2247.282: [GC concurrent-root-region-scan-start]
2020-04-13T16:21:04.346+0800: 2247.286: [GC concurrent-root-region-scan-end, 0.0038829 secs]
2020-04-13T16:21:04.346+0800: 2247.286: [GC concurrent-mark-start]
2020-04-13T16:21:04.380+0800: 2247.321: [GC concurrent-mark-end, 0.0343157 secs]
2020-04-13T16:21:04.381+0800: 2247.321: [GC remark 2020-04-13T16:21:04.381+0800: 2247.321: [Finalize Marking, 0.0110880 secs] 2020-04-13T16:21:04.392+0800: 2247.332: [GC ref-proc, 0.0002489 secs] 2020-04-13T16:21:04.392+0800: 2247.332: [Unloading, 0.0076535 secs], 0.0213985 secs]
 [Times: user=0.02 sys=0.00, real=0.02 secs] 
2020-04-13T16:21:04.402+0800: 2247.342: [GC cleanup 150M->150M(256M), 0.0004109 secs]
 [Times: user=0.01 sys=0.00, real=0.00 secs] 
2020-04-13T16:21:06.154+0800: 2249.094: [GC pause (G1 Evacuation Pause) (young), 0.0105140 secs]
   [Parallel Time: 8.9 ms, GC Workers: 4]
      [GC Worker Start (ms): Min: 2249094.2, Avg: 2249094.2, Max: 2249094.2, Diff: 0.0]
      [Ext Root Scanning (ms): Min: 0.4, Avg: 0.4, Max: 0.6, Diff: 0.2, Sum: 1.7]
      [Update RS (ms): Min: 1.6, Avg: 1.8, Max: 1.9, Diff: 0.3, Sum: 7.0]
         [Processed Buffers: Min: 3, Avg: 6.5, Max: 13, Diff: 10, Sum: 26]
      [Scan RS (ms): Min: 1.8, Avg: 3.0, Max: 6.2, Diff: 4.4, Sum: 12.0]
      [Code Root Scanning (ms): Min: 0.0, Avg: 0.0, Max: 0.0, Diff: 0.0, Sum: 0.0]
      [Object Copy (ms): Min: 0.0, Avg: 3.2, Max: 4.6, Diff: 4.6, Sum: 12.9]
      [Termination (ms): Min: 0.0, Avg: 0.3, Max: 0.5, Diff: 0.5, Sum: 1.0]
         [Termination Attempts: Min: 1, Avg: 2.0, Max: 4, Diff: 3, Sum: 8]
      [GC Worker Other (ms): Min: 0.0, Avg: 0.0, Max: 0.0, Diff: 0.0, Sum: 0.1]
      [GC Worker Total (ms): Min: 8.6, Avg: 8.7, Max: 8.8, Diff: 0.2, Sum: 34.7]
      [GC Worker End (ms): Min: 2249102.8, Avg: 2249102.9, Max: 2249103.0, Diff: 0.1]
   [Code Root Fixup: 0.0 ms]
   [Code Root Purge: 0.0 ms]
   [Clear CT: 0.1 ms]
   [Other: 1.5 ms]
      [Choose CSet: 0.0 ms]
      [Ref Proc: 1.2 ms]
      [Ref Enq: 0.0 ms]
      [Redirty Cards: 0.1 ms]
      [Humongous Register: 0.0 ms]
      [Humongous Reclaim: 0.0 ms]
      [Free CSet: 0.0 ms]
   [Eden: 78.0M(78.0M)->0.0B(11.0M) Survivors: 1024.0K->1024.0K Heap: 226.9M(256.0M)->149.1M(256.0M)]
 [Times: user=0.03 sys=0.01, real=0.01 secs] 
2020-04-13T16:21:06.415+0800: 2249.355: [GC pause (G1 Evacuation Pause) (mixed), 0.0067434 secs]
   [Parallel Time: 6.3 ms, GC Workers: 4]
      [GC Worker Start (ms): Min: 2249355.1, Avg: 2249355.1, Max: 2249355.2, Diff: 0.0]
      [Ext Root Scanning (ms): Min: 0.4, Avg: 0.4, Max: 0.5, Diff: 0.1, Sum: 1.7]
      [Update RS (ms): Min: 1.2, Avg: 2.4, Max: 5.7, Diff: 4.5, Sum: 9.4]
         [Processed Buffers: Min: 3, Avg: 5.0, Max: 10, Diff: 7, Sum: 20]
      [Scan RS (ms): Min: 0.0, Avg: 1.8, Max: 2.4, Diff: 2.4, Sum: 7.2]
      [Code Root Scanning (ms): Min: 0.0, Avg: 0.0, Max: 0.0, Diff: 0.0, Sum: 0.0]
      [Object Copy (ms): Min: 0.1, Avg: 1.6, Max: 2.1, Diff: 2.1, Sum: 6.3]
      [Termination (ms): Min: 0.0, Avg: 0.0, Max: 0.1, Diff: 0.1, Sum: 0.2]
         [Termination Attempts: Min: 1, Avg: 5.0, Max: 9, Diff: 8, Sum: 20]
      [GC Worker Other (ms): Min: 0.0, Avg: 0.0, Max: 0.0, Diff: 0.0, Sum: 0.0]
      [GC Worker Total (ms): Min: 6.2, Avg: 6.2, Max: 6.2, Diff: 0.0, Sum: 24.9]
      [GC Worker End (ms): Min: 2249361.4, Avg: 2249361.4, Max: 2249361.4, Diff: 0.0]
   [Code Root Fixup: 0.1 ms]
   [Code Root Purge: 0.0 ms]
   [Clear CT: 0.1 ms]
   [Other: 0.3 ms]
      [Choose CSet: 0.0 ms]
      [Ref Proc: 0.1 ms]
      [Ref Enq: 0.0 ms]
      [Redirty Cards: 0.1 ms]
      [Humongous Register: 0.0 ms]
      [Humongous Reclaim: 0.0 ms]
      [Free CSet: 0.0 ms]
   [Eden: 11.0M(11.0M)->0.0B(77.0M) Survivors: 1024.0K->2048.0K Heap: 160.1M(256.0M)->148.3M(256.0M)]
 [Times: user=0.02 sys=0.00, real=0.01 secs] 
2020-04-13T16:21:08.281+0800: 2251.221: [GC pause (G1 Evacuation Pause) (young), 0.0150237 secs]
   [Parallel Time: 13.5 ms, GC Workers: 4]
      [GC Worker Start (ms): Min: 2251220.9, Avg: 2251220.9, Max: 2251220.9, Diff: 0.0]
      [Ext Root Scanning (ms): Min: 0.4, Avg: 0.4, Max: 0.5, Diff: 0.1, Sum: 1.6]
      [Update RS (ms): Min: 1.2, Avg: 1.4, Max: 1.6, Diff: 0.4, Sum: 5.5]
         [Processed Buffers: Min: 3, Avg: 7.8, Max: 18, Diff: 15, Sum: 31]
      [Scan RS (ms): Min: 1.2, Avg: 1.6, Max: 2.0, Diff: 0.8, Sum: 6.3]
      [Code Root Scanning (ms): Min: 0.0, Avg: 0.0, Max: 0.0, Diff: 0.0, Sum: 0.0]
      [Object Copy (ms): Min: 1.6, Avg: 2.3, Max: 2.9, Diff: 1.3, Sum: 9.2]
      [Termination (ms): Min: 0.0, Avg: 2.3, Max: 8.2, Diff: 8.2, Sum: 9.1]
         [Termination Attempts: Min: 1, Avg: 1.2, Max: 2, Diff: 1, Sum: 5]
      [GC Worker Other (ms): Min: 0.0, Avg: 0.0, Max: 0.0, Diff: 0.0, Sum: 0.1]
      [GC Worker Total (ms): Min: 6.1, Avg: 7.9, Max: 13.4, Diff: 7.3, Sum: 31.8]
      [GC Worker End (ms): Min: 2251227.0, Avg: 2251228.8, Max: 2251234.3, Diff: 7.3]
   [Code Root Fixup: 0.0 ms]
   [Code Root Purge: 0.0 ms]
   [Clear CT: 0.1 ms]
   [Other: 1.4 ms]
      [Choose CSet: 0.0 ms]
      [Ref Proc: 1.1 ms]
      [Ref Enq: 0.0 ms]
      [Redirty Cards: 0.1 ms]
      [Humongous Register: 0.0 ms]
      [Humongous Reclaim: 0.0 ms]
      [Free CSet: 0.0 ms]
   [Eden: 77.0M(77.0M)->0.0B(79.0M) Survivors: 2048.0K->1024.0K Heap: 225.3M(256.0M)->148.0M(256.0M)]
 [Times: user=0.03 sys=0.00, real=0.01 secs] 
2020-04-13T16:21:10.069+0800: 2253.009: [GC pause (G1 Evacuation Pause) (young) (initial-mark), 0.0066588 secs]
   [Parallel Time: 6.2 ms, GC Workers: 4]
      [GC Worker Start (ms): Min: 2253008.7, Avg: 2253008.7, Max: 2253008.7, Diff: 0.0]
      [Ext Root Scanning (ms): Min: 0.8, Avg: 0.9, Max: 1.0, Diff: 0.2, Sum: 3.7]
      [Update RS (ms): Min: 1.0, Avg: 1.5, Max: 1.8, Diff: 0.8, Sum: 6.1]
         [Processed Buffers: Min: 3, Avg: 9.5, Max: 21, Diff: 18, Sum: 38]
      [Scan RS (ms): Min: 1.3, Avg: 1.4, Max: 1.4, Diff: 0.2, Sum: 5.5]
      [Code Root Scanning (ms): Min: 0.0, Avg: 0.0, Max: 0.0, Diff: 0.0, Sum: 0.0]
      [Object Copy (ms): Min: 1.6, Avg: 1.8, Max: 2.1, Diff: 0.5, Sum: 7.3]
      [Termination (ms): Min: 0.0, Avg: 0.4, Max: 0.5, Diff: 0.5, Sum: 1.6]
         [Termination Attempts: Min: 1, Avg: 1.0, Max: 1, Diff: 0, Sum: 4]
      [GC Worker Other (ms): Min: 0.0, Avg: 0.0, Max: 0.0, Diff: 0.0, Sum: 0.0]
      [GC Worker Total (ms): Min: 5.9, Avg: 6.1, Max: 6.2, Diff: 0.3, Sum: 24.3]
      [GC Worker End (ms): Min: 2253014.6, Avg: 2253014.8, Max: 2253014.8, Diff: 0.3]
   [Code Root Fixup: 0.0 ms]
   [Code Root Purge: 0.0 ms]
   [Clear CT: 0.1 ms]
   [Other: 0.4 ms]
      [Choose CSet: 0.0 ms]
      [Ref Proc: 0.1 ms]
      [Ref Enq: 0.0 ms]
      [Redirty Cards: 0.1 ms]
      [Humongous Register: 0.0 ms]
      [Humongous Reclaim: 0.0 ms]
      [Free CSet: 0.0 ms]
   [Eden: 79.0M(79.0M)->0.0B(77.0M) Survivors: 1024.0K->2048.0K Heap: 227.0M(256.0M)->148.6M(256.0M)]
 [Times: user=0.03 sys=0.00, real=0.01 secs] 
2020-04-13T16:21:10.075+0800: 2253.015: [GC concurrent-root-region-scan-start]
2020-04-13T16:21:10.079+0800: 2253.019: [GC concurrent-root-region-scan-end, 0.0039932 secs]
2020-04-13T16:21:10.079+0800: 2253.019: [GC concurrent-mark-start]
2020-04-13T16:21:10.112+0800: 2253.052: [GC concurrent-mark-end, 0.0326846 secs]
2020-04-13T16:21:10.112+0800: 2253.052: [GC remark 2020-04-13T16:21:10.112+0800: 2253.052: [Finalize Marking, 0.0001573 secs] 2020-04-13T16:21:10.112+0800: 2253.052: [GC ref-proc, 0.0001052 secs] 2020-04-13T16:21:10.113+0800: 2253.053: [Unloading, 0.0058100 secs], 0.0079938 secs]
 [Times: user=0.02 sys=0.00, real=0.01 secs] 
2020-04-13T16:21:10.121+0800: 2253.061: [GC cleanup 150M->150M(256M), 0.0004135 secs]
 [Times: user=0.00 sys=0.00, real=0.00 secs] 
2020-04-13T16:21:11.840+0800: 2254.780: [GC pause (G1 Evacuation Pause) (young), 0.0118165 secs]
   [Parallel Time: 11.1 ms, GC Workers: 4]
      [GC Worker Start (ms): Min: 2254780.4, Avg: 2254780.4, Max: 2254780.5, Diff: 0.1]
      [Ext Root Scanning (ms): Min: 0.4, Avg: 0.4, Max: 0.5, Diff: 0.1, Sum: 1.6]
      [Update RS (ms): Min: 1.4, Avg: 1.9, Max: 2.2, Diff: 0.7, Sum: 7.5]
         [Processed Buffers: Min: 2, Avg: 6.8, Max: 12, Diff: 10, Sum: 27]
      [Scan RS (ms): Min: 0.9, Avg: 1.2, Max: 1.7, Diff: 0.8, Sum: 4.8]
      [Code Root Scanning (ms): Min: 0.0, Avg: 0.0, Max: 0.0, Diff: 0.0, Sum: 0.0]
      [Object Copy (ms): Min: 4.0, Avg: 4.4, Max: 5.3, Diff: 1.3, Sum: 17.5]
      [Termination (ms): Min: 0.0, Avg: 2.6, Max: 3.5, Diff: 3.5, Sum: 10.4]
         [Termination Attempts: Min: 1, Avg: 1.0, Max: 1, Diff: 0, Sum: 4]
      [GC Worker Other (ms): Min: 0.0, Avg: 0.0, Max: 0.0, Diff: 0.0, Sum: 0.1]
      [GC Worker Total (ms): Min: 8.8, Avg: 10.5, Max: 11.1, Diff: 2.2, Sum: 42.0]
      [GC Worker End (ms): Min: 2254789.2, Avg: 2254790.9, Max: 2254791.5, Diff: 2.2]
   [Code Root Fixup: 0.1 ms]
   [Code Root Purge: 0.0 ms]
   [Clear CT: 0.1 ms]
   [Other: 0.5 ms]
      [Choose CSet: 0.0 ms]
      [Ref Proc: 0.2 ms]
      [Ref Enq: 0.0 ms]
      [Redirty Cards: 0.1 ms]
      [Humongous Register: 0.0 ms]
      [Humongous Reclaim: 0.0 ms]
      [Free CSet: 0.0 ms]
   [Eden: 77.0M(77.0M)->0.0B(79.0M) Survivors: 2048.0K->1024.0K Heap: 225.6M(256.0M)->148.1M(256.0M)]
 [Times: user=0.02 sys=0.00, real=0.01 secs] 
2020-04-13T16:21:13.822+0800: 2256.762: [GC pause (G1 Evacuation Pause) (young), 0.0058831 secs]
   [Parallel Time: 5.1 ms, GC Workers: 4]
      [GC Worker Start (ms): Min: 2256762.3, Avg: 2256762.4, Max: 2256762.4, Diff: 0.0]
      [Ext Root Scanning (ms): Min: 0.4, Avg: 0.4, Max: 0.5, Diff: 0.2, Sum: 1.6]
      [Update RS (ms): Min: 1.4, Avg: 2.1, Max: 3.5, Diff: 2.1, Sum: 8.3]
         [Processed Buffers: Min: 4, Avg: 8.0, Max: 14, Diff: 10, Sum: 32]
      [Scan RS (ms): Min: 0.0, Avg: 1.0, Max: 1.5, Diff: 1.5, Sum: 4.0]
      [Code Root Scanning (ms): Min: 0.0, Avg: 0.0, Max: 0.0, Diff: 0.0, Sum: 0.0]
      [Object Copy (ms): Min: 1.1, Avg: 1.5, Max: 1.7, Diff: 0.6, Sum: 6.2]
      [Termination (ms): Min: 0.0, Avg: 0.0, Max: 0.0, Diff: 0.0, Sum: 0.0]
         [Termination Attempts: Min: 1, Avg: 1.0, Max: 1, Diff: 0, Sum: 4]
      [GC Worker Other (ms): Min: 0.0, Avg: 0.0, Max: 0.0, Diff: 0.0, Sum: 0.1]
      [GC Worker Total (ms): Min: 5.0, Avg: 5.0, Max: 5.1, Diff: 0.0, Sum: 20.2]
      [GC Worker End (ms): Min: 2256767.4, Avg: 2256767.4, Max: 2256767.4, Diff: 0.0]
   [Code Root Fixup: 0.0 ms]
   [Code Root Purge: 0.0 ms]
   [Clear CT: 0.1 ms]
   [Other: 0.7 ms]
      [Choose CSet: 0.0 ms]
      [Ref Proc: 0.4 ms]
      [Ref Enq: 0.0 ms]
      [Redirty Cards: 0.0 ms]
      [Humongous Register: 0.0 ms]
      [Humongous Reclaim: 0.0 ms]
      [Free CSet: 0.0 ms]
   [Eden: 79.0M(79.0M)->0.0B(77.0M) Survivors: 1024.0K->2048.0K Heap: 227.1M(256.0M)->148.6M(256.0M)]
 [Times: user=0.02 sys=0.00, real=0.00 secs] 
2020-04-13T16:21:15.776+0800: 2258.716: [GC pause (G1 Evacuation Pause) (young) (initial-mark), 0.0192960 secs]
   [Parallel Time: 17.2 ms, GC Workers: 4]
      [GC Worker Start (ms): Min: 2258716.5, Avg: 2258716.5, Max: 2258716.6, Diff: 0.1]
      [Ext Root Scanning (ms): Min: 0.8, Avg: 0.9, Max: 0.9, Diff: 0.1, Sum: 3.5]
      [Update RS (ms): Min: 1.8, Avg: 1.9, Max: 2.2, Diff: 0.4, Sum: 7.6]
         [Processed Buffers: Min: 0, Avg: 8.2, Max: 18, Diff: 18, Sum: 33]
      [Scan RS (ms): Min: 1.7, Avg: 2.4, Max: 3.7, Diff: 1.9, Sum: 9.5]
      [Code Root Scanning (ms): Min: 0.0, Avg: 0.0, Max: 0.0, Diff: 0.0, Sum: 0.0]
      [Object Copy (ms): Min: 0.3, Avg: 1.7, Max: 2.7, Diff: 2.3, Sum: 6.8]
      [Termination (ms): Min: 0.0, Avg: 7.7, Max: 10.4, Diff: 10.4, Sum: 30.8]
         [Termination Attempts: Min: 1, Avg: 1.5, Max: 3, Diff: 2, Sum: 6]
      [GC Worker Other (ms): Min: 0.0, Avg: 0.0, Max: 0.1, Diff: 0.0, Sum: 0.1]
      [GC Worker Total (ms): Min: 7.3, Avg: 14.6, Max: 17.1, Diff: 9.7, Sum: 58.4]
      [GC Worker End (ms): Min: 2258723.9, Avg: 2258731.1, Max: 2258733.6, Diff: 9.7]
   [Code Root Fixup: 0.1 ms]
   [Code Root Purge: 0.0 ms]
   [Clear CT: 0.3 ms]
   [Other: 1.6 ms]
      [Choose CSet: 0.0 ms]
      [Ref Proc: 0.7 ms]
      [Ref Enq: 0.0 ms]
      [Redirty Cards: 0.5 ms]
      [Humongous Register: 0.0 ms]
      [Humongous Reclaim: 0.0 ms]
      [Free CSet: 0.1 ms]
   [Eden: 77.0M(77.0M)->0.0B(77.0M) Survivors: 2048.0K->2048.0K Heap: 225.6M(256.0M)->148.8M(256.0M)]
 [Times: user=0.02 sys=0.00, real=0.02 secs] 
2020-04-13T16:21:15.796+0800: 2258.736: [GC concurrent-root-region-scan-start]
2020-04-13T16:21:15.803+0800: 2258.743: [GC concurrent-root-region-scan-end, 0.0069830 secs]
2020-04-13T16:21:15.803+0800: 2258.743: [GC concurrent-mark-start]
2020-04-13T16:21:15.835+0800: 2258.775: [GC concurrent-mark-end, 0.0313990 secs]
2020-04-13T16:21:15.835+0800: 2258.775: [GC remark 2020-04-13T16:21:15.835+0800: 2258.775: [Finalize Marking, 0.0068606 secs] 2020-04-13T16:21:15.842+0800: 2258.782: [GC ref-proc, 0.0000961 secs] 2020-04-13T16:21:15.842+0800: 2258.782: [Unloading, 0.0055911 secs], 0.0144054 secs]
 [Times: user=0.02 sys=0.00, real=0.01 secs] 
2020-04-13T16:21:15.850+0800: 2258.789: [GC cleanup 150M->150M(256M), 0.0004171 secs]
 [Times: user=0.00 sys=0.00, real=0.00 secs] 
2020-04-13T16:21:17.714+0800: 2260.653: [GC pause (G1 Evacuation Pause) (young), 0.0098008 secs]
   [Parallel Time: 5.9 ms, GC Workers: 4]
      [GC Worker Start (ms): Min: 2260653.5, Avg: 2260654.4, Max: 2260656.2, Diff: 2.7]
      [Ext Root Scanning (ms): Min: 0.0, Avg: 0.4, Max: 0.9, Diff: 0.9, Sum: 1.6]
      [Update RS (ms): Min: 0.0, Avg: 1.5, Max: 2.1, Diff: 2.0, Sum: 5.9]
         [Processed Buffers: Min: 1, Avg: 8.2, Max: 23, Diff: 22, Sum: 33]
      [Scan RS (ms): Min: 1.2, Avg: 1.3, Max: 1.5, Diff: 0.3, Sum: 5.4]
      [Code Root Scanning (ms): Min: 0.0, Avg: 0.0, Max: 0.0, Diff: 0.0, Sum: 0.0]
      [Object Copy (ms): Min: 1.4, Avg: 1.5, Max: 1.6, Diff: 0.2, Sum: 5.9]
      [Termination (ms): Min: 0.0, Avg: 0.0, Max: 0.0, Diff: 0.0, Sum: 0.0]
         [Termination Attempts: Min: 1, Avg: 1.0, Max: 1, Diff: 0, Sum: 4]
      [GC Worker Other (ms): Min: 0.0, Avg: 0.0, Max: 0.0, Diff: 0.0, Sum: 0.0]
      [GC Worker Total (ms): Min: 2.9, Avg: 4.7, Max: 5.6, Diff: 2.7, Sum: 18.9]
      [GC Worker End (ms): Min: 2260659.1, Avg: 2260659.1, Max: 2260659.1, Diff: 0.0]
   [Code Root Fixup: 0.0 ms]
   [Code Root Purge: 0.0 ms]
   [Clear CT: 0.1 ms]
   [Other: 3.8 ms]
      [Choose CSet: 0.0 ms]
      [Ref Proc: 3.6 ms]
      [Ref Enq: 0.0 ms]
      [Redirty Cards: 0.1 ms]
      [Humongous Register: 0.0 ms]
      [Humongous Reclaim: 0.0 ms]
      [Free CSet: 0.0 ms]
   [Eden: 77.0M(77.0M)->0.0B(79.0M) Survivors: 2048.0K->1024.0K Heap: 225.8M(256.0M)->148.4M(256.0M)]
 [Times: user=0.02 sys=0.01, real=0.01 secs] 
2020-04-13T16:21:19.639+0800: 2262.579: [GC pause (G1 Evacuation Pause) (young), 0.0064767 secs]
   [Parallel Time: 6.0 ms, GC Workers: 4]
      [GC Worker Start (ms): Min: 2262578.9, Avg: 2262578.9, Max: 2262578.9, Diff: 0.0]
      [Ext Root Scanning (ms): Min: 0.4, Avg: 0.4, Max: 0.5, Diff: 0.1, Sum: 1.6]
      [Update RS (ms): Min: 2.0, Avg: 2.1, Max: 2.1, Diff: 0.0, Sum: 8.2]
         [Processed Buffers: Min: 2, Avg: 8.8, Max: 21, Diff: 19, Sum: 35]
      [Scan RS (ms): Min: 1.7, Avg: 1.7, Max: 1.8, Diff: 0.1, Sum: 6.8]
      [Code Root Scanning (ms): Min: 0.0, Avg: 0.0, Max: 0.0, Diff: 0.0, Sum: 0.0]
      [Object Copy (ms): Min: 1.7, Avg: 1.7, Max: 1.8, Diff: 0.1, Sum: 6.9]
      [Termination (ms): Min: 0.0, Avg: 0.0, Max: 0.0, Diff: 0.0, Sum: 0.0]
         [Termination Attempts: Min: 1, Avg: 1.0, Max: 1, Diff: 0, Sum: 4]
      [GC Worker Other (ms): Min: 0.0, Avg: 0.0, Max: 0.1, Diff: 0.0, Sum: 0.1]
      [GC Worker Total (ms): Min: 5.9, Avg: 5.9, Max: 5.9, Diff: 0.0, Sum: 23.6]
      [GC Worker End (ms): Min: 2262584.8, Avg: 2262584.8, Max: 2262584.9, Diff: 0.0]
   [Code Root Fixup: 0.0 ms]
   [Code Root Purge: 0.0 ms]
   [Clear CT: 0.0 ms]
   [Other: 0.4 ms]
      [Choose CSet: 0.0 ms]
      [Ref Proc: 0.1 ms]
      [Ref Enq: 0.0 ms]
      [Redirty Cards: 0.1 ms]
      [Humongous Register: 0.0 ms]
      [Humongous Reclaim: 0.0 ms]
      [Free CSet: 0.0 ms]
   [Eden: 79.0M(79.0M)->0.0B(77.0M) Survivors: 1024.0K->2048.0K Heap: 227.4M(256.0M)->148.9M(256.0M)]
 [Times: user=0.02 sys=0.00, real=0.01 secs] 
2020-04-13T16:21:21.287+0800: 2264.227: [GC pause (G1 Evacuation Pause) (young) (initial-mark), 0.0091978 secs]
   [Parallel Time: 8.2 ms, GC Workers: 4]
      [GC Worker Start (ms): Min: 2264226.8, Avg: 2264226.8, Max: 2264226.8, Diff: 0.1]
      [Ext Root Scanning (ms): Min: 0.6, Avg: 0.6, Max: 0.7, Diff: 0.1, Sum: 2.4]
      [Update RS (ms): Min: 1.5, Avg: 3.1, Max: 7.2, Diff: 5.8, Sum: 12.4]
         [Processed Buffers: Min: 3, Avg: 8.5, Max: 22, Diff: 19, Sum: 34]
      [Scan RS (ms): Min: 0.0, Avg: 2.9, Max: 4.3, Diff: 4.3, Sum: 11.7]
      [Code Root Scanning (ms): Min: 0.0, Avg: 0.0, Max: 0.0, Diff: 0.0, Sum: 0.0]
      [Object Copy (ms): Min: 0.2, Avg: 1.4, Max: 1.9, Diff: 1.7, Sum: 5.6]
      [Termination (ms): Min: 0.0, Avg: 0.0, Max: 0.0, Diff: 0.0, Sum: 0.0]
         [Termination Attempts: Min: 1, Avg: 1.0, Max: 1, Diff: 0, Sum: 4]
      [GC Worker Other (ms): Min: 0.0, Avg: 0.0, Max: 0.1, Diff: 0.1, Sum: 0.1]
      [GC Worker Total (ms): Min: 8.0, Avg: 8.1, Max: 8.1, Diff: 0.0, Sum: 32.2]
      [GC Worker End (ms): Min: 2264234.9, Avg: 2264234.9, Max: 2264234.9, Diff: 0.0]
   [Code Root Fixup: 0.0 ms]
   [Code Root Purge: 0.0 ms]
   [Clear CT: 0.1 ms]
   [Other: 0.9 ms]
      [Choose CSet: 0.0 ms]
      [Ref Proc: 0.7 ms]
      [Ref Enq: 0.0 ms]
      [Redirty Cards: 0.1 ms]
      [Humongous Register: 0.0 ms]
      [Humongous Reclaim: 0.0 ms]
      [Free CSet: 0.0 ms]
   [Eden: 77.0M(77.0M)->0.0B(79.0M) Survivors: 2048.0K->1024.0K Heap: 225.9M(256.0M)->148.7M(256.0M)]
 [Times: user=0.02 sys=0.00, real=0.01 secs] 
2020-04-13T16:21:21.296+0800: 2264.236: [GC concurrent-root-region-scan-start]
2020-04-13T16:21:21.299+0800: 2264.239: [GC concurrent-root-region-scan-end, 0.0032810 secs]
2020-04-13T16:21:21.299+0800: 2264.239: [GC concurrent-mark-start]
2020-04-13T16:21:21.331+0800: 2264.271: [GC concurrent-mark-end, 0.0313041 secs]
2020-04-13T16:21:21.331+0800: 2264.271: [GC remark 2020-04-13T16:21:21.331+0800: 2264.271: [Finalize Marking, 0.0001773 secs] 2020-04-13T16:21:21.331+0800: 2264.271: [GC ref-proc, 0.0001050 secs] 2020-04-13T16:21:21.331+0800: 2264.271: [Unloading, 0.0041178 secs], 0.0063787 secs]
 [Times: user=0.02 sys=0.00, real=0.00 secs] 
2020-04-13T16:21:21.338+0800: 2264.278: [GC cleanup 150M->150M(256M), 0.0008577 secs]
 [Times: user=0.00 sys=0.00, real=0.00 secs] 
2020-04-13T16:21:23.064+0800: 2266.004: [GC pause (G1 Evacuation Pause) (young), 0.0088213 secs]
   [Parallel Time: 5.3 ms, GC Workers: 4]
      [GC Worker Start (ms): Min: 2266003.7, Avg: 2266003.8, Max: 2266003.8, Diff: 0.1]
      [Ext Root Scanning (ms): Min: 0.4, Avg: 0.5, Max: 0.5, Diff: 0.1, Sum: 1.9]
      [Update RS (ms): Min: 1.2, Avg: 1.5, Max: 1.8, Diff: 0.7, Sum: 6.2]
         [Processed Buffers: Min: 3, Avg: 7.8, Max: 22, Diff: 19, Sum: 31]
      [Scan RS (ms): Min: 1.2, Avg: 1.5, Max: 1.9, Diff: 0.7, Sum: 6.2]
      [Code Root Scanning (ms): Min: 0.0, Avg: 0.0, Max: 0.0, Diff: 0.0, Sum: 0.0]
      [Object Copy (ms): Min: 1.4, Avg: 1.4, Max: 1.5, Diff: 0.1, Sum: 5.7]
      [Termination (ms): Min: 0.0, Avg: 0.0, Max: 0.0, Diff: 0.0, Sum: 0.0]
         [Termination Attempts: Min: 1, Avg: 1.0, Max: 1, Diff: 0, Sum: 4]
      [GC Worker Other (ms): Min: 0.0, Avg: 0.1, Max: 0.2, Diff: 0.2, Sum: 0.2]
      [GC Worker Total (ms): Min: 5.0, Avg: 5.0, Max: 5.1, Diff: 0.1, Sum: 20.2]
      [GC Worker End (ms): Min: 2266008.8, Avg: 2266008.8, Max: 2266008.9, Diff: 0.2]
   [Code Root Fixup: 0.1 ms]
   [Code Root Purge: 0.0 ms]
   [Clear CT: 0.0 ms]
   [Other: 3.5 ms]
      [Choose CSet: 0.0 ms]
      [Ref Proc: 3.2 ms]
      [Ref Enq: 0.0 ms]
      [Redirty Cards: 0.1 ms]
      [Humongous Register: 0.0 ms]
      [Humongous Reclaim: 0.0 ms]
      [Free CSet: 0.0 ms]
   [Eden: 79.0M(79.0M)->0.0B(77.0M) Survivors: 1024.0K->2048.0K Heap: 227.7M(256.0M)->149.1M(256.0M)]
 [Times: user=0.02 sys=0.00, real=0.01 secs] 
2020-04-13T16:21:24.847+0800: 2267.786: [GC pause (G1 Evacuation Pause) (young), 0.0091057 secs]
   [Parallel Time: 8.3 ms, GC Workers: 4]
      [GC Worker Start (ms): Min: 2267786.5, Avg: 2267788.5, Max: 2267794.5, Diff: 8.0]
      [Ext Root Scanning (ms): Min: 0.0, Avg: 0.4, Max: 0.6, Diff: 0.6, Sum: 1.7]
      [Update RS (ms): Min: 0.0, Avg: 1.4, Max: 2.0, Diff: 2.0, Sum: 5.6]
         [Processed Buffers: Min: 0, Avg: 9.0, Max: 29, Diff: 29, Sum: 36]
      [Scan RS (ms): Min: 0.0, Avg: 2.3, Max: 3.3, Diff: 3.3, Sum: 9.3]
      [Code Root Scanning (ms): Min: 0.0, Avg: 0.0, Max: 0.0, Diff: 0.0, Sum: 0.0]
      [Object Copy (ms): Min: 0.0, Avg: 1.3, Max: 1.8, Diff: 1.8, Sum: 5.2]
      [Termination (ms): Min: 0.0, Avg: 0.6, Max: 0.9, Diff: 0.9, Sum: 2.4]
         [Termination Attempts: Min: 1, Avg: 1.0, Max: 1, Diff: 0, Sum: 4]
      [GC Worker Other (ms): Min: 0.0, Avg: 0.0, Max: 0.0, Diff: 0.0, Sum: 0.1]
      [GC Worker Total (ms): Min: 0.0, Avg: 6.1, Max: 8.2, Diff: 8.1, Sum: 24.4]
      [GC Worker End (ms): Min: 2267794.5, Avg: 2267794.6, Max: 2267794.7, Diff: 0.2]
   [Code Root Fixup: 0.1 ms]
   [Code Root Purge: 0.0 ms]
   [Clear CT: 0.1 ms]
   [Other: 0.7 ms]
      [Choose CSet: 0.0 ms]
      [Ref Proc: 0.5 ms]
      [Ref Enq: 0.0 ms]
      [Redirty Cards: 0.1 ms]
      [Humongous Register: 0.0 ms]
      [Humongous Reclaim: 0.0 ms]
      [Free CSet: 0.0 ms]
   [Eden: 77.0M(77.0M)->0.0B(79.0M) Survivors: 2048.0K->1024.0K Heap: 226.1M(256.0M)->148.6M(256.0M)]
 [Times: user=0.02 sys=0.01, real=0.01 secs] 
2020-04-13T16:21:26.590+0800: 2269.530: [GC pause (G1 Evacuation Pause) (young) (initial-mark), 0.0088645 secs]
   [Parallel Time: 7.5 ms, GC Workers: 4]
      [GC Worker Start (ms): Min: 2269530.3, Avg: 2269530.3, Max: 2269530.3, Diff: 0.0]
      [Ext Root Scanning (ms): Min: 0.6, Avg: 0.6, Max: 0.6, Diff: 0.0, Sum: 2.5]
      [Update RS (ms): Min: 1.7, Avg: 2.0, Max: 2.2, Diff: 0.5, Sum: 7.9]
         [Processed Buffers: Min: 2, Avg: 7.2, Max: 19, Diff: 17, Sum: 29]
      [Scan RS (ms): Min: 1.2, Avg: 1.4, Max: 1.7, Diff: 0.5, Sum: 5.5]
      [Code Root Scanning (ms): Min: 0.0, Avg: 0.0, Max: 0.0, Diff: 0.0, Sum: 0.0]
      [Object Copy (ms): Min: 2.4, Avg: 2.6, Max: 3.2, Diff: 0.8, Sum: 10.6]
      [Termination (ms): Min: 0.0, Avg: 0.7, Max: 1.0, Diff: 1.0, Sum: 2.9]
         [Termination Attempts: Min: 1, Avg: 1.5, Max: 2, Diff: 1, Sum: 6]
      [GC Worker Other (ms): Min: 0.0, Avg: 0.0, Max: 0.0, Diff: 0.0, Sum: 0.1]
      [GC Worker Total (ms): Min: 7.3, Avg: 7.4, Max: 7.4, Diff: 0.2, Sum: 29.5]
      [GC Worker End (ms): Min: 2269537.6, Avg: 2269537.7, Max: 2269537.7, Diff: 0.2]
   [Code Root Fixup: 0.1 ms]
   [Code Root Purge: 0.0 ms]
   [Clear CT: 0.1 ms]
   [Other: 1.2 ms]
      [Choose CSet: 0.0 ms]
      [Ref Proc: 0.9 ms]
      [Ref Enq: 0.0 ms]
      [Redirty Cards: 0.1 ms]
      [Humongous Register: 0.0 ms]
      [Humongous Reclaim: 0.0 ms]
      [Free CSet: 0.0 ms]
   [Eden: 79.0M(79.0M)->0.0B(79.0M) Survivors: 1024.0K->1024.0K Heap: 227.6M(256.0M)->148.9M(256.0M)]
 [Times: user=0.03 sys=0.00, real=0.01 secs] 
2020-04-13T16:21:26.600+0800: 2269.539: [GC concurrent-root-region-scan-start]
2020-04-13T16:21:26.604+0800: 2269.544: [GC concurrent-root-region-scan-end, 0.0041458 secs]
2020-04-13T16:21:26.604+0800: 2269.544: [GC concurrent-mark-start]
2020-04-13T16:21:26.631+0800: 2269.571: [GC concurrent-mark-end, 0.0269815 secs]
2020-04-13T16:21:26.631+0800: 2269.571: [GC remark 2020-04-13T16:21:26.631+0800: 2269.571: [Finalize Marking, 0.0001604 secs] 2020-04-13T16:21:26.631+0800: 2269.571: [GC ref-proc, 0.0000906 secs] 2020-04-13T16:21:26.631+0800: 2269.571: [Unloading, 0.0044216 secs], 0.0062696 secs]
 [Times: user=0.02 sys=0.00, real=0.00 secs] 
2020-04-13T16:21:26.638+0800: 2269.578: [GC cleanup 150M->150M(256M), 0.0004889 secs]
 [Times: user=0.00 sys=0.00, real=0.00 secs] 
2020-04-13T16:21:28.607+0800: 2271.547: [GC pause (G1 Evacuation Pause) (young), 0.0085964 secs]
   [Parallel Time: 7.1 ms, GC Workers: 4]
      [GC Worker Start (ms): Min: 2271546.7, Avg: 2271546.8, Max: 2271546.9, Diff: 0.2]
      [Ext Root Scanning (ms): Min: 0.3, Avg: 0.7, Max: 1.4, Diff: 1.0, Sum: 2.9]
      [Update RS (ms): Min: 2.0, Avg: 3.0, Max: 4.0, Diff: 2.0, Sum: 12.0]
         [Processed Buffers: Min: 2, Avg: 8.5, Max: 15, Diff: 13, Sum: 34]
      [Scan RS (ms): Min: 0.8, Avg: 1.6, Max: 1.9, Diff: 1.1, Sum: 6.3]
      [Code Root Scanning (ms): Min: 0.0, Avg: 0.0, Max: 0.0, Diff: 0.0, Sum: 0.0]
      [Object Copy (ms): Min: 1.5, Avg: 1.6, Max: 1.6, Diff: 0.1, Sum: 6.3]
      [Termination (ms): Min: 0.0, Avg: 0.0, Max: 0.0, Diff: 0.0, Sum: 0.0]
         [Termination Attempts: Min: 1, Avg: 1.0, Max: 1, Diff: 0, Sum: 4]
      [GC Worker Other (ms): Min: 0.0, Avg: 0.0, Max: 0.0, Diff: 0.0, Sum: 0.1]
      [GC Worker Total (ms): Min: 6.8, Avg: 6.9, Max: 7.0, Diff: 0.2, Sum: 27.5]
      [GC Worker End (ms): Min: 2271553.7, Avg: 2271553.7, Max: 2271553.7, Diff: 0.0]
   [Code Root Fixup: 0.1 ms]
   [Code Root Purge: 0.0 ms]
   [Clear CT: 0.4 ms]
   [Other: 1.0 ms]
      [Choose CSet: 0.0 ms]
      [Ref Proc: 0.6 ms]
      [Ref Enq: 0.0 ms]
      [Redirty Cards: 0.1 ms]
      [Humongous Register: 0.0 ms]
      [Humongous Reclaim: 0.0 ms]
      [Free CSet: 0.1 ms]
   [Eden: 79.0M(79.0M)->0.0B(77.0M) Survivors: 1024.0K->2048.0K Heap: 227.9M(256.0M)->149.1M(256.0M)]
 [Times: user=0.02 sys=0.00, real=0.01 secs] 
2020-04-13T16:21:30.452+0800: 2273.392: [GC pause (G1 Evacuation Pause) (young), 0.0052127 secs]
   [Parallel Time: 4.7 ms, GC Workers: 4]
      [GC Worker Start (ms): Min: 2273391.6, Avg: 2273391.6, Max: 2273391.7, Diff: 0.0]
      [Ext Root Scanning (ms): Min: 0.4, Avg: 0.4, Max: 0.5, Diff: 0.1, Sum: 1.6]
      [Update RS (ms): Min: 1.1, Avg: 1.3, Max: 1.5, Diff: 0.4, Sum: 5.3]
         [Processed Buffers: Min: 3, Avg: 8.0, Max: 13, Diff: 10, Sum: 32]
      [Scan RS (ms): Min: 1.2, Avg: 1.5, Max: 1.6, Diff: 0.4, Sum: 5.8]
      [Code Root Scanning (ms): Min: 0.0, Avg: 0.0, Max: 0.0, Diff: 0.0, Sum: 0.0]
      [Object Copy (ms): Min: 1.3, Avg: 1.4, Max: 1.5, Diff: 0.2, Sum: 5.7]
      [Termination (ms): Min: 0.0, Avg: 0.0, Max: 0.0, Diff: 0.0, Sum: 0.0]
         [Termination Attempts: Min: 1, Avg: 1.0, Max: 1, Diff: 0, Sum: 4]
      [GC Worker Other (ms): Min: 0.0, Avg: 0.0, Max: 0.0, Diff: 0.0, Sum: 0.1]
      [GC Worker Total (ms): Min: 4.6, Avg: 4.6, Max: 4.6, Diff: 0.0, Sum: 18.4]
      [GC Worker End (ms): Min: 2273396.3, Avg: 2273396.3, Max: 2273396.3, Diff: 0.0]
   [Code Root Fixup: 0.0 ms]
   [Code Root Purge: 0.0 ms]
   [Clear CT: 0.0 ms]
   [Other: 0.4 ms]
      [Choose CSet: 0.0 ms]
      [Ref Proc: 0.2 ms]
      [Ref Enq: 0.0 ms]
      [Redirty Cards: 0.1 ms]
      [Humongous Register: 0.0 ms]
      [Humongous Reclaim: 0.0 ms]
      [Free CSet: 0.0 ms]
   [Eden: 77.0M(77.0M)->0.0B(78.0M) Survivors: 2048.0K->1024.0K Heap: 226.1M(256.0M)->148.9M(256.0M)]
 [Times: user=0.02 sys=0.00, real=0.00 secs] 
2020-04-13T16:21:32.371+0800: 2275.311: [GC pause (G1 Evacuation Pause) (young) (initial-mark), 0.0059415 secs]
   [Parallel Time: 5.4 ms, GC Workers: 4]
      [GC Worker Start (ms): Min: 2275311.1, Avg: 2275311.3, Max: 2275311.8, Diff: 0.7]
      [Ext Root Scanning (ms): Min: 0.1, Avg: 0.6, Max: 0.8, Diff: 0.7, Sum: 2.2]
      [Update RS (ms): Min: 1.3, Avg: 1.5, Max: 1.7, Diff: 0.4, Sum: 5.8]
         [Processed Buffers: Min: 3, Avg: 7.5, Max: 11, Diff: 8, Sum: 30]
      [Scan RS (ms): Min: 1.3, Avg: 1.5, Max: 1.8, Diff: 0.4, Sum: 6.2]
      [Code Root Scanning (ms): Min: 0.0, Avg: 0.0, Max: 0.0, Diff: 0.0, Sum: 0.0]
      [Object Copy (ms): Min: 1.4, Avg: 1.5, Max: 1.7, Diff: 0.3, Sum: 6.0]
      [Termination (ms): Min: 0.0, Avg: 0.0, Max: 0.0, Diff: 0.0, Sum: 0.0]
         [Termination Attempts: Min: 1, Avg: 1.0, Max: 1, Diff: 0, Sum: 4]
      [GC Worker Other (ms): Min: 0.0, Avg: 0.0, Max: 0.0, Diff: 0.0, Sum: 0.1]
      [GC Worker Total (ms): Min: 4.5, Avg: 5.1, Max: 5.3, Diff: 0.7, Sum: 20.3]
      [GC Worker End (ms): Min: 2275316.3, Avg: 2275316.3, Max: 2275316.3, Diff: 0.0]
   [Code Root Fixup: 0.1 ms]
   [Code Root Purge: 0.0 ms]
   [Clear CT: 0.0 ms]
   [Other: 0.4 ms]
      [Choose CSet: 0.0 ms]
      [Ref Proc: 0.2 ms]
      [Ref Enq: 0.0 ms]
      [Redirty Cards: 0.0 ms]
      [Humongous Register: 0.0 ms]
      [Humongous Reclaim: 0.0 ms]
      [Free CSet: 0.0 ms]
   [Eden: 78.0M(78.0M)->0.0B(76.0M) Survivors: 1024.0K->2048.0K Heap: 226.9M(256.0M)->149.3M(256.0M)]
 [Times: user=0.02 sys=0.00, real=0.00 secs] 
2020-04-13T16:21:32.377+0800: 2275.317: [GC concurrent-root-region-scan-start]
2020-04-13T16:21:32.381+0800: 2275.321: [GC concurrent-root-region-scan-end, 0.0039901 secs]
2020-04-13T16:21:32.381+0800: 2275.321: [GC concurrent-mark-start]
2020-04-13T16:21:32.423+0800: 2275.363: [GC concurrent-mark-end, 0.0419446 secs]
2020-04-13T16:21:32.423+0800: 2275.363: [GC remark 2020-04-13T16:21:32.423+0800: 2275.363: [Finalize Marking, 0.0110118 secs] 2020-04-13T16:21:32.435+0800: 2275.374: [GC ref-proc, 0.0001367 secs] 2020-04-13T16:21:32.435+0800: 2275.374: [Unloading, 0.0044858 secs], 0.0179022 secs]
 [Times: user=0.02 sys=0.00, real=0.02 secs] 
2020-04-13T16:21:32.442+0800: 2275.381: [GC cleanup 150M->150M(256M), 0.0004153 secs]
 [Times: user=0.01 sys=0.00, real=0.00 secs] 
2020-04-13T16:21:34.586+0800: 2277.526: [GC pause (G1 Evacuation Pause) (young), 0.0106736 secs]
   [Parallel Time: 9.6 ms, GC Workers: 4]
      [GC Worker Start (ms): Min: 2277526.2, Avg: 2277526.2, Max: 2277526.2, Diff: 0.0]
      [Ext Root Scanning (ms): Min: 0.5, Avg: 0.5, Max: 0.6, Diff: 0.0, Sum: 2.1]
      [Update RS (ms): Min: 1.4, Avg: 1.6, Max: 1.8, Diff: 0.4, Sum: 6.3]
         [Processed Buffers: Min: 4, Avg: 7.8, Max: 18, Diff: 14, Sum: 31]
      [Scan RS (ms): Min: 1.4, Avg: 2.3, Max: 3.7, Diff: 2.3, Sum: 9.0]
      [Code Root Scanning (ms): Min: 0.0, Avg: 0.0, Max: 0.0, Diff: 0.0, Sum: 0.0]
      [Object Copy (ms): Min: 1.5, Avg: 3.0, Max: 4.3, Diff: 2.8, Sum: 12.1]
      [Termination (ms): Min: 0.0, Avg: 1.1, Max: 2.2, Diff: 2.2, Sum: 4.6]
         [Termination Attempts: Min: 1, Avg: 1.0, Max: 1, Diff: 0, Sum: 4]
      [GC Worker Other (ms): Min: 0.0, Avg: 0.0, Max: 0.0, Diff: 0.0, Sum: 0.1]
      [GC Worker Total (ms): Min: 8.1, Avg: 8.5, Max: 9.4, Diff: 1.3, Sum: 34.1]
      [GC Worker End (ms): Min: 2277534.2, Avg: 2277534.7, Max: 2277535.6, Diff: 1.3]
   [Code Root Fixup: 0.1 ms]
   [Code Root Purge: 0.0 ms]
   [Clear CT: 0.1 ms]
   [Other: 1.0 ms]
      [Choose CSet: 0.0 ms]
      [Ref Proc: 0.7 ms]
      [Ref Enq: 0.0 ms]
      [Redirty Cards: 0.1 ms]
      [Humongous Register: 0.0 ms]
      [Humongous Reclaim: 0.0 ms]
      [Free CSet: 0.0 ms]
   [Eden: 76.0M(76.0M)->0.0B(11.0M) Survivors: 2048.0K->1024.0K Heap: 225.3M(256.0M)->149.0M(256.0M)]
 [Times: user=0.03 sys=0.00, real=0.02 secs] 
2020-04-13T16:21:34.935+0800: 2277.875: [GC pause (G1 Evacuation Pause) (mixed), 0.0090300 secs]
   [Parallel Time: 8.4 ms, GC Workers: 4]
      [GC Worker Start (ms): Min: 2277874.7, Avg: 2277874.7, Max: 2277874.7, Diff: 0.0]
      [Ext Root Scanning (ms): Min: 0.4, Avg: 0.4, Max: 0.5, Diff: 0.1, Sum: 1.7]
      [Update RS (ms): Min: 1.4, Avg: 1.4, Max: 1.5, Diff: 0.1, Sum: 5.8]
         [Processed Buffers: Min: 3, Avg: 8.0, Max: 21, Diff: 18, Sum: 32]
      [Scan RS (ms): Min: 2.0, Avg: 2.0, Max: 2.0, Diff: 0.1, Sum: 8.0]
      [Code Root Scanning (ms): Min: 0.0, Avg: 0.0, Max: 0.1, Diff: 0.1, Sum: 0.1]
      [Object Copy (ms): Min: 1.7, Avg: 2.0, Max: 2.3, Diff: 0.6, Sum: 7.9]
      [Termination (ms): Min: 0.0, Avg: 1.0, Max: 2.7, Diff: 2.7, Sum: 4.0]
         [Termination Attempts: Min: 1, Avg: 1.0, Max: 1, Diff: 0, Sum: 4]
      [GC Worker Other (ms): Min: 0.0, Avg: 0.0, Max: 0.0, Diff: 0.0, Sum: 0.1]
      [GC Worker Total (ms): Min: 6.3, Avg: 6.9, Max: 8.3, Diff: 2.0, Sum: 27.5]
      [GC Worker End (ms): Min: 2277881.0, Avg: 2277881.5, Max: 2277883.0, Diff: 2.0]
   [Code Root Fixup: 0.1 ms]
   [Code Root Purge: 0.0 ms]
   [Clear CT: 0.1 ms]
   [Other: 0.5 ms]
      [Choose CSet: 0.0 ms]
      [Ref Proc: 0.2 ms]
      [Ref Enq: 0.0 ms]
      [Redirty Cards: 0.1 ms]
      [Humongous Register: 0.0 ms]
      [Humongous Reclaim: 0.0 ms]
      [Free CSet: 0.0 ms]
   [Eden: 11.0M(11.0M)->0.0B(77.0M) Survivors: 1024.0K->2048.0K Heap: 160.0M(256.0M)->148.5M(256.0M)]
 [Times: user=0.03 sys=0.00, real=0.01 secs] 
2020-04-13T16:21:36.934+0800: 2279.873: [GC pause (G1 Evacuation Pause) (young), 0.0059807 secs]
   [Parallel Time: 5.2 ms, GC Workers: 4]
      [GC Worker Start (ms): Min: 2279873.3, Avg: 2279873.5, Max: 2279873.9, Diff: 0.6]
      [Ext Root Scanning (ms): Min: 0.0, Avg: 0.4, Max: 0.5, Diff: 0.5, Sum: 1.5]
      [Update RS (ms): Min: 1.7, Avg: 1.8, Max: 2.0, Diff: 0.3, Sum: 7.1]
         [Processed Buffers: Min: 4, Avg: 7.5, Max: 12, Diff: 8, Sum: 30]
      [Scan RS (ms): Min: 1.0, Avg: 1.2, Max: 1.3, Diff: 0.3, Sum: 4.6]
      [Code Root Scanning (ms): Min: 0.0, Avg: 0.0, Max: 0.0, Diff: 0.0, Sum: 0.0]
      [Object Copy (ms): Min: 1.5, Avg: 1.6, Max: 1.8, Diff: 0.3, Sum: 6.3]
      [Termination (ms): Min: 0.0, Avg: 0.0, Max: 0.0, Diff: 0.0, Sum: 0.0]
         [Termination Attempts: Min: 1, Avg: 1.0, Max: 1, Diff: 0, Sum: 4]
      [GC Worker Other (ms): Min: 0.0, Avg: 0.0, Max: 0.0, Diff: 0.0, Sum: 0.0]
      [GC Worker Total (ms): Min: 4.5, Avg: 4.9, Max: 5.1, Diff: 0.6, Sum: 19.7]
      [GC Worker End (ms): Min: 2279878.4, Avg: 2279878.4, Max: 2279878.4, Diff: 0.0]
   [Code Root Fixup: 0.0 ms]
   [Code Root Purge: 0.0 ms]
   [Clear CT: 0.1 ms]
   [Other: 0.7 ms]
      [Choose CSet: 0.0 ms]
      [Ref Proc: 0.5 ms]
      [Ref Enq: 0.0 ms]
      [Redirty Cards: 0.0 ms]
      [Humongous Register: 0.0 ms]
      [Humongous Reclaim: 0.0 ms]
      [Free CSet: 0.0 ms]
   [Eden: 77.0M(77.0M)->0.0B(79.0M) Survivors: 2048.0K->1024.0K Heap: 225.5M(256.0M)->148.1M(256.0M)]
 [Times: user=0.02 sys=0.00, real=0.01 secs] 
2020-04-13T16:21:39.156+0800: 2282.096: [GC pause (G1 Evacuation Pause) (young) (initial-mark), 0.0066310 secs]
   [Parallel Time: 6.0 ms, GC Workers: 4]
      [GC Worker Start (ms): Min: 2282095.9, Avg: 2282095.9, Max: 2282095.9, Diff: 0.0]
      [Ext Root Scanning (ms): Min: 0.6, Avg: 0.6, Max: 0.7, Diff: 0.1, Sum: 2.5]
      [Update RS (ms): Min: 1.9, Avg: 2.3, Max: 2.7, Diff: 0.8, Sum: 9.2]
         [Processed Buffers: Min: 3, Avg: 8.2, Max: 13, Diff: 10, Sum: 33]
      [Scan RS (ms): Min: 0.6, Avg: 1.2, Max: 2.0, Diff: 1.3, Sum: 4.9]
      [Code Root Scanning (ms): Min: 0.0, Avg: 0.0, Max: 0.0, Diff: 0.0, Sum: 0.0]
      [Object Copy (ms): Min: 1.2, Avg: 1.7, Max: 1.9, Diff: 0.7, Sum: 7.0]
      [Termination (ms): Min: 0.0, Avg: 0.0, Max: 0.0, Diff: 0.0, Sum: 0.0]
         [Termination Attempts: Min: 1, Avg: 1.0, Max: 1, Diff: 0, Sum: 4]
      [GC Worker Other (ms): Min: 0.0, Avg: 0.0, Max: 0.0, Diff: 0.0, Sum: 0.1]
      [GC Worker Total (ms): Min: 5.9, Avg: 5.9, Max: 5.9, Diff: 0.0, Sum: 23.7]
      [GC Worker End (ms): Min: 2282101.8, Avg: 2282101.8, Max: 2282101.8, Diff: 0.0]
   [Code Root Fixup: 0.0 ms]
   [Code Root Purge: 0.0 ms]
   [Clear CT: 0.1 ms]
   [Other: 0.5 ms]
      [Choose CSet: 0.0 ms]
      [Ref Proc: 0.2 ms]
      [Ref Enq: 0.0 ms]
      [Redirty Cards: 0.1 ms]
      [Humongous Register: 0.0 ms]
      [Humongous Reclaim: 0.0 ms]
      [Free CSet: 0.0 ms]
   [Eden: 79.0M(79.0M)->0.0B(79.0M) Survivors: 1024.0K->1024.0K Heap: 227.1M(256.0M)->148.2M(256.0M)]
 [Times: user=0.02 sys=0.00, real=0.01 secs] 
2020-04-13T16:21:39.163+0800: 2282.103: [GC concurrent-root-region-scan-start]
2020-04-13T16:21:39.167+0800: 2282.107: [GC concurrent-root-region-scan-end, 0.0039114 secs]
2020-04-13T16:21:39.167+0800: 2282.107: [GC concurrent-mark-start]
2020-04-13T16:21:39.203+0800: 2282.143: [GC concurrent-mark-end, 0.0361516 secs]
2020-04-13T16:21:39.203+0800: 2282.143: [GC remark 2020-04-13T16:21:39.203+0800: 2282.143: [Finalize Marking, 0.0001492 secs] 2020-04-13T16:21:39.204+0800: 2282.143: [GC ref-proc, 0.0001088 secs] 2020-04-13T16:21:39.204+0800: 2282.143: [Unloading, 0.0047079 secs], 0.0067681 secs]
 [Times: user=0.02 sys=0.00, real=0.01 secs] 
2020-04-13T16:21:39.210+0800: 2282.150: [GC cleanup 149M->149M(256M), 0.0004121 secs]
 [Times: user=0.00 sys=0.00, real=0.00 secs] 
2020-04-13T16:21:41.148+0800: 2284.088: [GC pause (G1 Evacuation Pause) (young), 0.0080256 secs]
   [Parallel Time: 6.3 ms, GC Workers: 4]
      [GC Worker Start (ms): Min: 2284088.2, Avg: 2284088.3, Max: 2284088.3, Diff: 0.1]
      [Ext Root Scanning (ms): Min: 1.1, Avg: 1.2, Max: 1.6, Diff: 0.5, Sum: 5.0]
      [Update RS (ms): Min: 0.6, Avg: 1.6, Max: 2.2, Diff: 1.6, Sum: 6.6]
         [Processed Buffers: Min: 4, Avg: 8.5, Max: 17, Diff: 13, Sum: 34]
      [Scan RS (ms): Min: 1.1, Avg: 1.3, Max: 1.4, Diff: 0.3, Sum: 5.1]
      [Code Root Scanning (ms): Min: 0.0, Avg: 0.0, Max: 0.0, Diff: 0.0, Sum: 0.0]
      [Object Copy (ms): Min: 1.5, Avg: 2.0, Max: 2.9, Diff: 1.3, Sum: 8.0]
      [Termination (ms): Min: 0.0, Avg: 0.0, Max: 0.0, Diff: 0.0, Sum: 0.0]
         [Termination Attempts: Min: 1, Avg: 1.0, Max: 1, Diff: 0, Sum: 4]
      [GC Worker Other (ms): Min: 0.0, Avg: 0.0, Max: 0.0, Diff: 0.0, Sum: 0.1]
      [GC Worker Total (ms): Min: 6.1, Avg: 6.2, Max: 6.2, Diff: 0.1, Sum: 24.8]
      [GC Worker End (ms): Min: 2284094.5, Avg: 2284094.5, Max: 2284094.5, Diff: 0.0]
   [Code Root Fixup: 0.1 ms]
   [Code Root Purge: 0.0 ms]
   [Clear CT: 0.1 ms]
   [Other: 1.5 ms]
      [Choose CSet: 0.0 ms]
      [Ref Proc: 1.1 ms]
      [Ref Enq: 0.0 ms]
      [Redirty Cards: 0.1 ms]
      [Humongous Register: 0.0 ms]
      [Humongous Reclaim: 0.0 ms]
      [Free CSet: 0.0 ms]
   [Eden: 79.0M(79.0M)->0.0B(77.0M) Survivors: 1024.0K->2048.0K Heap: 227.2M(256.0M)->148.6M(256.0M)]
 [Times: user=0.02 sys=0.00, real=0.01 secs] 
2020-04-13T16:21:43.167+0800: 2286.107: [GC pause (G1 Evacuation Pause) (young), 0.0084616 secs]
   [Parallel Time: 7.8 ms, GC Workers: 4]
      [GC Worker Start (ms): Min: 2286106.7, Avg: 2286106.7, Max: 2286106.8, Diff: 0.0]
      [Ext Root Scanning (ms): Min: 0.4, Avg: 0.4, Max: 0.5, Diff: 0.1, Sum: 1.7]
      [Update RS (ms): Min: 1.5, Avg: 1.8, Max: 2.3, Diff: 0.8, Sum: 7.2]
         [Processed Buffers: Min: 4, Avg: 7.8, Max: 13, Diff: 9, Sum: 31]
      [Scan RS (ms): Min: 1.7, Avg: 2.9, Max: 5.3, Diff: 3.5, Sum: 11.6]
      [Code Root Scanning (ms): Min: 0.0, Avg: 0.0, Max: 0.0, Diff: 0.0, Sum: 0.0]
      [Object Copy (ms): Min: 0.1, Avg: 1.6, Max: 2.1, Diff: 2.1, Sum: 6.3]
      [Termination (ms): Min: 0.0, Avg: 0.8, Max: 1.2, Diff: 1.2, Sum: 3.2]
         [Termination Attempts: Min: 1, Avg: 1.0, Max: 1, Diff: 0, Sum: 4]
      [GC Worker Other (ms): Min: 0.0, Avg: 0.0, Max: 0.0, Diff: 0.0, Sum: 0.0]
      [GC Worker Total (ms): Min: 7.3, Avg: 7.5, Max: 7.8, Diff: 0.5, Sum: 30.2]
      [GC Worker End (ms): Min: 2286114.0, Avg: 2286114.3, Max: 2286114.5, Diff: 0.5]
   [Code Root Fixup: 0.1 ms]
   [Code Root Purge: 0.0 ms]
   [Clear CT: 0.0 ms]
   [Other: 0.6 ms]
      [Choose CSet: 0.0 ms]
      [Ref Proc: 0.4 ms]
      [Ref Enq: 0.0 ms]
      [Redirty Cards: 0.1 ms]
      [Humongous Register: 0.0 ms]
      [Humongous Reclaim: 0.0 ms]
      [Free CSet: 0.0 ms]
   [Eden: 77.0M(77.0M)->0.0B(79.0M) Survivors: 2048.0K->1024.0K Heap: 225.6M(256.0M)->148.4M(256.0M)]
 [Times: user=0.02 sys=0.00, real=0.01 secs] 
2020-04-13T16:21:45.385+0800: 2288.325: [GC pause (G1 Evacuation Pause) (young) (initial-mark), 0.0066102 secs]
   [Parallel Time: 5.9 ms, GC Workers: 4]
      [GC Worker Start (ms): Min: 2288325.0, Avg: 2288325.0, Max: 2288325.0, Diff: 0.0]
      [Ext Root Scanning (ms): Min: 0.6, Avg: 0.6, Max: 0.6, Diff: 0.0, Sum: 2.5]
      [Update RS (ms): Min: 1.8, Avg: 1.9, Max: 2.1, Diff: 0.2, Sum: 7.8]
         [Processed Buffers: Min: 4, Avg: 8.5, Max: 13, Diff: 9, Sum: 34]
      [Scan RS (ms): Min: 0.8, Avg: 0.9, Max: 1.0, Diff: 0.3, Sum: 3.7]
      [Code Root Scanning (ms): Min: 0.0, Avg: 0.0, Max: 0.0, Diff: 0.0, Sum: 0.0]
      [Object Copy (ms): Min: 2.1, Avg: 2.2, Max: 2.3, Diff: 0.2, Sum: 8.8]
      [Termination (ms): Min: 0.0, Avg: 0.1, Max: 0.1, Diff: 0.1, Sum: 0.4]
         [Termination Attempts: Min: 1, Avg: 1.0, Max: 1, Diff: 0, Sum: 4]
      [GC Worker Other (ms): Min: 0.0, Avg: 0.0, Max: 0.0, Diff: 0.0, Sum: 0.0]
      [GC Worker Total (ms): Min: 5.8, Avg: 5.8, Max: 5.8, Diff: 0.0, Sum: 23.2]
      [GC Worker End (ms): Min: 2288330.8, Avg: 2288330.8, Max: 2288330.8, Diff: 0.0]
   [Code Root Fixup: 0.1 ms]
   [Code Root Purge: 0.0 ms]
   [Clear CT: 0.1 ms]
   [Other: 0.6 ms]
      [Choose CSet: 0.0 ms]
      [Ref Proc: 0.3 ms]
      [Ref Enq: 0.0 ms]
      [Redirty Cards: 0.1 ms]
      [Humongous Register: 0.0 ms]
      [Humongous Reclaim: 0.0 ms]
      [Free CSet: 0.0 ms]
   [Eden: 79.0M(79.0M)->0.0B(77.0M) Survivors: 1024.0K->2048.0K Heap: 227.4M(256.0M)->148.7M(256.0M)]
 [Times: user=0.02 sys=0.00, real=0.01 secs] 
2020-04-13T16:21:45.397+0800: 2288.337: [GC concurrent-root-region-scan-start]
2020-04-13T16:21:45.403+0800: 2288.343: [GC concurrent-root-region-scan-end, 0.0059390 secs]
2020-04-13T16:21:45.403+0800: 2288.343: [GC concurrent-mark-start]
2020-04-13T16:21:45.446+0800: 2288.386: [GC concurrent-mark-end, 0.0430759 secs]
2020-04-13T16:21:45.447+0800: 2288.386: [GC remark 2020-04-13T16:21:45.447+0800: 2288.386: [Finalize Marking, 0.0001533 secs] 2020-04-13T16:21:45.447+0800: 2288.387: [GC ref-proc, 0.0000954 secs] 2020-04-13T16:21:45.447+0800: 2288.387: [Unloading, 0.0050533 secs], 0.0072291 secs]
 [Times: user=0.01 sys=0.00, real=0.01 secs] 
2020-04-13T16:21:45.455+0800: 2288.394: [GC cleanup 150M->150M(256M), 0.0004594 secs]
 [Times: user=0.00 sys=0.00, real=0.00 secs] 
2020-04-13T16:21:47.349+0800: 2290.288: [GC pause (G1 Evacuation Pause) (young), 0.0058624 secs]
   [Parallel Time: 5.1 ms, GC Workers: 4]
      [GC Worker Start (ms): Min: 2290288.5, Avg: 2290288.5, Max: 2290288.5, Diff: 0.0]
      [Ext Root Scanning (ms): Min: 0.4, Avg: 0.5, Max: 0.8, Diff: 0.4, Sum: 2.1]
      [Update RS (ms): Min: 1.9, Avg: 2.3, Max: 2.5, Diff: 0.6, Sum: 9.1]
         [Processed Buffers: Min: 5, Avg: 8.5, Max: 12, Diff: 7, Sum: 34]
      [Scan RS (ms): Min: 0.6, Avg: 0.8, Max: 1.1, Diff: 0.5, Sum: 3.3]
      [Code Root Scanning (ms): Min: 0.0, Avg: 0.0, Max: 0.0, Diff: 0.0, Sum: 0.0]
      [Object Copy (ms): Min: 1.3, Avg: 1.5, Max: 1.6, Diff: 0.3, Sum: 5.8]
      [Termination (ms): Min: 0.0, Avg: 0.0, Max: 0.0, Diff: 0.0, Sum: 0.0]
         [Termination Attempts: Min: 1, Avg: 1.0, Max: 1, Diff: 0, Sum: 4]
      [GC Worker Other (ms): Min: 0.0, Avg: 0.0, Max: 0.0, Diff: 0.0, Sum: 0.1]
      [GC Worker Total (ms): Min: 5.1, Avg: 5.1, Max: 5.1, Diff: 0.0, Sum: 20.3]
      [GC Worker End (ms): Min: 2290293.6, Avg: 2290293.6, Max: 2290293.6, Diff: 0.0]
   [Code Root Fixup: 0.0 ms]
   [Code Root Purge: 0.0 ms]
   [Clear CT: 0.1 ms]
   [Other: 0.6 ms]
      [Choose CSet: 0.0 ms]
      [Ref Proc: 0.4 ms]
      [Ref Enq: 0.0 ms]
      [Redirty Cards: 0.1 ms]
      [Humongous Register: 0.0 ms]
      [Humongous Reclaim: 0.0 ms]
      [Free CSet: 0.0 ms]
   [Eden: 77.0M(77.0M)->0.0B(79.0M) Survivors: 2048.0K->1024.0K Heap: 225.7M(256.0M)->148.4M(256.0M)]
 [Times: user=0.02 sys=0.00, real=0.01 secs] 
2020-04-13T16:21:49.421+0800: 2292.360: [GC pause (G1 Evacuation Pause) (young), 0.0217643 secs]
   [Parallel Time: 16.7 ms, GC Workers: 4]
      [GC Worker Start (ms): Min: 2292360.4, Avg: 2292360.5, Max: 2292360.5, Diff: 0.0]
      [Ext Root Scanning (ms): Min: 0.2, Avg: 0.7, Max: 1.8, Diff: 1.7, Sum: 2.8]
      [Update RS (ms): Min: 1.4, Avg: 2.7, Max: 3.6, Diff: 2.2, Sum: 10.6]
         [Processed Buffers: Min: 2, Avg: 8.5, Max: 16, Diff: 14, Sum: 34]
      [Scan RS (ms): Min: 0.4, Avg: 0.9, Max: 1.1, Diff: 0.7, Sum: 3.7]
      [Code Root Scanning (ms): Min: 0.0, Avg: 0.0, Max: 0.0, Diff: 0.0, Sum: 0.0]
      [Object Copy (ms): Min: 1.6, Avg: 1.8, Max: 2.3, Diff: 0.8, Sum: 7.2]
      [Termination (ms): Min: 0.0, Avg: 3.1, Max: 10.7, Diff: 10.7, Sum: 12.2]
         [Termination Attempts: Min: 1, Avg: 1.0, Max: 1, Diff: 0, Sum: 4]
      [GC Worker Other (ms): Min: 0.0, Avg: 0.0, Max: 0.0, Diff: 0.0, Sum: 0.1]
      [GC Worker Total (ms): Min: 6.6, Avg: 9.2, Max: 16.7, Diff: 10.0, Sum: 36.7]
      [GC Worker End (ms): Min: 2292367.1, Avg: 2292369.6, Max: 2292377.1, Diff: 10.0]
   [Code Root Fixup: 0.0 ms]
   [Code Root Purge: 0.0 ms]
   [Clear CT: 0.1 ms]
   [Other: 4.9 ms]
      [Choose CSet: 0.0 ms]
      [Ref Proc: 4.6 ms]
      [Ref Enq: 0.0 ms]
      [Redirty Cards: 0.1 ms]
      [Humongous Register: 0.0 ms]
      [Humongous Reclaim: 0.0 ms]
      [Free CSet: 0.0 ms]
   [Eden: 79.0M(79.0M)->0.0B(77.0M) Survivors: 1024.0K->2048.0K Heap: 227.4M(256.0M)->148.8M(256.0M)]
 [Times: user=0.02 sys=0.01, real=0.02 secs] 
2020-04-13T16:21:51.508+0800: 2294.448: [GC pause (G1 Evacuation Pause) (young) (initial-mark), 0.0082966 secs]
   [Parallel Time: 6.7 ms, GC Workers: 4]
      [GC Worker Start (ms): Min: 2294447.8, Avg: 2294448.0, Max: 2294448.6, Diff: 0.8]
      [Ext Root Scanning (ms): Min: 0.0, Avg: 0.6, Max: 0.8, Diff: 0.7, Sum: 2.2]
      [Update RS (ms): Min: 2.5, Avg: 2.8, Max: 3.0, Diff: 0.5, Sum: 11.0]
         [Processed Buffers: Min: 2, Avg: 7.5, Max: 13, Diff: 11, Sum: 30]
      [Scan RS (ms): Min: 1.3, Avg: 1.5, Max: 1.7, Diff: 0.4, Sum: 5.9]
      [Code Root Scanning (ms): Min: 0.0, Avg: 0.0, Max: 0.0, Diff: 0.0, Sum: 0.0]
      [Object Copy (ms): Min: 1.4, Avg: 1.5, Max: 1.5, Diff: 0.2, Sum: 6.0]
      [Termination (ms): Min: 0.0, Avg: 0.0, Max: 0.0, Diff: 0.0, Sum: 0.0]
         [Termination Attempts: Min: 1, Avg: 1.0, Max: 1, Diff: 0, Sum: 4]
      [GC Worker Other (ms): Min: 0.0, Avg: 0.0, Max: 0.0, Diff: 0.0, Sum: 0.1]
      [GC Worker Total (ms): Min: 5.7, Avg: 6.3, Max: 6.5, Diff: 0.8, Sum: 25.2]
      [GC Worker End (ms): Min: 2294454.3, Avg: 2294454.3, Max: 2294454.3, Diff: 0.0]
   [Code Root Fixup: 0.0 ms]
   [Code Root Purge: 0.0 ms]
   [Clear CT: 0.1 ms]
   [Other: 1.5 ms]
      [Choose CSet: 0.0 ms]
      [Ref Proc: 1.2 ms]
      [Ref Enq: 0.0 ms]
      [Redirty Cards: 0.1 ms]
      [Humongous Register: 0.0 ms]
      [Humongous Reclaim: 0.0 ms]
      [Free CSet: 0.0 ms]
   [Eden: 77.0M(77.0M)->0.0B(79.0M) Survivors: 2048.0K->1024.0K Heap: 225.8M(256.0M)->148.6M(256.0M)]
 [Times: user=0.02 sys=0.00, real=0.01 secs] 
2020-04-13T16:21:51.517+0800: 2294.456: [GC concurrent-root-region-scan-start]
2020-04-13T16:21:51.521+0800: 2294.460: [GC concurrent-root-region-scan-end, 0.0042116 secs]
2020-04-13T16:21:51.521+0800: 2294.460: [GC concurrent-mark-start]
2020-04-13T16:21:51.550+0800: 2294.489: [GC concurrent-mark-end, 0.0290700 secs]
2020-04-13T16:21:51.550+0800: 2294.490: [GC remark 2020-04-13T16:21:51.550+0800: 2294.490: [Finalize Marking, 0.0023951 secs] 2020-04-13T16:21:51.553+0800: 2294.492: [GC ref-proc, 0.0000994 secs] 2020-04-13T16:21:51.553+0800: 2294.492: [Unloading, 0.0068376 secs], 0.0118535 secs]
 [Times: user=0.02 sys=0.00, real=0.01 secs] 
2020-04-13T16:21:51.563+0800: 2294.503: [GC cleanup 150M->150M(256M), 0.0008437 secs]
 [Times: user=0.00 sys=0.00, real=0.00 secs] 
2020-04-13T16:21:53.448+0800: 2296.388: [GC pause (G1 Evacuation Pause) (young), 0.0094975 secs]
   [Parallel Time: 7.4 ms, GC Workers: 4]
      [GC Worker Start (ms): Min: 2296387.7, Avg: 2296387.7, Max: 2296387.8, Diff: 0.1]
      [Ext Root Scanning (ms): Min: 0.8, Avg: 0.8, Max: 0.8, Diff: 0.1, Sum: 3.2]
      [Update RS (ms): Min: 0.8, Avg: 2.3, Max: 3.3, Diff: 2.5, Sum: 9.2]
         [Processed Buffers: Min: 4, Avg: 9.0, Max: 17, Diff: 13, Sum: 36]
      [Scan RS (ms): Min: 1.2, Avg: 1.4, Max: 1.6, Diff: 0.4, Sum: 5.6]
      [Code Root Scanning (ms): Min: 0.0, Avg: 0.0, Max: 0.0, Diff: 0.0, Sum: 0.0]
      [Object Copy (ms): Min: 1.5, Avg: 2.6, Max: 4.2, Diff: 2.7, Sum: 10.5]
      [Termination (ms): Min: 0.0, Avg: 0.0, Max: 0.0, Diff: 0.0, Sum: 0.0]
         [Termination Attempts: Min: 1, Avg: 1.0, Max: 1, Diff: 0, Sum: 4]
      [GC Worker Other (ms): Min: 0.0, Avg: 0.0, Max: 0.0, Diff: 0.0, Sum: 0.1]
      [GC Worker Total (ms): Min: 7.1, Avg: 7.1, Max: 7.2, Diff: 0.1, Sum: 28.6]
      [GC Worker End (ms): Min: 2296394.9, Avg: 2296394.9, Max: 2296394.9, Diff: 0.0]
   [Code Root Fixup: 0.1 ms]
   [Code Root Purge: 0.0 ms]
   [Clear CT: 0.1 ms]
   [Other: 2.0 ms]
      [Choose CSet: 0.0 ms]
      [Ref Proc: 1.7 ms]
      [Ref Enq: 0.0 ms]
      [Redirty Cards: 0.1 ms]
      [Humongous Register: 0.0 ms]
      [Humongous Reclaim: 0.0 ms]
      [Free CSet: 0.0 ms]
   [Eden: 79.0M(79.0M)->0.0B(79.0M) Survivors: 1024.0K->1024.0K Heap: 227.6M(256.0M)->148.8M(256.0M)]
 [Times: user=0.02 sys=0.00, real=0.01 secs] 
2020-04-13T16:21:55.625+0800: 2298.564: [GC pause (G1 Evacuation Pause) (young), 0.0202281 secs]
   [Parallel Time: 7.0 ms, GC Workers: 4]
      [GC Worker Start (ms): Min: 2298564.5, Avg: 2298564.6, Max: 2298564.6, Diff: 0.0]
      [Ext Root Scanning (ms): Min: 0.5, Avg: 1.2, Max: 3.3, Diff: 2.8, Sum: 4.9]
      [Update RS (ms): Min: 0.0, Avg: 1.4, Max: 1.9, Diff: 1.9, Sum: 5.8]
         [Processed Buffers: Min: 0, Avg: 8.5, Max: 24, Diff: 24, Sum: 34]
      [Scan RS (ms): Min: 1.0, Avg: 1.7, Max: 2.2, Diff: 1.1, Sum: 7.0]
      [Code Root Scanning (ms): Min: 0.0, Avg: 0.0, Max: 0.0, Diff: 0.0, Sum: 0.0]
      [Object Copy (ms): Min: 2.3, Avg: 2.5, Max: 2.8, Diff: 0.4, Sum: 10.1]
      [Termination (ms): Min: 0.0, Avg: 0.0, Max: 0.0, Diff: 0.0, Sum: 0.0]
         [Termination Attempts: Min: 1, Avg: 1.0, Max: 1, Diff: 0, Sum: 4]
      [GC Worker Other (ms): Min: 0.0, Avg: 0.0, Max: 0.0, Diff: 0.0, Sum: 0.1]
      [GC Worker Total (ms): Min: 6.9, Avg: 7.0, Max: 7.0, Diff: 0.0, Sum: 27.9]
      [GC Worker End (ms): Min: 2298571.5, Avg: 2298571.5, Max: 2298571.5, Diff: 0.0]
   [Code Root Fixup: 0.1 ms]
   [Code Root Purge: 0.0 ms]
   [Clear CT: 0.3 ms]
   [Other: 12.8 ms]
      [Choose CSet: 0.0 ms]
      [Ref Proc: 11.2 ms]
      [Ref Enq: 0.0 ms]
      [Redirty Cards: 0.4 ms]
      [Humongous Register: 0.0 ms]
      [Humongous Reclaim: 0.0 ms]
      [Free CSet: 0.8 ms]
   [Eden: 79.0M(79.0M)->0.0B(77.0M) Survivors: 1024.0K->2048.0K Heap: 227.8M(256.0M)->149.2M(256.0M)]
 [Times: user=0.03 sys=0.00, real=0.02 secs] 
2020-04-13T16:21:57.399+0800: 2300.338: [GC pause (G1 Evacuation Pause) (young) (initial-mark), 0.0081178 secs]
   [Parallel Time: 7.3 ms, GC Workers: 4]
      [GC Worker Start (ms): Min: 2300338.0, Avg: 2300338.3, Max: 2300338.8, Diff: 0.7]
      [Ext Root Scanning (ms): Min: 0.0, Avg: 0.5, Max: 0.7, Diff: 0.7, Sum: 2.0]
      [Update RS (ms): Min: 1.2, Avg: 1.8, Max: 3.2, Diff: 2.0, Sum: 7.0]
         [Processed Buffers: Min: 3, Avg: 9.2, Max: 17, Diff: 14, Sum: 37]
      [Scan RS (ms): Min: 0.2, Avg: 1.7, Max: 2.5, Diff: 2.3, Sum: 6.7]
      [Code Root Scanning (ms): Min: 0.0, Avg: 0.0, Max: 0.0, Diff: 0.0, Sum: 0.0]
      [Object Copy (ms): Min: 1.7, Avg: 2.4, Max: 3.2, Diff: 1.5, Sum: 9.7]
      [Termination (ms): Min: 0.0, Avg: 0.5, Max: 0.8, Diff: 0.8, Sum: 2.2]
         [Termination Attempts: Min: 1, Avg: 1.0, Max: 1, Diff: 0, Sum: 4]
      [GC Worker Other (ms): Min: 0.0, Avg: 0.0, Max: 0.0, Diff: 0.0, Sum: 0.0]
      [GC Worker Total (ms): Min: 6.4, Avg: 6.9, Max: 7.1, Diff: 0.7, Sum: 27.6]
      [GC Worker End (ms): Min: 2300345.2, Avg: 2300345.2, Max: 2300345.3, Diff: 0.1]
   [Code Root Fixup: 0.0 ms]
   [Code Root Purge: 0.0 ms]
   [Clear CT: 0.1 ms]
   [Other: 0.7 ms]
      [Choose CSet: 0.0 ms]
      [Ref Proc: 0.5 ms]
      [Ref Enq: 0.0 ms]
      [Redirty Cards: 0.0 ms]
      [Humongous Register: 0.0 ms]
      [Humongous Reclaim: 0.0 ms]
      [Free CSet: 0.0 ms]
   [Eden: 77.0M(77.0M)->0.0B(79.0M) Survivors: 2048.0K->1024.0K Heap: 226.2M(256.0M)->148.8M(256.0M)]
 [Times: user=0.02 sys=0.00, real=0.01 secs] 
2020-04-13T16:21:57.407+0800: 2300.346: [GC concurrent-root-region-scan-start]
2020-04-13T16:21:57.411+0800: 2300.350: [GC concurrent-root-region-scan-end, 0.0036671 secs]
2020-04-13T16:21:57.411+0800: 2300.350: [GC concurrent-mark-start]
2020-04-13T16:21:57.443+0800: 2300.383: [GC concurrent-mark-end, 0.0326148 secs]
2020-04-13T16:21:57.443+0800: 2300.383: [GC remark 2020-04-13T16:21:57.443+0800: 2300.383: [Finalize Marking, 0.0001486 secs] 2020-04-13T16:21:57.444+0800: 2300.383: [GC ref-proc, 0.0000991 secs] 2020-04-13T16:21:57.444+0800: 2300.383: [Unloading, 0.0048613 secs], 0.0071728 secs]
 [Times: user=0.02 sys=0.01, real=0.01 secs] 
2020-04-13T16:21:57.451+0800: 2300.390: [GC cleanup 150M->150M(256M), 0.0004123 secs]
 [Times: user=0.00 sys=0.00, real=0.00 secs] 
2020-04-13T16:21:59.309+0800: 2302.249: [GC pause (G1 Evacuation Pause) (young), 0.0102493 secs]
   [Parallel Time: 9.8 ms, GC Workers: 4]
      [GC Worker Start (ms): Min: 2302249.2, Avg: 2302252.3, Max: 2302258.3, Diff: 9.2]
      [Ext Root Scanning (ms): Min: 0.0, Avg: 1.0, Max: 2.0, Diff: 2.0, Sum: 3.9]
      [Update RS (ms): Min: 0.0, Avg: 1.6, Max: 2.6, Diff: 2.6, Sum: 6.6]
         [Processed Buffers: Min: 0, Avg: 8.5, Max: 22, Diff: 22, Sum: 34]
      [Scan RS (ms): Min: 0.0, Avg: 1.3, Max: 2.1, Diff: 2.1, Sum: 5.2]
      [Code Root Scanning (ms): Min: 0.0, Avg: 0.0, Max: 0.0, Diff: 0.0, Sum: 0.0]
      [Object Copy (ms): Min: 0.0, Avg: 1.5, Max: 2.4, Diff: 2.4, Sum: 6.1]
      [Termination (ms): Min: 0.0, Avg: 0.7, Max: 1.0, Diff: 1.0, Sum: 2.8]
         [Termination Attempts: Min: 1, Avg: 1.0, Max: 1, Diff: 0, Sum: 4]
      [GC Worker Other (ms): Min: 0.0, Avg: 0.0, Max: 0.0, Diff: 0.0, Sum: 0.1]
      [GC Worker Total (ms): Min: 0.0, Avg: 6.2, Max: 9.4, Diff: 9.4, Sum: 24.6]
      [GC Worker End (ms): Min: 2302258.4, Avg: 2302258.5, Max: 2302258.6, Diff: 0.2]
   [Code Root Fixup: 0.1 ms]
   [Code Root Purge: 0.0 ms]
   [Clear CT: 0.1 ms]
   [Other: 0.3 ms]
      [Choose CSet: 0.0 ms]
      [Ref Proc: 0.1 ms]
      [Ref Enq: 0.0 ms]
      [Redirty Cards: 0.1 ms]
      [Humongous Register: 0.0 ms]
      [Humongous Reclaim: 0.0 ms]
      [Free CSet: 0.0 ms]
   [Eden: 79.0M(79.0M)->0.0B(78.0M) Survivors: 1024.0K->1024.0K Heap: 227.8M(256.0M)->148.9M(256.0M)]
 [Times: user=0.02 sys=0.00, real=0.02 secs] 
2020-04-13T16:22:01.322+0800: 2304.262: [GC pause (G1 Evacuation Pause) (young), 0.0066146 secs]
   [Parallel Time: 6.0 ms, GC Workers: 4]
      [GC Worker Start (ms): Min: 2304261.6, Avg: 2304261.6, Max: 2304261.6, Diff: 0.0]
      [Ext Root Scanning (ms): Min: 0.4, Avg: 0.4, Max: 0.5, Diff: 0.1, Sum: 1.7]
      [Update RS (ms): Min: 1.8, Avg: 2.0, Max: 2.1, Diff: 0.4, Sum: 7.9]
         [Processed Buffers: Min: 0, Avg: 7.5, Max: 19, Diff: 19, Sum: 30]
      [Scan RS (ms): Min: 1.0, Avg: 1.2, Max: 1.3, Diff: 0.3, Sum: 4.7]
      [Code Root Scanning (ms): Min: 0.0, Avg: 0.0, Max: 0.0, Diff: 0.0, Sum: 0.0]
      [Object Copy (ms): Min: 2.2, Avg: 2.3, Max: 2.3, Diff: 0.2, Sum: 9.1]
      [Termination (ms): Min: 0.0, Avg: 0.0, Max: 0.1, Diff: 0.1, Sum: 0.1]
         [Termination Attempts: Min: 1, Avg: 1.0, Max: 1, Diff: 0, Sum: 4]
      [GC Worker Other (ms): Min: 0.0, Avg: 0.0, Max: 0.1, Diff: 0.1, Sum: 0.1]
      [GC Worker Total (ms): Min: 5.9, Avg: 5.9, Max: 5.9, Diff: 0.0, Sum: 23.6]
      [GC Worker End (ms): Min: 2304267.5, Avg: 2304267.5, Max: 2304267.5, Diff: 0.0]
   [Code Root Fixup: 0.1 ms]
   [Code Root Purge: 0.0 ms]
   [Clear CT: 0.1 ms]
   [Other: 0.4 ms]
      [Choose CSet: 0.0 ms]
      [Ref Proc: 0.2 ms]
      [Ref Enq: 0.0 ms]
      [Redirty Cards: 0.0 ms]
      [Humongous Register: 0.0 ms]
      [Humongous Reclaim: 0.0 ms]
      [Free CSet: 0.0 ms]
   [Eden: 78.0M(78.0M)->0.0B(76.0M) Survivors: 1024.0K->2048.0K Heap: 226.9M(256.0M)->149.2M(256.0M)]
 [Times: user=0.02 sys=0.01, real=0.00 secs] 
2020-04-13T16:22:03.065+0800: 2306.004: [GC pause (G1 Evacuation Pause) (young) (initial-mark), 0.0067970 secs]
   [Parallel Time: 6.1 ms, GC Workers: 4]
      [GC Worker Start (ms): Min: 2306004.6, Avg: 2306004.6, Max: 2306004.7, Diff: 0.1]
      [Ext Root Scanning (ms): Min: 0.5, Avg: 0.6, Max: 0.6, Diff: 0.1, Sum: 2.4]
      [Update RS (ms): Min: 1.0, Avg: 1.7, Max: 2.1, Diff: 1.1, Sum: 6.7]
         [Processed Buffers: Min: 6, Avg: 9.0, Max: 16, Diff: 10, Sum: 36]
      [Scan RS (ms): Min: 1.0, Avg: 1.2, Max: 1.5, Diff: 0.5, Sum: 4.9]
      [Code Root Scanning (ms): Min: 0.0, Avg: 0.0, Max: 0.0, Diff: 0.0, Sum: 0.0]
      [Object Copy (ms): Min: 1.9, Avg: 2.3, Max: 3.1, Diff: 1.2, Sum: 9.3]
      [Termination (ms): Min: 0.0, Avg: 0.0, Max: 0.0, Diff: 0.0, Sum: 0.0]
         [Termination Attempts: Min: 1, Avg: 1.2, Max: 2, Diff: 1, Sum: 5]
      [GC Worker Other (ms): Min: 0.0, Avg: 0.0, Max: 0.0, Diff: 0.0, Sum: 0.1]
      [GC Worker Total (ms): Min: 5.8, Avg: 5.8, Max: 5.9, Diff: 0.1, Sum: 23.3]
      [GC Worker End (ms): Min: 2306010.4, Avg: 2306010.4, Max: 2306010.4, Diff: 0.0]
   [Code Root Fixup: 0.0 ms]
   [Code Root Purge: 0.0 ms]
   [Clear CT: 0.0 ms]
   [Other: 0.6 ms]
      [Choose CSet: 0.0 ms]
      [Ref Proc: 0.4 ms]
      [Ref Enq: 0.0 ms]
      [Redirty Cards: 0.1 ms]
      [Humongous Register: 0.0 ms]
      [Humongous Reclaim: 0.0 ms]
      [Free CSet: 0.0 ms]
   [Eden: 76.0M(76.0M)->0.0B(78.0M) Survivors: 2048.0K->1024.0K Heap: 225.2M(256.0M)->149.0M(256.0M)]
 [Times: user=0.02 sys=0.00, real=0.01 secs] 
2020-04-13T16:22:03.072+0800: 2306.011: [GC concurrent-root-region-scan-start]
2020-04-13T16:22:03.076+0800: 2306.016: [GC concurrent-root-region-scan-end, 0.0044052 secs]
2020-04-13T16:22:03.077+0800: 2306.016: [GC concurrent-mark-start]
2020-04-13T16:22:03.105+0800: 2306.045: [GC concurrent-mark-end, 0.0289628 secs]
2020-04-13T16:22:03.106+0800: 2306.045: [GC remark 2020-04-13T16:22:03.106+0800: 2306.045: [Finalize Marking, 0.0001821 secs] 2020-04-13T16:22:03.106+0800: 2306.045: [GC ref-proc, 0.0002942 secs] 2020-04-13T16:22:03.106+0800: 2306.046: [Unloading, 0.0053016 secs], 0.0075955 secs]
 [Times: user=0.01 sys=0.00, real=0.01 secs] 
2020-04-13T16:22:03.113+0800: 2306.053: [GC cleanup 150M->150M(256M), 0.0003980 secs]
 [Times: user=0.00 sys=0.00, real=0.00 secs] 
2020-04-13T16:22:05.126+0800: 2308.065: [GC pause (G1 Evacuation Pause) (young), 0.0078752 secs]
   [Parallel Time: 6.8 ms, GC Workers: 4]
      [GC Worker Start (ms): Min: 2308065.6, Avg: 2308065.8, Max: 2308066.2, Diff: 0.7]
      [Ext Root Scanning (ms): Min: 0.1, Avg: 0.6, Max: 1.2, Diff: 1.1, Sum: 2.4]
      [Update RS (ms): Min: 1.9, Avg: 2.5, Max: 3.6, Diff: 1.7, Sum: 10.1]
         [Processed Buffers: Min: 0, Avg: 9.8, Max: 15, Diff: 15, Sum: 39]
      [Scan RS (ms): Min: 0.1, Avg: 1.4, Max: 2.9, Diff: 2.8, Sum: 5.6]
      [Code Root Scanning (ms): Min: 0.0, Avg: 0.0, Max: 0.0, Diff: 0.0, Sum: 0.0]
      [Object Copy (ms): Min: 0.8, Avg: 1.8, Max: 2.2, Diff: 1.4, Sum: 7.1]
      [Termination (ms): Min: 0.0, Avg: 0.0, Max: 0.0, Diff: 0.0, Sum: 0.0]
         [Termination Attempts: Min: 1, Avg: 1.0, Max: 1, Diff: 0, Sum: 4]
      [GC Worker Other (ms): Min: 0.0, Avg: 0.0, Max: 0.0, Diff: 0.0, Sum: 0.1]
      [GC Worker Total (ms): Min: 5.9, Avg: 6.3, Max: 6.6, Diff: 0.7, Sum: 25.3]
      [GC Worker End (ms): Min: 2308072.1, Avg: 2308072.1, Max: 2308072.1, Diff: 0.0]
   [Code Root Fixup: 0.1 ms]
   [Code Root Purge: 0.0 ms]
   [Clear CT: 0.1 ms]
   [Other: 1.0 ms]
      [Choose CSet: 0.0 ms]
      [Ref Proc: 0.7 ms]
      [Ref Enq: 0.0 ms]
      [Redirty Cards: 0.1 ms]
      [Humongous Register: 0.0 ms]
      [Humongous Reclaim: 0.0 ms]
      [Free CSet: 0.0 ms]
   [Eden: 78.0M(78.0M)->0.0B(10.0M) Survivors: 1024.0K->2048.0K Heap: 227.0M(256.0M)->149.3M(256.0M)]
 [Times: user=0.02 sys=0.00, real=0.01 secs] 
2020-04-13T16:22:05.357+0800: 2308.296: [GC pause (G1 Evacuation Pause) (mixed), 0.0099061 secs]
   [Parallel Time: 8.0 ms, GC Workers: 4]
      [GC Worker Start (ms): Min: 2308296.2, Avg: 2308296.2, Max: 2308296.2, Diff: 0.0]
      [Ext Root Scanning (ms): Min: 0.4, Avg: 0.4, Max: 0.5, Diff: 0.1, Sum: 1.7]
      [Update RS (ms): Min: 1.4, Avg: 1.7, Max: 2.6, Diff: 1.1, Sum: 6.9]
         [Processed Buffers: Min: 2, Avg: 6.8, Max: 12, Diff: 10, Sum: 27]
      [Scan RS (ms): Min: 1.7, Avg: 2.8, Max: 4.0, Diff: 2.2, Sum: 11.4]
      [Code Root Scanning (ms): Min: 0.0, Avg: 0.0, Max: 0.1, Diff: 0.1, Sum: 0.1]
      [Object Copy (ms): Min: 1.2, Avg: 2.3, Max: 2.9, Diff: 1.7, Sum: 9.0]
      [Termination (ms): Min: 0.0, Avg: 0.5, Max: 0.8, Diff: 0.8, Sum: 2.1]
         [Termination Attempts: Min: 1, Avg: 1.2, Max: 2, Diff: 1, Sum: 5]
      [GC Worker Other (ms): Min: 0.0, Avg: 0.0, Max: 0.0, Diff: 0.0, Sum: 0.1]
      [GC Worker Total (ms): Min: 7.6, Avg: 7.8, Max: 7.9, Diff: 0.3, Sum: 31.3]
      [GC Worker End (ms): Min: 2308303.8, Avg: 2308304.0, Max: 2308304.1, Diff: 0.3]
   [Code Root Fixup: 0.1 ms]
   [Code Root Purge: 0.0 ms]
   [Clear CT: 0.1 ms]
   [Other: 1.6 ms]
      [Choose CSet: 0.0 ms]
      [Ref Proc: 1.3 ms]
      [Ref Enq: 0.0 ms]
      [Redirty Cards: 0.1 ms]
      [Humongous Register: 0.0 ms]
      [Humongous Reclaim: 0.0 ms]
      [Free CSet: 0.0 ms]
   [Eden: 10.0M(10.0M)->0.0B(79.0M) Survivors: 2048.0K->1024.0K Heap: 159.3M(256.0M)->148.2M(256.0M)]
 [Times: user=0.03 sys=0.00, real=0.01 secs] 
2020-04-13T16:22:07.201+0800: 2310.141: [GC pause (G1 Evacuation Pause) (young), 0.0053074 secs]
   [Parallel Time: 4.9 ms, GC Workers: 4]
      [GC Worker Start (ms): Min: 2310140.6, Avg: 2310140.6, Max: 2310140.6, Diff: 0.0]
      [Ext Root Scanning (ms): Min: 0.4, Avg: 0.5, Max: 0.5, Diff: 0.1, Sum: 1.9]
      [Update RS (ms): Min: 1.6, Avg: 1.7, Max: 1.8, Diff: 0.3, Sum: 6.8]
         [Processed Buffers: Min: 4, Avg: 7.2, Max: 11, Diff: 7, Sum: 29]
      [Scan RS (ms): Min: 0.9, Avg: 1.1, Max: 1.3, Diff: 0.3, Sum: 4.4]
      [Code Root Scanning (ms): Min: 0.0, Avg: 0.0, Max: 0.0, Diff: 0.0, Sum: 0.0]
      [Object Copy (ms): Min: 1.4, Avg: 1.5, Max: 1.5, Diff: 0.1, Sum: 6.0]
      [Termination (ms): Min: 0.0, Avg: 0.0, Max: 0.0, Diff: 0.0, Sum: 0.0]
         [Termination Attempts: Min: 1, Avg: 1.0, Max: 1, Diff: 0, Sum: 4]
      [GC Worker Other (ms): Min: 0.0, Avg: 0.0, Max: 0.0, Diff: 0.0, Sum: 0.1]
      [GC Worker Total (ms): Min: 4.8, Avg: 4.8, Max: 4.8, Diff: 0.0, Sum: 19.1]
      [GC Worker End (ms): Min: 2310145.4, Avg: 2310145.4, Max: 2310145.4, Diff: 0.0]
   [Code Root Fixup: 0.1 ms]
   [Code Root Purge: 0.0 ms]
   [Clear CT: 0.1 ms]
   [Other: 0.3 ms]
      [Choose CSet: 0.0 ms]
      [Ref Proc: 0.1 ms]
      [Ref Enq: 0.0 ms]
      [Redirty Cards: 0.1 ms]
      [Humongous Register: 0.0 ms]
      [Humongous Reclaim: 0.0 ms]
      [Free CSet: 0.0 ms]
   [Eden: 79.0M(79.0M)->0.0B(79.0M) Survivors: 1024.0K->1024.0K Heap: 227.2M(256.0M)->148.3M(256.0M)]
 [Times: user=0.02 sys=0.00, real=0.00 secs] 
2020-04-13T16:22:08.967+0800: 2311.906: [GC pause (G1 Evacuation Pause) (young) (initial-mark), 0.0078338 secs]
   [Parallel Time: 5.5 ms, GC Workers: 4]
      [GC Worker Start (ms): Min: 2311906.4, Avg: 2311906.4, Max: 2311906.4, Diff: 0.0]
      [Ext Root Scanning (ms): Min: 0.6, Avg: 0.7, Max: 0.7, Diff: 0.1, Sum: 2.6]
      [Update RS (ms): Min: 1.6, Avg: 2.1, Max: 2.8, Diff: 1.2, Sum: 8.5]
         [Processed Buffers: Min: 3, Avg: 7.8, Max: 15, Diff: 12, Sum: 31]
      [Scan RS (ms): Min: 0.5, Avg: 1.2, Max: 1.7, Diff: 1.2, Sum: 4.6]
      [Code Root Scanning (ms): Min: 0.0, Avg: 0.0, Max: 0.0, Diff: 0.0, Sum: 0.0]
      [Object Copy (ms): Min: 1.5, Avg: 1.5, Max: 1.5, Diff: 0.1, Sum: 6.0]
      [Termination (ms): Min: 0.0, Avg: 0.0, Max: 0.0, Diff: 0.0, Sum: 0.0]
         [Termination Attempts: Min: 1, Avg: 1.0, Max: 1, Diff: 0, Sum: 4]
      [GC Worker Other (ms): Min: 0.0, Avg: 0.0, Max: 0.0, Diff: 0.0, Sum: 0.1]
      [GC Worker Total (ms): Min: 5.5, Avg: 5.5, Max: 5.5, Diff: 0.0, Sum: 21.9]
      [GC Worker End (ms): Min: 2311911.9, Avg: 2311911.9, Max: 2311911.9, Diff: 0.0]
   [Code Root Fixup: 0.1 ms]
   [Code Root Purge: 0.0 ms]
   [Clear CT: 0.1 ms]
   [Other: 2.1 ms]
      [Choose CSet: 0.0 ms]
      [Ref Proc: 1.8 ms]
      [Ref Enq: 0.0 ms]
      [Redirty Cards: 0.1 ms]
      [Humongous Register: 0.0 ms]
      [Humongous Reclaim: 0.0 ms]
      [Free CSet: 0.0 ms]
   [Eden: 79.0M(79.0M)->0.0B(79.0M) Survivors: 1024.0K->1024.0K Heap: 227.3M(256.0M)->148.3M(256.0M)]
 [Times: user=0.02 sys=0.00, real=0.01 secs] 
2020-04-13T16:22:08.975+0800: 2311.914: [GC concurrent-root-region-scan-start]
2020-04-13T16:22:08.982+0800: 2311.922: [GC concurrent-root-region-scan-end, 0.0071829 secs]
2020-04-13T16:22:08.982+0800: 2311.922: [GC concurrent-mark-start]
2020-04-13T16:22:09.012+0800: 2311.952: [GC concurrent-mark-end, 0.0298148 secs]
2020-04-13T16:22:09.014+0800: 2311.953: [GC remark 2020-04-13T16:22:09.014+0800: 2311.953: [Finalize Marking, 0.0009876 secs] 2020-04-13T16:22:09.015+0800: 2311.954: [GC ref-proc, 0.0001435 secs] 2020-04-13T16:22:09.015+0800: 2311.954: [Unloading, 0.0057206 secs], 0.0087821 secs]
 [Times: user=0.02 sys=0.00, real=0.01 secs] 
2020-04-13T16:22:09.023+0800: 2311.962: [GC cleanup 149M->149M(256M), 0.0003938 secs]
 [Times: user=0.00 sys=0.00, real=0.00 secs] 
2020-04-13T16:22:10.873+0800: 2313.812: [GC pause (G1 Evacuation Pause) (young), 0.0199737 secs]
   [Parallel Time: 7.2 ms, GC Workers: 4]
      [GC Worker Start (ms): Min: 2313812.2, Avg: 2313812.2, Max: 2313812.2, Diff: 0.0]
      [Ext Root Scanning (ms): Min: 0.4, Avg: 0.8, Max: 1.8, Diff: 1.4, Sum: 3.0]
      [Update RS (ms): Min: 0.7, Avg: 1.8, Max: 2.6, Diff: 1.9, Sum: 7.1]
         [Processed Buffers: Min: 3, Avg: 8.8, Max: 23, Diff: 20, Sum: 35]
      [Scan RS (ms): Min: 1.1, Avg: 1.5, Max: 1.8, Diff: 0.7, Sum: 5.9]
      [Code Root Scanning (ms): Min: 0.0, Avg: 0.0, Max: 0.0, Diff: 0.0, Sum: 0.0]
      [Object Copy (ms): Min: 3.0, Avg: 3.1, Max: 3.2, Diff: 0.2, Sum: 12.3]
      [Termination (ms): Min: 0.0, Avg: 0.0, Max: 0.0, Diff: 0.0, Sum: 0.0]
         [Termination Attempts: Min: 1, Avg: 1.2, Max: 2, Diff: 1, Sum: 5]
      [GC Worker Other (ms): Min: 0.0, Avg: 0.0, Max: 0.0, Diff: 0.0, Sum: 0.1]
      [GC Worker Total (ms): Min: 7.1, Avg: 7.1, Max: 7.1, Diff: 0.0, Sum: 28.5]
      [GC Worker End (ms): Min: 2313819.3, Avg: 2313819.3, Max: 2313819.3, Diff: 0.0]
   [Code Root Fixup: 0.1 ms]
   [Code Root Purge: 0.0 ms]
   [Clear CT: 0.1 ms]
   [Other: 12.6 ms]
      [Choose CSet: 0.0 ms]
      [Ref Proc: 12.1 ms]
      [Ref Enq: 0.0 ms]
      [Redirty Cards: 0.1 ms]
      [Humongous Register: 0.0 ms]
      [Humongous Reclaim: 0.0 ms]
      [Free CSet: 0.0 ms]
   [Eden: 79.0M(79.0M)->0.0B(77.0M) Survivors: 1024.0K->2048.0K Heap: 227.3M(256.0M)->148.8M(256.0M)]
 [Times: user=0.02 sys=0.00, real=0.02 secs] 
2020-04-13T16:22:12.724+0800: 2315.663: [GC pause (G1 Evacuation Pause) (young), 0.0069069 secs]
   [Parallel Time: 5.7 ms, GC Workers: 4]
      [GC Worker Start (ms): Min: 2315663.5, Avg: 2315663.6, Max: 2315663.6, Diff: 0.0]
      [Ext Root Scanning (ms): Min: 0.4, Avg: 0.4, Max: 0.5, Diff: 0.1, Sum: 1.7]
      [Update RS (ms): Min: 2.0, Avg: 2.2, Max: 2.4, Diff: 0.4, Sum: 8.7]
         [Processed Buffers: Min: 4, Avg: 8.0, Max: 11, Diff: 7, Sum: 32]
      [Scan RS (ms): Min: 1.0, Avg: 1.2, Max: 1.5, Diff: 0.5, Sum: 4.8]
      [Code Root Scanning (ms): Min: 0.0, Avg: 0.0, Max: 0.0, Diff: 0.0, Sum: 0.0]
      [Object Copy (ms): Min: 1.5, Avg: 1.6, Max: 1.6, Diff: 0.1, Sum: 6.3]
      [Termination (ms): Min: 0.0, Avg: 0.2, Max: 0.3, Diff: 0.3, Sum: 0.7]
         [Termination Attempts: Min: 1, Avg: 1.0, Max: 1, Diff: 0, Sum: 4]
      [GC Worker Other (ms): Min: 0.0, Avg: 0.0, Max: 0.0, Diff: 0.0, Sum: 0.1]
      [GC Worker Total (ms): Min: 5.6, Avg: 5.6, Max: 5.7, Diff: 0.1, Sum: 22.4]
      [GC Worker End (ms): Min: 2315669.1, Avg: 2315669.1, Max: 2315669.2, Diff: 0.1]
   [Code Root Fixup: 0.1 ms]
   [Code Root Purge: 0.0 ms]
   [Clear CT: 0.1 ms]
   [Other: 1.0 ms]
      [Choose CSet: 0.0 ms]
      [Ref Proc: 0.7 ms]
      [Ref Enq: 0.0 ms]
      [Redirty Cards: 0.1 ms]
      [Humongous Register: 0.0 ms]
      [Humongous Reclaim: 0.0 ms]
      [Free CSet: 0.0 ms]
   [Eden: 77.0M(77.0M)->0.0B(79.0M) Survivors: 2048.0K->1024.0K Heap: 225.8M(256.0M)->148.3M(256.0M)]
 [Times: user=0.02 sys=0.00, real=0.01 secs] 
2020-04-13T16:22:14.507+0800: 2317.446: [GC pause (G1 Evacuation Pause) (young) (initial-mark), 0.0085254 secs]
   [Parallel Time: 7.3 ms, GC Workers: 4]
      [GC Worker Start (ms): Min: 2317446.4, Avg: 2317446.5, Max: 2317446.9, Diff: 0.5]
      [Ext Root Scanning (ms): Min: 0.2, Avg: 0.6, Max: 0.8, Diff: 0.5, Sum: 2.3]
      [Update RS (ms): Min: 1.4, Avg: 1.5, Max: 1.7, Diff: 0.2, Sum: 6.1]
         [Processed Buffers: Min: 3, Avg: 8.2, Max: 14, Diff: 11, Sum: 33]
      [Scan RS (ms): Min: 1.8, Avg: 2.6, Max: 4.6, Diff: 2.8, Sum: 10.5]
      [Code Root Scanning (ms): Min: 0.0, Avg: 0.0, Max: 0.0, Diff: 0.0, Sum: 0.0]
      [Object Copy (ms): Min: 0.0, Avg: 1.6, Max: 2.2, Diff: 2.2, Sum: 6.5]
      [Termination (ms): Min: 0.1, Avg: 0.6, Max: 0.9, Diff: 0.8, Sum: 2.5]
         [Termination Attempts: Min: 1, Avg: 5.8, Max: 12, Diff: 11, Sum: 23]
      [GC Worker Other (ms): Min: 0.0, Avg: 0.0, Max: 0.0, Diff: 0.0, Sum: 0.0]
      [GC Worker Total (ms): Min: 6.7, Avg: 7.0, Max: 7.1, Diff: 0.4, Sum: 27.9]
      [GC Worker End (ms): Min: 2317453.5, Avg: 2317453.5, Max: 2317453.5, Diff: 0.1]
   [Code Root Fixup: 0.1 ms]
   [Code Root Purge: 0.0 ms]
   [Clear CT: 0.1 ms]
   [Other: 1.1 ms]
      [Choose CSet: 0.0 ms]
      [Ref Proc: 0.8 ms]
      [Ref Enq: 0.0 ms]
      [Redirty Cards: 0.1 ms]
      [Humongous Register: 0.0 ms]
      [Humongous Reclaim: 0.0 ms]
      [Free CSet: 0.0 ms]
   [Eden: 79.0M(79.0M)->0.0B(79.0M) Survivors: 1024.0K->1024.0K Heap: 227.3M(256.0M)->148.4M(256.0M)]
 [Times: user=0.03 sys=0.00, real=0.01 secs] 
2020-04-13T16:22:14.516+0800: 2317.455: [GC concurrent-root-region-scan-start]
2020-04-13T16:22:14.519+0800: 2317.459: [GC concurrent-root-region-scan-end, 0.0035907 secs]
2020-04-13T16:22:14.519+0800: 2317.459: [GC concurrent-mark-start]
2020-04-13T16:22:14.550+0800: 2317.489: [GC concurrent-mark-end, 0.0301401 secs]
2020-04-13T16:22:14.550+0800: 2317.489: [GC remark 2020-04-13T16:22:14.550+0800: 2317.489: [Finalize Marking, 0.0013919 secs] 2020-04-13T16:22:14.551+0800: 2317.491: [GC ref-proc, 0.0000982 secs] 2020-04-13T16:22:14.552+0800: 2317.491: [Unloading, 0.0045787 secs], 0.0083030 secs]
 [Times: user=0.02 sys=0.00, real=0.00 secs] 
2020-04-13T16:22:14.559+0800: 2317.498: [GC cleanup 150M->150M(256M), 0.0004948 secs]
 [Times: user=0.00 sys=0.00, real=0.00 secs] 
2020-04-13T16:22:17.065+0800: 2320.004: [GC pause (G1 Evacuation Pause) (young), 0.0095748 secs]
   [Parallel Time: 5.4 ms, GC Workers: 4]
      [GC Worker Start (ms): Min: 2320003.8, Avg: 2320003.8, Max: 2320003.8, Diff: 0.0]
      [Ext Root Scanning (ms): Min: 0.4, Avg: 0.4, Max: 0.5, Diff: 0.1, Sum: 1.6]
      [Update RS (ms): Min: 1.6, Avg: 2.0, Max: 2.8, Diff: 1.2, Sum: 8.2]
         [Processed Buffers: Min: 1, Avg: 8.0, Max: 14, Diff: 13, Sum: 32]
      [Scan RS (ms): Min: 0.4, Avg: 1.1, Max: 1.6, Diff: 1.2, Sum: 4.5]
      [Code Root Scanning (ms): Min: 0.0, Avg: 0.0, Max: 0.0, Diff: 0.0, Sum: 0.0]
      [Object Copy (ms): Min: 1.7, Avg: 1.7, Max: 1.8, Diff: 0.1, Sum: 6.9]
      [Termination (ms): Min: 0.0, Avg: 0.0, Max: 0.0, Diff: 0.0, Sum: 0.1]
         [Termination Attempts: Min: 1, Avg: 1.0, Max: 1, Diff: 0, Sum: 4]
      [GC Worker Other (ms): Min: 0.0, Avg: 0.0, Max: 0.0, Diff: 0.0, Sum: 0.0]
      [GC Worker Total (ms): Min: 5.3, Avg: 5.3, Max: 5.4, Diff: 0.0, Sum: 21.4]
      [GC Worker End (ms): Min: 2320009.1, Avg: 2320009.1, Max: 2320009.1, Diff: 0.0]
   [Code Root Fixup: 0.1 ms]
   [Code Root Purge: 0.0 ms]
   [Clear CT: 0.1 ms]
   [Other: 4.0 ms]
      [Choose CSet: 0.0 ms]
      [Ref Proc: 3.7 ms]
      [Ref Enq: 0.0 ms]
      [Redirty Cards: 0.1 ms]
      [Humongous Register: 0.0 ms]
      [Humongous Reclaim: 0.0 ms]
      [Free CSet: 0.1 ms]
   [Eden: 79.0M(79.0M)->0.0B(77.0M) Survivors: 1024.0K->2048.0K Heap: 227.4M(256.0M)->148.8M(256.0M)]
 [Times: user=0.02 sys=0.00, real=0.01 secs] 
2020-04-13T16:22:18.882+0800: 2321.822: [GC pause (G1 Evacuation Pause) (young), 0.0107140 secs]
   [Parallel Time: 10.2 ms, GC Workers: 4]
      [GC Worker Start (ms): Min: 2321821.7, Avg: 2321821.7, Max: 2321821.8, Diff: 0.1]
      [Ext Root Scanning (ms): Min: 0.6, Avg: 0.7, Max: 1.0, Diff: 0.4, Sum: 2.9]
      [Update RS (ms): Min: 2.0, Avg: 2.3, Max: 3.0, Diff: 1.0, Sum: 9.2]
         [Processed Buffers: Min: 1, Avg: 7.5, Max: 21, Diff: 20, Sum: 30]
      [Scan RS (ms): Min: 0.7, Avg: 2.5, Max: 5.4, Diff: 4.6, Sum: 9.9]
      [Code Root Scanning (ms): Min: 0.0, Avg: 0.0, Max: 0.0, Diff: 0.0, Sum: 0.0]
      [Object Copy (ms): Min: 0.1, Avg: 1.9, Max: 2.6, Diff: 2.4, Sum: 7.7]
      [Termination (ms): Min: 0.0, Avg: 1.7, Max: 2.9, Diff: 2.9, Sum: 6.9]
         [Termination Attempts: Min: 1, Avg: 4.5, Max: 9, Diff: 8, Sum: 18]
      [GC Worker Other (ms): Min: 0.0, Avg: 0.0, Max: 0.0, Diff: 0.0, Sum: 0.1]
      [GC Worker Total (ms): Min: 8.2, Avg: 9.2, Max: 10.2, Diff: 2.0, Sum: 36.7]
      [GC Worker End (ms): Min: 2321829.9, Avg: 2321830.9, Max: 2321831.8, Diff: 1.9]
   [Code Root Fixup: 0.0 ms]
   [Code Root Purge: 0.0 ms]
   [Clear CT: 0.1 ms]
   [Other: 0.4 ms]
      [Choose CSet: 0.0 ms]
      [Ref Proc: 0.1 ms]
      [Ref Enq: 0.0 ms]
      [Redirty Cards: 0.1 ms]
      [Humongous Register: 0.0 ms]
      [Humongous Reclaim: 0.0 ms]
      [Free CSet: 0.0 ms]
   [Eden: 77.0M(77.0M)->0.0B(79.0M) Survivors: 2048.0K->1024.0K Heap: 225.8M(256.0M)->148.6M(256.0M)]
 [Times: user=0.02 sys=0.00, real=0.01 secs] 
2020-04-13T16:22:21.582+0800: 2324.521: [GC pause (G1 Evacuation Pause) (young) (initial-mark), 0.0073800 secs]
   [Parallel Time: 6.7 ms, GC Workers: 4]
      [GC Worker Start (ms): Min: 2324520.7, Avg: 2324520.9, Max: 2324521.5, Diff: 0.8]
      [Ext Root Scanning (ms): Min: 0.6, Avg: 1.5, Max: 2.7, Diff: 2.1, Sum: 5.9]
      [Update RS (ms): Min: 0.8, Avg: 1.7, Max: 2.1, Diff: 1.3, Sum: 6.8]
         [Processed Buffers: Min: 3, Avg: 8.0, Max: 14, Diff: 11, Sum: 32]
      [Scan RS (ms): Min: 1.4, Avg: 1.5, Max: 1.5, Diff: 0.1, Sum: 6.0]
      [Code Root Scanning (ms): Min: 0.0, Avg: 0.0, Max: 0.0, Diff: 0.0, Sum: 0.0]
      [Object Copy (ms): Min: 1.6, Avg: 1.6, Max: 1.8, Diff: 0.2, Sum: 6.5]
      [Termination (ms): Min: 0.0, Avg: 0.0, Max: 0.1, Diff: 0.1, Sum: 0.1]
         [Termination Attempts: Min: 1, Avg: 1.0, Max: 1, Diff: 0, Sum: 4]
      [GC Worker Other (ms): Min: 0.0, Avg: 0.0, Max: 0.0, Diff: 0.0, Sum: 0.1]
      [GC Worker Total (ms): Min: 5.8, Avg: 6.4, Max: 6.6, Diff: 0.7, Sum: 25.5]
      [GC Worker End (ms): Min: 2324527.3, Avg: 2324527.3, Max: 2324527.3, Diff: 0.0]
   [Code Root Fixup: 0.1 ms]
   [Code Root Purge: 0.0 ms]
   [Clear CT: 0.1 ms]
   [Other: 0.5 ms]
      [Choose CSet: 0.0 ms]
      [Ref Proc: 0.3 ms]
      [Ref Enq: 0.0 ms]
      [Redirty Cards: 0.0 ms]
      [Humongous Register: 0.0 ms]
      [Humongous Reclaim: 0.0 ms]
      [Free CSet: 0.0 ms]
   [Eden: 79.0M(79.0M)->0.0B(77.0M) Survivors: 1024.0K->2048.0K Heap: 227.6M(256.0M)->149.1M(256.0M)]
 [Times: user=0.02 sys=0.00, real=0.00 secs] 
2020-04-13T16:22:21.589+0800: 2324.528: [GC concurrent-root-region-scan-start]
2020-04-13T16:22:21.594+0800: 2324.533: [GC concurrent-root-region-scan-end, 0.0045094 secs]
2020-04-13T16:22:21.594+0800: 2324.533: [GC concurrent-mark-start]
2020-04-13T16:22:21.629+0800: 2324.568: [GC concurrent-mark-end, 0.0355040 secs]
2020-04-13T16:22:21.630+0800: 2324.569: [GC remark 2020-04-13T16:22:21.630+0800: 2324.569: [Finalize Marking, 0.0111584 secs] 2020-04-13T16:22:21.641+0800: 2324.580: [GC ref-proc, 0.0001354 secs] 2020-04-13T16:22:21.641+0800: 2324.580: [Unloading, 0.0066604 secs], 0.0200303 secs]
 [Times: user=0.02 sys=0.00, real=0.02 secs] 
2020-04-13T16:22:21.650+0800: 2324.589: [GC cleanup 150M->150M(256M), 0.0006471 secs]
 [Times: user=0.00 sys=0.00, real=0.00 secs] 
2020-04-13T16:22:23.836+0800: 2326.775: [GC pause (G1 Evacuation Pause) (young), 0.0066107 secs]
   [Parallel Time: 6.1 ms, GC Workers: 4]
      [GC Worker Start (ms): Min: 2326774.9, Avg: 2326774.9, Max: 2326774.9, Diff: 0.0]
      [Ext Root Scanning (ms): Min: 0.3, Avg: 0.4, Max: 0.5, Diff: 0.2, Sum: 1.6]
      [Update RS (ms): Min: 1.3, Avg: 1.3, Max: 1.4, Diff: 0.2, Sum: 5.3]
         [Processed Buffers: Min: 3, Avg: 7.0, Max: 18, Diff: 15, Sum: 28]
      [Scan RS (ms): Min: 1.3, Avg: 2.1, Max: 3.9, Diff: 2.6, Sum: 8.3]
      [Code Root Scanning (ms): Min: 0.0, Avg: 0.0, Max: 0.0, Diff: 0.0, Sum: 0.0]
      [Object Copy (ms): Min: 0.1, Avg: 2.1, Max: 2.8, Diff: 2.7, Sum: 8.6]
      [Termination (ms): Min: 0.0, Avg: 0.0, Max: 0.0, Diff: 0.0, Sum: 0.0]
         [Termination Attempts: Min: 1, Avg: 1.0, Max: 1, Diff: 0, Sum: 4]
      [GC Worker Other (ms): Min: 0.0, Avg: 0.1, Max: 0.1, Diff: 0.1, Sum: 0.2]
      [GC Worker Total (ms): Min: 6.0, Avg: 6.0, Max: 6.0, Diff: 0.1, Sum: 24.0]
      [GC Worker End (ms): Min: 2326780.8, Avg: 2326780.9, Max: 2326780.9, Diff: 0.1]
   [Code Root Fixup: 0.0 ms]
   [Code Root Purge: 0.0 ms]
   [Clear CT: 0.1 ms]
   [Other: 0.4 ms]
      [Choose CSet: 0.0 ms]
      [Ref Proc: 0.2 ms]
      [Ref Enq: 0.0 ms]
      [Redirty Cards: 0.1 ms]
      [Humongous Register: 0.0 ms]
      [Humongous Reclaim: 0.0 ms]
      [Free CSet: 0.0 ms]
   [Eden: 77.0M(77.0M)->0.0B(79.0M) Survivors: 2048.0K->1024.0K Heap: 226.1M(256.0M)->148.8M(256.0M)]
 [Times: user=0.02 sys=0.00, real=0.01 secs] 
2020-04-13T16:22:26.118+0800: 2329.057: [GC pause (G1 Evacuation Pause) (young), 0.0069925 secs]
   [Parallel Time: 5.7 ms, GC Workers: 4]
      [GC Worker Start (ms): Min: 2329057.1, Avg: 2329057.1, Max: 2329057.2, Diff: 0.1]
      [Ext Root Scanning (ms): Min: 0.4, Avg: 0.6, Max: 1.1, Diff: 0.6, Sum: 2.6]
      [Update RS (ms): Min: 1.2, Avg: 1.7, Max: 2.0, Diff: 0.8, Sum: 6.7]
         [Processed Buffers: Min: 4, Avg: 8.2, Max: 12, Diff: 8, Sum: 33]
      [Scan RS (ms): Min: 1.6, Avg: 1.9, Max: 2.4, Diff: 0.9, Sum: 7.7]
      [Code Root Scanning (ms): Min: 0.0, Avg: 0.0, Max: 0.0, Diff: 0.0, Sum: 0.0]
      [Object Copy (ms): Min: 1.0, Avg: 1.3, Max: 1.5, Diff: 0.6, Sum: 5.3]
      [Termination (ms): Min: 0.0, Avg: 0.0, Max: 0.0, Diff: 0.0, Sum: 0.0]
         [Termination Attempts: Min: 1, Avg: 1.2, Max: 2, Diff: 1, Sum: 5]
      [GC Worker Other (ms): Min: 0.0, Avg: 0.0, Max: 0.0, Diff: 0.0, Sum: 0.1]
      [GC Worker Total (ms): Min: 5.5, Avg: 5.6, Max: 5.6, Diff: 0.1, Sum: 22.3]
      [GC Worker End (ms): Min: 2329062.7, Avg: 2329062.7, Max: 2329062.7, Diff: 0.0]
   [Code Root Fixup: 0.0 ms]
   [Code Root Purge: 0.0 ms]
   [Clear CT: 0.1 ms]
   [Other: 1.2 ms]
      [Choose CSet: 0.0 ms]
      [Ref Proc: 0.9 ms]
      [Ref Enq: 0.0 ms]
      [Redirty Cards: 0.1 ms]
      [Humongous Register: 0.0 ms]
      [Humongous Reclaim: 0.0 ms]
      [Free CSet: 0.0 ms]
   [Eden: 79.0M(79.0M)->0.0B(77.0M) Survivors: 1024.0K->2048.0K Heap: 227.8M(256.0M)->149.1M(256.0M)]
 [Times: user=0.02 sys=0.00, real=0.01 secs] 
2020-04-13T16:22:28.549+0800: 2331.488: [GC pause (G1 Evacuation Pause) (young) (initial-mark), 0.0062708 secs]
   [Parallel Time: 5.7 ms, GC Workers: 4]
      [GC Worker Start (ms): Min: 2331487.7, Avg: 2331487.7, Max: 2331487.7, Diff: 0.0]
      [Ext Root Scanning (ms): Min: 0.6, Avg: 0.6, Max: 0.6, Diff: 0.1, Sum: 2.5]
      [Update RS (ms): Min: 2.0, Avg: 2.1, Max: 2.2, Diff: 0.2, Sum: 8.4]
         [Processed Buffers: Min: 3, Avg: 8.2, Max: 14, Diff: 11, Sum: 33]
      [Scan RS (ms): Min: 1.3, Avg: 1.4, Max: 1.5, Diff: 0.2, Sum: 5.6]
      [Code Root Scanning (ms): Min: 0.0, Avg: 0.0, Max: 0.0, Diff: 0.0, Sum: 0.0]
      [Object Copy (ms): Min: 1.5, Avg: 1.5, Max: 1.6, Diff: 0.1, Sum: 6.1]
      [Termination (ms): Min: 0.0, Avg: 0.0, Max: 0.0, Diff: 0.0, Sum: 0.0]
         [Termination Attempts: Min: 1, Avg: 1.0, Max: 1, Diff: 0, Sum: 4]
      [GC Worker Other (ms): Min: 0.0, Avg: 0.0, Max: 0.0, Diff: 0.0, Sum: 0.0]
      [GC Worker Total (ms): Min: 5.6, Avg: 5.6, Max: 5.7, Diff: 0.0, Sum: 22.6]
      [GC Worker End (ms): Min: 2331493.3, Avg: 2331493.3, Max: 2331493.3, Diff: 0.0]
   [Code Root Fixup: 0.1 ms]
   [Code Root Purge: 0.0 ms]
   [Clear CT: 0.1 ms]
   [Other: 0.4 ms]
      [Choose CSet: 0.0 ms]
      [Ref Proc: 0.2 ms]
      [Ref Enq: 0.0 ms]
      [Redirty Cards: 0.1 ms]
      [Humongous Register: 0.0 ms]
      [Humongous Reclaim: 0.0 ms]
      [Free CSet: 0.0 ms]
   [Eden: 77.0M(77.0M)->0.0B(78.0M) Survivors: 2048.0K->1024.0K Heap: 226.1M(256.0M)->148.8M(256.0M)]
 [Times: user=0.02 sys=0.00, real=0.01 secs] 
2020-04-13T16:22:28.555+0800: 2331.494: [GC concurrent-root-region-scan-start]
2020-04-13T16:22:28.559+0800: 2331.498: [GC concurrent-root-region-scan-end, 0.0037101 secs]
2020-04-13T16:22:28.559+0800: 2331.498: [GC concurrent-mark-start]
2020-04-13T16:22:28.605+0800: 2331.544: [GC concurrent-mark-end, 0.0460273 secs]
2020-04-13T16:22:28.605+0800: 2331.544: [GC remark 2020-04-13T16:22:28.605+0800: 2331.544: [Finalize Marking, 0.0121933 secs] 2020-04-13T16:22:28.618+0800: 2331.557: [GC ref-proc, 0.0001979 secs] 2020-04-13T16:22:28.618+0800: 2331.557: [Unloading, 0.0073520 secs], 0.0219031 secs]
 [Times: user=0.03 sys=0.01, real=0.02 secs] 
2020-04-13T16:22:28.627+0800: 2331.566: [GC cleanup 150M->150M(256M), 0.0011913 secs]
 [Times: user=0.00 sys=0.00, real=0.00 secs] 
2020-04-13T16:22:31.128+0800: 2334.066: [GC pause (G1 Evacuation Pause) (young), 0.0075644 secs]
   [Parallel Time: 6.4 ms, GC Workers: 4]
      [GC Worker Start (ms): Min: 2334066.7, Avg: 2334067.0, Max: 2334067.8, Diff: 1.2]
      [Ext Root Scanning (ms): Min: 0.0, Avg: 0.8, Max: 1.1, Diff: 1.1, Sum: 3.1]
      [Update RS (ms): Min: 2.2, Avg: 2.3, Max: 2.3, Diff: 0.1, Sum: 9.2]
         [Processed Buffers: Min: 0, Avg: 7.8, Max: 22, Diff: 22, Sum: 31]
      [Scan RS (ms): Min: 1.4, Avg: 1.4, Max: 1.4, Diff: 0.1, Sum: 5.5]
      [Code Root Scanning (ms): Min: 0.0, Avg: 0.0, Max: 0.0, Diff: 0.0, Sum: 0.0]
      [Object Copy (ms): Min: 1.4, Avg: 1.5, Max: 1.5, Diff: 0.1, Sum: 6.0]
      [Termination (ms): Min: 0.0, Avg: 0.0, Max: 0.0, Diff: 0.0, Sum: 0.0]
         [Termination Attempts: Min: 1, Avg: 1.0, Max: 1, Diff: 0, Sum: 4]
      [GC Worker Other (ms): Min: 0.0, Avg: 0.0, Max: 0.0, Diff: 0.0, Sum: 0.0]
      [GC Worker Total (ms): Min: 5.1, Avg: 6.0, Max: 6.3, Diff: 1.2, Sum: 23.9]
      [GC Worker End (ms): Min: 2334073.0, Avg: 2334073.0, Max: 2334073.0, Diff: 0.0]
   [Code Root Fixup: 0.0 ms]
   [Code Root Purge: 0.0 ms]
   [Clear CT: 0.1 ms]
   [Other: 1.1 ms]
      [Choose CSet: 0.0 ms]
      [Ref Proc: 0.8 ms]
      [Ref Enq: 0.0 ms]
      [Redirty Cards: 0.1 ms]
      [Humongous Register: 0.0 ms]
      [Humongous Reclaim: 0.0 ms]
      [Free CSet: 0.0 ms]
   [Eden: 78.0M(78.0M)->0.0B(10.0M) Survivors: 1024.0K->2048.0K Heap: 226.8M(256.0M)->149.4M(256.0M)]
 [Times: user=0.02 sys=0.00, real=0.01 secs] 
2020-04-13T16:22:31.385+0800: 2334.324: [GC pause (G1 Evacuation Pause) (mixed), 0.0093465 secs]
   [Parallel Time: 8.8 ms, GC Workers: 4]
      [GC Worker Start (ms): Min: 2334324.2, Avg: 2334324.3, Max: 2334324.4, Diff: 0.2]
      [Ext Root Scanning (ms): Min: 0.3, Avg: 0.4, Max: 0.6, Diff: 0.3, Sum: 1.8]
      [Update RS (ms): Min: 0.9, Avg: 1.0, Max: 1.1, Diff: 0.1, Sum: 4.0]
         [Processed Buffers: Min: 2, Avg: 5.2, Max: 10, Diff: 8, Sum: 21]
      [Scan RS (ms): Min: 3.7, Avg: 4.0, Max: 4.5, Diff: 0.8, Sum: 15.8]
      [Code Root Scanning (ms): Min: 0.0, Avg: 0.0, Max: 0.0, Diff: 0.0, Sum: 0.0]
      [Object Copy (ms): Min: 1.9, Avg: 2.1, Max: 2.5, Diff: 0.5, Sum: 8.5]
      [Termination (ms): Min: 0.0, Avg: 0.7, Max: 1.4, Diff: 1.4, Sum: 2.7]
         [Termination Attempts: Min: 1, Avg: 1.0, Max: 1, Diff: 0, Sum: 4]
      [GC Worker Other (ms): Min: 0.0, Avg: 0.0, Max: 0.0, Diff: 0.0, Sum: 0.0]
      [GC Worker Total (ms): Min: 7.9, Avg: 8.2, Max: 8.8, Diff: 0.9, Sum: 32.9]
      [GC Worker End (ms): Min: 2334332.3, Avg: 2334332.5, Max: 2334333.0, Diff: 0.7]
   [Code Root Fixup: 0.0 ms]
   [Code Root Purge: 0.0 ms]
   [Clear CT: 0.1 ms]
   [Other: 0.4 ms]
      [Choose CSet: 0.0 ms]
      [Ref Proc: 0.2 ms]
      [Ref Enq: 0.0 ms]
      [Redirty Cards: 0.1 ms]
      [Humongous Register: 0.0 ms]
      [Humongous Reclaim: 0.0 ms]
      [Free CSet: 0.0 ms]
   [Eden: 10.0M(10.0M)->0.0B(79.0M) Survivors: 2048.0K->1024.0K Heap: 159.4M(256.0M)->147.9M(256.0M)]
 [Times: user=0.02 sys=0.00, real=0.01 secs] 
2020-04-13T16:22:33.173+0800: 2336.112: [GC pause (G1 Evacuation Pause) (young), 0.0051217 secs]
   [Parallel Time: 4.6 ms, GC Workers: 4]
      [GC Worker Start (ms): Min: 2336112.2, Avg: 2336112.2, Max: 2336112.3, Diff: 0.1]
      [Ext Root Scanning (ms): Min: 0.3, Avg: 0.4, Max: 0.5, Diff: 0.2, Sum: 1.6]
      [Update RS (ms): Min: 1.2, Avg: 1.4, Max: 1.7, Diff: 0.5, Sum: 5.4]
         [Processed Buffers: Min: 3, Avg: 7.2, Max: 12, Diff: 9, Sum: 29]
      [Scan RS (ms): Min: 1.0, Avg: 1.5, Max: 1.7, Diff: 0.6, Sum: 5.9]
      [Code Root Scanning (ms): Min: 0.0, Avg: 0.0, Max: 0.0, Diff: 0.0, Sum: 0.0]
      [Object Copy (ms): Min: 1.3, Avg: 1.3, Max: 1.4, Diff: 0.1, Sum: 5.3]
      [Termination (ms): Min: 0.0, Avg: 0.0, Max: 0.0, Diff: 0.0, Sum: 0.0]
         [Termination Attempts: Min: 1, Avg: 1.0, Max: 1, Diff: 0, Sum: 4]
      [GC Worker Other (ms): Min: 0.0, Avg: 0.0, Max: 0.0, Diff: 0.0, Sum: 0.0]
      [GC Worker Total (ms): Min: 4.5, Avg: 4.6, Max: 4.6, Diff: 0.1, Sum: 18.3]
      [GC Worker End (ms): Min: 2336116.8, Avg: 2336116.8, Max: 2336116.8, Diff: 0.0]
   [Code Root Fixup: 0.1 ms]
   [Code Root Purge: 0.0 ms]
   [Clear CT: 0.1 ms]
   [Other: 0.3 ms]
      [Choose CSet: 0.0 ms]
      [Ref Proc: 0.1 ms]
      [Ref Enq: 0.0 ms]
      [Redirty Cards: 0.0 ms]
      [Humongous Register: 0.0 ms]
      [Humongous Reclaim: 0.0 ms]
      [Free CSet: 0.0 ms]
   [Eden: 79.0M(79.0M)->0.0B(77.0M) Survivors: 1024.0K->2048.0K Heap: 226.9M(256.0M)->148.4M(256.0M)]
 [Times: user=0.02 sys=0.00, real=0.00 secs] 
2020-04-13T16:22:34.765+0800: 2337.703: [GC pause (G1 Evacuation Pause) (young) (initial-mark), 0.0050629 secs]
   [Parallel Time: 4.5 ms, GC Workers: 4]
      [GC Worker Start (ms): Min: 2337703.5, Avg: 2337703.5, Max: 2337703.5, Diff: 0.0]
      [Ext Root Scanning (ms): Min: 0.6, Avg: 0.6, Max: 0.7, Diff: 0.1, Sum: 2.6]
      [Update RS (ms): Min: 1.2, Avg: 1.4, Max: 1.6, Diff: 0.4, Sum: 5.5]
         [Processed Buffers: Min: 3, Avg: 8.0, Max: 13, Diff: 10, Sum: 32]
      [Scan RS (ms): Min: 1.1, Avg: 1.2, Max: 1.3, Diff: 0.3, Sum: 4.8]
      [Code Root Scanning (ms): Min: 0.0, Avg: 0.0, Max: 0.0, Diff: 0.0, Sum: 0.0]
      [Object Copy (ms): Min: 1.2, Avg: 1.2, Max: 1.3, Diff: 0.1, Sum: 4.9]
      [Termination (ms): Min: 0.0, Avg: 0.0, Max: 0.0, Diff: 0.0, Sum: 0.0]
         [Termination Attempts: Min: 1, Avg: 1.0, Max: 1, Diff: 0, Sum: 4]
      [GC Worker Other (ms): Min: 0.0, Avg: 0.0, Max: 0.0, Diff: 0.0, Sum: 0.0]
      [GC Worker Total (ms): Min: 4.4, Avg: 4.4, Max: 4.5, Diff: 0.0, Sum: 17.8]
      [GC Worker End (ms): Min: 2337707.9, Avg: 2337707.9, Max: 2337707.9, Diff: 0.0]
   [Code Root Fixup: 0.0 ms]
   [Code Root Purge: 0.0 ms]
   [Clear CT: 0.0 ms]
   [Other: 0.4 ms]
      [Choose CSet: 0.0 ms]
      [Ref Proc: 0.2 ms]
      [Ref Enq: 0.0 ms]
      [Redirty Cards: 0.1 ms]
      [Humongous Register: 0.0 ms]
      [Humongous Reclaim: 0.0 ms]
      [Free CSet: 0.0 ms]
   [Eden: 77.0M(77.0M)->0.0B(79.0M) Survivors: 2048.0K->1024.0K Heap: 225.4M(256.0M)->148.0M(256.0M)]
 [Times: user=0.01 sys=0.00, real=0.01 secs] 
2020-04-13T16:22:34.770+0800: 2337.709: [GC concurrent-root-region-scan-start]
2020-04-13T16:22:34.773+0800: 2337.712: [GC concurrent-root-region-scan-end, 0.0037809 secs]
2020-04-13T16:22:34.773+0800: 2337.712: [GC concurrent-mark-start]
2020-04-13T16:22:34.799+0800: 2337.738: [GC concurrent-mark-end, 0.0256250 secs]
2020-04-13T16:22:34.799+0800: 2337.738: [GC remark 2020-04-13T16:22:34.799+0800: 2337.738: [Finalize Marking, 0.0001237 secs] 2020-04-13T16:22:34.799+0800: 2337.738: [GC ref-proc, 0.0001025 secs] 2020-04-13T16:22:34.800+0800: 2337.738: [Unloading, 0.0043948 secs], 0.0060435 secs]
 [Times: user=0.02 sys=0.00, real=0.01 secs] 
2020-04-13T16:22:34.806+0800: 2337.744: [GC cleanup 149M->149M(256M), 0.0003365 secs]
 [Times: user=0.00 sys=0.00, real=0.00 secs] 
2020-04-13T16:22:36.521+0800: 2339.460: [GC pause (G1 Evacuation Pause) (young), 0.0068599 secs]
   [Parallel Time: 6.3 ms, GC Workers: 4]
      [GC Worker Start (ms): Min: 2339459.6, Avg: 2339459.6, Max: 2339459.6, Diff: 0.0]
      [Ext Root Scanning (ms): Min: 0.9, Avg: 2.1, Max: 3.7, Diff: 2.8, Sum: 8.4]
      [Update RS (ms): Min: 0.0, Avg: 1.3, Max: 2.6, Diff: 2.6, Sum: 5.1]
         [Processed Buffers: Min: 0, Avg: 8.0, Max: 17, Diff: 17, Sum: 32]
      [Scan RS (ms): Min: 1.0, Avg: 1.3, Max: 1.7, Diff: 0.7, Sum: 5.1]
      [Code Root Scanning (ms): Min: 0.0, Avg: 0.0, Max: 0.0, Diff: 0.0, Sum: 0.0]
      [Object Copy (ms): Min: 1.5, Avg: 1.5, Max: 1.6, Diff: 0.1, Sum: 6.2]
      [Termination (ms): Min: 0.0, Avg: 0.0, Max: 0.0, Diff: 0.0, Sum: 0.0]
         [Termination Attempts: Min: 1, Avg: 1.0, Max: 1, Diff: 0, Sum: 4]
      [GC Worker Other (ms): Min: 0.0, Avg: 0.0, Max: 0.0, Diff: 0.0, Sum: 0.1]
      [GC Worker Total (ms): Min: 6.2, Avg: 6.2, Max: 6.2, Diff: 0.1, Sum: 24.9]
      [GC Worker End (ms): Min: 2339465.8, Avg: 2339465.8, Max: 2339465.8, Diff: 0.0]
   [Code Root Fixup: 0.1 ms]
   [Code Root Purge: 0.0 ms]
   [Clear CT: 0.1 ms]
   [Other: 0.4 ms]
      [Choose CSet: 0.0 ms]
      [Ref Proc: 0.1 ms]
      [Ref Enq: 0.0 ms]
      [Redirty Cards: 0.0 ms]
      [Humongous Register: 0.0 ms]
      [Humongous Reclaim: 0.0 ms]
      [Free CSet: 0.0 ms]
   [Eden: 79.0M(79.0M)->0.0B(77.0M) Survivors: 1024.0K->2048.0K Heap: 227.0M(256.0M)->148.6M(256.0M)]
 [Times: user=0.02 sys=0.01, real=0.00 secs] 
2020-04-13T16:22:38.215+0800: 2341.153: [GC pause (G1 Evacuation Pause) (young), 0.0059914 secs]
   [Parallel Time: 4.9 ms, GC Workers: 4]
      [GC Worker Start (ms): Min: 2341153.5, Avg: 2341153.5, Max: 2341153.5, Diff: 0.0]
      [Ext Root Scanning (ms): Min: 0.4, Avg: 0.4, Max: 0.5, Diff: 0.2, Sum: 1.7]
      [Update RS (ms): Min: 1.3, Avg: 1.8, Max: 2.6, Diff: 1.4, Sum: 7.1]
         [Processed Buffers: Min: 4, Avg: 8.5, Max: 15, Diff: 11, Sum: 34]
      [Scan RS (ms): Min: 0.3, Avg: 1.1, Max: 1.5, Diff: 1.1, Sum: 4.6]
      [Code Root Scanning (ms): Min: 0.0, Avg: 0.0, Max: 0.0, Diff: 0.0, Sum: 0.0]
      [Object Copy (ms): Min: 1.3, Avg: 1.4, Max: 1.7, Diff: 0.3, Sum: 5.8]
      [Termination (ms): Min: 0.0, Avg: 0.0, Max: 0.0, Diff: 0.0, Sum: 0.0]
         [Termination Attempts: Min: 1, Avg: 1.0, Max: 1, Diff: 0, Sum: 4]
      [GC Worker Other (ms): Min: 0.0, Avg: 0.0, Max: 0.0, Diff: 0.0, Sum: 0.1]
      [GC Worker Total (ms): Min: 4.8, Avg: 4.8, Max: 4.8, Diff: 0.0, Sum: 19.2]
      [GC Worker End (ms): Min: 2341158.3, Avg: 2341158.3, Max: 2341158.3, Diff: 0.0]
   [Code Root Fixup: 0.0 ms]
   [Code Root Purge: 0.0 ms]
   [Clear CT: 0.3 ms]
   [Other: 0.7 ms]
      [Choose CSet: 0.0 ms]
      [Ref Proc: 0.4 ms]
      [Ref Enq: 0.0 ms]
      [Redirty Cards: 0.1 ms]
      [Humongous Register: 0.0 ms]
      [Humongous Reclaim: 0.0 ms]
      [Free CSet: 0.0 ms]
   [Eden: 77.0M(77.0M)->0.0B(79.0M) Survivors: 2048.0K->1024.0K Heap: 225.6M(256.0M)->148.2M(256.0M)]
 [Times: user=0.02 sys=0.00, real=0.01 secs] 
2020-04-13T16:22:41.228+0800: 2344.167: [GC pause (G1 Evacuation Pause) (young) (initial-mark), 0.0268275 secs]
   [Parallel Time: 15.8 ms, GC Workers: 4]
      [GC Worker Start (ms): Min: 2344167.1, Avg: 2344167.1, Max: 2344167.2, Diff: 0.1]
      [Ext Root Scanning (ms): Min: 0.6, Avg: 0.7, Max: 0.7, Diff: 0.1, Sum: 2.6]
      [Update RS (ms): Min: 3.0, Avg: 3.2, Max: 3.4, Diff: 0.4, Sum: 12.8]
         [Processed Buffers: Min: 0, Avg: 10.5, Max: 19, Diff: 19, Sum: 42]
      [Scan RS (ms): Min: 7.5, Avg: 8.7, Max: 11.2, Diff: 3.8, Sum: 34.8]
      [Code Root Scanning (ms): Min: 0.0, Avg: 0.0, Max: 0.0, Diff: 0.0, Sum: 0.0]
      [Object Copy (ms): Min: 0.4, Avg: 2.8, Max: 3.9, Diff: 3.4, Sum: 11.2]
      [Termination (ms): Min: 0.0, Avg: 0.0, Max: 0.0, Diff: 0.0, Sum: 0.0]
         [Termination Attempts: Min: 1, Avg: 1.5, Max: 3, Diff: 2, Sum: 6]
      [GC Worker Other (ms): Min: 0.0, Avg: 0.0, Max: 0.0, Diff: 0.0, Sum: 0.1]
      [GC Worker Total (ms): Min: 15.3, Avg: 15.4, Max: 15.4, Diff: 0.1, Sum: 61.6]
      [GC Worker End (ms): Min: 2344182.5, Avg: 2344182.5, Max: 2344182.5, Diff: 0.0]
   [Code Root Fixup: 0.1 ms]
   [Code Root Purge: 0.0 ms]
   [Clear CT: 0.1 ms]
   [Other: 10.9 ms]
      [Choose CSet: 0.0 ms]
      [Ref Proc: 10.6 ms]
      [Ref Enq: 0.0 ms]
      [Redirty Cards: 0.1 ms]
      [Humongous Register: 0.0 ms]
      [Humongous Reclaim: 0.0 ms]
      [Free CSet: 0.0 ms]
   [Eden: 79.0M(79.0M)->0.0B(77.0M) Survivors: 1024.0K->2048.0K Heap: 227.2M(256.0M)->148.6M(256.0M)]
 [Times: user=0.03 sys=0.00, real=0.04 secs] 
2020-04-13T16:22:41.261+0800: 2344.199: [GC concurrent-root-region-scan-start]
2020-04-13T16:22:41.266+0800: 2344.205: [GC concurrent-root-region-scan-end, 0.0052667 secs]
2020-04-13T16:22:41.266+0800: 2344.205: [GC concurrent-mark-start]
2020-04-13T16:22:41.312+0800: 2344.251: [GC concurrent-mark-end, 0.0458796 secs]
2020-04-13T16:22:41.312+0800: 2344.251: [GC remark 2020-04-13T16:22:41.312+0800: 2344.251: [Finalize Marking, 0.0001690 secs] 2020-04-13T16:22:41.312+0800: 2344.251: [GC ref-proc, 0.0000913 secs] 2020-04-13T16:22:41.312+0800: 2344.251: [Unloading, 0.0360038 secs], 0.0387109 secs]
 [Times: user=0.02 sys=0.06, real=0.04 secs] 
2020-04-13T16:22:41.351+0800: 2344.290: [GC cleanup 150M->150M(256M), 0.0010129 secs]
 [Times: user=0.01 sys=0.00, real=0.00 secs] 
2020-04-13T16:22:43.968+0800: 2346.906: [GC pause (G1 Evacuation Pause) (young), 0.0056151 secs]
   [Parallel Time: 5.1 ms, GC Workers: 4]
      [GC Worker Start (ms): Min: 2346906.5, Avg: 2346906.6, Max: 2346906.6, Diff: 0.1]
      [Ext Root Scanning (ms): Min: 0.4, Avg: 0.5, Max: 0.5, Diff: 0.2, Sum: 1.9]
      [Update RS (ms): Min: 1.4, Avg: 1.5, Max: 1.6, Diff: 0.2, Sum: 6.0]
         [Processed Buffers: Min: 3, Avg: 9.8, Max: 26, Diff: 23, Sum: 39]
      [Scan RS (ms): Min: 1.5, Avg: 1.7, Max: 1.9, Diff: 0.4, Sum: 6.6]
      [Code Root Scanning (ms): Min: 0.0, Avg: 0.0, Max: 0.0, Diff: 0.0, Sum: 0.0]
      [Object Copy (ms): Min: 1.2, Avg: 1.4, Max: 1.5, Diff: 0.2, Sum: 5.6]
      [Termination (ms): Min: 0.0, Avg: 0.0, Max: 0.0, Diff: 0.0, Sum: 0.0]
         [Termination Attempts: Min: 1, Avg: 1.0, Max: 1, Diff: 0, Sum: 4]
      [GC Worker Other (ms): Min: 0.0, Avg: 0.0, Max: 0.0, Diff: 0.0, Sum: 0.1]
      [GC Worker Total (ms): Min: 5.0, Avg: 5.0, Max: 5.1, Diff: 0.1, Sum: 20.2]
      [GC Worker End (ms): Min: 2346911.6, Avg: 2346911.6, Max: 2346911.6, Diff: 0.0]
   [Code Root Fixup: 0.0 ms]
   [Code Root Purge: 0.0 ms]
   [Clear CT: 0.1 ms]
   [Other: 0.4 ms]
      [Choose CSet: 0.0 ms]
      [Ref Proc: 0.2 ms]
      [Ref Enq: 0.0 ms]
      [Redirty Cards: 0.1 ms]
      [Humongous Register: 0.0 ms]
      [Humongous Reclaim: 0.0 ms]
      [Free CSet: 0.0 ms]
   [Eden: 77.0M(77.0M)->0.0B(79.0M) Survivors: 2048.0K->1024.0K Heap: 225.6M(256.0M)->148.3M(256.0M)]
 [Times: user=0.02 sys=0.00, real=0.01 secs] 
2020-04-13T16:22:46.997+0800: 2349.935: [GC pause (G1 Evacuation Pause) (young), 0.0074184 secs]
   [Parallel Time: 4.6 ms, GC Workers: 4]
      [GC Worker Start (ms): Min: 2349935.5, Avg: 2349935.5, Max: 2349935.5, Diff: 0.0]
      [Ext Root Scanning (ms): Min: 0.3, Avg: 0.4, Max: 0.5, Diff: 0.2, Sum: 1.5]
      [Update RS (ms): Min: 1.5, Avg: 1.6, Max: 1.8, Diff: 0.3, Sum: 6.6]
         [Processed Buffers: Min: 5, Avg: 7.8, Max: 13, Diff: 8, Sum: 31]
      [Scan RS (ms): Min: 0.8, Avg: 1.0, Max: 1.2, Diff: 0.4, Sum: 3.8]
      [Code Root Scanning (ms): Min: 0.0, Avg: 0.0, Max: 0.0, Diff: 0.0, Sum: 0.0]
      [Object Copy (ms): Min: 1.3, Avg: 1.4, Max: 1.5, Diff: 0.2, Sum: 5.5]
      [Termination (ms): Min: 0.0, Avg: 0.0, Max: 0.0, Diff: 0.0, Sum: 0.0]
         [Termination Attempts: Min: 1, Avg: 1.0, Max: 1, Diff: 0, Sum: 4]
      [GC Worker Other (ms): Min: 0.0, Avg: 0.0, Max: 0.0, Diff: 0.0, Sum: 0.1]
      [GC Worker Total (ms): Min: 4.3, Avg: 4.4, Max: 4.4, Diff: 0.0, Sum: 17.5]
      [GC Worker End (ms): Min: 2349939.9, Avg: 2349939.9, Max: 2349939.9, Diff: 0.0]
   [Code Root Fixup: 0.4 ms]
   [Code Root Purge: 0.0 ms]
   [Clear CT: 0.1 ms]
   [Other: 2.4 ms]
      [Choose CSet: 0.0 ms]
      [Ref Proc: 2.1 ms]
      [Ref Enq: 0.0 ms]
      [Redirty Cards: 0.1 ms]
      [Humongous Register: 0.0 ms]
      [Humongous Reclaim: 0.0 ms]
      [Free CSet: 0.0 ms]
   [Eden: 79.0M(79.0M)->0.0B(77.0M) Survivors: 1024.0K->2048.0K Heap: 227.3M(256.0M)->149.0M(256.0M)]
 [Times: user=0.02 sys=0.00, real=0.01 secs] 
2020-04-13T16:22:49.476+0800: 2352.414: [GC pause (G1 Evacuation Pause) (young) (initial-mark), 0.0184300 secs]
   [Parallel Time: 7.3 ms, GC Workers: 4]
      [GC Worker Start (ms): Min: 2352414.6, Avg: 2352414.9, Max: 2352415.5, Diff: 0.9]
      [Ext Root Scanning (ms): Min: 0.1, Avg: 0.7, Max: 1.2, Diff: 1.1, Sum: 2.9]
      [Update RS (ms): Min: 1.7, Avg: 2.4, Max: 4.2, Diff: 2.5, Sum: 9.7]
         [Processed Buffers: Min: 2, Avg: 7.8, Max: 13, Diff: 11, Sum: 31]
      [Scan RS (ms): Min: 0.0, Avg: 1.1, Max: 1.5, Diff: 1.5, Sum: 4.4]
      [Code Root Scanning (ms): Min: 0.0, Avg: 0.0, Max: 0.0, Diff: 0.0, Sum: 0.0]
      [Object Copy (ms): Min: 1.8, Avg: 2.4, Max: 2.8, Diff: 1.0, Sum: 9.4]
      [Termination (ms): Min: 0.0, Avg: 0.3, Max: 0.5, Diff: 0.5, Sum: 1.3]
         [Termination Attempts: Min: 1, Avg: 1.0, Max: 1, Diff: 0, Sum: 4]
      [GC Worker Other (ms): Min: 0.0, Avg: 0.0, Max: 0.0, Diff: 0.0, Sum: 0.0]
      [GC Worker Total (ms): Min: 6.3, Avg: 6.9, Max: 7.2, Diff: 0.9, Sum: 27.8]
      [GC Worker End (ms): Min: 2352421.7, Avg: 2352421.8, Max: 2352421.9, Diff: 0.1]
   [Code Root Fixup: 0.0 ms]
   [Code Root Purge: 0.0 ms]
   [Clear CT: 0.0 ms]
   [Other: 11.0 ms]
      [Choose CSet: 0.0 ms]
      [Ref Proc: 10.8 ms]
      [Ref Enq: 0.0 ms]
      [Redirty Cards: 0.0 ms]
      [Humongous Register: 0.0 ms]
      [Humongous Reclaim: 0.0 ms]
      [Free CSet: 0.0 ms]
   [Eden: 77.0M(77.0M)->0.0B(79.0M) Survivors: 2048.0K->1024.0K Heap: 226.0M(256.0M)->148.5M(256.0M)]
 [Times: user=0.02 sys=0.00, real=0.02 secs] 
2020-04-13T16:22:49.494+0800: 2352.433: [GC concurrent-root-region-scan-start]
2020-04-13T16:22:49.498+0800: 2352.437: [GC concurrent-root-region-scan-end, 0.0039291 secs]
2020-04-13T16:22:49.498+0800: 2352.437: [GC concurrent-mark-start]
2020-04-13T16:22:49.528+0800: 2352.467: [GC concurrent-mark-end, 0.0297412 secs]
2020-04-13T16:22:49.528+0800: 2352.467: [GC remark 2020-04-13T16:22:49.528+0800: 2352.467: [Finalize Marking, 0.0001819 secs] 2020-04-13T16:22:49.529+0800: 2352.467: [GC ref-proc, 0.0001098 secs] 2020-04-13T16:22:49.529+0800: 2352.467: [Unloading, 0.0050378 secs], 0.0071421 secs]
 [Times: user=0.02 sys=0.00, real=0.01 secs] 
2020-04-13T16:22:49.536+0800: 2352.474: [GC cleanup 150M->150M(256M), 0.0005091 secs]
 [Times: user=0.00 sys=0.00, real=0.00 secs] 
2020-04-13T16:22:53.565+0800: 2356.503: [GC pause (G1 Evacuation Pause) (young), 0.0178655 secs]
   [Parallel Time: 6.1 ms, GC Workers: 4]
      [GC Worker Start (ms): Min: 2356503.6, Avg: 2356503.6, Max: 2356503.6, Diff: 0.0]
      [Ext Root Scanning (ms): Min: 0.4, Avg: 0.4, Max: 0.6, Diff: 0.2, Sum: 1.7]
      [Update RS (ms): Min: 1.4, Avg: 1.5, Max: 1.7, Diff: 0.3, Sum: 6.1]
         [Processed Buffers: Min: 4, Avg: 9.0, Max: 19, Diff: 15, Sum: 36]
      [Scan RS (ms): Min: 1.0, Avg: 1.4, Max: 2.2, Diff: 1.2, Sum: 5.7]
      [Code Root Scanning (ms): Min: 0.0, Avg: 0.0, Max: 0.0, Diff: 0.0, Sum: 0.0]
      [Object Copy (ms): Min: 1.4, Avg: 2.4, Max: 2.8, Diff: 1.4, Sum: 9.7]
      [Termination (ms): Min: 0.0, Avg: 0.0, Max: 0.0, Diff: 0.0, Sum: 0.0]
         [Termination Attempts: Min: 1, Avg: 1.2, Max: 2, Diff: 1, Sum: 5]
      [GC Worker Other (ms): Min: 0.0, Avg: 0.0, Max: 0.0, Diff: 0.0, Sum: 0.0]
      [GC Worker Total (ms): Min: 5.8, Avg: 5.8, Max: 5.9, Diff: 0.1, Sum: 23.4]
      [GC Worker End (ms): Min: 2356509.4, Avg: 2356509.4, Max: 2356509.4, Diff: 0.0]
   [Code Root Fixup: 0.0 ms]
   [Code Root Purge: 0.0 ms]
   [Clear CT: 0.1 ms]
   [Other: 11.7 ms]
      [Choose CSet: 0.0 ms]
      [Ref Proc: 11.4 ms]
      [Ref Enq: 0.0 ms]
      [Redirty Cards: 0.1 ms]
      [Humongous Register: 0.0 ms]
      [Humongous Reclaim: 0.0 ms]
      [Free CSet: 0.0 ms]
   [Eden: 79.0M(79.0M)->0.0B(77.0M) Survivors: 1024.0K->2048.0K Heap: 227.5M(256.0M)->148.9M(256.0M)]
 [Times: user=0.02 sys=0.00, real=0.02 secs] 
2020-04-13T16:22:56.955+0800: 2359.894: [GC pause (G1 Evacuation Pause) (young), 0.0081712 secs]
   [Parallel Time: 6.8 ms, GC Workers: 4]
      [GC Worker Start (ms): Min: 2359893.9, Avg: 2359894.0, Max: 2359894.0, Diff: 0.0]
      [Ext Root Scanning (ms): Min: 0.4, Avg: 0.4, Max: 0.5, Diff: 0.1, Sum: 1.8]
      [Update RS (ms): Min: 1.7, Avg: 1.8, Max: 1.9, Diff: 0.3, Sum: 7.1]
         [Processed Buffers: Min: 4, Avg: 9.2, Max: 15, Diff: 11, Sum: 37]
      [Scan RS (ms): Min: 1.0, Avg: 1.1, Max: 1.3, Diff: 0.3, Sum: 4.5]
      [Code Root Scanning (ms): Min: 0.0, Avg: 0.0, Max: 0.0, Diff: 0.0, Sum: 0.0]
      [Object Copy (ms): Min: 2.0, Avg: 2.2, Max: 2.7, Diff: 0.8, Sum: 8.7]
      [Termination (ms): Min: 0.6, Avg: 1.2, Max: 1.4, Diff: 0.9, Sum: 4.7]
         [Termination Attempts: Min: 1, Avg: 1.0, Max: 1, Diff: 0, Sum: 4]
      [GC Worker Other (ms): Min: 0.0, Avg: 0.0, Max: 0.0, Diff: 0.0, Sum: 0.0]
      [GC Worker Total (ms): Min: 6.6, Avg: 6.7, Max: 6.8, Diff: 0.2, Sum: 26.8]
      [GC Worker End (ms): Min: 2359900.5, Avg: 2359900.7, Max: 2359900.7, Diff: 0.2]
   [Code Root Fixup: 0.1 ms]
   [Code Root Purge: 0.0 ms]
   [Clear CT: 0.1 ms]
   [Other: 1.2 ms]
      [Choose CSet: 0.0 ms]
      [Ref Proc: 0.6 ms]
      [Ref Enq: 0.0 ms]
      [Redirty Cards: 0.5 ms]
      [Humongous Register: 0.0 ms]
      [Humongous Reclaim: 0.0 ms]
      [Free CSet: 0.0 ms]
   [Eden: 77.0M(77.0M)->0.0B(77.0M) Survivors: 2048.0K->2048.0K Heap: 225.9M(256.0M)->149.1M(256.0M)]
 [Times: user=0.02 sys=0.00, real=0.01 secs] 
2020-04-13T16:22:59.823+0800: 2362.761: [GC pause (G1 Evacuation Pause) (young) (initial-mark), 0.0105368 secs]
   [Parallel Time: 9.2 ms, GC Workers: 4]
      [GC Worker Start (ms): Min: 2362761.6, Avg: 2362762.1, Max: 2362762.6, Diff: 1.0]
      [Ext Root Scanning (ms): Min: 0.0, Avg: 1.8, Max: 5.0, Diff: 5.0, Sum: 7.3]
      [Update RS (ms): Min: 0.0, Avg: 2.9, Max: 4.1, Diff: 4.1, Sum: 11.6]
         [Processed Buffers: Min: 0, Avg: 8.2, Max: 14, Diff: 14, Sum: 33]
      [Scan RS (ms): Min: 0.7, Avg: 1.4, Max: 1.9, Diff: 1.3, Sum: 5.5]
      [Code Root Scanning (ms): Min: 0.0, Avg: 0.0, Max: 0.0, Diff: 0.0, Sum: 0.0]
      [Object Copy (ms): Min: 2.1, Avg: 2.2, Max: 2.3, Diff: 0.2, Sum: 8.7]
      [Termination (ms): Min: 0.0, Avg: 0.0, Max: 0.0, Diff: 0.0, Sum: 0.0]
         [Termination Attempts: Min: 1, Avg: 1.0, Max: 1, Diff: 0, Sum: 4]
      [GC Worker Other (ms): Min: 0.0, Avg: 0.0, Max: 0.0, Diff: 0.0, Sum: 0.1]
      [GC Worker Total (ms): Min: 7.8, Avg: 8.3, Max: 8.8, Diff: 1.0, Sum: 33.3]
      [GC Worker End (ms): Min: 2362770.4, Avg: 2362770.4, Max: 2362770.4, Diff: 0.0]
   [Code Root Fixup: 0.0 ms]
   [Code Root Purge: 0.0 ms]
   [Clear CT: 0.2 ms]
   [Other: 1.0 ms]
      [Choose CSet: 0.0 ms]
      [Ref Proc: 0.8 ms]
      [Ref Enq: 0.0 ms]
      [Redirty Cards: 0.0 ms]
      [Humongous Register: 0.0 ms]
      [Humongous Reclaim: 0.0 ms]
      [Free CSet: 0.0 ms]
   [Eden: 77.0M(77.0M)->0.0B(79.0M) Survivors: 2048.0K->1024.0K Heap: 226.1M(256.0M)->148.8M(256.0M)]
 [Times: user=0.02 sys=0.00, real=0.01 secs] 
2020-04-13T16:22:59.833+0800: 2362.772: [GC concurrent-root-region-scan-start]
2020-04-13T16:22:59.837+0800: 2362.776: [GC concurrent-root-region-scan-end, 0.0036538 secs]
2020-04-13T16:22:59.837+0800: 2362.776: [GC concurrent-mark-start]
2020-04-13T16:22:59.869+0800: 2362.807: [GC concurrent-mark-end, 0.0316002 secs]
2020-04-13T16:22:59.869+0800: 2362.808: [GC remark 2020-04-13T16:22:59.869+0800: 2362.808: [Finalize Marking, 0.0004398 secs] 2020-04-13T16:22:59.869+0800: 2362.808: [GC ref-proc, 0.0001256 secs] 2020-04-13T16:22:59.870+0800: 2362.808: [Unloading, 0.0047818 secs], 0.0068967 secs]
 [Times: user=0.01 sys=0.00, real=0.01 secs] 
2020-04-13T16:22:59.876+0800: 2362.815: [GC cleanup 150M->150M(256M), 0.0014202 secs]
 [Times: user=0.00 sys=0.00, real=0.00 secs] 
2020-04-13T16:23:03.693+0800: 2366.632: [GC pause (G1 Evacuation Pause) (young), 0.0062254 secs]
   [Parallel Time: 5.7 ms, GC Workers: 4]
      [GC Worker Start (ms): Min: 2366631.7, Avg: 2366631.7, Max: 2366631.7, Diff: 0.0]
      [Ext Root Scanning (ms): Min: 0.5, Avg: 0.5, Max: 0.6, Diff: 0.1, Sum: 2.1]
      [Update RS (ms): Min: 1.4, Avg: 1.6, Max: 1.9, Diff: 0.5, Sum: 6.4]
         [Processed Buffers: Min: 4, Avg: 7.8, Max: 13, Diff: 9, Sum: 31]
      [Scan RS (ms): Min: 1.6, Avg: 1.9, Max: 2.2, Diff: 0.6, Sum: 7.7]
      [Code Root Scanning (ms): Min: 0.0, Avg: 0.0, Max: 0.0, Diff: 0.0, Sum: 0.0]
      [Object Copy (ms): Min: 1.4, Avg: 1.5, Max: 1.7, Diff: 0.3, Sum: 6.2]
      [Termination (ms): Min: 0.0, Avg: 0.0, Max: 0.0, Diff: 0.0, Sum: 0.0]
         [Termination Attempts: Min: 1, Avg: 1.0, Max: 1, Diff: 0, Sum: 4]
      [GC Worker Other (ms): Min: 0.0, Avg: 0.0, Max: 0.0, Diff: 0.0, Sum: 0.1]
      [GC Worker Total (ms): Min: 5.6, Avg: 5.6, Max: 5.6, Diff: 0.0, Sum: 22.5]
      [GC Worker End (ms): Min: 2366637.3, Avg: 2366637.3, Max: 2366637.3, Diff: 0.0]
   [Code Root Fixup: 0.1 ms]
   [Code Root Purge: 0.0 ms]
   [Clear CT: 0.1 ms]
   [Other: 0.4 ms]
      [Choose CSet: 0.0 ms]
      [Ref Proc: 0.1 ms]
      [Ref Enq: 0.0 ms]
      [Redirty Cards: 0.0 ms]
      [Humongous Register: 0.0 ms]
      [Humongous Reclaim: 0.0 ms]
      [Free CSet: 0.0 ms]
   [Eden: 79.0M(79.0M)->0.0B(77.0M) Survivors: 1024.0K->2048.0K Heap: 227.8M(256.0M)->149.1M(256.0M)]
 [Times: user=0.02 sys=0.00, real=0.01 secs] 
2020-04-13T16:23:07.720+0800: 2370.658: [GC pause (G1 Evacuation Pause) (young), 0.0276818 secs]
   [Parallel Time: 16.5 ms, GC Workers: 4]
      [GC Worker Start (ms): Min: 2370658.3, Avg: 2370658.3, Max: 2370658.3, Diff: 0.0]
      [Ext Root Scanning (ms): Min: 0.3, Avg: 0.4, Max: 0.5, Diff: 0.2, Sum: 1.5]
      [Update RS (ms): Min: 1.8, Avg: 2.4, Max: 3.7, Diff: 1.8, Sum: 9.5]
         [Processed Buffers: Min: 3, Avg: 8.2, Max: 12, Diff: 9, Sum: 33]
      [Scan RS (ms): Min: 0.0, Avg: 0.9, Max: 1.3, Diff: 1.3, Sum: 3.8]
      [Code Root Scanning (ms): Min: 0.0, Avg: 0.0, Max: 0.0, Diff: 0.0, Sum: 0.0]
      [Object Copy (ms): Min: 1.5, Avg: 1.9, Max: 2.6, Diff: 1.1, Sum: 7.8]
      [Termination (ms): Min: 0.0, Avg: 5.5, Max: 10.7, Diff: 10.7, Sum: 22.1]
         [Termination Attempts: Min: 1, Avg: 1.0, Max: 1, Diff: 0, Sum: 4]
      [GC Worker Other (ms): Min: 0.0, Avg: 0.0, Max: 0.0, Diff: 0.0, Sum: 0.0]
      [GC Worker Total (ms): Min: 6.2, Avg: 11.2, Max: 16.2, Diff: 10.0, Sum: 44.6]
      [GC Worker End (ms): Min: 2370664.5, Avg: 2370669.5, Max: 2370674.5, Diff: 10.0]
   [Code Root Fixup: 0.0 ms]
   [Code Root Purge: 0.0 ms]
   [Clear CT: 0.1 ms]
   [Other: 11.1 ms]
      [Choose CSet: 0.0 ms]
      [Ref Proc: 10.8 ms]
      [Ref Enq: 0.0 ms]
      [Redirty Cards: 0.1 ms]
      [Humongous Register: 0.0 ms]
      [Humongous Reclaim: 0.0 ms]
      [Free CSet: 0.0 ms]
   [Eden: 77.0M(77.0M)->0.0B(77.0M) Survivors: 2048.0K->2048.0K Heap: 226.1M(256.0M)->149.1M(256.0M)]
 [Times: user=0.02 sys=0.00, real=0.02 secs] 
2020-04-13T16:23:11.938+0800: 2374.876: [GC pause (G1 Evacuation Pause) (young) (initial-mark), 0.0186292 secs]
   [Parallel Time: 7.3 ms, GC Workers: 4]
      [GC Worker Start (ms): Min: 2374876.2, Avg: 2374876.5, Max: 2374877.0, Diff: 0.8]
      [Ext Root Scanning (ms): Min: 0.0, Avg: 0.7, Max: 1.1, Diff: 1.1, Sum: 2.7]
      [Update RS (ms): Min: 1.9, Avg: 2.5, Max: 4.3, Diff: 2.4, Sum: 10.1]
         [Processed Buffers: Min: 3, Avg: 9.5, Max: 16, Diff: 13, Sum: 38]
      [Scan RS (ms): Min: 0.0, Avg: 1.6, Max: 2.6, Diff: 2.6, Sum: 6.4]
      [Code Root Scanning (ms): Min: 0.0, Avg: 0.0, Max: 0.0, Diff: 0.0, Sum: 0.0]
      [Object Copy (ms): Min: 1.6, Avg: 2.1, Max: 2.5, Diff: 0.9, Sum: 8.4]
      [Termination (ms): Min: 0.0, Avg: 0.0, Max: 0.0, Diff: 0.0, Sum: 0.0]
         [Termination Attempts: Min: 1, Avg: 1.0, Max: 1, Diff: 0, Sum: 4]
      [GC Worker Other (ms): Min: 0.0, Avg: 0.0, Max: 0.0, Diff: 0.0, Sum: 0.0]
      [GC Worker Total (ms): Min: 6.3, Avg: 6.9, Max: 7.1, Diff: 0.8, Sum: 27.6]
      [GC Worker End (ms): Min: 2374883.4, Avg: 2374883.4, Max: 2374883.4, Diff: 0.0]
   [Code Root Fixup: 0.1 ms]
   [Code Root Purge: 0.0 ms]
   [Clear CT: 0.1 ms]
   [Other: 11.2 ms]
      [Choose CSet: 0.0 ms]
      [Ref Proc: 11.0 ms]
      [Ref Enq: 0.0 ms]
      [Redirty Cards: 0.0 ms]
      [Humongous Register: 0.0 ms]
      [Humongous Reclaim: 0.0 ms]
      [Free CSet: 0.0 ms]
   [Eden: 77.0M(77.0M)->0.0B(76.0M) Survivors: 2048.0K->2048.0K Heap: 226.1M(256.0M)->149.2M(256.0M)]
 [Times: user=0.02 sys=0.00, real=0.02 secs] 
2020-04-13T16:23:11.957+0800: 2374.895: [GC concurrent-root-region-scan-start]
2020-04-13T16:23:11.978+0800: 2374.916: [GC concurrent-root-region-scan-end, 0.0208513 secs]
2020-04-13T16:23:11.978+0800: 2374.916: [GC concurrent-mark-start]
2020-04-13T16:23:12.122+0800: 2375.061: [GC concurrent-mark-end, 0.1445818 secs]
2020-04-13T16:23:12.122+0800: 2375.061: [GC remark 2020-04-13T16:23:12.122+0800: 2375.061: [Finalize Marking, 0.0002134 secs] 2020-04-13T16:23:12.123+0800: 2375.061: [GC ref-proc, 0.0003620 secs] 2020-04-13T16:23:12.123+0800: 2375.062: [Unloading, 0.0123247 secs], 0.0151358 secs]
 [Times: user=0.02 sys=0.00, real=0.01 secs] 
2020-04-13T16:23:12.138+0800: 2375.076: [GC cleanup 150M->150M(256M), 0.0004565 secs]
 [Times: user=0.00 sys=0.00, real=0.00 secs] 
2020-04-13T16:23:12.855+0800: 2375.793: [GC pause (G1 Evacuation Pause) (young), 0.0192204 secs]
   [Parallel Time: 18.3 ms, GC Workers: 4]
      [GC Worker Start (ms): Min: 2375793.0, Avg: 2375793.0, Max: 2375793.1, Diff: 0.0]
      [Ext Root Scanning (ms): Min: 0.3, Avg: 0.4, Max: 0.5, Diff: 0.2, Sum: 1.5]
      [Update RS (ms): Min: 1.6, Avg: 2.7, Max: 4.2, Diff: 2.6, Sum: 10.9]
         [Processed Buffers: Min: 0, Avg: 6.0, Max: 18, Diff: 18, Sum: 24]
      [Scan RS (ms): Min: 0.0, Avg: 1.4, Max: 2.5, Diff: 2.5, Sum: 5.4]
      [Code Root Scanning (ms): Min: 0.0, Avg: 0.0, Max: 0.0, Diff: 0.0, Sum: 0.0]
      [Object Copy (ms): Min: 2.8, Avg: 3.2, Max: 3.8, Diff: 1.0, Sum: 13.0]
      [Termination (ms): Min: 0.0, Avg: 3.0, Max: 10.7, Diff: 10.7, Sum: 12.0]
         [Termination Attempts: Min: 1, Avg: 1.0, Max: 1, Diff: 0, Sum: 4]
      [GC Worker Other (ms): Min: 0.0, Avg: 0.0, Max: 0.1, Diff: 0.0, Sum: 0.1]
      [GC Worker Total (ms): Min: 8.2, Avg: 10.7, Max: 18.3, Diff: 10.1, Sum: 42.9]
      [GC Worker End (ms): Min: 2375801.2, Avg: 2375803.8, Max: 2375811.3, Diff: 10.1]
   [Code Root Fixup: 0.0 ms]
   [Code Root Purge: 0.0 ms]
   [Clear CT: 0.1 ms]
   [Other: 0.8 ms]
      [Choose CSet: 0.0 ms]
      [Ref Proc: 0.5 ms]
      [Ref Enq: 0.0 ms]
      [Redirty Cards: 0.2 ms]
      [Humongous Register: 0.0 ms]
      [Humongous Reclaim: 0.0 ms]
      [Free CSet: 0.0 ms]
   [Eden: 10.0M(10.0M)->0.0B(10.0M) Survivors: 2048.0K->2048.0K Heap: 159.2M(256.0M)->149.3M(256.0M)]
 [Times: user=0.02 sys=0.00, real=0.02 secs] 
2020-04-13T16:23:13.565+0800: 2376.504: [GC pause (G1 Evacuation Pause) (mixed), 0.0204337 secs]
   [Parallel Time: 18.2 ms, GC Workers: 4]
      [GC Worker Start (ms): Min: 2376503.9, Avg: 2376503.9, Max: 2376503.9, Diff: 0.0]
      [Ext Root Scanning (ms): Min: 0.7, Avg: 0.9, Max: 1.4, Diff: 0.7, Sum: 3.5]
      [Update RS (ms): Min: 0.7, Avg: 1.1, Max: 1.3, Diff: 0.6, Sum: 4.3]
         [Processed Buffers: Min: 2, Avg: 7.0, Max: 14, Diff: 12, Sum: 28]
      [Scan RS (ms): Min: 1.5, Avg: 2.1, Max: 2.4, Diff: 0.9, Sum: 8.5]
      [Code Root Scanning (ms): Min: 0.0, Avg: 1.5, Max: 6.2, Diff: 6.2, Sum: 6.2]
      [Object Copy (ms): Min: 0.0, Avg: 2.3, Max: 3.1, Diff: 3.1, Sum: 9.2]
      [Termination (ms): Min: 0.0, Avg: 8.0, Max: 10.7, Diff: 10.7, Sum: 32.0]
         [Termination Attempts: Min: 1, Avg: 3.2, Max: 4, Diff: 3, Sum: 13]
      [GC Worker Other (ms): Min: 0.0, Avg: 0.0, Max: 0.0, Diff: 0.0, Sum: 0.1]
      [GC Worker Total (ms): Min: 9.6, Avg: 15.9, Max: 18.0, Diff: 8.4, Sum: 63.6]
      [GC Worker End (ms): Min: 2376513.5, Avg: 2376519.8, Max: 2376521.9, Diff: 8.4]
   [Code Root Fixup: 1.0 ms]
   [Code Root Purge: 0.0 ms]
   [Clear CT: 0.1 ms]
   [Other: 1.2 ms]
      [Choose CSet: 0.0 ms]
      [Ref Proc: 0.6 ms]
      [Ref Enq: 0.0 ms]
      [Redirty Cards: 0.1 ms]
      [Humongous Register: 0.0 ms]
      [Humongous Reclaim: 0.0 ms]
      [Free CSet: 0.2 ms]
   [Eden: 10.0M(10.0M)->0.0B(79.0M) Survivors: 2048.0K->1024.0K Heap: 159.3M(256.0M)->148.3M(256.0M)]
 [Times: user=0.03 sys=0.00, real=0.02 secs] 
2020-04-13T16:23:13.917+0800: 2376.855: [GC pause (G1 Evacuation Pause) (young), 0.0096812 secs]
   [Parallel Time: 6.2 ms, GC Workers: 4]
      [GC Worker Start (ms): Min: 2376855.3, Avg: 2376855.3, Max: 2376855.3, Diff: 0.0]
      [Ext Root Scanning (ms): Min: 0.3, Avg: 0.4, Max: 0.5, Diff: 0.2, Sum: 1.5]
      [Update RS (ms): Min: 1.1, Avg: 1.1, Max: 1.2, Diff: 0.2, Sum: 4.4]
         [Processed Buffers: Min: 2, Avg: 6.0, Max: 11, Diff: 9, Sum: 24]
      [Scan RS (ms): Min: 1.9, Avg: 2.3, Max: 3.0, Diff: 1.0, Sum: 9.2]
      [Code Root Scanning (ms): Min: 0.0, Avg: 0.0, Max: 0.0, Diff: 0.0, Sum: 0.0]
      [Object Copy (ms): Min: 1.5, Avg: 2.1, Max: 2.3, Diff: 0.9, Sum: 8.2]
      [Termination (ms): Min: 0.0, Avg: 0.0, Max: 0.0, Diff: 0.0, Sum: 0.0]
         [Termination Attempts: Min: 1, Avg: 1.0, Max: 1, Diff: 0, Sum: 4]
      [GC Worker Other (ms): Min: 0.0, Avg: 0.1, Max: 0.2, Diff: 0.1, Sum: 0.2]
      [GC Worker Total (ms): Min: 5.8, Avg: 5.9, Max: 6.0, Diff: 0.2, Sum: 23.6]
      [GC Worker End (ms): Min: 2376861.1, Avg: 2376861.2, Max: 2376861.3, Diff: 0.1]
   [Code Root Fixup: 0.0 ms]
   [Code Root Purge: 0.0 ms]
   [Clear CT: 0.0 ms]
   [Other: 3.4 ms]
      [Choose CSet: 0.0 ms]
      [Ref Proc: 3.2 ms]
      [Ref Enq: 0.0 ms]
      [Redirty Cards: 0.1 ms]
      [Humongous Register: 0.0 ms]
      [Humongous Reclaim: 0.0 ms]
      [Free CSet: 0.0 ms]
   [Eden: 11.0M(11.0M)->0.0B(79.0M) Survivors: 1024.0K->1024.0K Heap: 159.3M(256.0M)->148.4M(256.0M)]
 [Times: user=0.02 sys=0.00, real=0.01 secs] 
2020-04-13T16:23:17.351+0800: 2380.289: [GC pause (G1 Evacuation Pause) (young) (initial-mark), 0.0073626 secs]
   [Parallel Time: 5.8 ms, GC Workers: 4]
      [GC Worker Start (ms): Min: 2380289.0, Avg: 2380289.3, Max: 2380290.0, Diff: 0.9]
      [Ext Root Scanning (ms): Min: 0.9, Avg: 1.2, Max: 1.5, Diff: 0.6, Sum: 4.9]
      [Update RS (ms): Min: 1.1, Avg: 1.4, Max: 1.8, Diff: 0.7, Sum: 5.8]
         [Processed Buffers: Min: 4, Avg: 8.8, Max: 16, Diff: 12, Sum: 35]
      [Scan RS (ms): Min: 1.3, Avg: 1.4, Max: 1.6, Diff: 0.3, Sum: 5.7]
      [Code Root Scanning (ms): Min: 0.0, Avg: 0.0, Max: 0.0, Diff: 0.0, Sum: 0.0]
      [Object Copy (ms): Min: 1.2, Avg: 1.3, Max: 1.4, Diff: 0.1, Sum: 5.3]
      [Termination (ms): Min: 0.0, Avg: 0.0, Max: 0.0, Diff: 0.0, Sum: 0.0]
         [Termination Attempts: Min: 1, Avg: 1.0, Max: 1, Diff: 0, Sum: 4]
      [GC Worker Other (ms): Min: 0.0, Avg: 0.0, Max: 0.0, Diff: 0.0, Sum: 0.1]
      [GC Worker Total (ms): Min: 4.8, Avg: 5.4, Max: 5.7, Diff: 0.9, Sum: 21.7]
      [GC Worker End (ms): Min: 2380294.7, Avg: 2380294.7, Max: 2380294.7, Diff: 0.0]
   [Code Root Fixup: 0.0 ms]
   [Code Root Purge: 0.0 ms]
   [Clear CT: 0.1 ms]
   [Other: 1.5 ms]
      [Choose CSet: 0.0 ms]
      [Ref Proc: 0.8 ms]
      [Ref Enq: 0.0 ms]
      [Redirty Cards: 0.3 ms]
      [Humongous Register: 0.0 ms]
      [Humongous Reclaim: 0.0 ms]
      [Free CSet: 0.0 ms]
   [Eden: 79.0M(79.0M)->0.0B(77.0M) Survivors: 1024.0K->2048.0K Heap: 227.4M(256.0M)->148.8M(256.0M)]
 [Times: user=0.02 sys=0.00, real=0.00 secs] 
2020-04-13T16:23:17.358+0800: 2380.296: [GC concurrent-root-region-scan-start]
2020-04-13T16:23:17.361+0800: 2380.300: [GC concurrent-root-region-scan-end, 0.0033783 secs]
2020-04-13T16:23:17.361+0800: 2380.300: [GC concurrent-mark-start]
2020-04-13T16:23:17.394+0800: 2380.332: [GC concurrent-mark-end, 0.0325736 secs]
2020-04-13T16:23:17.394+0800: 2380.333: [GC remark 2020-04-13T16:23:17.394+0800: 2380.333: [Finalize Marking, 0.0001423 secs] 2020-04-13T16:23:17.394+0800: 2380.333: [GC ref-proc, 0.0000727 secs] 2020-04-13T16:23:17.395+0800: 2380.333: [Unloading, 0.0051589 secs], 0.0082939 secs]
 [Times: user=0.02 sys=0.00, real=0.01 secs] 
2020-04-13T16:23:17.403+0800: 2380.341: [GC cleanup 150M->150M(256M), 0.0008195 secs]
 [Times: user=0.00 sys=0.00, real=0.00 secs] 
2020-04-13T16:23:19.644+0800: 2382.582: [GC pause (G1 Evacuation Pause) (young), 0.0119551 secs]
   [Parallel Time: 6.9 ms, GC Workers: 4]
      [GC Worker Start (ms): Min: 2382582.0, Avg: 2382582.4, Max: 2382583.1, Diff: 1.1]
      [Ext Root Scanning (ms): Min: 0.0, Avg: 0.6, Max: 0.9, Diff: 0.9, Sum: 2.3]
      [Update RS (ms): Min: 2.2, Avg: 2.4, Max: 2.9, Diff: 0.7, Sum: 9.8]
         [Processed Buffers: Min: 2, Avg: 8.0, Max: 21, Diff: 19, Sum: 32]
      [Scan RS (ms): Min: 1.3, Avg: 1.8, Max: 2.3, Diff: 1.1, Sum: 7.3]
      [Code Root Scanning (ms): Min: 0.0, Avg: 0.0, Max: 0.0, Diff: 0.0, Sum: 0.0]
      [Object Copy (ms): Min: 0.8, Avg: 1.4, Max: 1.7, Diff: 0.9, Sum: 5.7]
      [Termination (ms): Min: 0.0, Avg: 0.0, Max: 0.0, Diff: 0.0, Sum: 0.0]
         [Termination Attempts: Min: 1, Avg: 1.0, Max: 1, Diff: 0, Sum: 4]
      [GC Worker Other (ms): Min: 0.0, Avg: 0.0, Max: 0.0, Diff: 0.0, Sum: 0.1]
      [GC Worker Total (ms): Min: 5.6, Avg: 6.3, Max: 6.7, Diff: 1.1, Sum: 25.2]
      [GC Worker End (ms): Min: 2382588.7, Avg: 2382588.7, Max: 2382588.7, Diff: 0.0]
   [Code Root Fixup: 0.1 ms]
   [Code Root Purge: 0.0 ms]
   [Clear CT: 0.0 ms]
   [Other: 4.9 ms]
      [Choose CSet: 0.0 ms]
      [Ref Proc: 4.7 ms]
      [Ref Enq: 0.0 ms]
      [Redirty Cards: 0.0 ms]
      [Humongous Register: 0.0 ms]
      [Humongous Reclaim: 0.0 ms]
      [Free CSet: 0.0 ms]
   [Eden: 77.0M(77.0M)->0.0B(79.0M) Survivors: 2048.0K->1024.0K Heap: 225.8M(256.0M)->148.4M(256.0M)]
 [Times: user=0.02 sys=0.00, real=0.01 secs] 
2020-04-13T16:23:21.822+0800: 2384.761: [GC pause (G1 Evacuation Pause) (young), 0.0081460 secs]
   [Parallel Time: 6.4 ms, GC Workers: 4]
      [GC Worker Start (ms): Min: 2384760.7, Avg: 2384760.7, Max: 2384760.8, Diff: 0.0]
      [Ext Root Scanning (ms): Min: 0.3, Avg: 0.4, Max: 0.7, Diff: 0.3, Sum: 1.8]
      [Update RS (ms): Min: 1.1, Avg: 1.7, Max: 2.1, Diff: 1.0, Sum: 6.8]
         [Processed Buffers: Min: 2, Avg: 7.2, Max: 13, Diff: 11, Sum: 29]
      [Scan RS (ms): Min: 1.2, Avg: 1.4, Max: 1.5, Diff: 0.3, Sum: 5.6]
      [Code Root Scanning (ms): Min: 0.0, Avg: 0.0, Max: 0.0, Diff: 0.0, Sum: 0.0]
      [Object Copy (ms): Min: 2.0, Avg: 2.4, Max: 3.0, Diff: 1.0, Sum: 9.4]
      [Termination (ms): Min: 0.0, Avg: 0.0, Max: 0.0, Diff: 0.0, Sum: 0.1]
         [Termination Attempts: Min: 1, Avg: 1.5, Max: 2, Diff: 1, Sum: 6]
      [GC Worker Other (ms): Min: 0.0, Avg: 0.1, Max: 0.3, Diff: 0.3, Sum: 0.6]
      [GC Worker Total (ms): Min: 6.0, Avg: 6.1, Max: 6.3, Diff: 0.3, Sum: 24.3]
      [GC Worker End (ms): Min: 2384766.7, Avg: 2384766.8, Max: 2384767.0, Diff: 0.3]
   [Code Root Fixup: 0.1 ms]
   [Code Root Purge: 0.0 ms]
   [Clear CT: 0.9 ms]
   [Other: 0.8 ms]
      [Choose CSet: 0.0 ms]
      [Ref Proc: 0.5 ms]
      [Ref Enq: 0.0 ms]
      [Redirty Cards: 0.1 ms]
      [Humongous Register: 0.0 ms]
      [Humongous Reclaim: 0.0 ms]
      [Free CSet: 0.0 ms]
   [Eden: 79.0M(79.0M)->0.0B(77.0M) Survivors: 1024.0K->2048.0K Heap: 227.4M(256.0M)->148.8M(256.0M)]
 [Times: user=0.02 sys=0.00, real=0.01 secs] 
2020-04-13T16:23:24.214+0800: 2387.152: [GC pause (G1 Evacuation Pause) (young) (initial-mark), 0.0065402 secs]
   [Parallel Time: 6.1 ms, GC Workers: 4]
      [GC Worker Start (ms): Min: 2387152.8, Avg: 2387152.9, Max: 2387153.0, Diff: 0.3]
      [Ext Root Scanning (ms): Min: 0.5, Avg: 0.6, Max: 0.8, Diff: 0.3, Sum: 2.4]
      [Update RS (ms): Min: 1.3, Avg: 1.4, Max: 1.5, Diff: 0.2, Sum: 5.6]
         [Processed Buffers: Min: 3, Avg: 7.5, Max: 17, Diff: 14, Sum: 30]
      [Scan RS (ms): Min: 1.2, Avg: 1.3, Max: 1.5, Diff: 0.2, Sum: 5.4]
      [Code Root Scanning (ms): Min: 0.0, Avg: 0.0, Max: 0.0, Diff: 0.0, Sum: 0.0]
      [Object Copy (ms): Min: 1.8, Avg: 1.9, Max: 2.2, Diff: 0.4, Sum: 7.8]
      [Termination (ms): Min: 0.0, Avg: 0.3, Max: 0.5, Diff: 0.5, Sum: 1.3]
         [Termination Attempts: Min: 1, Avg: 1.5, Max: 3, Diff: 2, Sum: 6]
      [GC Worker Other (ms): Min: 0.0, Avg: 0.0, Max: 0.0, Diff: 0.0, Sum: 0.0]
      [GC Worker Total (ms): Min: 5.5, Avg: 5.7, Max: 5.8, Diff: 0.3, Sum: 22.6]
      [GC Worker End (ms): Min: 2387158.5, Avg: 2387158.6, Max: 2387158.6, Diff: 0.1]
   [Code Root Fixup: 0.0 ms]
   [Code Root Purge: 0.0 ms]
   [Clear CT: 0.1 ms]
   [Other: 0.4 ms]
      [Choose CSet: 0.0 ms]
      [Ref Proc: 0.2 ms]
      [Ref Enq: 0.0 ms]
      [Redirty Cards: 0.1 ms]
      [Humongous Register: 0.0 ms]
      [Humongous Reclaim: 0.0 ms]
      [Free CSet: 0.0 ms]
   [Eden: 77.0M(77.0M)->0.0B(79.0M) Survivors: 2048.0K->1024.0K Heap: 225.8M(256.0M)->148.6M(256.0M)]
 [Times: user=0.02 sys=0.00, real=0.01 secs] 
2020-04-13T16:23:24.221+0800: 2387.159: [GC concurrent-root-region-scan-start]
2020-04-13T16:23:24.225+0800: 2387.163: [GC concurrent-root-region-scan-end, 0.0038770 secs]
2020-04-13T16:23:24.225+0800: 2387.163: [GC concurrent-mark-start]
2020-04-13T16:23:24.256+0800: 2387.194: [GC concurrent-mark-end, 0.0307181 secs]
2020-04-13T16:23:24.256+0800: 2387.194: [GC remark 2020-04-13T16:23:24.256+0800: 2387.194: [Finalize Marking, 0.0001333 secs] 2020-04-13T16:23:24.256+0800: 2387.194: [GC ref-proc, 0.0000738 secs] 2020-04-13T16:23:24.256+0800: 2387.194: [Unloading, 0.0044069 secs], 0.0063849 secs]
 [Times: user=0.02 sys=0.00, real=0.01 secs] 
2020-04-13T16:23:24.262+0800: 2387.201: [GC cleanup 150M->150M(256M), 0.0005344 secs]
 [Times: user=0.00 sys=0.00, real=0.00 secs] 
2020-04-13T16:23:26.820+0800: 2389.758: [GC pause (G1 Evacuation Pause) (young), 0.0183256 secs]
   [Parallel Time: 6.9 ms, GC Workers: 4]
      [GC Worker Start (ms): Min: 2389757.9, Avg: 2389757.9, Max: 2389758.0, Diff: 0.0]
      [Ext Root Scanning (ms): Min: 0.3, Avg: 0.4, Max: 0.5, Diff: 0.2, Sum: 1.6]
      [Update RS (ms): Min: 1.6, Avg: 1.8, Max: 2.3, Diff: 0.7, Sum: 7.1]
         [Processed Buffers: Min: 4, Avg: 8.8, Max: 16, Diff: 12, Sum: 35]
      [Scan RS (ms): Min: 2.2, Avg: 3.0, Max: 3.4, Diff: 1.2, Sum: 11.8]
      [Code Root Scanning (ms): Min: 0.0, Avg: 0.0, Max: 0.0, Diff: 0.0, Sum: 0.0]
      [Object Copy (ms): Min: 1.4, Avg: 1.6, Max: 1.7, Diff: 0.3, Sum: 6.4]
      [Termination (ms): Min: 0.0, Avg: 0.0, Max: 0.0, Diff: 0.0, Sum: 0.0]
         [Termination Attempts: Min: 1, Avg: 1.0, Max: 1, Diff: 0, Sum: 4]
      [GC Worker Other (ms): Min: 0.0, Avg: 0.0, Max: 0.0, Diff: 0.0, Sum: 0.1]
      [GC Worker Total (ms): Min: 6.7, Avg: 6.8, Max: 6.8, Diff: 0.0, Sum: 27.0]
      [GC Worker End (ms): Min: 2389764.7, Avg: 2389764.7, Max: 2389764.7, Diff: 0.0]
   [Code Root Fixup: 0.1 ms]
   [Code Root Purge: 0.0 ms]
   [Clear CT: 0.1 ms]
   [Other: 11.3 ms]
      [Choose CSet: 0.0 ms]
      [Ref Proc: 11.0 ms]
      [Ref Enq: 0.0 ms]
      [Redirty Cards: 0.1 ms]
      [Humongous Register: 0.0 ms]
      [Humongous Reclaim: 0.0 ms]
      [Free CSet: 0.0 ms]
   [Eden: 79.0M(79.0M)->0.0B(77.0M) Survivors: 1024.0K->2048.0K Heap: 227.6M(256.0M)->149.1M(256.0M)]
 [Times: user=0.03 sys=0.00, real=0.01 secs] 
2020-04-13T16:23:28.909+0800: 2391.847: [GC pause (G1 Evacuation Pause) (young), 0.0091020 secs]
   [Parallel Time: 7.6 ms, GC Workers: 4]
      [GC Worker Start (ms): Min: 2391846.9, Avg: 2391847.0, Max: 2391847.0, Diff: 0.1]
      [Ext Root Scanning (ms): Min: 0.4, Avg: 0.5, Max: 0.5, Diff: 0.2, Sum: 1.9]
      [Update RS (ms): Min: 1.6, Avg: 2.0, Max: 2.8, Diff: 1.3, Sum: 8.0]
         [Processed Buffers: Min: 3, Avg: 7.8, Max: 15, Diff: 12, Sum: 31]
      [Scan RS (ms): Min: 0.5, Avg: 1.4, Max: 1.8, Diff: 1.3, Sum: 5.4]
      [Code Root Scanning (ms): Min: 0.0, Avg: 0.0, Max: 0.0, Diff: 0.0, Sum: 0.0]
      [Object Copy (ms): Min: 2.7, Avg: 3.0, Max: 3.4, Diff: 0.7, Sum: 11.8]
      [Termination (ms): Min: 0.0, Avg: 0.7, Max: 0.9, Diff: 0.9, Sum: 2.7]
         [Termination Attempts: Min: 1, Avg: 1.0, Max: 1, Diff: 0, Sum: 4]
      [GC Worker Other (ms): Min: 0.0, Avg: 0.0, Max: 0.0, Diff: 0.0, Sum: 0.1]
      [GC Worker Total (ms): Min: 7.4, Avg: 7.5, Max: 7.6, Diff: 0.2, Sum: 29.9]
      [GC Worker End (ms): Min: 2391854.3, Avg: 2391854.4, Max: 2391854.5, Diff: 0.2]
   [Code Root Fixup: 0.1 ms]
   [Code Root Purge: 0.0 ms]
   [Clear CT: 0.1 ms]
   [Other: 1.3 ms]
      [Choose CSet: 0.0 ms]
      [Ref Proc: 1.0 ms]
      [Ref Enq: 0.0 ms]
      [Redirty Cards: 0.1 ms]
      [Humongous Register: 0.0 ms]
      [Humongous Reclaim: 0.0 ms]
      [Free CSet: 0.0 ms]
   [Eden: 77.0M(77.0M)->0.0B(79.0M) Survivors: 2048.0K->1024.0K Heap: 226.1M(256.0M)->148.7M(256.0M)]
 [Times: user=0.03 sys=0.00, real=0.01 secs] 
2020-04-13T16:23:31.140+0800: 2394.078: [GC pause (G1 Evacuation Pause) (young) (initial-mark), 0.0135908 secs]
   [Parallel Time: 13.1 ms, GC Workers: 4]
      [GC Worker Start (ms): Min: 2394078.2, Avg: 2394078.2, Max: 2394078.2, Diff: 0.0]
      [Ext Root Scanning (ms): Min: 0.5, Avg: 0.6, Max: 0.6, Diff: 0.1, Sum: 2.4]
      [Update RS (ms): Min: 1.8, Avg: 2.4, Max: 4.1, Diff: 2.3, Sum: 9.7]
         [Processed Buffers: Min: 4, Avg: 8.8, Max: 12, Diff: 8, Sum: 35]
      [Scan RS (ms): Min: 0.0, Avg: 1.1, Max: 1.5, Diff: 1.5, Sum: 4.2]
      [Code Root Scanning (ms): Min: 0.0, Avg: 0.0, Max: 0.0, Diff: 0.0, Sum: 0.0]
      [Object Copy (ms): Min: 1.9, Avg: 2.6, Max: 3.3, Diff: 1.4, Sum: 10.6]
      [Termination (ms): Min: 0.0, Avg: 3.4, Max: 6.5, Diff: 6.5, Sum: 13.7]
         [Termination Attempts: Min: 1, Avg: 1.0, Max: 1, Diff: 0, Sum: 4]
      [GC Worker Other (ms): Min: 0.0, Avg: 0.0, Max: 0.0, Diff: 0.0, Sum: 0.0]
      [GC Worker Total (ms): Min: 7.2, Avg: 10.2, Max: 13.1, Diff: 5.8, Sum: 40.7]
      [GC Worker End (ms): Min: 2394085.4, Avg: 2394088.4, Max: 2394091.2, Diff: 5.8]
   [Code Root Fixup: 0.0 ms]
   [Code Root Purge: 0.0 ms]
   [Clear CT: 0.0 ms]
   [Other: 0.4 ms]
      [Choose CSet: 0.0 ms]
      [Ref Proc: 0.2 ms]
      [Ref Enq: 0.0 ms]
      [Redirty Cards: 0.1 ms]
      [Humongous Register: 0.0 ms]
      [Humongous Reclaim: 0.0 ms]
      [Free CSet: 0.0 ms]
   [Eden: 79.0M(79.0M)->0.0B(77.0M) Survivors: 1024.0K->2048.0K Heap: 227.7M(256.0M)->149.4M(256.0M)]
 [Times: user=0.02 sys=0.00, real=0.01 secs] 
2020-04-13T16:23:31.154+0800: 2394.092: [GC concurrent-root-region-scan-start]
2020-04-13T16:23:31.157+0800: 2394.095: [GC concurrent-root-region-scan-end, 0.0034967 secs]
2020-04-13T16:23:31.157+0800: 2394.095: [GC concurrent-mark-start]
2020-04-13T16:23:31.185+0800: 2394.123: [GC concurrent-mark-end, 0.0274723 secs]
2020-04-13T16:23:31.185+0800: 2394.123: [GC remark 2020-04-13T16:23:31.185+0800: 2394.123: [Finalize Marking, 0.0001391 secs] 2020-04-13T16:23:31.185+0800: 2394.123: [GC ref-proc, 0.0000952 secs] 2020-04-13T16:23:31.185+0800: 2394.123: [Unloading, 0.0044449 secs], 0.0068370 secs]
 [Times: user=0.02 sys=0.00, real=0.01 secs] 
2020-04-13T16:23:31.192+0800: 2394.130: [GC cleanup 150M->150M(256M), 0.0005028 secs]
 [Times: user=0.00 sys=0.00, real=0.00 secs] 
2020-04-13T16:23:32.840+0800: 2395.778: [GC pause (G1 Evacuation Pause) (young), 0.0154251 secs]
   [Parallel Time: 13.7 ms, GC Workers: 4]
      [GC Worker Start (ms): Min: 2395778.5, Avg: 2395778.5, Max: 2395778.5, Diff: 0.0]
      [Ext Root Scanning (ms): Min: 0.3, Avg: 0.4, Max: 0.5, Diff: 0.2, Sum: 1.6]
      [Update RS (ms): Min: 2.7, Avg: 4.9, Max: 11.2, Diff: 8.5, Sum: 19.7]
         [Processed Buffers: Min: 0, Avg: 8.5, Max: 28, Diff: 28, Sum: 34]
      [Scan RS (ms): Min: 0.3, Avg: 6.5, Max: 8.9, Diff: 8.6, Sum: 26.0]
      [Code Root Scanning (ms): Min: 0.0, Avg: 0.0, Max: 0.0, Diff: 0.0, Sum: 0.0]
      [Object Copy (ms): Min: 1.4, Avg: 1.7, Max: 1.8, Diff: 0.4, Sum: 6.8]
      [Termination (ms): Min: 0.0, Avg: 0.0, Max: 0.0, Diff: 0.0, Sum: 0.0]
         [Termination Attempts: Min: 1, Avg: 2.2, Max: 4, Diff: 3, Sum: 9]
      [GC Worker Other (ms): Min: 0.0, Avg: 0.0, Max: 0.0, Diff: 0.0, Sum: 0.1]
      [GC Worker Total (ms): Min: 13.5, Avg: 13.5, Max: 13.5, Diff: 0.0, Sum: 54.1]
      [GC Worker End (ms): Min: 2395792.0, Avg: 2395792.0, Max: 2395792.0, Diff: 0.0]
   [Code Root Fixup: 0.1 ms]
   [Code Root Purge: 0.0 ms]
   [Clear CT: 0.0 ms]
   [Other: 1.6 ms]
      [Choose CSet: 0.0 ms]
      [Ref Proc: 1.4 ms]
      [Ref Enq: 0.0 ms]
      [Redirty Cards: 0.1 ms]
      [Humongous Register: 0.0 ms]
      [Humongous Reclaim: 0.0 ms]
      [Free CSet: 0.0 ms]
   [Eden: 77.0M(77.0M)->0.0B(78.0M) Survivors: 2048.0K->1024.0K Heap: 226.4M(256.0M)->148.8M(256.0M)]
 [Times: user=0.03 sys=0.00, real=0.01 secs] 
2020-04-13T16:23:34.650+0800: 2397.588: [GC pause (G1 Evacuation Pause) (young), 0.0056958 secs]
   [Parallel Time: 5.3 ms, GC Workers: 4]
      [GC Worker Start (ms): Min: 2397588.0, Avg: 2397588.1, Max: 2397588.1, Diff: 0.0]
      [Ext Root Scanning (ms): Min: 0.4, Avg: 0.4, Max: 0.5, Diff: 0.2, Sum: 1.6]
      [Update RS (ms): Min: 1.6, Avg: 1.9, Max: 2.4, Diff: 0.8, Sum: 7.4]
         [Processed Buffers: Min: 1, Avg: 9.0, Max: 21, Diff: 20, Sum: 36]
      [Scan RS (ms): Min: 1.1, Avg: 1.5, Max: 1.7, Diff: 0.6, Sum: 5.9]
      [Code Root Scanning (ms): Min: 0.0, Avg: 0.0, Max: 0.0, Diff: 0.0, Sum: 0.0]
      [Object Copy (ms): Min: 1.4, Avg: 1.5, Max: 1.5, Diff: 0.1, Sum: 5.8]
      [Termination (ms): Min: 0.0, Avg: 0.0, Max: 0.0, Diff: 0.0, Sum: 0.0]
         [Termination Attempts: Min: 1, Avg: 1.0, Max: 1, Diff: 0, Sum: 4]
      [GC Worker Other (ms): Min: 0.0, Avg: 0.0, Max: 0.0, Diff: 0.0, Sum: 0.0]
      [GC Worker Total (ms): Min: 5.2, Avg: 5.2, Max: 5.2, Diff: 0.0, Sum: 20.9]
      [GC Worker End (ms): Min: 2397593.3, Avg: 2397593.3, Max: 2397593.3, Diff: 0.0]
   [Code Root Fixup: 0.1 ms]
   [Code Root Purge: 0.0 ms]
   [Clear CT: 0.0 ms]
   [Other: 0.3 ms]
      [Choose CSet: 0.0 ms]
      [Ref Proc: 0.1 ms]
      [Ref Enq: 0.0 ms]
      [Redirty Cards: 0.1 ms]
      [Humongous Register: 0.0 ms]
      [Humongous Reclaim: 0.0 ms]
      [Free CSet: 0.0 ms]
   [Eden: 78.0M(78.0M)->0.0B(76.0M) Survivors: 1024.0K->2048.0K Heap: 226.8M(256.0M)->149.4M(256.0M)]
 [Times: user=0.02 sys=0.00, real=0.00 secs] 
2020-04-13T16:23:36.219+0800: 2399.157: [GC pause (G1 Evacuation Pause) (young) (initial-mark), 0.0069468 secs]
   [Parallel Time: 6.0 ms, GC Workers: 4]
      [GC Worker Start (ms): Min: 2399157.3, Avg: 2399157.6, Max: 2399158.1, Diff: 0.8]
      [Ext Root Scanning (ms): Min: 0.4, Avg: 0.9, Max: 1.4, Diff: 1.0, Sum: 3.5]
      [Update RS (ms): Min: 1.0, Avg: 1.4, Max: 2.0, Diff: 0.9, Sum: 5.8]
         [Processed Buffers: Min: 3, Avg: 7.0, Max: 13, Diff: 10, Sum: 28]
      [Scan RS (ms): Min: 1.3, Avg: 1.7, Max: 2.0, Diff: 0.8, Sum: 6.9]
      [Code Root Scanning (ms): Min: 0.0, Avg: 0.0, Max: 0.0, Diff: 0.0, Sum: 0.0]
      [Object Copy (ms): Min: 1.4, Avg: 1.5, Max: 1.7, Diff: 0.3, Sum: 6.2]
      [Termination (ms): Min: 0.0, Avg: 0.0, Max: 0.0, Diff: 0.0, Sum: 0.0]
         [Termination Attempts: Min: 1, Avg: 1.0, Max: 1, Diff: 0, Sum: 4]
      [GC Worker Other (ms): Min: 0.0, Avg: 0.0, Max: 0.0, Diff: 0.0, Sum: 0.1]
      [GC Worker Total (ms): Min: 5.2, Avg: 5.6, Max: 5.9, Diff: 0.8, Sum: 22.5]
      [GC Worker End (ms): Min: 2399163.2, Avg: 2399163.2, Max: 2399163.2, Diff: 0.0]
   [Code Root Fixup: 0.0 ms]
   [Code Root Purge: 0.0 ms]
   [Clear CT: 0.1 ms]
   [Other: 0.8 ms]
      [Choose CSet: 0.0 ms]
      [Ref Proc: 0.6 ms]
      [Ref Enq: 0.0 ms]
      [Redirty Cards: 0.1 ms]
      [Humongous Register: 0.0 ms]
      [Humongous Reclaim: 0.0 ms]
      [Free CSet: 0.0 ms]
   [Eden: 76.0M(76.0M)->0.0B(78.0M) Survivors: 2048.0K->1024.0K Heap: 225.4M(256.0M)->149.1M(256.0M)]
 [Times: user=0.02 sys=0.00, real=0.01 secs] 
2020-04-13T16:23:36.226+0800: 2399.164: [GC concurrent-root-region-scan-start]
2020-04-13T16:23:36.229+0800: 2399.167: [GC concurrent-root-region-scan-end, 0.0031762 secs]
2020-04-13T16:23:36.229+0800: 2399.167: [GC concurrent-mark-start]
2020-04-13T16:23:36.264+0800: 2399.202: [GC concurrent-mark-end, 0.0342361 secs]
2020-04-13T16:23:36.264+0800: 2399.202: [GC remark 2020-04-13T16:23:36.264+0800: 2399.202: [Finalize Marking, 0.0001405 secs] 2020-04-13T16:23:36.264+0800: 2399.202: [GC ref-proc, 0.0000804 secs] 2020-04-13T16:23:36.264+0800: 2399.202: [Unloading, 0.0077602 secs], 0.0133864 secs]
 [Times: user=0.02 sys=0.00, real=0.01 secs] 
2020-04-13T16:23:36.279+0800: 2399.217: [GC cleanup 150M->150M(256M), 0.0006146 secs]
 [Times: user=0.00 sys=0.00, real=0.00 secs] 
2020-04-13T16:23:38.426+0800: 2401.364: [GC pause (G1 Evacuation Pause) (young), 0.0182541 secs]
   [Parallel Time: 9.2 ms, GC Workers: 4]
      [GC Worker Start (ms): Min: 2401363.9, Avg: 2401363.9, Max: 2401363.9, Diff: 0.0]
      [Ext Root Scanning (ms): Min: 0.3, Avg: 0.4, Max: 0.5, Diff: 0.2, Sum: 1.5]
      [Update RS (ms): Min: 1.3, Avg: 3.2, Max: 8.6, Diff: 7.2, Sum: 13.0]
         [Processed Buffers: Min: 3, Avg: 7.2, Max: 15, Diff: 12, Sum: 29]
      [Scan RS (ms): Min: 0.0, Avg: 3.4, Max: 5.2, Diff: 5.2, Sum: 13.6]
      [Code Root Scanning (ms): Min: 0.0, Avg: 0.0, Max: 0.0, Diff: 0.0, Sum: 0.0]
      [Object Copy (ms): Min: 0.0, Avg: 1.7, Max: 2.6, Diff: 2.6, Sum: 6.8]
      [Termination (ms): Min: 0.0, Avg: 0.3, Max: 0.5, Diff: 0.5, Sum: 1.3]
         [Termination Attempts: Min: 1, Avg: 1.0, Max: 1, Diff: 0, Sum: 4]
      [GC Worker Other (ms): Min: 0.0, Avg: 0.0, Max: 0.0, Diff: 0.0, Sum: 0.0]
      [GC Worker Total (ms): Min: 9.1, Avg: 9.1, Max: 9.1, Diff: 0.0, Sum: 36.4]
      [GC Worker End (ms): Min: 2401372.9, Avg: 2401373.0, Max: 2401373.0, Diff: 0.0]
   [Code Root Fixup: 0.1 ms]
   [Code Root Purge: 0.0 ms]
   [Clear CT: 0.1 ms]
   [Other: 9.0 ms]
      [Choose CSet: 0.0 ms]
      [Ref Proc: 8.7 ms]
      [Ref Enq: 0.0 ms]
      [Redirty Cards: 0.1 ms]
      [Humongous Register: 0.0 ms]
      [Humongous Reclaim: 0.0 ms]
      [Free CSet: 0.0 ms]
   [Eden: 78.0M(78.0M)->0.0B(11.0M) Survivors: 1024.0K->1024.0K Heap: 227.1M(256.0M)->149.1M(256.0M)]
 [Times: user=0.02 sys=0.00, real=0.02 secs] 
2020-04-13T16:23:38.715+0800: 2401.653: [GC pause (G1 Evacuation Pause) (mixed), 0.0071457 secs]
   [Parallel Time: 6.0 ms, GC Workers: 4]
      [GC Worker Start (ms): Min: 2401652.9, Avg: 2401653.7, Max: 2401656.2, Diff: 3.3]
      [Ext Root Scanning (ms): Min: 0.0, Avg: 0.4, Max: 0.5, Diff: 0.5, Sum: 1.5]
      [Update RS (ms): Min: 0.0, Avg: 1.0, Max: 1.4, Diff: 1.4, Sum: 4.1]
         [Processed Buffers: Min: 0, Avg: 5.5, Max: 9, Diff: 9, Sum: 22]
      [Scan RS (ms): Min: 0.9, Avg: 2.0, Max: 2.4, Diff: 1.4, Sum: 7.8]
      [Code Root Scanning (ms): Min: 0.0, Avg: 0.0, Max: 0.0, Diff: 0.0, Sum: 0.0]
      [Object Copy (ms): Min: 1.7, Avg: 1.7, Max: 1.8, Diff: 0.1, Sum: 6.9]
      [Termination (ms): Min: 0.0, Avg: 0.0, Max: 0.0, Diff: 0.0, Sum: 0.0]
         [Termination Attempts: Min: 1, Avg: 1.0, Max: 1, Diff: 0, Sum: 4]
      [GC Worker Other (ms): Min: 0.0, Avg: 0.0, Max: 0.0, Diff: 0.0, Sum: 0.1]
      [GC Worker Total (ms): Min: 2.6, Avg: 5.1, Max: 5.9, Diff: 3.3, Sum: 20.4]
      [GC Worker End (ms): Min: 2401658.8, Avg: 2401658.8, Max: 2401658.9, Diff: 0.0]
   [Code Root Fixup: 0.1 ms]
   [Code Root Purge: 0.0 ms]
   [Clear CT: 0.1 ms]
   [Other: 1.0 ms]
      [Choose CSet: 0.0 ms]
      [Ref Proc: 0.8 ms]
      [Ref Enq: 0.0 ms]
      [Redirty Cards: 0.0 ms]
      [Humongous Register: 0.0 ms]
      [Humongous Reclaim: 0.0 ms]
      [Free CSet: 0.0 ms]
   [Eden: 11.0M(11.0M)->0.0B(79.0M) Survivors: 1024.0K->1024.0K Heap: 160.1M(256.0M)->148.3M(256.0M)]
 [Times: user=0.02 sys=0.00, real=0.01 secs] 
2020-04-13T16:23:40.396+0800: 2403.334: [GC pause (G1 Evacuation Pause) (young), 0.0083934 secs]
   [Parallel Time: 6.8 ms, GC Workers: 4]
      [GC Worker Start (ms): Min: 2403334.6, Avg: 2403334.7, Max: 2403334.8, Diff: 0.2]
      [Ext Root Scanning (ms): Min: 0.5, Avg: 0.7, Max: 1.0, Diff: 0.5, Sum: 2.7]
      [Update RS (ms): Min: 1.7, Avg: 2.5, Max: 3.9, Diff: 2.1, Sum: 9.8]
         [Processed Buffers: Min: 1, Avg: 9.5, Max: 19, Diff: 18, Sum: 38]
      [Scan RS (ms): Min: 0.0, Avg: 1.2, Max: 1.7, Diff: 1.7, Sum: 4.7]
      [Code Root Scanning (ms): Min: 0.0, Avg: 0.0, Max: 0.0, Diff: 0.0, Sum: 0.0]
      [Object Copy (ms): Min: 1.8, Avg: 2.0, Max: 2.1, Diff: 0.3, Sum: 7.9]
      [Termination (ms): Min: 0.0, Avg: 0.2, Max: 0.2, Diff: 0.2, Sum: 0.7]
         [Termination Attempts: Min: 1, Avg: 1.5, Max: 2, Diff: 1, Sum: 6]
      [GC Worker Other (ms): Min: 0.0, Avg: 0.0, Max: 0.1, Diff: 0.1, Sum: 0.1]
      [GC Worker Total (ms): Min: 6.4, Avg: 6.5, Max: 6.6, Diff: 0.2, Sum: 25.9]
      [GC Worker End (ms): Min: 2403341.2, Avg: 2403341.2, Max: 2403341.2, Diff: 0.1]
   [Code Root Fixup: 0.1 ms]
   [Code Root Purge: 0.0 ms]
   [Clear CT: 0.0 ms]
   [Other: 1.5 ms]
      [Choose CSet: 0.0 ms]
      [Ref Proc: 1.2 ms]
      [Ref Enq: 0.0 ms]
      [Redirty Cards: 0.1 ms]
      [Humongous Register: 0.0 ms]
      [Humongous Reclaim: 0.0 ms]
      [Free CSet: 0.0 ms]
   [Eden: 79.0M(79.0M)->0.0B(77.0M) Survivors: 1024.0K->2048.0K Heap: 227.3M(256.0M)->148.6M(256.0M)]
 [Times: user=0.02 sys=0.00, real=0.01 secs] 
2020-04-13T16:23:42.074+0800: 2405.012: [GC pause (G1 Evacuation Pause) (young) (initial-mark), 0.0204802 secs]
   [Parallel Time: 15.9 ms, GC Workers: 4]
      [GC Worker Start (ms): Min: 2405011.6, Avg: 2405011.7, Max: 2405011.7, Diff: 0.0]
      [Ext Root Scanning (ms): Min: 0.6, Avg: 0.6, Max: 0.6, Diff: 0.0, Sum: 2.5]
      [Update RS (ms): Min: 1.2, Avg: 1.3, Max: 1.5, Diff: 0.3, Sum: 5.4]
         [Processed Buffers: Min: 3, Avg: 7.8, Max: 21, Diff: 18, Sum: 31]
      [Scan RS (ms): Min: 1.3, Avg: 1.4, Max: 1.5, Diff: 0.3, Sum: 5.7]
      [Code Root Scanning (ms): Min: 0.0, Avg: 0.0, Max: 0.0, Diff: 0.0, Sum: 0.0]
      [Object Copy (ms): Min: 1.5, Avg: 1.7, Max: 2.3, Diff: 0.7, Sum: 7.0]
      [Termination (ms): Min: 0.0, Avg: 5.5, Max: 10.7, Diff: 10.7, Sum: 22.1]
         [Termination Attempts: Min: 1, Avg: 1.0, Max: 1, Diff: 0, Sum: 4]
      [GC Worker Other (ms): Min: 0.0, Avg: 0.0, Max: 0.0, Diff: 0.0, Sum: 0.1]
      [GC Worker Total (ms): Min: 5.7, Avg: 10.7, Max: 15.7, Diff: 10.0, Sum: 42.7]
      [GC Worker End (ms): Min: 2405017.3, Avg: 2405022.3, Max: 2405027.4, Diff: 10.0]
   [Code Root Fixup: 0.1 ms]
   [Code Root Purge: 0.0 ms]
   [Clear CT: 0.1 ms]
   [Other: 4.5 ms]
      [Choose CSet: 0.0 ms]
      [Ref Proc: 4.2 ms]
      [Ref Enq: 0.0 ms]
      [Redirty Cards: 0.0 ms]
      [Humongous Register: 0.0 ms]
      [Humongous Reclaim: 0.0 ms]
      [Free CSet: 0.0 ms]
   [Eden: 77.0M(77.0M)->0.0B(77.0M) Survivors: 2048.0K->2048.0K Heap: 225.6M(256.0M)->148.8M(256.0M)]
 [Times: user=0.02 sys=0.00, real=0.02 secs] 
2020-04-13T16:23:42.094+0800: 2405.032: [GC concurrent-root-region-scan-start]
2020-04-13T16:23:42.099+0800: 2405.037: [GC concurrent-root-region-scan-end, 0.0044482 secs]
2020-04-13T16:23:42.099+0800: 2405.037: [GC concurrent-mark-start]
2020-04-13T16:23:42.128+0800: 2405.066: [GC concurrent-mark-end, 0.0292723 secs]
2020-04-13T16:23:42.128+0800: 2405.066: [GC remark 2020-04-13T16:23:42.128+0800: 2405.066: [Finalize Marking, 0.0002120 secs] 2020-04-13T16:23:42.129+0800: 2405.067: [GC ref-proc, 0.0001217 secs] 2020-04-13T16:23:42.129+0800: 2405.067: [Unloading, 0.0048150 secs], 0.0069981 secs]
 [Times: user=0.02 sys=0.00, real=0.01 secs] 
2020-04-13T16:23:42.136+0800: 2405.074: [GC cleanup 150M->150M(256M), 0.0005315 secs]
 [Times: user=0.00 sys=0.00, real=0.00 secs] 
2020-04-13T16:23:43.837+0800: 2406.775: [GC pause (G1 Evacuation Pause) (young), 0.0072431 secs]
   [Parallel Time: 6.4 ms, GC Workers: 4]
      [GC Worker Start (ms): Min: 2406775.5, Avg: 2406775.5, Max: 2406775.5, Diff: 0.0]
      [Ext Root Scanning (ms): Min: 0.4, Avg: 0.4, Max: 0.5, Diff: 0.1, Sum: 1.7]
      [Update RS (ms): Min: 1.3, Avg: 1.4, Max: 1.5, Diff: 0.3, Sum: 5.5]
         [Processed Buffers: Min: 3, Avg: 8.0, Max: 22, Diff: 19, Sum: 32]
      [Scan RS (ms): Min: 1.2, Avg: 1.4, Max: 1.5, Diff: 0.3, Sum: 5.5]
      [Code Root Scanning (ms): Min: 0.0, Avg: 0.0, Max: 0.0, Diff: 0.0, Sum: 0.0]
      [Object Copy (ms): Min: 2.2, Avg: 2.4, Max: 2.9, Diff: 0.8, Sum: 9.6]
      [Termination (ms): Min: 0.0, Avg: 0.6, Max: 0.9, Diff: 0.9, Sum: 2.6]
         [Termination Attempts: Min: 1, Avg: 1.2, Max: 2, Diff: 1, Sum: 5]
      [GC Worker Other (ms): Min: 0.0, Avg: 0.0, Max: 0.0, Diff: 0.0, Sum: 0.0]
      [GC Worker Total (ms): Min: 6.1, Avg: 6.2, Max: 6.3, Diff: 0.2, Sum: 25.0]
      [GC Worker End (ms): Min: 2406781.6, Avg: 2406781.7, Max: 2406781.8, Diff: 0.2]
   [Code Root Fixup: 0.0 ms]
   [Code Root Purge: 0.0 ms]
   [Clear CT: 0.1 ms]
   [Other: 0.8 ms]
      [Choose CSet: 0.0 ms]
      [Ref Proc: 0.5 ms]
      [Ref Enq: 0.0 ms]
      [Redirty Cards: 0.1 ms]
      [Humongous Register: 0.0 ms]
      [Humongous Reclaim: 0.0 ms]
      [Free CSet: 0.1 ms]
   [Eden: 77.0M(77.0M)->0.0B(79.0M) Survivors: 2048.0K->1024.0K Heap: 225.8M(256.0M)->148.4M(256.0M)]
 [Times: user=0.02 sys=0.00, real=0.01 secs] 
2020-04-13T16:23:45.630+0800: 2408.568: [GC pause (G1 Evacuation Pause) (young), 0.0138659 secs]
   [Parallel Time: 6.3 ms, GC Workers: 4]
      [GC Worker Start (ms): Min: 2408568.5, Avg: 2408568.5, Max: 2408568.5, Diff: 0.0]
      [Ext Root Scanning (ms): Min: 0.3, Avg: 1.0, Max: 2.2, Diff: 1.9, Sum: 4.1]
      [Update RS (ms): Min: 0.4, Avg: 1.5, Max: 2.3, Diff: 1.9, Sum: 6.0]
         [Processed Buffers: Min: 3, Avg: 8.0, Max: 20, Diff: 17, Sum: 32]
      [Scan RS (ms): Min: 1.3, Avg: 1.5, Max: 1.6, Diff: 0.3, Sum: 5.9]
      [Code Root Scanning (ms): Min: 0.0, Avg: 0.0, Max: 0.0, Diff: 0.0, Sum: 0.0]
      [Object Copy (ms): Min: 2.2, Avg: 2.2, Max: 2.3, Diff: 0.1, Sum: 8.8]
      [Termination (ms): Min: 0.0, Avg: 0.0, Max: 0.0, Diff: 0.0, Sum: 0.0]
         [Termination Attempts: Min: 1, Avg: 1.0, Max: 1, Diff: 0, Sum: 4]
      [GC Worker Other (ms): Min: 0.0, Avg: 0.0, Max: 0.0, Diff: 0.0, Sum: 0.1]
      [GC Worker Total (ms): Min: 6.2, Avg: 6.2, Max: 6.2, Diff: 0.0, Sum: 24.9]
      [GC Worker End (ms): Min: 2408574.7, Avg: 2408574.7, Max: 2408574.7, Diff: 0.0]
   [Code Root Fixup: 0.0 ms]
   [Code Root Purge: 0.0 ms]
   [Clear CT: 0.1 ms]
   [Other: 7.4 ms]
      [Choose CSet: 0.0 ms]
      [Ref Proc: 7.0 ms]
      [Ref Enq: 0.0 ms]
      [Redirty Cards: 0.2 ms]
      [Humongous Register: 0.0 ms]
      [Humongous Reclaim: 0.0 ms]
      [Free CSet: 0.0 ms]
   [Eden: 79.0M(79.0M)->0.0B(77.0M) Survivors: 1024.0K->2048.0K Heap: 227.4M(256.0M)->149.1M(256.0M)]
 [Times: user=0.02 sys=0.00, real=0.01 secs] 
2020-04-13T16:23:47.257+0800: 2410.195: [GC pause (G1 Evacuation Pause) (young) (initial-mark), 0.0076729 secs]
   [Parallel Time: 5.9 ms, GC Workers: 4]
      [GC Worker Start (ms): Min: 2410195.2, Avg: 2410195.2, Max: 2410195.2, Diff: 0.0]
      [Ext Root Scanning (ms): Min: 0.6, Avg: 0.6, Max: 0.6, Diff: 0.1, Sum: 2.4]
      [Update RS (ms): Min: 1.2, Avg: 1.4, Max: 1.6, Diff: 0.4, Sum: 5.7]
         [Processed Buffers: Min: 3, Avg: 7.8, Max: 20, Diff: 17, Sum: 31]
      [Scan RS (ms): Min: 1.1, Avg: 1.3, Max: 1.7, Diff: 0.7, Sum: 5.3]
      [Code Root Scanning (ms): Min: 0.0, Avg: 0.0, Max: 0.0, Diff: 0.0, Sum: 0.0]
      [Object Copy (ms): Min: 2.2, Avg: 2.4, Max: 2.5, Diff: 0.3, Sum: 9.7]
      [Termination (ms): Min: 0.0, Avg: 0.0, Max: 0.0, Diff: 0.0, Sum: 0.0]
         [Termination Attempts: Min: 1, Avg: 1.2, Max: 2, Diff: 1, Sum: 5]
      [GC Worker Other (ms): Min: 0.0, Avg: 0.0, Max: 0.0, Diff: 0.0, Sum: 0.1]
      [GC Worker Total (ms): Min: 5.7, Avg: 5.8, Max: 5.8, Diff: 0.0, Sum: 23.1]
      [GC Worker End (ms): Min: 2410201.0, Avg: 2410201.0, Max: 2410201.0, Diff: 0.0]
   [Code Root Fixup: 0.1 ms]
   [Code Root Purge: 0.0 ms]
   [Clear CT: 0.0 ms]
   [Other: 1.6 ms]
      [Choose CSet: 0.0 ms]
      [Ref Proc: 1.4 ms]
      [Ref Enq: 0.0 ms]
      [Redirty Cards: 0.1 ms]
      [Humongous Register: 0.0 ms]
      [Humongous Reclaim: 0.0 ms]
      [Free CSet: 0.0 ms]
   [Eden: 77.0M(77.0M)->0.0B(77.0M) Survivors: 2048.0K->2048.0K Heap: 226.1M(256.0M)->148.7M(256.0M)]
 [Times: user=0.02 sys=0.00, real=0.01 secs] 
2020-04-13T16:23:47.265+0800: 2410.203: [GC concurrent-root-region-scan-start]
2020-04-13T16:23:47.269+0800: 2410.207: [GC concurrent-root-region-scan-end, 0.0042322 secs]
2020-04-13T16:23:47.269+0800: 2410.207: [GC concurrent-mark-start]
2020-04-13T16:23:47.298+0800: 2410.236: [GC concurrent-mark-end, 0.0290806 secs]
2020-04-13T16:23:47.298+0800: 2410.236: [GC remark 2020-04-13T16:23:47.298+0800: 2410.236: [Finalize Marking, 0.0004122 secs] 2020-04-13T16:23:47.299+0800: 2410.237: [GC ref-proc, 0.0000724 secs] 2020-04-13T16:23:47.299+0800: 2410.237: [Unloading, 0.0042971 secs], 0.0062420 secs]
 [Times: user=0.02 sys=0.00, real=0.01 secs] 
2020-04-13T16:23:47.305+0800: 2410.243: [GC cleanup 150M->150M(256M), 0.0002954 secs]
 [Times: user=0.00 sys=0.00, real=0.00 secs] 
2020-04-13T16:23:48.959+0800: 2411.896: [GC pause (G1 Evacuation Pause) (young), 0.0061847 secs]
   [Parallel Time: 5.6 ms, GC Workers: 4]
      [GC Worker Start (ms): Min: 2411896.5, Avg: 2411896.5, Max: 2411896.6, Diff: 0.0]
      [Ext Root Scanning (ms): Min: 0.3, Avg: 0.4, Max: 0.5, Diff: 0.2, Sum: 1.6]
      [Update RS (ms): Min: 1.4, Avg: 1.5, Max: 1.6, Diff: 0.3, Sum: 5.9]
         [Processed Buffers: Min: 4, Avg: 8.8, Max: 17, Diff: 13, Sum: 35]
      [Scan RS (ms): Min: 1.0, Avg: 1.2, Max: 1.4, Diff: 0.5, Sum: 4.8]
      [Code Root Scanning (ms): Min: 0.0, Avg: 0.0, Max: 0.0, Diff: 0.0, Sum: 0.0]
      [Object Copy (ms): Min: 2.2, Avg: 2.3, Max: 2.4, Diff: 0.2, Sum: 9.2]
      [Termination (ms): Min: 0.0, Avg: 0.1, Max: 0.1, Diff: 0.1, Sum: 0.4]
         [Termination Attempts: Min: 1, Avg: 1.2, Max: 2, Diff: 1, Sum: 5]
      [GC Worker Other (ms): Min: 0.0, Avg: 0.0, Max: 0.0, Diff: 0.0, Sum: 0.0]
      [GC Worker Total (ms): Min: 5.5, Avg: 5.5, Max: 5.5, Diff: 0.0, Sum: 22.0]
      [GC Worker End (ms): Min: 2411902.0, Avg: 2411902.0, Max: 2411902.1, Diff: 0.0]
   [Code Root Fixup: 0.0 ms]
   [Code Root Purge: 0.0 ms]
   [Clear CT: 0.1 ms]
   [Other: 0.5 ms]
      [Choose CSet: 0.0 ms]
      [Ref Proc: 0.3 ms]
      [Ref Enq: 0.0 ms]
      [Redirty Cards: 0.1 ms]
      [Humongous Register: 0.0 ms]
      [Humongous Reclaim: 0.0 ms]
      [Free CSet: 0.0 ms]
   [Eden: 77.0M(77.0M)->0.0B(77.0M) Survivors: 2048.0K->2048.0K Heap: 225.7M(256.0M)->149.1M(256.0M)]
 [Times: user=0.02 sys=0.00, real=0.01 secs] 
2020-04-13T16:23:50.914+0800: 2413.852: [GC pause (G1 Evacuation Pause) (young), 0.0065226 secs]
   [Parallel Time: 5.6 ms, GC Workers: 4]
      [GC Worker Start (ms): Min: 2413852.4, Avg: 2413852.4, Max: 2413852.5, Diff: 0.0]
      [Ext Root Scanning (ms): Min: 0.4, Avg: 0.4, Max: 0.5, Diff: 0.1, Sum: 1.7]
      [Update RS (ms): Min: 1.7, Avg: 1.9, Max: 2.0, Diff: 0.2, Sum: 7.5]
         [Processed Buffers: Min: 5, Avg: 7.8, Max: 12, Diff: 7, Sum: 31]
      [Scan RS (ms): Min: 1.1, Avg: 1.4, Max: 1.5, Diff: 0.3, Sum: 5.5]
      [Code Root Scanning (ms): Min: 0.0, Avg: 0.0, Max: 0.0, Diff: 0.0, Sum: 0.0]
      [Object Copy (ms): Min: 1.5, Avg: 1.8, Max: 1.9, Diff: 0.4, Sum: 7.1]
      [Termination (ms): Min: 0.0, Avg: 0.0, Max: 0.0, Diff: 0.0, Sum: 0.0]
         [Termination Attempts: Min: 1, Avg: 1.0, Max: 1, Diff: 0, Sum: 4]
      [GC Worker Other (ms): Min: 0.0, Avg: 0.1, Max: 0.1, Diff: 0.1, Sum: 0.2]
      [GC Worker Total (ms): Min: 5.5, Avg: 5.5, Max: 5.5, Diff: 0.1, Sum: 22.0]
      [GC Worker End (ms): Min: 2413857.9, Avg: 2413857.9, Max: 2413858.0, Diff: 0.1]
   [Code Root Fixup: 0.1 ms]
   [Code Root Purge: 0.0 ms]
   [Clear CT: 0.1 ms]
   [Other: 0.8 ms]
      [Choose CSet: 0.0 ms]
      [Ref Proc: 0.6 ms]
      [Ref Enq: 0.0 ms]
      [Redirty Cards: 0.1 ms]
      [Humongous Register: 0.0 ms]
      [Humongous Reclaim: 0.0 ms]
      [Free CSet: 0.0 ms]
   [Eden: 77.0M(77.0M)->0.0B(77.0M) Survivors: 2048.0K->2048.0K Heap: 226.1M(256.0M)->149.3M(256.0M)]
 [Times: user=0.02 sys=0.00, real=0.01 secs] 
2020-04-13T16:23:52.617+0800: 2415.555: [GC pause (G1 Evacuation Pause) (young) (initial-mark), 0.0063859 secs]
   [Parallel Time: 5.7 ms, GC Workers: 4]
      [GC Worker Start (ms): Min: 2415555.1, Avg: 2415555.1, Max: 2415555.1, Diff: 0.0]
      [Ext Root Scanning (ms): Min: 0.6, Avg: 0.7, Max: 0.8, Diff: 0.1, Sum: 2.9]
      [Update RS (ms): Min: 1.6, Avg: 1.8, Max: 2.0, Diff: 0.4, Sum: 7.2]
         [Processed Buffers: Min: 4, Avg: 7.5, Max: 11, Diff: 7, Sum: 30]
      [Scan RS (ms): Min: 0.8, Avg: 1.0, Max: 1.1, Diff: 0.2, Sum: 3.8]
      [Code Root Scanning (ms): Min: 0.0, Avg: 0.0, Max: 0.0, Diff: 0.0, Sum: 0.0]
      [Object Copy (ms): Min: 2.0, Avg: 2.1, Max: 2.2, Diff: 0.2, Sum: 8.3]
      [Termination (ms): Min: 0.0, Avg: 0.0, Max: 0.0, Diff: 0.0, Sum: 0.0]
         [Termination Attempts: Min: 1, Avg: 1.0, Max: 1, Diff: 0, Sum: 4]
      [GC Worker Other (ms): Min: 0.0, Avg: 0.0, Max: 0.0, Diff: 0.0, Sum: 0.1]
      [GC Worker Total (ms): Min: 5.6, Avg: 5.6, Max: 5.6, Diff: 0.0, Sum: 22.4]
      [GC Worker End (ms): Min: 2415560.7, Avg: 2415560.7, Max: 2415560.7, Diff: 0.0]
   [Code Root Fixup: 0.0 ms]
   [Code Root Purge: 0.0 ms]
   [Clear CT: 0.1 ms]
   [Other: 0.6 ms]
      [Choose CSet: 0.0 ms]
      [Ref Proc: 0.4 ms]
      [Ref Enq: 0.0 ms]
      [Redirty Cards: 0.1 ms]
      [Humongous Register: 0.0 ms]
      [Humongous Reclaim: 0.0 ms]
      [Free CSet: 0.0 ms]
   [Eden: 77.0M(77.0M)->0.0B(79.0M) Survivors: 2048.0K->1024.0K Heap: 226.3M(256.0M)->148.8M(256.0M)]
 [Times: user=0.02 sys=0.00, real=0.01 secs] 
2020-04-13T16:23:52.624+0800: 2415.562: [GC concurrent-root-region-scan-start]
2020-04-13T16:23:52.628+0800: 2415.566: [GC concurrent-root-region-scan-end, 0.0040777 secs]
2020-04-13T16:23:52.628+0800: 2415.566: [GC concurrent-mark-start]
2020-04-13T16:23:52.672+0800: 2415.610: [GC concurrent-mark-end, 0.0439484 secs]
2020-04-13T16:23:52.672+0800: 2415.610: [GC remark 2020-04-13T16:23:52.672+0800: 2415.610: [Finalize Marking, 0.0001427 secs] 2020-04-13T16:23:52.672+0800: 2415.610: [GC ref-proc, 0.0000953 secs] 2020-04-13T16:23:52.673+0800: 2415.610: [Unloading, 0.0041972 secs], 0.0062103 secs]
 [Times: user=0.02 sys=0.00, real=0.00 secs] 
2020-04-13T16:23:52.679+0800: 2415.617: [GC cleanup 151M->151M(256M), 0.0003782 secs]
 [Times: user=0.00 sys=0.00, real=0.00 secs] 
2020-04-13T16:23:54.580+0800: 2417.518: [GC pause (G1 Evacuation Pause) (young), 0.0063961 secs]
   [Parallel Time: 5.9 ms, GC Workers: 4]
      [GC Worker Start (ms): Min: 2417517.7, Avg: 2417517.8, Max: 2417517.8, Diff: 0.0]
      [Ext Root Scanning (ms): Min: 0.5, Avg: 0.6, Max: 0.8, Diff: 0.3, Sum: 2.4]
      [Update RS (ms): Min: 2.4, Avg: 2.7, Max: 3.3, Diff: 0.9, Sum: 10.7]
         [Processed Buffers: Min: 2, Avg: 9.5, Max: 16, Diff: 14, Sum: 38]
      [Scan RS (ms): Min: 0.0, Avg: 0.8, Max: 1.1, Diff: 1.1, Sum: 3.1]
      [Code Root Scanning (ms): Min: 0.0, Avg: 0.0, Max: 0.0, Diff: 0.0, Sum: 0.0]
      [Object Copy (ms): Min: 1.7, Avg: 1.8, Max: 1.9, Diff: 0.2, Sum: 7.1]
      [Termination (ms): Min: 0.0, Avg: 0.0, Max: 0.0, Diff: 0.0, Sum: 0.0]
         [Termination Attempts: Min: 1, Avg: 1.0, Max: 1, Diff: 0, Sum: 4]
      [GC Worker Other (ms): Min: 0.0, Avg: 0.0, Max: 0.1, Diff: 0.0, Sum: 0.1]
      [GC Worker Total (ms): Min: 5.8, Avg: 5.9, Max: 5.9, Diff: 0.1, Sum: 23.5]
      [GC Worker End (ms): Min: 2417523.6, Avg: 2417523.6, Max: 2417523.7, Diff: 0.0]
   [Code Root Fixup: 0.0 ms]
   [Code Root Purge: 0.0 ms]
   [Clear CT: 0.1 ms]
   [Other: 0.4 ms]
      [Choose CSet: 0.0 ms]
      [Ref Proc: 0.1 ms]
      [Ref Enq: 0.0 ms]
      [Redirty Cards: 0.1 ms]
      [Humongous Register: 0.0 ms]
      [Humongous Reclaim: 0.0 ms]
      [Free CSet: 0.0 ms]
   [Eden: 79.0M(79.0M)->0.0B(77.0M) Survivors: 1024.0K->2048.0K Heap: 227.8M(256.0M)->149.1M(256.0M)]
 [Times: user=0.02 sys=0.00, real=0.00 secs] 
2020-04-13T16:23:56.336+0800: 2419.274: [GC pause (G1 Evacuation Pause) (young), 0.0071162 secs]
   [Parallel Time: 6.3 ms, GC Workers: 4]
      [GC Worker Start (ms): Min: 2419274.4, Avg: 2419274.5, Max: 2419274.6, Diff: 0.1]
      [Ext Root Scanning (ms): Min: 0.4, Avg: 0.5, Max: 0.5, Diff: 0.1, Sum: 1.8]
      [Update RS (ms): Min: 1.6, Avg: 1.7, Max: 1.9, Diff: 0.3, Sum: 6.9]
         [Processed Buffers: Min: 4, Avg: 9.0, Max: 14, Diff: 10, Sum: 36]
      [Scan RS (ms): Min: 1.1, Avg: 1.3, Max: 1.4, Diff: 0.3, Sum: 5.2]
      [Code Root Scanning (ms): Min: 0.0, Avg: 0.0, Max: 0.0, Diff: 0.0, Sum: 0.0]
      [Object Copy (ms): Min: 1.7, Avg: 1.9, Max: 2.0, Diff: 0.3, Sum: 7.5]
      [Termination (ms): Min: 0.0, Avg: 0.0, Max: 0.0, Diff: 0.0, Sum: 0.0]
         [Termination Attempts: Min: 1, Avg: 1.0, Max: 1, Diff: 0, Sum: 4]
      [GC Worker Other (ms): Min: 0.0, Avg: 0.3, Max: 0.7, Diff: 0.7, Sum: 1.3]
      [GC Worker Total (ms): Min: 5.3, Avg: 5.7, Max: 6.0, Diff: 0.7, Sum: 22.7]
      [GC Worker End (ms): Min: 2419279.8, Avg: 2419280.1, Max: 2419280.5, Diff: 0.7]
   [Code Root Fixup: 0.1 ms]
   [Code Root Purge: 0.0 ms]
   [Clear CT: 0.1 ms]
   [Other: 0.6 ms]
      [Choose CSet: 0.0 ms]
      [Ref Proc: 0.4 ms]
      [Ref Enq: 0.0 ms]
      [Redirty Cards: 0.1 ms]
      [Humongous Register: 0.0 ms]
      [Humongous Reclaim: 0.0 ms]
      [Free CSet: 0.0 ms]
   [Eden: 77.0M(77.0M)->0.0B(76.0M) Survivors: 2048.0K->2048.0K Heap: 226.1M(256.0M)->149.6M(256.0M)]
 [Times: user=0.02 sys=0.01, real=0.01 secs] 
2020-04-13T16:23:58.096+0800: 2421.034: [GC pause (G1 Evacuation Pause) (young) (initial-mark), 0.0052019 secs]
   [Parallel Time: 4.8 ms, GC Workers: 4]
      [GC Worker Start (ms): Min: 2421033.7, Avg: 2421033.8, Max: 2421033.8, Diff: 0.1]
      [Ext Root Scanning (ms): Min: 0.4, Avg: 0.5, Max: 0.6, Diff: 0.1, Sum: 2.2]
      [Update RS (ms): Min: 1.4, Avg: 1.7, Max: 1.8, Diff: 0.4, Sum: 6.6]
         [Processed Buffers: Min: 5, Avg: 9.5, Max: 14, Diff: 9, Sum: 38]
      [Scan RS (ms): Min: 0.8, Avg: 1.0, Max: 1.2, Diff: 0.4, Sum: 3.8]
      [Code Root Scanning (ms): Min: 0.0, Avg: 0.0, Max: 0.0, Diff: 0.0, Sum: 0.0]
      [Object Copy (ms): Min: 1.5, Avg: 1.5, Max: 1.6, Diff: 0.1, Sum: 6.1]
      [Termination (ms): Min: 0.0, Avg: 0.0, Max: 0.0, Diff: 0.0, Sum: 0.0]
         [Termination Attempts: Min: 1, Avg: 1.0, Max: 1, Diff: 0, Sum: 4]
      [GC Worker Other (ms): Min: 0.0, Avg: 0.0, Max: 0.0, Diff: 0.0, Sum: 0.0]
      [GC Worker Total (ms): Min: 4.6, Avg: 4.7, Max: 4.7, Diff: 0.1, Sum: 18.7]
      [GC Worker End (ms): Min: 2421038.4, Avg: 2421038.4, Max: 2421038.4, Diff: 0.0]
   [Code Root Fixup: 0.1 ms]
   [Code Root Purge: 0.0 ms]
   [Clear CT: 0.1 ms]
   [Other: 0.3 ms]
      [Choose CSet: 0.0 ms]
      [Ref Proc: 0.1 ms]
      [Ref Enq: 0.0 ms]
      [Redirty Cards: 0.0 ms]
      [Humongous Register: 0.0 ms]
      [Humongous Reclaim: 0.0 ms]
      [Free CSet: 0.0 ms]
   [Eden: 76.0M(76.0M)->0.0B(78.0M) Survivors: 2048.0K->1024.0K Heap: 225.6M(256.0M)->149.0M(256.0M)]
 [Times: user=0.01 sys=0.00, real=0.01 secs] 
2020-04-13T16:23:58.101+0800: 2421.039: [GC concurrent-root-region-scan-start]
2020-04-13T16:23:58.106+0800: 2421.044: [GC concurrent-root-region-scan-end, 0.0045811 secs]
2020-04-13T16:23:58.106+0800: 2421.044: [GC concurrent-mark-start]
2020-04-13T16:23:58.134+0800: 2421.072: [GC concurrent-mark-end, 0.0281104 secs]
2020-04-13T16:23:58.134+0800: 2421.072: [GC remark 2020-04-13T16:23:58.134+0800: 2421.072: [Finalize Marking, 0.0001332 secs] 2020-04-13T16:23:58.134+0800: 2421.072: [GC ref-proc, 0.0000970 secs] 2020-04-13T16:23:58.135+0800: 2421.072: [Unloading, 0.0041566 secs], 0.0062508 secs]
 [Times: user=0.02 sys=0.00, real=0.01 secs] 
2020-04-13T16:23:58.141+0800: 2421.079: [GC cleanup 150M->150M(256M), 0.0003261 secs]
 [Times: user=0.00 sys=0.00, real=0.00 secs] 
2020-04-13T16:23:59.989+0800: 2422.927: [GC pause (G1 Evacuation Pause) (young), 0.0056036 secs]
   [Parallel Time: 5.1 ms, GC Workers: 4]
      [GC Worker Start (ms): Min: 2422927.2, Avg: 2422927.2, Max: 2422927.2, Diff: 0.0]
      [Ext Root Scanning (ms): Min: 0.3, Avg: 0.4, Max: 0.5, Diff: 0.2, Sum: 1.5]
      [Update RS (ms): Min: 1.8, Avg: 2.2, Max: 2.7, Diff: 0.8, Sum: 8.9]
         [Processed Buffers: Min: 4, Avg: 9.0, Max: 15, Diff: 11, Sum: 36]
      [Scan RS (ms): Min: 0.4, Avg: 0.8, Max: 1.3, Diff: 0.9, Sum: 3.3]
      [Code Root Scanning (ms): Min: 0.0, Avg: 0.0, Max: 0.0, Diff: 0.0, Sum: 0.0]
      [Object Copy (ms): Min: 1.5, Avg: 1.5, Max: 1.6, Diff: 0.1, Sum: 6.0]
      [Termination (ms): Min: 0.0, Avg: 0.0, Max: 0.0, Diff: 0.0, Sum: 0.0]
         [Termination Attempts: Min: 1, Avg: 1.0, Max: 1, Diff: 0, Sum: 4]
      [GC Worker Other (ms): Min: 0.0, Avg: 0.1, Max: 0.1, Diff: 0.1, Sum: 0.2]
      [GC Worker Total (ms): Min: 5.0, Avg: 5.0, Max: 5.1, Diff: 0.1, Sum: 20.0]
      [GC Worker End (ms): Min: 2422932.2, Avg: 2422932.2, Max: 2422932.3, Diff: 0.1]
   [Code Root Fixup: 0.1 ms]
   [Code Root Purge: 0.0 ms]
   [Clear CT: 0.1 ms]
   [Other: 0.4 ms]
      [Choose CSet: 0.0 ms]
      [Ref Proc: 0.1 ms]
      [Ref Enq: 0.0 ms]
      [Redirty Cards: 0.1 ms]
      [Humongous Register: 0.0 ms]
      [Humongous Reclaim: 0.0 ms]
      [Free CSet: 0.0 ms]
   [Eden: 78.0M(78.0M)->0.0B(10.0M) Survivors: 1024.0K->2048.0K Heap: 227.0M(256.0M)->149.7M(256.0M)]
 [Times: user=0.02 sys=0.00, real=0.01 secs] 
2020-04-13T16:24:00.198+0800: 2423.136: [GC pause (G1 Evacuation Pause) (mixed), 0.0065548 secs]
   [Parallel Time: 5.7 ms, GC Workers: 4]
      [GC Worker Start (ms): Min: 2423136.3, Avg: 2423136.4, Max: 2423136.4, Diff: 0.1]
      [Ext Root Scanning (ms): Min: 0.3, Avg: 0.4, Max: 0.5, Diff: 0.1, Sum: 1.5]
      [Update RS (ms): Min: 1.4, Avg: 1.4, Max: 1.4, Diff: 0.1, Sum: 5.6]
         [Processed Buffers: Min: 4, Avg: 7.0, Max: 11, Diff: 7, Sum: 28]
      [Scan RS (ms): Min: 1.7, Avg: 2.2, Max: 3.4, Diff: 1.7, Sum: 8.7]
      [Code Root Scanning (ms): Min: 0.0, Avg: 0.0, Max: 0.0, Diff: 0.0, Sum: 0.0]
      [Object Copy (ms): Min: 0.5, Avg: 1.7, Max: 2.2, Diff: 1.6, Sum: 6.8]
      [Termination (ms): Min: 0.0, Avg: 0.0, Max: 0.0, Diff: 0.0, Sum: 0.0]
         [Termination Attempts: Min: 1, Avg: 1.2, Max: 2, Diff: 1, Sum: 5]
      [GC Worker Other (ms): Min: 0.0, Avg: 0.0, Max: 0.0, Diff: 0.0, Sum: 0.1]
      [GC Worker Total (ms): Min: 5.7, Avg: 5.7, Max: 5.7, Diff: 0.0, Sum: 22.7]
      [GC Worker End (ms): Min: 2423142.0, Avg: 2423142.0, Max: 2423142.1, Diff: 0.0]
   [Code Root Fixup: 0.0 ms]
   [Code Root Purge: 0.0 ms]
   [Clear CT: 0.0 ms]
   [Other: 0.7 ms]
      [Choose CSet: 0.0 ms]
      [Ref Proc: 0.5 ms]
      [Ref Enq: 0.0 ms]
      [Redirty Cards: 0.1 ms]
      [Humongous Register: 0.0 ms]
      [Humongous Reclaim: 0.0 ms]
      [Free CSet: 0.0 ms]
   [Eden: 10.0M(10.0M)->0.0B(79.0M) Survivors: 2048.0K->1024.0K Heap: 159.7M(256.0M)->148.2M(256.0M)]
 [Times: user=0.02 sys=0.00, real=0.01 secs] 
2020-04-13T16:24:01.839+0800: 2424.776: [GC pause (G1 Evacuation Pause) (young), 0.0087965 secs]
   [Parallel Time: 7.5 ms, GC Workers: 4]
      [GC Worker Start (ms): Min: 2424776.5, Avg: 2424777.8, Max: 2424781.7, Diff: 5.2]
      [Ext Root Scanning (ms): Min: 0.0, Avg: 0.4, Max: 0.6, Diff: 0.6, Sum: 1.6]
      [Update RS (ms): Min: 0.0, Avg: 3.0, Max: 4.1, Diff: 4.1, Sum: 12.0]
         [Processed Buffers: Min: 0, Avg: 9.5, Max: 22, Diff: 22, Sum: 38]
      [Scan RS (ms): Min: 0.6, Avg: 1.0, Max: 1.2, Diff: 0.6, Sum: 4.1]
      [Code Root Scanning (ms): Min: 0.0, Avg: 0.0, Max: 0.0, Diff: 0.0, Sum: 0.0]
      [Object Copy (ms): Min: 1.6, Avg: 1.6, Max: 1.7, Diff: 0.1, Sum: 6.5]
      [Termination (ms): Min: 0.0, Avg: 0.0, Max: 0.0, Diff: 0.0, Sum: 0.0]
         [Termination Attempts: Min: 1, Avg: 1.0, Max: 1, Diff: 0, Sum: 4]
      [GC Worker Other (ms): Min: 0.0, Avg: 0.0, Max: 0.0, Diff: 0.0, Sum: 0.1]
      [GC Worker Total (ms): Min: 2.2, Avg: 6.1, Max: 7.4, Diff: 5.2, Sum: 24.2]
      [GC Worker End (ms): Min: 2424783.9, Avg: 2424783.9, Max: 2424783.9, Diff: 0.0]
   [Code Root Fixup: 0.1 ms]
   [Code Root Purge: 0.0 ms]
   [Clear CT: 0.1 ms]
   [Other: 1.1 ms]
      [Choose CSet: 0.0 ms]
      [Ref Proc: 0.8 ms]
      [Ref Enq: 0.0 ms]
      [Redirty Cards: 0.1 ms]
      [Humongous Register: 0.0 ms]
      [Humongous Reclaim: 0.0 ms]
      [Free CSet: 0.0 ms]
   [Eden: 79.0M(79.0M)->0.0B(79.0M) Survivors: 1024.0K->1024.0K Heap: 227.2M(256.0M)->148.3M(256.0M)]
 [Times: user=0.03 sys=0.00, real=0.01 secs] 
2020-04-13T16:24:03.504+0800: 2426.441: [GC pause (G1 Evacuation Pause) (young) (initial-mark), 0.0113527 secs]
   [Parallel Time: 10.5 ms, GC Workers: 4]
      [GC Worker Start (ms): Min: 2426441.8, Avg: 2426444.5, Max: 2426445.9, Diff: 4.0]
      [Ext Root Scanning (ms): Min: 0.0, Avg: 2.4, Max: 4.0, Diff: 4.0, Sum: 9.5]
      [Update RS (ms): Min: 0.8, Avg: 1.8, Max: 2.6, Diff: 1.8, Sum: 7.2]
         [Processed Buffers: Min: 2, Avg: 8.5, Max: 13, Diff: 11, Sum: 34]
      [Scan RS (ms): Min: 1.1, Avg: 1.6, Max: 1.8, Diff: 0.7, Sum: 6.3]
      [Code Root Scanning (ms): Min: 0.0, Avg: 0.0, Max: 0.0, Diff: 0.0, Sum: 0.0]
      [Object Copy (ms): Min: 1.5, Avg: 1.8, Max: 2.1, Diff: 0.6, Sum: 7.2]
      [Termination (ms): Min: 0.0, Avg: 0.0, Max: 0.0, Diff: 0.0, Sum: 0.1]
         [Termination Attempts: Min: 1, Avg: 1.0, Max: 1, Diff: 0, Sum: 4]
      [GC Worker Other (ms): Min: 0.0, Avg: 0.0, Max: 0.0, Diff: 0.0, Sum: 0.1]
      [GC Worker Total (ms): Min: 6.2, Avg: 7.6, Max: 10.3, Diff: 4.0, Sum: 30.3]
      [GC Worker End (ms): Min: 2426452.1, Avg: 2426452.1, Max: 2426452.1, Diff: 0.0]
   [Code Root Fixup: 0.1 ms]
   [Code Root Purge: 0.0 ms]
   [Clear CT: 0.2 ms]
   [Other: 0.5 ms]
      [Choose CSet: 0.0 ms]
      [Ref Proc: 0.1 ms]
      [Ref Enq: 0.0 ms]
      [Redirty Cards: 0.1 ms]
      [Humongous Register: 0.0 ms]
      [Humongous Reclaim: 0.0 ms]
      [Free CSet: 0.0 ms]
   [Eden: 79.0M(79.0M)->0.0B(79.0M) Survivors: 1024.0K->1024.0K Heap: 227.3M(256.0M)->148.4M(256.0M)]
 [Times: user=0.02 sys=0.00, real=0.01 secs] 
2020-04-13T16:24:03.515+0800: 2426.453: [GC concurrent-root-region-scan-start]
2020-04-13T16:24:03.519+0800: 2426.457: [GC concurrent-root-region-scan-end, 0.0039828 secs]
2020-04-13T16:24:03.519+0800: 2426.457: [GC concurrent-mark-start]
2020-04-13T16:24:03.551+0800: 2426.489: [GC concurrent-mark-end, 0.0315113 secs]
2020-04-13T16:24:03.551+0800: 2426.489: [GC remark 2020-04-13T16:24:03.551+0800: 2426.489: [Finalize Marking, 0.0023366 secs] 2020-04-13T16:24:03.554+0800: 2426.491: [GC ref-proc, 0.0000759 secs] 2020-04-13T16:24:03.554+0800: 2426.492: [Unloading, 0.0041629 secs], 0.0081685 secs]
 [Times: user=0.02 sys=0.00, real=0.01 secs] 
2020-04-13T16:24:03.560+0800: 2426.498: [GC cleanup 150M->150M(256M), 0.0003662 secs]
 [Times: user=0.00 sys=0.00, real=0.00 secs] 
2020-04-13T16:24:05.304+0800: 2428.242: [GC pause (G1 Evacuation Pause) (young), 0.0066761 secs]
   [Parallel Time: 4.8 ms, GC Workers: 4]
      [GC Worker Start (ms): Min: 2428242.2, Avg: 2428242.2, Max: 2428242.3, Diff: 0.1]
      [Ext Root Scanning (ms): Min: 0.3, Avg: 0.4, Max: 0.5, Diff: 0.2, Sum: 1.6]
      [Update RS (ms): Min: 1.5, Avg: 1.7, Max: 1.8, Diff: 0.3, Sum: 6.8]
         [Processed Buffers: Min: 4, Avg: 10.0, Max: 16, Diff: 12, Sum: 40]
      [Scan RS (ms): Min: 0.9, Avg: 1.0, Max: 1.2, Diff: 0.3, Sum: 4.0]
      [Code Root Scanning (ms): Min: 0.0, Avg: 0.0, Max: 0.0, Diff: 0.0, Sum: 0.0]
      [Object Copy (ms): Min: 1.5, Avg: 1.5, Max: 1.5, Diff: 0.1, Sum: 6.0]
      [Termination (ms): Min: 0.0, Avg: 0.0, Max: 0.0, Diff: 0.0, Sum: 0.0]
         [Termination Attempts: Min: 1, Avg: 1.0, Max: 1, Diff: 0, Sum: 4]
      [GC Worker Other (ms): Min: 0.0, Avg: 0.0, Max: 0.1, Diff: 0.1, Sum: 0.1]
      [GC Worker Total (ms): Min: 4.6, Avg: 4.6, Max: 4.7, Diff: 0.1, Sum: 18.6]
      [GC Worker End (ms): Min: 2428246.9, Avg: 2428246.9, Max: 2428246.9, Diff: 0.0]
   [Code Root Fixup: 0.0 ms]
   [Code Root Purge: 0.0 ms]
   [Clear CT: 0.1 ms]
   [Other: 1.7 ms]
      [Choose CSet: 0.0 ms]
      [Ref Proc: 1.5 ms]
      [Ref Enq: 0.0 ms]
      [Redirty Cards: 0.1 ms]
      [Humongous Register: 0.0 ms]
      [Humongous Reclaim: 0.0 ms]
      [Free CSet: 0.0 ms]
   [Eden: 79.0M(79.0M)->0.0B(77.0M) Survivors: 1024.0K->2048.0K Heap: 227.4M(256.0M)->149.0M(256.0M)]
 [Times: user=0.02 sys=0.00, real=0.01 secs] 
2020-04-13T16:24:07.468+0800: 2430.406: [GC pause (G1 Evacuation Pause) (young), 0.0062550 secs]
   [Parallel Time: 5.5 ms, GC Workers: 4]
      [GC Worker Start (ms): Min: 2430406.1, Avg: 2430406.1, Max: 2430406.1, Diff: 0.0]
      [Ext Root Scanning (ms): Min: 0.4, Avg: 0.4, Max: 0.5, Diff: 0.2, Sum: 1.6]
      [Update RS (ms): Min: 1.5, Avg: 1.7, Max: 1.9, Diff: 0.4, Sum: 6.9]
         [Processed Buffers: Min: 5, Avg: 8.0, Max: 11, Diff: 6, Sum: 32]
      [Scan RS (ms): Min: 1.0, Avg: 1.5, Max: 2.8, Diff: 1.7, Sum: 6.1]
      [Code Root Scanning (ms): Min: 0.0, Avg: 0.0, Max: 0.0, Diff: 0.0, Sum: 0.0]
      [Object Copy (ms): Min: 0.7, Avg: 1.8, Max: 2.2, Diff: 1.5, Sum: 7.1]
      [Termination (ms): Min: 0.0, Avg: 0.0, Max: 0.0, Diff: 0.0, Sum: 0.0]
         [Termination Attempts: Min: 1, Avg: 1.0, Max: 1, Diff: 0, Sum: 4]
      [GC Worker Other (ms): Min: 0.0, Avg: 0.0, Max: 0.0, Diff: 0.0, Sum: 0.1]
      [GC Worker Total (ms): Min: 5.4, Avg: 5.4, Max: 5.5, Diff: 0.0, Sum: 21.8]
      [GC Worker End (ms): Min: 2430411.6, Avg: 2430411.6, Max: 2430411.6, Diff: 0.0]
   [Code Root Fixup: 0.0 ms]
   [Code Root Purge: 0.0 ms]
   [Clear CT: 0.2 ms]
   [Other: 0.5 ms]
      [Choose CSet: 0.0 ms]
      [Ref Proc: 0.2 ms]
      [Ref Enq: 0.0 ms]
      [Redirty Cards: 0.1 ms]
      [Humongous Register: 0.0 ms]
      [Humongous Reclaim: 0.0 ms]
      [Free CSet: 0.0 ms]
   [Eden: 77.0M(77.0M)->0.0B(79.0M) Survivors: 2048.0K->1024.0K Heap: 226.0M(256.0M)->148.3M(256.0M)]
 [Times: user=0.02 sys=0.00, real=0.01 secs] 
2020-04-13T16:24:09.134+0800: 2432.072: [GC pause (G1 Evacuation Pause) (young) (initial-mark), 0.0062106 secs]
   [Parallel Time: 5.1 ms, GC Workers: 4]
      [GC Worker Start (ms): Min: 2432072.1, Avg: 2432072.1, Max: 2432072.2, Diff: 0.1]
      [Ext Root Scanning (ms): Min: 0.5, Avg: 0.6, Max: 0.6, Diff: 0.1, Sum: 2.3]
      [Update RS (ms): Min: 1.7, Avg: 1.9, Max: 2.0, Diff: 0.3, Sum: 7.4]
         [Processed Buffers: Min: 5, Avg: 9.2, Max: 12, Diff: 7, Sum: 37]
      [Scan RS (ms): Min: 0.8, Avg: 0.9, Max: 1.0, Diff: 0.3, Sum: 3.6]
      [Code Root Scanning (ms): Min: 0.0, Avg: 0.0, Max: 0.0, Diff: 0.0, Sum: 0.0]
      [Object Copy (ms): Min: 1.5, Avg: 1.5, Max: 1.6, Diff: 0.1, Sum: 6.1]
      [Termination (ms): Min: 0.0, Avg: 0.0, Max: 0.0, Diff: 0.0, Sum: 0.0]
         [Termination Attempts: Min: 1, Avg: 1.0, Max: 1, Diff: 0, Sum: 4]
      [GC Worker Other (ms): Min: 0.0, Avg: 0.0, Max: 0.0, Diff: 0.0, Sum: 0.0]
      [GC Worker Total (ms): Min: 4.8, Avg: 4.9, Max: 4.9, Diff: 0.1, Sum: 19.5]
      [GC Worker End (ms): Min: 2432077.0, Avg: 2432077.0, Max: 2432077.0, Diff: 0.0]
   [Code Root Fixup: 0.0 ms]
   [Code Root Purge: 0.0 ms]
   [Clear CT: 0.1 ms]
   [Other: 1.0 ms]
      [Choose CSet: 0.0 ms]
      [Ref Proc: 0.7 ms]
      [Ref Enq: 0.0 ms]
      [Redirty Cards: 0.1 ms]
      [Humongous Register: 0.0 ms]
      [Humongous Reclaim: 0.0 ms]
      [Free CSet: 0.0 ms]
   [Eden: 79.0M(79.0M)->0.0B(77.0M) Survivors: 1024.0K->2048.0K Heap: 227.3M(256.0M)->149.1M(256.0M)]
 [Times: user=0.02 sys=0.00, real=0.01 secs] 
2020-04-13T16:24:09.141+0800: 2432.078: [GC concurrent-root-region-scan-start]
2020-04-13T16:24:09.145+0800: 2432.082: [GC concurrent-root-region-scan-end, 0.0040039 secs]
2020-04-13T16:24:09.145+0800: 2432.082: [GC concurrent-mark-start]
2020-04-13T16:24:09.174+0800: 2432.111: [GC concurrent-mark-end, 0.0290337 secs]
2020-04-13T16:24:09.174+0800: 2432.112: [GC remark 2020-04-13T16:24:09.174+0800: 2432.112: [Finalize Marking, 0.0001729 secs] 2020-04-13T16:24:09.175+0800: 2432.112: [GC ref-proc, 0.0001066 secs] 2020-04-13T16:24:09.175+0800: 2432.112: [Unloading, 0.0043495 secs], 0.0067342 secs]
 [Times: user=0.02 sys=0.00, real=0.01 secs] 
2020-04-13T16:24:09.181+0800: 2432.119: [GC cleanup 150M->150M(256M), 0.0003102 secs]
 [Times: user=0.00 sys=0.00, real=0.00 secs] 
2020-04-13T16:24:11.160+0800: 2434.098: [GC pause (G1 Evacuation Pause) (young), 0.0057143 secs]
   [Parallel Time: 5.1 ms, GC Workers: 4]
      [GC Worker Start (ms): Min: 2434098.2, Avg: 2434098.2, Max: 2434098.2, Diff: 0.0]
      [Ext Root Scanning (ms): Min: 0.4, Avg: 0.4, Max: 0.5, Diff: 0.2, Sum: 1.6]
      [Update RS (ms): Min: 2.1, Avg: 2.1, Max: 2.3, Diff: 0.2, Sum: 8.5]
         [Processed Buffers: Min: 4, Avg: 9.5, Max: 16, Diff: 12, Sum: 38]
      [Scan RS (ms): Min: 0.6, Avg: 0.8, Max: 0.9, Diff: 0.3, Sum: 3.2]
      [Code Root Scanning (ms): Min: 0.0, Avg: 0.0, Max: 0.0, Diff: 0.0, Sum: 0.0]
      [Object Copy (ms): Min: 1.6, Avg: 1.6, Max: 1.7, Diff: 0.1, Sum: 6.6]
      [Termination (ms): Min: 0.0, Avg: 0.0, Max: 0.0, Diff: 0.0, Sum: 0.0]
         [Termination Attempts: Min: 1, Avg: 1.0, Max: 1, Diff: 0, Sum: 4]
      [GC Worker Other (ms): Min: 0.0, Avg: 0.0, Max: 0.0, Diff: 0.0, Sum: 0.1]
      [GC Worker Total (ms): Min: 5.0, Avg: 5.0, Max: 5.0, Diff: 0.0, Sum: 20.0]
      [GC Worker End (ms): Min: 2434103.2, Avg: 2434103.2, Max: 2434103.2, Diff: 0.0]
   [Code Root Fixup: 0.1 ms]
   [Code Root Purge: 0.0 ms]
   [Clear CT: 0.1 ms]
   [Other: 0.5 ms]
      [Choose CSet: 0.0 ms]
      [Ref Proc: 0.3 ms]
      [Ref Enq: 0.0 ms]
      [Redirty Cards: 0.0 ms]
      [Humongous Register: 0.0 ms]
      [Humongous Reclaim: 0.0 ms]
      [Free CSet: 0.0 ms]
   [Eden: 77.0M(77.0M)->0.0B(79.0M) Survivors: 2048.0K->1024.0K Heap: 226.1M(256.0M)->148.6M(256.0M)]
 [Times: user=0.02 sys=0.00, real=0.00 secs] 
2020-04-13T16:24:12.833+0800: 2435.770: [GC pause (G1 Evacuation Pause) (young), 0.0051718 secs]
   [Parallel Time: 4.6 ms, GC Workers: 4]
      [GC Worker Start (ms): Min: 2435770.3, Avg: 2435770.4, Max: 2435770.4, Diff: 0.1]
      [Ext Root Scanning (ms): Min: 0.4, Avg: 0.4, Max: 0.5, Diff: 0.2, Sum: 1.7]
      [Update RS (ms): Min: 1.6, Avg: 1.7, Max: 1.9, Diff: 0.3, Sum: 7.0]
         [Processed Buffers: Min: 4, Avg: 7.5, Max: 11, Diff: 7, Sum: 30]
      [Scan RS (ms): Min: 0.7, Avg: 0.9, Max: 1.1, Diff: 0.4, Sum: 3.5]
      [Code Root Scanning (ms): Min: 0.0, Avg: 0.0, Max: 0.0, Diff: 0.0, Sum: 0.0]
      [Object Copy (ms): Min: 1.4, Avg: 1.5, Max: 1.5, Diff: 0.1, Sum: 5.8]
      [Termination (ms): Min: 0.0, Avg: 0.0, Max: 0.0, Diff: 0.0, Sum: 0.0]
         [Termination Attempts: Min: 1, Avg: 1.0, Max: 1, Diff: 0, Sum: 4]
      [GC Worker Other (ms): Min: 0.0, Avg: 0.0, Max: 0.0, Diff: 0.0, Sum: 0.1]
      [GC Worker Total (ms): Min: 4.5, Avg: 4.5, Max: 4.6, Diff: 0.1, Sum: 18.1]
      [GC Worker End (ms): Min: 2435774.9, Avg: 2435774.9, Max: 2435774.9, Diff: 0.0]
   [Code Root Fixup: 0.1 ms]
   [Code Root Purge: 0.0 ms]
   [Clear CT: 0.1 ms]
   [Other: 0.4 ms]
      [Choose CSet: 0.0 ms]
      [Ref Proc: 0.2 ms]
      [Ref Enq: 0.0 ms]
      [Redirty Cards: 0.1 ms]
      [Humongous Register: 0.0 ms]
      [Humongous Reclaim: 0.0 ms]
      [Free CSet: 0.0 ms]
   [Eden: 79.0M(79.0M)->0.0B(77.0M) Survivors: 1024.0K->2048.0K Heap: 227.6M(256.0M)->149.1M(256.0M)]
 [Times: user=0.02 sys=0.00, real=0.00 secs] 
2020-04-13T16:24:14.336+0800: 2437.274: [GC pause (G1 Evacuation Pause) (young) (initial-mark), 0.0097449 secs]
   [Parallel Time: 8.2 ms, GC Workers: 4]
      [GC Worker Start (ms): Min: 2437273.6, Avg: 2437273.6, Max: 2437273.7, Diff: 0.0]
      [Ext Root Scanning (ms): Min: 0.6, Avg: 0.6, Max: 0.7, Diff: 0.1, Sum: 2.5]
      [Update RS (ms): Min: 1.6, Avg: 1.8, Max: 1.9, Diff: 0.3, Sum: 7.1]
         [Processed Buffers: Min: 4, Avg: 8.8, Max: 14, Diff: 10, Sum: 35]
      [Scan RS (ms): Min: 0.7, Avg: 0.9, Max: 1.1, Diff: 0.4, Sum: 3.6]
      [Code Root Scanning (ms): Min: 0.0, Avg: 0.0, Max: 0.0, Diff: 0.0, Sum: 0.0]
      [Object Copy (ms): Min: 1.5, Avg: 1.7, Max: 2.2, Diff: 0.6, Sum: 6.9]
      [Termination (ms): Min: 0.0, Avg: 1.8, Max: 3.2, Diff: 3.2, Sum: 7.1]
         [Termination Attempts: Min: 1, Avg: 1.0, Max: 1, Diff: 0, Sum: 4]
      [GC Worker Other (ms): Min: 0.0, Avg: 0.0, Max: 0.0, Diff: 0.0, Sum: 0.1]
      [GC Worker Total (ms): Min: 5.5, Avg: 6.8, Max: 8.1, Diff: 2.6, Sum: 27.2]
      [GC Worker End (ms): Min: 2437279.1, Avg: 2437280.4, Max: 2437281.7, Diff: 2.6]
   [Code Root Fixup: 0.0 ms]
   [Code Root Purge: 0.0 ms]
   [Clear CT: 0.2 ms]
   [Other: 1.3 ms]
      [Choose CSet: 0.0 ms]
      [Ref Proc: 1.0 ms]
      [Ref Enq: 0.0 ms]
      [Redirty Cards: 0.1 ms]
      [Humongous Register: 0.0 ms]
      [Humongous Reclaim: 0.0 ms]
      [Free CSet: 0.0 ms]
   [Eden: 77.0M(77.0M)->0.0B(79.0M) Survivors: 2048.0K->1024.0K Heap: 226.1M(256.0M)->148.7M(256.0M)]
 [Times: user=0.02 sys=0.01, real=0.01 secs] 
2020-04-13T16:24:14.346+0800: 2437.283: [GC concurrent-root-region-scan-start]
2020-04-13T16:24:14.350+0800: 2437.287: [GC concurrent-root-region-scan-end, 0.0037567 secs]
2020-04-13T16:24:14.350+0800: 2437.287: [GC concurrent-mark-start]
2020-04-13T16:24:14.378+0800: 2437.315: [GC concurrent-mark-end, 0.0281740 secs]
2020-04-13T16:24:14.378+0800: 2437.316: [GC remark 2020-04-13T16:24:14.379+0800: 2437.316: [Finalize Marking, 0.0140191 secs] 2020-04-13T16:24:14.393+0800: 2437.330: [GC ref-proc, 0.0001095 secs] 2020-04-13T16:24:14.393+0800: 2437.330: [Unloading, 0.0071871 secs], 0.0234955 secs]
 [Times: user=0.02 sys=0.00, real=0.03 secs] 
2020-04-13T16:24:14.402+0800: 2437.340: [GC cleanup 150M->150M(256M), 0.0009864 secs]
 [Times: user=0.00 sys=0.00, real=0.00 secs] 
2020-04-13T16:24:17.177+0800: 2440.114: [GC pause (G1 Evacuation Pause) (young), 0.0051968 secs]
   [Parallel Time: 4.7 ms, GC Workers: 4]
      [GC Worker Start (ms): Min: 2440114.4, Avg: 2440114.5, Max: 2440114.5, Diff: 0.0]
      [Ext Root Scanning (ms): Min: 0.4, Avg: 0.5, Max: 0.5, Diff: 0.2, Sum: 1.8]
      [Update RS (ms): Min: 1.8, Avg: 1.9, Max: 2.0, Diff: 0.2, Sum: 7.7]
         [Processed Buffers: Min: 5, Avg: 8.2, Max: 12, Diff: 7, Sum: 33]
      [Scan RS (ms): Min: 0.6, Avg: 0.7, Max: 0.9, Diff: 0.3, Sum: 3.0]
      [Code Root Scanning (ms): Min: 0.0, Avg: 0.0, Max: 0.0, Diff: 0.0, Sum: 0.0]
      [Object Copy (ms): Min: 1.4, Avg: 1.5, Max: 1.6, Diff: 0.1, Sum: 6.1]
      [Termination (ms): Min: 0.0, Avg: 0.0, Max: 0.0, Diff: 0.0, Sum: 0.0]
         [Termination Attempts: Min: 1, Avg: 1.0, Max: 1, Diff: 0, Sum: 4]
      [GC Worker Other (ms): Min: 0.0, Avg: 0.0, Max: 0.0, Diff: 0.0, Sum: 0.1]
      [GC Worker Total (ms): Min: 4.6, Avg: 4.7, Max: 4.7, Diff: 0.0, Sum: 18.6]
      [GC Worker End (ms): Min: 2440119.1, Avg: 2440119.1, Max: 2440119.1, Diff: 0.0]
   [Code Root Fixup: 0.1 ms]
   [Code Root Purge: 0.0 ms]
   [Clear CT: 0.1 ms]
   [Other: 0.3 ms]
      [Choose CSet: 0.0 ms]
      [Ref Proc: 0.1 ms]
      [Ref Enq: 0.0 ms]
      [Redirty Cards: 0.1 ms]
      [Humongous Register: 0.0 ms]
      [Humongous Reclaim: 0.0 ms]
      [Free CSet: 0.0 ms]
   [Eden: 79.0M(79.0M)->0.0B(77.0M) Survivors: 1024.0K->2048.0K Heap: 227.7M(256.0M)->149.4M(256.0M)]
 [Times: user=0.01 sys=0.00, real=0.01 secs] 
2020-04-13T16:24:19.584+0800: 2442.522: [GC pause (G1 Evacuation Pause) (young), 0.0075736 secs]
   [Parallel Time: 6.2 ms, GC Workers: 4]
      [GC Worker Start (ms): Min: 2442521.8, Avg: 2442521.8, Max: 2442521.9, Diff: 0.1]
      [Ext Root Scanning (ms): Min: 0.4, Avg: 0.4, Max: 0.5, Diff: 0.1, Sum: 1.7]
      [Update RS (ms): Min: 2.0, Avg: 2.2, Max: 2.3, Diff: 0.3, Sum: 8.7]
         [Processed Buffers: Min: 5, Avg: 10.0, Max: 16, Diff: 11, Sum: 40]
      [Scan RS (ms): Min: 0.6, Avg: 0.8, Max: 0.9, Diff: 0.3, Sum: 3.0]
      [Code Root Scanning (ms): Min: 0.0, Avg: 0.0, Max: 0.0, Diff: 0.0, Sum: 0.0]
      [Object Copy (ms): Min: 2.6, Avg: 2.7, Max: 2.7, Diff: 0.0, Sum: 10.6]
      [Termination (ms): Min: 0.0, Avg: 0.1, Max: 0.1, Diff: 0.1, Sum: 0.2]
         [Termination Attempts: Min: 1, Avg: 1.0, Max: 1, Diff: 0, Sum: 4]
      [GC Worker Other (ms): Min: 0.0, Avg: 0.0, Max: 0.0, Diff: 0.0, Sum: 0.0]
      [GC Worker Total (ms): Min: 6.0, Avg: 6.1, Max: 6.1, Diff: 0.1, Sum: 24.3]
      [GC Worker End (ms): Min: 2442527.9, Avg: 2442527.9, Max: 2442527.9, Diff: 0.0]
   [Code Root Fixup: 0.0 ms]
   [Code Root Purge: 0.0 ms]
   [Clear CT: 0.1 ms]
   [Other: 1.2 ms]
      [Choose CSet: 0.0 ms]
      [Ref Proc: 0.9 ms]
      [Ref Enq: 0.0 ms]
      [Redirty Cards: 0.1 ms]
      [Humongous Register: 0.0 ms]
      [Humongous Reclaim: 0.0 ms]
      [Free CSet: 0.0 ms]
   [Eden: 77.0M(77.0M)->0.0B(78.0M) Survivors: 2048.0K->1024.0K Heap: 226.4M(256.0M)->148.8M(256.0M)]
 [Times: user=0.02 sys=0.00, real=0.01 secs] 
2020-04-13T16:24:22.716+0800: 2445.653: [GC pause (G1 Evacuation Pause) (young) (initial-mark), 0.0238461 secs]
   [Parallel Time: 10.3 ms, GC Workers: 4]
      [GC Worker Start (ms): Min: 2445653.5, Avg: 2445653.6, Max: 2445653.6, Diff: 0.1]
      [Ext Root Scanning (ms): Min: 0.6, Avg: 0.7, Max: 0.7, Diff: 0.1, Sum: 2.8]
      [Update RS (ms): Min: 1.8, Avg: 1.9, Max: 2.0, Diff: 0.3, Sum: 7.5]
         [Processed Buffers: Min: 5, Avg: 9.0, Max: 14, Diff: 9, Sum: 36]
      [Scan RS (ms): Min: 1.2, Avg: 2.7, Max: 6.3, Diff: 5.0, Sum: 10.8]
      [Code Root Scanning (ms): Min: 0.0, Avg: 0.0, Max: 0.0, Diff: 0.0, Sum: 0.0]
      [Object Copy (ms): Min: 0.3, Avg: 3.9, Max: 5.4, Diff: 5.1, Sum: 15.8]
      [Termination (ms): Min: 0.0, Avg: 0.6, Max: 0.8, Diff: 0.8, Sum: 2.5]
         [Termination Attempts: Min: 1, Avg: 1.0, Max: 1, Diff: 0, Sum: 4]
      [GC Worker Other (ms): Min: 0.0, Avg: 0.0, Max: 0.0, Diff: 0.0, Sum: 0.1]
      [GC Worker Total (ms): Min: 9.8, Avg: 9.8, Max: 9.9, Diff: 0.1, Sum: 39.3]
      [GC Worker End (ms): Min: 2445663.4, Avg: 2445663.4, Max: 2445663.4, Diff: 0.1]
   [Code Root Fixup: 0.1 ms]
   [Code Root Purge: 0.0 ms]
   [Clear CT: 0.3 ms]
   [Other: 13.1 ms]
      [Choose CSet: 0.0 ms]
      [Ref Proc: 12.7 ms]
      [Ref Enq: 0.0 ms]
      [Redirty Cards: 0.1 ms]
      [Humongous Register: 0.0 ms]
      [Humongous Reclaim: 0.0 ms]
      [Free CSet: 0.0 ms]
   [Eden: 78.0M(78.0M)->0.0B(76.0M) Survivors: 1024.0K->2048.0K Heap: 226.8M(256.0M)->149.2M(256.0M)]
 [Times: user=0.02 sys=0.00, real=0.03 secs] 
2020-04-13T16:24:22.740+0800: 2445.677: [GC concurrent-root-region-scan-start]
2020-04-13T16:24:22.745+0800: 2445.682: [GC concurrent-root-region-scan-end, 0.0046544 secs]
2020-04-13T16:24:22.745+0800: 2445.682: [GC concurrent-mark-start]
2020-04-13T16:24:22.785+0800: 2445.723: [GC concurrent-mark-end, 0.0405235 secs]
2020-04-13T16:24:22.798+0800: 2445.736: [GC remark 2020-04-13T16:24:22.799+0800: 2445.736: [Finalize Marking, 0.0024565 secs] 2020-04-13T16:24:22.801+0800: 2445.739: [GC ref-proc, 0.0000874 secs] 2020-04-13T16:24:22.801+0800: 2445.739: [Unloading, 0.0081874 secs], 0.0134043 secs]
 [Times: user=0.02 sys=0.00, real=0.02 secs] 
2020-04-13T16:24:22.812+0800: 2445.750: [GC cleanup 150M->150M(256M), 0.0006465 secs]
 [Times: user=0.00 sys=0.00, real=0.00 secs] 
2020-04-13T16:24:25.366+0800: 2448.304: [GC pause (G1 Evacuation Pause) (young), 0.0081350 secs]
   [Parallel Time: 7.6 ms, GC Workers: 4]
      [GC Worker Start (ms): Min: 2448303.7, Avg: 2448303.9, Max: 2448304.3, Diff: 0.5]
      [Ext Root Scanning (ms): Min: 0.0, Avg: 0.4, Max: 0.5, Diff: 0.5, Sum: 1.5]
      [Update RS (ms): Min: 1.0, Avg: 2.4, Max: 3.5, Diff: 2.5, Sum: 9.6]
         [Processed Buffers: Min: 3, Avg: 9.2, Max: 16, Diff: 13, Sum: 37]
      [Scan RS (ms): Min: 0.1, Avg: 2.3, Max: 4.0, Diff: 3.9, Sum: 9.0]
      [Code Root Scanning (ms): Min: 0.0, Avg: 0.0, Max: 0.0, Diff: 0.0, Sum: 0.0]
      [Object Copy (ms): Min: 0.7, Avg: 2.3, Max: 3.4, Diff: 2.7, Sum: 9.3]
      [Termination (ms): Min: 0.0, Avg: 0.0, Max: 0.0, Diff: 0.0, Sum: 0.0]
         [Termination Attempts: Min: 1, Avg: 1.0, Max: 1, Diff: 0, Sum: 4]
      [GC Worker Other (ms): Min: 0.0, Avg: 0.0, Max: 0.0, Diff: 0.0, Sum: 0.1]
      [GC Worker Total (ms): Min: 7.0, Avg: 7.4, Max: 7.5, Diff: 0.5, Sum: 29.5]
      [GC Worker End (ms): Min: 2448311.2, Avg: 2448311.2, Max: 2448311.2, Diff: 0.0]
   [Code Root Fixup: 0.1 ms]
   [Code Root Purge: 0.0 ms]
   [Clear CT: 0.1 ms]
   [Other: 0.4 ms]
      [Choose CSet: 0.0 ms]
      [Ref Proc: 0.2 ms]
      [Ref Enq: 0.0 ms]
      [Redirty Cards: 0.0 ms]
      [Humongous Register: 0.0 ms]
      [Humongous Reclaim: 0.0 ms]
      [Free CSet: 0.0 ms]
   [Eden: 76.0M(76.0M)->0.0B(10.0M) Survivors: 2048.0K->2048.0K Heap: 225.2M(256.0M)->149.3M(256.0M)]
 [Times: user=0.02 sys=0.00, real=0.01 secs] 
2020-04-13T16:24:25.911+0800: 2448.849: [GC pause (G1 Evacuation Pause) (mixed), 0.0096021 secs]
   [Parallel Time: 8.7 ms, GC Workers: 4]
      [GC Worker Start (ms): Min: 2448848.6, Avg: 2448848.7, Max: 2448849.0, Diff: 0.4]
      [Ext Root Scanning (ms): Min: 0.3, Avg: 0.7, Max: 1.0, Diff: 0.7, Sum: 2.6]
      [Update RS (ms): Min: 1.8, Avg: 1.9, Max: 2.0, Diff: 0.1, Sum: 7.8]
         [Processed Buffers: Min: 3, Avg: 8.2, Max: 21, Diff: 18, Sum: 33]
      [Scan RS (ms): Min: 3.0, Avg: 3.8, Max: 5.1, Diff: 2.2, Sum: 15.1]
      [Code Root Scanning (ms): Min: 0.0, Avg: 0.0, Max: 0.0, Diff: 0.0, Sum: 0.0]
      [Object Copy (ms): Min: 0.3, Avg: 1.6, Max: 2.4, Diff: 2.1, Sum: 6.4]
      [Termination (ms): Min: 0.0, Avg: 0.2, Max: 0.3, Diff: 0.3, Sum: 0.7]
         [Termination Attempts: Min: 1, Avg: 1.0, Max: 1, Diff: 0, Sum: 4]
      [GC Worker Other (ms): Min: 0.0, Avg: 0.0, Max: 0.0, Diff: 0.0, Sum: 0.0]
      [GC Worker Total (ms): Min: 7.8, Avg: 8.2, Max: 8.3, Diff: 0.5, Sum: 32.7]
      [GC Worker End (ms): Min: 2448856.9, Avg: 2448856.9, Max: 2448857.0, Diff: 0.1]
   [Code Root Fixup: 0.1 ms]
   [Code Root Purge: 0.0 ms]
   [Clear CT: 0.1 ms]
   [Other: 0.8 ms]
      [Choose CSet: 0.0 ms]
      [Ref Proc: 0.6 ms]
      [Ref Enq: 0.0 ms]
      [Redirty Cards: 0.0 ms]
      [Humongous Register: 0.0 ms]
      [Humongous Reclaim: 0.0 ms]
      [Free CSet: 0.0 ms]
   [Eden: 10.0M(10.0M)->0.0B(79.0M) Survivors: 2048.0K->1024.0K Heap: 159.3M(256.0M)->148.2M(256.0M)]
 [Times: user=0.02 sys=0.00, real=0.01 secs] 
2020-04-13T16:24:28.752+0800: 2451.689: [GC pause (G1 Evacuation Pause) (young), 0.0071023 secs]
   [Parallel Time: 6.7 ms, GC Workers: 4]
      [GC Worker Start (ms): Min: 2451689.2, Avg: 2451689.9, Max: 2451690.6, Diff: 1.4]
      [Ext Root Scanning (ms): Min: 0.0, Avg: 0.7, Max: 1.3, Diff: 1.3, Sum: 2.9]
      [Update RS (ms): Min: 1.7, Avg: 1.9, Max: 2.1, Diff: 0.5, Sum: 7.6]
         [Processed Buffers: Min: 4, Avg: 9.0, Max: 15, Diff: 11, Sum: 36]
      [Scan RS (ms): Min: 0.8, Avg: 1.0, Max: 1.2, Diff: 0.4, Sum: 4.2]
      [Code Root Scanning (ms): Min: 0.0, Avg: 0.0, Max: 0.0, Diff: 0.0, Sum: 0.0]
      [Object Copy (ms): Min: 1.5, Avg: 1.7, Max: 2.3, Diff: 0.8, Sum: 7.0]
      [Termination (ms): Min: 0.0, Avg: 0.6, Max: 0.8, Diff: 0.8, Sum: 2.3]
         [Termination Attempts: Min: 1, Avg: 1.0, Max: 1, Diff: 0, Sum: 4]
      [GC Worker Other (ms): Min: 0.0, Avg: 0.0, Max: 0.0, Diff: 0.0, Sum: 0.1]
      [GC Worker Total (ms): Min: 5.3, Avg: 6.0, Max: 6.5, Diff: 1.3, Sum: 24.0]
      [GC Worker End (ms): Min: 2451695.8, Avg: 2451695.9, Max: 2451695.9, Diff: 0.1]
   [Code Root Fixup: 0.0 ms]
   [Code Root Purge: 0.0 ms]
   [Clear CT: 0.1 ms]
   [Other: 0.3 ms]
      [Choose CSet: 0.0 ms]
      [Ref Proc: 0.1 ms]
      [Ref Enq: 0.0 ms]
      [Redirty Cards: 0.0 ms]
      [Humongous Register: 0.0 ms]
      [Humongous Reclaim: 0.0 ms]
      [Free CSet: 0.0 ms]
   [Eden: 79.0M(79.0M)->0.0B(77.0M) Survivors: 1024.0K->2048.0K Heap: 227.2M(256.0M)->148.6M(256.0M)]
 [Times: user=0.02 sys=0.00, real=0.00 secs] 
2020-04-13T16:24:30.882+0800: 2453.819: [GC pause (G1 Evacuation Pause) (young) (initial-mark), 0.0132696 secs]
   [Parallel Time: 6.6 ms, GC Workers: 4]
      [GC Worker Start (ms): Min: 2453819.0, Avg: 2453819.1, Max: 2453819.1, Diff: 0.1]
      [Ext Root Scanning (ms): Min: 0.6, Avg: 0.6, Max: 0.6, Diff: 0.1, Sum: 2.4]
      [Update RS (ms): Min: 2.4, Avg: 2.6, Max: 3.1, Diff: 0.6, Sum: 10.5]
         [Processed Buffers: Min: 1, Avg: 8.8, Max: 14, Diff: 13, Sum: 35]
      [Scan RS (ms): Min: 0.3, Avg: 1.3, Max: 3.2, Diff: 2.9, Sum: 5.3]
      [Code Root Scanning (ms): Min: 0.0, Avg: 0.0, Max: 0.0, Diff: 0.0, Sum: 0.0]
      [Object Copy (ms): Min: 0.0, Avg: 1.5, Max: 2.1, Diff: 2.1, Sum: 6.1]
      [Termination (ms): Min: 0.0, Avg: 0.3, Max: 0.4, Diff: 0.4, Sum: 1.0]
         [Termination Attempts: Min: 1, Avg: 1.5, Max: 3, Diff: 2, Sum: 6]
      [GC Worker Other (ms): Min: 0.0, Avg: 0.0, Max: 0.0, Diff: 0.0, Sum: 0.0]
      [GC Worker Total (ms): Min: 6.3, Avg: 6.4, Max: 6.4, Diff: 0.1, Sum: 25.5]
      [GC Worker End (ms): Min: 2453825.4, Avg: 2453825.4, Max: 2453825.5, Diff: 0.1]
   [Code Root Fixup: 0.1 ms]
   [Code Root Purge: 0.0 ms]
   [Clear CT: 0.1 ms]
   [Other: 6.5 ms]
      [Choose CSet: 0.0 ms]
      [Ref Proc: 6.3 ms]
      [Ref Enq: 0.0 ms]
      [Redirty Cards: 0.0 ms]
      [Humongous Register: 0.0 ms]
      [Humongous Reclaim: 0.0 ms]
      [Free CSet: 0.0 ms]
   [Eden: 77.0M(77.0M)->0.0B(77.0M) Survivors: 2048.0K->2048.0K Heap: 225.6M(256.0M)->148.5M(256.0M)]
 [Times: user=0.02 sys=0.00, real=0.01 secs] 
2020-04-13T16:24:30.895+0800: 2453.832: [GC concurrent-root-region-scan-start]
2020-04-13T16:24:30.899+0800: 2453.837: [GC concurrent-root-region-scan-end, 0.0041160 secs]
2020-04-13T16:24:30.899+0800: 2453.837: [GC concurrent-mark-start]
2020-04-13T16:24:30.933+0800: 2453.871: [GC concurrent-mark-end, 0.0340657 secs]
2020-04-13T16:24:30.933+0800: 2453.871: [GC remark 2020-04-13T16:24:30.933+0800: 2453.871: [Finalize Marking, 0.0001438 secs] 2020-04-13T16:24:30.934+0800: 2453.871: [GC ref-proc, 0.0001204 secs] 2020-04-13T16:24:30.934+0800: 2453.871: [Unloading, 0.0084886 secs], 0.0124852 secs]
 [Times: user=0.02 sys=0.00, real=0.01 secs] 
2020-04-13T16:24:30.946+0800: 2453.884: [GC cleanup 150M->150M(256M), 0.0004366 secs]
 [Times: user=0.00 sys=0.00, real=0.00 secs] 
2020-04-13T16:24:33.045+0800: 2455.982: [GC pause (G1 Evacuation Pause) (young), 0.0059376 secs]
   [Parallel Time: 5.3 ms, GC Workers: 4]
      [GC Worker Start (ms): Min: 2455982.2, Avg: 2455982.3, Max: 2455982.4, Diff: 0.2]
      [Ext Root Scanning (ms): Min: 0.4, Avg: 0.6, Max: 0.9, Diff: 0.5, Sum: 2.3]
      [Update RS (ms): Min: 1.6, Avg: 1.8, Max: 2.0, Diff: 0.5, Sum: 7.3]
         [Processed Buffers: Min: 4, Avg: 10.2, Max: 18, Diff: 14, Sum: 41]
      [Scan RS (ms): Min: 0.8, Avg: 1.0, Max: 1.2, Diff: 0.4, Sum: 4.1]
      [Code Root Scanning (ms): Min: 0.0, Avg: 0.0, Max: 0.0, Diff: 0.0, Sum: 0.0]
      [Object Copy (ms): Min: 1.4, Avg: 1.6, Max: 1.7, Diff: 0.4, Sum: 6.4]
      [Termination (ms): Min: 0.0, Avg: 0.0, Max: 0.0, Diff: 0.0, Sum: 0.0]
         [Termination Attempts: Min: 1, Avg: 1.0, Max: 1, Diff: 0, Sum: 4]
      [GC Worker Other (ms): Min: 0.0, Avg: 0.0, Max: 0.0, Diff: 0.0, Sum: 0.0]
      [GC Worker Total (ms): Min: 5.0, Avg: 5.1, Max: 5.2, Diff: 0.2, Sum: 20.2]
      [GC Worker End (ms): Min: 2455987.4, Avg: 2455987.4, Max: 2455987.4, Diff: 0.0]
   [Code Root Fixup: 0.0 ms]
   [Code Root Purge: 0.0 ms]
   [Clear CT: 0.0 ms]
   [Other: 0.6 ms]
      [Choose CSet: 0.0 ms]
      [Ref Proc: 0.3 ms]
      [Ref Enq: 0.0 ms]
      [Redirty Cards: 0.1 ms]
      [Humongous Register: 0.0 ms]
      [Humongous Reclaim: 0.0 ms]
      [Free CSet: 0.0 ms]
   [Eden: 77.0M(77.0M)->0.0B(77.0M) Survivors: 2048.0K->2048.0K Heap: 225.5M(256.0M)->148.6M(256.0M)]
 [Times: user=0.02 sys=0.00, real=0.01 secs] 
2020-04-13T16:24:35.673+0800: 2458.611: [GC pause (G1 Evacuation Pause) (young), 0.0054169 secs]
   [Parallel Time: 4.9 ms, GC Workers: 4]
      [GC Worker Start (ms): Min: 2458610.6, Avg: 2458610.6, Max: 2458610.6, Diff: 0.0]
      [Ext Root Scanning (ms): Min: 0.3, Avg: 0.4, Max: 0.5, Diff: 0.2, Sum: 1.6]
      [Update RS (ms): Min: 1.9, Avg: 2.1, Max: 2.3, Diff: 0.3, Sum: 8.5]
         [Processed Buffers: Min: 4, Avg: 8.8, Max: 13, Diff: 9, Sum: 35]
      [Scan RS (ms): Min: 0.7, Avg: 0.8, Max: 0.8, Diff: 0.2, Sum: 3.1]
      [Code Root Scanning (ms): Min: 0.0, Avg: 0.0, Max: 0.0, Diff: 0.0, Sum: 0.0]
      [Object Copy (ms): Min: 1.5, Avg: 1.5, Max: 1.5, Diff: 0.1, Sum: 6.1]
      [Termination (ms): Min: 0.0, Avg: 0.0, Max: 0.0, Diff: 0.0, Sum: 0.0]
         [Termination Attempts: Min: 1, Avg: 1.0, Max: 1, Diff: 0, Sum: 4]
      [GC Worker Other (ms): Min: 0.0, Avg: 0.0, Max: 0.0, Diff: 0.0, Sum: 0.1]
      [GC Worker Total (ms): Min: 4.8, Avg: 4.8, Max: 4.8, Diff: 0.0, Sum: 19.3]
      [GC Worker End (ms): Min: 2458615.4, Avg: 2458615.4, Max: 2458615.4, Diff: 0.0]
   [Code Root Fixup: 0.0 ms]
   [Code Root Purge: 0.0 ms]
   [Clear CT: 0.1 ms]
   [Other: 0.4 ms]
      [Choose CSet: 0.0 ms]
      [Ref Proc: 0.2 ms]
      [Ref Enq: 0.0 ms]
      [Redirty Cards: 0.1 ms]
      [Humongous Register: 0.0 ms]
      [Humongous Reclaim: 0.0 ms]
      [Free CSet: 0.0 ms]
   [Eden: 77.0M(77.0M)->0.0B(77.0M) Survivors: 2048.0K->2048.0K Heap: 225.6M(256.0M)->148.9M(256.0M)]
 [Times: user=0.02 sys=0.00, real=0.00 secs] 
2020-04-13T16:24:37.474+0800: 2460.411: [GC pause (G1 Evacuation Pause) (young) (initial-mark), 0.0183483 secs]
   [Parallel Time: 16.5 ms, GC Workers: 4]
      [GC Worker Start (ms): Min: 2460411.6, Avg: 2460411.7, Max: 2460411.9, Diff: 0.3]
      [Ext Root Scanning (ms): Min: 0.3, Avg: 0.5, Max: 0.6, Diff: 0.3, Sum: 2.2]
      [Update RS (ms): Min: 1.8, Avg: 1.9, Max: 2.0, Diff: 0.2, Sum: 7.5]
         [Processed Buffers: Min: 4, Avg: 8.2, Max: 11, Diff: 7, Sum: 33]
      [Scan RS (ms): Min: 0.9, Avg: 1.3, Max: 2.0, Diff: 1.1, Sum: 5.1]
      [Code Root Scanning (ms): Min: 0.0, Avg: 0.0, Max: 0.0, Diff: 0.0, Sum: 0.0]
      [Object Copy (ms): Min: 1.1, Avg: 1.9, Max: 2.6, Diff: 1.5, Sum: 7.6]
      [Termination (ms): Min: 0.0, Avg: 5.6, Max: 10.9, Diff: 10.9, Sum: 22.5]
         [Termination Attempts: Min: 1, Avg: 1.0, Max: 1, Diff: 0, Sum: 4]
      [GC Worker Other (ms): Min: 0.0, Avg: 0.0, Max: 0.0, Diff: 0.0, Sum: 0.1]
      [GC Worker Total (ms): Min: 6.0, Avg: 11.2, Max: 16.4, Diff: 10.4, Sum: 44.9]
      [GC Worker End (ms): Min: 2460417.9, Avg: 2460422.9, Max: 2460428.0, Diff: 10.1]
   [Code Root Fixup: 0.1 ms]
   [Code Root Purge: 0.0 ms]
   [Clear CT: 0.1 ms]
   [Other: 1.7 ms]
      [Choose CSet: 0.0 ms]
      [Ref Proc: 1.3 ms]
      [Ref Enq: 0.0 ms]
      [Redirty Cards: 0.1 ms]
      [Humongous Register: 0.0 ms]
      [Humongous Reclaim: 0.0 ms]
      [Free CSet: 0.0 ms]
   [Eden: 77.0M(77.0M)->0.0B(79.0M) Survivors: 2048.0K->1024.0K Heap: 225.9M(256.0M)->148.5M(256.0M)]
 [Times: user=0.02 sys=0.00, real=0.02 secs] 
2020-04-13T16:24:37.493+0800: 2460.430: [GC concurrent-root-region-scan-start]
2020-04-13T16:24:37.497+0800: 2460.435: [GC concurrent-root-region-scan-end, 0.0043929 secs]
2020-04-13T16:24:37.497+0800: 2460.435: [GC concurrent-mark-start]
2020-04-13T16:24:37.528+0800: 2460.466: [GC concurrent-mark-end, 0.0311579 secs]
2020-04-13T16:24:37.529+0800: 2460.466: [GC remark 2020-04-13T16:24:37.529+0800: 2460.466: [Finalize Marking, 0.0001470 secs] 2020-04-13T16:24:37.529+0800: 2460.466: [GC ref-proc, 0.0000845 secs] 2020-04-13T16:24:37.529+0800: 2460.466: [Unloading, 0.0048036 secs], 0.0069618 secs]
 [Times: user=0.02 sys=0.00, real=0.01 secs] 
2020-04-13T16:24:37.536+0800: 2460.473: [GC cleanup 150M->150M(256M), 0.0003463 secs]
 [Times: user=0.00 sys=0.00, real=0.00 secs] 
2020-04-13T16:24:39.348+0800: 2462.285: [GC pause (G1 Evacuation Pause) (young), 0.0079214 secs]
   [Parallel Time: 6.8 ms, GC Workers: 4]
      [GC Worker Start (ms): Min: 2462285.1, Avg: 2462285.1, Max: 2462285.1, Diff: 0.0]
      [Ext Root Scanning (ms): Min: 0.4, Avg: 0.4, Max: 0.5, Diff: 0.1, Sum: 1.6]
      [Update RS (ms): Min: 2.6, Avg: 3.2, Max: 4.7, Diff: 2.0, Sum: 13.0]
         [Processed Buffers: Min: 3, Avg: 8.5, Max: 14, Diff: 11, Sum: 34]
      [Scan RS (ms): Min: 0.2, Avg: 1.6, Max: 2.2, Diff: 2.0, Sum: 6.3]
      [Code Root Scanning (ms): Min: 0.0, Avg: 0.0, Max: 0.0, Diff: 0.0, Sum: 0.0]
      [Object Copy (ms): Min: 1.3, Avg: 1.5, Max: 1.6, Diff: 0.2, Sum: 5.9]
      [Termination (ms): Min: 0.0, Avg: 0.0, Max: 0.0, Diff: 0.0, Sum: 0.0]
         [Termination Attempts: Min: 1, Avg: 1.0, Max: 1, Diff: 0, Sum: 4]
      [GC Worker Other (ms): Min: 0.0, Avg: 0.0, Max: 0.0, Diff: 0.0, Sum: 0.1]
      [GC Worker Total (ms): Min: 6.7, Avg: 6.7, Max: 6.7, Diff: 0.0, Sum: 26.8]
      [GC Worker End (ms): Min: 2462291.8, Avg: 2462291.8, Max: 2462291.8, Diff: 0.0]
   [Code Root Fixup: 0.1 ms]
   [Code Root Purge: 0.0 ms]
   [Clear CT: 0.0 ms]
   [Other: 1.0 ms]
      [Choose CSet: 0.0 ms]
      [Ref Proc: 0.7 ms]
      [Ref Enq: 0.0 ms]
      [Redirty Cards: 0.1 ms]
      [Humongous Register: 0.0 ms]
      [Humongous Reclaim: 0.0 ms]
      [Free CSet: 0.0 ms]
   [Eden: 79.0M(79.0M)->0.0B(77.0M) Survivors: 1024.0K->2048.0K Heap: 227.5M(256.0M)->148.8M(256.0M)]
 [Times: user=0.02 sys=0.00, real=0.01 secs] 
2020-04-13T16:24:42.264+0800: 2465.201: [GC pause (G1 Evacuation Pause) (young), 0.0057124 secs]
   [Parallel Time: 4.8 ms, GC Workers: 4]
      [GC Worker Start (ms): Min: 2465201.5, Avg: 2465201.5, Max: 2465201.5, Diff: 0.0]
      [Ext Root Scanning (ms): Min: 0.3, Avg: 0.4, Max: 0.5, Diff: 0.2, Sum: 1.6]
      [Update RS (ms): Min: 1.5, Avg: 1.6, Max: 1.8, Diff: 0.3, Sum: 6.6]
         [Processed Buffers: Min: 3, Avg: 10.5, Max: 29, Diff: 26, Sum: 42]
      [Scan RS (ms): Min: 1.1, Avg: 1.2, Max: 1.3, Diff: 0.1, Sum: 4.7]
      [Code Root Scanning (ms): Min: 0.0, Avg: 0.0, Max: 0.0, Diff: 0.0, Sum: 0.0]
      [Object Copy (ms): Min: 1.4, Avg: 1.5, Max: 1.7, Diff: 0.3, Sum: 6.2]
      [Termination (ms): Min: 0.0, Avg: 0.0, Max: 0.0, Diff: 0.0, Sum: 0.0]
         [Termination Attempts: Min: 1, Avg: 1.0, Max: 1, Diff: 0, Sum: 4]
      [GC Worker Other (ms): Min: 0.0, Avg: 0.0, Max: 0.0, Diff: 0.0, Sum: 0.1]
      [GC Worker Total (ms): Min: 4.7, Avg: 4.8, Max: 4.8, Diff: 0.0, Sum: 19.1]
      [GC Worker End (ms): Min: 2465206.3, Avg: 2465206.3, Max: 2465206.3, Diff: 0.0]
   [Code Root Fixup: 0.0 ms]
   [Code Root Purge: 0.0 ms]
   [Clear CT: 0.1 ms]
   [Other: 0.7 ms]
      [Choose CSet: 0.0 ms]
      [Ref Proc: 0.1 ms]
      [Ref Enq: 0.0 ms]
      [Redirty Cards: 0.5 ms]
      [Humongous Register: 0.0 ms]
      [Humongous Reclaim: 0.0 ms]
      [Free CSet: 0.0 ms]
   [Eden: 77.0M(77.0M)->0.0B(77.0M) Survivors: 2048.0K->2048.0K Heap: 225.8M(256.0M)->149.1M(256.0M)]
 [Times: user=0.02 sys=0.00, real=0.01 secs] 
2020-04-13T16:24:44.444+0800: 2467.381: [GC pause (G1 Evacuation Pause) (young) (initial-mark), 0.0103605 secs]
   [Parallel Time: 6.4 ms, GC Workers: 4]
      [GC Worker Start (ms): Min: 2467381.0, Avg: 2467381.2, Max: 2467381.3, Diff: 0.4]
      [Ext Root Scanning (ms): Min: 1.2, Avg: 1.5, Max: 1.7, Diff: 0.5, Sum: 5.8]
      [Update RS (ms): Min: 1.9, Avg: 2.0, Max: 2.1, Diff: 0.2, Sum: 7.9]
         [Processed Buffers: Min: 1, Avg: 10.2, Max: 18, Diff: 17, Sum: 41]
      [Scan RS (ms): Min: 0.9, Avg: 1.1, Max: 1.2, Diff: 0.3, Sum: 4.3]
      [Code Root Scanning (ms): Min: 0.0, Avg: 0.0, Max: 0.0, Diff: 0.0, Sum: 0.0]
      [Object Copy (ms): Min: 1.4, Avg: 1.5, Max: 1.6, Diff: 0.2, Sum: 5.9]
      [Termination (ms): Min: 0.0, Avg: 0.0, Max: 0.0, Diff: 0.0, Sum: 0.0]
         [Termination Attempts: Min: 1, Avg: 1.0, Max: 1, Diff: 0, Sum: 4]
      [GC Worker Other (ms): Min: 0.0, Avg: 0.0, Max: 0.0, Diff: 0.0, Sum: 0.1]
      [GC Worker Total (ms): Min: 5.9, Avg: 6.0, Max: 6.2, Diff: 0.4, Sum: 24.0]
      [GC Worker End (ms): Min: 2467387.2, Avg: 2467387.2, Max: 2467387.2, Diff: 0.0]
   [Code Root Fixup: 0.0 ms]
   [Code Root Purge: 0.0 ms]
   [Clear CT: 0.1 ms]
   [Other: 3.8 ms]
      [Choose CSet: 0.0 ms]
      [Ref Proc: 3.6 ms]
      [Ref Enq: 0.0 ms]
      [Redirty Cards: 0.0 ms]
      [Humongous Register: 0.0 ms]
      [Humongous Reclaim: 0.0 ms]
      [Free CSet: 0.0 ms]
   [Eden: 77.0M(77.0M)->0.0B(79.0M) Survivors: 2048.0K->1024.0K Heap: 226.1M(256.0M)->148.7M(256.0M)]
 [Times: user=0.02 sys=0.00, real=0.01 secs] 
2020-04-13T16:24:44.454+0800: 2467.391: [GC concurrent-root-region-scan-start]
2020-04-13T16:24:44.458+0800: 2467.395: [GC concurrent-root-region-scan-end, 0.0035895 secs]
2020-04-13T16:24:44.458+0800: 2467.395: [GC concurrent-mark-start]
2020-04-13T16:24:44.490+0800: 2467.427: [GC concurrent-mark-end, 0.0322779 secs]
2020-04-13T16:24:44.490+0800: 2467.427: [GC remark 2020-04-13T16:24:44.490+0800: 2467.427: [Finalize Marking, 0.0048061 secs] 2020-04-13T16:24:44.495+0800: 2467.432: [GC ref-proc, 0.0001270 secs] 2020-04-13T16:24:44.495+0800: 2467.433: [Unloading, 0.0055059 secs], 0.0147187 secs]
 [Times: user=0.02 sys=0.00, real=0.01 secs] 
2020-04-13T16:24:44.505+0800: 2467.442: [GC cleanup 150M->150M(256M), 0.0005465 secs]
 [Times: user=0.00 sys=0.00, real=0.00 secs] 
2020-04-13T16:24:46.737+0800: 2469.674: [GC pause (G1 Evacuation Pause) (young), 0.0069996 secs]
   [Parallel Time: 5.3 ms, GC Workers: 4]
      [GC Worker Start (ms): Min: 2469673.9, Avg: 2469674.5, Max: 2469676.2, Diff: 2.3]
      [Ext Root Scanning (ms): Min: 0.0, Avg: 0.5, Max: 1.2, Diff: 1.2, Sum: 2.1]
      [Update RS (ms): Min: 0.3, Avg: 1.6, Max: 2.3, Diff: 2.0, Sum: 6.3]
         [Processed Buffers: Min: 1, Avg: 7.8, Max: 12, Diff: 11, Sum: 31]
      [Scan RS (ms): Min: 0.7, Avg: 0.9, Max: 1.2, Diff: 0.4, Sum: 3.7]
      [Code Root Scanning (ms): Min: 0.0, Avg: 0.0, Max: 0.0, Diff: 0.0, Sum: 0.0]
      [Object Copy (ms): Min: 1.6, Avg: 1.6, Max: 1.7, Diff: 0.1, Sum: 6.5]
      [Termination (ms): Min: 0.0, Avg: 0.0, Max: 0.1, Diff: 0.1, Sum: 0.2]
         [Termination Attempts: Min: 1, Avg: 1.0, Max: 1, Diff: 0, Sum: 4]
      [GC Worker Other (ms): Min: 0.0, Avg: 0.0, Max: 0.0, Diff: 0.0, Sum: 0.0]
      [GC Worker Total (ms): Min: 3.0, Avg: 4.7, Max: 5.3, Diff: 2.3, Sum: 18.8]
      [GC Worker End (ms): Min: 2469679.2, Avg: 2469679.2, Max: 2469679.2, Diff: 0.0]
   [Code Root Fixup: 0.1 ms]
   [Code Root Purge: 0.0 ms]
   [Clear CT: 0.5 ms]
   [Other: 1.1 ms]
      [Choose CSet: 0.0 ms]
      [Ref Proc: 0.8 ms]
      [Ref Enq: 0.0 ms]
      [Redirty Cards: 0.1 ms]
      [Humongous Register: 0.0 ms]
      [Humongous Reclaim: 0.0 ms]
      [Free CSet: 0.0 ms]
   [Eden: 79.0M(79.0M)->0.0B(77.0M) Survivors: 1024.0K->2048.0K Heap: 227.7M(256.0M)->149.3M(256.0M)]
 [Times: user=0.02 sys=0.00, real=0.01 secs] 
2020-04-13T16:24:49.170+0800: 2472.107: [GC pause (G1 Evacuation Pause) (young), 0.0194788 secs]
   [Parallel Time: 18.7 ms, GC Workers: 4]
      [GC Worker Start (ms): Min: 2472107.3, Avg: 2472107.4, Max: 2472107.4, Diff: 0.1]
      [Ext Root Scanning (ms): Min: 0.4, Avg: 1.3, Max: 3.7, Diff: 3.2, Sum: 5.1]
      [Update RS (ms): Min: 0.0, Avg: 3.6, Max: 6.8, Diff: 6.8, Sum: 14.5]
         [Processed Buffers: Min: 0, Avg: 8.5, Max: 14, Diff: 14, Sum: 34]
      [Scan RS (ms): Min: 0.0, Avg: 1.0, Max: 1.5, Diff: 1.5, Sum: 4.1]
      [Code Root Scanning (ms): Min: 0.0, Avg: 0.0, Max: 0.0, Diff: 0.0, Sum: 0.0]
      [Object Copy (ms): Min: 0.5, Avg: 1.8, Max: 2.7, Diff: 2.3, Sum: 7.3]
      [Termination (ms): Min: 0.0, Avg: 5.5, Max: 10.7, Diff: 10.7, Sum: 22.0]
         [Termination Attempts: Min: 1, Avg: 1.0, Max: 1, Diff: 0, Sum: 4]
      [GC Worker Other (ms): Min: 0.0, Avg: 0.1, Max: 0.5, Diff: 0.5, Sum: 0.6]
      [GC Worker Total (ms): Min: 8.3, Avg: 13.4, Max: 18.4, Diff: 10.1, Sum: 53.6]
      [GC Worker End (ms): Min: 2472115.7, Avg: 2472120.7, Max: 2472125.7, Diff: 10.0]
   [Code Root Fixup: 0.1 ms]
   [Code Root Purge: 0.0 ms]
   [Clear CT: 0.1 ms]
   [Other: 0.6 ms]
      [Choose CSet: 0.0 ms]
      [Ref Proc: 0.4 ms]
      [Ref Enq: 0.0 ms]
      [Redirty Cards: 0.0 ms]
      [Humongous Register: 0.0 ms]
      [Humongous Reclaim: 0.0 ms]
      [Free CSet: 0.0 ms]
   [Eden: 77.0M(77.0M)->0.0B(79.0M) Survivors: 2048.0K->1024.0K Heap: 226.3M(256.0M)->148.9M(256.0M)]
 [Times: user=0.02 sys=0.00, real=0.02 secs] 
2020-04-13T16:24:51.918+0800: 2474.856: [GC pause (G1 Evacuation Pause) (young) (initial-mark), 0.0097862 secs]
   [Parallel Time: 8.4 ms, GC Workers: 4]
      [GC Worker Start (ms): Min: 2474855.7, Avg: 2474855.8, Max: 2474856.4, Diff: 0.7]
      [Ext Root Scanning (ms): Min: 0.2, Avg: 0.7, Max: 0.9, Diff: 0.6, Sum: 2.8]
      [Update RS (ms): Min: 3.5, Avg: 4.3, Max: 4.8, Diff: 1.3, Sum: 17.2]
         [Processed Buffers: Min: 1, Avg: 9.0, Max: 16, Diff: 15, Sum: 36]
      [Scan RS (ms): Min: 0.9, Avg: 1.2, Max: 1.3, Diff: 0.5, Sum: 4.7]
      [Code Root Scanning (ms): Min: 0.0, Avg: 0.0, Max: 0.0, Diff: 0.0, Sum: 0.0]
      [Object Copy (ms): Min: 1.6, Avg: 1.8, Max: 2.5, Diff: 0.9, Sum: 7.4]
      [Termination (ms): Min: 0.0, Avg: 0.0, Max: 0.0, Diff: 0.0, Sum: 0.0]
         [Termination Attempts: Min: 1, Avg: 1.0, Max: 1, Diff: 0, Sum: 4]
      [GC Worker Other (ms): Min: 0.0, Avg: 0.0, Max: 0.0, Diff: 0.0, Sum: 0.1]
      [GC Worker Total (ms): Min: 7.5, Avg: 8.0, Max: 8.2, Diff: 0.7, Sum: 32.1]
      [GC Worker End (ms): Min: 2474863.9, Avg: 2474863.9, Max: 2474863.9, Diff: 0.0]
   [Code Root Fixup: 0.1 ms]
   [Code Root Purge: 0.0 ms]
   [Clear CT: 0.1 ms]
   [Other: 1.2 ms]
      [Choose CSet: 0.0 ms]
      [Ref Proc: 1.0 ms]
      [Ref Enq: 0.0 ms]
      [Redirty Cards: 0.0 ms]
      [Humongous Register: 0.0 ms]
      [Humongous Reclaim: 0.0 ms]
      [Free CSet: 0.0 ms]
   [Eden: 79.0M(79.0M)->0.0B(76.0M) Survivors: 1024.0K->2048.0K Heap: 227.9M(256.0M)->149.3M(256.0M)]
 [Times: user=0.02 sys=0.00, real=0.01 secs] 
2020-04-13T16:24:51.928+0800: 2474.866: [GC concurrent-root-region-scan-start]
2020-04-13T16:24:51.933+0800: 2474.870: [GC concurrent-root-region-scan-end, 0.0042030 secs]
2020-04-13T16:24:51.933+0800: 2474.870: [GC concurrent-mark-start]
2020-04-13T16:24:51.982+0800: 2474.919: [GC concurrent-mark-end, 0.0495945 secs]
2020-04-13T16:24:51.982+0800: 2474.920: [GC remark 2020-04-13T16:24:51.982+0800: 2474.920: [Finalize Marking, 0.0004275 secs] 2020-04-13T16:24:51.983+0800: 2474.920: [GC ref-proc, 0.0001311 secs] 2020-04-13T16:24:51.983+0800: 2474.920: [Unloading, 0.0076302 secs], 0.0112876 secs]
 [Times: user=0.02 sys=0.00, real=0.01 secs] 
2020-04-13T16:24:51.994+0800: 2474.931: [GC cleanup 150M->150M(256M), 0.0006432 secs]
 [Times: user=0.00 sys=0.00, real=0.00 secs] 
2020-04-13T16:24:54.748+0800: 2477.685: [GC pause (G1 Evacuation Pause) (young), 0.0083243 secs]
   [Parallel Time: 7.2 ms, GC Workers: 4]
      [GC Worker Start (ms): Min: 2477684.8, Avg: 2477684.9, Max: 2477685.0, Diff: 0.2]
      [Ext Root Scanning (ms): Min: 0.3, Avg: 1.5, Max: 5.1, Diff: 4.8, Sum: 6.2]
      [Update RS (ms): Min: 0.0, Avg: 1.8, Max: 2.5, Diff: 2.5, Sum: 7.3]
         [Processed Buffers: Min: 0, Avg: 8.8, Max: 26, Diff: 26, Sum: 35]
      [Scan RS (ms): Min: 0.0, Avg: 1.2, Max: 1.7, Diff: 1.7, Sum: 4.8]
      [Code Root Scanning (ms): Min: 0.0, Avg: 0.0, Max: 0.0, Diff: 0.0, Sum: 0.0]
      [Object Copy (ms): Min: 2.0, Avg: 2.4, Max: 2.6, Diff: 0.6, Sum: 9.5]
      [Termination (ms): Min: 0.0, Avg: 0.0, Max: 0.0, Diff: 0.0, Sum: 0.0]
         [Termination Attempts: Min: 1, Avg: 1.2, Max: 2, Diff: 1, Sum: 5]
      [GC Worker Other (ms): Min: 0.0, Avg: 0.0, Max: 0.0, Diff: 0.0, Sum: 0.1]
      [GC Worker Total (ms): Min: 6.8, Avg: 7.0, Max: 7.0, Diff: 0.2, Sum: 27.9]
      [GC Worker End (ms): Min: 2477691.8, Avg: 2477691.8, Max: 2477691.8, Diff: 0.0]
   [Code Root Fixup: 0.1 ms]
   [Code Root Purge: 0.0 ms]
   [Clear CT: 0.1 ms]
   [Other: 1.0 ms]
      [Choose CSet: 0.0 ms]
      [Ref Proc: 0.7 ms]
      [Ref Enq: 0.0 ms]
      [Redirty Cards: 0.1 ms]
      [Humongous Register: 0.0 ms]
      [Humongous Reclaim: 0.0 ms]
      [Free CSet: 0.0 ms]
   [Eden: 76.0M(76.0M)->0.0B(10.0M) Survivors: 2048.0K->2048.0K Heap: 225.3M(256.0M)->149.3M(256.0M)]
 [Times: user=0.02 sys=0.00, real=0.01 secs] 
2020-04-13T16:24:55.049+0800: 2477.986: [GC pause (G1 Evacuation Pause) (mixed), 0.0115801 secs]
   [Parallel Time: 10.5 ms, GC Workers: 4]
      [GC Worker Start (ms): Min: 2477985.9, Avg: 2477987.1, Max: 2477988.3, Diff: 2.4]
      [Ext Root Scanning (ms): Min: 0.0, Avg: 0.3, Max: 0.7, Diff: 0.7, Sum: 1.3]
      [Update RS (ms): Min: 1.5, Avg: 2.4, Max: 3.3, Diff: 1.9, Sum: 9.7]
         [Processed Buffers: Min: 2, Avg: 6.8, Max: 11, Diff: 9, Sum: 27]
      [Scan RS (ms): Min: 1.2, Avg: 1.5, Max: 1.7, Diff: 0.4, Sum: 6.0]
      [Code Root Scanning (ms): Min: 0.0, Avg: 0.0, Max: 0.0, Diff: 0.0, Sum: 0.0]
      [Object Copy (ms): Min: 2.4, Avg: 2.7, Max: 3.2, Diff: 0.8, Sum: 10.7]
      [Termination (ms): Min: 0.0, Avg: 1.4, Max: 2.5, Diff: 2.5, Sum: 5.7]
         [Termination Attempts: Min: 1, Avg: 1.0, Max: 1, Diff: 0, Sum: 4]
      [GC Worker Other (ms): Min: 0.0, Avg: 0.0, Max: 0.0, Diff: 0.0, Sum: 0.0]
      [GC Worker Total (ms): Min: 6.4, Avg: 8.4, Max: 10.4, Diff: 4.1, Sum: 33.4]
      [GC Worker End (ms): Min: 2477994.5, Avg: 2477995.4, Max: 2477996.3, Diff: 1.8]
   [Code Root Fixup: 0.0 ms]
   [Code Root Purge: 0.0 ms]
   [Clear CT: 0.0 ms]
   [Other: 1.0 ms]
      [Choose CSet: 0.0 ms]
      [Ref Proc: 0.7 ms]
      [Ref Enq: 0.0 ms]
      [Redirty Cards: 0.1 ms]
      [Humongous Register: 0.0 ms]
      [Humongous Reclaim: 0.0 ms]
      [Free CSet: 0.0 ms]
   [Eden: 10.0M(10.0M)->0.0B(77.0M) Survivors: 2048.0K->2048.0K Heap: 159.3M(256.0M)->148.6M(256.0M)]
 [Times: user=0.02 sys=0.00, real=0.02 secs] 
2020-04-13T16:24:57.152+0800: 2480.089: [GC pause (G1 Evacuation Pause) (young), 0.0060527 secs]
   [Parallel Time: 5.6 ms, GC Workers: 4]
      [GC Worker Start (ms): Min: 2480088.9, Avg: 2480089.1, Max: 2480089.6, Diff: 0.7]
      [Ext Root Scanning (ms): Min: 0.1, Avg: 0.6, Max: 0.8, Diff: 0.7, Sum: 2.4]
      [Update RS (ms): Min: 1.7, Avg: 1.8, Max: 1.9, Diff: 0.1, Sum: 7.1]
         [Processed Buffers: Min: 3, Avg: 8.8, Max: 15, Diff: 12, Sum: 35]
      [Scan RS (ms): Min: 1.2, Avg: 1.3, Max: 1.4, Diff: 0.1, Sum: 5.2]
      [Code Root Scanning (ms): Min: 0.0, Avg: 0.0, Max: 0.0, Diff: 0.0, Sum: 0.0]
      [Object Copy (ms): Min: 1.5, Avg: 1.5, Max: 1.6, Diff: 0.1, Sum: 6.1]
      [Termination (ms): Min: 0.0, Avg: 0.0, Max: 0.0, Diff: 0.0, Sum: 0.0]
         [Termination Attempts: Min: 1, Avg: 1.0, Max: 1, Diff: 0, Sum: 4]
      [GC Worker Other (ms): Min: 0.0, Avg: 0.0, Max: 0.0, Diff: 0.0, Sum: 0.1]
      [GC Worker Total (ms): Min: 4.7, Avg: 5.2, Max: 5.4, Diff: 0.7, Sum: 20.9]
      [GC Worker End (ms): Min: 2480094.3, Avg: 2480094.3, Max: 2480094.3, Diff: 0.0]
   [Code Root Fixup: 0.1 ms]
   [Code Root Purge: 0.0 ms]
   [Clear CT: 0.1 ms]
   [Other: 0.4 ms]
      [Choose CSet: 0.0 ms]
      [Ref Proc: 0.1 ms]
      [Ref Enq: 0.0 ms]
      [Redirty Cards: 0.1 ms]
      [Humongous Register: 0.0 ms]
      [Humongous Reclaim: 0.0 ms]
      [Free CSet: 0.0 ms]
   [Eden: 77.0M(77.0M)->0.0B(79.0M) Survivors: 2048.0K->1024.0K Heap: 225.6M(256.0M)->148.5M(256.0M)]
 [Times: user=0.02 sys=0.00, real=0.00 secs] 
2020-04-13T16:24:59.025+0800: 2481.962: [GC pause (G1 Evacuation Pause) (young) (initial-mark), 0.0066980 secs]
   [Parallel Time: 5.7 ms, GC Workers: 4]
      [GC Worker Start (ms): Min: 2481962.5, Avg: 2481962.5, Max: 2481962.5, Diff: 0.0]
      [Ext Root Scanning (ms): Min: 0.6, Avg: 0.6, Max: 0.6, Diff: 0.1, Sum: 2.4]
      [Update RS (ms): Min: 1.4, Avg: 1.5, Max: 1.6, Diff: 0.3, Sum: 6.0]
         [Processed Buffers: Min: 4, Avg: 7.5, Max: 16, Diff: 12, Sum: 30]
      [Scan RS (ms): Min: 1.3, Avg: 1.9, Max: 3.1, Diff: 1.8, Sum: 7.4]
      [Code Root Scanning (ms): Min: 0.0, Avg: 0.0, Max: 0.0, Diff: 0.0, Sum: 0.0]
      [Object Copy (ms): Min: 0.2, Avg: 1.5, Max: 2.0, Diff: 1.8, Sum: 6.1]
      [Termination (ms): Min: 0.0, Avg: 0.1, Max: 0.3, Diff: 0.3, Sum: 0.3]
         [Termination Attempts: Min: 1, Avg: 1.5, Max: 3, Diff: 2, Sum: 6]
      [GC Worker Other (ms): Min: 0.0, Avg: 0.0, Max: 0.0, Diff: 0.0, Sum: 0.0]
      [GC Worker Total (ms): Min: 5.5, Avg: 5.6, Max: 5.6, Diff: 0.1, Sum: 22.3]
      [GC Worker End (ms): Min: 2481968.1, Avg: 2481968.1, Max: 2481968.1, Diff: 0.0]
   [Code Root Fixup: 0.0 ms]
   [Code Root Purge: 0.0 ms]
   [Clear CT: 0.1 ms]
   [Other: 0.9 ms]
      [Choose CSet: 0.0 ms]
      [Ref Proc: 0.5 ms]
      [Ref Enq: 0.0 ms]
      [Redirty Cards: 0.1 ms]
      [Humongous Register: 0.0 ms]
      [Humongous Reclaim: 0.0 ms]
      [Free CSet: 0.0 ms]
   [Eden: 79.0M(79.0M)->0.0B(77.0M) Survivors: 1024.0K->2048.0K Heap: 227.5M(256.0M)->148.9M(256.0M)]
 [Times: user=0.02 sys=0.00, real=0.01 secs] 
2020-04-13T16:24:59.032+0800: 2481.969: [GC concurrent-root-region-scan-start]
2020-04-13T16:24:59.037+0800: 2481.974: [GC concurrent-root-region-scan-end, 0.0045494 secs]
2020-04-13T16:24:59.037+0800: 2481.974: [GC concurrent-mark-start]
2020-04-13T16:24:59.066+0800: 2482.003: [GC concurrent-mark-end, 0.0289139 secs]
2020-04-13T16:24:59.066+0800: 2482.003: [GC remark 2020-04-13T16:24:59.066+0800: 2482.003: [Finalize Marking, 0.0003973 secs] 2020-04-13T16:24:59.066+0800: 2482.003: [GC ref-proc, 0.0001217 secs] 2020-04-13T16:24:59.067+0800: 2482.004: [Unloading, 0.0068606 secs], 0.0101724 secs]
 [Times: user=0.02 sys=0.00, real=0.01 secs] 
2020-04-13T16:24:59.076+0800: 2482.013: [GC cleanup 150M->150M(256M), 0.0005177 secs]
 [Times: user=0.00 sys=0.00, real=0.00 secs] 
2020-04-13T16:25:02.187+0800: 2485.124: [GC pause (G1 Evacuation Pause) (young), 0.0102475 secs]
   [Parallel Time: 7.1 ms, GC Workers: 4]
      [GC Worker Start (ms): Min: 2485123.9, Avg: 2485124.0, Max: 2485124.1, Diff: 0.2]
      [Ext Root Scanning (ms): Min: 0.3, Avg: 0.4, Max: 0.6, Diff: 0.2, Sum: 1.8]
      [Update RS (ms): Min: 1.5, Avg: 1.6, Max: 1.7, Diff: 0.2, Sum: 6.5]
         [Processed Buffers: Min: 4, Avg: 8.5, Max: 21, Diff: 17, Sum: 34]
      [Scan RS (ms): Min: 2.0, Avg: 2.1, Max: 2.5, Diff: 0.6, Sum: 8.6]
      [Code Root Scanning (ms): Min: 0.0, Avg: 0.0, Max: 0.0, Diff: 0.0, Sum: 0.0]
      [Object Copy (ms): Min: 2.0, Avg: 2.6, Max: 2.8, Diff: 0.8, Sum: 10.2]
      [Termination (ms): Min: 0.0, Avg: 0.1, Max: 0.1, Diff: 0.1, Sum: 0.4]
         [Termination Attempts: Min: 1, Avg: 1.0, Max: 1, Diff: 0, Sum: 4]
      [GC Worker Other (ms): Min: 0.0, Avg: 0.0, Max: 0.0, Diff: 0.0, Sum: 0.1]
      [GC Worker Total (ms): Min: 6.8, Avg: 6.9, Max: 7.0, Diff: 0.2, Sum: 27.5]
      [GC Worker End (ms): Min: 2485130.8, Avg: 2485130.9, Max: 2485130.9, Diff: 0.0]
   [Code Root Fixup: 0.1 ms]
   [Code Root Purge: 0.0 ms]
   [Clear CT: 0.2 ms]
   [Other: 2.8 ms]
      [Choose CSet: 0.0 ms]
      [Ref Proc: 2.5 ms]
      [Ref Enq: 0.0 ms]
      [Redirty Cards: 0.1 ms]
      [Humongous Register: 0.0 ms]
      [Humongous Reclaim: 0.0 ms]
      [Free CSet: 0.0 ms]
   [Eden: 77.0M(77.0M)->0.0B(77.0M) Survivors: 2048.0K->2048.0K Heap: 225.9M(256.0M)->149.3M(256.0M)]
 [Times: user=0.02 sys=0.00, real=0.02 secs] 
2020-04-13T16:25:04.289+0800: 2487.226: [GC pause (G1 Evacuation Pause) (young), 0.0125712 secs]
   [Parallel Time: 11.3 ms, GC Workers: 4]
      [GC Worker Start (ms): Min: 2487226.2, Avg: 2487226.2, Max: 2487226.2, Diff: 0.1]
      [Ext Root Scanning (ms): Min: 0.7, Avg: 2.5, Max: 7.7, Diff: 6.9, Sum: 9.9]
      [Update RS (ms): Min: 0.0, Avg: 5.2, Max: 7.0, Diff: 7.0, Sum: 21.0]
         [Processed Buffers: Min: 3, Avg: 9.2, Max: 22, Diff: 19, Sum: 37]
      [Scan RS (ms): Min: 1.0, Avg: 1.1, Max: 1.2, Diff: 0.2, Sum: 4.2]
      [Code Root Scanning (ms): Min: 0.0, Avg: 0.0, Max: 0.0, Diff: 0.0, Sum: 0.0]
      [Object Copy (ms): Min: 1.8, Avg: 1.9, Max: 2.1, Diff: 0.3, Sum: 7.6]
      [Termination (ms): Min: 0.0, Avg: 0.3, Max: 0.6, Diff: 0.5, Sum: 1.2]
         [Termination Attempts: Min: 1, Avg: 1.0, Max: 1, Diff: 0, Sum: 4]
      [GC Worker Other (ms): Min: 0.0, Avg: 0.0, Max: 0.0, Diff: 0.0, Sum: 0.0]
      [GC Worker Total (ms): Min: 10.9, Avg: 11.0, Max: 11.1, Diff: 0.3, Sum: 43.9]
      [GC Worker End (ms): Min: 2487237.0, Avg: 2487237.2, Max: 2487237.4, Diff: 0.3]
   [Code Root Fixup: 0.1 ms]
   [Code Root Purge: 0.0 ms]
   [Clear CT: 0.1 ms]
   [Other: 1.1 ms]
      [Choose CSet: 0.0 ms]
      [Ref Proc: 0.9 ms]
      [Ref Enq: 0.0 ms]
      [Redirty Cards: 0.1 ms]
      [Humongous Register: 0.0 ms]
      [Humongous Reclaim: 0.0 ms]
      [Free CSet: 0.0 ms]
   [Eden: 77.0M(77.0M)->0.0B(79.0M) Survivors: 2048.0K->1024.0K Heap: 226.3M(256.0M)->148.7M(256.0M)]
 [Times: user=0.03 sys=0.00, real=0.02 secs] 
2020-04-13T16:25:06.778+0800: 2489.715: [GC pause (G1 Evacuation Pause) (young) (initial-mark), 0.0218581 secs]
   [Parallel Time: 19.4 ms, GC Workers: 4]
      [GC Worker Start (ms): Min: 2489715.3, Avg: 2489715.3, Max: 2489715.3, Diff: 0.0]
      [Ext Root Scanning (ms): Min: 0.6, Avg: 0.6, Max: 0.6, Diff: 0.0, Sum: 2.3]
      [Update RS (ms): Min: 1.5, Avg: 1.7, Max: 1.7, Diff: 0.3, Sum: 6.6]
         [Processed Buffers: Min: 3, Avg: 8.8, Max: 25, Diff: 22, Sum: 35]
      [Scan RS (ms): Min: 1.6, Avg: 3.6, Max: 9.1, Diff: 7.5, Sum: 14.2]
      [Code Root Scanning (ms): Min: 0.0, Avg: 0.0, Max: 0.0, Diff: 0.0, Sum: 0.0]
      [Object Copy (ms): Min: 0.1, Avg: 4.0, Max: 5.7, Diff: 5.6, Sum: 16.2]
      [Termination (ms): Min: 0.0, Avg: 7.4, Max: 10.5, Diff: 10.5, Sum: 29.8]
         [Termination Attempts: Min: 1, Avg: 1.0, Max: 1, Diff: 0, Sum: 4]
      [GC Worker Other (ms): Min: 0.0, Avg: 0.0, Max: 0.0, Diff: 0.0, Sum: 0.1]
      [GC Worker Total (ms): Min: 11.3, Avg: 17.3, Max: 19.3, Diff: 8.1, Sum: 69.2]
      [GC Worker End (ms): Min: 2489726.6, Avg: 2489732.6, Max: 2489734.6, Diff: 8.0]
   [Code Root Fixup: 0.0 ms]
   [Code Root Purge: 0.0 ms]
   [Clear CT: 0.1 ms]
   [Other: 2.3 ms]
      [Choose CSet: 0.0 ms]
      [Ref Proc: 2.0 ms]
      [Ref Enq: 0.0 ms]
      [Redirty Cards: 0.1 ms]
      [Humongous Register: 0.0 ms]
      [Humongous Reclaim: 0.0 ms]
      [Free CSet: 0.0 ms]
   [Eden: 79.0M(79.0M)->0.0B(77.0M) Survivors: 1024.0K->2048.0K Heap: 227.7M(256.0M)->149.1M(256.0M)]
 [Times: user=0.02 sys=0.00, real=0.03 secs] 
2020-04-13T16:25:06.800+0800: 2489.737: [GC concurrent-root-region-scan-start]
2020-04-13T16:25:06.804+0800: 2489.741: [GC concurrent-root-region-scan-end, 0.0039065 secs]
2020-04-13T16:25:06.804+0800: 2489.741: [GC concurrent-mark-start]
2020-04-13T16:25:06.842+0800: 2489.779: [GC concurrent-mark-end, 0.0377006 secs]
2020-04-13T16:25:06.842+0800: 2489.779: [GC remark 2020-04-13T16:25:06.842+0800: 2489.779: [Finalize Marking, 0.0013377 secs] 2020-04-13T16:25:06.844+0800: 2489.780: [GC ref-proc, 0.0001231 secs] 2020-04-13T16:25:06.844+0800: 2489.781: [Unloading, 0.0056512 secs], 0.0122053 secs]
 [Times: user=0.02 sys=0.00, real=0.01 secs] 
2020-04-13T16:25:06.855+0800: 2489.791: [GC cleanup 150M->150M(256M), 0.0036101 secs]
 [Times: user=0.00 sys=0.00, real=0.00 secs] 
2020-04-13T16:25:09.031+0800: 2491.968: [GC pause (G1 Evacuation Pause) (young), 0.0060475 secs]
   [Parallel Time: 5.5 ms, GC Workers: 4]
      [GC Worker Start (ms): Min: 2491968.1, Avg: 2491968.1, Max: 2491968.1, Diff: 0.1]
      [Ext Root Scanning (ms): Min: 0.3, Avg: 0.4, Max: 0.5, Diff: 0.2, Sum: 1.5]
      [Update RS (ms): Min: 2.2, Avg: 2.3, Max: 2.4, Diff: 0.1, Sum: 9.2]
         [Processed Buffers: Min: 1, Avg: 9.8, Max: 19, Diff: 18, Sum: 39]
      [Scan RS (ms): Min: 1.0, Avg: 1.1, Max: 1.2, Diff: 0.3, Sum: 4.5]
      [Code Root Scanning (ms): Min: 0.0, Avg: 0.0, Max: 0.0, Diff: 0.0, Sum: 0.0]
      [Object Copy (ms): Min: 1.5, Avg: 1.5, Max: 1.6, Diff: 0.1, Sum: 6.1]
      [Termination (ms): Min: 0.0, Avg: 0.0, Max: 0.0, Diff: 0.0, Sum: 0.0]
         [Termination Attempts: Min: 1, Avg: 1.2, Max: 2, Diff: 1, Sum: 5]
      [GC Worker Other (ms): Min: 0.0, Avg: 0.0, Max: 0.0, Diff: 0.0, Sum: 0.1]
      [GC Worker Total (ms): Min: 5.3, Avg: 5.4, Max: 5.4, Diff: 0.1, Sum: 21.5]
      [GC Worker End (ms): Min: 2491973.5, Avg: 2491973.5, Max: 2491973.5, Diff: 0.0]
   [Code Root Fixup: 0.0 ms]
   [Code Root Purge: 0.0 ms]
   [Clear CT: 0.1 ms]
   [Other: 0.5 ms]
      [Choose CSet: 0.0 ms]
      [Ref Proc: 0.3 ms]
      [Ref Enq: 0.0 ms]
      [Redirty Cards: 0.0 ms]
      [Humongous Register: 0.0 ms]
      [Humongous Reclaim: 0.0 ms]
      [Free CSet: 0.0 ms]
   [Eden: 77.0M(77.0M)->0.0B(77.0M) Survivors: 2048.0K->2048.0K Heap: 226.1M(256.0M)->149.3M(256.0M)]
 [Times: user=0.02 sys=0.00, real=0.00 secs] 
2020-04-13T16:25:11.254+0800: 2494.191: [GC pause (G1 Evacuation Pause) (young), 0.0055063 secs]
   [Parallel Time: 5.0 ms, GC Workers: 4]
      [GC Worker Start (ms): Min: 2494191.4, Avg: 2494191.4, Max: 2494191.4, Diff: 0.0]
      [Ext Root Scanning (ms): Min: 0.3, Avg: 0.4, Max: 0.5, Diff: 0.2, Sum: 1.6]
      [Update RS (ms): Min: 1.5, Avg: 1.6, Max: 1.7, Diff: 0.2, Sum: 6.6]
         [Processed Buffers: Min: 3, Avg: 7.8, Max: 20, Diff: 17, Sum: 31]
      [Scan RS (ms): Min: 1.1, Avg: 1.2, Max: 1.2, Diff: 0.1, Sum: 4.7]
      [Code Root Scanning (ms): Min: 0.0, Avg: 0.0, Max: 0.0, Diff: 0.0, Sum: 0.0]
      [Object Copy (ms): Min: 1.6, Avg: 1.7, Max: 1.7, Diff: 0.1, Sum: 6.6]
      [Termination (ms): Min: 0.0, Avg: 0.0, Max: 0.0, Diff: 0.0, Sum: 0.0]
         [Termination Attempts: Min: 1, Avg: 1.0, Max: 1, Diff: 0, Sum: 4]
      [GC Worker Other (ms): Min: 0.0, Avg: 0.0, Max: 0.0, Diff: 0.0, Sum: 0.0]
      [GC Worker Total (ms): Min: 4.9, Avg: 4.9, Max: 4.9, Diff: 0.0, Sum: 19.6]
      [GC Worker End (ms): Min: 2494196.3, Avg: 2494196.3, Max: 2494196.3, Diff: 0.0]
   [Code Root Fixup: 0.1 ms]
   [Code Root Purge: 0.0 ms]
   [Clear CT: 0.1 ms]
   [Other: 0.4 ms]
      [Choose CSet: 0.0 ms]
      [Ref Proc: 0.2 ms]
      [Ref Enq: 0.0 ms]
      [Redirty Cards: 0.1 ms]
      [Humongous Register: 0.0 ms]
      [Humongous Reclaim: 0.0 ms]
      [Free CSet: 0.0 ms]
   [Eden: 77.0M(77.0M)->0.0B(78.0M) Survivors: 2048.0K->1024.0K Heap: 226.3M(256.0M)->149.1M(256.0M)]
 [Times: user=0.01 sys=0.00, real=0.01 secs] 
2020-04-13T16:25:13.203+0800: 2496.140: [GC pause (G1 Evacuation Pause) (young) (initial-mark), 0.0084796 secs]
   [Parallel Time: 7.3 ms, GC Workers: 4]
      [GC Worker Start (ms): Min: 2496139.7, Avg: 2496140.0, Max: 2496140.9, Diff: 1.2]
      [Ext Root Scanning (ms): Min: 1.3, Avg: 1.9, Max: 2.5, Diff: 1.2, Sum: 7.4]
      [Update RS (ms): Min: 0.3, Avg: 1.5, Max: 2.3, Diff: 2.0, Sum: 5.9]
         [Processed Buffers: Min: 3, Avg: 8.2, Max: 20, Diff: 17, Sum: 33]
      [Scan RS (ms): Min: 1.3, Avg: 1.5, Max: 1.7, Diff: 0.4, Sum: 6.1]
      [Code Root Scanning (ms): Min: 0.0, Avg: 0.0, Max: 0.0, Diff: 0.0, Sum: 0.0]
      [Object Copy (ms): Min: 1.5, Avg: 1.6, Max: 1.8, Diff: 0.3, Sum: 6.6]
      [Termination (ms): Min: 0.0, Avg: 0.2, Max: 0.3, Diff: 0.3, Sum: 0.7]
         [Termination Attempts: Min: 1, Avg: 1.0, Max: 1, Diff: 0, Sum: 4]
      [GC Worker Other (ms): Min: 0.0, Avg: 0.0, Max: 0.0, Diff: 0.0, Sum: 0.1]
      [GC Worker Total (ms): Min: 5.8, Avg: 6.7, Max: 7.1, Diff: 1.3, Sum: 26.9]
      [GC Worker End (ms): Min: 2496146.7, Avg: 2496146.8, Max: 2496146.8, Diff: 0.0]
   [Code Root Fixup: 0.0 ms]
   [Code Root Purge: 0.0 ms]
   [Clear CT: 0.1 ms]
   [Other: 1.1 ms]
      [Choose CSet: 0.0 ms]
      [Ref Proc: 0.9 ms]
      [Ref Enq: 0.0 ms]
      [Redirty Cards: 0.1 ms]
      [Humongous Register: 0.0 ms]
      [Humongous Reclaim: 0.0 ms]
      [Free CSet: 0.0 ms]
   [Eden: 78.0M(78.0M)->0.0B(76.0M) Survivors: 1024.0K->2048.0K Heap: 227.1M(256.0M)->149.5M(256.0M)]
 [Times: user=0.03 sys=0.00, real=0.01 secs] 
2020-04-13T16:25:13.211+0800: 2496.148: [GC concurrent-root-region-scan-start]
2020-04-13T16:25:13.216+0800: 2496.152: [GC concurrent-root-region-scan-end, 0.0042191 secs]
2020-04-13T16:25:13.216+0800: 2496.153: [GC concurrent-mark-start]
2020-04-13T16:25:13.289+0800: 2496.226: [GC concurrent-mark-end, 0.0736897 secs]
2020-04-13T16:25:13.290+0800: 2496.226: [GC remark 2020-04-13T16:25:13.290+0800: 2496.227: [Finalize Marking, 0.0002264 secs] 2020-04-13T16:25:13.290+0800: 2496.227: [GC ref-proc, 0.0001185 secs] 2020-04-13T16:25:13.290+0800: 2496.227: [Unloading, 0.0050690 secs], 0.0069584 secs]
 [Times: user=0.02 sys=0.00, real=0.00 secs] 
2020-04-13T16:25:13.297+0800: 2496.234: [GC cleanup 153M->153M(256M), 0.0003496 secs]
 [Times: user=0.00 sys=0.00, real=0.00 secs] 
2020-04-13T16:25:15.256+0800: 2498.193: [GC pause (G1 Evacuation Pause) (young), 0.0056398 secs]
   [Parallel Time: 4.7 ms, GC Workers: 4]
      [GC Worker Start (ms): Min: 2498193.1, Avg: 2498193.1, Max: 2498193.1, Diff: 0.0]
      [Ext Root Scanning (ms): Min: 0.3, Avg: 0.4, Max: 0.4, Diff: 0.1, Sum: 1.4]
      [Update RS (ms): Min: 1.4, Avg: 1.5, Max: 1.6, Diff: 0.3, Sum: 6.0]
         [Processed Buffers: Min: 5, Avg: 8.2, Max: 11, Diff: 6, Sum: 33]
      [Scan RS (ms): Min: 0.9, Avg: 1.0, Max: 1.1, Diff: 0.2, Sum: 4.0]
      [Code Root Scanning (ms): Min: 0.0, Avg: 0.0, Max: 0.0, Diff: 0.0, Sum: 0.0]
      [Object Copy (ms): Min: 1.7, Avg: 1.7, Max: 1.7, Diff: 0.1, Sum: 6.8]
      [Termination (ms): Min: 0.0, Avg: 0.0, Max: 0.0, Diff: 0.0, Sum: 0.0]
         [Termination Attempts: Min: 1, Avg: 1.0, Max: 1, Diff: 0, Sum: 4]
      [GC Worker Other (ms): Min: 0.0, Avg: 0.0, Max: 0.0, Diff: 0.0, Sum: 0.1]
      [GC Worker Total (ms): Min: 4.6, Avg: 4.6, Max: 4.6, Diff: 0.0, Sum: 18.4]
      [GC Worker End (ms): Min: 2498197.7, Avg: 2498197.7, Max: 2498197.7, Diff: 0.0]
   [Code Root Fixup: 0.0 ms]
   [Code Root Purge: 0.0 ms]
   [Clear CT: 0.1 ms]
   [Other: 0.8 ms]
      [Choose CSet: 0.0 ms]
      [Ref Proc: 0.6 ms]
      [Ref Enq: 0.0 ms]
      [Redirty Cards: 0.0 ms]
      [Humongous Register: 0.0 ms]
      [Humongous Reclaim: 0.0 ms]
      [Free CSet: 0.0 ms]
   [Eden: 76.0M(76.0M)->0.0B(11.0M) Survivors: 2048.0K->1024.0K Heap: 225.5M(256.0M)->149.2M(256.0M)]
 [Times: user=0.02 sys=0.00, real=0.01 secs] 
2020-04-13T16:25:15.541+0800: 2498.478: [GC pause (G1 Evacuation Pause) (mixed), 0.0105024 secs]
   [Parallel Time: 9.5 ms, GC Workers: 4]
      [GC Worker Start (ms): Min: 2498477.8, Avg: 2498480.7, Max: 2498482.1, Diff: 4.3]
      [Ext Root Scanning (ms): Min: 0.0, Avg: 0.4, Max: 1.5, Diff: 1.4, Sum: 1.5]
      [Update RS (ms): Min: 0.6, Avg: 1.6, Max: 3.3, Diff: 2.7, Sum: 6.3]
         [Processed Buffers: Min: 2, Avg: 6.5, Max: 14, Diff: 12, Sum: 26]
      [Scan RS (ms): Min: 2.0, Avg: 2.1, Max: 2.2, Diff: 0.2, Sum: 8.3]
      [Code Root Scanning (ms): Min: 0.0, Avg: 0.0, Max: 0.0, Diff: 0.0, Sum: 0.0]
      [Object Copy (ms): Min: 2.4, Avg: 2.4, Max: 2.5, Diff: 0.1, Sum: 9.7]
      [Termination (ms): Min: 0.0, Avg: 0.0, Max: 0.0, Diff: 0.0, Sum: 0.0]
         [Termination Attempts: Min: 1, Avg: 1.0, Max: 1, Diff: 0, Sum: 4]
      [GC Worker Other (ms): Min: 0.0, Avg: 0.0, Max: 0.0, Diff: 0.0, Sum: 0.0]
      [GC Worker Total (ms): Min: 5.1, Avg: 6.5, Max: 9.4, Diff: 4.3, Sum: 25.9]
      [GC Worker End (ms): Min: 2498487.2, Avg: 2498487.2, Max: 2498487.2, Diff: 0.0]
   [Code Root Fixup: 0.1 ms]
   [Code Root Purge: 0.0 ms]
   [Clear CT: 0.1 ms]
   [Other: 0.9 ms]
      [Choose CSet: 0.0 ms]
      [Ref Proc: 0.6 ms]
      [Ref Enq: 0.0 ms]
      [Redirty Cards: 0.1 ms]
      [Humongous Register: 0.0 ms]
      [Humongous Reclaim: 0.0 ms]
      [Free CSet: 0.0 ms]
   [Eden: 11.0M(11.0M)->0.0B(77.0M) Survivors: 1024.0K->2048.0K Heap: 160.2M(256.0M)->148.5M(256.0M)]
 [Times: user=0.02 sys=0.00, real=0.01 secs] 
2020-04-13T16:25:17.581+0800: 2500.518: [GC pause (G1 Evacuation Pause) (young), 0.0055699 secs]
   [Parallel Time: 5.1 ms, GC Workers: 4]
      [GC Worker Start (ms): Min: 2500518.0, Avg: 2500518.0, Max: 2500518.1, Diff: 0.0]
      [Ext Root Scanning (ms): Min: 0.3, Avg: 0.4, Max: 0.5, Diff: 0.2, Sum: 1.5]
      [Update RS (ms): Min: 1.7, Avg: 2.2, Max: 3.1, Diff: 1.4, Sum: 8.9]
         [Processed Buffers: Min: 4, Avg: 9.0, Max: 16, Diff: 12, Sum: 36]
      [Scan RS (ms): Min: 0.0, Avg: 1.0, Max: 1.6, Diff: 1.6, Sum: 3.9]
      [Code Root Scanning (ms): Min: 0.0, Avg: 0.0, Max: 0.0, Diff: 0.0, Sum: 0.0]
      [Object Copy (ms): Min: 1.2, Avg: 1.4, Max: 1.6, Diff: 0.5, Sum: 5.7]
      [Termination (ms): Min: 0.0, Avg: 0.0, Max: 0.0, Diff: 0.0, Sum: 0.0]
         [Termination Attempts: Min: 1, Avg: 1.0, Max: 1, Diff: 0, Sum: 4]
      [GC Worker Other (ms): Min: 0.0, Avg: 0.0, Max: 0.0, Diff: 0.0, Sum: 0.1]
      [GC Worker Total (ms): Min: 5.0, Avg: 5.0, Max: 5.0, Diff: 0.0, Sum: 20.1]
      [GC Worker End (ms): Min: 2500523.1, Avg: 2500523.1, Max: 2500523.1, Diff: 0.0]
   [Code Root Fixup: 0.0 ms]
   [Code Root Purge: 0.0 ms]
   [Clear CT: 0.1 ms]
   [Other: 0.4 ms]
      [Choose CSet: 0.0 ms]
      [Ref Proc: 0.1 ms]
      [Ref Enq: 0.0 ms]
      [Redirty Cards: 0.1 ms]
      [Humongous Register: 0.0 ms]
      [Humongous Reclaim: 0.0 ms]
      [Free CSet: 0.0 ms]
   [Eden: 77.0M(77.0M)->0.0B(79.0M) Survivors: 2048.0K->1024.0K Heap: 225.5M(256.0M)->148.2M(256.0M)]
 [Times: user=0.02 sys=0.01, real=0.00 secs] 
2020-04-13T16:25:19.703+0800: 2502.640: [GC pause (G1 Evacuation Pause) (young) (initial-mark), 0.0131753 secs]
   [Parallel Time: 12.7 ms, GC Workers: 4]
      [GC Worker Start (ms): Min: 2502641.1, Avg: 2502641.8, Max: 2502642.7, Diff: 1.6]
      [Ext Root Scanning (ms): Min: 0.1, Avg: 1.0, Max: 1.6, Diff: 1.5, Sum: 3.9]
      [Update RS (ms): Min: 2.0, Avg: 2.9, Max: 5.4, Diff: 3.5, Sum: 11.6]
         [Processed Buffers: Min: 1, Avg: 8.8, Max: 16, Diff: 15, Sum: 35]
      [Scan RS (ms): Min: 0.0, Avg: 1.1, Max: 1.6, Diff: 1.6, Sum: 4.5]
      [Code Root Scanning (ms): Min: 0.0, Avg: 0.0, Max: 0.0, Diff: 0.0, Sum: 0.0]
      [Object Copy (ms): Min: 0.1, Avg: 1.9, Max: 3.1, Diff: 3.0, Sum: 7.5]
      [Termination (ms): Min: 0.0, Avg: 2.4, Max: 4.3, Diff: 4.3, Sum: 9.7]
         [Termination Attempts: Min: 1, Avg: 1.0, Max: 1, Diff: 0, Sum: 4]
      [GC Worker Other (ms): Min: 0.0, Avg: 0.0, Max: 0.0, Diff: 0.0, Sum: 0.1]
      [GC Worker Total (ms): Min: 8.1, Avg: 9.3, Max: 10.8, Diff: 2.8, Sum: 37.2]
      [GC Worker End (ms): Min: 2502649.4, Avg: 2502651.1, Max: 2502652.7, Diff: 3.3]
   [Code Root Fixup: 0.0 ms]
   [Code Root Purge: 0.0 ms]
   [Clear CT: 0.1 ms]
   [Other: 0.4 ms]
      [Choose CSet: 0.0 ms]
      [Ref Proc: 0.1 ms]
      [Ref Enq: 0.0 ms]
      [Redirty Cards: 0.1 ms]
      [Humongous Register: 0.0 ms]
      [Humongous Reclaim: 0.0 ms]
      [Free CSet: 0.0 ms]
   [Eden: 79.0M(79.0M)->0.0B(77.0M) Survivors: 1024.0K->2048.0K Heap: 227.2M(256.0M)->148.6M(256.0M)]
 [Times: user=0.02 sys=0.00, real=0.01 secs] 
2020-04-13T16:25:19.716+0800: 2502.653: [GC concurrent-root-region-scan-start]
2020-04-13T16:25:19.720+0800: 2502.657: [GC concurrent-root-region-scan-end, 0.0039912 secs]
2020-04-13T16:25:19.720+0800: 2502.657: [GC concurrent-mark-start]
2020-04-13T16:25:19.749+0800: 2502.686: [GC concurrent-mark-end, 0.0285986 secs]
2020-04-13T16:25:19.749+0800: 2502.686: [GC remark 2020-04-13T16:25:19.749+0800: 2502.686: [Finalize Marking, 0.0013711 secs] 2020-04-13T16:25:19.751+0800: 2502.687: [GC ref-proc, 0.0000846 secs] 2020-04-13T16:25:19.751+0800: 2502.688: [Unloading, 0.0099793 secs], 0.0132175 secs]
 [Times: user=0.02 sys=0.00, real=0.02 secs] 
2020-04-13T16:25:19.763+0800: 2502.699: [GC cleanup 150M->150M(256M), 0.0003043 secs]
 [Times: user=0.00 sys=0.00, real=0.00 secs] 
2020-04-13T16:25:21.750+0800: 2504.687: [GC pause (G1 Evacuation Pause) (young), 0.0090496 secs]
   [Parallel Time: 7.8 ms, GC Workers: 4]
      [GC Worker Start (ms): Min: 2504687.4, Avg: 2504688.7, Max: 2504691.5, Diff: 4.1]
      [Ext Root Scanning (ms): Min: 0.0, Avg: 0.3, Max: 0.7, Diff: 0.7, Sum: 1.3]
      [Update RS (ms): Min: 0.0, Avg: 2.4, Max: 3.3, Diff: 3.3, Sum: 9.6]
         [Processed Buffers: Min: 0, Avg: 9.5, Max: 19, Diff: 19, Sum: 38]
      [Scan RS (ms): Min: 1.6, Avg: 1.8, Max: 2.2, Diff: 0.6, Sum: 7.0]
      [Code Root Scanning (ms): Min: 0.0, Avg: 0.0, Max: 0.0, Diff: 0.0, Sum: 0.0]
      [Object Copy (ms): Min: 1.1, Avg: 1.5, Max: 1.8, Diff: 0.7, Sum: 6.1]
      [Termination (ms): Min: 0.0, Avg: 0.2, Max: 0.2, Diff: 0.2, Sum: 0.7]
         [Termination Attempts: Min: 1, Avg: 1.0, Max: 1, Diff: 0, Sum: 4]
      [GC Worker Other (ms): Min: 0.0, Avg: 0.0, Max: 0.0, Diff: 0.0, Sum: 0.1]
      [GC Worker Total (ms): Min: 3.4, Avg: 6.2, Max: 7.5, Diff: 4.1, Sum: 24.8]
      [GC Worker End (ms): Min: 2504694.9, Avg: 2504694.9, Max: 2504694.9, Diff: 0.0]
   [Code Root Fixup: 0.1 ms]
   [Code Root Purge: 0.0 ms]
   [Clear CT: 0.0 ms]
   [Other: 1.1 ms]
      [Choose CSet: 0.0 ms]
      [Ref Proc: 0.9 ms]
      [Ref Enq: 0.0 ms]
      [Redirty Cards: 0.1 ms]
      [Humongous Register: 0.0 ms]
      [Humongous Reclaim: 0.0 ms]
      [Free CSet: 0.0 ms]
   [Eden: 77.0M(77.0M)->0.0B(77.0M) Survivors: 2048.0K->2048.0K Heap: 225.6M(256.0M)->148.7M(256.0M)]
 [Times: user=0.02 sys=0.00, real=0.01 secs] 
2020-04-13T16:25:23.419+0800: 2506.355: [GC pause (G1 Evacuation Pause) (young), 0.0064666 secs]
   [Parallel Time: 5.6 ms, GC Workers: 4]
      [GC Worker Start (ms): Min: 2506355.5, Avg: 2506355.5, Max: 2506355.6, Diff: 0.0]
      [Ext Root Scanning (ms): Min: 0.4, Avg: 0.4, Max: 0.5, Diff: 0.1, Sum: 1.6]
      [Update RS (ms): Min: 1.1, Avg: 1.3, Max: 1.5, Diff: 0.4, Sum: 5.1]
         [Processed Buffers: Min: 3, Avg: 9.0, Max: 18, Diff: 15, Sum: 36]
      [Scan RS (ms): Min: 1.2, Avg: 1.4, Max: 1.6, Diff: 0.4, Sum: 5.6]
      [Code Root Scanning (ms): Min: 0.0, Avg: 0.0, Max: 0.0, Diff: 0.0, Sum: 0.0]
      [Object Copy (ms): Min: 1.6, Avg: 1.8, Max: 2.3, Diff: 0.7, Sum: 7.3]
      [Termination (ms): Min: 0.0, Avg: 0.6, Max: 0.8, Diff: 0.8, Sum: 2.3]
         [Termination Attempts: Min: 1, Avg: 1.0, Max: 1, Diff: 0, Sum: 4]
      [GC Worker Other (ms): Min: 0.0, Avg: 0.0, Max: 0.0, Diff: 0.0, Sum: 0.0]
      [GC Worker Total (ms): Min: 5.4, Avg: 5.5, Max: 5.6, Diff: 0.2, Sum: 22.0]
      [GC Worker End (ms): Min: 2506361.0, Avg: 2506361.0, Max: 2506361.1, Diff: 0.2]
   [Code Root Fixup: 0.0 ms]
   [Code Root Purge: 0.0 ms]
   [Clear CT: 0.3 ms]
   [Other: 0.5 ms]
      [Choose CSet: 0.0 ms]
      [Ref Proc: 0.2 ms]
      [Ref Enq: 0.0 ms]
      [Redirty Cards: 0.2 ms]
      [Humongous Register: 0.0 ms]
      [Humongous Reclaim: 0.0 ms]
      [Free CSet: 0.0 ms]
   [Eden: 77.0M(77.0M)->0.0B(79.0M) Survivors: 2048.0K->1024.0K Heap: 225.7M(256.0M)->148.5M(256.0M)]
 [Times: user=0.02 sys=0.00, real=0.01 secs] 
2020-04-13T16:25:25.258+0800: 2508.195: [GC pause (G1 Evacuation Pause) (young) (initial-mark), 0.0068391 secs]
   [Parallel Time: 6.3 ms, GC Workers: 4]
      [GC Worker Start (ms): Min: 2508194.7, Avg: 2508194.8, Max: 2508194.9, Diff: 0.2]
      [Ext Root Scanning (ms): Min: 0.4, Avg: 1.5, Max: 3.4, Diff: 3.0, Sum: 5.9]
      [Update RS (ms): Min: 0.0, Avg: 1.3, Max: 1.9, Diff: 1.9, Sum: 5.0]
         [Processed Buffers: Min: 0, Avg: 9.0, Max: 26, Diff: 26, Sum: 36]
      [Scan RS (ms): Min: 0.8, Avg: 1.3, Max: 1.5, Diff: 0.7, Sum: 5.3]
      [Code Root Scanning (ms): Min: 0.0, Avg: 0.0, Max: 0.0, Diff: 0.0, Sum: 0.0]
      [Object Copy (ms): Min: 1.9, Avg: 2.0, Max: 2.0, Diff: 0.1, Sum: 7.8]
      [Termination (ms): Min: 0.0, Avg: 0.0, Max: 0.1, Diff: 0.1, Sum: 0.1]
         [Termination Attempts: Min: 1, Avg: 1.2, Max: 2, Diff: 1, Sum: 5]
      [GC Worker Other (ms): Min: 0.0, Avg: 0.1, Max: 0.4, Diff: 0.4, Sum: 0.5]
      [GC Worker Total (ms): Min: 6.0, Avg: 6.2, Max: 6.3, Diff: 0.3, Sum: 24.8]
      [GC Worker End (ms): Min: 2508200.9, Avg: 2508200.9, Max: 2508201.0, Diff: 0.1]
   [Code Root Fixup: 0.0 ms]
   [Code Root Purge: 0.0 ms]
   [Clear CT: 0.1 ms]
   [Other: 0.4 ms]
      [Choose CSet: 0.0 ms]
      [Ref Proc: 0.1 ms]
      [Ref Enq: 0.0 ms]
      [Redirty Cards: 0.1 ms]
      [Humongous Register: 0.0 ms]
      [Humongous Reclaim: 0.0 ms]
      [Free CSet: 0.0 ms]
   [Eden: 79.0M(79.0M)->0.0B(77.0M) Survivors: 1024.0K->2048.0K Heap: 227.5M(256.0M)->149.0M(256.0M)]
 [Times: user=0.02 sys=0.00, real=0.01 secs] 
2020-04-13T16:25:25.265+0800: 2508.202: [GC concurrent-root-region-scan-start]
2020-04-13T16:25:25.270+0800: 2508.207: [GC concurrent-root-region-scan-end, 0.0049930 secs]
2020-04-13T16:25:25.270+0800: 2508.207: [GC concurrent-mark-start]
2020-04-13T16:25:25.299+0800: 2508.236: [GC concurrent-mark-end, 0.0294250 secs]
2020-04-13T16:25:25.300+0800: 2508.237: [GC remark 2020-04-13T16:25:25.300+0800: 2508.237: [Finalize Marking, 0.0001490 secs] 2020-04-13T16:25:25.300+0800: 2508.237: [GC ref-proc, 0.0000863 secs] 2020-04-13T16:25:25.300+0800: 2508.237: [Unloading, 0.0043700 secs], 0.0071943 secs]
 [Times: user=0.02 sys=0.00, real=0.00 secs] 
2020-04-13T16:25:25.307+0800: 2508.244: [GC cleanup 150M->150M(256M), 0.0014937 secs]
 [Times: user=0.00 sys=0.00, real=0.00 secs] 
2020-04-13T16:25:27.128+0800: 2510.064: [GC pause (G1 Evacuation Pause) (young), 0.0184510 secs]
   [Parallel Time: 6.4 ms, GC Workers: 4]
      [GC Worker Start (ms): Min: 2510064.5, Avg: 2510064.6, Max: 2510064.6, Diff: 0.1]
      [Ext Root Scanning (ms): Min: 0.6, Avg: 0.7, Max: 0.8, Diff: 0.1, Sum: 2.7]
      [Update RS (ms): Min: 0.0, Avg: 1.2, Max: 1.7, Diff: 1.7, Sum: 4.9]
         [Processed Buffers: Min: 0, Avg: 9.0, Max: 25, Diff: 25, Sum: 36]
      [Scan RS (ms): Min: 0.4, Avg: 1.3, Max: 1.6, Diff: 1.3, Sum: 5.0]
      [Code Root Scanning (ms): Min: 0.0, Avg: 0.0, Max: 0.0, Diff: 0.0, Sum: 0.0]
      [Object Copy (ms): Min: 2.3, Avg: 3.1, Max: 5.2, Diff: 2.9, Sum: 12.4]
      [Termination (ms): Min: 0.0, Avg: 0.0, Max: 0.0, Diff: 0.0, Sum: 0.0]
         [Termination Attempts: Min: 1, Avg: 1.0, Max: 1, Diff: 0, Sum: 4]
      [GC Worker Other (ms): Min: 0.0, Avg: 0.0, Max: 0.0, Diff: 0.0, Sum: 0.1]
      [GC Worker Total (ms): Min: 6.2, Avg: 6.3, Max: 6.3, Diff: 0.1, Sum: 25.1]
      [GC Worker End (ms): Min: 2510070.8, Avg: 2510070.8, Max: 2510070.8, Diff: 0.0]
   [Code Root Fixup: 0.2 ms]
   [Code Root Purge: 0.0 ms]
   [Clear CT: 0.1 ms]
   [Other: 11.8 ms]
      [Choose CSet: 0.0 ms]
      [Ref Proc: 11.6 ms]
      [Ref Enq: 0.0 ms]
      [Redirty Cards: 0.1 ms]
      [Humongous Register: 0.0 ms]
      [Humongous Reclaim: 0.0 ms]
      [Free CSet: 0.0 ms]
   [Eden: 77.0M(77.0M)->0.0B(79.0M) Survivors: 2048.0K->1024.0K Heap: 226.0M(256.0M)->148.7M(256.0M)]
 [Times: user=0.02 sys=0.00, real=0.02 secs] 
2020-04-13T16:25:29.045+0800: 2511.981: [GC pause (G1 Evacuation Pause) (young), 0.0057667 secs]
   [Parallel Time: 5.2 ms, GC Workers: 4]
      [GC Worker Start (ms): Min: 2511981.3, Avg: 2511981.3, Max: 2511981.3, Diff: 0.1]
      [Ext Root Scanning (ms): Min: 0.4, Avg: 0.5, Max: 0.5, Diff: 0.1, Sum: 1.9]
      [Update RS (ms): Min: 1.5, Avg: 1.6, Max: 1.7, Diff: 0.3, Sum: 6.3]
         [Processed Buffers: Min: 3, Avg: 7.8, Max: 14, Diff: 11, Sum: 31]
      [Scan RS (ms): Min: 1.1, Avg: 1.3, Max: 1.4, Diff: 0.3, Sum: 5.3]
      [Code Root Scanning (ms): Min: 0.0, Avg: 0.0, Max: 0.0, Diff: 0.0, Sum: 0.0]
      [Object Copy (ms): Min: 1.7, Avg: 1.7, Max: 1.8, Diff: 0.0, Sum: 6.9]
      [Termination (ms): Min: 0.0, Avg: 0.0, Max: 0.0, Diff: 0.0, Sum: 0.0]
         [Termination Attempts: Min: 1, Avg: 1.0, Max: 1, Diff: 0, Sum: 4]
      [GC Worker Other (ms): Min: 0.0, Avg: 0.0, Max: 0.0, Diff: 0.0, Sum: 0.1]
      [GC Worker Total (ms): Min: 5.1, Avg: 5.1, Max: 5.1, Diff: 0.1, Sum: 20.5]
      [GC Worker End (ms): Min: 2511986.4, Avg: 2511986.4, Max: 2511986.4, Diff: 0.0]
   [Code Root Fixup: 0.0 ms]
   [Code Root Purge: 0.0 ms]
   [Clear CT: 0.1 ms]
   [Other: 0.5 ms]
      [Choose CSet: 0.0 ms]
      [Ref Proc: 0.2 ms]
      [Ref Enq: 0.0 ms]
      [Redirty Cards: 0.1 ms]
      [Humongous Register: 0.0 ms]
      [Humongous Reclaim: 0.0 ms]
      [Free CSet: 0.0 ms]
   [Eden: 79.0M(79.0M)->0.0B(77.0M) Survivors: 1024.0K->2048.0K Heap: 227.7M(256.0M)->149.0M(256.0M)]
 [Times: user=0.02 sys=0.00, real=0.01 secs] 
2020-04-13T16:25:30.771+0800: 2513.708: [GC pause (G1 Evacuation Pause) (young) (initial-mark), 0.0070618 secs]
   [Parallel Time: 6.0 ms, GC Workers: 4]
      [GC Worker Start (ms): Min: 2513707.9, Avg: 2513708.0, Max: 2513708.0, Diff: 0.0]
      [Ext Root Scanning (ms): Min: 0.6, Avg: 0.6, Max: 0.6, Diff: 0.1, Sum: 2.4]
      [Update RS (ms): Min: 2.1, Avg: 2.2, Max: 2.4, Diff: 0.3, Sum: 9.0]
         [Processed Buffers: Min: 2, Avg: 8.0, Max: 16, Diff: 14, Sum: 32]
      [Scan RS (ms): Min: 1.0, Avg: 1.3, Max: 1.5, Diff: 0.5, Sum: 5.1]
      [Code Root Scanning (ms): Min: 0.0, Avg: 0.0, Max: 0.0, Diff: 0.0, Sum: 0.0]
      [Object Copy (ms): Min: 1.1, Avg: 1.6, Max: 1.8, Diff: 0.6, Sum: 6.3]
      [Termination (ms): Min: 0.0, Avg: 0.0, Max: 0.0, Diff: 0.0, Sum: 0.0]
         [Termination Attempts: Min: 1, Avg: 1.0, Max: 1, Diff: 0, Sum: 4]
      [GC Worker Other (ms): Min: 0.0, Avg: 0.0, Max: 0.0, Diff: 0.0, Sum: 0.0]
      [GC Worker Total (ms): Min: 5.7, Avg: 5.7, Max: 5.7, Diff: 0.0, Sum: 22.7]
      [GC Worker End (ms): Min: 2513713.6, Avg: 2513713.6, Max: 2513713.6, Diff: 0.0]
   [Code Root Fixup: 0.0 ms]
   [Code Root Purge: 0.0 ms]
   [Clear CT: 0.1 ms]
   [Other: 0.9 ms]
      [Choose CSet: 0.0 ms]
      [Ref Proc: 0.7 ms]
      [Ref Enq: 0.0 ms]
      [Redirty Cards: 0.1 ms]
      [Humongous Register: 0.0 ms]
      [Humongous Reclaim: 0.0 ms]
      [Free CSet: 0.0 ms]
   [Eden: 77.0M(77.0M)->0.0B(77.0M) Survivors: 2048.0K->2048.0K Heap: 226.0M(256.0M)->149.4M(256.0M)]
 [Times: user=0.02 sys=0.00, real=0.00 secs] 
2020-04-13T16:25:30.778+0800: 2513.715: [GC concurrent-root-region-scan-start]
2020-04-13T16:25:30.783+0800: 2513.720: [GC concurrent-root-region-scan-end, 0.0046159 secs]
2020-04-13T16:25:30.783+0800: 2513.720: [GC concurrent-mark-start]
2020-04-13T16:25:30.812+0800: 2513.748: [GC concurrent-mark-end, 0.0286456 secs]
2020-04-13T16:25:30.812+0800: 2513.749: [GC remark 2020-04-13T16:25:30.812+0800: 2513.749: [Finalize Marking, 0.0032960 secs] 2020-04-13T16:25:30.815+0800: 2513.752: [GC ref-proc, 0.0000911 secs] 2020-04-13T16:25:30.815+0800: 2513.752: [Unloading, 0.0046717 secs], 0.0099674 secs]
 [Times: user=0.02 sys=0.00, real=0.01 secs] 
2020-04-13T16:25:30.822+0800: 2513.759: [GC cleanup 150M->150M(256M), 0.0004464 secs]
 [Times: user=0.00 sys=0.01, real=0.00 secs] 
2020-04-13T16:25:32.478+0800: 2515.415: [GC pause (G1 Evacuation Pause) (young), 0.0179020 secs]
   [Parallel Time: 16.0 ms, GC Workers: 4]
      [GC Worker Start (ms): Min: 2515414.7, Avg: 2515414.8, Max: 2515414.8, Diff: 0.0]
      [Ext Root Scanning (ms): Min: 0.3, Avg: 0.4, Max: 0.6, Diff: 0.2, Sum: 1.5]
      [Update RS (ms): Min: 1.5, Avg: 1.8, Max: 2.1, Diff: 0.6, Sum: 7.2]
         [Processed Buffers: Min: 3, Avg: 8.2, Max: 18, Diff: 15, Sum: 33]
      [Scan RS (ms): Min: 1.1, Avg: 1.4, Max: 1.6, Diff: 0.6, Sum: 5.6]
      [Code Root Scanning (ms): Min: 0.0, Avg: 0.0, Max: 0.0, Diff: 0.0, Sum: 0.0]
      [Object Copy (ms): Min: 1.6, Avg: 1.8, Max: 2.2, Diff: 0.6, Sum: 7.1]
      [Termination (ms): Min: 0.0, Avg: 3.1, Max: 10.7, Diff: 10.7, Sum: 12.4]
         [Termination Attempts: Min: 1, Avg: 1.0, Max: 1, Diff: 0, Sum: 4]
      [GC Worker Other (ms): Min: 0.0, Avg: 0.0, Max: 0.0, Diff: 0.0, Sum: 0.1]
      [GC Worker Total (ms): Min: 5.9, Avg: 8.4, Max: 15.9, Diff: 10.0, Sum: 33.8]
      [GC Worker End (ms): Min: 2515420.6, Avg: 2515423.2, Max: 2515430.7, Diff: 10.0]
   [Code Root Fixup: 0.1 ms]
   [Code Root Purge: 0.0 ms]
   [Clear CT: 0.1 ms]
   [Other: 1.8 ms]
      [Choose CSet: 0.0 ms]
      [Ref Proc: 1.6 ms]
      [Ref Enq: 0.0 ms]
      [Redirty Cards: 0.1 ms]
      [Humongous Register: 0.0 ms]
      [Humongous Reclaim: 0.0 ms]
      [Free CSet: 0.0 ms]
   [Eden: 77.0M(77.0M)->0.0B(79.0M) Survivors: 2048.0K->1024.0K Heap: 226.4M(256.0M)->148.8M(256.0M)]
 [Times: user=0.02 sys=0.00, real=0.02 secs] 
2020-04-13T16:25:34.303+0800: 2517.240: [GC pause (G1 Evacuation Pause) (young), 0.0066692 secs]
   [Parallel Time: 6.2 ms, GC Workers: 4]
      [GC Worker Start (ms): Min: 2517239.9, Avg: 2517239.9, Max: 2517239.9, Diff: 0.1]
      [Ext Root Scanning (ms): Min: 0.7, Avg: 1.2, Max: 2.6, Diff: 1.8, Sum: 4.7]
      [Update RS (ms): Min: 0.0, Avg: 1.2, Max: 1.7, Diff: 1.7, Sum: 4.8]
         [Processed Buffers: Min: 0, Avg: 9.5, Max: 27, Diff: 27, Sum: 38]
      [Scan RS (ms): Min: 1.1, Avg: 1.3, Max: 1.5, Diff: 0.4, Sum: 5.3]
      [Code Root Scanning (ms): Min: 0.0, Avg: 0.0, Max: 0.0, Diff: 0.0, Sum: 0.0]
      [Object Copy (ms): Min: 2.2, Avg: 2.2, Max: 2.3, Diff: 0.1, Sum: 9.0]
      [Termination (ms): Min: 0.0, Avg: 0.0, Max: 0.0, Diff: 0.0, Sum: 0.0]
         [Termination Attempts: Min: 1, Avg: 1.8, Max: 3, Diff: 2, Sum: 7]
      [GC Worker Other (ms): Min: 0.0, Avg: 0.1, Max: 0.2, Diff: 0.2, Sum: 0.4]
      [GC Worker Total (ms): Min: 5.9, Avg: 6.0, Max: 6.1, Diff: 0.2, Sum: 24.2]
      [GC Worker End (ms): Min: 2517245.9, Avg: 2517245.9, Max: 2517246.0, Diff: 0.2]
   [Code Root Fixup: 0.0 ms]
   [Code Root Purge: 0.0 ms]
   [Clear CT: 0.1 ms]
   [Other: 0.4 ms]
      [Choose CSet: 0.0 ms]
      [Ref Proc: 0.1 ms]
      [Ref Enq: 0.0 ms]
      [Redirty Cards: 0.1 ms]
      [Humongous Register: 0.0 ms]
      [Humongous Reclaim: 0.0 ms]
      [Free CSet: 0.0 ms]
   [Eden: 79.0M(79.0M)->0.0B(76.0M) Survivors: 1024.0K->2048.0K Heap: 227.8M(256.0M)->149.2M(256.0M)]
 [Times: user=0.02 sys=0.00, real=0.01 secs] 
2020-04-13T16:25:36.138+0800: 2519.075: [GC pause (G1 Evacuation Pause) (young) (initial-mark), 0.0058198 secs]
   [Parallel Time: 5.2 ms, GC Workers: 4]
      [GC Worker Start (ms): Min: 2519074.6, Avg: 2519074.7, Max: 2519074.7, Diff: 0.1]
      [Ext Root Scanning (ms): Min: 0.6, Avg: 0.6, Max: 0.6, Diff: 0.0, Sum: 2.5]
      [Update RS (ms): Min: 1.6, Avg: 1.6, Max: 1.8, Diff: 0.2, Sum: 6.5]
         [Processed Buffers: Min: 3, Avg: 9.0, Max: 14, Diff: 11, Sum: 36]
      [Scan RS (ms): Min: 1.0, Avg: 1.2, Max: 1.4, Diff: 0.4, Sum: 4.8]
      [Code Root Scanning (ms): Min: 0.0, Avg: 0.0, Max: 0.0, Diff: 0.0, Sum: 0.0]
      [Object Copy (ms): Min: 1.5, Avg: 1.6, Max: 1.7, Diff: 0.2, Sum: 6.3]
      [Termination (ms): Min: 0.0, Avg: 0.0, Max: 0.0, Diff: 0.0, Sum: 0.0]
         [Termination Attempts: Min: 1, Avg: 1.0, Max: 1, Diff: 0, Sum: 4]
      [GC Worker Other (ms): Min: 0.0, Avg: 0.0, Max: 0.0, Diff: 0.0, Sum: 0.1]
      [GC Worker Total (ms): Min: 5.0, Avg: 5.0, Max: 5.1, Diff: 0.1, Sum: 20.2]
      [GC Worker End (ms): Min: 2519079.7, Avg: 2519079.7, Max: 2519079.7, Diff: 0.0]
   [Code Root Fixup: 0.1 ms]
   [Code Root Purge: 0.0 ms]
   [Clear CT: 0.1 ms]
   [Other: 0.5 ms]
      [Choose CSet: 0.0 ms]
      [Ref Proc: 0.3 ms]
      [Ref Enq: 0.0 ms]
      [Redirty Cards: 0.1 ms]
      [Humongous Register: 0.0 ms]
      [Humongous Reclaim: 0.0 ms]
      [Free CSet: 0.0 ms]
   [Eden: 76.0M(76.0M)->0.0B(76.0M) Survivors: 2048.0K->2048.0K Heap: 225.2M(256.0M)->149.5M(256.0M)]
 [Times: user=0.02 sys=0.00, real=0.01 secs] 
2020-04-13T16:25:36.144+0800: 2519.081: [GC concurrent-root-region-scan-start]
2020-04-13T16:25:36.149+0800: 2519.086: [GC concurrent-root-region-scan-end, 0.0050784 secs]
2020-04-13T16:25:36.149+0800: 2519.086: [GC concurrent-mark-start]
2020-04-13T16:25:36.178+0800: 2519.114: [GC concurrent-mark-end, 0.0286747 secs]
2020-04-13T16:25:36.178+0800: 2519.114: [GC remark 2020-04-13T16:25:36.178+0800: 2519.114: [Finalize Marking, 0.0001624 secs] 2020-04-13T16:25:36.178+0800: 2519.115: [GC ref-proc, 0.0001162 secs] 2020-04-13T16:25:36.178+0800: 2519.115: [Unloading, 0.0064465 secs], 0.0085251 secs]
 [Times: user=0.02 sys=0.00, real=0.01 secs] 
2020-04-13T16:25:36.187+0800: 2519.123: [GC cleanup 151M->151M(256M), 0.0003372 secs]
 [Times: user=0.00 sys=0.00, real=0.00 secs] 
2020-04-13T16:25:37.934+0800: 2520.871: [GC pause (G1 Evacuation Pause) (young), 0.0120966 secs]
   [Parallel Time: 11.3 ms, GC Workers: 4]
      [GC Worker Start (ms): Min: 2520870.6, Avg: 2520870.7, Max: 2520870.8, Diff: 0.2]
      [Ext Root Scanning (ms): Min: 0.3, Avg: 0.4, Max: 0.6, Diff: 0.3, Sum: 1.7]
      [Update RS (ms): Min: 1.5, Avg: 1.8, Max: 2.0, Diff: 0.5, Sum: 7.0]
         [Processed Buffers: Min: 7, Avg: 8.2, Max: 10, Diff: 3, Sum: 33]
      [Scan RS (ms): Min: 1.0, Avg: 1.9, Max: 3.8, Diff: 2.8, Sum: 7.6]
      [Code Root Scanning (ms): Min: 0.0, Avg: 0.0, Max: 0.0, Diff: 0.0, Sum: 0.0]
      [Object Copy (ms): Min: 0.0, Avg: 1.6, Max: 2.1, Diff: 2.1, Sum: 6.3]
      [Termination (ms): Min: 0.0, Avg: 1.8, Max: 5.6, Diff: 5.6, Sum: 7.0]
         [Termination Attempts: Min: 1, Avg: 7.2, Max: 14, Diff: 13, Sum: 29]
      [GC Worker Other (ms): Min: 0.0, Avg: 0.0, Max: 0.0, Diff: 0.0, Sum: 0.1]
      [GC Worker Total (ms): Min: 6.1, Avg: 7.4, Max: 11.2, Diff: 5.1, Sum: 29.7]
      [GC Worker End (ms): Min: 2520876.9, Avg: 2520878.1, Max: 2520881.8, Diff: 4.9]
   [Code Root Fixup: 0.1 ms]
   [Code Root Purge: 0.0 ms]
   [Clear CT: 0.1 ms]
   [Other: 0.6 ms]
      [Choose CSet: 0.0 ms]
      [Ref Proc: 0.2 ms]
      [Ref Enq: 0.0 ms]
      [Redirty Cards: 0.2 ms]
      [Humongous Register: 0.0 ms]
      [Humongous Reclaim: 0.0 ms]
      [Free CSet: 0.0 ms]
   [Eden: 76.0M(76.0M)->0.0B(11.0M) Survivors: 2048.0K->1024.0K Heap: 225.5M(256.0M)->149.1M(256.0M)]
 [Times: user=0.02 sys=0.00, real=0.01 secs] 
2020-04-13T16:25:38.172+0800: 2521.108: [GC pause (G1 Evacuation Pause) (mixed), 0.0191717 secs]
   [Parallel Time: 18.4 ms, GC Workers: 4]
      [GC Worker Start (ms): Min: 2521108.5, Avg: 2521108.5, Max: 2521108.5, Diff: 0.0]
      [Ext Root Scanning (ms): Min: 0.4, Avg: 0.5, Max: 0.5, Diff: 0.1, Sum: 1.9]
      [Update RS (ms): Min: 1.9, Avg: 1.9, Max: 2.0, Diff: 0.1, Sum: 7.7]
         [Processed Buffers: Min: 4, Avg: 6.8, Max: 12, Diff: 8, Sum: 27]
      [Scan RS (ms): Min: 2.5, Avg: 3.0, Max: 4.3, Diff: 1.8, Sum: 11.9]
      [Code Root Scanning (ms): Min: 0.0, Avg: 0.0, Max: 0.0, Diff: 0.0, Sum: 0.0]
      [Object Copy (ms): Min: 0.8, Avg: 2.4, Max: 3.4, Diff: 2.6, Sum: 9.4]
      [Termination (ms): Min: 0.0, Avg: 3.0, Max: 10.7, Diff: 10.7, Sum: 12.0]
         [Termination Attempts: Min: 1, Avg: 1.0, Max: 1, Diff: 0, Sum: 4]
      [GC Worker Other (ms): Min: 0.0, Avg: 0.0, Max: 0.0, Diff: 0.0, Sum: 0.1]
      [GC Worker Total (ms): Min: 8.2, Avg: 10.8, Max: 18.3, Diff: 10.1, Sum: 43.0]
      [GC Worker End (ms): Min: 2521116.7, Avg: 2521119.2, Max: 2521126.7, Diff: 10.0]
   [Code Root Fixup: 0.0 ms]
   [Code Root Purge: 0.0 ms]
   [Clear CT: 0.0 ms]
   [Other: 0.7 ms]
      [Choose CSet: 0.0 ms]
      [Ref Proc: 0.5 ms]
      [Ref Enq: 0.0 ms]
      [Redirty Cards: 0.0 ms]
      [Humongous Register: 0.0 ms]
      [Humongous Reclaim: 0.0 ms]
      [Free CSet: 0.0 ms]
   [Eden: 11.0M(11.0M)->0.0B(79.0M) Survivors: 1024.0K->1024.0K Heap: 160.1M(256.0M)->148.3M(256.0M)]
 [Times: user=0.02 sys=0.00, real=0.02 secs] 
2020-04-13T16:25:39.804+0800: 2522.741: [GC pause (G1 Evacuation Pause) (young), 0.0079875 secs]
   [Parallel Time: 6.9 ms, GC Workers: 4]
      [GC Worker Start (ms): Min: 2522740.6, Avg: 2522740.6, Max: 2522740.6, Diff: 0.0]
      [Ext Root Scanning (ms): Min: 0.4, Avg: 1.6, Max: 5.1, Diff: 4.7, Sum: 6.4]
      [Update RS (ms): Min: 0.0, Avg: 2.4, Max: 3.4, Diff: 3.4, Sum: 9.7]
         [Processed Buffers: Min: 0, Avg: 10.5, Max: 19, Diff: 19, Sum: 42]
      [Scan RS (ms): Min: 0.0, Avg: 0.9, Max: 1.4, Diff: 1.4, Sum: 3.8]
      [Code Root Scanning (ms): Min: 0.0, Avg: 0.0, Max: 0.0, Diff: 0.0, Sum: 0.0]
      [Object Copy (ms): Min: 1.6, Avg: 1.7, Max: 1.8, Diff: 0.2, Sum: 6.8]
      [Termination (ms): Min: 0.0, Avg: 0.0, Max: 0.0, Diff: 0.0, Sum: 0.0]
         [Termination Attempts: Min: 1, Avg: 1.0, Max: 1, Diff: 0, Sum: 4]
      [GC Worker Other (ms): Min: 0.0, Avg: 0.0, Max: 0.0, Diff: 0.0, Sum: 0.0]
      [GC Worker Total (ms): Min: 6.7, Avg: 6.7, Max: 6.7, Diff: 0.0, Sum: 26.8]
      [GC Worker End (ms): Min: 2522747.3, Avg: 2522747.3, Max: 2522747.3, Diff: 0.0]
   [Code Root Fixup: 0.0 ms]
   [Code Root Purge: 0.0 ms]
   [Clear CT: 0.1 ms]
   [Other: 1.0 ms]
      [Choose CSet: 0.0 ms]
      [Ref Proc: 0.8 ms]
      [Ref Enq: 0.0 ms]
      [Redirty Cards: 0.1 ms]
      [Humongous Register: 0.0 ms]
      [Humongous Reclaim: 0.0 ms]
      [Free CSet: 0.0 ms]
   [Eden: 79.0M(79.0M)->0.0B(77.0M) Survivors: 1024.0K->2048.0K Heap: 227.3M(256.0M)->148.8M(256.0M)]
 [Times: user=0.02 sys=0.00, real=0.01 secs] 
2020-04-13T16:25:41.432+0800: 2524.368: [GC pause (G1 Evacuation Pause) (young) (initial-mark), 0.0141991 secs]
   [Parallel Time: 7.7 ms, GC Workers: 4]
      [GC Worker Start (ms): Min: 2524368.6, Avg: 2524368.8, Max: 2524369.0, Diff: 0.3]
      [Ext Root Scanning (ms): Min: 0.5, Avg: 0.7, Max: 0.9, Diff: 0.4, Sum: 2.8]
      [Update RS (ms): Min: 2.4, Avg: 2.6, Max: 2.7, Diff: 0.3, Sum: 10.3]
         [Processed Buffers: Min: 1, Avg: 9.8, Max: 19, Diff: 18, Sum: 39]
      [Scan RS (ms): Min: 1.4, Avg: 2.4, Max: 4.2, Diff: 2.8, Sum: 9.4]
      [Code Root Scanning (ms): Min: 0.0, Avg: 0.0, Max: 0.0, Diff: 0.0, Sum: 0.0]
      [Object Copy (ms): Min: 0.0, Avg: 1.6, Max: 2.3, Diff: 2.3, Sum: 6.6]
      [Termination (ms): Min: 0.0, Avg: 0.0, Max: 0.0, Diff: 0.0, Sum: 0.0]
         [Termination Attempts: Min: 1, Avg: 1.0, Max: 1, Diff: 0, Sum: 4]
      [GC Worker Other (ms): Min: 0.0, Avg: 0.1, Max: 0.5, Diff: 0.5, Sum: 0.6]
      [GC Worker Total (ms): Min: 7.2, Avg: 7.4, Max: 7.6, Diff: 0.3, Sum: 29.6]
      [GC Worker End (ms): Min: 2524376.2, Avg: 2524376.2, Max: 2524376.2, Diff: 0.0]
   [Code Root Fixup: 0.1 ms]
   [Code Root Purge: 0.0 ms]
   [Clear CT: 0.1 ms]
   [Other: 6.4 ms]
      [Choose CSet: 0.0 ms]
      [Ref Proc: 6.2 ms]
      [Ref Enq: 0.0 ms]
      [Redirty Cards: 0.1 ms]
      [Humongous Register: 0.0 ms]
      [Humongous Reclaim: 0.0 ms]
      [Free CSet: 0.0 ms]
   [Eden: 77.0M(77.0M)->0.0B(77.0M) Survivors: 2048.0K->2048.0K Heap: 225.8M(256.0M)->148.6M(256.0M)]
 [Times: user=0.02 sys=0.00, real=0.01 secs] 
2020-04-13T16:25:41.446+0800: 2524.383: [GC concurrent-root-region-scan-start]
2020-04-13T16:25:41.450+0800: 2524.387: [GC concurrent-root-region-scan-end, 0.0037624 secs]
2020-04-13T16:25:41.450+0800: 2524.387: [GC concurrent-mark-start]
2020-04-13T16:25:41.485+0800: 2524.422: [GC concurrent-mark-end, 0.0350109 secs]
2020-04-13T16:25:41.486+0800: 2524.422: [GC remark 2020-04-13T16:25:41.486+0800: 2524.422: [Finalize Marking, 0.0097287 secs] 2020-04-13T16:25:41.495+0800: 2524.432: [GC ref-proc, 0.0001578 secs] 2020-04-13T16:25:41.496+0800: 2524.432: [Unloading, 0.0114687 secs], 0.0239754 secs]
 [Times: user=0.02 sys=0.00, real=0.03 secs] 
2020-04-13T16:25:41.510+0800: 2524.446: [GC cleanup 150M->150M(256M), 0.0004503 secs]
 [Times: user=0.00 sys=0.00, real=0.00 secs] 
2020-04-13T16:25:44.436+0800: 2527.372: [GC pause (G1 Evacuation Pause) (young), 0.0095873 secs]
   [Parallel Time: 5.1 ms, GC Workers: 4]
      [GC Worker Start (ms): Min: 2527372.5, Avg: 2527372.5, Max: 2527372.6, Diff: 0.0]
      [Ext Root Scanning (ms): Min: 0.3, Avg: 0.4, Max: 0.5, Diff: 0.2, Sum: 1.5]
      [Update RS (ms): Min: 1.3, Avg: 1.4, Max: 1.6, Diff: 0.2, Sum: 5.7]
         [Processed Buffers: Min: 4, Avg: 9.2, Max: 16, Diff: 12, Sum: 37]
      [Scan RS (ms): Min: 1.6, Avg: 1.7, Max: 1.7, Diff: 0.2, Sum: 6.6]
      [Code Root Scanning (ms): Min: 0.0, Avg: 0.0, Max: 0.0, Diff: 0.0, Sum: 0.0]
      [Object Copy (ms): Min: 1.3, Avg: 1.6, Max: 1.8, Diff: 0.4, Sum: 6.2]
      [Termination (ms): Min: 0.0, Avg: 0.0, Max: 0.0, Diff: 0.0, Sum: 0.0]
         [Termination Attempts: Min: 1, Avg: 1.0, Max: 1, Diff: 0, Sum: 4]
      [GC Worker Other (ms): Min: 0.0, Avg: 0.0, Max: 0.0, Diff: 0.0, Sum: 0.1]
      [GC Worker Total (ms): Min: 5.0, Avg: 5.0, Max: 5.0, Diff: 0.0, Sum: 20.1]
      [GC Worker End (ms): Min: 2527377.6, Avg: 2527377.6, Max: 2527377.6, Diff: 0.0]
   [Code Root Fixup: 0.0 ms]
   [Code Root Purge: 0.0 ms]
   [Clear CT: 0.1 ms]
   [Other: 4.4 ms]
      [Choose CSet: 0.0 ms]
      [Ref Proc: 4.2 ms]
      [Ref Enq: 0.0 ms]
      [Redirty Cards: 0.0 ms]
      [Humongous Register: 0.0 ms]
      [Humongous Reclaim: 0.0 ms]
      [Free CSet: 0.0 ms]
   [Eden: 77.0M(77.0M)->0.0B(77.0M) Survivors: 2048.0K->2048.0K Heap: 225.6M(256.0M)->148.8M(256.0M)]
 [Times: user=0.02 sys=0.00, real=0.01 secs] 
2020-04-13T16:25:46.739+0800: 2529.676: [GC pause (G1 Evacuation Pause) (young), 0.0069701 secs]
   [Parallel Time: 6.1 ms, GC Workers: 4]
      [GC Worker Start (ms): Min: 2529676.0, Avg: 2529676.0, Max: 2529676.0, Diff: 0.0]
      [Ext Root Scanning (ms): Min: 0.3, Avg: 0.4, Max: 0.5, Diff: 0.2, Sum: 1.6]
      [Update RS (ms): Min: 1.7, Avg: 1.8, Max: 2.0, Diff: 0.4, Sum: 7.3]
         [Processed Buffers: Min: 3, Avg: 7.5, Max: 13, Diff: 10, Sum: 30]
      [Scan RS (ms): Min: 1.2, Avg: 1.4, Max: 1.6, Diff: 0.4, Sum: 5.6]
      [Code Root Scanning (ms): Min: 0.0, Avg: 0.0, Max: 0.0, Diff: 0.0, Sum: 0.0]
      [Object Copy (ms): Min: 2.2, Avg: 2.3, Max: 2.3, Diff: 0.1, Sum: 9.0]
      [Termination (ms): Min: 0.0, Avg: 0.0, Max: 0.0, Diff: 0.0, Sum: 0.0]
         [Termination Attempts: Min: 1, Avg: 2.2, Max: 4, Diff: 3, Sum: 9]
      [GC Worker Other (ms): Min: 0.0, Avg: 0.0, Max: 0.1, Diff: 0.1, Sum: 0.2]
      [GC Worker Total (ms): Min: 5.9, Avg: 5.9, Max: 6.0, Diff: 0.1, Sum: 23.6]
      [GC Worker End (ms): Min: 2529681.9, Avg: 2529681.9, Max: 2529682.0, Diff: 0.1]
   [Code Root Fixup: 0.0 ms]
   [Code Root Purge: 0.0 ms]
   [Clear CT: 0.1 ms]
   [Other: 0.8 ms]
      [Choose CSet: 0.0 ms]
      [Ref Proc: 0.5 ms]
      [Ref Enq: 0.0 ms]
      [Redirty Cards: 0.1 ms]
      [Humongous Register: 0.0 ms]
      [Humongous Reclaim: 0.0 ms]
      [Free CSet: 0.0 ms]
   [Eden: 77.0M(77.0M)->0.0B(77.0M) Survivors: 2048.0K->2048.0K Heap: 225.8M(256.0M)->149.0M(256.0M)]
 [Times: user=0.02 sys=0.01, real=0.01 secs] 
2020-04-13T16:25:48.602+0800: 2531.538: [GC pause (G1 Evacuation Pause) (young) (initial-mark), 0.0062492 secs]
   [Parallel Time: 5.8 ms, GC Workers: 4]
      [GC Worker Start (ms): Min: 2531538.0, Avg: 2531538.0, Max: 2531538.0, Diff: 0.0]
      [Ext Root Scanning (ms): Min: 0.6, Avg: 0.6, Max: 0.6, Diff: 0.0, Sum: 2.4]
      [Update RS (ms): Min: 1.9, Avg: 2.7, Max: 5.0, Diff: 3.1, Sum: 10.9]
         [Processed Buffers: Min: 4, Avg: 8.2, Max: 18, Diff: 14, Sum: 33]
      [Scan RS (ms): Min: 0.0, Avg: 0.8, Max: 1.3, Diff: 1.3, Sum: 3.4]
      [Code Root Scanning (ms): Min: 0.0, Avg: 0.0, Max: 0.0, Diff: 0.0, Sum: 0.0]
      [Object Copy (ms): Min: 0.1, Avg: 1.4, Max: 2.1, Diff: 2.1, Sum: 5.7]
      [Termination (ms): Min: 0.0, Avg: 0.1, Max: 0.3, Diff: 0.3, Sum: 0.5]
         [Termination Attempts: Min: 1, Avg: 3.0, Max: 9, Diff: 8, Sum: 12]
      [GC Worker Other (ms): Min: 0.0, Avg: 0.0, Max: 0.0, Diff: 0.0, Sum: 0.0]
      [GC Worker Total (ms): Min: 5.7, Avg: 5.7, Max: 5.8, Diff: 0.1, Sum: 23.0]
      [GC Worker End (ms): Min: 2531543.7, Avg: 2531543.7, Max: 2531543.8, Diff: 0.1]
   [Code Root Fixup: 0.0 ms]
   [Code Root Purge: 0.0 ms]
   [Clear CT: 0.1 ms]
   [Other: 0.3 ms]
      [Choose CSet: 0.0 ms]
      [Ref Proc: 0.1 ms]
      [Ref Enq: 0.0 ms]
      [Redirty Cards: 0.0 ms]
      [Humongous Register: 0.0 ms]
      [Humongous Reclaim: 0.0 ms]
      [Free CSet: 0.0 ms]
   [Eden: 77.0M(77.0M)->0.0B(79.0M) Survivors: 2048.0K->1024.0K Heap: 226.0M(256.0M)->148.6M(256.0M)]
 [Times: user=0.02 sys=0.00, real=0.00 secs] 
2020-04-13T16:25:48.608+0800: 2531.544: [GC concurrent-root-region-scan-start]
2020-04-13T16:25:48.612+0800: 2531.548: [GC concurrent-root-region-scan-end, 0.0037238 secs]
2020-04-13T16:25:48.612+0800: 2531.548: [GC concurrent-mark-start]
2020-04-13T16:25:48.642+0800: 2531.579: [GC concurrent-mark-end, 0.0307425 secs]
2020-04-13T16:25:48.643+0800: 2531.579: [GC remark 2020-04-13T16:25:48.643+0800: 2531.579: [Finalize Marking, 0.0002243 secs] 2020-04-13T16:25:48.643+0800: 2531.579: [GC ref-proc, 0.0001532 secs] 2020-04-13T16:25:48.643+0800: 2531.580: [Unloading, 0.0044578 secs], 0.0065033 secs]
 [Times: user=0.01 sys=0.00, real=0.00 secs] 
2020-04-13T16:25:48.650+0800: 2531.586: [GC cleanup 150M->150M(256M), 0.0005306 secs]
 [Times: user=0.00 sys=0.00, real=0.00 secs] 
2020-04-13T16:25:50.345+0800: 2533.282: [GC pause (G1 Evacuation Pause) (young), 0.0092785 secs]
   [Parallel Time: 8.1 ms, GC Workers: 4]
      [GC Worker Start (ms): Min: 2533281.9, Avg: 2533281.9, Max: 2533281.9, Diff: 0.1]
      [Ext Root Scanning (ms): Min: 0.8, Avg: 2.6, Max: 5.1, Diff: 4.4, Sum: 10.4]
      [Update RS (ms): Min: 0.0, Avg: 1.8, Max: 3.5, Diff: 3.5, Sum: 7.3]
         [Processed Buffers: Min: 0, Avg: 7.8, Max: 14, Diff: 14, Sum: 31]
      [Scan RS (ms): Min: 0.7, Avg: 1.3, Max: 1.6, Diff: 0.9, Sum: 5.3]
      [Code Root Scanning (ms): Min: 0.0, Avg: 0.0, Max: 0.0, Diff: 0.0, Sum: 0.0]
      [Object Copy (ms): Min: 2.0, Avg: 2.1, Max: 2.1, Diff: 0.1, Sum: 8.4]
      [Termination (ms): Min: 0.0, Avg: 0.0, Max: 0.0, Diff: 0.0, Sum: 0.1]
         [Termination Attempts: Min: 1, Avg: 1.0, Max: 1, Diff: 0, Sum: 4]
      [GC Worker Other (ms): Min: 0.0, Avg: 0.0, Max: 0.0, Diff: 0.0, Sum: 0.0]
      [GC Worker Total (ms): Min: 7.8, Avg: 7.9, Max: 7.9, Diff: 0.1, Sum: 31.5]
      [GC Worker End (ms): Min: 2533289.8, Avg: 2533289.8, Max: 2533289.8, Diff: 0.0]
   [Code Root Fixup: 0.0 ms]
   [Code Root Purge: 0.0 ms]
   [Clear CT: 0.1 ms]
   [Other: 1.0 ms]
      [Choose CSet: 0.0 ms]
      [Ref Proc: 0.8 ms]
      [Ref Enq: 0.0 ms]
      [Redirty Cards: 0.0 ms]
      [Humongous Register: 0.0 ms]
      [Humongous Reclaim: 0.0 ms]
      [Free CSet: 0.0 ms]
   [Eden: 79.0M(79.0M)->0.0B(77.0M) Survivors: 1024.0K->2048.0K Heap: 227.6M(256.0M)->149.0M(256.0M)]
 [Times: user=0.02 sys=0.00, real=0.01 secs] 
2020-04-13T16:25:51.903+0800: 2534.839: [GC pause (G1 Evacuation Pause) (young), 0.0066942 secs]
   [Parallel Time: 5.3 ms, GC Workers: 4]
      [GC Worker Start (ms): Min: 2534839.3, Avg: 2534839.4, Max: 2534839.4, Diff: 0.0]
      [Ext Root Scanning (ms): Min: 0.3, Avg: 0.4, Max: 0.5, Diff: 0.2, Sum: 1.6]
      [Update RS (ms): Min: 1.9, Avg: 2.1, Max: 2.3, Diff: 0.4, Sum: 8.5]
         [Processed Buffers: Min: 0, Avg: 7.8, Max: 14, Diff: 14, Sum: 31]
      [Scan RS (ms): Min: 0.9, Avg: 1.1, Max: 1.3, Diff: 0.4, Sum: 4.4]
      [Code Root Scanning (ms): Min: 0.0, Avg: 0.0, Max: 0.0, Diff: 0.0, Sum: 0.0]
      [Object Copy (ms): Min: 1.5, Avg: 1.6, Max: 1.6, Diff: 0.1, Sum: 6.2]
      [Termination (ms): Min: 0.0, Avg: 0.0, Max: 0.0, Diff: 0.0, Sum: 0.0]
         [Termination Attempts: Min: 1, Avg: 1.0, Max: 1, Diff: 0, Sum: 4]
      [GC Worker Other (ms): Min: 0.0, Avg: 0.1, Max: 0.1, Diff: 0.1, Sum: 0.3]
      [GC Worker Total (ms): Min: 5.2, Avg: 5.2, Max: 5.3, Diff: 0.1, Sum: 21.0]
      [GC Worker End (ms): Min: 2534844.6, Avg: 2534844.6, Max: 2534844.7, Diff: 0.1]
   [Code Root Fixup: 0.0 ms]
   [Code Root Purge: 0.0 ms]
   [Clear CT: 0.1 ms]
   [Other: 1.2 ms]
      [Choose CSet: 0.0 ms]
      [Ref Proc: 1.0 ms]
      [Ref Enq: 0.0 ms]
      [Redirty Cards: 0.1 ms]
      [Humongous Register: 0.0 ms]
      [Humongous Reclaim: 0.0 ms]
      [Free CSet: 0.0 ms]
   [Eden: 77.0M(77.0M)->0.0B(79.0M) Survivors: 2048.0K->1024.0K Heap: 226.0M(256.0M)->148.9M(256.0M)]
 [Times: user=0.02 sys=0.00, real=0.01 secs] 
2020-04-13T16:25:53.766+0800: 2536.703: [GC pause (G1 Evacuation Pause) (young) (initial-mark), 0.0085163 secs]
   [Parallel Time: 7.7 ms, GC Workers: 4]
      [GC Worker Start (ms): Min: 2536702.9, Avg: 2536702.9, Max: 2536702.9, Diff: 0.0]
      [Ext Root Scanning (ms): Min: 0.5, Avg: 0.6, Max: 0.6, Diff: 0.1, Sum: 2.3]
      [Update RS (ms): Min: 1.4, Avg: 1.7, Max: 2.2, Diff: 0.7, Sum: 6.7]
         [Processed Buffers: Min: 3, Avg: 7.5, Max: 18, Diff: 15, Sum: 30]
      [Scan RS (ms): Min: 0.7, Avg: 1.3, Max: 1.6, Diff: 0.8, Sum: 5.1]
      [Code Root Scanning (ms): Min: 0.0, Avg: 0.0, Max: 0.0, Diff: 0.0, Sum: 0.0]
      [Object Copy (ms): Min: 2.4, Avg: 3.1, Max: 3.7, Diff: 1.2, Sum: 12.4]
      [Termination (ms): Min: 0.0, Avg: 0.8, Max: 1.6, Diff: 1.6, Sum: 3.2]
         [Termination Attempts: Min: 1, Avg: 1.5, Max: 3, Diff: 2, Sum: 6]
      [GC Worker Other (ms): Min: 0.0, Avg: 0.0, Max: 0.0, Diff: 0.0, Sum: 0.0]
      [GC Worker Total (ms): Min: 7.3, Avg: 7.5, Max: 7.6, Diff: 0.3, Sum: 29.9]
      [GC Worker End (ms): Min: 2536710.2, Avg: 2536710.4, Max: 2536710.5, Diff: 0.3]
   [Code Root Fixup: 0.0 ms]
   [Code Root Purge: 0.0 ms]
   [Clear CT: 0.0 ms]
   [Other: 0.8 ms]
      [Choose CSet: 0.0 ms]
      [Ref Proc: 0.5 ms]
      [Ref Enq: 0.0 ms]
      [Redirty Cards: 0.1 ms]
      [Humongous Register: 0.0 ms]
      [Humongous Reclaim: 0.0 ms]
      [Free CSet: 0.0 ms]
   [Eden: 79.0M(79.0M)->0.0B(77.0M) Survivors: 1024.0K->2048.0K Heap: 227.9M(256.0M)->149.3M(256.0M)]
 [Times: user=0.02 sys=0.00, real=0.01 secs] 
2020-04-13T16:25:53.775+0800: 2536.711: [GC concurrent-root-region-scan-start]
2020-04-13T16:25:53.779+0800: 2536.715: [GC concurrent-root-region-scan-end, 0.0040644 secs]
2020-04-13T16:25:53.779+0800: 2536.715: [GC concurrent-mark-start]
2020-04-13T16:25:53.805+0800: 2536.741: [GC concurrent-mark-end, 0.0259250 secs]
2020-04-13T16:25:53.805+0800: 2536.742: [GC remark 2020-04-13T16:25:53.805+0800: 2536.742: [Finalize Marking, 0.0025025 secs] 2020-04-13T16:25:53.808+0800: 2536.744: [GC ref-proc, 0.0000824 secs] 2020-04-13T16:25:53.808+0800: 2536.744: [Unloading, 0.0051877 secs], 0.0093246 secs]
 [Times: user=0.02 sys=0.00, real=0.01 secs] 
2020-04-13T16:25:53.815+0800: 2536.751: [GC cleanup 150M->150M(256M), 0.0003369 secs]
 [Times: user=0.00 sys=0.00, real=0.00 secs] 
2020-04-13T16:25:55.697+0800: 2538.633: [GC pause (G1 Evacuation Pause) (young), 0.0102380 secs]
   [Parallel Time: 9.7 ms, GC Workers: 4]
      [GC Worker Start (ms): Min: 2538633.2, Avg: 2538633.3, Max: 2538633.3, Diff: 0.0]
      [Ext Root Scanning (ms): Min: 0.4, Avg: 0.4, Max: 0.5, Diff: 0.2, Sum: 1.7]
      [Update RS (ms): Min: 1.7, Avg: 1.9, Max: 2.1, Diff: 0.4, Sum: 7.5]
         [Processed Buffers: Min: 2, Avg: 8.5, Max: 22, Diff: 20, Sum: 34]
      [Scan RS (ms): Min: 3.5, Avg: 4.5, Max: 7.3, Diff: 3.8, Sum: 18.1]
      [Code Root Scanning (ms): Min: 0.0, Avg: 0.0, Max: 0.0, Diff: 0.0, Sum: 0.0]
      [Object Copy (ms): Min: 0.0, Avg: 2.0, Max: 3.0, Diff: 2.9, Sum: 8.1]
      [Termination (ms): Min: 0.0, Avg: 0.6, Max: 1.0, Diff: 1.0, Sum: 2.5]
         [Termination Attempts: Min: 1, Avg: 2.2, Max: 3, Diff: 2, Sum: 9]
      [GC Worker Other (ms): Min: 0.0, Avg: 0.0, Max: 0.0, Diff: 0.0, Sum: 0.1]
      [GC Worker Total (ms): Min: 9.4, Avg: 9.5, Max: 9.6, Diff: 0.2, Sum: 38.0]
      [GC Worker End (ms): Min: 2538642.7, Avg: 2538642.8, Max: 2538642.9, Diff: 0.2]
   [Code Root Fixup: 0.1 ms]
   [Code Root Purge: 0.0 ms]
   [Clear CT: 0.1 ms]
   [Other: 0.4 ms]
      [Choose CSet: 0.0 ms]
      [Ref Proc: 0.2 ms]
      [Ref Enq: 0.0 ms]
      [Redirty Cards: 0.1 ms]
      [Humongous Register: 0.0 ms]
      [Humongous Reclaim: 0.0 ms]
      [Free CSet: 0.0 ms]
   [Eden: 77.0M(77.0M)->0.0B(78.0M) Survivors: 2048.0K->1024.0K Heap: 226.3M(256.0M)->149.0M(256.0M)]
 [Times: user=0.02 sys=0.00, real=0.01 secs] 
2020-04-13T16:25:58.525+0800: 2541.461: [GC pause (G1 Evacuation Pause) (young), 0.0182328 secs]
   [Parallel Time: 17.6 ms, GC Workers: 4]
      [GC Worker Start (ms): Min: 2541461.3, Avg: 2541461.3, Max: 2541461.3, Diff: 0.0]
      [Ext Root Scanning (ms): Min: 0.4, Avg: 0.5, Max: 0.7, Diff: 0.3, Sum: 2.0]
      [Update RS (ms): Min: 1.8, Avg: 2.2, Max: 2.7, Diff: 0.8, Sum: 8.7]
         [Processed Buffers: Min: 1, Avg: 9.0, Max: 16, Diff: 15, Sum: 36]
      [Scan RS (ms): Min: 1.0, Avg: 1.8, Max: 2.9, Diff: 1.8, Sum: 7.3]
      [Code Root Scanning (ms): Min: 0.0, Avg: 0.0, Max: 0.0, Diff: 0.0, Sum: 0.0]
      [Object Copy (ms): Min: 1.4, Avg: 2.5, Max: 3.3, Diff: 1.9, Sum: 9.8]
      [Termination (ms): Min: 0.0, Avg: 5.5, Max: 10.7, Diff: 10.7, Sum: 22.2]
         [Termination Attempts: Min: 1, Avg: 1.0, Max: 1, Diff: 0, Sum: 4]
      [GC Worker Other (ms): Min: 0.0, Avg: 0.0, Max: 0.0, Diff: 0.0, Sum: 0.1]
      [GC Worker Total (ms): Min: 7.5, Avg: 12.5, Max: 17.6, Diff: 10.0, Sum: 50.2]
      [GC Worker End (ms): Min: 2541468.8, Avg: 2541473.9, Max: 2541478.9, Diff: 10.1]
   [Code Root Fixup: 0.1 ms]
   [Code Root Purge: 0.0 ms]
   [Clear CT: 0.1 ms]
   [Other: 0.5 ms]
      [Choose CSet: 0.0 ms]
      [Ref Proc: 0.2 ms]
      [Ref Enq: 0.0 ms]
      [Redirty Cards: 0.1 ms]
      [Humongous Register: 0.0 ms]
      [Humongous Reclaim: 0.0 ms]
      [Free CSet: 0.0 ms]
   [Eden: 78.0M(78.0M)->0.0B(76.0M) Survivors: 1024.0K->2048.0K Heap: 227.0M(256.0M)->149.3M(256.0M)]
 [Times: user=0.02 sys=0.00, real=0.02 secs] 
2020-04-13T16:26:00.386+0800: 2543.322: [GC pause (G1 Evacuation Pause) (young) (initial-mark), 0.0105313 secs]
   [Parallel Time: 6.8 ms, GC Workers: 4]
      [GC Worker Start (ms): Min: 2543322.2, Avg: 2543322.2, Max: 2543322.2, Diff: 0.0]
      [Ext Root Scanning (ms): Min: 0.6, Avg: 0.7, Max: 0.7, Diff: 0.1, Sum: 2.7]
      [Update RS (ms): Min: 1.5, Avg: 2.6, Max: 5.6, Diff: 4.1, Sum: 10.5]
         [Processed Buffers: Min: 3, Avg: 8.2, Max: 17, Diff: 14, Sum: 33]
      [Scan RS (ms): Min: 0.0, Avg: 1.7, Max: 2.8, Diff: 2.8, Sum: 6.7]
      [Code Root Scanning (ms): Min: 0.0, Avg: 0.0, Max: 0.0, Diff: 0.0, Sum: 0.0]
      [Object Copy (ms): Min: 0.3, Avg: 1.5, Max: 2.2, Diff: 1.9, Sum: 6.1]
      [Termination (ms): Min: 0.0, Avg: 0.0, Max: 0.0, Diff: 0.0, Sum: 0.0]
         [Termination Attempts: Min: 1, Avg: 1.0, Max: 1, Diff: 0, Sum: 4]
      [GC Worker Other (ms): Min: 0.0, Avg: 0.0, Max: 0.0, Diff: 0.0, Sum: 0.1]
      [GC Worker Total (ms): Min: 6.5, Avg: 6.5, Max: 6.5, Diff: 0.0, Sum: 26.1]
      [GC Worker End (ms): Min: 2543328.7, Avg: 2543328.7, Max: 2543328.7, Diff: 0.0]
   [Code Root Fixup: 0.1 ms]
   [Code Root Purge: 0.0 ms]
   [Clear CT: 0.0 ms]
   [Other: 3.6 ms]
      [Choose CSet: 0.0 ms]
      [Ref Proc: 3.4 ms]
      [Ref Enq: 0.0 ms]
      [Redirty Cards: 0.1 ms]
      [Humongous Register: 0.0 ms]
      [Humongous Reclaim: 0.0 ms]
      [Free CSet: 0.0 ms]
   [Eden: 76.0M(76.0M)->0.0B(76.0M) Survivors: 2048.0K->2048.0K Heap: 225.3M(256.0M)->149.5M(256.0M)]
 [Times: user=0.02 sys=0.00, real=0.01 secs] 
2020-04-13T16:26:00.397+0800: 2543.333: [GC concurrent-root-region-scan-start]
2020-04-13T16:26:00.401+0800: 2543.337: [GC concurrent-root-region-scan-end, 0.0046122 secs]
2020-04-13T16:26:00.401+0800: 2543.337: [GC concurrent-mark-start]
2020-04-13T16:26:00.433+0800: 2543.370: [GC concurrent-mark-end, 0.0321699 secs]
2020-04-13T16:26:00.434+0800: 2543.370: [GC remark 2020-04-13T16:26:00.434+0800: 2543.370: [Finalize Marking, 0.0114649 secs] 2020-04-13T16:26:00.445+0800: 2543.381: [GC ref-proc, 0.0001204 secs] 2020-04-13T16:26:00.445+0800: 2543.381: [Unloading, 0.0047867 secs], 0.0182070 secs]
 [Times: user=0.02 sys=0.00, real=0.02 secs] 
2020-04-13T16:26:00.452+0800: 2543.388: [GC cleanup 151M->151M(256M), 0.0003743 secs]
 [Times: user=0.00 sys=0.00, real=0.00 secs] 
2020-04-13T16:26:02.396+0800: 2545.332: [GC pause (G1 Evacuation Pause) (young), 0.0060538 secs]
   [Parallel Time: 5.6 ms, GC Workers: 4]
      [GC Worker Start (ms): Min: 2545332.4, Avg: 2545332.4, Max: 2545332.4, Diff: 0.0]
      [Ext Root Scanning (ms): Min: 0.4, Avg: 0.4, Max: 0.6, Diff: 0.2, Sum: 1.8]
      [Update RS (ms): Min: 0.9, Avg: 1.1, Max: 1.3, Diff: 0.4, Sum: 4.6]
         [Processed Buffers: Min: 3, Avg: 8.5, Max: 14, Diff: 11, Sum: 34]
      [Scan RS (ms): Min: 1.6, Avg: 2.0, Max: 2.6, Diff: 1.0, Sum: 7.9]
      [Code Root Scanning (ms): Min: 0.0, Avg: 0.0, Max: 0.0, Diff: 0.0, Sum: 0.0]
      [Object Copy (ms): Min: 1.2, Avg: 1.9, Max: 2.2, Diff: 1.1, Sum: 7.7]
      [Termination (ms): Min: 0.0, Avg: 0.0, Max: 0.0, Diff: 0.0, Sum: 0.0]
         [Termination Attempts: Min: 1, Avg: 1.0, Max: 1, Diff: 0, Sum: 4]
      [GC Worker Other (ms): Min: 0.0, Avg: 0.0, Max: 0.1, Diff: 0.0, Sum: 0.1]
      [GC Worker Total (ms): Min: 5.5, Avg: 5.5, Max: 5.5, Diff: 0.0, Sum: 22.1]
      [GC Worker End (ms): Min: 2545337.9, Avg: 2545337.9, Max: 2545337.9, Diff: 0.0]
   [Code Root Fixup: 0.0 ms]
   [Code Root Purge: 0.0 ms]
   [Clear CT: 0.0 ms]
   [Other: 0.3 ms]
      [Choose CSet: 0.0 ms]
      [Ref Proc: 0.1 ms]
      [Ref Enq: 0.0 ms]
      [Redirty Cards: 0.1 ms]
      [Humongous Register: 0.0 ms]
      [Humongous Reclaim: 0.0 ms]
      [Free CSet: 0.0 ms]
   [Eden: 76.0M(76.0M)->0.0B(11.0M) Survivors: 2048.0K->1024.0K Heap: 225.5M(256.0M)->149.1M(256.0M)]
 [Times: user=0.02 sys=0.00, real=0.01 secs] 
2020-04-13T16:26:02.792+0800: 2545.728: [GC pause (G1 Evacuation Pause) (mixed), 0.0074895 secs]
   [Parallel Time: 6.4 ms, GC Workers: 4]
      [GC Worker Start (ms): Min: 2545727.9, Avg: 2545728.1, Max: 2545728.7, Diff: 0.8]
      [Ext Root Scanning (ms): Min: 0.0, Avg: 0.4, Max: 0.6, Diff: 0.6, Sum: 1.4]
      [Update RS (ms): Min: 1.7, Avg: 2.0, Max: 2.6, Diff: 0.9, Sum: 8.1]
         [Processed Buffers: Min: 1, Avg: 6.8, Max: 12, Diff: 11, Sum: 27]
      [Scan RS (ms): Min: 1.6, Avg: 2.2, Max: 2.5, Diff: 0.9, Sum: 8.7]
      [Code Root Scanning (ms): Min: 0.0, Avg: 0.0, Max: 0.0, Diff: 0.0, Sum: 0.0]
      [Object Copy (ms): Min: 1.4, Avg: 1.5, Max: 1.6, Diff: 0.2, Sum: 6.0]
      [Termination (ms): Min: 0.0, Avg: 0.0, Max: 0.0, Diff: 0.0, Sum: 0.0]
         [Termination Attempts: Min: 1, Avg: 1.8, Max: 2, Diff: 1, Sum: 7]
      [GC Worker Other (ms): Min: 0.0, Avg: 0.0, Max: 0.0, Diff: 0.0, Sum: 0.1]
      [GC Worker Total (ms): Min: 5.5, Avg: 6.1, Max: 6.3, Diff: 0.8, Sum: 24.3]
      [GC Worker End (ms): Min: 2545734.2, Avg: 2545734.2, Max: 2545734.2, Diff: 0.0]
   [Code Root Fixup: 0.1 ms]
   [Code Root Purge: 0.0 ms]
   [Clear CT: 0.0 ms]
   [Other: 1.0 ms]
      [Choose CSet: 0.0 ms]
      [Ref Proc: 0.8 ms]
